dgx052:183:288 [0] NCCL INFO Channel 17/28 :    0   7   6   5   4  11  10   9   8  15  14  13  12   3   2   1
dgx052:183:288 [0] NCCL INFO Channel 18/28 :    0   7   6   5  12  11  10   9   8  15  14  13   4   3   2   1
dgx052:183:288 [0] NCCL INFO Channel 19/28 :    0   7  14  13  12  11  10   9   8  15   6   5   4   3   2   1
dgx052:183:288 [0] NCCL INFO Channel 20/28 :    0  15  14  13  12  11  10   9   8   7   6   5   4   3   2   1
dgx052:183:288 [0] NCCL INFO Channel 21/28 :    0   7   6   5   4   3   2   1   8  15  14  13  12  11  10   9
dgx052:183:288 [0] NCCL INFO Channel 22/28 :    0   7   6   5   4   3   2   9   8  15  14  13  12  11  10   1
dgx052:183:288 [0] NCCL INFO Channel 23/28 :    0   7   6   5   4   3  10   9   8  15  14  13  12  11   2   1
dgx052:183:288 [0] NCCL INFO Channel 24/28 :    0   7   6   5   4  11  10   9   8  15  14  13  12   3   2   1
dgx052:183:288 [0] NCCL INFO Channel 25/28 :    0   7   6   5  12  11  10   9   8  15  14  13   4   3   2   1
dgx052:183:288 [0] NCCL INFO Channel 26/28 :    0   7  14  13  12  11  10   9   8  15   6   5   4   3   2   1
dgx052:183:288 [0] NCCL INFO Channel 27/28 :    0  15  14  13  12  11  10   9   8   7   6   5   4   3   2   1
dgx052:183:288 [0] NCCL INFO Trees [0] 1/8/-1->0->-1 [1] -1/-1/-1->0->7 [2] 1/-1/-1->0->7 [3] 1/-1/-1->0->7 [4] 1/-1/-1->0->7 [5] 1/-1/-1->0->7 [6] 1/-1/-1->0->7 [7] 1/-1/-1->0->8 [8] -1/-1/-1->0->7 [9] 1/-1/-1->0->7 [10] 1/-1/-1->0->7 [11] 1/-1/-1->0->7 [12] 1/-1/-1->0->7 [13] 1/-1/-1->0->7 [14] 1/8/-1->0->-1 [15] -1/-1/-1->0->7 [16] 1/-1/-1->0->7 [17] 1/-1/-1->0->7 [18] 1/-1/-1->0->7 [19] 1/-1/-1->0->7 [20] 1/-1/-1->0->7 [21] 1/-1/-1->0->8 [22] -1/-1/-1->0->7 [23] 1/-1/-1->0->7 [24] 1/-1/-1->0->7 [25] 1/-1/-1->0->7 [26] 1/-1/-1->0->7 [27] 1/-1/-1->0->7
dgx052:183:288 [0] NCCL INFO NCCL_BUFFSIZE set by environment to 16777216.
dgx052:183:288 [0] NCCL INFO NCCL_P2P_NET_CHUNKSIZE set by environment to 524288.
dgx052:183:288 [0] NCCL INFO P2P Chunksize set to 524288
dgx052:183:288 [0] NCCL INFO GPU Direct RDMA Enabled for GPU 1b000 / HCA 0 (distance 4 <= 4), read 0
dgx052:183:398 [0] NCCL INFO New proxy recv connection 0 from local rank 0, transport 3
dgx052:183:288 [0] NCCL INFO Connected to proxy localRank 0 -> connection 0x7f7e68004f40
dgx052:183:398 [0] NCCL INFO NET/IB : GPU Direct RDMA (DMABUF) enabled for HCA 0 'mlx5_0
dgx052:183:288 [0] NCCL INFO CollNet 00/0 : 0 [receive] via COLLNET/SHARP/0/GDRDMA
dgx052:184:290 [1] NCCL INFO GPU Direct RDMA Enabled for GPU 43000 / HCA 2 (distance 4 <= 4), read 0
dgx052:183:398 [0] NCCL INFO NCCL_IB_QPS_PER_CONNECTION set by environment to 8.
dgx052:184:392 [1] NCCL INFO New proxy recv connection 0 from local rank 1, transport 3
dgx052:183:398 [0] NCCL INFO NET/IB: NCCL Dev 0 IbDev 0 Port 1 qpn 2646 mtu 5 LID 412 subnet-prefix 33022  FLID 0 fifoRkey=0x16ba78 fifoLkey=0x16ba78
dgx052:183:398 [0] NCCL INFO NET/IB: NCCL Dev 0 IbDev 0 Port 1 qpn 2647 mtu 5 LID 412 subnet-prefix 33022  FLID 0 fifoRkey=0x16ba78 fifoLkey=0x16ba78
dgx052:183:398 [0] NCCL INFO NET/IB: NCCL Dev 0 IbDev 0 Port 1 qpn 2648 mtu 5 LID 412 subnet-prefix 33022  FLID 0 fifoRkey=0x16ba78 fifoLkey=0x16ba78
dgx052:183:398 [0] NCCL INFO NET/IB: NCCL Dev 0 IbDev 0 Port 1 qpn 2649 mtu 5 LID 412 subnet-prefix 33022  FLID 0 fifoRkey=0x16ba78 fifoLkey=0x16ba78
dgx052:183:398 [0] NCCL INFO NET/IB: NCCL Dev 0 IbDev 0 Port 1 qpn 2650 mtu 5 LID 412 subnet-prefix 33022  FLID 0 fifoRkey=0x16ba78 fifoLkey=0x16ba78
dgx052:183:398 [0] NCCL INFO NET/IB: NCCL Dev 0 IbDev 0 Port 1 qpn 2651 mtu 5 LID 412 subnet-prefix 33022  FLID 0 fifoRkey=0x16ba78 fifoLkey=0x16ba78
dgx052:183:398 [0] NCCL INFO NET/IB: NCCL Dev 0 IbDev 0 Port 1 qpn 2652 mtu 5 LID 412 subnet-prefix 33022  FLID 0 fifoRkey=0x16ba78 fifoLkey=0x16ba78
dgx052:183:398 [0] NCCL INFO NET/IB: NCCL Dev 0 IbDev 0 Port 1 qpn 2653 mtu 5 LID 412 subnet-prefix 33022  FLID 0 fifoRkey=0x16ba78 fifoLkey=0x16ba78
dgx052:183:398 [0] NCCL INFO NCCL_IB_SL set by environment to 0.
dgx052:183:398 [0] NCCL INFO NCCL_IB_TIMEOUT set by environment to 22.
dgx052:183:398 [0] NCCL INFO NCCL_IB_RETRY_CNT set by environment to 7.
dgx052:183:398 [0] NCCL INFO NCCL_IB_SPLIT_DATA_ON_QPS set by environment to 1.
dgx052:183:398 [0] NCCL INFO NCCL_IB_AR_THRESHOLD set by environment to 8192.
dgx052:183:398 [0] NCCL INFO NET/IB : GPU Direct RDMA (DMABUF) enabled for HCA 0 'mlx5_0
dgx052:184:290 [1] NCCL INFO Connected to proxy localRank 1 -> connection 0x7f3380004f40
dgx052:184:392 [1] NCCL INFO NET/IB : GPU Direct RDMA (DMABUF) enabled for HCA 2 'mlx5_3
dgx052:184:290 [1] NCCL INFO CollNet 01/0 : 1 [receive] via COLLNET/SHARP/2/GDRDMA
[dgx052:0:183 - context.c:670][2026-04-21 17:09:47] INFO job (ID: 723530871239146398) resource request quota: ( osts:0 user_data_per_ost:0 max_groups:0 max_qps:1 max_group_channels:1, num_trees:1)
[dgx052][Apr 21 17:09:49 459015][SR     ][398][error] - no AM service record found(SA query)
[dgx052][Apr 21 17:09:49 497372][RDMA_SR][398][error] - Error event recieved: event: RDMA_CM_EVENT_UNREACHABLE,  error: 1
[dgx052][Apr 21 17:09:49 497406][RDMA_SR][398][error] - Error occured during connection event handle
[dgx052][Apr 21 17:09:52 500482][RDMA_SR][398][error] - poll failed due to poll_timeout=3000.000000, stop
[dgx052][Apr 21 17:09:52 500609][RDMA_SR][398][error] - Poll failed
[dgx052][Apr 21 17:09:52 500642][RDMA_SR][398][error] - Failed to connect
[dgx052][Apr 21 17:09:52 504688][RDMA_SR][398][error] - rdma_resolve_addr failed with error: -1
[dgx052][Apr 21 17:09:52 504795][RDMA_SR][398][error] - rdma_resolve_addr failed with error: -1
[dgx052][Apr 21 17:09:52 504829][SR     ][398][error] - unable to query AM service record(AM query)
[dgx052][Apr 21 17:09:52 504858][GENERAL][398][error] - Could not query AM address, error: -52
[dgx052][Apr 21 17:09:52 504885][GENERAL][398][error] - failed to connect to AM - error -1 received
[dgx052][Apr 21 17:09:52 508232][GENERAL][398][error] - unable to connect to AM
[dgx052][Apr 21 17:09:52 508290][GENERAL][398][warn ] - SHARPD_OP_CREATE_JOB failed with status: 53
[dgx052:0:183 unique id 723530871239146398][2026-04-21 17:09:52] ERROR Failed to connect to Aggregation Manager (sharp_am) in sharp_create_job.

[dgx052:0:183 - context.c:693][2026-04-21 17:09:52] ERROR sharp_create_job failed: Failed to connect to Aggregation Manager (sharp_am)(-53)

dgx052:183:398 [0] sharp_plugin.c:337 NCCL WARN NET/IB : SHARP coll init error: Cannot create SHARP job(-11)

dgx052:183:288 [0] NCCL INFO transport.cc:331 -> 2
dgx052:185:293 [2] NCCL INFO GPU Direct RDMA Enabled for GPU 52000 / HCA 3 (distance 4 <= 4), read 0
dgx052:184:392 [1] NCCL INFO NCCL_IB_QPS_PER_CONNECTION set by environment to 8.
dgx052:184:392 [1] NCCL INFO NET/IB: NCCL Dev 2 IbDev 2 Port 1 qpn 2647 mtu 5 LID 414 subnet-prefix 33022  FLID 0 fifoRkey=0x1610ce fifoLkey=0x1610ce
dgx052:184:392 [1] NCCL INFO NET/IB: NCCL Dev 2 IbDev 2 Port 1 qpn 2648 mtu 5 LID 414 subnet-prefix 33022  FLID 0 fifoRkey=0x1610ce fifoLkey=0x1610ce
dgx052:184:392 [1] NCCL INFO NET/IB: NCCL Dev 2 IbDev 2 Port 1 qpn 2649 mtu 5 LID 414 subnet-prefix 33022  FLID 0 fifoRkey=0x1610ce fifoLkey=0x1610ce
dgx052:184:392 [1] NCCL INFO NET/IB: NCCL Dev 2 IbDev 2 Port 1 qpn 2650 mtu 5 LID 414 subnet-prefix 33022  FLID 0 fifoRkey=0x1610ce fifoLkey=0x1610ce
dgx052:184:392 [1] NCCL INFO NET/IB: NCCL Dev 2 IbDev 2 Port 1 qpn 2651 mtu 5 LID 414 subnet-prefix 33022  FLID 0 fifoRkey=0x1610ce fifoLkey=0x1610ce
dgx052:184:392 [1] NCCL INFO NET/IB: NCCL Dev 2 IbDev 2 Port 1 qpn 2652 mtu 5 LID 414 subnet-prefix 33022  FLID 0 fifoRkey=0x1610ce fifoLkey=0x1610ce
dgx052:184:392 [1] NCCL INFO NET/IB: NCCL Dev 2 IbDev 2 Port 1 qpn 2653 mtu 5 LID 414 subnet-prefix 33022  FLID 0 fifoRkey=0x1610ce fifoLkey=0x1610ce
dgx052:184:392 [1] NCCL INFO NET/IB: NCCL Dev 2 IbDev 2 Port 1 qpn 2654 mtu 5 LID 414 subnet-prefix 33022  FLID 0 fifoRkey=0x1610ce fifoLkey=0x1610ce
dgx052:185:388 [2] NCCL INFO New proxy recv connection 0 from local rank 2, transport 3
dgx052:184:392 [1] NCCL INFO NCCL_IB_SL set by environment to 0.
dgx052:184:392 [1] NCCL INFO NCCL_IB_TIMEOUT set by environment to 22.
dgx052:184:392 [1] NCCL INFO NCCL_IB_RETRY_CNT set by environment to 7.
dgx052:184:392 [1] NCCL INFO NCCL_IB_SPLIT_DATA_ON_QPS set by environment to 1.
dgx052:184:392 [1] NCCL INFO NCCL_IB_AR_THRESHOLD set by environment to 8192.
dgx052:184:392 [1] NCCL INFO NET/IB : GPU Direct RDMA (DMABUF) enabled for HCA 2 'mlx5_3
dgx052:185:293 [2] NCCL INFO Connected to proxy localRank 2 -> connection 0x7f97d4004f40
dgx052:185:388 [2] NCCL INFO NET/IB : GPU Direct RDMA (DMABUF) enabled for HCA 3 'mlx5_4
dgx052:185:293 [2] NCCL INFO CollNet 02/0 : 2 [receive] via COLLNET/SHARP/3/GDRDMA
[dgx052:0:184 - context.c:670][2026-04-21 17:09:53] INFO job (ID: 723530566503846795) resource request quota: ( osts:0 user_data_per_ost:0 max_groups:0 max_qps:1 max_group_channels:1, num_trees:1)
[dgx052][Apr 21 17:09:55 087792][SR     ][392][error] - no AM service record found(SA query)
[dgx052][Apr 21 17:09:55 126601][RDMA_SR][392][error] - Error event recieved: event: RDMA_CM_EVENT_UNREACHABLE,  error: 1
[dgx052][Apr 21 17:09:55 126640][RDMA_SR][392][error] - Error occured during connection event handle
[dgx052][Apr 21 17:09:58 129684][RDMA_SR][392][error] - poll failed due to poll_timeout=3000.000000, stop
[dgx052][Apr 21 17:09:58 129809][RDMA_SR][392][error] - Poll failed
[dgx052][Apr 21 17:09:58 129842][RDMA_SR][392][error] - Failed to connect
[dgx052][Apr 21 17:09:58 134108][RDMA_SR][392][error] - rdma_resolve_addr failed with error: -1
[dgx052][Apr 21 17:09:58 134178][RDMA_SR][392][error] - rdma_resolve_addr failed with error: -1
[dgx052][Apr 21 17:09:58 134201][SR     ][392][error] - unable to query AM service record(AM query)
[dgx052][Apr 21 17:09:58 134218][GENERAL][392][error] - Could not query AM address, error: -52
[dgx052][Apr 21 17:09:58 134236][GENERAL][392][error] - failed to connect to AM - error -1 received
[dgx052][Apr 21 17:09:58 137556][GENERAL][392][error] - unable to connect to AM
[dgx052][Apr 21 17:09:58 137614][GENERAL][392][warn ] - SHARPD_OP_CREATE_JOB failed with status: 53
[dgx052:0:184 unique id 723530566503846795][2026-04-21 17:09:58] ERROR Failed to connect to Aggregation Manager (sharp_am) in sharp_create_job.

[dgx052:0:184 - context.c:693][2026-04-21 17:09:58] ERROR sharp_create_job failed: Failed to connect to Aggregation Manager (sharp_am)(-53)

dgx052:184:392 [1] sharp_plugin.c:337 NCCL WARN NET/IB : SHARP coll init error: Cannot create SHARP job(-11)

dgx052:184:290 [1] NCCL INFO transport.cc:331 -> 2
dgx052:186:292 [3] NCCL INFO GPU Direct RDMA Enabled for GPU 61000 / HCA 4 (distance 4 <= 4), read 0
dgx052:185:388 [2] NCCL INFO NCCL_IB_QPS_PER_CONNECTION set by environment to 8.
dgx052:186:384 [3] NCCL INFO New proxy recv connection 0 from local rank 3, transport 3
dgx052:185:388 [2] NCCL INFO NET/IB: NCCL Dev 3 IbDev 3 Port 1 qpn 2648 mtu 5 LID 413 subnet-prefix 33022  FLID 0 fifoRkey=0x16be7c fifoLkey=0x16be7c
dgx052:185:388 [2] NCCL INFO NET/IB: NCCL Dev 3 IbDev 3 Port 1 qpn 2649 mtu 5 LID 413 subnet-prefix 33022  FLID 0 fifoRkey=0x16be7c fifoLkey=0x16be7c
dgx052:185:388 [2] NCCL INFO NET/IB: NCCL Dev 3 IbDev 3 Port 1 qpn 2650 mtu 5 LID 413 subnet-prefix 33022  FLID 0 fifoRkey=0x16be7c fifoLkey=0x16be7c
dgx052:185:388 [2] NCCL INFO NET/IB: NCCL Dev 3 IbDev 3 Port 1 qpn 2651 mtu 5 LID 413 subnet-prefix 33022  FLID 0 fifoRkey=0x16be7c fifoLkey=0x16be7c
dgx052:185:388 [2] NCCL INFO NET/IB: NCCL Dev 3 IbDev 3 Port 1 qpn 2652 mtu 5 LID 413 subnet-prefix 33022  FLID 0 fifoRkey=0x16be7c fifoLkey=0x16be7c
dgx052:185:388 [2] NCCL INFO NET/IB: NCCL Dev 3 IbDev 3 Port 1 qpn 2653 mtu 5 LID 413 subnet-prefix 33022  FLID 0 fifoRkey=0x16be7c fifoLkey=0x16be7c
dgx052:185:388 [2] NCCL INFO NET/IB: NCCL Dev 3 IbDev 3 Port 1 qpn 2654 mtu 5 LID 413 subnet-prefix 33022  FLID 0 fifoRkey=0x16be7c fifoLkey=0x16be7c
dgx052:185:388 [2] NCCL INFO NET/IB: NCCL Dev 3 IbDev 3 Port 1 qpn 2655 mtu 5 LID 413 subnet-prefix 33022  FLID 0 fifoRkey=0x16be7c fifoLkey=0x16be7c
dgx052:185:388 [2] NCCL INFO NCCL_IB_SL set by environment to 0.
dgx052:185:388 [2] NCCL INFO NCCL_IB_TIMEOUT set by environment to 22.
dgx052:185:388 [2] NCCL INFO NCCL_IB_RETRY_CNT set by environment to 7.
dgx052:185:388 [2] NCCL INFO NCCL_IB_SPLIT_DATA_ON_QPS set by environment to 1.
dgx052:185:388 [2] NCCL INFO NCCL_IB_AR_THRESHOLD set by environment to 8192.
dgx052:185:388 [2] NCCL INFO NET/IB : GPU Direct RDMA (DMABUF) enabled for HCA 3 'mlx5_4
dgx052:186:292 [3] NCCL INFO Connected to proxy localRank 3 -> connection 0x7ff744004f40
dgx052:186:384 [3] NCCL INFO NET/IB : GPU Direct RDMA (DMABUF) enabled for HCA 4 'mlx5_5
dgx052:186:292 [3] NCCL INFO CollNet 03/0 : 3 [receive] via COLLNET/SHARP/4/GDRDMA
[dgx052:0:185 - context.c:670][2026-04-21 17:09:58] INFO job (ID: 723530979703051595) resource request quota: ( osts:0 user_data_per_ost:0 max_groups:0 max_qps:1 max_group_channels:1, num_trees:1)
[dgx052][Apr 21 17:10:00 907981][SR     ][388][error] - no AM service record found(SA query)
[dgx052][Apr 21 17:10:00 946144][RDMA_SR][388][error] - Error event recieved: event: RDMA_CM_EVENT_UNREACHABLE,  error: 1
[dgx052][Apr 21 17:10:00 946179][RDMA_SR][388][error] - Error occured during connection event handle
[dgx052][Apr 21 17:10:03 949252][RDMA_SR][388][error] - poll failed due to poll_timeout=3000.000000, stop
[dgx052][Apr 21 17:10:03 949370][RDMA_SR][388][error] - Poll failed
[dgx052][Apr 21 17:10:03 949404][RDMA_SR][388][error] - Failed to connect
[dgx052][Apr 21 17:10:03 953150][RDMA_SR][388][error] - rdma_resolve_addr failed with error: -1
[dgx052][Apr 21 17:10:03 953249][RDMA_SR][388][error] - rdma_resolve_addr failed with error: -1
[dgx052][Apr 21 17:10:03 953281][SR     ][388][error] - unable to query AM service record(AM query)
[dgx052][Apr 21 17:10:03 953306][GENERAL][388][error] - Could not query AM address, error: -52
[dgx052][Apr 21 17:10:03 953330][GENERAL][388][error] - failed to connect to AM - error -1 received
[dgx052][Apr 21 17:10:03 956455][GENERAL][388][error] - unable to connect to AM
[dgx052][Apr 21 17:10:03 956508][GENERAL][388][warn ] - SHARPD_OP_CREATE_JOB failed with status: 53
[dgx052:0:185 unique id 723530979703051595][2026-04-21 17:10:03] ERROR Failed to connect to Aggregation Manager (sharp_am) in sharp_create_job.

[dgx052:0:185 - context.c:693][2026-04-21 17:10:03] ERROR sharp_create_job failed: Failed to connect to Aggregation Manager (sharp_am)(-53)

dgx052:185:388 [2] sharp_plugin.c:337 NCCL WARN NET/IB : SHARP coll init error: Cannot create SHARP job(-11)

dgx052:185:293 [2] NCCL INFO transport.cc:331 -> 2
dgx052:187:291 [4] NCCL INFO GPU Direct RDMA Enabled for GPU 9d000 / HCA 5 (distance 4 <= 4), read 0
dgx052:186:384 [3] NCCL INFO NCCL_IB_QPS_PER_CONNECTION set by environment to 8.
dgx052:186:384 [3] NCCL INFO NET/IB: NCCL Dev 4 IbDev 4 Port 1 qpn 2649 mtu 5 LID 417 subnet-prefix 33022  FLID 0 fifoRkey=0x162fed fifoLkey=0x162fed
dgx052:186:384 [3] NCCL INFO NET/IB: NCCL Dev 4 IbDev 4 Port 1 qpn 2650 mtu 5 LID 417 subnet-prefix 33022  FLID 0 fifoRkey=0x162fed fifoLkey=0x162fed
dgx052:186:384 [3] NCCL INFO NET/IB: NCCL Dev 4 IbDev 4 Port 1 qpn 2651 mtu 5 LID 417 subnet-prefix 33022  FLID 0 fifoRkey=0x162fed fifoLkey=0x162fed
dgx052:186:384 [3] NCCL INFO NET/IB: NCCL Dev 4 IbDev 4 Port 1 qpn 2652 mtu 5 LID 417 subnet-prefix 33022  FLID 0 fifoRkey=0x162fed fifoLkey=0x162fed
dgx052:186:384 [3] NCCL INFO NET/IB: NCCL Dev 4 IbDev 4 Port 1 qpn 2653 mtu 5 LID 417 subnet-prefix 33022  FLID 0 fifoRkey=0x162fed fifoLkey=0x162fed
dgx052:186:384 [3] NCCL INFO NET/IB: NCCL Dev 4 IbDev 4 Port 1 qpn 2654 mtu 5 LID 417 subnet-prefix 33022  FLID 0 fifoRkey=0x162fed fifoLkey=0x162fed
dgx052:186:384 [3] NCCL INFO NET/IB: NCCL Dev 4 IbDev 4 Port 1 qpn 2655 mtu 5 LID 417 subnet-prefix 33022  FLID 0 fifoRkey=0x162fed fifoLkey=0x162fed
dgx052:186:384 [3] NCCL INFO NET/IB: NCCL Dev 4 IbDev 4 Port 1 qpn 2656 mtu 5 LID 417 subnet-prefix 33022  FLID 0 fifoRkey=0x162fed fifoLkey=0x162fed
dgx052:187:394 [4] NCCL INFO New proxy recv connection 0 from local rank 4, transport 3
dgx052:186:384 [3] NCCL INFO NCCL_IB_SL set by environment to 0.
dgx052:186:384 [3] NCCL INFO NCCL_IB_TIMEOUT set by environment to 22.
dgx052:186:384 [3] NCCL INFO NCCL_IB_RETRY_CNT set by environment to 7.
dgx052:186:384 [3] NCCL INFO NCCL_IB_SPLIT_DATA_ON_QPS set by environment to 1.
dgx052:186:384 [3] NCCL INFO NCCL_IB_AR_THRESHOLD set by environment to 8192.
dgx052:186:384 [3] NCCL INFO NET/IB : GPU Direct RDMA (DMABUF) enabled for HCA 4 'mlx5_5
dgx052:187:291 [4] NCCL INFO Connected to proxy localRank 4 -> connection 0x7f4f8c004f40
dgx052:187:394 [4] NCCL INFO NET/IB : GPU Direct RDMA (DMABUF) enabled for HCA 5 'mlx5_6
dgx052:187:291 [4] NCCL INFO CollNet 04/0 : 4 [receive] via COLLNET/SHARP/5/GDRDMA
[dgx052:0:186 - context.c:670][2026-04-21 17:10:04] INFO job (ID: 723531389643485926) resource request quota: ( osts:0 user_data_per_ost:0 max_groups:0 max_qps:1 max_group_channels:1, num_trees:1)
[dgx052][Apr 21 17:10:06 519913][SR     ][384][error] - no AM service record found(SA query)
[dgx052][Apr 21 17:10:06 550754][RDMA_SR][384][error] - Error event recieved: event: RDMA_CM_EVENT_UNREACHABLE,  error: 1
[dgx052][Apr 21 17:10:06 550775][RDMA_SR][384][error] - Error occured during connection event handle
[dgx052][Apr 21 17:10:09 553790][RDMA_SR][384][error] - poll failed due to poll_timeout=3000.000000, stop
[dgx052][Apr 21 17:10:09 553842][RDMA_SR][384][error] - Poll failed
[dgx052][Apr 21 17:10:09 553853][RDMA_SR][384][error] - Failed to connect
[dgx052][Apr 21 17:10:09 557271][RDMA_SR][384][error] - rdma_resolve_addr failed with error: -1
[dgx052][Apr 21 17:10:09 557293][RDMA_SR][384][error] - rdma_resolve_addr failed with error: -1
[dgx052][Apr 21 17:10:09 557307][SR     ][384][error] - unable to query AM service record(AM query)
[dgx052][Apr 21 17:10:09 557320][GENERAL][384][error] - Could not query AM address, error: -52
[dgx052][Apr 21 17:10:09 557332][GENERAL][384][error] - failed to connect to AM - error -1 received
[dgx052][Apr 21 17:10:09 561148][GENERAL][384][error] - unable to connect to AM
[dgx052][Apr 21 17:10:09 561159][GENERAL][384][warn ] - SHARPD_OP_CREATE_JOB failed with status: 53
[dgx052:0:186 unique id 723531389643485926][2026-04-21 17:10:09] ERROR Failed to connect to Aggregation Manager (sharp_am) in sharp_create_job.

[dgx052:0:186 - context.c:693][2026-04-21 17:10:09] ERROR sharp_create_job failed: Failed to connect to Aggregation Manager (sharp_am)(-53)

dgx052:186:384 [3] sharp_plugin.c:337 NCCL WARN NET/IB : SHARP coll init error: Cannot create SHARP job(-11)

dgx052:186:292 [3] NCCL INFO transport.cc:331 -> 2
dgx052:189:294 [6] NCCL INFO GPU Direct RDMA Enabled for GPU d1000 / HCA 8 (distance 4 <= 4), read 0
dgx052:187:394 [4] NCCL INFO NCCL_IB_QPS_PER_CONNECTION set by environment to 8.
dgx052:189:396 [6] NCCL INFO New proxy recv connection 0 from local rank 6, transport 3
dgx052:187:394 [4] NCCL INFO NET/IB: NCCL Dev 5 IbDev 5 Port 1 qpn 2650 mtu 5 LID 415 subnet-prefix 33022  FLID 0 fifoRkey=0x173efc fifoLkey=0x173efc
dgx052:187:394 [4] NCCL INFO NET/IB: NCCL Dev 5 IbDev 5 Port 1 qpn 2651 mtu 5 LID 415 subnet-prefix 33022  FLID 0 fifoRkey=0x173efc fifoLkey=0x173efc
dgx052:187:394 [4] NCCL INFO NET/IB: NCCL Dev 5 IbDev 5 Port 1 qpn 2652 mtu 5 LID 415 subnet-prefix 33022  FLID 0 fifoRkey=0x173efc fifoLkey=0x173efc
dgx052:187:394 [4] NCCL INFO NET/IB: NCCL Dev 5 IbDev 5 Port 1 qpn 2653 mtu 5 LID 415 subnet-prefix 33022  FLID 0 fifoRkey=0x173efc fifoLkey=0x173efc
dgx052:187:394 [4] NCCL INFO NET/IB: NCCL Dev 5 IbDev 5 Port 1 qpn 2654 mtu 5 LID 415 subnet-prefix 33022  FLID 0 fifoRkey=0x173efc fifoLkey=0x173efc
dgx052:187:394 [4] NCCL INFO NET/IB: NCCL Dev 5 IbDev 5 Port 1 qpn 2655 mtu 5 LID 415 subnet-prefix 33022  FLID 0 fifoRkey=0x173efc fifoLkey=0x173efc
dgx052:187:394 [4] NCCL INFO NET/IB: NCCL Dev 5 IbDev 5 Port 1 qpn 2656 mtu 5 LID 415 subnet-prefix 33022  FLID 0 fifoRkey=0x173efc fifoLkey=0x173efc
dgx052:187:394 [4] NCCL INFO NET/IB: NCCL Dev 5 IbDev 5 Port 1 qpn 2657 mtu 5 LID 415 subnet-prefix 33022  FLID 0 fifoRkey=0x173efc fifoLkey=0x173efc
dgx052:187:394 [4] NCCL INFO NCCL_IB_SL set by environment to 0.
dgx052:187:394 [4] NCCL INFO NCCL_IB_TIMEOUT set by environment to 22.
dgx052:187:394 [4] NCCL INFO NCCL_IB_RETRY_CNT set by environment to 7.
dgx052:187:394 [4] NCCL INFO NCCL_IB_SPLIT_DATA_ON_QPS set by environment to 1.
dgx052:187:394 [4] NCCL INFO NCCL_IB_AR_THRESHOLD set by environment to 8192.
dgx052:187:394 [4] NCCL INFO NET/IB : GPU Direct RDMA (DMABUF) enabled for HCA 5 'mlx5_6
dgx052:189:294 [6] NCCL INFO Connected to proxy localRank 6 -> connection 0x7fb138004f40
dgx052:189:396 [6] NCCL INFO NET/IB : GPU Direct RDMA (DMABUF) enabled for HCA 8 'mlx5_10
dgx052:189:294 [6] NCCL INFO CollNet 05/0 : 6 [receive] via COLLNET/SHARP/8/GDRDMA
[dgx052:0:187 - context.c:670][2026-04-21 17:10:10] INFO job (ID: 723530669684564801) resource request quota: ( osts:0 user_data_per_ost:0 max_groups:0 max_qps:1 max_group_channels:1, num_trees:1)
[dgx052][Apr 21 17:10:12 160290][SR     ][394][error] - no AM service record found(SA query)
[dgx052][Apr 21 17:10:12 194468][RDMA_SR][394][error] - Error event recieved: event: RDMA_CM_EVENT_UNREACHABLE,  error: 1
[dgx052][Apr 21 17:10:12 194495][RDMA_SR][394][error] - Error occured during connection event handle
[dgx052][Apr 21 17:10:15 197361][RDMA_SR][394][error] - poll failed due to poll_timeout=3000.000000, stop
[dgx052][Apr 21 17:10:15 197378][RDMA_SR][394][error] - Poll failed
[dgx052][Apr 21 17:10:15 197387][RDMA_SR][394][error] - Failed to connect
[dgx052][Apr 21 17:10:15 200883][RDMA_SR][394][error] - rdma_resolve_addr failed with error: -1
[dgx052][Apr 21 17:10:15 200904][RDMA_SR][394][error] - rdma_resolve_addr failed with error: -1
[dgx052][Apr 21 17:10:15 200916][SR     ][394][error] - unable to query AM service record(AM query)
[dgx052][Apr 21 17:10:15 200926][GENERAL][394][error] - Could not query AM address, error: -52
[dgx052][Apr 21 17:10:15 200936][GENERAL][394][error] - failed to connect to AM - error -1 received
[dgx052][Apr 21 17:10:15 204089][GENERAL][394][error] - unable to connect to AM
[dgx052][Apr 21 17:10:15 204103][GENERAL][394][warn ] - SHARPD_OP_CREATE_JOB failed with status: 53
[dgx052:0:187 unique id 723530669684564801][2026-04-21 17:10:15] ERROR Failed to connect to Aggregation Manager (sharp_am) in sharp_create_job.

[dgx052:0:187 - context.c:693][2026-04-21 17:10:15] ERROR sharp_create_job failed: Failed to connect to Aggregation Manager (sharp_am)(-53)

dgx052:187:394 [4] sharp_plugin.c:337 NCCL WARN NET/IB : SHARP coll init error: Cannot create SHARP job(-11)

dgx052:187:291 [4] NCCL INFO transport.cc:331 -> 2
dgx052:190:289 [7] NCCL INFO GPU Direct RDMA Enabled for GPU df000 / HCA 9 (distance 4 <= 4), read 0
dgx052:189:396 [6] NCCL INFO NCCL_IB_QPS_PER_CONNECTION set by environment to 8.
dgx052:190:390 [7] NCCL INFO New proxy recv connection 0 from local rank 7, transport 3
dgx052:189:396 [6] NCCL INFO NET/IB: NCCL Dev 8 IbDev 8 Port 1 qpn 2651 mtu 5 LID 416 subnet-prefix 33022  FLID 0 fifoRkey=0x175d1b fifoLkey=0x175d1b
dgx052:189:396 [6] NCCL INFO NET/IB: NCCL Dev 8 IbDev 8 Port 1 qpn 2652 mtu 5 LID 416 subnet-prefix 33022  FLID 0 fifoRkey=0x175d1b fifoLkey=0x175d1b
dgx052:189:396 [6] NCCL INFO NET/IB: NCCL Dev 8 IbDev 8 Port 1 qpn 2653 mtu 5 LID 416 subnet-prefix 33022  FLID 0 fifoRkey=0x175d1b fifoLkey=0x175d1b
dgx052:189:396 [6] NCCL INFO NET/IB: NCCL Dev 8 IbDev 8 Port 1 qpn 2654 mtu 5 LID 416 subnet-prefix 33022  FLID 0 fifoRkey=0x175d1b fifoLkey=0x175d1b
dgx052:189:396 [6] NCCL INFO NET/IB: NCCL Dev 8 IbDev 8 Port 1 qpn 2655 mtu 5 LID 416 subnet-prefix 33022  FLID 0 fifoRkey=0x175d1b fifoLkey=0x175d1b
dgx052:189:396 [6] NCCL INFO NET/IB: NCCL Dev 8 IbDev 8 Port 1 qpn 2656 mtu 5 LID 416 subnet-prefix 33022  FLID 0 fifoRkey=0x175d1b fifoLkey=0x175d1b
dgx052:189:396 [6] NCCL INFO NET/IB: NCCL Dev 8 IbDev 8 Port 1 qpn 2657 mtu 5 LID 416 subnet-prefix 33022  FLID 0 fifoRkey=0x175d1b fifoLkey=0x175d1b
dgx052:189:396 [6] NCCL INFO NET/IB: NCCL Dev 8 IbDev 8 Port 1 qpn 2658 mtu 5 LID 416 subnet-prefix 33022  FLID 0 fifoRkey=0x175d1b fifoLkey=0x175d1b
dgx052:189:396 [6] NCCL INFO NCCL_IB_SL set by environment to 0.
dgx052:189:396 [6] NCCL INFO NCCL_IB_TIMEOUT set by environment to 22.
dgx052:189:396 [6] NCCL INFO NCCL_IB_RETRY_CNT set by environment to 7.
dgx052:189:396 [6] NCCL INFO NCCL_IB_SPLIT_DATA_ON_QPS set by environment to 1.
dgx052:189:396 [6] NCCL INFO NCCL_IB_AR_THRESHOLD set by environment to 8192.
dgx052:189:396 [6] NCCL INFO NET/IB : GPU Direct RDMA (DMABUF) enabled for HCA 8 'mlx5_10
dgx052:190:289 [7] NCCL INFO Connected to proxy localRank 7 -> connection 0x7ff4d8004f40
dgx052:190:390 [7] NCCL INFO NET/IB : GPU Direct RDMA (DMABUF) enabled for HCA 9 'mlx5_11
dgx052:190:289 [7] NCCL INFO CollNet 06/0 : 7 [receive] via COLLNET/SHARP/9/GDRDMA
[dgx052:0:189 - context.c:670][2026-04-21 17:10:16] INFO job (ID: 723531114929691686) resource request quota: ( osts:0 user_data_per_ost:0 max_groups:0 max_qps:1 max_group_channels:1, num_trees:1)
[dgx052][Apr 21 17:10:17 977849][SR     ][396][error] - no AM service record found(SA query)
[dgx052][Apr 21 17:10:18 010330][RDMA_SR][396][error] - Error event recieved: event: RDMA_CM_EVENT_UNREACHABLE,  error: 1
[dgx052][Apr 21 17:10:18 010365][RDMA_SR][396][error] - Error occured during connection event handle
[dgx052][Apr 21 17:10:21 013299][RDMA_SR][396][error] - poll failed due to poll_timeout=3000.000000, stop
[dgx052][Apr 21 17:10:21 013414][RDMA_SR][396][error] - Poll failed
[dgx052][Apr 21 17:10:21 013447][RDMA_SR][396][error] - Failed to connect
[dgx052][Apr 21 17:10:21 018027][RDMA_SR][396][error] - rdma_resolve_addr failed with error: -1
[dgx052][Apr 21 17:10:21 018139][RDMA_SR][396][error] - rdma_resolve_addr failed with error: -1
[dgx052][Apr 21 17:10:21 018179][SR     ][396][error] - unable to query AM service record(AM query)
[dgx052][Apr 21 17:10:21 018210][GENERAL][396][error] - Could not query AM address, error: -52
[dgx052][Apr 21 17:10:21 018239][GENERAL][396][error] - failed to connect to AM - error -1 received
[dgx052][Apr 21 17:10:21 022161][GENERAL][396][error] - unable to connect to AM
[dgx052][Apr 21 17:10:21 022178][GENERAL][396][warn ] - SHARPD_OP_CREATE_JOB failed with status: 53
[dgx052:0:189 unique id 723531114929691686][2026-04-21 17:10:21] ERROR Failed to connect to Aggregation Manager (sharp_am) in sharp_create_job.

[dgx052:0:189 - context.c:693][2026-04-21 17:10:21] ERROR sharp_create_job failed: Failed to connect to Aggregation Manager (sharp_am)(-53)

dgx052:189:396 [6] sharp_plugin.c:337 NCCL WARN NET/IB : SHARP coll init error: Cannot create SHARP job(-11)

dgx052:189:294 [6] NCCL INFO transport.cc:331 -> 2
dgx052:190:390 [7] NCCL INFO NCCL_IB_QPS_PER_CONNECTION set by environment to 8.
dgx052:190:390 [7] NCCL INFO NET/IB: NCCL Dev 9 IbDev 9 Port 1 qpn 2635 mtu 5 LID 419 subnet-prefix 33022  FLID 0 fifoRkey=0x17813f fifoLkey=0x17813f
dgx052:190:390 [7] NCCL INFO NET/IB: NCCL Dev 9 IbDev 9 Port 1 qpn 2636 mtu 5 LID 419 subnet-prefix 33022  FLID 0 fifoRkey=0x17813f fifoLkey=0x17813f
dgx052:190:390 [7] NCCL INFO NET/IB: NCCL Dev 9 IbDev 9 Port 1 qpn 2637 mtu 5 LID 419 subnet-prefix 33022  FLID 0 fifoRkey=0x17813f fifoLkey=0x17813f
dgx052:190:390 [7] NCCL INFO NET/IB: NCCL Dev 9 IbDev 9 Port 1 qpn 2638 mtu 5 LID 419 subnet-prefix 33022  FLID 0 fifoRkey=0x17813f fifoLkey=0x17813f
dgx052:190:390 [7] NCCL INFO NET/IB: NCCL Dev 9 IbDev 9 Port 1 qpn 2639 mtu 5 LID 419 subnet-prefix 33022  FLID 0 fifoRkey=0x17813f fifoLkey=0x17813f
dgx052:190:390 [7] NCCL INFO NET/IB: NCCL Dev 9 IbDev 9 Port 1 qpn 2640 mtu 5 LID 419 subnet-prefix 33022  FLID 0 fifoRkey=0x17813f fifoLkey=0x17813f
dgx052:190:390 [7] NCCL INFO NET/IB: NCCL Dev 9 IbDev 9 Port 1 qpn 2641 mtu 5 LID 419 subnet-prefix 33022  FLID 0 fifoRkey=0x17813f fifoLkey=0x17813f
dgx052:190:390 [7] NCCL INFO NET/IB: NCCL Dev 9 IbDev 9 Port 1 qpn 2642 mtu 5 LID 419 subnet-prefix 33022  FLID 0 fifoRkey=0x17813f fifoLkey=0x17813f
dgx052:190:390 [7] NCCL INFO NCCL_IB_SL set by environment to 0.
dgx052:190:390 [7] NCCL INFO NCCL_IB_TIMEOUT set by environment to 22.
dgx052:190:390 [7] NCCL INFO NCCL_IB_RETRY_CNT set by environment to 7.
dgx052:190:390 [7] NCCL INFO NCCL_IB_SPLIT_DATA_ON_QPS set by environment to 1.
dgx052:190:390 [7] NCCL INFO NCCL_IB_AR_THRESHOLD set by environment to 8192.
dgx052:190:390 [7] NCCL INFO NET/IB : GPU Direct RDMA (DMABUF) enabled for HCA 9 'mlx5_11
[dgx052:0:190 - context.c:670][2026-04-21 17:10:21] INFO job (ID: 723531387490874460) resource request quota: ( osts:0 user_data_per_ost:0 max_groups:0 max_qps:1 max_group_channels:1, num_trees:1)
[dgx052][Apr 21 17:10:23 741553][SR     ][390][error] - no AM service record found(SA query)
[dgx052][Apr 21 17:10:23 778800][RDMA_SR][390][error] - Error event recieved: event: RDMA_CM_EVENT_UNREACHABLE,  error: 1
[dgx052][Apr 21 17:10:23 778835][RDMA_SR][390][error] - Error occured during connection event handle
[dgx052][Apr 21 17:10:26 781751][RDMA_SR][390][error] - poll failed due to poll_timeout=3000.000000, stop
[dgx052][Apr 21 17:10:26 781860][RDMA_SR][390][error] - Poll failed
[dgx052][Apr 21 17:10:26 781896][RDMA_SR][390][error] - Failed to connect
[dgx052][Apr 21 17:10:26 786369][RDMA_SR][390][error] - rdma_resolve_addr failed with error: -1
[dgx052][Apr 21 17:10:26 786482][RDMA_SR][390][error] - rdma_resolve_addr failed with error: -1
[dgx052][Apr 21 17:10:26 786519][SR     ][390][error] - unable to query AM service record(AM query)
[dgx052][Apr 21 17:10:26 786549][GENERAL][390][error] - Could not query AM address, error: -52
[dgx052][Apr 21 17:10:26 786578][GENERAL][390][error] - failed to connect to AM - error -1 received
[dgx052][Apr 21 17:10:26 790560][GENERAL][390][error] - unable to connect to AM
[dgx052][Apr 21 17:10:26 790621][GENERAL][390][warn ] - SHARPD_OP_CREATE_JOB failed with status: 53
[dgx052:0:190 unique id 723531387490874460][2026-04-21 17:10:26] ERROR Failed to connect to Aggregation Manager (sharp_am) in sharp_create_job.

[dgx052:0:190 - context.c:693][2026-04-21 17:10:26] ERROR sharp_create_job failed: Failed to connect to Aggregation Manager (sharp_am)(-53)

dgx052:190:390 [7] sharp_plugin.c:337 NCCL WARN NET/IB : SHARP coll init error: Cannot create SHARP job(-11)

dgx052:190:289 [7] NCCL INFO transport.cc:331 -> 2
dgx052:189:294 [6] NCCL INFO transport/coll_net.cc:1375 -> 2
dgx052:190:289 [7] NCCL INFO transport/coll_net.cc:1375 -> 2
dgx052:188:295 [5] NCCL INFO transport/coll_net.cc:1375 -> 2
dgx052:189:294 [6] NCCL INFO NCCL_NTHREADS set by environment to 512.
dgx052:190:289 [7] NCCL INFO NCCL_NTHREADS set by environment to 512.
dgx052:188:295 [5] NCCL INFO NCCL_NTHREADS set by environment to 512.
dgx052:189:294 [6] NCCL INFO threadThresholds 8/8/64 | 128/8/64 | 512 | 512
dgx052:190:289 [7] NCCL INFO threadThresholds 8/8/64 | 128/8/64 | 512 | 512
dgx052:187:291 [4] NCCL INFO transport/coll_net.cc:1375 -> 2
dgx052:185:293 [2] NCCL INFO transport/coll_net.cc:1375 -> 2
dgx052:184:290 [1] NCCL INFO transport/coll_net.cc:1375 -> 2
dgx052:190:289 [7] NCCL INFO 28 coll channels, 28 collnet channels, 16 nvls channels, 32 p2p channels, 2 p2p channels per peer
dgx052:189:294 [6] NCCL INFO 28 coll channels, 28 collnet channels, 16 nvls channels, 32 p2p channels, 2 p2p channels per peer

dgx052:183:288 [0] transport.cc:360 NCCL WARN Cannot initialize CollNet, using point-to-point network instead
dgx052:186:292 [3] NCCL INFO transport/coll_net.cc:1375 -> 2
dgx052:188:295 [5] NCCL INFO threadThresholds 8/8/64 | 128/8/64 | 512 | 512
dgx052:187:291 [4] NCCL INFO NCCL_NTHREADS set by environment to 512.
dgx052:183:288 [0] NCCL INFO transport/coll_net.cc:1375 -> 2
dgx052:188:295 [5] NCCL INFO 28 coll channels, 28 collnet channels, 16 nvls channels, 32 p2p channels, 2 p2p channels per peer
dgx052:185:293 [2] NCCL INFO NCCL_NTHREADS set by environment to 512.
dgx052:184:290 [1] NCCL INFO NCCL_NTHREADS set by environment to 512.
dgx052:187:291 [4] NCCL INFO threadThresholds 8/8/64 | 128/8/64 | 512 | 512
dgx052:186:292 [3] NCCL INFO NCCL_NTHREADS set by environment to 512.
dgx052:183:288 [0] NCCL INFO NCCL_NTHREADS set by environment to 512.
dgx052:187:291 [4] NCCL INFO 28 coll channels, 28 collnet channels, 16 nvls channels, 32 p2p channels, 2 p2p channels per peer
dgx052:185:293 [2] NCCL INFO threadThresholds 8/8/64 | 128/8/64 | 512 | 512
dgx052:184:290 [1] NCCL INFO threadThresholds 8/8/64 | 128/8/64 | 512 | 512
dgx052:185:293 [2] NCCL INFO 28 coll channels, 28 collnet channels, 16 nvls channels, 32 p2p channels, 2 p2p channels per peer
dgx052:186:292 [3] NCCL INFO threadThresholds 8/8/64 | 128/8/64 | 512 | 512
dgx052:184:290 [1] NCCL INFO 28 coll channels, 28 collnet channels, 16 nvls channels, 32 p2p channels, 2 p2p channels per peer
dgx052:186:292 [3] NCCL INFO 28 coll channels, 28 collnet channels, 16 nvls channels, 32 p2p channels, 2 p2p channels per peer
dgx052:183:288 [0] NCCL INFO threadThresholds 8/8/64 | 128/8/64 | 512 | 512
dgx052:183:288 [0] NCCL INFO 28 coll channels, 28 collnet channels, 16 nvls channels, 32 p2p channels, 2 p2p channels per peer
dgx052:183:288 [0] NCCL INFO CC Off, Multi-GPU CC Off, workFifoBytes 1048576
dgx052:190:289 [7] NCCL INFO TUNER/Plugin: Failed to find ncclTunerPlugin_v3 symbol.
dgx052:190:289 [7] NCCL INFO TUNER/Plugin: Failed to find ncclTunerPlugin_v2 symbol, using internal tuner instead.
dgx052:190:289 [7] NCCL INFO ncclCommInitRank comm 0x55b019dd19c0 rank 7 nranks 16 cudaDev 7 nvmlDev 7 busId df000 commId 0xb19ce49105ad7cb - Init COMPLETE
dgx052:190:289 [7] NCCL INFO Init timings: rank 7 nranks 16 total 42.38 (kernels 0.32, bootstrap 1.28, allgathers 0.12, topo 0.07, graphs 0.12, connections 40.46, rest 0.02)
dgx052:183:288 [0] NCCL INFO TUNER/Plugin: Failed to find ncclTunerPlugin_v3 symbol.
dgx052:183:288 [0] NCCL INFO TUNER/Plugin: Failed to find ncclTunerPlugin_v2 symbol, using internal tuner instead.
dgx052:183:288 [0] NCCL INFO ncclCommInitRank comm 0x5587093f4780 rank 0 nranks 16 cudaDev 0 nvmlDev 0 busId 1b000 commId 0xb19ce49105ad7cb - Init COMPLETE
dgx052:183:288 [0] NCCL INFO Init timings: rank 0 nranks 16 total 42.41 (kernels 0.32, bootstrap 1.31, allgathers 0.01, topo 0.07, graphs 0.22, connections 40.44, rest 0.04)
dgx052:189:294 [6] NCCL INFO TUNER/Plugin: Failed to find ncclTunerPlugin_v3 symbol.
dgx052:187:291 [4] NCCL INFO TUNER/Plugin: Failed to find ncclTunerPlugin_v3 symbol.
dgx052:189:294 [6] NCCL INFO TUNER/Plugin: Failed to find ncclTunerPlugin_v2 symbol, using internal tuner instead.
dgx052:187:291 [4] NCCL INFO TUNER/Plugin: Failed to find ncclTunerPlugin_v2 symbol, using internal tuner instead.
dgx052:189:294 [6] NCCL INFO ncclCommInitRank comm 0x5649c03b2ae0 rank 6 nranks 16 cudaDev 6 nvmlDev 6 busId d1000 commId 0xb19ce49105ad7cb - Init COMPLETE
dgx052:187:291 [4] NCCL INFO ncclCommInitRank comm 0x55739e6d99e0 rank 4 nranks 16 cudaDev 4 nvmlDev 4 busId 9d000 commId 0xb19ce49105ad7cb - Init COMPLETE
dgx052:189:294 [6] NCCL INFO Init timings: rank 6 nranks 16 total 42.35 (kernels 0.20, bootstrap 1.36, allgathers 0.11, topo 0.07, graphs 0.12, connections 40.45, rest 0.03)
dgx052:187:291 [4] NCCL INFO Init timings: rank 4 nranks 16 total 42.36 (kernels 0.31, bootstrap 1.27, allgathers 0.01, topo 0.07, graphs 0.22, connections 40.45, rest 0.03)
dgx052:185:293 [2] NCCL INFO TUNER/Plugin: Failed to find ncclTunerPlugin_v3 symbol.
dgx052:186:292 [3] NCCL INFO TUNER/Plugin: Failed to find ncclTunerPlugin_v3 symbol.
dgx052:184:290 [1] NCCL INFO TUNER/Plugin: Failed to find ncclTunerPlugin_v3 symbol.
dgx052:185:293 [2] NCCL INFO TUNER/Plugin: Failed to find ncclTunerPlugin_v2 symbol, using internal tuner instead.
dgx052:186:292 [3] NCCL INFO TUNER/Plugin: Failed to find ncclTunerPlugin_v2 symbol, using internal tuner instead.
dgx052:184:290 [1] NCCL INFO TUNER/Plugin: Failed to find ncclTunerPlugin_v2 symbol, using internal tuner instead.
dgx052:185:293 [2] NCCL INFO ncclCommInitRank comm 0x556d575d9950 rank 2 nranks 16 cudaDev 2 nvmlDev 2 busId 52000 commId 0xb19ce49105ad7cb - Init COMPLETE
dgx052:186:292 [3] NCCL INFO ncclCommInitRank comm 0x55d77d3e7950 rank 3 nranks 16 cudaDev 3 nvmlDev 3 busId 61000 commId 0xb19ce49105ad7cb - Init COMPLETE
dgx052:184:290 [1] NCCL INFO ncclCommInitRank comm 0x556262696410 rank 1 nranks 16 cudaDev 1 nvmlDev 1 busId 43000 commId 0xb19ce49105ad7cb - Init COMPLETE
dgx052:185:293 [2] NCCL INFO Init timings: rank 2 nranks 16 total 42.35 (kernels 0.34, bootstrap 1.22, allgathers 0.01, topo 0.07, graphs 0.22, connections 40.47, rest 0.01)
dgx052:186:292 [3] NCCL INFO Init timings: rank 3 nranks 16 total 42.36 (kernels 0.20, bootstrap 1.37, allgathers 0.12, topo 0.07, graphs 0.11, connections 40.47, rest 0.01)
dgx052:184:290 [1] NCCL INFO Init timings: rank 1 nranks 16 total 42.37 (kernels 0.31, bootstrap 1.27, allgathers 0.01, topo 0.07, graphs 0.22, connections 40.46, rest 0.02)
dgx052:188:295 [5] NCCL INFO TUNER/Plugin: Failed to find ncclTunerPlugin_v3 symbol.
dgx052:188:295 [5] NCCL INFO TUNER/Plugin: Failed to find ncclTunerPlugin_v2 symbol, using internal tuner instead.
dgx052:188:295 [5] NCCL INFO ncclCommInitRank comm 0x55f259db2c00 rank 5 nranks 16 cudaDev 5 nvmlDev 5 busId c3000 commId 0xb19ce49105ad7cb - Init COMPLETE
dgx052:188:295 [5] NCCL INFO Init timings: rank 5 nranks 16 total 42.35 (kernels 0.34, bootstrap 1.22, allgathers 0.11, topo 0.07, graphs 0.12, connections 40.47, rest 0.01)
dgx052:189:189 [6] NCCL INFO AllReduce: opCount 0 sendbuff 0x7fb195e00000 recvbuff 0x7fb195e00000 count 262144 datatype 7 op 0 root 0 comm 0x5649c03b2ae0 [nranks=16] stream 0x5649b8f1e590
dgx052:185:185 [2] NCCL INFO AllReduce: opCount 0 sendbuff 0x7f982fe00000 recvbuff 0x7f982fe00000 count 262144 datatype 7 op 0 root 0 comm 0x556d575d9950 [nranks=16] stream 0x556d50166590
dgx052:187:187 [4] NCCL INFO AllReduce: opCount 0 sendbuff 0x7f4fede00000 recvbuff 0x7f4fede00000 count 262144 datatype 7 op 0 root 0 comm 0x55739e6d99e0 [nranks=16] stream 0x557397265590
dgx052:183:183 [0] NCCL INFO AllReduce: opCount 0 sendbuff 0x7f7ea9e00000 recvbuff 0x7f7ea9e00000 count 262144 datatype 7 op 0 root 0 comm 0x5587093f4780 [nranks=16] stream 0x558701f77590
dgx052:190:190 [7] NCCL INFO AllReduce: opCount 0 sendbuff 0x7ff535e00000 recvbuff 0x7ff535e00000 count 262144 datatype 7 op 0 root 0 comm 0x55b019dd19c0 [nranks=16] stream 0x55b01293e590
dgx052:188:188 [5] NCCL INFO AllReduce: opCount 0 sendbuff 0x7fd41be00000 recvbuff 0x7fd41be00000 count 262144 datatype 7 op 0 root 0 comm 0x55f259db2c00 [nranks=16] stream 0x55f259db2ab0
dgx052:186:186 [3] NCCL INFO AllReduce: opCount 0 sendbuff 0x7ff7a1e00000 recvbuff 0x7ff7a1e00000 count 262144 datatype 7 op 0 root 0 comm 0x55d77d3e7950 [nranks=16] stream 0x55d775fa6690
dgx052:184:184 [1] NCCL INFO AllReduce: opCount 0 sendbuff 0x7f33d9e00000 recvbuff 0x7f33d9e00000 count 262144 datatype 7 op 0 root 0 comm 0x556262696410 [nranks=16] stream 0x55625b223590
dgx052:189:471 [6] NCCL INFO NVLS comm 0x5649c03b2ae0 headRank 5 nHeads 7 buffSize 1048576 nvlsPerRankSize 33554432 nvlsTotalSize 234881024
dgx052:187:467 [4] NCCL INFO NVLS comm 0x55739e6d99e0 headRank 4 nHeads 7 buffSize 1048576 nvlsPerRankSize 33554432 nvlsTotalSize 234881024
dgx052:186:465 [3] NCCL INFO NVLS comm 0x55d77d3e7950 headRank 3 nHeads 7 buffSize 1048576 nvlsPerRankSize 33554432 nvlsTotalSize 234881024
dgx052:185:469 [2] NCCL INFO NVLS comm 0x556d575d9950 headRank 2 nHeads 7 buffSize 1048576 nvlsPerRankSize 33554432 nvlsTotalSize 234881024
dgx052:184:466 [1] NCCL INFO NVLS comm 0x556262696410 headRank 1 nHeads 7 buffSize 1048576 nvlsPerRankSize 33554432 nvlsTotalSize 234881024
dgx052:183:470 [0] NCCL INFO NVLS comm 0x5587093f4780 headRank 0 nHeads 7 buffSize 1048576 nvlsPerRankSize 33554432 nvlsTotalSize 234881024
dgx052:188:468 [5] NCCL INFO NVLS comm 0x55f259db2c00 headRank -1 nHeads 7 buffSize 1048576 nvlsPerRankSize 33554432 nvlsTotalSize 234881024
dgx052:190:472 [7] NCCL INFO NVLS comm 0x55b019dd19c0 headRank 6 nHeads 7 buffSize 1048576 nvlsPerRankSize 33554432 nvlsTotalSize 234881024
dgx052:185:469 [2] NCCL INFO GPU Direct RDMA Enabled for GPU 52000 / HCA 3 (distance 4 <= 4), read 0
dgx052:189:471 [6] NCCL INFO GPU Direct RDMA Enabled for GPU d1000 / HCA 8 (distance 4 <= 4), read 0
dgx052:186:465 [3] NCCL INFO GPU Direct RDMA Enabled for GPU 61000 / HCA 4 (distance 4 <= 4), read 0
dgx052:190:472 [7] NCCL INFO GPU Direct RDMA Enabled for GPU df000 / HCA 9 (distance 4 <= 4), read 0
dgx052:185:388 [2] NCCL INFO New proxy recv connection 1 from local rank 2, transport 2
dgx052:185:469 [2] NCCL INFO Connected to proxy localRank 2 -> connection 0x7f97d4004fb8
dgx052:186:384 [3] NCCL INFO New proxy recv connection 1 from local rank 3, transport 2
dgx052:187:467 [4] NCCL INFO GPU Direct RDMA Enabled for GPU 9d000 / HCA 5 (distance 4 <= 4), read 0
dgx052:188:468 [5] NCCL INFO Connected NVLS tree
dgx052:186:465 [3] NCCL INFO Connected to proxy localRank 3 -> connection 0x7ff744004fb8
dgx052:185:388 [2] NCCL INFO NET/IB : GPU Direct RDMA (DMABUF) enabled for HCA 3 'mlx5_4
dgx052:185:469 [2] NCCL INFO Channel 00/0 : 10[2] -> 2[2] [receive] via NET/IBext_v8/3/GDRDMA
dgx052:185:469 [2] NCCL INFO GPU Direct RDMA Enabled for GPU 52000 / HCA 3 (distance 4 <= 4), read 0
dgx052:186:384 [3] NCCL INFO NET/IB : GPU Direct RDMA (DMABUF) enabled for HCA 4 'mlx5_5
dgx052:183:470 [0] NCCL INFO GPU Direct RDMA Enabled for GPU 1b000 / HCA 0 (distance 4 <= 4), read 0
dgx052:184:466 [1] NCCL INFO GPU Direct RDMA Enabled for GPU 43000 / HCA 2 (distance 4 <= 4), read 0
dgx052:185:388 [2] NCCL INFO New proxy recv connection 2 from local rank 2, transport 2
dgx052:185:469 [2] NCCL INFO Connected to proxy localRank 2 -> connection 0x7f97d4005030
dgx052:186:465 [3] NCCL INFO Channel 00/0 : 11[3] -> 3[3] [receive] via NET/IBext_v8/4/GDRDMA
dgx052:186:465 [3] NCCL INFO GPU Direct RDMA Enabled for GPU 61000 / HCA 4 (distance 4 <= 4), read 0
dgx052:185:388 [2] NCCL INFO NET/IB : GPU Direct RDMA (DMABUF) enabled for HCA 3 'mlx5_4
dgx052:189:396 [6] NCCL INFO New proxy recv connection 1 from local rank 6, transport 2
dgx052:183:398 [0] NCCL INFO New proxy recv connection 1 from local rank 0, transport 2
dgx052:185:469 [2] NCCL INFO Channel 01/0 : 10[2] -> 2[2] [receive] via NET/IBext_v8/3/GDRDMA
dgx052:185:469 [2] NCCL INFO GPU Direct RDMA Enabled for GPU 52000 / HCA 3 (distance 4 <= 4), read 0
dgx052:186:384 [3] NCCL INFO New proxy recv connection 2 from local rank 3, transport 2
dgx052:183:470 [0] NCCL INFO Connected to proxy localRank 0 -> connection 0x7f7e68004fb8
dgx052:184:392 [1] NCCL INFO New proxy recv connection 1 from local rank 1, transport 2
dgx052:185:388 [2] NCCL INFO New proxy recv connection 3 from local rank 2, transport 2
dgx052:186:465 [3] NCCL INFO Connected to proxy localRank 3 -> connection 0x7ff744005030
dgx052:190:390 [7] NCCL INFO New proxy recv connection 1 from local rank 7, transport 2
dgx052:185:469 [2] NCCL INFO Connected to proxy localRank 2 -> connection 0x7f97d40050a8
dgx052:184:466 [1] NCCL INFO Connected to proxy localRank 1 -> connection 0x7f3380004fb8
dgx052:189:471 [6] NCCL INFO Connected to proxy localRank 6 -> connection 0x7fb138004fb8
dgx052:186:384 [3] NCCL INFO NET/IB : GPU Direct RDMA (DMABUF) enabled for HCA 4 'mlx5_5
dgx052:185:388 [2] NCCL INFO NET/IB : GPU Direct RDMA (DMABUF) enabled for HCA 3 'mlx5_4
dgx052:190:472 [7] NCCL INFO Connected to proxy localRank 7 -> connection 0x7ff4d8004fb8
dgx052:187:394 [4] NCCL INFO New proxy recv connection 1 from local rank 4, transport 2
dgx052:185:469 [2] NCCL INFO Channel 02/0 : 10[2] -> 2[2] [receive] via NET/IBext_v8/3/GDRDMA
dgx052:185:469 [2] NCCL INFO GPU Direct RDMA Enabled for GPU 52000 / HCA 3 (distance 4 <= 4), read 0
dgx052:183:398 [0] NCCL INFO NET/IB : GPU Direct RDMA (DMABUF) enabled for HCA 0 'mlx5_0
dgx052:186:465 [3] NCCL INFO Channel 01/0 : 11[3] -> 3[3] [receive] via NET/IBext_v8/4/GDRDMA
dgx052:186:465 [3] NCCL INFO GPU Direct RDMA Enabled for GPU 61000 / HCA 4 (distance 4 <= 4), read 0
dgx052:185:388 [2] NCCL INFO New proxy recv connection 4 from local rank 2, transport 2
dgx052:186:384 [3] NCCL INFO New proxy recv connection 3 from local rank 3, transport 2
dgx052:184:392 [1] NCCL INFO NET/IB : GPU Direct RDMA (DMABUF) enabled for HCA 2 'mlx5_3
dgx052:185:469 [2] NCCL INFO Connected to proxy localRank 2 -> connection 0x7f97d4005120
dgx052:183:470 [0] NCCL INFO Channel 00/0 : 8[0] -> 0[0] [receive] via NET/IBext_v8/0/GDRDMA
dgx052:183:470 [0] NCCL INFO GPU Direct RDMA Enabled for GPU 1b000 / HCA 0 (distance 4 <= 4), read 0
dgx052:186:465 [3] NCCL INFO Connected to proxy localRank 3 -> connection 0x7ff7440050a8
dgx052:187:467 [4] NCCL INFO Connected to proxy localRank 4 -> connection 0x7f4f8c004fb8
dgx052:189:396 [6] NCCL INFO NET/IB : GPU Direct RDMA (DMABUF) enabled for HCA 8 'mlx5_10
dgx052:185:388 [2] NCCL INFO NET/IB : GPU Direct RDMA (DMABUF) enabled for HCA 3 'mlx5_4
dgx052:190:390 [7] NCCL INFO NET/IB : GPU Direct RDMA (DMABUF) enabled for HCA 9 'mlx5_11
dgx052:186:384 [3] NCCL INFO NET/IB : GPU Direct RDMA (DMABUF) enabled for HCA 4 'mlx5_5
dgx052:185:469 [2] NCCL INFO Channel 03/0 : 10[2] -> 2[2] [receive] via NET/IBext_v8/3/GDRDMA
dgx052:184:466 [1] NCCL INFO Channel 00/0 : 9[1] -> 1[1] [receive] via NET/IBext_v8/2/GDRDMA
dgx052:185:469 [2] NCCL INFO GPU Direct RDMA Enabled for GPU 52000 / HCA 3 (distance 4 <= 4), read 0
dgx052:184:466 [1] NCCL INFO GPU Direct RDMA Enabled for GPU 43000 / HCA 2 (distance 4 <= 4), read 0
dgx052:183:398 [0] NCCL INFO New proxy recv connection 2 from local rank 0, transport 2
dgx052:186:465 [3] NCCL INFO Channel 02/0 : 11[3] -> 3[3] [receive] via NET/IBext_v8/4/GDRDMA
dgx052:183:470 [0] NCCL INFO Connected to proxy localRank 0 -> connection 0x7f7e68005030
dgx052:186:465 [3] NCCL INFO GPU Direct RDMA Enabled for GPU 61000 / HCA 4 (distance 4 <= 4), read 0
dgx052:185:388 [2] NCCL INFO New proxy recv connection 5 from local rank 2, transport 2
dgx052:185:469 [2] NCCL INFO Connected to proxy localRank 2 -> connection 0x7f97d4005198
dgx052:187:394 [4] NCCL INFO NET/IB : GPU Direct RDMA (DMABUF) enabled for HCA 5 'mlx5_6
dgx052:186:384 [3] NCCL INFO New proxy recv connection 4 from local rank 3, transport 2
dgx052:184:392 [1] NCCL INFO New proxy recv connection 2 from local rank 1, transport 2
dgx052:189:471 [6] NCCL INFO Channel 00/0 : 14[6] -> 6[6] [receive] via NET/IBext_v8/8/GDRDMA
dgx052:185:388 [2] NCCL INFO NET/IB : GPU Direct RDMA (DMABUF) enabled for HCA 3 'mlx5_4
dgx052:190:472 [7] NCCL INFO Channel 00/0 : 15[7] -> 7[7] [receive] via NET/IBext_v8/9/GDRDMA
dgx052:189:471 [6] NCCL INFO GPU Direct RDMA Enabled for GPU d1000 / HCA 8 (distance 4 <= 4), read 0
dgx052:190:472 [7] NCCL INFO GPU Direct RDMA Enabled for GPU df000 / HCA 9 (distance 4 <= 4), read 0
dgx052:186:465 [3] NCCL INFO Connected to proxy localRank 3 -> connection 0x7ff744005120
dgx052:183:398 [0] NCCL INFO NET/IB : GPU Direct RDMA (DMABUF) enabled for HCA 0 'mlx5_0
dgx052:185:469 [2] NCCL INFO Channel 04/0 : 10[2] -> 2[2] [receive] via NET/IBext_v8/3/GDRDMA
dgx052:185:469 [2] NCCL INFO GPU Direct RDMA Enabled for GPU 52000 / HCA 3 (distance 4 <= 4), read 0
dgx052:184:466 [1] NCCL INFO Connected to proxy localRank 1 -> connection 0x7f3380005030
dgx052:183:470 [0] NCCL INFO Channel 01/0 : 8[0] -> 0[0] [receive] via NET/IBext_v8/0/GDRDMA
dgx052:183:470 [0] NCCL INFO GPU Direct RDMA Enabled for GPU 1b000 / HCA 0 (distance 4 <= 4), read 0
dgx052:185:388 [2] NCCL INFO New proxy recv connection 6 from local rank 2, transport 2
dgx052:186:384 [3] NCCL INFO NET/IB : GPU Direct RDMA (DMABUF) enabled for HCA 4 'mlx5_5
dgx052:190:390 [7] NCCL INFO New proxy recv connection 2 from local rank 7, transport 2
dgx052:185:469 [2] NCCL INFO Connected to proxy localRank 2 -> connection 0x7f97d4005210
dgx052:189:396 [6] NCCL INFO New proxy recv connection 2 from local rank 6, transport 2
dgx052:186:465 [3] NCCL INFO Channel 03/0 : 11[3] -> 3[3] [receive] via NET/IBext_v8/4/GDRDMA
dgx052:186:465 [3] NCCL INFO GPU Direct RDMA Enabled for GPU 61000 / HCA 4 (distance 4 <= 4), read 0
dgx052:187:467 [4] NCCL INFO Channel 00/0 : 12[4] -> 4[4] [receive] via NET/IBext_v8/5/GDRDMA
dgx052:187:467 [4] NCCL INFO GPU Direct RDMA Enabled for GPU 9d000 / HCA 5 (distance 4 <= 4), read 0
dgx052:190:472 [7] NCCL INFO Connected to proxy localRank 7 -> connection 0x7ff4d8005030
dgx052:184:392 [1] NCCL INFO NET/IB : GPU Direct RDMA (DMABUF) enabled for HCA 2 'mlx5_3
dgx052:185:388 [2] NCCL INFO NET/IB : GPU Direct RDMA (DMABUF) enabled for HCA 3 'mlx5_4
dgx052:183:398 [0] NCCL INFO New proxy recv connection 3 from local rank 0, transport 2
dgx052:189:471 [6] NCCL INFO Connected to proxy localRank 6 -> connection 0x7fb138005030
dgx052:185:469 [2] NCCL INFO Channel 05/0 : 10[2] -> 2[2] [receive] via NET/IBext_v8/3/GDRDMA
dgx052:186:384 [3] NCCL INFO New proxy recv connection 5 from local rank 3, transport 2
dgx052:185:469 [2] NCCL INFO GPU Direct RDMA Enabled for GPU 52000 / HCA 3 (distance 4 <= 4), read 0
dgx052:183:470 [0] NCCL INFO Connected to proxy localRank 0 -> connection 0x7f7e680050a8
dgx052:184:466 [1] NCCL INFO Channel 01/0 : 9[1] -> 1[1] [receive] via NET/IBext_v8/2/GDRDMA
dgx052:186:465 [3] NCCL INFO Connected to proxy localRank 3 -> connection 0x7ff744005198
dgx052:184:466 [1] NCCL INFO GPU Direct RDMA Enabled for GPU 43000 / HCA 2 (distance 4 <= 4), read 0
dgx052:187:394 [4] NCCL INFO New proxy recv connection 2 from local rank 4, transport 2
dgx052:185:388 [2] NCCL INFO New proxy recv connection 7 from local rank 2, transport 2
dgx052:185:469 [2] NCCL INFO Connected to proxy localRank 2 -> connection 0x7f97d4005288
dgx052:186:384 [3] NCCL INFO NET/IB : GPU Direct RDMA (DMABUF) enabled for HCA 4 'mlx5_5
dgx052:190:390 [7] NCCL INFO NET/IB : GPU Direct RDMA (DMABUF) enabled for HCA 9 'mlx5_11
dgx052:187:467 [4] NCCL INFO Connected to proxy localRank 4 -> connection 0x7f4f8c005030
