dgx052:179:284 [0] NCCL INFO Trees [0] 1/8/-1->0->-1 [1] -1/-1/-1->0->7 [2] 1/-1/-1->0->7 [3] 1/-1/-1->0->7 [4] 1/-1/-1->0->7 [5] 1/-1/-1->0->7 [6] 1/-1/-1->0->7 [7] 1/-1/-1->0->8 [8] -1/-1/-1->0->7 [9] 1/-1/-1->0->7 [10] 1/-1/-1->0->7 [11] 1/-1/-1->0->7 [12] 1/-1/-1->0->7 [13] 1/-1/-1->0->7 [14] 1/8/-1->0->-1 [15] -1/-1/-1->0->7 [16] 1/-1/-1->0->7 [17] 1/-1/-1->0->7 [18] 1/-1/-1->0->7 [19] 1/-1/-1->0->7 [20] 1/-1/-1->0->7 [21] 1/-1/-1->0->8 [22] -1/-1/-1->0->7 [23] 1/-1/-1->0->7 [24] 1/-1/-1->0->7 [25] 1/-1/-1->0->7 [26] 1/-1/-1->0->7 [27] 1/-1/-1->0->7
dgx052:179:284 [0] NCCL INFO NCCL_BUFFSIZE set by environment to 16777216.
dgx052:179:284 [0] NCCL INFO NCCL_P2P_NET_CHUNKSIZE set by environment to 524288.
dgx052:179:284 [0] NCCL INFO P2P Chunksize set to 524288
dgx052:181:288 [2] NCCL INFO NCCL_NTHREADS set by environment to 512.
dgx052:181:288 [2] NCCL INFO threadThresholds 8/8/64 | 128/8/64 | 512 | 512
dgx052:181:288 [2] NCCL INFO 28 coll channels, 28 collnet channels, 16 nvls channels, 32 p2p channels, 2 p2p channels per peer
dgx052:179:284 [0] NCCL INFO NCCL_NTHREADS set by environment to 512.
dgx052:179:284 [0] NCCL INFO threadThresholds 8/8/64 | 128/8/64 | 512 | 512
dgx052:179:284 [0] NCCL INFO 28 coll channels, 28 collnet channels, 16 nvls channels, 32 p2p channels, 2 p2p channels per peer
dgx052:180:291 [1] NCCL INFO NCCL_NTHREADS set by environment to 512.
dgx052:180:291 [1] NCCL INFO threadThresholds 8/8/64 | 128/8/64 | 512 | 512
dgx052:180:291 [1] NCCL INFO 28 coll channels, 28 collnet channels, 16 nvls channels, 32 p2p channels, 2 p2p channels per peer
dgx052:186:290 [7] NCCL INFO NCCL_NTHREADS set by environment to 512.
dgx052:186:290 [7] NCCL INFO threadThresholds 8/8/64 | 128/8/64 | 512 | 512
dgx052:186:290 [7] NCCL INFO 28 coll channels, 28 collnet channels, 16 nvls channels, 32 p2p channels, 2 p2p channels per peer
dgx052:179:284 [0] NCCL INFO CC Off, Multi-GPU CC Off, workFifoBytes 1048576
dgx052:182:286 [3] NCCL INFO NCCL_NTHREADS set by environment to 512.
dgx052:182:286 [3] NCCL INFO threadThresholds 8/8/64 | 128/8/64 | 512 | 512
dgx052:182:286 [3] NCCL INFO 28 coll channels, 28 collnet channels, 16 nvls channels, 32 p2p channels, 2 p2p channels per peer
dgx052:183:287 [4] NCCL INFO NCCL_NTHREADS set by environment to 512.
dgx052:183:287 [4] NCCL INFO threadThresholds 8/8/64 | 128/8/64 | 512 | 512
dgx052:183:287 [4] NCCL INFO 28 coll channels, 28 collnet channels, 16 nvls channels, 32 p2p channels, 2 p2p channels per peer
dgx052:184:285 [5] NCCL INFO NCCL_NTHREADS set by environment to 512.
dgx052:184:285 [5] NCCL INFO threadThresholds 8/8/64 | 128/8/64 | 512 | 512
dgx052:184:285 [5] NCCL INFO 28 coll channels, 28 collnet channels, 16 nvls channels, 32 p2p channels, 2 p2p channels per peer
dgx052:185:289 [6] NCCL INFO NCCL_NTHREADS set by environment to 512.
dgx052:185:289 [6] NCCL INFO threadThresholds 8/8/64 | 128/8/64 | 512 | 512
dgx052:185:289 [6] NCCL INFO 28 coll channels, 28 collnet channels, 16 nvls channels, 32 p2p channels, 2 p2p channels per peer
dgx052:179:284 [0] NCCL INFO TUNER/Plugin: Failed to find ncclTunerPlugin_v3 symbol.
dgx052:179:284 [0] NCCL INFO TUNER/Plugin: Failed to find ncclTunerPlugin_v2 symbol, using internal tuner instead.
dgx052:179:284 [0] NCCL INFO ncclCommInitRank comm 0x55d35df51a20 rank 0 nranks 16 cudaDev 0 nvmlDev 0 busId 1b000 commId 0x70d8e041fd8d30d4 - Init COMPLETE
dgx052:179:284 [0] NCCL INFO Init timings: rank 0 nranks 16 total 2.23 (kernels 0.32, bootstrap 1.12, allgathers 0.24, topo 0.07, graphs 0.13, connections 0.33, rest 0.01)
dgx052:186:290 [7] NCCL INFO TUNER/Plugin: Failed to find ncclTunerPlugin_v3 symbol.
dgx052:182:286 [3] NCCL INFO TUNER/Plugin: Failed to find ncclTunerPlugin_v3 symbol.
dgx052:186:290 [7] NCCL INFO TUNER/Plugin: Failed to find ncclTunerPlugin_v2 symbol, using internal tuner instead.
dgx052:182:286 [3] NCCL INFO TUNER/Plugin: Failed to find ncclTunerPlugin_v2 symbol, using internal tuner instead.
dgx052:186:290 [7] NCCL INFO ncclCommInitRank comm 0x558a10200d40 rank 7 nranks 16 cudaDev 7 nvmlDev 7 busId df000 commId 0x70d8e041fd8d30d4 - Init COMPLETE
dgx052:182:286 [3] NCCL INFO ncclCommInitRank comm 0x55a8b8f01430 rank 3 nranks 16 cudaDev 3 nvmlDev 3 busId 61000 commId 0x70d8e041fd8d30d4 - Init COMPLETE
dgx052:186:290 [7] NCCL INFO Init timings: rank 7 nranks 16 total 2.18 (kernels 0.20, bootstrap 1.19, allgathers 0.16, topo 0.07, graphs 0.21, connections 0.30, rest 0.05)
dgx052:182:286 [3] NCCL INFO Init timings: rank 3 nranks 16 total 2.20 (kernels 0.31, bootstrap 1.09, allgathers 0.16, topo 0.07, graphs 0.21, connections 0.32, rest 0.02)
dgx052:180:291 [1] NCCL INFO TUNER/Plugin: Failed to find ncclTunerPlugin_v3 symbol.
dgx052:180:291 [1] NCCL INFO TUNER/Plugin: Failed to find ncclTunerPlugin_v2 symbol, using internal tuner instead.
dgx052:180:291 [1] NCCL INFO ncclCommInitRank comm 0x55c44d64ed80 rank 1 nranks 16 cudaDev 1 nvmlDev 1 busId 43000 commId 0x70d8e041fd8d30d4 - Init COMPLETE
dgx052:180:291 [1] NCCL INFO Init timings: rank 1 nranks 16 total 2.18 (kernels 0.34, bootstrap 1.04, allgathers 0.16, topo 0.07, graphs 0.21, connections 0.32, rest 0.02)
dgx052:181:288 [2] NCCL INFO TUNER/Plugin: Failed to find ncclTunerPlugin_v3 symbol.
dgx052:181:288 [2] NCCL INFO TUNER/Plugin: Failed to find ncclTunerPlugin_v2 symbol, using internal tuner instead.
dgx052:181:288 [2] NCCL INFO ncclCommInitRank comm 0x557bca418d20 rank 2 nranks 16 cudaDev 2 nvmlDev 2 busId 52000 commId 0x70d8e041fd8d30d4 - Init COMPLETE
dgx052:181:288 [2] NCCL INFO Init timings: rank 2 nranks 16 total 2.18 (kernels 0.20, bootstrap 1.19, allgathers 0.16, topo 0.07, graphs 0.22, connections 0.32, rest 0.03)
dgx052:183:287 [4] NCCL INFO TUNER/Plugin: Failed to find ncclTunerPlugin_v3 symbol.
dgx052:183:287 [4] NCCL INFO TUNER/Plugin: Failed to find ncclTunerPlugin_v2 symbol, using internal tuner instead.
dgx052:183:287 [4] NCCL INFO ncclCommInitRank comm 0x55a29a8ba600 rank 4 nranks 16 cudaDev 4 nvmlDev 4 busId 9d000 commId 0x70d8e041fd8d30d4 - Init COMPLETE
dgx052:183:287 [4] NCCL INFO Init timings: rank 4 nranks 16 total 2.19 (kernels 0.33, bootstrap 1.06, allgathers 0.01, topo 0.07, graphs 0.37, connections 0.33, rest 0.02)
dgx052:185:289 [6] NCCL INFO TUNER/Plugin: Failed to find ncclTunerPlugin_v3 symbol.
dgx052:185:289 [6] NCCL INFO TUNER/Plugin: Failed to find ncclTunerPlugin_v2 symbol, using internal tuner instead.
dgx052:184:285 [5] NCCL INFO TUNER/Plugin: Failed to find ncclTunerPlugin_v3 symbol.
dgx052:185:289 [6] NCCL INFO ncclCommInitRank comm 0x5597fb4c01d0 rank 6 nranks 16 cudaDev 6 nvmlDev 6 busId d1000 commId 0x70d8e041fd8d30d4 - Init COMPLETE
dgx052:184:285 [5] NCCL INFO TUNER/Plugin: Failed to find ncclTunerPlugin_v2 symbol, using internal tuner instead.
dgx052:185:289 [6] NCCL INFO Init timings: rank 6 nranks 16 total 2.18 (kernels 0.20, bootstrap 1.19, allgathers 0.27, topo 0.07, graphs 0.11, connections 0.34, rest 0.01)
dgx052:184:285 [5] NCCL INFO ncclCommInitRank comm 0x55e032b126d0 rank 5 nranks 16 cudaDev 5 nvmlDev 5 busId c3000 commId 0x70d8e041fd8d30d4 - Init COMPLETE
dgx052:184:285 [5] NCCL INFO Init timings: rank 5 nranks 16 total 2.21 (kernels 0.32, bootstrap 1.09, allgathers 0.00, topo 0.07, graphs 0.37, connections 0.33, rest 0.02)
dgx052:180:399 [1] NCCL INFO NVLS comm 0x55c44d64ed80 headRank 1 nHeads 7 buffSize 1048576 nvlsPerRankSize 33554432 nvlsTotalSize 234881024
dgx052:181:403 [2] NCCL INFO NVLS comm 0x557bca418d20 headRank 2 nHeads 7 buffSize 1048576 nvlsPerRankSize 33554432 nvlsTotalSize 234881024
dgx052:186:402 [7] NCCL INFO NVLS comm 0x558a10200d40 headRank 6 nHeads 7 buffSize 1048576 nvlsPerRankSize 33554432 nvlsTotalSize 234881024
dgx052:184:398 [5] NCCL INFO NVLS comm 0x55e032b126d0 headRank -1 nHeads 7 buffSize 1048576 nvlsPerRankSize 33554432 nvlsTotalSize 234881024
dgx052:183:396 [4] NCCL INFO NVLS comm 0x55a29a8ba600 headRank 4 nHeads 7 buffSize 1048576 nvlsPerRankSize 33554432 nvlsTotalSize 234881024
dgx052:179:397 [0] NCCL INFO NVLS comm 0x55d35df51a20 headRank 0 nHeads 7 buffSize 1048576 nvlsPerRankSize 33554432 nvlsTotalSize 234881024
dgx052:185:400 [6] NCCL INFO NVLS comm 0x5597fb4c01d0 headRank 5 nHeads 7 buffSize 1048576 nvlsPerRankSize 33554432 nvlsTotalSize 234881024
dgx052:182:401 [3] NCCL INFO NVLS comm 0x55a8b8f01430 headRank 3 nHeads 7 buffSize 1048576 nvlsPerRankSize 33554432 nvlsTotalSize 234881024
dgx052:180:399 [1] NCCL INFO GPU Direct RDMA Enabled for GPU 43000 / HCA 2 (distance 4 <= 4), read 0
dgx052:184:398 [5] NCCL INFO Connected NVLS tree
dgx052:186:402 [7] NCCL INFO GPU Direct RDMA Enabled for GPU df000 / HCA 9 (distance 4 <= 4), read 0
dgx052:183:396 [4] NCCL INFO GPU Direct RDMA Enabled for GPU 9d000 / HCA 5 (distance 4 <= 4), read 0
dgx052:179:397 [0] NCCL INFO GPU Direct RDMA Enabled for GPU 1b000 / HCA 0 (distance 4 <= 4), read 0
dgx052:182:401 [3] NCCL INFO GPU Direct RDMA Enabled for GPU 61000 / HCA 4 (distance 4 <= 4), read 0
dgx052:185:400 [6] NCCL INFO GPU Direct RDMA Enabled for GPU d1000 / HCA 8 (distance 4 <= 4), read 0
dgx052:181:403 [2] NCCL INFO GPU Direct RDMA Enabled for GPU 52000 / HCA 3 (distance 4 <= 4), read 0
dgx052:181:392 [2] NCCL INFO New proxy recv connection 0 from local rank 2, transport 2
dgx052:185:380 [6] NCCL INFO New proxy recv connection 0 from local rank 6, transport 2
dgx052:183:386 [4] NCCL INFO New proxy recv connection 0 from local rank 4, transport 2
dgx052:180:388 [1] NCCL INFO New proxy recv connection 0 from local rank 1, transport 2
dgx052:179:382 [0] NCCL INFO New proxy recv connection 0 from local rank 0, transport 2
dgx052:182:390 [3] NCCL INFO New proxy recv connection 0 from local rank 3, transport 2
dgx052:186:394 [7] NCCL INFO New proxy recv connection 0 from local rank 7, transport 2
dgx052:185:400 [6] NCCL INFO Connected to proxy localRank 6 -> connection 0x7f9b40004f40
dgx052:179:397 [0] NCCL INFO Connected to proxy localRank 0 -> connection 0x7fca08004f40
dgx052:182:401 [3] NCCL INFO Connected to proxy localRank 3 -> connection 0x7fdd34004f40
dgx052:181:403 [2] NCCL INFO Connected to proxy localRank 2 -> connection 0x7f1808004f40
dgx052:183:396 [4] NCCL INFO Connected to proxy localRank 4 -> connection 0x7f1fd0004f40
dgx052:180:399 [1] NCCL INFO Connected to proxy localRank 1 -> connection 0x7f9ee0004f40
dgx052:185:380 [6] NCCL INFO NET/IB : GPU Direct RDMA (DMABUF) enabled for HCA 8 'mlx5_10
dgx052:183:386 [4] NCCL INFO NET/IB : GPU Direct RDMA (DMABUF) enabled for HCA 5 'mlx5_6
dgx052:179:382 [0] NCCL INFO NET/IB : GPU Direct RDMA (DMABUF) enabled for HCA 0 'mlx5_0
dgx052:180:388 [1] NCCL INFO NET/IB : GPU Direct RDMA (DMABUF) enabled for HCA 2 'mlx5_3
dgx052:182:390 [3] NCCL INFO NET/IB : GPU Direct RDMA (DMABUF) enabled for HCA 4 'mlx5_5
dgx052:181:392 [2] NCCL INFO NET/IB : GPU Direct RDMA (DMABUF) enabled for HCA 3 'mlx5_4
dgx052:185:400 [6] NCCL INFO Channel 00/0 : 14[6] -> 6[6] [receive] via NET/IBext_v8/8/GDRDMA
dgx052:185:400 [6] NCCL INFO GPU Direct RDMA Enabled for GPU d1000 / HCA 8 (distance 4 <= 4), read 0
dgx052:185:380 [6] NCCL INFO New proxy recv connection 1 from local rank 6, transport 2
dgx052:183:396 [4] NCCL INFO Channel 00/0 : 12[4] -> 4[4] [receive] via NET/IBext_v8/5/GDRDMA
dgx052:183:396 [4] NCCL INFO GPU Direct RDMA Enabled for GPU 9d000 / HCA 5 (distance 4 <= 4), read 0
dgx052:179:397 [0] NCCL INFO Channel 00/0 : 8[0] -> 0[0] [receive] via NET/IBext_v8/0/GDRDMA
dgx052:180:399 [1] NCCL INFO Channel 00/0 : 9[1] -> 1[1] [receive] via NET/IBext_v8/2/GDRDMA
dgx052:182:401 [3] NCCL INFO Channel 00/0 : 11[3] -> 3[3] [receive] via NET/IBext_v8/4/GDRDMA
dgx052:181:403 [2] NCCL INFO Channel 00/0 : 10[2] -> 2[2] [receive] via NET/IBext_v8/3/GDRDMA
dgx052:179:397 [0] NCCL INFO GPU Direct RDMA Enabled for GPU 1b000 / HCA 0 (distance 4 <= 4), read 0
dgx052:185:400 [6] NCCL INFO Connected to proxy localRank 6 -> connection 0x7f9b40004fb8
dgx052:180:399 [1] NCCL INFO GPU Direct RDMA Enabled for GPU 43000 / HCA 2 (distance 4 <= 4), read 0
dgx052:182:401 [3] NCCL INFO GPU Direct RDMA Enabled for GPU 61000 / HCA 4 (distance 4 <= 4), read 0
dgx052:181:403 [2] NCCL INFO GPU Direct RDMA Enabled for GPU 52000 / HCA 3 (distance 4 <= 4), read 0
dgx052:185:380 [6] NCCL INFO NET/IB : GPU Direct RDMA (DMABUF) enabled for HCA 8 'mlx5_10
dgx052:185:400 [6] NCCL INFO Channel 01/0 : 14[6] -> 6[6] [receive] via NET/IBext_v8/8/GDRDMA
dgx052:185:400 [6] NCCL INFO GPU Direct RDMA Enabled for GPU d1000 / HCA 8 (distance 4 <= 4), read 0
dgx052:185:380 [6] NCCL INFO New proxy recv connection 2 from local rank 6, transport 2
dgx052:185:400 [6] NCCL INFO Connected to proxy localRank 6 -> connection 0x7f9b40005030
dgx052:179:382 [0] NCCL INFO New proxy recv connection 1 from local rank 0, transport 2
dgx052:181:392 [2] NCCL INFO New proxy recv connection 1 from local rank 2, transport 2
dgx052:182:390 [3] NCCL INFO New proxy recv connection 1 from local rank 3, transport 2
dgx052:180:388 [1] NCCL INFO New proxy recv connection 1 from local rank 1, transport 2
dgx052:185:380 [6] NCCL INFO NET/IB : GPU Direct RDMA (DMABUF) enabled for HCA 8 'mlx5_10
dgx052:179:397 [0] NCCL INFO Connected to proxy localRank 0 -> connection 0x7fca08004fb8
dgx052:181:403 [2] NCCL INFO Connected to proxy localRank 2 -> connection 0x7f1808004fb8
dgx052:182:401 [3] NCCL INFO Connected to proxy localRank 3 -> connection 0x7fdd34004fb8
dgx052:180:399 [1] NCCL INFO Connected to proxy localRank 1 -> connection 0x7f9ee0004fb8
dgx052:185:400 [6] NCCL INFO Channel 02/0 : 14[6] -> 6[6] [receive] via NET/IBext_v8/8/GDRDMA
dgx052:185:400 [6] NCCL INFO GPU Direct RDMA Enabled for GPU d1000 / HCA 8 (distance 4 <= 4), read 0
dgx052:183:386 [4] NCCL INFO New proxy recv connection 1 from local rank 4, transport 2
dgx052:185:380 [6] NCCL INFO New proxy recv connection 3 from local rank 6, transport 2
dgx052:183:396 [4] NCCL INFO Connected to proxy localRank 4 -> connection 0x7f1fd0004fb8
dgx052:185:400 [6] NCCL INFO Connected to proxy localRank 6 -> connection 0x7f9b400050a8
dgx052:179:382 [0] NCCL INFO NET/IB : GPU Direct RDMA (DMABUF) enabled for HCA 0 'mlx5_0
dgx052:182:390 [3] NCCL INFO NET/IB : GPU Direct RDMA (DMABUF) enabled for HCA 4 'mlx5_5
dgx052:181:392 [2] NCCL INFO NET/IB : GPU Direct RDMA (DMABUF) enabled for HCA 3 'mlx5_4
dgx052:180:388 [1] NCCL INFO NET/IB : GPU Direct RDMA (DMABUF) enabled for HCA 2 'mlx5_3
dgx052:179:397 [0] NCCL INFO Channel 01/0 : 8[0] -> 0[0] [receive] via NET/IBext_v8/0/GDRDMA
dgx052:179:397 [0] NCCL INFO GPU Direct RDMA Enabled for GPU 1b000 / HCA 0 (distance 4 <= 4), read 0
dgx052:182:401 [3] NCCL INFO Channel 01/0 : 11[3] -> 3[3] [receive] via NET/IBext_v8/4/GDRDMA
dgx052:183:386 [4] NCCL INFO NET/IB : GPU Direct RDMA (DMABUF) enabled for HCA 5 'mlx5_6
dgx052:181:403 [2] NCCL INFO Channel 01/0 : 10[2] -> 2[2] [receive] via NET/IBext_v8/3/GDRDMA
dgx052:182:401 [3] NCCL INFO GPU Direct RDMA Enabled for GPU 61000 / HCA 4 (distance 4 <= 4), read 0
dgx052:185:380 [6] NCCL INFO NET/IB : GPU Direct RDMA (DMABUF) enabled for HCA 8 'mlx5_10
dgx052:181:403 [2] NCCL INFO GPU Direct RDMA Enabled for GPU 52000 / HCA 3 (distance 4 <= 4), read 0
dgx052:180:399 [1] NCCL INFO Channel 01/0 : 9[1] -> 1[1] [receive] via NET/IBext_v8/2/GDRDMA
dgx052:180:399 [1] NCCL INFO GPU Direct RDMA Enabled for GPU 43000 / HCA 2 (distance 4 <= 4), read 0
dgx052:185:400 [6] NCCL INFO Channel 03/0 : 14[6] -> 6[6] [receive] via NET/IBext_v8/8/GDRDMA
dgx052:185:400 [6] NCCL INFO GPU Direct RDMA Enabled for GPU d1000 / HCA 8 (distance 4 <= 4), read 0
dgx052:183:396 [4] NCCL INFO Channel 01/0 : 12[4] -> 4[4] [receive] via NET/IBext_v8/5/GDRDMA
dgx052:183:396 [4] NCCL INFO GPU Direct RDMA Enabled for GPU 9d000 / HCA 5 (distance 4 <= 4), read 0
dgx052:185:380 [6] NCCL INFO New proxy recv connection 4 from local rank 6, transport 2
dgx052:185:400 [6] NCCL INFO Connected to proxy localRank 6 -> connection 0x7f9b40005120
dgx052:185:380 [6] NCCL INFO NET/IB : GPU Direct RDMA (DMABUF) enabled for HCA 8 'mlx5_10
dgx052:185:400 [6] NCCL INFO Channel 04/0 : 14[6] -> 6[6] [receive] via NET/IBext_v8/8/GDRDMA
dgx052:185:400 [6] NCCL INFO GPU Direct RDMA Enabled for GPU d1000 / HCA 8 (distance 4 <= 4), read 0
dgx052:182:390 [3] NCCL INFO New proxy recv connection 2 from local rank 3, transport 2
dgx052:179:382 [0] NCCL INFO New proxy recv connection 2 from local rank 0, transport 2
dgx052:180:388 [1] NCCL INFO New proxy recv connection 2 from local rank 1, transport 2
dgx052:185:380 [6] NCCL INFO New proxy recv connection 5 from local rank 6, transport 2
dgx052:181:392 [2] NCCL INFO New proxy recv connection 2 from local rank 2, transport 2
dgx052:179:397 [0] NCCL INFO Connected to proxy localRank 0 -> connection 0x7fca08005030
dgx052:182:401 [3] NCCL INFO Connected to proxy localRank 3 -> connection 0x7fdd34005030
dgx052:185:400 [6] NCCL INFO Connected to proxy localRank 6 -> connection 0x7f9b40005198
dgx052:183:386 [4] NCCL INFO New proxy recv connection 2 from local rank 4, transport 2
dgx052:180:399 [1] NCCL INFO Connected to proxy localRank 1 -> connection 0x7f9ee0005030
dgx052:181:403 [2] NCCL INFO Connected to proxy localRank 2 -> connection 0x7f1808005030
dgx052:185:380 [6] NCCL INFO NET/IB : GPU Direct RDMA (DMABUF) enabled for HCA 8 'mlx5_10
dgx052:183:396 [4] NCCL INFO Connected to proxy localRank 4 -> connection 0x7f1fd0005030
dgx052:185:400 [6] NCCL INFO Channel 05/0 : 14[6] -> 6[6] [receive] via NET/IBext_v8/8/GDRDMA
dgx052:179:382 [0] NCCL INFO NET/IB : GPU Direct RDMA (DMABUF) enabled for HCA 0 'mlx5_0
dgx052:185:400 [6] NCCL INFO GPU Direct RDMA Enabled for GPU d1000 / HCA 8 (distance 4 <= 4), read 0
dgx052:182:390 [3] NCCL INFO NET/IB : GPU Direct RDMA (DMABUF) enabled for HCA 4 'mlx5_5
dgx052:181:392 [2] NCCL INFO NET/IB : GPU Direct RDMA (DMABUF) enabled for HCA 3 'mlx5_4
dgx052:180:388 [1] NCCL INFO NET/IB : GPU Direct RDMA (DMABUF) enabled for HCA 2 'mlx5_3
dgx052:185:380 [6] NCCL INFO New proxy recv connection 6 from local rank 6, transport 2
dgx052:185:400 [6] NCCL INFO Connected to proxy localRank 6 -> connection 0x7f9b40005210
dgx052:183:386 [4] NCCL INFO NET/IB : GPU Direct RDMA (DMABUF) enabled for HCA 5 'mlx5_6
dgx052:179:397 [0] NCCL INFO Channel 02/0 : 8[0] -> 0[0] [receive] via NET/IBext_v8/0/GDRDMA
dgx052:179:397 [0] NCCL INFO GPU Direct RDMA Enabled for GPU 1b000 / HCA 0 (distance 4 <= 4), read 0
dgx052:182:401 [3] NCCL INFO Channel 02/0 : 11[3] -> 3[3] [receive] via NET/IBext_v8/4/GDRDMA
dgx052:182:401 [3] NCCL INFO GPU Direct RDMA Enabled for GPU 61000 / HCA 4 (distance 4 <= 4), read 0
dgx052:180:399 [1] NCCL INFO Channel 02/0 : 9[1] -> 1[1] [receive] via NET/IBext_v8/2/GDRDMA
dgx052:181:403 [2] NCCL INFO Channel 02/0 : 10[2] -> 2[2] [receive] via NET/IBext_v8/3/GDRDMA
dgx052:180:399 [1] NCCL INFO GPU Direct RDMA Enabled for GPU 43000 / HCA 2 (distance 4 <= 4), read 0
dgx052:181:403 [2] NCCL INFO GPU Direct RDMA Enabled for GPU 52000 / HCA 3 (distance 4 <= 4), read 0
dgx052:185:380 [6] NCCL INFO NET/IB : GPU Direct RDMA (DMABUF) enabled for HCA 8 'mlx5_10
dgx052:183:396 [4] NCCL INFO Channel 02/0 : 12[4] -> 4[4] [receive] via NET/IBext_v8/5/GDRDMA
dgx052:183:396 [4] NCCL INFO GPU Direct RDMA Enabled for GPU 9d000 / HCA 5 (distance 4 <= 4), read 0
dgx052:185:400 [6] NCCL INFO Channel 06/0 : 14[6] -> 6[6] [receive] via NET/IBext_v8/8/GDRDMA
dgx052:185:400 [6] NCCL INFO GPU Direct RDMA Enabled for GPU d1000 / HCA 8 (distance 4 <= 4), read 0
dgx052:185:380 [6] NCCL INFO New proxy recv connection 7 from local rank 6, transport 2
dgx052:185:400 [6] NCCL INFO Connected to proxy localRank 6 -> connection 0x7f9b40005288
dgx052:185:380 [6] NCCL INFO NET/IB : GPU Direct RDMA (DMABUF) enabled for HCA 8 'mlx5_10
dgx052:185:400 [6] NCCL INFO Channel 07/0 : 14[6] -> 6[6] [receive] via NET/IBext_v8/8/GDRDMA
dgx052:185:400 [6] NCCL INFO GPU Direct RDMA Enabled for GPU d1000 / HCA 8 (distance 4 <= 4), read 0
dgx052:179:382 [0] NCCL INFO New proxy recv connection 3 from local rank 0, transport 2
dgx052:185:380 [6] NCCL INFO New proxy recv connection 8 from local rank 6, transport 2
dgx052:182:390 [3] NCCL INFO New proxy recv connection 3 from local rank 3, transport 2
dgx052:180:388 [1] NCCL INFO New proxy recv connection 3 from local rank 1, transport 2
dgx052:179:397 [0] NCCL INFO Connected to proxy localRank 0 -> connection 0x7fca080050a8
dgx052:185:400 [6] NCCL INFO Connected to proxy localRank 6 -> connection 0x7f9b40005300
dgx052:181:392 [2] NCCL INFO New proxy recv connection 3 from local rank 2, transport 2
dgx052:183:386 [4] NCCL INFO New proxy recv connection 3 from local rank 4, transport 2
dgx052:182:401 [3] NCCL INFO Connected to proxy localRank 3 -> connection 0x7fdd340050a8
dgx052:180:399 [1] NCCL INFO Connected to proxy localRank 1 -> connection 0x7f9ee00050a8
dgx052:185:380 [6] NCCL INFO NET/IB : GPU Direct RDMA (DMABUF) enabled for HCA 8 'mlx5_10
dgx052:181:403 [2] NCCL INFO Connected to proxy localRank 2 -> connection 0x7f18080050a8
dgx052:183:396 [4] NCCL INFO Connected to proxy localRank 4 -> connection 0x7f1fd00050a8
dgx052:185:400 [6] NCCL INFO Channel 08/0 : 14[6] -> 6[6] [receive] via NET/IBext_v8/8/GDRDMA
dgx052:185:400 [6] NCCL INFO GPU Direct RDMA Enabled for GPU d1000 / HCA 8 (distance 4 <= 4), read 0
dgx052:179:382 [0] NCCL INFO NET/IB : GPU Direct RDMA (DMABUF) enabled for HCA 0 'mlx5_0
dgx052:180:388 [1] NCCL INFO NET/IB : GPU Direct RDMA (DMABUF) enabled for HCA 2 'mlx5_3
dgx052:182:390 [3] NCCL INFO NET/IB : GPU Direct RDMA (DMABUF) enabled for HCA 4 'mlx5_5
dgx052:185:380 [6] NCCL INFO New proxy recv connection 9 from local rank 6, transport 2
dgx052:185:400 [6] NCCL INFO Connected to proxy localRank 6 -> connection 0x7f9b40005378
dgx052:179:397 [0] NCCL INFO Channel 03/0 : 8[0] -> 0[0] [receive] via NET/IBext_v8/0/GDRDMA
dgx052:183:386 [4] NCCL INFO NET/IB : GPU Direct RDMA (DMABUF) enabled for HCA 5 'mlx5_6
dgx052:179:397 [0] NCCL INFO GPU Direct RDMA Enabled for GPU 1b000 / HCA 0 (distance 4 <= 4), read 0
dgx052:181:392 [2] NCCL INFO NET/IB : GPU Direct RDMA (DMABUF) enabled for HCA 3 'mlx5_4
dgx052:180:399 [1] NCCL INFO Channel 03/0 : 9[1] -> 1[1] [receive] via NET/IBext_v8/2/GDRDMA
dgx052:182:401 [3] NCCL INFO Channel 03/0 : 11[3] -> 3[3] [receive] via NET/IBext_v8/4/GDRDMA
dgx052:180:399 [1] NCCL INFO GPU Direct RDMA Enabled for GPU 43000 / HCA 2 (distance 4 <= 4), read 0
dgx052:182:401 [3] NCCL INFO GPU Direct RDMA Enabled for GPU 61000 / HCA 4 (distance 4 <= 4), read 0
dgx052:185:380 [6] NCCL INFO NET/IB : GPU Direct RDMA (DMABUF) enabled for HCA 8 'mlx5_10
dgx052:183:396 [4] NCCL INFO Channel 03/0 : 12[4] -> 4[4] [receive] via NET/IBext_v8/5/GDRDMA
dgx052:183:396 [4] NCCL INFO GPU Direct RDMA Enabled for GPU 9d000 / HCA 5 (distance 4 <= 4), read 0
dgx052:181:403 [2] NCCL INFO Channel 03/0 : 10[2] -> 2[2] [receive] via NET/IBext_v8/3/GDRDMA
dgx052:185:400 [6] NCCL INFO Channel 09/0 : 14[6] -> 6[6] [receive] via NET/IBext_v8/8/GDRDMA
dgx052:181:403 [2] NCCL INFO GPU Direct RDMA Enabled for GPU 52000 / HCA 3 (distance 4 <= 4), read 0
dgx052:185:400 [6] NCCL INFO GPU Direct RDMA Enabled for GPU d1000 / HCA 8 (distance 4 <= 4), read 0
dgx052:185:380 [6] NCCL INFO New proxy recv connection 10 from local rank 6, transport 2
dgx052:185:400 [6] NCCL INFO Connected to proxy localRank 6 -> connection 0x7f9b400053f0
dgx052:181:392 [2] NCCL INFO New proxy recv connection 4 from local rank 2, transport 2
dgx052:181:403 [2] NCCL INFO Connected to proxy localRank 2 -> connection 0x7f1808005120
dgx052:185:380 [6] NCCL INFO NET/IB : GPU Direct RDMA (DMABUF) enabled for HCA 8 'mlx5_10
dgx052:179:382 [0] NCCL INFO New proxy recv connection 4 from local rank 0, transport 2
dgx052:185:400 [6] NCCL INFO Channel 10/0 : 14[6] -> 6[6] [receive] via NET/IBext_v8/8/GDRDMA
dgx052:182:390 [3] NCCL INFO New proxy recv connection 4 from local rank 3, transport 2
dgx052:180:388 [1] NCCL INFO New proxy recv connection 4 from local rank 1, transport 2
dgx052:185:400 [6] NCCL INFO GPU Direct RDMA Enabled for GPU d1000 / HCA 8 (distance 4 <= 4), read 0
dgx052:179:397 [0] NCCL INFO Connected to proxy localRank 0 -> connection 0x7fca08005120
dgx052:185:380 [6] NCCL INFO New proxy recv connection 11 from local rank 6, transport 2
dgx052:182:401 [3] NCCL INFO Connected to proxy localRank 3 -> connection 0x7fdd34005120
dgx052:180:399 [1] NCCL INFO Connected to proxy localRank 1 -> connection 0x7f9ee0005120
dgx052:185:400 [6] NCCL INFO Connected to proxy localRank 6 -> connection 0x7f9b40005468
dgx052:183:386 [4] NCCL INFO New proxy recv connection 4 from local rank 4, transport 2
dgx052:185:380 [6] NCCL INFO NET/IB : GPU Direct RDMA (DMABUF) enabled for HCA 8 'mlx5_10
dgx052:183:396 [4] NCCL INFO Connected to proxy localRank 4 -> connection 0x7f1fd0005120
dgx052:179:382 [0] NCCL INFO NET/IB : GPU Direct RDMA (DMABUF) enabled for HCA 0 'mlx5_0
dgx052:180:388 [1] NCCL INFO NET/IB : GPU Direct RDMA (DMABUF) enabled for HCA 2 'mlx5_3
dgx052:182:390 [3] NCCL INFO NET/IB : GPU Direct RDMA (DMABUF) enabled for HCA 4 'mlx5_5
dgx052:185:400 [6] NCCL INFO Channel 11/0 : 14[6] -> 6[6] [receive] via NET/IBext_v8/8/GDRDMA
dgx052:185:400 [6] NCCL INFO GPU Direct RDMA Enabled for GPU d1000 / HCA 8 (distance 4 <= 4), read 0
dgx052:185:380 [6] NCCL INFO New proxy recv connection 12 from local rank 6, transport 2
dgx052:179:397 [0] NCCL INFO Channel 04/0 : 8[0] -> 0[0] [receive] via NET/IBext_v8/0/GDRDMA
dgx052:180:399 [1] NCCL INFO Channel 04/0 : 9[1] -> 1[1] [receive] via NET/IBext_v8/2/GDRDMA
dgx052:181:392 [2] NCCL INFO NET/IB : GPU Direct RDMA (DMABUF) enabled for HCA 3 'mlx5_4
dgx052:179:397 [0] NCCL INFO GPU Direct RDMA Enabled for GPU 1b000 / HCA 0 (distance 4 <= 4), read 0
dgx052:185:400 [6] NCCL INFO Connected to proxy localRank 6 -> connection 0x7f9b400054e0
dgx052:180:399 [1] NCCL INFO GPU Direct RDMA Enabled for GPU 43000 / HCA 2 (distance 4 <= 4), read 0
dgx052:183:386 [4] NCCL INFO NET/IB : GPU Direct RDMA (DMABUF) enabled for HCA 5 'mlx5_6
dgx052:182:401 [3] NCCL INFO Channel 04/0 : 11[3] -> 3[3] [receive] via NET/IBext_v8/4/GDRDMA
dgx052:182:401 [3] NCCL INFO GPU Direct RDMA Enabled for GPU 61000 / HCA 4 (distance 4 <= 4), read 0
dgx052:185:380 [6] NCCL INFO NET/IB : GPU Direct RDMA (DMABUF) enabled for HCA 8 'mlx5_10
dgx052:183:396 [4] NCCL INFO Channel 04/0 : 12[4] -> 4[4] [receive] via NET/IBext_v8/5/GDRDMA
dgx052:183:396 [4] NCCL INFO GPU Direct RDMA Enabled for GPU 9d000 / HCA 5 (distance 4 <= 4), read 0
dgx052:182:390 [3] NCCL INFO New proxy recv connection 5 from local rank 3, transport 2
dgx052:181:403 [2] NCCL INFO Channel 04/0 : 10[2] -> 2[2] [receive] via NET/IBext_v8/3/GDRDMA
dgx052:181:403 [2] NCCL INFO GPU Direct RDMA Enabled for GPU 52000 / HCA 3 (distance 4 <= 4), read 0
dgx052:185:400 [6] NCCL INFO Channel 12/0 : 14[6] -> 6[6] [receive] via NET/IBext_v8/8/GDRDMA
dgx052:185:400 [6] NCCL INFO GPU Direct RDMA Enabled for GPU d1000 / HCA 8 (distance 4 <= 4), read 0
dgx052:182:401 [3] NCCL INFO Connected to proxy localRank 3 -> connection 0x7fdd34005198
dgx052:185:380 [6] NCCL INFO New proxy recv connection 13 from local rank 6, transport 2
dgx052:185:400 [6] NCCL INFO Connected to proxy localRank 6 -> connection 0x7f9b40005558
dgx052:181:392 [2] NCCL INFO New proxy recv connection 5 from local rank 2, transport 2
dgx052:181:403 [2] NCCL INFO Connected to proxy localRank 2 -> connection 0x7f1808005198
dgx052:182:390 [3] NCCL INFO NET/IB : GPU Direct RDMA (DMABUF) enabled for HCA 4 'mlx5_5
dgx052:185:380 [6] NCCL INFO NET/IB : GPU Direct RDMA (DMABUF) enabled for HCA 8 'mlx5_10
dgx052:185:400 [6] NCCL INFO Channel 13/0 : 14[6] -> 6[6] [receive] via NET/IBext_v8/8/GDRDMA
dgx052:185:400 [6] NCCL INFO GPU Direct RDMA Enabled for GPU d1000 / HCA 8 (distance 4 <= 4), read 0
dgx052:179:382 [0] NCCL INFO New proxy recv connection 5 from local rank 0, transport 2
dgx052:182:401 [3] NCCL INFO Channel 05/0 : 11[3] -> 3[3] [receive] via NET/IBext_v8/4/GDRDMA
dgx052:182:401 [3] NCCL INFO GPU Direct RDMA Enabled for GPU 61000 / HCA 4 (distance 4 <= 4), read 0
dgx052:185:380 [6] NCCL INFO New proxy recv connection 14 from local rank 6, transport 2
dgx052:181:392 [2] NCCL INFO NET/IB : GPU Direct RDMA (DMABUF) enabled for HCA 3 'mlx5_4
dgx052:180:388 [1] NCCL INFO New proxy recv connection 5 from local rank 1, transport 2
dgx052:179:397 [0] NCCL INFO Connected to proxy localRank 0 -> connection 0x7fca08005198
dgx052:185:400 [6] NCCL INFO Connected to proxy localRank 6 -> connection 0x7f9b400055d0
dgx052:183:386 [4] NCCL INFO New proxy recv connection 5 from local rank 4, transport 2
dgx052:180:399 [1] NCCL INFO Connected to proxy localRank 1 -> connection 0x7f9ee0005198
dgx052:181:403 [2] NCCL INFO Channel 05/0 : 10[2] -> 2[2] [receive] via NET/IBext_v8/3/GDRDMA
dgx052:181:403 [2] NCCL INFO GPU Direct RDMA Enabled for GPU 52000 / HCA 3 (distance 4 <= 4), read 0
dgx052:185:380 [6] NCCL INFO NET/IB : GPU Direct RDMA (DMABUF) enabled for HCA 8 'mlx5_10
dgx052:186:402 [7] NCCL INFO Connected to proxy localRank 7 -> connection 0x7fe68c004f40
dgx052:183:396 [4] NCCL INFO Connected to proxy localRank 4 -> connection 0x7f1fd0005198
dgx052:185:400 [6] NCCL INFO Channel 14/0 : 14[6] -> 6[6] [receive] via NET/IBext_v8/8/GDRDMA
dgx052:185:400 [6] NCCL INFO GPU Direct RDMA Enabled for GPU d1000 / HCA 8 (distance 4 <= 4), read 0
dgx052:179:382 [0] NCCL INFO NET/IB : GPU Direct RDMA (DMABUF) enabled for HCA 0 'mlx5_0
dgx052:180:388 [1] NCCL INFO NET/IB : GPU Direct RDMA (DMABUF) enabled for HCA 2 'mlx5_3
dgx052:185:380 [6] NCCL INFO New proxy recv connection 15 from local rank 6, transport 2
dgx052:185:400 [6] NCCL INFO Connected to proxy localRank 6 -> connection 0x7f9b40005648
dgx052:182:390 [3] NCCL INFO New proxy recv connection 6 from local rank 3, transport 2
dgx052:179:397 [0] NCCL INFO Channel 05/0 : 8[0] -> 0[0] [receive] via NET/IBext_v8/0/GDRDMA
dgx052:183:386 [4] NCCL INFO NET/IB : GPU Direct RDMA (DMABUF) enabled for HCA 5 'mlx5_6
dgx052:179:397 [0] NCCL INFO GPU Direct RDMA Enabled for GPU 1b000 / HCA 0 (distance 4 <= 4), read 0
dgx052:180:399 [1] NCCL INFO Channel 05/0 : 9[1] -> 1[1] [receive] via NET/IBext_v8/2/GDRDMA
dgx052:180:399 [1] NCCL INFO GPU Direct RDMA Enabled for GPU 43000 / HCA 2 (distance 4 <= 4), read 0
dgx052:185:380 [6] NCCL INFO NET/IB : GPU Direct RDMA (DMABUF) enabled for HCA 8 'mlx5_10
dgx052:182:401 [3] NCCL INFO Connected to proxy localRank 3 -> connection 0x7fdd34005210
dgx052:185:400 [6] NCCL INFO Channel 15/0 : 14[6] -> 6[6] [receive] via NET/IBext_v8/8/GDRDMA
dgx052:183:396 [4] NCCL INFO Channel 05/0 : 12[4] -> 4[4] [receive] via NET/IBext_v8/5/GDRDMA
dgx052:185:400 [6] NCCL INFO GPU Direct RDMA Enabled for GPU d1000 / HCA 8 (distance 4 <= 4), read 0
dgx052:183:396 [4] NCCL INFO GPU Direct RDMA Enabled for GPU 9d000 / HCA 5 (distance 4 <= 4), read 0
dgx052:181:392 [2] NCCL INFO New proxy recv connection 6 from local rank 2, transport 2
dgx052:179:382 [0] NCCL INFO New proxy recv connection 6 from local rank 0, transport 2
dgx052:185:380 [6] NCCL INFO New proxy recv connection 16 from local rank 6, transport 2
dgx052:179:397 [0] NCCL INFO Connected to proxy localRank 0 -> connection 0x7fca08005210
dgx052:181:403 [2] NCCL INFO Connected to proxy localRank 2 -> connection 0x7f1808005210
dgx052:185:400 [6] NCCL INFO Connected to proxy localRank 6 -> connection 0x7f9b400056c0
dgx052:182:390 [3] NCCL INFO NET/IB : GPU Direct RDMA (DMABUF) enabled for HCA 4 'mlx5_5
dgx052:183:386 [4] NCCL INFO New proxy recv connection 6 from local rank 4, transport 2
dgx052:186:394 [7] NCCL INFO NET/IB : GPU Direct RDMA (DMABUF) enabled for HCA 9 'mlx5_11
dgx052:183:396 [4] NCCL INFO Connected to proxy localRank 4 -> connection 0x7f1fd0005210
dgx052:185:380 [6] NCCL INFO NET/IB : GPU Direct RDMA (DMABUF) enabled for HCA 8 'mlx5_10
dgx052:179:382 [0] NCCL INFO NET/IB : GPU Direct RDMA (DMABUF) enabled for HCA 0 'mlx5_0
dgx052:182:401 [3] NCCL INFO Channel 06/0 : 11[3] -> 3[3] [receive] via NET/IBext_v8/4/GDRDMA
dgx052:182:401 [3] NCCL INFO GPU Direct RDMA Enabled for GPU 61000 / HCA 4 (distance 4 <= 4), read 0
dgx052:181:392 [2] NCCL INFO NET/IB : GPU Direct RDMA (DMABUF) enabled for HCA 3 'mlx5_4
dgx052:185:400 [6] NCCL INFO Channel 16/0 : 14[6] -> 6[6] [receive] via NET/IBext_v8/8/GDRDMA
dgx052:185:400 [6] NCCL INFO GPU Direct RDMA Enabled for GPU d1000 / HCA 8 (distance 4 <= 4), read 0
dgx052:180:388 [1] NCCL INFO New proxy recv connection 6 from local rank 1, transport 2
dgx052:186:402 [7] NCCL INFO Channel 00/0 : 15[7] -> 7[7] [receive] via NET/IBext_v8/9/GDRDMA
dgx052:179:397 [0] NCCL INFO Channel 06/0 : 8[0] -> 0[0] [receive] via NET/IBext_v8/0/GDRDMA
dgx052:179:397 [0] NCCL INFO GPU Direct RDMA Enabled for GPU 1b000 / HCA 0 (distance 4 <= 4), read 0
dgx052:186:402 [7] NCCL INFO GPU Direct RDMA Enabled for GPU df000 / HCA 9 (distance 4 <= 4), read 0
dgx052:185:380 [6] NCCL INFO New proxy recv connection 17 from local rank 6, transport 2
dgx052:183:386 [4] NCCL INFO NET/IB : GPU Direct RDMA (DMABUF) enabled for HCA 5 'mlx5_6
dgx052:180:399 [1] NCCL INFO Connected to proxy localRank 1 -> connection 0x7f9ee0005210
dgx052:181:403 [2] NCCL INFO Channel 06/0 : 10[2] -> 2[2] [receive] via NET/IBext_v8/3/GDRDMA
dgx052:181:403 [2] NCCL INFO GPU Direct RDMA Enabled for GPU 52000 / HCA 3 (distance 4 <= 4), read 0
dgx052:185:400 [6] NCCL INFO Connected to proxy localRank 6 -> connection 0x7f9b40005738
dgx052:183:396 [4] NCCL INFO Channel 06/0 : 12[4] -> 4[4] [receive] via NET/IBext_v8/5/GDRDMA
dgx052:183:396 [4] NCCL INFO GPU Direct RDMA Enabled for GPU 9d000 / HCA 5 (distance 4 <= 4), read 0
dgx052:185:380 [6] NCCL INFO NET/IB : GPU Direct RDMA (DMABUF) enabled for HCA 8 'mlx5_10
dgx052:186:394 [7] NCCL INFO New proxy recv connection 1 from local rank 7, transport 2
dgx052:185:400 [6] NCCL INFO Channel 17/0 : 14[6] -> 6[6] [receive] via NET/IBext_v8/8/GDRDMA
dgx052:185:400 [6] NCCL INFO GPU Direct RDMA Enabled for GPU d1000 / HCA 8 (distance 4 <= 4), read 0
dgx052:186:402 [7] NCCL INFO Connected to proxy localRank 7 -> connection 0x7fe68c004fb8
dgx052:182:390 [3] NCCL INFO New proxy recv connection 7 from local rank 3, transport 2
dgx052:185:380 [6] NCCL INFO New proxy recv connection 18 from local rank 6, transport 2
dgx052:182:401 [3] NCCL INFO Connected to proxy localRank 3 -> connection 0x7fdd34005288
dgx052:185:400 [6] NCCL INFO Connected to proxy localRank 6 -> connection 0x7f9b400057b0
dgx052:179:382 [0] NCCL INFO New proxy recv connection 7 from local rank 0, transport 2
dgx052:182:390 [3] NCCL INFO NET/IB : GPU Direct RDMA (DMABUF) enabled for HCA 4 'mlx5_5
dgx052:181:392 [2] NCCL INFO New proxy recv connection 7 from local rank 2, transport 2
dgx052:180:388 [1] NCCL INFO NET/IB : GPU Direct RDMA (DMABUF) enabled for HCA 2 'mlx5_3
dgx052:185:380 [6] NCCL INFO NET/IB : GPU Direct RDMA (DMABUF) enabled for HCA 8 'mlx5_10
dgx052:179:397 [0] NCCL INFO Connected to proxy localRank 0 -> connection 0x7fca08005288
dgx052:181:403 [2] NCCL INFO Connected to proxy localRank 2 -> connection 0x7f1808005288
dgx052:182:401 [3] NCCL INFO Channel 07/0 : 11[3] -> 3[3] [receive] via NET/IBext_v8/4/GDRDMA
dgx052:182:401 [3] NCCL INFO GPU Direct RDMA Enabled for GPU 61000 / HCA 4 (distance 4 <= 4), read 0
dgx052:185:400 [6] NCCL INFO Channel 18/0 : 14[6] -> 6[6] [receive] via NET/IBext_v8/8/GDRDMA
dgx052:185:400 [6] NCCL INFO GPU Direct RDMA Enabled for GPU d1000 / HCA 8 (distance 4 <= 4), read 0
dgx052:180:399 [1] NCCL INFO Channel 06/0 : 9[1] -> 1[1] [receive] via NET/IBext_v8/2/GDRDMA
dgx052:180:399 [1] NCCL INFO GPU Direct RDMA Enabled for GPU 43000 / HCA 2 (distance 4 <= 4), read 0
dgx052:185:380 [6] NCCL INFO New proxy recv connection 19 from local rank 6, transport 2
dgx052:185:400 [6] NCCL INFO Connected to proxy localRank 6 -> connection 0x7f9b40005828
dgx052:183:386 [4] NCCL INFO New proxy recv connection 7 from local rank 4, transport 2
dgx052:185:380 [6] NCCL INFO NET/IB : GPU Direct RDMA (DMABUF) enabled for HCA 8 'mlx5_10
dgx052:183:396 [4] NCCL INFO Connected to proxy localRank 4 -> connection 0x7f1fd0005288
dgx052:186:394 [7] NCCL INFO NET/IB : GPU Direct RDMA (DMABUF) enabled for HCA 9 'mlx5_11
dgx052:185:400 [6] NCCL INFO Channel 19/0 : 14[6] -> 6[6] [receive] via NET/IBext_v8/8/GDRDMA
dgx052:185:400 [6] NCCL INFO GPU Direct RDMA Enabled for GPU d1000 / HCA 8 (distance 4 <= 4), read 0
dgx052:181:392 [2] NCCL INFO NET/IB : GPU Direct RDMA (DMABUF) enabled for HCA 3 'mlx5_4
dgx052:182:390 [3] NCCL INFO New proxy recv connection 8 from local rank 3, transport 2
dgx052:179:382 [0] NCCL INFO NET/IB : GPU Direct RDMA (DMABUF) enabled for HCA 0 'mlx5_0
dgx052:185:380 [6] NCCL INFO New proxy recv connection 20 from local rank 6, transport 2
dgx052:182:401 [3] NCCL INFO Connected to proxy localRank 3 -> connection 0x7fdd34005300
dgx052:181:403 [2] NCCL INFO Channel 07/0 : 10[2] -> 2[2] [receive] via NET/IBext_v8/3/GDRDMA
dgx052:185:400 [6] NCCL INFO Connected to proxy localRank 6 -> connection 0x7f9b400058a0
dgx052:181:403 [2] NCCL INFO GPU Direct RDMA Enabled for GPU 52000 / HCA 3 (distance 4 <= 4), read 0
dgx052:180:388 [1] NCCL INFO New proxy recv connection 7 from local rank 1, transport 2
dgx052:183:386 [4] NCCL INFO NET/IB : GPU Direct RDMA (DMABUF) enabled for HCA 5 'mlx5_6
dgx052:186:402 [7] NCCL INFO Channel 01/0 : 15[7] -> 7[7] [receive] via NET/IBext_v8/9/GDRDMA
dgx052:186:402 [7] NCCL INFO GPU Direct RDMA Enabled for GPU df000 / HCA 9 (distance 4 <= 4), read 0
dgx052:179:397 [0] NCCL INFO Channel 07/0 : 8[0] -> 0[0] [receive] via NET/IBext_v8/0/GDRDMA
dgx052:179:397 [0] NCCL INFO GPU Direct RDMA Enabled for GPU 1b000 / HCA 0 (distance 4 <= 4), read 0
dgx052:182:390 [3] NCCL INFO NET/IB : GPU Direct RDMA (DMABUF) enabled for HCA 4 'mlx5_5
dgx052:180:399 [1] NCCL INFO Connected to proxy localRank 1 -> connection 0x7f9ee0005288
dgx052:185:380 [6] NCCL INFO NET/IB : GPU Direct RDMA (DMABUF) enabled for HCA 8 'mlx5_10
dgx052:182:401 [3] NCCL INFO Channel 08/0 : 11[3] -> 3[3] [receive] via NET/IBext_v8/4/GDRDMA
dgx052:182:401 [3] NCCL INFO GPU Direct RDMA Enabled for GPU 61000 / HCA 4 (distance 4 <= 4), read 0
dgx052:183:396 [4] NCCL INFO Channel 07/0 : 12[4] -> 4[4] [receive] via NET/IBext_v8/5/GDRDMA
dgx052:183:396 [4] NCCL INFO GPU Direct RDMA Enabled for GPU 9d000 / HCA 5 (distance 4 <= 4), read 0
dgx052:185:400 [6] NCCL INFO Channel 20/0 : 14[6] -> 6[6] [receive] via NET/IBext_v8/8/GDRDMA
dgx052:185:400 [6] NCCL INFO GPU Direct RDMA Enabled for GPU d1000 / HCA 8 (distance 4 <= 4), read 0
dgx052:186:394 [7] NCCL INFO New proxy recv connection 2 from local rank 7, transport 2
dgx052:185:380 [6] NCCL INFO New proxy recv connection 21 from local rank 6, transport 2
dgx052:186:402 [7] NCCL INFO Connected to proxy localRank 7 -> connection 0x7fe68c005030
dgx052:185:400 [6] NCCL INFO Connected to proxy localRank 6 -> connection 0x7f9b40005918
dgx052:183:386 [4] NCCL INFO New proxy recv connection 8 from local rank 4, transport 2
dgx052:181:392 [2] NCCL INFO New proxy recv connection 8 from local rank 2, transport 2
dgx052:183:396 [4] NCCL INFO Connected to proxy localRank 4 -> connection 0x7f1fd0005300
dgx052:181:403 [2] NCCL INFO Connected to proxy localRank 2 -> connection 0x7f1808005300
dgx052:185:380 [6] NCCL INFO NET/IB : GPU Direct RDMA (DMABUF) enabled for HCA 8 'mlx5_10
dgx052:179:382 [0] NCCL INFO New proxy recv connection 8 from local rank 0, transport 2
dgx052:186:394 [7] NCCL INFO NET/IB : GPU Direct RDMA (DMABUF) enabled for HCA 9 'mlx5_11
dgx052:180:388 [1] NCCL INFO NET/IB : GPU Direct RDMA (DMABUF) enabled for HCA 2 'mlx5_3
dgx052:185:400 [6] NCCL INFO Channel 21/0 : 14[6] -> 6[6] [receive] via NET/IBext_v8/8/GDRDMA
dgx052:185:400 [6] NCCL INFO GPU Direct RDMA Enabled for GPU d1000 / HCA 8 (distance 4 <= 4), read 0
dgx052:179:397 [0] NCCL INFO Connected to proxy localRank 0 -> connection 0x7fca08005300
dgx052:182:390 [3] NCCL INFO New proxy recv connection 9 from local rank 3, transport 2
dgx052:182:401 [3] NCCL INFO Connected to proxy localRank 3 -> connection 0x7fdd34005378
dgx052:186:402 [7] NCCL INFO Channel 02/0 : 15[7] -> 7[7] [receive] via NET/IBext_v8/9/GDRDMA
dgx052:185:380 [6] NCCL INFO New proxy recv connection 22 from local rank 6, transport 2
dgx052:180:399 [1] NCCL INFO Channel 07/0 : 9[1] -> 1[1] [receive] via NET/IBext_v8/2/GDRDMA
dgx052:186:402 [7] NCCL INFO GPU Direct RDMA Enabled for GPU df000 / HCA 9 (distance 4 <= 4), read 0
dgx052:180:399 [1] NCCL INFO GPU Direct RDMA Enabled for GPU 43000 / HCA 2 (distance 4 <= 4), read 0
dgx052:185:400 [6] NCCL INFO Connected to proxy localRank 6 -> connection 0x7f9b40005990
dgx052:182:390 [3] NCCL INFO NET/IB : GPU Direct RDMA (DMABUF) enabled for HCA 4 'mlx5_5
dgx052:182:401 [3] NCCL INFO Channel 09/0 : 11[3] -> 3[3] [receive] via NET/IBext_v8/4/GDRDMA
dgx052:182:401 [3] NCCL INFO GPU Direct RDMA Enabled for GPU 61000 / HCA 4 (distance 4 <= 4), read 0
dgx052:185:380 [6] NCCL INFO NET/IB : GPU Direct RDMA (DMABUF) enabled for HCA 8 'mlx5_10
dgx052:181:392 [2] NCCL INFO NET/IB : GPU Direct RDMA (DMABUF) enabled for HCA 3 'mlx5_4
dgx052:185:400 [6] NCCL INFO Channel 22/0 : 14[6] -> 6[6] [receive] via NET/IBext_v8/8/GDRDMA
dgx052:185:400 [6] NCCL INFO GPU Direct RDMA Enabled for GPU d1000 / HCA 8 (distance 4 <= 4), read 0
dgx052:181:403 [2] NCCL INFO Channel 08/0 : 10[2] -> 2[2] [receive] via NET/IBext_v8/3/GDRDMA
dgx052:181:403 [2] NCCL INFO GPU Direct RDMA Enabled for GPU 52000 / HCA 3 (distance 4 <= 4), read 0
dgx052:185:380 [6] NCCL INFO New proxy recv connection 23 from local rank 6, transport 2
dgx052:183:386 [4] NCCL INFO NET/IB : GPU Direct RDMA (DMABUF) enabled for HCA 5 'mlx5_6
dgx052:185:400 [6] NCCL INFO Connected to proxy localRank 6 -> connection 0x7f9b40005a08
dgx052:179:382 [0] NCCL INFO NET/IB : GPU Direct RDMA (DMABUF) enabled for HCA 0 'mlx5_0
dgx052:182:390 [3] NCCL INFO New proxy recv connection 10 from local rank 3, transport 2
dgx052:185:380 [6] NCCL INFO NET/IB : GPU Direct RDMA (DMABUF) enabled for HCA 8 'mlx5_10
dgx052:180:388 [1] NCCL INFO New proxy recv connection 8 from local rank 1, transport 2
dgx052:186:394 [7] NCCL INFO New proxy recv connection 3 from local rank 7, transport 2
dgx052:182:401 [3] NCCL INFO Connected to proxy localRank 3 -> connection 0x7fdd340053f0
dgx052:179:397 [0] NCCL INFO Channel 08/0 : 8[0] -> 0[0] [receive] via NET/IBext_v8/0/GDRDMA
dgx052:179:397 [0] NCCL INFO GPU Direct RDMA Enabled for GPU 1b000 / HCA 0 (distance 4 <= 4), read 0
dgx052:180:399 [1] NCCL INFO Connected to proxy localRank 1 -> connection 0x7f9ee0005300
dgx052:183:396 [4] NCCL INFO Channel 08/0 : 12[4] -> 4[4] [receive] via NET/IBext_v8/5/GDRDMA
dgx052:183:396 [4] NCCL INFO GPU Direct RDMA Enabled for GPU 9d000 / HCA 5 (distance 4 <= 4), read 0
dgx052:185:400 [6] NCCL INFO Channel 23/0 : 14[6] -> 6[6] [receive] via NET/IBext_v8/8/GDRDMA
dgx052:185:400 [6] NCCL INFO GPU Direct RDMA Enabled for GPU d1000 / HCA 8 (distance 4 <= 4), read 0
dgx052:186:402 [7] NCCL INFO Connected to proxy localRank 7 -> connection 0x7fe68c0050a8
dgx052:182:390 [3] NCCL INFO NET/IB : GPU Direct RDMA (DMABUF) enabled for HCA 4 'mlx5_5
dgx052:181:392 [2] NCCL INFO New proxy recv connection 9 from local rank 2, transport 2
dgx052:185:380 [6] NCCL INFO New proxy recv connection 24 from local rank 6, transport 2
dgx052:179:382 [0] NCCL INFO New proxy recv connection 9 from local rank 0, transport 2
dgx052:181:403 [2] NCCL INFO Connected to proxy localRank 2 -> connection 0x7f1808005378
dgx052:182:401 [3] NCCL INFO Channel 10/0 : 11[3] -> 3[3] [receive] via NET/IBext_v8/4/GDRDMA
dgx052:182:401 [3] NCCL INFO GPU Direct RDMA Enabled for GPU 61000 / HCA 4 (distance 4 <= 4), read 0
dgx052:183:386 [4] NCCL INFO New proxy recv connection 9 from local rank 4, transport 2
dgx052:179:397 [0] NCCL INFO Connected to proxy localRank 0 -> connection 0x7fca08005378
dgx052:185:400 [6] NCCL INFO Connected to proxy localRank 6 -> connection 0x7f9b40005a80
dgx052:183:396 [4] NCCL INFO Connected to proxy localRank 4 -> connection 0x7f1fd0005378
dgx052:185:380 [6] NCCL INFO NET/IB : GPU Direct RDMA (DMABUF) enabled for HCA 8 'mlx5_10
dgx052:186:394 [7] NCCL INFO NET/IB : GPU Direct RDMA (DMABUF) enabled for HCA 9 'mlx5_11
dgx052:181:392 [2] NCCL INFO NET/IB : GPU Direct RDMA (DMABUF) enabled for HCA 3 'mlx5_4
dgx052:181:403 [2] NCCL INFO Channel 09/0 : 10[2] -> 2[2] [receive] via NET/IBext_v8/3/GDRDMA
dgx052:185:400 [6] NCCL INFO Channel 24/0 : 14[6] -> 6[6] [receive] via NET/IBext_v8/8/GDRDMA
dgx052:185:400 [6] NCCL INFO GPU Direct RDMA Enabled for GPU d1000 / HCA 8 (distance 4 <= 4), read 0
dgx052:181:403 [2] NCCL INFO GPU Direct RDMA Enabled for GPU 52000 / HCA 3 (distance 4 <= 4), read 0
dgx052:180:388 [1] NCCL INFO NET/IB : GPU Direct RDMA (DMABUF) enabled for HCA 2 'mlx5_3
dgx052:183:386 [4] NCCL INFO NET/IB : GPU Direct RDMA (DMABUF) enabled for HCA 5 'mlx5_6
dgx052:186:402 [7] NCCL INFO Channel 03/0 : 15[7] -> 7[7] [receive] via NET/IBext_v8/9/GDRDMA
dgx052:186:402 [7] NCCL INFO GPU Direct RDMA Enabled for GPU df000 / HCA 9 (distance 4 <= 4), read 0
dgx052:185:380 [6] NCCL INFO New proxy recv connection 25 from local rank 6, transport 2
dgx052:180:399 [1] NCCL INFO Channel 08/0 : 9[1] -> 1[1] [receive] via NET/IBext_v8/2/GDRDMA
dgx052:185:400 [6] NCCL INFO Connected to proxy localRank 6 -> connection 0x7f9b40005af8
dgx052:180:399 [1] NCCL INFO GPU Direct RDMA Enabled for GPU 43000 / HCA 2 (distance 4 <= 4), read 0
dgx052:181:392 [2] NCCL INFO New proxy recv connection 10 from local rank 2, transport 2
dgx052:183:396 [4] NCCL INFO Channel 09/0 : 12[4] -> 4[4] [receive] via NET/IBext_v8/5/GDRDMA
dgx052:181:403 [2] NCCL INFO Connected to proxy localRank 2 -> connection 0x7f18080053f0
dgx052:183:396 [4] NCCL INFO GPU Direct RDMA Enabled for GPU 9d000 / HCA 5 (distance 4 <= 4), read 0
dgx052:185:380 [6] NCCL INFO NET/IB : GPU Direct RDMA (DMABUF) enabled for HCA 8 'mlx5_10
dgx052:182:390 [3] NCCL INFO New proxy recv connection 11 from local rank 3, transport 2
dgx052:179:382 [0] NCCL INFO NET/IB : GPU Direct RDMA (DMABUF) enabled for HCA 0 'mlx5_0
dgx052:180:388 [1] NCCL INFO New proxy recv connection 9 from local rank 1, transport 2
dgx052:182:401 [3] NCCL INFO Connected to proxy localRank 3 -> connection 0x7fdd34005468
dgx052:185:400 [6] NCCL INFO Channel 25/0 : 14[6] -> 6[6] [receive] via NET/IBext_v8/8/GDRDMA
dgx052:185:400 [6] NCCL INFO GPU Direct RDMA Enabled for GPU d1000 / HCA 8 (distance 4 <= 4), read 0
dgx052:181:392 [2] NCCL INFO NET/IB : GPU Direct RDMA (DMABUF) enabled for HCA 3 'mlx5_4
dgx052:180:399 [1] NCCL INFO Connected to proxy localRank 1 -> connection 0x7f9ee0005378
dgx052:179:397 [0] NCCL INFO Channel 09/0 : 8[0] -> 0[0] [receive] via NET/IBext_v8/0/GDRDMA
dgx052:181:403 [2] NCCL INFO Channel 10/0 : 10[2] -> 2[2] [receive] via NET/IBext_v8/3/GDRDMA
dgx052:179:397 [0] NCCL INFO GPU Direct RDMA Enabled for GPU 1b000 / HCA 0 (distance 4 <= 4), read 0
dgx052:182:390 [3] NCCL INFO NET/IB : GPU Direct RDMA (DMABUF) enabled for HCA 4 'mlx5_5
dgx052:181:403 [2] NCCL INFO GPU Direct RDMA Enabled for GPU 52000 / HCA 3 (distance 4 <= 4), read 0
dgx052:185:380 [6] NCCL INFO New proxy recv connection 26 from local rank 6, transport 2
dgx052:185:400 [6] NCCL INFO Connected to proxy localRank 6 -> connection 0x7f9b40005b70
dgx052:182:401 [3] NCCL INFO Channel 11/0 : 11[3] -> 3[3] [receive] via NET/IBext_v8/4/GDRDMA
dgx052:182:401 [3] NCCL INFO GPU Direct RDMA Enabled for GPU 61000 / HCA 4 (distance 4 <= 4), read 0
dgx052:180:388 [1] NCCL INFO NET/IB : GPU Direct RDMA (DMABUF) enabled for HCA 2 'mlx5_3
dgx052:181:392 [2] NCCL INFO New proxy recv connection 11 from local rank 2, transport 2
dgx052:180:399 [1] NCCL INFO Channel 09/0 : 9[1] -> 1[1] [receive] via NET/IBext_v8/2/GDRDMA
dgx052:180:399 [1] NCCL INFO GPU Direct RDMA Enabled for GPU 43000 / HCA 2 (distance 4 <= 4), read 0
dgx052:185:380 [6] NCCL INFO NET/IB : GPU Direct RDMA (DMABUF) enabled for HCA 8 'mlx5_10
dgx052:181:403 [2] NCCL INFO Connected to proxy localRank 2 -> connection 0x7f1808005468
dgx052:185:400 [6] NCCL INFO Channel 26/0 : 14[6] -> 6[6] [receive] via NET/IBext_v8/8/GDRDMA
dgx052:185:400 [6] NCCL INFO GPU Direct RDMA Enabled for GPU d1000 / HCA 8 (distance 4 <= 4), read 0
dgx052:186:394 [7] NCCL INFO New proxy recv connection 4 from local rank 7, transport 2
dgx052:180:388 [1] NCCL INFO New proxy recv connection 10 from local rank 1, transport 2
dgx052:181:392 [2] NCCL INFO NET/IB : GPU Direct RDMA (DMABUF) enabled for HCA 3 'mlx5_4
dgx052:185:380 [6] NCCL INFO New proxy recv connection 27 from local rank 6, transport 2
dgx052:180:399 [1] NCCL INFO Connected to proxy localRank 1 -> connection 0x7f9ee00053f0
dgx052:183:386 [4] NCCL INFO New proxy recv connection 10 from local rank 4, transport 2
dgx052:181:403 [2] NCCL INFO Channel 11/0 : 10[2] -> 2[2] [receive] via NET/IBext_v8/3/GDRDMA
dgx052:186:402 [7] NCCL INFO Connected to proxy localRank 7 -> connection 0x7fe68c005120
dgx052:181:403 [2] NCCL INFO GPU Direct RDMA Enabled for GPU 52000 / HCA 3 (distance 4 <= 4), read 0
dgx052:185:400 [6] NCCL INFO Connected to proxy localRank 6 -> connection 0x7f9b40005be8
dgx052:179:382 [0] NCCL INFO New proxy recv connection 10 from local rank 0, transport 2
dgx052:183:396 [4] NCCL INFO Connected to proxy localRank 4 -> connection 0x7f1fd00053f0
dgx052:179:397 [0] NCCL INFO Connected to proxy localRank 0 -> connection 0x7fca080053f0
dgx052:185:380 [6] NCCL INFO NET/IB : GPU Direct RDMA (DMABUF) enabled for HCA 8 'mlx5_10
dgx052:181:392 [2] NCCL INFO New proxy recv connection 12 from local rank 2, transport 2
dgx052:182:390 [3] NCCL INFO New proxy recv connection 12 from local rank 3, transport 2
dgx052:181:403 [2] NCCL INFO Connected to proxy localRank 2 -> connection 0x7f18080054e0
dgx052:182:401 [3] NCCL INFO Connected to proxy localRank 3 -> connection 0x7fdd340054e0
dgx052:185:400 [6] NCCL INFO Channel 27/0 : 14[6] -> 6[6] [receive] via NET/IBext_v8/8/GDRDMA
dgx052:185:400 [6] NCCL INFO GPU Direct RDMA Enabled for GPU d1000 / HCA 8 (distance 4 <= 4), read 1
dgx052:186:394 [7] NCCL INFO NET/IB : GPU Direct RDMA (DMABUF) enabled for HCA 9 'mlx5_11
