dgx052:183:396 [4] NCCL INFO GPU Direct RDMA Enabled for GPU 9d000 / HCA 5 (distance 4 <= 4), read 0
dgx052:182:390 [3] NCCL INFO New proxy send connection 51 from local rank 3, transport 2
dgx052:186:394 [7] NCCL INFO NET/IB : GPU Direct RDMA (DMABUF) enabled for HCA 9 'mlx5_11
dgx052:186:402 [7] NCCL INFO Channel 00/0 : 7[7] -> 15[7] [send] via NET/IBext_v8/9/GDRDMA
dgx052:179:382 [0] NCCL INFO New proxy send connection 44 from local rank 0, transport 2
dgx052:180:388 [1] NCCL INFO NET/IB : GPU Direct RDMA (DMABUF) enabled for HCA 2 'mlx5_3
dgx052:186:402 [7] NCCL INFO GPU Direct RDMA Enabled for GPU df000 / HCA 9 (distance 4 <= 4), read 1
dgx052:183:386 [4] NCCL INFO New proxy recv connection 25 from local rank 4, transport 2
dgx052:182:401 [3] NCCL INFO Connected to proxy localRank 3 -> connection 0x7fdd34006728
dgx052:180:399 [1] NCCL INFO Channel 17/0 : 1[1] -> 9[1] [send] via NET/IBext_v8/2/GDRDMA
dgx052:180:399 [1] NCCL INFO GPU Direct RDMA Enabled for GPU 43000 / HCA 2 (distance 4 <= 4), read 1
dgx052:183:396 [4] NCCL INFO Connected to proxy localRank 4 -> connection 0x7f1fd0005af8
dgx052:179:397 [0] NCCL INFO Connected to proxy localRank 0 -> connection 0x7fca080063e0
dgx052:186:394 [7] NCCL INFO New proxy send connection 29 from local rank 7, transport 2
dgx052:183:386 [4] NCCL INFO NET/IB : GPU Direct RDMA (DMABUF) enabled for HCA 5 'mlx5_6
dgx052:182:390 [3] NCCL INFO NET/IB : GPU Direct RDMA (DMABUF) enabled for HCA 4 'mlx5_5
dgx052:180:388 [1] NCCL INFO New proxy send connection 46 from local rank 1, transport 2
dgx052:186:402 [7] NCCL INFO Connected to proxy localRank 7 -> connection 0x7fe68c005cd8
dgx052:183:396 [4] NCCL INFO Channel 25/0 : 12[4] -> 4[4] [receive] via NET/IBext_v8/5/GDRDMA
dgx052:183:396 [4] NCCL INFO GPU Direct RDMA Enabled for GPU 9d000 / HCA 5 (distance 4 <= 4), read 0
dgx052:182:401 [3] NCCL INFO Channel 23/0 : 3[3] -> 11[3] [send] via NET/IBext_v8/4/GDRDMA
dgx052:179:382 [0] NCCL INFO NET/IB : GPU Direct RDMA (DMABUF) enabled for HCA 0 'mlx5_0
dgx052:182:401 [3] NCCL INFO GPU Direct RDMA Enabled for GPU 61000 / HCA 4 (distance 4 <= 4), read 1
dgx052:180:399 [1] NCCL INFO Connected to proxy localRank 1 -> connection 0x7f9ee00064d0
dgx052:179:397 [0] NCCL INFO Channel 16/0 : 0[0] -> 8[0] [send] via NET/IBext_v8/0/GDRDMA
dgx052:179:397 [0] NCCL INFO GPU Direct RDMA Enabled for GPU 1b000 / HCA 0 (distance 4 <= 4), read 1
dgx052:183:386 [4] NCCL INFO New proxy recv connection 26 from local rank 4, transport 2
dgx052:186:394 [7] NCCL INFO NET/IB : GPU Direct RDMA (DMABUF) enabled for HCA 9 'mlx5_11
dgx052:183:396 [4] NCCL INFO Connected to proxy localRank 4 -> connection 0x7f1fd0005b70
dgx052:186:402 [7] NCCL INFO Channel 01/0 : 7[7] -> 15[7] [send] via NET/IBext_v8/9/GDRDMA
dgx052:186:402 [7] NCCL INFO GPU Direct RDMA Enabled for GPU df000 / HCA 9 (distance 4 <= 4), read 1
dgx052:182:390 [3] NCCL INFO New proxy send connection 52 from local rank 3, transport 2
dgx052:179:382 [0] NCCL INFO New proxy send connection 45 from local rank 0, transport 2
dgx052:180:388 [1] NCCL INFO NET/IB : GPU Direct RDMA (DMABUF) enabled for HCA 2 'mlx5_3
dgx052:183:386 [4] NCCL INFO NET/IB : GPU Direct RDMA (DMABUF) enabled for HCA 5 'mlx5_6
dgx052:182:401 [3] NCCL INFO Connected to proxy localRank 3 -> connection 0x7fdd340067a0
dgx052:180:399 [1] NCCL INFO Channel 18/0 : 1[1] -> 9[1] [send] via NET/IBext_v8/2/GDRDMA
dgx052:180:399 [1] NCCL INFO GPU Direct RDMA Enabled for GPU 43000 / HCA 2 (distance 4 <= 4), read 1
dgx052:186:394 [7] NCCL INFO New proxy send connection 30 from local rank 7, transport 2
dgx052:179:397 [0] NCCL INFO Connected to proxy localRank 0 -> connection 0x7fca08006458
dgx052:183:396 [4] NCCL INFO Channel 26/0 : 12[4] -> 4[4] [receive] via NET/IBext_v8/5/GDRDMA
dgx052:183:396 [4] NCCL INFO GPU Direct RDMA Enabled for GPU 9d000 / HCA 5 (distance 4 <= 4), read 0
dgx052:186:402 [7] NCCL INFO Connected to proxy localRank 7 -> connection 0x7fe68c005d50
dgx052:183:386 [4] NCCL INFO New proxy recv connection 27 from local rank 4, transport 2
dgx052:180:388 [1] NCCL INFO New proxy send connection 47 from local rank 1, transport 2
dgx052:182:390 [3] NCCL INFO NET/IB : GPU Direct RDMA (DMABUF) enabled for HCA 4 'mlx5_5
dgx052:183:396 [4] NCCL INFO Connected to proxy localRank 4 -> connection 0x7f1fd0005be8
dgx052:179:382 [0] NCCL INFO NET/IB : GPU Direct RDMA (DMABUF) enabled for HCA 0 'mlx5_0
dgx052:182:401 [3] NCCL INFO Channel 24/0 : 3[3] -> 11[3] [send] via NET/IBext_v8/4/GDRDMA
dgx052:182:401 [3] NCCL INFO GPU Direct RDMA Enabled for GPU 61000 / HCA 4 (distance 4 <= 4), read 1
dgx052:186:394 [7] NCCL INFO NET/IB : GPU Direct RDMA (DMABUF) enabled for HCA 9 'mlx5_11
dgx052:179:397 [0] NCCL INFO Channel 17/0 : 0[0] -> 8[0] [send] via NET/IBext_v8/0/GDRDMA
dgx052:180:399 [1] NCCL INFO Connected to proxy localRank 1 -> connection 0x7f9ee0006548
dgx052:179:397 [0] NCCL INFO GPU Direct RDMA Enabled for GPU 1b000 / HCA 0 (distance 4 <= 4), read 1
dgx052:186:402 [7] NCCL INFO Channel 02/0 : 7[7] -> 15[7] [send] via NET/IBext_v8/9/GDRDMA
dgx052:186:402 [7] NCCL INFO GPU Direct RDMA Enabled for GPU df000 / HCA 9 (distance 4 <= 4), read 1
dgx052:183:386 [4] NCCL INFO NET/IB : GPU Direct RDMA (DMABUF) enabled for HCA 5 'mlx5_6
dgx052:183:396 [4] NCCL INFO Channel 27/0 : 12[4] -> 4[4] [receive] via NET/IBext_v8/5/GDRDMA
dgx052:183:396 [4] NCCL INFO GPU Direct RDMA Enabled for GPU 9d000 / HCA 5 (distance 4 <= 4), read 1
dgx052:182:390 [3] NCCL INFO New proxy send connection 53 from local rank 3, transport 2
dgx052:179:382 [0] NCCL INFO New proxy send connection 46 from local rank 0, transport 2
dgx052:180:388 [1] NCCL INFO NET/IB : GPU Direct RDMA (DMABUF) enabled for HCA 2 'mlx5_3
dgx052:186:394 [7] NCCL INFO New proxy send connection 31 from local rank 7, transport 2
dgx052:180:399 [1] NCCL INFO Channel 19/0 : 1[1] -> 9[1] [send] via NET/IBext_v8/2/GDRDMA
dgx052:182:401 [3] NCCL INFO Connected to proxy localRank 3 -> connection 0x7fdd34006818
dgx052:180:399 [1] NCCL INFO GPU Direct RDMA Enabled for GPU 43000 / HCA 2 (distance 4 <= 4), read 1
dgx052:179:397 [0] NCCL INFO Connected to proxy localRank 0 -> connection 0x7fca080064d0
dgx052:183:386 [4] NCCL INFO New proxy send connection 28 from local rank 4, transport 2
dgx052:186:402 [7] NCCL INFO Connected to proxy localRank 7 -> connection 0x7fe68c005dc8
dgx052:183:396 [4] NCCL INFO Connected to proxy localRank 4 -> connection 0x7f1fd0005c60
dgx052:180:388 [1] NCCL INFO New proxy send connection 48 from local rank 1, transport 2
dgx052:182:390 [3] NCCL INFO NET/IB : GPU Direct RDMA (DMABUF) enabled for HCA 4 'mlx5_5
dgx052:183:386 [4] NCCL INFO NET/IB : GPU Direct RDMA (DMABUF) enabled for HCA 5 'mlx5_6
dgx052:179:382 [0] NCCL INFO NET/IB : GPU Direct RDMA (DMABUF) enabled for HCA 0 'mlx5_0
dgx052:186:394 [7] NCCL INFO NET/IB : GPU Direct RDMA (DMABUF) enabled for HCA 9 'mlx5_11
dgx052:182:401 [3] NCCL INFO Channel 25/0 : 3[3] -> 11[3] [send] via NET/IBext_v8/4/GDRDMA
dgx052:183:396 [4] NCCL INFO Channel 00/0 : 4[4] -> 12[4] [send] via NET/IBext_v8/5/GDRDMA
dgx052:182:401 [3] NCCL INFO GPU Direct RDMA Enabled for GPU 61000 / HCA 4 (distance 4 <= 4), read 1
dgx052:183:396 [4] NCCL INFO GPU Direct RDMA Enabled for GPU 9d000 / HCA 5 (distance 4 <= 4), read 1
dgx052:180:399 [1] NCCL INFO Connected to proxy localRank 1 -> connection 0x7f9ee00065c0
dgx052:179:397 [0] NCCL INFO Channel 18/0 : 0[0] -> 8[0] [send] via NET/IBext_v8/0/GDRDMA
dgx052:186:402 [7] NCCL INFO Channel 03/0 : 7[7] -> 15[7] [send] via NET/IBext_v8/9/GDRDMA
dgx052:179:397 [0] NCCL INFO GPU Direct RDMA Enabled for GPU 1b000 / HCA 0 (distance 4 <= 4), read 1
dgx052:186:402 [7] NCCL INFO GPU Direct RDMA Enabled for GPU df000 / HCA 9 (distance 4 <= 4), read 1
dgx052:183:386 [4] NCCL INFO New proxy send connection 29 from local rank 4, transport 2
dgx052:183:396 [4] NCCL INFO Connected to proxy localRank 4 -> connection 0x7f1fd0005cd8
dgx052:186:394 [7] NCCL INFO New proxy send connection 32 from local rank 7, transport 2
dgx052:182:390 [3] NCCL INFO New proxy send connection 54 from local rank 3, transport 2
dgx052:180:388 [1] NCCL INFO NET/IB : GPU Direct RDMA (DMABUF) enabled for HCA 2 'mlx5_3
dgx052:179:382 [0] NCCL INFO New proxy send connection 47 from local rank 0, transport 2
dgx052:186:402 [7] NCCL INFO Connected to proxy localRank 7 -> connection 0x7fe68c005e40
dgx052:180:399 [1] NCCL INFO Channel 20/0 : 1[1] -> 9[1] [send] via NET/IBext_v8/2/GDRDMA
dgx052:180:399 [1] NCCL INFO GPU Direct RDMA Enabled for GPU 43000 / HCA 2 (distance 4 <= 4), read 1
dgx052:182:401 [3] NCCL INFO Connected to proxy localRank 3 -> connection 0x7fdd34006890
dgx052:179:397 [0] NCCL INFO Connected to proxy localRank 0 -> connection 0x7fca08006548
dgx052:183:386 [4] NCCL INFO NET/IB : GPU Direct RDMA (DMABUF) enabled for HCA 5 'mlx5_6
dgx052:183:396 [4] NCCL INFO Channel 01/0 : 4[4] -> 12[4] [send] via NET/IBext_v8/5/GDRDMA
dgx052:183:396 [4] NCCL INFO GPU Direct RDMA Enabled for GPU 9d000 / HCA 5 (distance 4 <= 4), read 1
dgx052:186:394 [7] NCCL INFO NET/IB : GPU Direct RDMA (DMABUF) enabled for HCA 9 'mlx5_11
dgx052:183:386 [4] NCCL INFO New proxy send connection 30 from local rank 4, transport 2
dgx052:180:388 [1] NCCL INFO New proxy send connection 49 from local rank 1, transport 2
dgx052:186:402 [7] NCCL INFO Channel 04/0 : 7[7] -> 15[7] [send] via NET/IBext_v8/9/GDRDMA
dgx052:182:390 [3] NCCL INFO NET/IB : GPU Direct RDMA (DMABUF) enabled for HCA 4 'mlx5_5
dgx052:186:402 [7] NCCL INFO GPU Direct RDMA Enabled for GPU df000 / HCA 9 (distance 4 <= 4), read 1
dgx052:183:396 [4] NCCL INFO Connected to proxy localRank 4 -> connection 0x7f1fd0005d50
dgx052:179:382 [0] NCCL INFO NET/IB : GPU Direct RDMA (DMABUF) enabled for HCA 0 'mlx5_0
dgx052:182:401 [3] NCCL INFO Channel 26/0 : 3[3] -> 11[3] [send] via NET/IBext_v8/4/GDRDMA
dgx052:180:399 [1] NCCL INFO Connected to proxy localRank 1 -> connection 0x7f9ee0006638
dgx052:182:401 [3] NCCL INFO GPU Direct RDMA Enabled for GPU 61000 / HCA 4 (distance 4 <= 4), read 1
dgx052:179:397 [0] NCCL INFO Channel 19/0 : 0[0] -> 8[0] [send] via NET/IBext_v8/0/GDRDMA
dgx052:179:397 [0] NCCL INFO GPU Direct RDMA Enabled for GPU 1b000 / HCA 0 (distance 4 <= 4), read 1
dgx052:183:386 [4] NCCL INFO NET/IB : GPU Direct RDMA (DMABUF) enabled for HCA 5 'mlx5_6
dgx052:186:394 [7] NCCL INFO New proxy send connection 33 from local rank 7, transport 2
dgx052:183:396 [4] NCCL INFO Channel 02/0 : 4[4] -> 12[4] [send] via NET/IBext_v8/5/GDRDMA
dgx052:183:396 [4] NCCL INFO GPU Direct RDMA Enabled for GPU 9d000 / HCA 5 (distance 4 <= 4), read 1
dgx052:186:402 [7] NCCL INFO Connected to proxy localRank 7 -> connection 0x7fe68c005eb8
dgx052:182:390 [3] NCCL INFO New proxy send connection 55 from local rank 3, transport 2
dgx052:180:388 [1] NCCL INFO NET/IB : GPU Direct RDMA (DMABUF) enabled for HCA 2 'mlx5_3
dgx052:183:386 [4] NCCL INFO New proxy send connection 31 from local rank 4, transport 2
dgx052:179:382 [0] NCCL INFO New proxy send connection 48 from local rank 0, transport 2
dgx052:180:399 [1] NCCL INFO Channel 21/0 : 1[1] -> 9[1] [send] via NET/IBext_v8/2/GDRDMA
dgx052:180:399 [1] NCCL INFO GPU Direct RDMA Enabled for GPU 43000 / HCA 2 (distance 4 <= 4), read 1
dgx052:183:396 [4] NCCL INFO Connected to proxy localRank 4 -> connection 0x7f1fd0005dc8
dgx052:182:401 [3] NCCL INFO Connected to proxy localRank 3 -> connection 0x7fdd34006908
dgx052:179:397 [0] NCCL INFO Connected to proxy localRank 0 -> connection 0x7fca080065c0
dgx052:186:394 [7] NCCL INFO NET/IB : GPU Direct RDMA (DMABUF) enabled for HCA 9 'mlx5_11
dgx052:183:386 [4] NCCL INFO NET/IB : GPU Direct RDMA (DMABUF) enabled for HCA 5 'mlx5_6
dgx052:183:396 [4] NCCL INFO Channel 03/0 : 4[4] -> 12[4] [send] via NET/IBext_v8/5/GDRDMA
dgx052:183:396 [4] NCCL INFO GPU Direct RDMA Enabled for GPU 9d000 / HCA 5 (distance 4 <= 4), read 1
dgx052:186:402 [7] NCCL INFO Channel 05/0 : 7[7] -> 15[7] [send] via NET/IBext_v8/9/GDRDMA
dgx052:186:402 [7] NCCL INFO GPU Direct RDMA Enabled for GPU df000 / HCA 9 (distance 4 <= 4), read 1
dgx052:180:388 [1] NCCL INFO New proxy send connection 50 from local rank 1, transport 2
dgx052:182:390 [3] NCCL INFO NET/IB : GPU Direct RDMA (DMABUF) enabled for HCA 4 'mlx5_5
dgx052:179:382 [0] NCCL INFO NET/IB : GPU Direct RDMA (DMABUF) enabled for HCA 0 'mlx5_0
dgx052:180:399 [1] NCCL INFO Connected to proxy localRank 1 -> connection 0x7f9ee00066b0
dgx052:183:386 [4] NCCL INFO New proxy send connection 32 from local rank 4, transport 2
dgx052:182:401 [3] NCCL INFO Channel 27/0 : 3[3] -> 11[3] [send] via NET/IBext_v8/4/GDRDMA
dgx052:179:397 [0] NCCL INFO Channel 20/0 : 0[0] -> 8[0] [send] via NET/IBext_v8/0/GDRDMA
dgx052:186:394 [7] NCCL INFO New proxy send connection 34 from local rank 7, transport 2
dgx052:179:397 [0] NCCL INFO GPU Direct RDMA Enabled for GPU 1b000 / HCA 0 (distance 4 <= 4), read 1
dgx052:183:396 [4] NCCL INFO Connected to proxy localRank 4 -> connection 0x7f1fd0005e40
dgx052:186:402 [7] NCCL INFO Connected to proxy localRank 7 -> connection 0x7fe68c005f30
dgx052:183:386 [4] NCCL INFO NET/IB : GPU Direct RDMA (DMABUF) enabled for HCA 5 'mlx5_6
dgx052:180:388 [1] NCCL INFO NET/IB : GPU Direct RDMA (DMABUF) enabled for HCA 2 'mlx5_3
dgx052:183:396 [4] NCCL INFO Channel 04/0 : 4[4] -> 12[4] [send] via NET/IBext_v8/5/GDRDMA
dgx052:179:382 [0] NCCL INFO New proxy send connection 49 from local rank 0, transport 2
dgx052:183:396 [4] NCCL INFO GPU Direct RDMA Enabled for GPU 9d000 / HCA 5 (distance 4 <= 4), read 1
dgx052:180:399 [1] NCCL INFO Channel 22/0 : 1[1] -> 9[1] [send] via NET/IBext_v8/2/GDRDMA
dgx052:180:399 [1] NCCL INFO GPU Direct RDMA Enabled for GPU 43000 / HCA 2 (distance 4 <= 4), read 1
dgx052:186:394 [7] NCCL INFO NET/IB : GPU Direct RDMA (DMABUF) enabled for HCA 9 'mlx5_11
dgx052:179:397 [0] NCCL INFO Connected to proxy localRank 0 -> connection 0x7fca08006638
dgx052:186:402 [7] NCCL INFO Channel 06/0 : 7[7] -> 15[7] [send] via NET/IBext_v8/9/GDRDMA
dgx052:186:402 [7] NCCL INFO GPU Direct RDMA Enabled for GPU df000 / HCA 9 (distance 4 <= 4), read 1
dgx052:183:386 [4] NCCL INFO New proxy send connection 33 from local rank 4, transport 2
dgx052:183:396 [4] NCCL INFO Connected to proxy localRank 4 -> connection 0x7f1fd0005eb8
dgx052:180:388 [1] NCCL INFO New proxy send connection 51 from local rank 1, transport 2
dgx052:186:394 [7] NCCL INFO New proxy send connection 35 from local rank 7, transport 2
dgx052:180:399 [1] NCCL INFO Connected to proxy localRank 1 -> connection 0x7f9ee0006728
dgx052:179:382 [0] NCCL INFO NET/IB : GPU Direct RDMA (DMABUF) enabled for HCA 0 'mlx5_0
dgx052:183:386 [4] NCCL INFO NET/IB : GPU Direct RDMA (DMABUF) enabled for HCA 5 'mlx5_6
dgx052:186:402 [7] NCCL INFO Connected to proxy localRank 7 -> connection 0x7fe68c005fa8
dgx052:183:396 [4] NCCL INFO Channel 05/0 : 4[4] -> 12[4] [send] via NET/IBext_v8/5/GDRDMA
dgx052:183:396 [4] NCCL INFO GPU Direct RDMA Enabled for GPU 9d000 / HCA 5 (distance 4 <= 4), read 1
dgx052:179:397 [0] NCCL INFO Channel 21/0 : 0[0] -> 8[0] [send] via NET/IBext_v8/0/GDRDMA
dgx052:179:397 [0] NCCL INFO GPU Direct RDMA Enabled for GPU 1b000 / HCA 0 (distance 4 <= 4), read 1
dgx052:183:386 [4] NCCL INFO New proxy send connection 34 from local rank 4, transport 2
dgx052:186:394 [7] NCCL INFO NET/IB : GPU Direct RDMA (DMABUF) enabled for HCA 9 'mlx5_11
dgx052:183:396 [4] NCCL INFO Connected to proxy localRank 4 -> connection 0x7f1fd0005f30
dgx052:180:388 [1] NCCL INFO NET/IB : GPU Direct RDMA (DMABUF) enabled for HCA 2 'mlx5_3
dgx052:186:402 [7] NCCL INFO Channel 07/0 : 7[7] -> 15[7] [send] via NET/IBext_v8/9/GDRDMA
dgx052:186:402 [7] NCCL INFO GPU Direct RDMA Enabled for GPU df000 / HCA 9 (distance 4 <= 4), read 1
dgx052:179:382 [0] NCCL INFO New proxy send connection 50 from local rank 0, transport 2
dgx052:180:399 [1] NCCL INFO Channel 23/0 : 1[1] -> 9[1] [send] via NET/IBext_v8/2/GDRDMA
dgx052:180:399 [1] NCCL INFO GPU Direct RDMA Enabled for GPU 43000 / HCA 2 (distance 4 <= 4), read 1
dgx052:179:397 [0] NCCL INFO Connected to proxy localRank 0 -> connection 0x7fca080066b0
dgx052:183:386 [4] NCCL INFO NET/IB : GPU Direct RDMA (DMABUF) enabled for HCA 5 'mlx5_6
dgx052:183:396 [4] NCCL INFO Channel 06/0 : 4[4] -> 12[4] [send] via NET/IBext_v8/5/GDRDMA
dgx052:183:396 [4] NCCL INFO GPU Direct RDMA Enabled for GPU 9d000 / HCA 5 (distance 4 <= 4), read 1
dgx052:186:394 [7] NCCL INFO New proxy send connection 36 from local rank 7, transport 2
dgx052:180:388 [1] NCCL INFO New proxy send connection 52 from local rank 1, transport 2
dgx052:186:402 [7] NCCL INFO Connected to proxy localRank 7 -> connection 0x7fe68c006020
dgx052:183:386 [4] NCCL INFO New proxy send connection 35 from local rank 4, transport 2
dgx052:183:396 [4] NCCL INFO Connected to proxy localRank 4 -> connection 0x7f1fd0005fa8
dgx052:180:399 [1] NCCL INFO Connected to proxy localRank 1 -> connection 0x7f9ee00067a0
dgx052:179:382 [0] NCCL INFO NET/IB : GPU Direct RDMA (DMABUF) enabled for HCA 0 'mlx5_0
dgx052:179:397 [0] NCCL INFO Channel 22/0 : 0[0] -> 8[0] [send] via NET/IBext_v8/0/GDRDMA
dgx052:179:397 [0] NCCL INFO GPU Direct RDMA Enabled for GPU 1b000 / HCA 0 (distance 4 <= 4), read 1
dgx052:186:394 [7] NCCL INFO NET/IB : GPU Direct RDMA (DMABUF) enabled for HCA 9 'mlx5_11
dgx052:183:386 [4] NCCL INFO NET/IB : GPU Direct RDMA (DMABUF) enabled for HCA 5 'mlx5_6
dgx052:186:402 [7] NCCL INFO Channel 08/0 : 7[7] -> 15[7] [send] via NET/IBext_v8/9/GDRDMA
dgx052:186:402 [7] NCCL INFO GPU Direct RDMA Enabled for GPU df000 / HCA 9 (distance 4 <= 4), read 1
dgx052:183:396 [4] NCCL INFO Channel 07/0 : 4[4] -> 12[4] [send] via NET/IBext_v8/5/GDRDMA
dgx052:183:396 [4] NCCL INFO GPU Direct RDMA Enabled for GPU 9d000 / HCA 5 (distance 4 <= 4), read 1
dgx052:180:388 [1] NCCL INFO NET/IB : GPU Direct RDMA (DMABUF) enabled for HCA 2 'mlx5_3
dgx052:180:399 [1] NCCL INFO Channel 24/0 : 1[1] -> 9[1] [send] via NET/IBext_v8/2/GDRDMA
dgx052:183:386 [4] NCCL INFO New proxy send connection 36 from local rank 4, transport 2
dgx052:180:399 [1] NCCL INFO GPU Direct RDMA Enabled for GPU 43000 / HCA 2 (distance 4 <= 4), read 1
dgx052:186:394 [7] NCCL INFO New proxy send connection 37 from local rank 7, transport 2
dgx052:179:382 [0] NCCL INFO New proxy send connection 51 from local rank 0, transport 2
dgx052:183:396 [4] NCCL INFO Connected to proxy localRank 4 -> connection 0x7f1fd0006020
dgx052:186:402 [7] NCCL INFO Connected to proxy localRank 7 -> connection 0x7fe68c006098
dgx052:179:397 [0] NCCL INFO Connected to proxy localRank 0 -> connection 0x7fca08006728
dgx052:183:386 [4] NCCL INFO NET/IB : GPU Direct RDMA (DMABUF) enabled for HCA 5 'mlx5_6
dgx052:180:388 [1] NCCL INFO New proxy send connection 53 from local rank 1, transport 2
dgx052:183:396 [4] NCCL INFO Channel 08/0 : 4[4] -> 12[4] [send] via NET/IBext_v8/5/GDRDMA
dgx052:183:396 [4] NCCL INFO GPU Direct RDMA Enabled for GPU 9d000 / HCA 5 (distance 4 <= 4), read 1
dgx052:186:394 [7] NCCL INFO NET/IB : GPU Direct RDMA (DMABUF) enabled for HCA 9 'mlx5_11
dgx052:186:402 [7] NCCL INFO Channel 09/0 : 7[7] -> 15[7] [send] via NET/IBext_v8/9/GDRDMA
dgx052:180:399 [1] NCCL INFO Connected to proxy localRank 1 -> connection 0x7f9ee0006818
dgx052:186:402 [7] NCCL INFO GPU Direct RDMA Enabled for GPU df000 / HCA 9 (distance 4 <= 4), read 1
dgx052:179:382 [0] NCCL INFO NET/IB : GPU Direct RDMA (DMABUF) enabled for HCA 0 'mlx5_0
dgx052:183:386 [4] NCCL INFO New proxy send connection 37 from local rank 4, transport 2
dgx052:179:397 [0] NCCL INFO Channel 23/0 : 0[0] -> 8[0] [send] via NET/IBext_v8/0/GDRDMA
dgx052:179:397 [0] NCCL INFO GPU Direct RDMA Enabled for GPU 1b000 / HCA 0 (distance 4 <= 4), read 1
dgx052:183:396 [4] NCCL INFO Connected to proxy localRank 4 -> connection 0x7f1fd0006098
dgx052:186:394 [7] NCCL INFO New proxy send connection 38 from local rank 7, transport 2
dgx052:180:388 [1] NCCL INFO NET/IB : GPU Direct RDMA (DMABUF) enabled for HCA 2 'mlx5_3
dgx052:186:402 [7] NCCL INFO Connected to proxy localRank 7 -> connection 0x7fe68c006110
dgx052:183:386 [4] NCCL INFO NET/IB : GPU Direct RDMA (DMABUF) enabled for HCA 5 'mlx5_6
dgx052:183:396 [4] NCCL INFO Channel 09/0 : 4[4] -> 12[4] [send] via NET/IBext_v8/5/GDRDMA
dgx052:183:396 [4] NCCL INFO GPU Direct RDMA Enabled for GPU 9d000 / HCA 5 (distance 4 <= 4), read 1
dgx052:180:399 [1] NCCL INFO Channel 25/0 : 1[1] -> 9[1] [send] via NET/IBext_v8/2/GDRDMA
dgx052:179:382 [0] NCCL INFO New proxy send connection 52 from local rank 0, transport 2
dgx052:180:399 [1] NCCL INFO GPU Direct RDMA Enabled for GPU 43000 / HCA 2 (distance 4 <= 4), read 1
dgx052:179:397 [0] NCCL INFO Connected to proxy localRank 0 -> connection 0x7fca080067a0
dgx052:183:386 [4] NCCL INFO New proxy send connection 38 from local rank 4, transport 2
dgx052:186:394 [7] NCCL INFO NET/IB : GPU Direct RDMA (DMABUF) enabled for HCA 9 'mlx5_11
dgx052:183:396 [4] NCCL INFO Connected to proxy localRank 4 -> connection 0x7f1fd0006110
dgx052:186:402 [7] NCCL INFO Channel 10/0 : 7[7] -> 15[7] [send] via NET/IBext_v8/9/GDRDMA
dgx052:186:402 [7] NCCL INFO GPU Direct RDMA Enabled for GPU df000 / HCA 9 (distance 4 <= 4), read 1
dgx052:180:388 [1] NCCL INFO New proxy send connection 54 from local rank 1, transport 2
dgx052:180:399 [1] NCCL INFO Connected to proxy localRank 1 -> connection 0x7f9ee0006890
dgx052:183:386 [4] NCCL INFO NET/IB : GPU Direct RDMA (DMABUF) enabled for HCA 5 'mlx5_6
dgx052:179:382 [0] NCCL INFO NET/IB : GPU Direct RDMA (DMABUF) enabled for HCA 0 'mlx5_0
dgx052:183:396 [4] NCCL INFO Channel 10/0 : 4[4] -> 12[4] [send] via NET/IBext_v8/5/GDRDMA
dgx052:186:394 [7] NCCL INFO New proxy send connection 39 from local rank 7, transport 2
dgx052:183:396 [4] NCCL INFO GPU Direct RDMA Enabled for GPU 9d000 / HCA 5 (distance 4 <= 4), read 1
dgx052:179:397 [0] NCCL INFO Channel 24/0 : 0[0] -> 8[0] [send] via NET/IBext_v8/0/GDRDMA
dgx052:179:397 [0] NCCL INFO GPU Direct RDMA Enabled for GPU 1b000 / HCA 0 (distance 4 <= 4), read 1
dgx052:186:402 [7] NCCL INFO Connected to proxy localRank 7 -> connection 0x7fe68c006188
dgx052:183:386 [4] NCCL INFO New proxy send connection 39 from local rank 4, transport 2
dgx052:183:396 [4] NCCL INFO Connected to proxy localRank 4 -> connection 0x7f1fd0006188
dgx052:180:388 [1] NCCL INFO NET/IB : GPU Direct RDMA (DMABUF) enabled for HCA 2 'mlx5_3
dgx052:180:399 [1] NCCL INFO Channel 26/0 : 1[1] -> 9[1] [send] via NET/IBext_v8/2/GDRDMA
dgx052:179:382 [0] NCCL INFO New proxy send connection 53 from local rank 0, transport 2
dgx052:180:399 [1] NCCL INFO GPU Direct RDMA Enabled for GPU 43000 / HCA 2 (distance 4 <= 4), read 1
dgx052:186:394 [7] NCCL INFO NET/IB : GPU Direct RDMA (DMABUF) enabled for HCA 9 'mlx5_11
dgx052:183:386 [4] NCCL INFO NET/IB : GPU Direct RDMA (DMABUF) enabled for HCA 5 'mlx5_6
dgx052:186:402 [7] NCCL INFO Channel 11/0 : 7[7] -> 15[7] [send] via NET/IBext_v8/9/GDRDMA
dgx052:183:396 [4] NCCL INFO Channel 11/0 : 4[4] -> 12[4] [send] via NET/IBext_v8/5/GDRDMA
dgx052:186:402 [7] NCCL INFO GPU Direct RDMA Enabled for GPU df000 / HCA 9 (distance 4 <= 4), read 1
dgx052:183:396 [4] NCCL INFO GPU Direct RDMA Enabled for GPU 9d000 / HCA 5 (distance 4 <= 4), read 1
dgx052:179:397 [0] NCCL INFO Connected to proxy localRank 0 -> connection 0x7fca08006818
dgx052:183:386 [4] NCCL INFO New proxy send connection 40 from local rank 4, transport 2
dgx052:180:388 [1] NCCL INFO New proxy send connection 55 from local rank 1, transport 2
dgx052:186:394 [7] NCCL INFO New proxy send connection 40 from local rank 7, transport 2
dgx052:183:396 [4] NCCL INFO Connected to proxy localRank 4 -> connection 0x7f1fd0006200
dgx052:180:399 [1] NCCL INFO Connected to proxy localRank 1 -> connection 0x7f9ee0006908
dgx052:186:402 [7] NCCL INFO Connected to proxy localRank 7 -> connection 0x7fe68c006200
dgx052:179:382 [0] NCCL INFO NET/IB : GPU Direct RDMA (DMABUF) enabled for HCA 0 'mlx5_0
dgx052:179:397 [0] NCCL INFO Channel 25/0 : 0[0] -> 8[0] [send] via NET/IBext_v8/0/GDRDMA
dgx052:179:397 [0] NCCL INFO GPU Direct RDMA Enabled for GPU 1b000 / HCA 0 (distance 4 <= 4), read 1
dgx052:183:386 [4] NCCL INFO NET/IB : GPU Direct RDMA (DMABUF) enabled for HCA 5 'mlx5_6
dgx052:183:396 [4] NCCL INFO Channel 12/0 : 4[4] -> 12[4] [send] via NET/IBext_v8/5/GDRDMA
dgx052:183:396 [4] NCCL INFO GPU Direct RDMA Enabled for GPU 9d000 / HCA 5 (distance 4 <= 4), read 1
dgx052:186:394 [7] NCCL INFO NET/IB : GPU Direct RDMA (DMABUF) enabled for HCA 9 'mlx5_11
dgx052:180:388 [1] NCCL INFO NET/IB : GPU Direct RDMA (DMABUF) enabled for HCA 2 'mlx5_3
dgx052:186:402 [7] NCCL INFO Channel 12/0 : 7[7] -> 15[7] [send] via NET/IBext_v8/9/GDRDMA
dgx052:186:402 [7] NCCL INFO GPU Direct RDMA Enabled for GPU df000 / HCA 9 (distance 4 <= 4), read 1
dgx052:183:386 [4] NCCL INFO New proxy send connection 41 from local rank 4, transport 2
dgx052:179:382 [0] NCCL INFO New proxy send connection 54 from local rank 0, transport 2
dgx052:180:399 [1] NCCL INFO Channel 27/0 : 1[1] -> 9[1] [send] via NET/IBext_v8/2/GDRDMA
dgx052:183:396 [4] NCCL INFO Connected to proxy localRank 4 -> connection 0x7f1fd0006278
dgx052:179:397 [0] NCCL INFO Connected to proxy localRank 0 -> connection 0x7fca08006890
dgx052:186:394 [7] NCCL INFO New proxy send connection 41 from local rank 7, transport 2
dgx052:183:386 [4] NCCL INFO NET/IB : GPU Direct RDMA (DMABUF) enabled for HCA 5 'mlx5_6
dgx052:183:396 [4] NCCL INFO Channel 13/0 : 4[4] -> 12[4] [send] via NET/IBext_v8/5/GDRDMA
dgx052:183:396 [4] NCCL INFO GPU Direct RDMA Enabled for GPU 9d000 / HCA 5 (distance 4 <= 4), read 1
dgx052:186:402 [7] NCCL INFO Connected to proxy localRank 7 -> connection 0x7fe68c006278
dgx052:183:386 [4] NCCL INFO New proxy send connection 42 from local rank 4, transport 2
dgx052:179:382 [0] NCCL INFO NET/IB : GPU Direct RDMA (DMABUF) enabled for HCA 0 'mlx5_0
dgx052:183:396 [4] NCCL INFO Connected to proxy localRank 4 -> connection 0x7f1fd00062f0
dgx052:179:397 [0] NCCL INFO Channel 26/0 : 0[0] -> 8[0] [send] via NET/IBext_v8/0/GDRDMA
dgx052:179:397 [0] NCCL INFO GPU Direct RDMA Enabled for GPU 1b000 / HCA 0 (distance 4 <= 4), read 1
dgx052:186:394 [7] NCCL INFO NET/IB : GPU Direct RDMA (DMABUF) enabled for HCA 9 'mlx5_11
dgx052:186:402 [7] NCCL INFO Channel 13/0 : 7[7] -> 15[7] [send] via NET/IBext_v8/9/GDRDMA
dgx052:186:402 [7] NCCL INFO GPU Direct RDMA Enabled for GPU df000 / HCA 9 (distance 4 <= 4), read 1
dgx052:183:386 [4] NCCL INFO NET/IB : GPU Direct RDMA (DMABUF) enabled for HCA 5 'mlx5_6
dgx052:183:396 [4] NCCL INFO Channel 14/0 : 4[4] -> 12[4] [send] via NET/IBext_v8/5/GDRDMA
dgx052:183:396 [4] NCCL INFO GPU Direct RDMA Enabled for GPU 9d000 / HCA 5 (distance 4 <= 4), read 1
dgx052:186:394 [7] NCCL INFO New proxy send connection 42 from local rank 7, transport 2
dgx052:179:382 [0] NCCL INFO New proxy send connection 55 from local rank 0, transport 2
dgx052:183:386 [4] NCCL INFO New proxy send connection 43 from local rank 4, transport 2
dgx052:186:402 [7] NCCL INFO Connected to proxy localRank 7 -> connection 0x7fe68c0062f0
dgx052:179:397 [0] NCCL INFO Connected to proxy localRank 0 -> connection 0x7fca08006908
dgx052:183:396 [4] NCCL INFO Connected to proxy localRank 4 -> connection 0x7f1fd0006368
dgx052:186:394 [7] NCCL INFO NET/IB : GPU Direct RDMA (DMABUF) enabled for HCA 9 'mlx5_11
dgx052:183:386 [4] NCCL INFO NET/IB : GPU Direct RDMA (DMABUF) enabled for HCA 5 'mlx5_6
dgx052:183:396 [4] NCCL INFO Channel 15/0 : 4[4] -> 12[4] [send] via NET/IBext_v8/5/GDRDMA
dgx052:186:402 [7] NCCL INFO Channel 14/0 : 7[7] -> 15[7] [send] via NET/IBext_v8/9/GDRDMA
dgx052:183:396 [4] NCCL INFO GPU Direct RDMA Enabled for GPU 9d000 / HCA 5 (distance 4 <= 4), read 1
dgx052:186:402 [7] NCCL INFO GPU Direct RDMA Enabled for GPU df000 / HCA 9 (distance 4 <= 4), read 1
dgx052:179:382 [0] NCCL INFO NET/IB : GPU Direct RDMA (DMABUF) enabled for HCA 0 'mlx5_0
dgx052:179:397 [0] NCCL INFO Channel 27/0 : 0[0] -> 8[0] [send] via NET/IBext_v8/0/GDRDMA
dgx052:183:386 [4] NCCL INFO New proxy send connection 44 from local rank 4, transport 2
dgx052:186:394 [7] NCCL INFO New proxy send connection 43 from local rank 7, transport 2
dgx052:183:396 [4] NCCL INFO Connected to proxy localRank 4 -> connection 0x7f1fd00063e0
dgx052:186:402 [7] NCCL INFO Connected to proxy localRank 7 -> connection 0x7fe68c006368
dgx052:183:386 [4] NCCL INFO NET/IB : GPU Direct RDMA (DMABUF) enabled for HCA 5 'mlx5_6
dgx052:183:396 [4] NCCL INFO Channel 16/0 : 4[4] -> 12[4] [send] via NET/IBext_v8/5/GDRDMA
dgx052:183:396 [4] NCCL INFO GPU Direct RDMA Enabled for GPU 9d000 / HCA 5 (distance 4 <= 4), read 1
dgx052:186:394 [7] NCCL INFO NET/IB : GPU Direct RDMA (DMABUF) enabled for HCA 9 'mlx5_11
dgx052:186:402 [7] NCCL INFO Channel 15/0 : 7[7] -> 15[7] [send] via NET/IBext_v8/9/GDRDMA
dgx052:183:386 [4] NCCL INFO New proxy send connection 45 from local rank 4, transport 2
dgx052:186:402 [7] NCCL INFO GPU Direct RDMA Enabled for GPU df000 / HCA 9 (distance 4 <= 4), read 1
dgx052:183:396 [4] NCCL INFO Connected to proxy localRank 4 -> connection 0x7f1fd0006458
dgx052:186:394 [7] NCCL INFO New proxy send connection 44 from local rank 7, transport 2
dgx052:183:386 [4] NCCL INFO NET/IB : GPU Direct RDMA (DMABUF) enabled for HCA 5 'mlx5_6
dgx052:183:396 [4] NCCL INFO Channel 17/0 : 4[4] -> 12[4] [send] via NET/IBext_v8/5/GDRDMA
dgx052:183:396 [4] NCCL INFO GPU Direct RDMA Enabled for GPU 9d000 / HCA 5 (distance 4 <= 4), read 1
dgx052:186:402 [7] NCCL INFO Connected to proxy localRank 7 -> connection 0x7fe68c0063e0
dgx052:183:386 [4] NCCL INFO New proxy send connection 46 from local rank 4, transport 2
dgx052:183:396 [4] NCCL INFO Connected to proxy localRank 4 -> connection 0x7f1fd00064d0
dgx052:186:394 [7] NCCL INFO NET/IB : GPU Direct RDMA (DMABUF) enabled for HCA 9 'mlx5_11
dgx052:186:402 [7] NCCL INFO Channel 16/0 : 7[7] -> 15[7] [send] via NET/IBext_v8/9/GDRDMA
dgx052:186:402 [7] NCCL INFO GPU Direct RDMA Enabled for GPU df000 / HCA 9 (distance 4 <= 4), read 1
dgx052:183:386 [4] NCCL INFO NET/IB : GPU Direct RDMA (DMABUF) enabled for HCA 5 'mlx5_6
dgx052:183:396 [4] NCCL INFO Channel 18/0 : 4[4] -> 12[4] [send] via NET/IBext_v8/5/GDRDMA
dgx052:183:396 [4] NCCL INFO GPU Direct RDMA Enabled for GPU 9d000 / HCA 5 (distance 4 <= 4), read 1
dgx052:182:390 [3] NCCL INFO NCCL_IB_QPS_PER_CONNECTION set by environment to 8.
dgx052:186:394 [7] NCCL INFO New proxy send connection 45 from local rank 7, transport 2
dgx052:183:386 [4] NCCL INFO New proxy send connection 47 from local rank 4, transport 2
dgx052:186:402 [7] NCCL INFO Connected to proxy localRank 7 -> connection 0x7fe68c006458
dgx052:183:396 [4] NCCL INFO Connected to proxy localRank 4 -> connection 0x7f1fd0006548
dgx052:183:386 [4] NCCL INFO NET/IB : GPU Direct RDMA (DMABUF) enabled for HCA 5 'mlx5_6
dgx052:183:396 [4] NCCL INFO Channel 19/0 : 4[4] -> 12[4] [send] via NET/IBext_v8/5/GDRDMA
dgx052:183:396 [4] NCCL INFO GPU Direct RDMA Enabled for GPU 9d000 / HCA 5 (distance 4 <= 4), read 1
dgx052:186:394 [7] NCCL INFO NET/IB : GPU Direct RDMA (DMABUF) enabled for HCA 9 'mlx5_11
dgx052:186:402 [7] NCCL INFO Channel 17/0 : 7[7] -> 15[7] [send] via NET/IBext_v8/9/GDRDMA
dgx052:186:402 [7] NCCL INFO GPU Direct RDMA Enabled for GPU df000 / HCA 9 (distance 4 <= 4), read 1
dgx052:183:386 [4] NCCL INFO New proxy send connection 48 from local rank 4, transport 2
dgx052:183:396 [4] NCCL INFO Connected to proxy localRank 4 -> connection 0x7f1fd00065c0
dgx052:186:394 [7] NCCL INFO New proxy send connection 46 from local rank 7, transport 2
dgx052:186:402 [7] NCCL INFO Connected to proxy localRank 7 -> connection 0x7fe68c0064d0
dgx052:183:386 [4] NCCL INFO NET/IB : GPU Direct RDMA (DMABUF) enabled for HCA 5 'mlx5_6
dgx052:183:396 [4] NCCL INFO Channel 20/0 : 4[4] -> 12[4] [send] via NET/IBext_v8/5/GDRDMA
dgx052:183:396 [4] NCCL INFO GPU Direct RDMA Enabled for GPU 9d000 / HCA 5 (distance 4 <= 4), read 1
dgx052:183:386 [4] NCCL INFO New proxy send connection 49 from local rank 4, transport 2
dgx052:186:394 [7] NCCL INFO NET/IB : GPU Direct RDMA (DMABUF) enabled for HCA 9 'mlx5_11
dgx052:183:396 [4] NCCL INFO Connected to proxy localRank 4 -> connection 0x7f1fd0006638
dgx052:186:402 [7] NCCL INFO Channel 18/0 : 7[7] -> 15[7] [send] via NET/IBext_v8/9/GDRDMA
dgx052:186:402 [7] NCCL INFO GPU Direct RDMA Enabled for GPU df000 / HCA 9 (distance 4 <= 4), read 1
dgx052:183:386 [4] NCCL INFO NET/IB : GPU Direct RDMA (DMABUF) enabled for HCA 5 'mlx5_6
dgx052:183:396 [4] NCCL INFO Channel 21/0 : 4[4] -> 12[4] [send] via NET/IBext_v8/5/GDRDMA
dgx052:183:396 [4] NCCL INFO GPU Direct RDMA Enabled for GPU 9d000 / HCA 5 (distance 4 <= 4), read 1
dgx052:186:394 [7] NCCL INFO New proxy send connection 47 from local rank 7, transport 2
dgx052:183:386 [4] NCCL INFO New proxy send connection 50 from local rank 4, transport 2
dgx052:186:402 [7] NCCL INFO Connected to proxy localRank 7 -> connection 0x7fe68c006548
dgx052:183:396 [4] NCCL INFO Connected to proxy localRank 4 -> connection 0x7f1fd00066b0
dgx052:183:386 [4] NCCL INFO NET/IB : GPU Direct RDMA (DMABUF) enabled for HCA 5 'mlx5_6
dgx052:186:394 [7] NCCL INFO NET/IB : GPU Direct RDMA (DMABUF) enabled for HCA 9 'mlx5_11
dgx052:183:396 [4] NCCL INFO Channel 22/0 : 4[4] -> 12[4] [send] via NET/IBext_v8/5/GDRDMA
dgx052:183:396 [4] NCCL INFO GPU Direct RDMA Enabled for GPU 9d000 / HCA 5 (distance 4 <= 4), read 1
dgx052:186:402 [7] NCCL INFO Channel 19/0 : 7[7] -> 15[7] [send] via NET/IBext_v8/9/GDRDMA
dgx052:186:402 [7] NCCL INFO GPU Direct RDMA Enabled for GPU df000 / HCA 9 (distance 4 <= 4), read 1
dgx052:183:386 [4] NCCL INFO New proxy send connection 51 from local rank 4, transport 2
dgx052:186:394 [7] NCCL INFO New proxy send connection 48 from local rank 7, transport 2
dgx052:183:396 [4] NCCL INFO Connected to proxy localRank 4 -> connection 0x7f1fd0006728
dgx052:186:402 [7] NCCL INFO Connected to proxy localRank 7 -> connection 0x7fe68c0065c0
dgx052:183:386 [4] NCCL INFO NET/IB : GPU Direct RDMA (DMABUF) enabled for HCA 5 'mlx5_6
dgx052:183:396 [4] NCCL INFO Channel 23/0 : 4[4] -> 12[4] [send] via NET/IBext_v8/5/GDRDMA
dgx052:183:396 [4] NCCL INFO GPU Direct RDMA Enabled for GPU 9d000 / HCA 5 (distance 4 <= 4), read 1
dgx052:183:386 [4] NCCL INFO New proxy send connection 52 from local rank 4, transport 2
dgx052:186:394 [7] NCCL INFO NET/IB : GPU Direct RDMA (DMABUF) enabled for HCA 9 'mlx5_11
dgx052:186:402 [7] NCCL INFO Channel 20/0 : 7[7] -> 15[7] [send] via NET/IBext_v8/9/GDRDMA
dgx052:186:402 [7] NCCL INFO GPU Direct RDMA Enabled for GPU df000 / HCA 9 (distance 4 <= 4), read 1
dgx052:183:396 [4] NCCL INFO Connected to proxy localRank 4 -> connection 0x7f1fd00067a0
dgx052:183:386 [4] NCCL INFO NET/IB : GPU Direct RDMA (DMABUF) enabled for HCA 5 'mlx5_6
dgx052:186:394 [7] NCCL INFO New proxy send connection 49 from local rank 7, transport 2
dgx052:183:396 [4] NCCL INFO Channel 24/0 : 4[4] -> 12[4] [send] via NET/IBext_v8/5/GDRDMA
dgx052:183:396 [4] NCCL INFO GPU Direct RDMA Enabled for GPU 9d000 / HCA 5 (distance 4 <= 4), read 1
dgx052:186:402 [7] NCCL INFO Connected to proxy localRank 7 -> connection 0x7fe68c006638
dgx052:183:386 [4] NCCL INFO New proxy send connection 53 from local rank 4, transport 2
dgx052:183:396 [4] NCCL INFO Connected to proxy localRank 4 -> connection 0x7f1fd0006818
dgx052:186:394 [7] NCCL INFO NET/IB : GPU Direct RDMA (DMABUF) enabled for HCA 9 'mlx5_11
dgx052:186:402 [7] NCCL INFO Channel 21/0 : 7[7] -> 15[7] [send] via NET/IBext_v8/9/GDRDMA
dgx052:186:402 [7] NCCL INFO GPU Direct RDMA Enabled for GPU df000 / HCA 9 (distance 4 <= 4), read 1
dgx052:183:386 [4] NCCL INFO NET/IB : GPU Direct RDMA (DMABUF) enabled for HCA 5 'mlx5_6
dgx052:183:396 [4] NCCL INFO Channel 25/0 : 4[4] -> 12[4] [send] via NET/IBext_v8/5/GDRDMA
dgx052:183:396 [4] NCCL INFO GPU Direct RDMA Enabled for GPU 9d000 / HCA 5 (distance 4 <= 4), read 1
dgx052:183:386 [4] NCCL INFO New proxy send connection 54 from local rank 4, transport 2
dgx052:186:394 [7] NCCL INFO New proxy send connection 50 from local rank 7, transport 2
dgx052:183:396 [4] NCCL INFO Connected to proxy localRank 4 -> connection 0x7f1fd0006890
dgx052:186:402 [7] NCCL INFO Connected to proxy localRank 7 -> connection 0x7fe68c0066b0
dgx052:183:386 [4] NCCL INFO NET/IB : GPU Direct RDMA (DMABUF) enabled for HCA 5 'mlx5_6
dgx052:183:396 [4] NCCL INFO Channel 26/0 : 4[4] -> 12[4] [send] via NET/IBext_v8/5/GDRDMA
dgx052:183:396 [4] NCCL INFO GPU Direct RDMA Enabled for GPU 9d000 / HCA 5 (distance 4 <= 4), read 1
dgx052:186:394 [7] NCCL INFO NET/IB : GPU Direct RDMA (DMABUF) enabled for HCA 9 'mlx5_11
dgx052:186:402 [7] NCCL INFO Channel 22/0 : 7[7] -> 15[7] [send] via NET/IBext_v8/9/GDRDMA
dgx052:186:402 [7] NCCL INFO GPU Direct RDMA Enabled for GPU df000 / HCA 9 (distance 4 <= 4), read 1
dgx052:183:386 [4] NCCL INFO New proxy send connection 55 from local rank 4, transport 2
dgx052:183:396 [4] NCCL INFO Connected to proxy localRank 4 -> connection 0x7f1fd0006908
dgx052:186:394 [7] NCCL INFO New proxy send connection 51 from local rank 7, transport 2
dgx052:183:386 [4] NCCL INFO NET/IB : GPU Direct RDMA (DMABUF) enabled for HCA 5 'mlx5_6
dgx052:186:402 [7] NCCL INFO Connected to proxy localRank 7 -> connection 0x7fe68c006728
dgx052:183:396 [4] NCCL INFO Channel 27/0 : 4[4] -> 12[4] [send] via NET/IBext_v8/5/GDRDMA
dgx052:186:394 [7] NCCL INFO NET/IB : GPU Direct RDMA (DMABUF) enabled for HCA 9 'mlx5_11
dgx052:186:402 [7] NCCL INFO Channel 23/0 : 7[7] -> 15[7] [send] via NET/IBext_v8/9/GDRDMA
dgx052:186:402 [7] NCCL INFO GPU Direct RDMA Enabled for GPU df000 / HCA 9 (distance 4 <= 4), read 1
dgx052:186:394 [7] NCCL INFO New proxy send connection 52 from local rank 7, transport 2
dgx052:180:388 [1] NCCL INFO NCCL_IB_QPS_PER_CONNECTION set by environment to 8.
dgx052:186:402 [7] NCCL INFO Connected to proxy localRank 7 -> connection 0x7fe68c0067a0
dgx052:186:394 [7] NCCL INFO NET/IB : GPU Direct RDMA (DMABUF) enabled for HCA 9 'mlx5_11
dgx052:186:402 [7] NCCL INFO Channel 24/0 : 7[7] -> 15[7] [send] via NET/IBext_v8/9/GDRDMA
dgx052:186:402 [7] NCCL INFO GPU Direct RDMA Enabled for GPU df000 / HCA 9 (distance 4 <= 4), read 1
dgx052:186:394 [7] NCCL INFO New proxy send connection 53 from local rank 7, transport 2
dgx052:186:402 [7] NCCL INFO Connected to proxy localRank 7 -> connection 0x7fe68c006818
dgx052:186:394 [7] NCCL INFO NET/IB : GPU Direct RDMA (DMABUF) enabled for HCA 9 'mlx5_11
dgx052:186:402 [7] NCCL INFO Channel 25/0 : 7[7] -> 15[7] [send] via NET/IBext_v8/9/GDRDMA
dgx052:186:402 [7] NCCL INFO GPU Direct RDMA Enabled for GPU df000 / HCA 9 (distance 4 <= 4), read 1
dgx052:186:394 [7] NCCL INFO New proxy send connection 54 from local rank 7, transport 2
dgx052:179:382 [0] NCCL INFO NCCL_IB_QPS_PER_CONNECTION set by environment to 8.
dgx052:186:402 [7] NCCL INFO Connected to proxy localRank 7 -> connection 0x7fe68c006890
dgx052:186:394 [7] NCCL INFO NET/IB : GPU Direct RDMA (DMABUF) enabled for HCA 9 'mlx5_11
dgx052:186:402 [7] NCCL INFO Channel 26/0 : 7[7] -> 15[7] [send] via NET/IBext_v8/9/GDRDMA
dgx052:186:402 [7] NCCL INFO GPU Direct RDMA Enabled for GPU df000 / HCA 9 (distance 4 <= 4), read 1
dgx052:186:394 [7] NCCL INFO New proxy send connection 55 from local rank 7, transport 2
dgx052:186:402 [7] NCCL INFO Connected to proxy localRank 7 -> connection 0x7fe68c006908
dgx052:186:394 [7] NCCL INFO NET/IB : GPU Direct RDMA (DMABUF) enabled for HCA 9 'mlx5_11
dgx052:186:402 [7] NCCL INFO Channel 27/0 : 7[7] -> 15[7] [send] via NET/IBext_v8/9/GDRDMA
dgx052:183:386 [4] NCCL INFO NCCL_IB_QPS_PER_CONNECTION set by environment to 8.
dgx052:186:394 [7] NCCL INFO NCCL_IB_QPS_PER_CONNECTION set by environment to 8.
dgx052:181:392 [2] NCCL INFO NET/IB: NCCL Dev 3 IbDev 3 Port 1 qpn 1585 mtu 5 LID 413 subnet-prefix 33022  FLID 0 fifoRkey=0x161ddb fifoLkey=0x161ddb
dgx052:181:392 [2] NCCL INFO NET/IB: NCCL Dev 3 IbDev 3 Port 1 qpn 1586 mtu 5 LID 413 subnet-prefix 33022  FLID 0 fifoRkey=0x161ddb fifoLkey=0x161ddb
dgx052:181:392 [2] NCCL INFO NET/IB: NCCL Dev 3 IbDev 3 Port 1 qpn 1587 mtu 5 LID 413 subnet-prefix 33022  FLID 0 fifoRkey=0x161ddb fifoLkey=0x161ddb
dgx052:181:392 [2] NCCL INFO NET/IB: NCCL Dev 3 IbDev 3 Port 1 qpn 1588 mtu 5 LID 413 subnet-prefix 33022  FLID 0 fifoRkey=0x161ddb fifoLkey=0x161ddb
dgx052:181:392 [2] NCCL INFO NET/IB: NCCL Dev 3 IbDev 3 Port 1 qpn 1589 mtu 5 LID 413 subnet-prefix 33022  FLID 0 fifoRkey=0x161ddb fifoLkey=0x161ddb
dgx052:181:392 [2] NCCL INFO NET/IB: NCCL Dev 3 IbDev 3 Port 1 qpn 1590 mtu 5 LID 413 subnet-prefix 33022  FLID 0 fifoRkey=0x161ddb fifoLkey=0x161ddb
dgx052:181:392 [2] NCCL INFO NET/IB: NCCL Dev 3 IbDev 3 Port 1 qpn 1591 mtu 5 LID 413 subnet-prefix 33022  FLID 0 fifoRkey=0x161ddb fifoLkey=0x161ddb
dgx052:181:392 [2] NCCL INFO NET/IB: NCCL Dev 3 IbDev 3 Port 1 qpn 1592 mtu 5 LID 413 subnet-prefix 33022  FLID 0 fifoRkey=0x161ddb fifoLkey=0x161ddb
dgx052:182:390 [3] NCCL INFO NET/IB: NCCL Dev 4 IbDev 4 Port 1 qpn 1585 mtu 5 LID 417 subnet-prefix 33022  FLID 0 fifoRkey=0x1808c6 fifoLkey=0x1808c6
dgx052:182:390 [3] NCCL INFO NET/IB: NCCL Dev 4 IbDev 4 Port 1 qpn 1586 mtu 5 LID 417 subnet-prefix 33022  FLID 0 fifoRkey=0x1808c6 fifoLkey=0x1808c6
dgx052:182:390 [3] NCCL INFO NET/IB: NCCL Dev 4 IbDev 4 Port 1 qpn 1587 mtu 5 LID 417 subnet-prefix 33022  FLID 0 fifoRkey=0x1808c6 fifoLkey=0x1808c6
dgx052:182:390 [3] NCCL INFO NET/IB: NCCL Dev 4 IbDev 4 Port 1 qpn 1588 mtu 5 LID 417 subnet-prefix 33022  FLID 0 fifoRkey=0x1808c6 fifoLkey=0x1808c6
dgx052:182:390 [3] NCCL INFO NET/IB: NCCL Dev 4 IbDev 4 Port 1 qpn 1589 mtu 5 LID 417 subnet-prefix 33022  FLID 0 fifoRkey=0x1808c6 fifoLkey=0x1808c6
dgx052:182:390 [3] NCCL INFO NET/IB: NCCL Dev 4 IbDev 4 Port 1 qpn 1590 mtu 5 LID 417 subnet-prefix 33022  FLID 0 fifoRkey=0x1808c6 fifoLkey=0x1808c6
dgx052:182:390 [3] NCCL INFO NET/IB: NCCL Dev 4 IbDev 4 Port 1 qpn 1591 mtu 5 LID 417 subnet-prefix 33022  FLID 0 fifoRkey=0x1808c6 fifoLkey=0x1808c6
dgx052:182:390 [3] NCCL INFO NET/IB: NCCL Dev 4 IbDev 4 Port 1 qpn 1592 mtu 5 LID 417 subnet-prefix 33022  FLID 0 fifoRkey=0x1808c6 fifoLkey=0x1808c6
dgx052:180:388 [1] NCCL INFO NET/IB: NCCL Dev 2 IbDev 2 Port 1 qpn 1585 mtu 5 LID 414 subnet-prefix 33022  FLID 0 fifoRkey=0x17ba78 fifoLkey=0x17ba78
dgx052:180:388 [1] NCCL INFO NET/IB: NCCL Dev 2 IbDev 2 Port 1 qpn 1586 mtu 5 LID 414 subnet-prefix 33022  FLID 0 fifoRkey=0x17ba78 fifoLkey=0x17ba78
dgx052:180:388 [1] NCCL INFO NET/IB: NCCL Dev 2 IbDev 2 Port 1 qpn 1587 mtu 5 LID 414 subnet-prefix 33022  FLID 0 fifoRkey=0x17ba78 fifoLkey=0x17ba78
dgx052:180:388 [1] NCCL INFO NET/IB: NCCL Dev 2 IbDev 2 Port 1 qpn 1588 mtu 5 LID 414 subnet-prefix 33022  FLID 0 fifoRkey=0x17ba78 fifoLkey=0x17ba78
dgx052:180:388 [1] NCCL INFO NET/IB: NCCL Dev 2 IbDev 2 Port 1 qpn 1589 mtu 5 LID 414 subnet-prefix 33022  FLID 0 fifoRkey=0x17ba78 fifoLkey=0x17ba78
dgx052:180:388 [1] NCCL INFO NET/IB: NCCL Dev 2 IbDev 2 Port 1 qpn 1590 mtu 5 LID 414 subnet-prefix 33022  FLID 0 fifoRkey=0x17ba78 fifoLkey=0x17ba78
dgx052:180:388 [1] NCCL INFO NET/IB: NCCL Dev 2 IbDev 2 Port 1 qpn 1591 mtu 5 LID 414 subnet-prefix 33022  FLID 0 fifoRkey=0x17ba78 fifoLkey=0x17ba78
dgx052:180:388 [1] NCCL INFO NET/IB: NCCL Dev 2 IbDev 2 Port 1 qpn 1592 mtu 5 LID 414 subnet-prefix 33022  FLID 0 fifoRkey=0x17ba78 fifoLkey=0x17ba78
dgx052:179:382 [0] NCCL INFO NET/IB: NCCL Dev 0 IbDev 0 Port 1 qpn 1585 mtu 5 LID 412 subnet-prefix 33022  FLID 0 fifoRkey=0x16c684 fifoLkey=0x16c684
dgx052:179:382 [0] NCCL INFO NET/IB: NCCL Dev 0 IbDev 0 Port 1 qpn 1586 mtu 5 LID 412 subnet-prefix 33022  FLID 0 fifoRkey=0x16c684 fifoLkey=0x16c684
dgx052:179:382 [0] NCCL INFO NET/IB: NCCL Dev 0 IbDev 0 Port 1 qpn 1587 mtu 5 LID 412 subnet-prefix 33022  FLID 0 fifoRkey=0x16c684 fifoLkey=0x16c684
dgx052:179:382 [0] NCCL INFO NET/IB: NCCL Dev 0 IbDev 0 Port 1 qpn 1588 mtu 5 LID 412 subnet-prefix 33022  FLID 0 fifoRkey=0x16c684 fifoLkey=0x16c684
dgx052:179:382 [0] NCCL INFO NET/IB: NCCL Dev 0 IbDev 0 Port 1 qpn 1589 mtu 5 LID 412 subnet-prefix 33022  FLID 0 fifoRkey=0x16c684 fifoLkey=0x16c684
dgx052:179:382 [0] NCCL INFO NET/IB: NCCL Dev 0 IbDev 0 Port 1 qpn 1590 mtu 5 LID 412 subnet-prefix 33022  FLID 0 fifoRkey=0x16c684 fifoLkey=0x16c684
dgx052:179:382 [0] NCCL INFO NET/IB: NCCL Dev 0 IbDev 0 Port 1 qpn 1591 mtu 5 LID 412 subnet-prefix 33022  FLID 0 fifoRkey=0x16c684 fifoLkey=0x16c684
dgx052:179:382 [0] NCCL INFO NET/IB: NCCL Dev 0 IbDev 0 Port 1 qpn 1592 mtu 5 LID 412 subnet-prefix 33022  FLID 0 fifoRkey=0x16c684 fifoLkey=0x16c684
dgx052:183:386 [4] NCCL INFO NET/IB: NCCL Dev 5 IbDev 5 Port 1 qpn 1585 mtu 5 LID 415 subnet-prefix 33022  FLID 0 fifoRkey=0x176321 fifoLkey=0x176321
dgx052:183:386 [4] NCCL INFO NET/IB: NCCL Dev 5 IbDev 5 Port 1 qpn 1586 mtu 5 LID 415 subnet-prefix 33022  FLID 0 fifoRkey=0x176321 fifoLkey=0x176321
dgx052:183:386 [4] NCCL INFO NET/IB: NCCL Dev 5 IbDev 5 Port 1 qpn 1587 mtu 5 LID 415 subnet-prefix 33022  FLID 0 fifoRkey=0x176321 fifoLkey=0x176321
dgx052:183:386 [4] NCCL INFO NET/IB: NCCL Dev 5 IbDev 5 Port 1 qpn 1588 mtu 5 LID 415 subnet-prefix 33022  FLID 0 fifoRkey=0x176321 fifoLkey=0x176321
dgx052:183:386 [4] NCCL INFO NET/IB: NCCL Dev 5 IbDev 5 Port 1 qpn 1589 mtu 5 LID 415 subnet-prefix 33022  FLID 0 fifoRkey=0x176321 fifoLkey=0x176321
dgx052:183:386 [4] NCCL INFO NET/IB: NCCL Dev 5 IbDev 5 Port 1 qpn 1590 mtu 5 LID 415 subnet-prefix 33022  FLID 0 fifoRkey=0x176321 fifoLkey=0x176321
dgx052:183:386 [4] NCCL INFO NET/IB: NCCL Dev 5 IbDev 5 Port 1 qpn 1591 mtu 5 LID 415 subnet-prefix 33022  FLID 0 fifoRkey=0x176321 fifoLkey=0x176321
dgx052:183:386 [4] NCCL INFO NET/IB: NCCL Dev 5 IbDev 5 Port 1 qpn 1592 mtu 5 LID 415 subnet-prefix 33022  FLID 0 fifoRkey=0x176321 fifoLkey=0x176321
dgx052:185:380 [6] NCCL INFO NET/IB: NCCL Dev 8 IbDev 8 Port 1 qpn 1585 mtu 5 LID 416 subnet-prefix 33022  FLID 0 fifoRkey=0x16ac6a fifoLkey=0x16ac6a
dgx052:185:380 [6] NCCL INFO NET/IB: NCCL Dev 8 IbDev 8 Port 1 qpn 1586 mtu 5 LID 416 subnet-prefix 33022  FLID 0 fifoRkey=0x16ac6a fifoLkey=0x16ac6a
dgx052:185:380 [6] NCCL INFO NET/IB: NCCL Dev 8 IbDev 8 Port 1 qpn 1587 mtu 5 LID 416 subnet-prefix 33022  FLID 0 fifoRkey=0x16ac6a fifoLkey=0x16ac6a
dgx052:185:380 [6] NCCL INFO NET/IB: NCCL Dev 8 IbDev 8 Port 1 qpn 1588 mtu 5 LID 416 subnet-prefix 33022  FLID 0 fifoRkey=0x16ac6a fifoLkey=0x16ac6a
dgx052:185:380 [6] NCCL INFO NET/IB: NCCL Dev 8 IbDev 8 Port 1 qpn 1589 mtu 5 LID 416 subnet-prefix 33022  FLID 0 fifoRkey=0x16ac6a fifoLkey=0x16ac6a
dgx052:185:380 [6] NCCL INFO NET/IB: NCCL Dev 8 IbDev 8 Port 1 qpn 1590 mtu 5 LID 416 subnet-prefix 33022  FLID 0 fifoRkey=0x16ac6a fifoLkey=0x16ac6a
dgx052:185:380 [6] NCCL INFO NET/IB: NCCL Dev 8 IbDev 8 Port 1 qpn 1591 mtu 5 LID 416 subnet-prefix 33022  FLID 0 fifoRkey=0x16ac6a fifoLkey=0x16ac6a
dgx052:185:380 [6] NCCL INFO NET/IB: NCCL Dev 8 IbDev 8 Port 1 qpn 1592 mtu 5 LID 416 subnet-prefix 33022  FLID 0 fifoRkey=0x16ac6a fifoLkey=0x16ac6a
dgx052:179:382 [0] NCCL INFO NCCL_IB_SL set by environment to 0.
dgx052:179:382 [0] NCCL INFO NCCL_IB_TIMEOUT set by environment to 22.
dgx052:179:382 [0] NCCL INFO NCCL_IB_RETRY_CNT set by environment to 7.
dgx052:186:394 [7] NCCL INFO NET/IB: NCCL Dev 9 IbDev 9 Port 1 qpn 1585 mtu 5 LID 419 subnet-prefix 33022  FLID 0 fifoRkey=0x154e0c fifoLkey=0x154e0c
dgx052:186:394 [7] NCCL INFO NET/IB: NCCL Dev 9 IbDev 9 Port 1 qpn 1586 mtu 5 LID 419 subnet-prefix 33022  FLID 0 fifoRkey=0x154e0c fifoLkey=0x154e0c
dgx052:186:394 [7] NCCL INFO NET/IB: NCCL Dev 9 IbDev 9 Port 1 qpn 1587 mtu 5 LID 419 subnet-prefix 33022  FLID 0 fifoRkey=0x154e0c fifoLkey=0x154e0c
dgx052:186:394 [7] NCCL INFO NET/IB: NCCL Dev 9 IbDev 9 Port 1 qpn 1588 mtu 5 LID 419 subnet-prefix 33022  FLID 0 fifoRkey=0x154e0c fifoLkey=0x154e0c
dgx052:186:394 [7] NCCL INFO NET/IB: NCCL Dev 9 IbDev 9 Port 1 qpn 1589 mtu 5 LID 419 subnet-prefix 33022  FLID 0 fifoRkey=0x154e0c fifoLkey=0x154e0c
dgx052:186:394 [7] NCCL INFO NET/IB: NCCL Dev 9 IbDev 9 Port 1 qpn 1590 mtu 5 LID 419 subnet-prefix 33022  FLID 0 fifoRkey=0x154e0c fifoLkey=0x154e0c
dgx052:186:394 [7] NCCL INFO NET/IB: NCCL Dev 9 IbDev 9 Port 1 qpn 1591 mtu 5 LID 419 subnet-prefix 33022  FLID 0 fifoRkey=0x154e0c fifoLkey=0x154e0c
dgx052:186:394 [7] NCCL INFO NET/IB: NCCL Dev 9 IbDev 9 Port 1 qpn 1592 mtu 5 LID 419 subnet-prefix 33022  FLID 0 fifoRkey=0x154e0c fifoLkey=0x154e0c
dgx052:185:380 [6] NCCL INFO NCCL_IB_SL set by environment to 0.
dgx052:185:380 [6] NCCL INFO NCCL_IB_TIMEOUT set by environment to 22.
dgx052:185:380 [6] NCCL INFO NCCL_IB_RETRY_CNT set by environment to 7.
dgx052:180:388 [1] NCCL INFO NET/IB: NCCL Dev 2 IbDev 2 Port 1 qpn 1593 mtu 5 LID 414 subnet-prefix 33022  FLID 0 fifoRkey=0x154806 fifoLkey=0x154806
dgx052:180:388 [1] NCCL INFO NET/IB: NCCL Dev 2 IbDev 2 Port 1 qpn 1594 mtu 5 LID 414 subnet-prefix 33022  FLID 0 fifoRkey=0x154806 fifoLkey=0x154806
dgx052:180:388 [1] NCCL INFO NET/IB: NCCL Dev 2 IbDev 2 Port 1 qpn 1595 mtu 5 LID 414 subnet-prefix 33022  FLID 0 fifoRkey=0x154806 fifoLkey=0x154806
dgx052:180:388 [1] NCCL INFO NET/IB: NCCL Dev 2 IbDev 2 Port 1 qpn 1596 mtu 5 LID 414 subnet-prefix 33022  FLID 0 fifoRkey=0x154806 fifoLkey=0x154806
dgx052:180:388 [1] NCCL INFO NET/IB: NCCL Dev 2 IbDev 2 Port 1 qpn 1597 mtu 5 LID 414 subnet-prefix 33022  FLID 0 fifoRkey=0x154806 fifoLkey=0x154806
dgx052:180:388 [1] NCCL INFO NET/IB: NCCL Dev 2 IbDev 2 Port 1 qpn 1598 mtu 5 LID 414 subnet-prefix 33022  FLID 0 fifoRkey=0x154806 fifoLkey=0x154806
dgx052:180:388 [1] NCCL INFO NET/IB: NCCL Dev 2 IbDev 2 Port 1 qpn 1599 mtu 5 LID 414 subnet-prefix 33022  FLID 0 fifoRkey=0x154806 fifoLkey=0x154806
dgx052:180:388 [1] NCCL INFO NET/IB: NCCL Dev 2 IbDev 2 Port 1 qpn 1600 mtu 5 LID 414 subnet-prefix 33022  FLID 0 fifoRkey=0x154806 fifoLkey=0x154806
dgx052:181:392 [2] NCCL INFO NET/IB: NCCL Dev 3 IbDev 3 Port 1 qpn 1593 mtu 5 LID 413 subnet-prefix 33022  FLID 0 fifoRkey=0x1611cf fifoLkey=0x1611cf
dgx052:181:392 [2] NCCL INFO NET/IB: NCCL Dev 3 IbDev 3 Port 1 qpn 1594 mtu 5 LID 413 subnet-prefix 33022  FLID 0 fifoRkey=0x1611cf fifoLkey=0x1611cf
