dgx052:185:385 [3] NCCL INFO NET/IB : GPU Direct RDMA (DMABUF) enabled for HCA 4 'mlx5_5
dgx052:186:391 [4] NCCL INFO New proxy send connection 28 from local rank 4, transport 2
dgx052:185:399 [3] NCCL INFO Channel 16/0 : 3[3] -> 11[3] [send] via NET/IBext_v8/4/GDRDMA
dgx052:188:397 [6] NCCL INFO New proxy send connection 51 from local rank 6, transport 2
dgx052:185:399 [3] NCCL INFO GPU Direct RDMA Enabled for GPU 61000 / HCA 4 (distance 4 <= 4), read 1
dgx052:188:400 [6] NCCL INFO Connected to proxy localRank 6 -> connection 0x7f6cf0006728
dgx052:186:406 [4] NCCL INFO Connected to proxy localRank 4 -> connection 0x7f9524005c60
dgx052:185:385 [3] NCCL INFO New proxy send connection 45 from local rank 3, transport 2
dgx052:185:399 [3] NCCL INFO Connected to proxy localRank 3 -> connection 0x7f49a4006458
dgx052:188:397 [6] NCCL INFO NET/IB : GPU Direct RDMA (DMABUF) enabled for HCA 8 'mlx5_10
dgx052:186:391 [4] NCCL INFO NET/IB : GPU Direct RDMA (DMABUF) enabled for HCA 5 'mlx5_6
dgx052:188:400 [6] NCCL INFO Channel 23/0 : 6[6] -> 14[6] [send] via NET/IBext_v8/8/GDRDMA
dgx052:188:400 [6] NCCL INFO GPU Direct RDMA Enabled for GPU d1000 / HCA 8 (distance 4 <= 4), read 1
dgx052:186:406 [4] NCCL INFO Channel 00/0 : 4[4] -> 12[4] [send] via NET/IBext_v8/5/GDRDMA
dgx052:186:406 [4] NCCL INFO GPU Direct RDMA Enabled for GPU 9d000 / HCA 5 (distance 4 <= 4), read 1
dgx052:189:387 [7] NCCL INFO NET/IB : GPU Direct RDMA (DMABUF) enabled for HCA 9 'mlx5_11
dgx052:185:385 [3] NCCL INFO NET/IB : GPU Direct RDMA (DMABUF) enabled for HCA 4 'mlx5_5
dgx052:185:399 [3] NCCL INFO Channel 17/0 : 3[3] -> 11[3] [send] via NET/IBext_v8/4/GDRDMA
dgx052:185:399 [3] NCCL INFO GPU Direct RDMA Enabled for GPU 61000 / HCA 4 (distance 4 <= 4), read 1
dgx052:188:397 [6] NCCL INFO New proxy send connection 52 from local rank 6, transport 2
dgx052:186:391 [4] NCCL INFO New proxy send connection 29 from local rank 4, transport 2
dgx052:185:385 [3] NCCL INFO New proxy send connection 46 from local rank 3, transport 2
dgx052:188:400 [6] NCCL INFO Connected to proxy localRank 6 -> connection 0x7f6cf00067a0
dgx052:186:406 [4] NCCL INFO Connected to proxy localRank 4 -> connection 0x7f9524005cd8
dgx052:189:402 [7] NCCL INFO Channel 14/0 : 15[7] -> 7[7] [receive] via NET/IBext_v8/9/GDRDMA
dgx052:189:402 [7] NCCL INFO GPU Direct RDMA Enabled for GPU df000 / HCA 9 (distance 4 <= 4), read 0
dgx052:185:399 [3] NCCL INFO Connected to proxy localRank 3 -> connection 0x7f49a40064d0
dgx052:188:397 [6] NCCL INFO NET/IB : GPU Direct RDMA (DMABUF) enabled for HCA 8 'mlx5_10
dgx052:188:400 [6] NCCL INFO Channel 24/0 : 6[6] -> 14[6] [send] via NET/IBext_v8/8/GDRDMA
dgx052:188:400 [6] NCCL INFO GPU Direct RDMA Enabled for GPU d1000 / HCA 8 (distance 4 <= 4), read 1
dgx052:185:385 [3] NCCL INFO NET/IB : GPU Direct RDMA (DMABUF) enabled for HCA 4 'mlx5_5
dgx052:186:391 [4] NCCL INFO NET/IB : GPU Direct RDMA (DMABUF) enabled for HCA 5 'mlx5_6
dgx052:185:399 [3] NCCL INFO Channel 18/0 : 3[3] -> 11[3] [send] via NET/IBext_v8/4/GDRDMA
dgx052:185:399 [3] NCCL INFO GPU Direct RDMA Enabled for GPU 61000 / HCA 4 (distance 4 <= 4), read 1
dgx052:186:406 [4] NCCL INFO Channel 01/0 : 4[4] -> 12[4] [send] via NET/IBext_v8/5/GDRDMA
dgx052:186:406 [4] NCCL INFO GPU Direct RDMA Enabled for GPU 9d000 / HCA 5 (distance 4 <= 4), read 1
dgx052:188:397 [6] NCCL INFO New proxy send connection 53 from local rank 6, transport 2
dgx052:189:387 [7] NCCL INFO New proxy recv connection 15 from local rank 7, transport 2
dgx052:185:385 [3] NCCL INFO New proxy send connection 47 from local rank 3, transport 2
dgx052:188:400 [6] NCCL INFO Connected to proxy localRank 6 -> connection 0x7f6cf0006818
dgx052:186:391 [4] NCCL INFO New proxy send connection 30 from local rank 4, transport 2
dgx052:185:399 [3] NCCL INFO Connected to proxy localRank 3 -> connection 0x7f49a4006548
dgx052:189:402 [7] NCCL INFO Connected to proxy localRank 7 -> connection 0x7f07f0005648
dgx052:188:397 [6] NCCL INFO NET/IB : GPU Direct RDMA (DMABUF) enabled for HCA 8 'mlx5_10
dgx052:186:406 [4] NCCL INFO Connected to proxy localRank 4 -> connection 0x7f9524005d50
dgx052:188:400 [6] NCCL INFO Channel 25/0 : 6[6] -> 14[6] [send] via NET/IBext_v8/8/GDRDMA
dgx052:188:400 [6] NCCL INFO GPU Direct RDMA Enabled for GPU d1000 / HCA 8 (distance 4 <= 4), read 1
dgx052:185:385 [3] NCCL INFO NET/IB : GPU Direct RDMA (DMABUF) enabled for HCA 4 'mlx5_5
dgx052:185:399 [3] NCCL INFO Channel 19/0 : 3[3] -> 11[3] [send] via NET/IBext_v8/4/GDRDMA
dgx052:185:399 [3] NCCL INFO GPU Direct RDMA Enabled for GPU 61000 / HCA 4 (distance 4 <= 4), read 1
dgx052:188:397 [6] NCCL INFO New proxy send connection 54 from local rank 6, transport 2
dgx052:186:391 [4] NCCL INFO NET/IB : GPU Direct RDMA (DMABUF) enabled for HCA 5 'mlx5_6
dgx052:185:385 [3] NCCL INFO New proxy send connection 48 from local rank 3, transport 2
dgx052:186:406 [4] NCCL INFO Channel 02/0 : 4[4] -> 12[4] [send] via NET/IBext_v8/5/GDRDMA
dgx052:186:406 [4] NCCL INFO GPU Direct RDMA Enabled for GPU 9d000 / HCA 5 (distance 4 <= 4), read 1
dgx052:188:400 [6] NCCL INFO Connected to proxy localRank 6 -> connection 0x7f6cf0006890
dgx052:185:399 [3] NCCL INFO Connected to proxy localRank 3 -> connection 0x7f49a40065c0
dgx052:186:391 [4] NCCL INFO New proxy send connection 31 from local rank 4, transport 2
dgx052:188:397 [6] NCCL INFO NET/IB : GPU Direct RDMA (DMABUF) enabled for HCA 8 'mlx5_10
dgx052:185:385 [3] NCCL INFO NET/IB : GPU Direct RDMA (DMABUF) enabled for HCA 4 'mlx5_5
dgx052:188:400 [6] NCCL INFO Channel 26/0 : 6[6] -> 14[6] [send] via NET/IBext_v8/8/GDRDMA
dgx052:188:400 [6] NCCL INFO GPU Direct RDMA Enabled for GPU d1000 / HCA 8 (distance 4 <= 4), read 1
dgx052:185:399 [3] NCCL INFO Channel 20/0 : 3[3] -> 11[3] [send] via NET/IBext_v8/4/GDRDMA
dgx052:185:399 [3] NCCL INFO GPU Direct RDMA Enabled for GPU 61000 / HCA 4 (distance 4 <= 4), read 1
dgx052:186:406 [4] NCCL INFO Connected to proxy localRank 4 -> connection 0x7f9524005dc8
dgx052:188:397 [6] NCCL INFO New proxy send connection 55 from local rank 6, transport 2
dgx052:185:385 [3] NCCL INFO New proxy send connection 49 from local rank 3, transport 2
dgx052:188:400 [6] NCCL INFO Connected to proxy localRank 6 -> connection 0x7f6cf0006908
dgx052:185:399 [3] NCCL INFO Connected to proxy localRank 3 -> connection 0x7f49a4006638
dgx052:186:391 [4] NCCL INFO NET/IB : GPU Direct RDMA (DMABUF) enabled for HCA 5 'mlx5_6
dgx052:186:406 [4] NCCL INFO Channel 03/0 : 4[4] -> 12[4] [send] via NET/IBext_v8/5/GDRDMA
dgx052:186:406 [4] NCCL INFO GPU Direct RDMA Enabled for GPU 9d000 / HCA 5 (distance 4 <= 4), read 1
dgx052:188:397 [6] NCCL INFO NET/IB : GPU Direct RDMA (DMABUF) enabled for HCA 8 'mlx5_10
dgx052:185:385 [3] NCCL INFO NET/IB : GPU Direct RDMA (DMABUF) enabled for HCA 4 'mlx5_5
dgx052:188:400 [6] NCCL INFO Channel 27/0 : 6[6] -> 14[6] [send] via NET/IBext_v8/8/GDRDMA
dgx052:185:399 [3] NCCL INFO Channel 21/0 : 3[3] -> 11[3] [send] via NET/IBext_v8/4/GDRDMA
dgx052:185:399 [3] NCCL INFO GPU Direct RDMA Enabled for GPU 61000 / HCA 4 (distance 4 <= 4), read 1
dgx052:189:387 [7] NCCL INFO NET/IB : GPU Direct RDMA (DMABUF) enabled for HCA 9 'mlx5_11
dgx052:186:391 [4] NCCL INFO New proxy send connection 32 from local rank 4, transport 2
dgx052:185:385 [3] NCCL INFO New proxy send connection 50 from local rank 3, transport 2
dgx052:186:406 [4] NCCL INFO Connected to proxy localRank 4 -> connection 0x7f9524005e40
dgx052:185:399 [3] NCCL INFO Connected to proxy localRank 3 -> connection 0x7f49a40066b0
dgx052:189:402 [7] NCCL INFO Channel 15/0 : 15[7] -> 7[7] [receive] via NET/IBext_v8/9/GDRDMA
dgx052:189:402 [7] NCCL INFO GPU Direct RDMA Enabled for GPU df000 / HCA 9 (distance 4 <= 4), read 0
dgx052:186:391 [4] NCCL INFO NET/IB : GPU Direct RDMA (DMABUF) enabled for HCA 5 'mlx5_6
dgx052:185:385 [3] NCCL INFO NET/IB : GPU Direct RDMA (DMABUF) enabled for HCA 4 'mlx5_5
dgx052:185:399 [3] NCCL INFO Channel 22/0 : 3[3] -> 11[3] [send] via NET/IBext_v8/4/GDRDMA
dgx052:185:399 [3] NCCL INFO GPU Direct RDMA Enabled for GPU 61000 / HCA 4 (distance 4 <= 4), read 1
dgx052:186:406 [4] NCCL INFO Channel 04/0 : 4[4] -> 12[4] [send] via NET/IBext_v8/5/GDRDMA
dgx052:186:406 [4] NCCL INFO GPU Direct RDMA Enabled for GPU 9d000 / HCA 5 (distance 4 <= 4), read 1
dgx052:185:385 [3] NCCL INFO New proxy send connection 51 from local rank 3, transport 2
dgx052:186:391 [4] NCCL INFO New proxy send connection 33 from local rank 4, transport 2
dgx052:185:399 [3] NCCL INFO Connected to proxy localRank 3 -> connection 0x7f49a4006728
dgx052:189:387 [7] NCCL INFO New proxy recv connection 16 from local rank 7, transport 2
dgx052:186:406 [4] NCCL INFO Connected to proxy localRank 4 -> connection 0x7f9524005eb8
dgx052:189:402 [7] NCCL INFO Connected to proxy localRank 7 -> connection 0x7f07f00056c0
dgx052:185:385 [3] NCCL INFO NET/IB : GPU Direct RDMA (DMABUF) enabled for HCA 4 'mlx5_5
dgx052:185:399 [3] NCCL INFO Channel 23/0 : 3[3] -> 11[3] [send] via NET/IBext_v8/4/GDRDMA
dgx052:185:399 [3] NCCL INFO GPU Direct RDMA Enabled for GPU 61000 / HCA 4 (distance 4 <= 4), read 1
dgx052:186:391 [4] NCCL INFO NET/IB : GPU Direct RDMA (DMABUF) enabled for HCA 5 'mlx5_6
dgx052:186:406 [4] NCCL INFO Channel 05/0 : 4[4] -> 12[4] [send] via NET/IBext_v8/5/GDRDMA
dgx052:186:406 [4] NCCL INFO GPU Direct RDMA Enabled for GPU 9d000 / HCA 5 (distance 4 <= 4), read 1
dgx052:185:385 [3] NCCL INFO New proxy send connection 52 from local rank 3, transport 2
dgx052:185:399 [3] NCCL INFO Connected to proxy localRank 3 -> connection 0x7f49a40067a0
dgx052:189:387 [7] NCCL INFO NET/IB : GPU Direct RDMA (DMABUF) enabled for HCA 9 'mlx5_11
dgx052:186:391 [4] NCCL INFO New proxy send connection 34 from local rank 4, transport 2
dgx052:185:385 [3] NCCL INFO NET/IB : GPU Direct RDMA (DMABUF) enabled for HCA 4 'mlx5_5
dgx052:185:399 [3] NCCL INFO Channel 24/0 : 3[3] -> 11[3] [send] via NET/IBext_v8/4/GDRDMA
dgx052:185:399 [3] NCCL INFO GPU Direct RDMA Enabled for GPU 61000 / HCA 4 (distance 4 <= 4), read 1
dgx052:186:406 [4] NCCL INFO Connected to proxy localRank 4 -> connection 0x7f9524005f30
dgx052:189:402 [7] NCCL INFO Channel 16/0 : 15[7] -> 7[7] [receive] via NET/IBext_v8/9/GDRDMA
dgx052:189:402 [7] NCCL INFO GPU Direct RDMA Enabled for GPU df000 / HCA 9 (distance 4 <= 4), read 0
dgx052:185:385 [3] NCCL INFO New proxy send connection 53 from local rank 3, transport 2
dgx052:186:391 [4] NCCL INFO NET/IB : GPU Direct RDMA (DMABUF) enabled for HCA 5 'mlx5_6
dgx052:185:399 [3] NCCL INFO Connected to proxy localRank 3 -> connection 0x7f49a4006818
dgx052:186:406 [4] NCCL INFO Channel 06/0 : 4[4] -> 12[4] [send] via NET/IBext_v8/5/GDRDMA
dgx052:186:406 [4] NCCL INFO GPU Direct RDMA Enabled for GPU 9d000 / HCA 5 (distance 4 <= 4), read 1
dgx052:185:385 [3] NCCL INFO NET/IB : GPU Direct RDMA (DMABUF) enabled for HCA 4 'mlx5_5
dgx052:189:387 [7] NCCL INFO New proxy recv connection 17 from local rank 7, transport 2
dgx052:185:399 [3] NCCL INFO Channel 25/0 : 3[3] -> 11[3] [send] via NET/IBext_v8/4/GDRDMA
dgx052:185:399 [3] NCCL INFO GPU Direct RDMA Enabled for GPU 61000 / HCA 4 (distance 4 <= 4), read 1
dgx052:186:391 [4] NCCL INFO New proxy send connection 35 from local rank 4, transport 2
dgx052:189:402 [7] NCCL INFO Connected to proxy localRank 7 -> connection 0x7f07f0005738
dgx052:186:406 [4] NCCL INFO Connected to proxy localRank 4 -> connection 0x7f9524005fa8
dgx052:185:385 [3] NCCL INFO New proxy send connection 54 from local rank 3, transport 2
dgx052:185:399 [3] NCCL INFO Connected to proxy localRank 3 -> connection 0x7f49a4006890
dgx052:186:391 [4] NCCL INFO NET/IB : GPU Direct RDMA (DMABUF) enabled for HCA 5 'mlx5_6
dgx052:185:385 [3] NCCL INFO NET/IB : GPU Direct RDMA (DMABUF) enabled for HCA 4 'mlx5_5
dgx052:186:406 [4] NCCL INFO Channel 07/0 : 4[4] -> 12[4] [send] via NET/IBext_v8/5/GDRDMA
dgx052:186:406 [4] NCCL INFO GPU Direct RDMA Enabled for GPU 9d000 / HCA 5 (distance 4 <= 4), read 1
dgx052:185:399 [3] NCCL INFO Channel 26/0 : 3[3] -> 11[3] [send] via NET/IBext_v8/4/GDRDMA
dgx052:185:399 [3] NCCL INFO GPU Direct RDMA Enabled for GPU 61000 / HCA 4 (distance 4 <= 4), read 1
dgx052:189:387 [7] NCCL INFO NET/IB : GPU Direct RDMA (DMABUF) enabled for HCA 9 'mlx5_11
dgx052:186:391 [4] NCCL INFO New proxy send connection 36 from local rank 4, transport 2
dgx052:185:385 [3] NCCL INFO New proxy send connection 55 from local rank 3, transport 2
dgx052:189:402 [7] NCCL INFO Channel 17/0 : 15[7] -> 7[7] [receive] via NET/IBext_v8/9/GDRDMA
dgx052:189:402 [7] NCCL INFO GPU Direct RDMA Enabled for GPU df000 / HCA 9 (distance 4 <= 4), read 0
dgx052:185:399 [3] NCCL INFO Connected to proxy localRank 3 -> connection 0x7f49a4006908
dgx052:186:406 [4] NCCL INFO Connected to proxy localRank 4 -> connection 0x7f9524006020
dgx052:185:385 [3] NCCL INFO NET/IB : GPU Direct RDMA (DMABUF) enabled for HCA 4 'mlx5_5
dgx052:185:399 [3] NCCL INFO Channel 27/0 : 3[3] -> 11[3] [send] via NET/IBext_v8/4/GDRDMA
dgx052:188:397 [6] NCCL INFO NCCL_IB_QPS_PER_CONNECTION set by environment to 8.
dgx052:189:387 [7] NCCL INFO New proxy recv connection 18 from local rank 7, transport 2
dgx052:189:402 [7] NCCL INFO Connected to proxy localRank 7 -> connection 0x7f07f00057b0
dgx052:186:391 [4] NCCL INFO NET/IB : GPU Direct RDMA (DMABUF) enabled for HCA 5 'mlx5_6
dgx052:186:406 [4] NCCL INFO Channel 08/0 : 4[4] -> 12[4] [send] via NET/IBext_v8/5/GDRDMA
dgx052:186:406 [4] NCCL INFO GPU Direct RDMA Enabled for GPU 9d000 / HCA 5 (distance 4 <= 4), read 1
dgx052:186:391 [4] NCCL INFO New proxy send connection 37 from local rank 4, transport 2
dgx052:186:406 [4] NCCL INFO Connected to proxy localRank 4 -> connection 0x7f9524006098
dgx052:186:391 [4] NCCL INFO NET/IB : GPU Direct RDMA (DMABUF) enabled for HCA 5 'mlx5_6
dgx052:186:406 [4] NCCL INFO Channel 09/0 : 4[4] -> 12[4] [send] via NET/IBext_v8/5/GDRDMA
dgx052:186:406 [4] NCCL INFO GPU Direct RDMA Enabled for GPU 9d000 / HCA 5 (distance 4 <= 4), read 1
dgx052:186:391 [4] NCCL INFO New proxy send connection 38 from local rank 4, transport 2
dgx052:189:387 [7] NCCL INFO NET/IB : GPU Direct RDMA (DMABUF) enabled for HCA 9 'mlx5_11
dgx052:186:406 [4] NCCL INFO Connected to proxy localRank 4 -> connection 0x7f9524006110
dgx052:189:402 [7] NCCL INFO Channel 18/0 : 15[7] -> 7[7] [receive] via NET/IBext_v8/9/GDRDMA
dgx052:189:402 [7] NCCL INFO GPU Direct RDMA Enabled for GPU df000 / HCA 9 (distance 4 <= 4), read 0
dgx052:186:391 [4] NCCL INFO NET/IB : GPU Direct RDMA (DMABUF) enabled for HCA 5 'mlx5_6
dgx052:186:406 [4] NCCL INFO Channel 10/0 : 4[4] -> 12[4] [send] via NET/IBext_v8/5/GDRDMA
dgx052:186:406 [4] NCCL INFO GPU Direct RDMA Enabled for GPU 9d000 / HCA 5 (distance 4 <= 4), read 1
dgx052:186:391 [4] NCCL INFO New proxy send connection 39 from local rank 4, transport 2
dgx052:186:406 [4] NCCL INFO Connected to proxy localRank 4 -> connection 0x7f9524006188
dgx052:186:391 [4] NCCL INFO NET/IB : GPU Direct RDMA (DMABUF) enabled for HCA 5 'mlx5_6
dgx052:186:406 [4] NCCL INFO Channel 11/0 : 4[4] -> 12[4] [send] via NET/IBext_v8/5/GDRDMA
dgx052:186:406 [4] NCCL INFO GPU Direct RDMA Enabled for GPU 9d000 / HCA 5 (distance 4 <= 4), read 1
dgx052:186:391 [4] NCCL INFO New proxy send connection 40 from local rank 4, transport 2
dgx052:186:406 [4] NCCL INFO Connected to proxy localRank 4 -> connection 0x7f9524006200
dgx052:186:391 [4] NCCL INFO NET/IB : GPU Direct RDMA (DMABUF) enabled for HCA 5 'mlx5_6
dgx052:189:387 [7] NCCL INFO New proxy recv connection 19 from local rank 7, transport 2
dgx052:186:406 [4] NCCL INFO Channel 12/0 : 4[4] -> 12[4] [send] via NET/IBext_v8/5/GDRDMA
dgx052:186:406 [4] NCCL INFO GPU Direct RDMA Enabled for GPU 9d000 / HCA 5 (distance 4 <= 4), read 1
dgx052:189:402 [7] NCCL INFO Connected to proxy localRank 7 -> connection 0x7f07f0005828
dgx052:186:391 [4] NCCL INFO New proxy send connection 41 from local rank 4, transport 2
dgx052:185:385 [3] NCCL INFO NCCL_IB_QPS_PER_CONNECTION set by environment to 8.
dgx052:186:406 [4] NCCL INFO Connected to proxy localRank 4 -> connection 0x7f9524006278
dgx052:186:391 [4] NCCL INFO NET/IB : GPU Direct RDMA (DMABUF) enabled for HCA 5 'mlx5_6
dgx052:186:406 [4] NCCL INFO Channel 13/0 : 4[4] -> 12[4] [send] via NET/IBext_v8/5/GDRDMA
dgx052:186:406 [4] NCCL INFO GPU Direct RDMA Enabled for GPU 9d000 / HCA 5 (distance 4 <= 4), read 1
dgx052:186:391 [4] NCCL INFO New proxy send connection 42 from local rank 4, transport 2
dgx052:186:406 [4] NCCL INFO Connected to proxy localRank 4 -> connection 0x7f95240062f0
dgx052:186:391 [4] NCCL INFO NET/IB : GPU Direct RDMA (DMABUF) enabled for HCA 5 'mlx5_6
dgx052:186:406 [4] NCCL INFO Channel 14/0 : 4[4] -> 12[4] [send] via NET/IBext_v8/5/GDRDMA
dgx052:186:406 [4] NCCL INFO GPU Direct RDMA Enabled for GPU 9d000 / HCA 5 (distance 4 <= 4), read 1
dgx052:186:391 [4] NCCL INFO New proxy send connection 43 from local rank 4, transport 2
dgx052:189:387 [7] NCCL INFO NET/IB : GPU Direct RDMA (DMABUF) enabled for HCA 9 'mlx5_11
dgx052:182:393 [0] NCCL INFO NET/IB: NCCL Dev 0 IbDev 0 Port 1 qpn 6118 mtu 5 LID 412 subnet-prefix 33022  FLID 0 fifoRkey=0x178847 fifoLkey=0x178847
dgx052:182:393 [0] NCCL INFO NET/IB: NCCL Dev 0 IbDev 0 Port 1 qpn 6119 mtu 5 LID 412 subnet-prefix 33022  FLID 0 fifoRkey=0x178847 fifoLkey=0x178847
dgx052:182:393 [0] NCCL INFO NET/IB: NCCL Dev 0 IbDev 0 Port 1 qpn 6120 mtu 5 LID 412 subnet-prefix 33022  FLID 0 fifoRkey=0x178847 fifoLkey=0x178847
dgx052:182:393 [0] NCCL INFO NET/IB: NCCL Dev 0 IbDev 0 Port 1 qpn 6121 mtu 5 LID 412 subnet-prefix 33022  FLID 0 fifoRkey=0x178847 fifoLkey=0x178847
dgx052:182:393 [0] NCCL INFO NET/IB: NCCL Dev 0 IbDev 0 Port 1 qpn 6122 mtu 5 LID 412 subnet-prefix 33022  FLID 0 fifoRkey=0x178847 fifoLkey=0x178847
dgx052:182:393 [0] NCCL INFO NET/IB: NCCL Dev 0 IbDev 0 Port 1 qpn 6123 mtu 5 LID 412 subnet-prefix 33022  FLID 0 fifoRkey=0x178847 fifoLkey=0x178847
dgx052:182:393 [0] NCCL INFO NET/IB: NCCL Dev 0 IbDev 0 Port 1 qpn 6124 mtu 5 LID 412 subnet-prefix 33022  FLID 0 fifoRkey=0x178847 fifoLkey=0x178847
dgx052:186:406 [4] NCCL INFO Connected to proxy localRank 4 -> connection 0x7f9524006368
dgx052:182:393 [0] NCCL INFO NET/IB: NCCL Dev 0 IbDev 0 Port 1 qpn 6125 mtu 5 LID 412 subnet-prefix 33022  FLID 0 fifoRkey=0x178847 fifoLkey=0x178847
dgx052:189:402 [7] NCCL INFO Channel 19/0 : 15[7] -> 7[7] [receive] via NET/IBext_v8/9/GDRDMA
dgx052:189:402 [7] NCCL INFO GPU Direct RDMA Enabled for GPU df000 / HCA 9 (distance 4 <= 4), read 0
dgx052:186:391 [4] NCCL INFO NET/IB : GPU Direct RDMA (DMABUF) enabled for HCA 5 'mlx5_6
dgx052:186:406 [4] NCCL INFO Channel 15/0 : 4[4] -> 12[4] [send] via NET/IBext_v8/5/GDRDMA
dgx052:186:406 [4] NCCL INFO GPU Direct RDMA Enabled for GPU 9d000 / HCA 5 (distance 4 <= 4), read 1
dgx052:186:391 [4] NCCL INFO New proxy send connection 44 from local rank 4, transport 2
dgx052:186:406 [4] NCCL INFO Connected to proxy localRank 4 -> connection 0x7f95240063e0
dgx052:186:391 [4] NCCL INFO NET/IB : GPU Direct RDMA (DMABUF) enabled for HCA 5 'mlx5_6
dgx052:186:406 [4] NCCL INFO Channel 16/0 : 4[4] -> 12[4] [send] via NET/IBext_v8/5/GDRDMA
dgx052:186:406 [4] NCCL INFO GPU Direct RDMA Enabled for GPU 9d000 / HCA 5 (distance 4 <= 4), read 1
dgx052:186:391 [4] NCCL INFO New proxy send connection 45 from local rank 4, transport 2
dgx052:189:387 [7] NCCL INFO New proxy recv connection 20 from local rank 7, transport 2
dgx052:186:406 [4] NCCL INFO Connected to proxy localRank 4 -> connection 0x7f9524006458
dgx052:189:402 [7] NCCL INFO Connected to proxy localRank 7 -> connection 0x7f07f00058a0
dgx052:186:391 [4] NCCL INFO NET/IB : GPU Direct RDMA (DMABUF) enabled for HCA 5 'mlx5_6
dgx052:186:406 [4] NCCL INFO Channel 17/0 : 4[4] -> 12[4] [send] via NET/IBext_v8/5/GDRDMA
dgx052:186:406 [4] NCCL INFO GPU Direct RDMA Enabled for GPU 9d000 / HCA 5 (distance 4 <= 4), read 1
dgx052:186:391 [4] NCCL INFO New proxy send connection 46 from local rank 4, transport 2
dgx052:186:406 [4] NCCL INFO Connected to proxy localRank 4 -> connection 0x7f95240064d0
dgx052:186:391 [4] NCCL INFO NET/IB : GPU Direct RDMA (DMABUF) enabled for HCA 5 'mlx5_6
dgx052:186:406 [4] NCCL INFO Channel 18/0 : 4[4] -> 12[4] [send] via NET/IBext_v8/5/GDRDMA
dgx052:186:406 [4] NCCL INFO GPU Direct RDMA Enabled for GPU 9d000 / HCA 5 (distance 4 <= 4), read 1
dgx052:186:391 [4] NCCL INFO New proxy send connection 47 from local rank 4, transport 2
dgx052:186:406 [4] NCCL INFO Connected to proxy localRank 4 -> connection 0x7f9524006548
dgx052:189:387 [7] NCCL INFO NET/IB : GPU Direct RDMA (DMABUF) enabled for HCA 9 'mlx5_11
dgx052:186:391 [4] NCCL INFO NET/IB : GPU Direct RDMA (DMABUF) enabled for HCA 5 'mlx5_6
dgx052:186:406 [4] NCCL INFO Channel 19/0 : 4[4] -> 12[4] [send] via NET/IBext_v8/5/GDRDMA
dgx052:186:406 [4] NCCL INFO GPU Direct RDMA Enabled for GPU 9d000 / HCA 5 (distance 4 <= 4), read 1
dgx052:186:391 [4] NCCL INFO New proxy send connection 48 from local rank 4, transport 2
dgx052:189:402 [7] NCCL INFO Channel 20/0 : 15[7] -> 7[7] [receive] via NET/IBext_v8/9/GDRDMA
dgx052:189:402 [7] NCCL INFO GPU Direct RDMA Enabled for GPU df000 / HCA 9 (distance 4 <= 4), read 0
dgx052:186:406 [4] NCCL INFO Connected to proxy localRank 4 -> connection 0x7f95240065c0
dgx052:183:383 [1] NCCL INFO NET/IB: NCCL Dev 2 IbDev 2 Port 1 qpn 6118 mtu 5 LID 414 subnet-prefix 33022  FLID 0 fifoRkey=0x174e0c fifoLkey=0x174e0c
dgx052:183:383 [1] NCCL INFO NET/IB: NCCL Dev 2 IbDev 2 Port 1 qpn 6119 mtu 5 LID 414 subnet-prefix 33022  FLID 0 fifoRkey=0x174e0c fifoLkey=0x174e0c
dgx052:183:383 [1] NCCL INFO NET/IB: NCCL Dev 2 IbDev 2 Port 1 qpn 6120 mtu 5 LID 414 subnet-prefix 33022  FLID 0 fifoRkey=0x174e0c fifoLkey=0x174e0c
dgx052:183:383 [1] NCCL INFO NET/IB: NCCL Dev 2 IbDev 2 Port 1 qpn 6121 mtu 5 LID 414 subnet-prefix 33022  FLID 0 fifoRkey=0x174e0c fifoLkey=0x174e0c
dgx052:183:383 [1] NCCL INFO NET/IB: NCCL Dev 2 IbDev 2 Port 1 qpn 6122 mtu 5 LID 414 subnet-prefix 33022  FLID 0 fifoRkey=0x174e0c fifoLkey=0x174e0c
dgx052:183:383 [1] NCCL INFO NET/IB: NCCL Dev 2 IbDev 2 Port 1 qpn 6123 mtu 5 LID 414 subnet-prefix 33022  FLID 0 fifoRkey=0x174e0c fifoLkey=0x174e0c
dgx052:183:383 [1] NCCL INFO NET/IB: NCCL Dev 2 IbDev 2 Port 1 qpn 6124 mtu 5 LID 414 subnet-prefix 33022  FLID 0 fifoRkey=0x174e0c fifoLkey=0x174e0c
dgx052:183:383 [1] NCCL INFO NET/IB: NCCL Dev 2 IbDev 2 Port 1 qpn 6125 mtu 5 LID 414 subnet-prefix 33022  FLID 0 fifoRkey=0x174e0c fifoLkey=0x174e0c
dgx052:186:391 [4] NCCL INFO NET/IB : GPU Direct RDMA (DMABUF) enabled for HCA 5 'mlx5_6
dgx052:186:406 [4] NCCL INFO Channel 20/0 : 4[4] -> 12[4] [send] via NET/IBext_v8/5/GDRDMA
dgx052:186:406 [4] NCCL INFO GPU Direct RDMA Enabled for GPU 9d000 / HCA 5 (distance 4 <= 4), read 1
dgx052:186:391 [4] NCCL INFO New proxy send connection 49 from local rank 4, transport 2
dgx052:186:406 [4] NCCL INFO Connected to proxy localRank 4 -> connection 0x7f9524006638
dgx052:186:391 [4] NCCL INFO NET/IB : GPU Direct RDMA (DMABUF) enabled for HCA 5 'mlx5_6
dgx052:186:406 [4] NCCL INFO Channel 21/0 : 4[4] -> 12[4] [send] via NET/IBext_v8/5/GDRDMA
dgx052:186:406 [4] NCCL INFO GPU Direct RDMA Enabled for GPU 9d000 / HCA 5 (distance 4 <= 4), read 1
dgx052:186:391 [4] NCCL INFO New proxy send connection 50 from local rank 4, transport 2
dgx052:186:406 [4] NCCL INFO Connected to proxy localRank 4 -> connection 0x7f95240066b0
dgx052:189:387 [7] NCCL INFO New proxy recv connection 21 from local rank 7, transport 2
dgx052:189:402 [7] NCCL INFO Connected to proxy localRank 7 -> connection 0x7f07f0005918
dgx052:186:391 [4] NCCL INFO NET/IB : GPU Direct RDMA (DMABUF) enabled for HCA 5 'mlx5_6
dgx052:186:406 [4] NCCL INFO Channel 22/0 : 4[4] -> 12[4] [send] via NET/IBext_v8/5/GDRDMA
dgx052:186:406 [4] NCCL INFO GPU Direct RDMA Enabled for GPU 9d000 / HCA 5 (distance 4 <= 4), read 1
dgx052:186:391 [4] NCCL INFO New proxy send connection 51 from local rank 4, transport 2
dgx052:186:406 [4] NCCL INFO Connected to proxy localRank 4 -> connection 0x7f9524006728
dgx052:189:387 [7] NCCL INFO NET/IB : GPU Direct RDMA (DMABUF) enabled for HCA 9 'mlx5_11
dgx052:186:391 [4] NCCL INFO NET/IB : GPU Direct RDMA (DMABUF) enabled for HCA 5 'mlx5_6
dgx052:189:402 [7] NCCL INFO Channel 21/0 : 15[7] -> 7[7] [receive] via NET/IBext_v8/9/GDRDMA
dgx052:189:402 [7] NCCL INFO GPU Direct RDMA Enabled for GPU df000 / HCA 9 (distance 4 <= 4), read 0
dgx052:186:406 [4] NCCL INFO Channel 23/0 : 4[4] -> 12[4] [send] via NET/IBext_v8/5/GDRDMA
dgx052:186:406 [4] NCCL INFO GPU Direct RDMA Enabled for GPU 9d000 / HCA 5 (distance 4 <= 4), read 1
dgx052:186:391 [4] NCCL INFO New proxy send connection 52 from local rank 4, transport 2
dgx052:186:406 [4] NCCL INFO Connected to proxy localRank 4 -> connection 0x7f95240067a0
dgx052:189:387 [7] NCCL INFO New proxy recv connection 22 from local rank 7, transport 2
dgx052:189:402 [7] NCCL INFO Connected to proxy localRank 7 -> connection 0x7f07f0005990
dgx052:186:391 [4] NCCL INFO NET/IB : GPU Direct RDMA (DMABUF) enabled for HCA 5 'mlx5_6
dgx052:186:406 [4] NCCL INFO Channel 24/0 : 4[4] -> 12[4] [send] via NET/IBext_v8/5/GDRDMA
dgx052:186:406 [4] NCCL INFO GPU Direct RDMA Enabled for GPU 9d000 / HCA 5 (distance 4 <= 4), read 1
dgx052:186:391 [4] NCCL INFO New proxy send connection 53 from local rank 4, transport 2
dgx052:189:387 [7] NCCL INFO NET/IB : GPU Direct RDMA (DMABUF) enabled for HCA 9 'mlx5_11
dgx052:186:406 [4] NCCL INFO Connected to proxy localRank 4 -> connection 0x7f9524006818
dgx052:189:402 [7] NCCL INFO Channel 22/0 : 15[7] -> 7[7] [receive] via NET/IBext_v8/9/GDRDMA
dgx052:189:402 [7] NCCL INFO GPU Direct RDMA Enabled for GPU df000 / HCA 9 (distance 4 <= 4), read 0
dgx052:186:391 [4] NCCL INFO NET/IB : GPU Direct RDMA (DMABUF) enabled for HCA 5 'mlx5_6
dgx052:186:406 [4] NCCL INFO Channel 25/0 : 4[4] -> 12[4] [send] via NET/IBext_v8/5/GDRDMA
dgx052:186:406 [4] NCCL INFO GPU Direct RDMA Enabled for GPU 9d000 / HCA 5 (distance 4 <= 4), read 1
dgx052:186:391 [4] NCCL INFO New proxy send connection 54 from local rank 4, transport 2
dgx052:189:387 [7] NCCL INFO New proxy recv connection 23 from local rank 7, transport 2
dgx052:189:402 [7] NCCL INFO Connected to proxy localRank 7 -> connection 0x7f07f0005a08
dgx052:186:406 [4] NCCL INFO Connected to proxy localRank 4 -> connection 0x7f9524006890
dgx052:186:391 [4] NCCL INFO NET/IB : GPU Direct RDMA (DMABUF) enabled for HCA 5 'mlx5_6
dgx052:186:406 [4] NCCL INFO Channel 26/0 : 4[4] -> 12[4] [send] via NET/IBext_v8/5/GDRDMA
dgx052:186:406 [4] NCCL INFO GPU Direct RDMA Enabled for GPU 9d000 / HCA 5 (distance 4 <= 4), read 1
dgx052:189:387 [7] NCCL INFO NET/IB : GPU Direct RDMA (DMABUF) enabled for HCA 9 'mlx5_11
dgx052:186:391 [4] NCCL INFO New proxy send connection 55 from local rank 4, transport 2
dgx052:189:402 [7] NCCL INFO Channel 23/0 : 15[7] -> 7[7] [receive] via NET/IBext_v8/9/GDRDMA
dgx052:189:402 [7] NCCL INFO GPU Direct RDMA Enabled for GPU df000 / HCA 9 (distance 4 <= 4), read 0
dgx052:186:406 [4] NCCL INFO Connected to proxy localRank 4 -> connection 0x7f9524006908
dgx052:186:391 [4] NCCL INFO NET/IB : GPU Direct RDMA (DMABUF) enabled for HCA 5 'mlx5_6
dgx052:186:406 [4] NCCL INFO Channel 27/0 : 4[4] -> 12[4] [send] via NET/IBext_v8/5/GDRDMA
dgx052:189:387 [7] NCCL INFO New proxy recv connection 24 from local rank 7, transport 2
dgx052:189:402 [7] NCCL INFO Connected to proxy localRank 7 -> connection 0x7f07f0005a80
dgx052:189:387 [7] NCCL INFO NET/IB : GPU Direct RDMA (DMABUF) enabled for HCA 9 'mlx5_11
dgx052:189:402 [7] NCCL INFO Channel 24/0 : 15[7] -> 7[7] [receive] via NET/IBext_v8/9/GDRDMA
dgx052:189:402 [7] NCCL INFO GPU Direct RDMA Enabled for GPU df000 / HCA 9 (distance 4 <= 4), read 0
dgx052:189:387 [7] NCCL INFO New proxy recv connection 25 from local rank 7, transport 2
dgx052:189:402 [7] NCCL INFO Connected to proxy localRank 7 -> connection 0x7f07f0005af8
dgx052:189:387 [7] NCCL INFO NET/IB : GPU Direct RDMA (DMABUF) enabled for HCA 9 'mlx5_11
dgx052:189:402 [7] NCCL INFO Channel 25/0 : 15[7] -> 7[7] [receive] via NET/IBext_v8/9/GDRDMA
dgx052:189:402 [7] NCCL INFO GPU Direct RDMA Enabled for GPU df000 / HCA 9 (distance 4 <= 4), read 0
dgx052:189:387 [7] NCCL INFO New proxy recv connection 26 from local rank 7, transport 2
dgx052:189:402 [7] NCCL INFO Connected to proxy localRank 7 -> connection 0x7f07f0005b70
dgx052:189:387 [7] NCCL INFO NET/IB : GPU Direct RDMA (DMABUF) enabled for HCA 9 'mlx5_11
dgx052:189:402 [7] NCCL INFO Channel 26/0 : 15[7] -> 7[7] [receive] via NET/IBext_v8/9/GDRDMA
dgx052:189:402 [7] NCCL INFO GPU Direct RDMA Enabled for GPU df000 / HCA 9 (distance 4 <= 4), read 0
dgx052:189:387 [7] NCCL INFO New proxy recv connection 27 from local rank 7, transport 2
dgx052:189:402 [7] NCCL INFO Connected to proxy localRank 7 -> connection 0x7f07f0005be8
dgx052:189:387 [7] NCCL INFO NET/IB : GPU Direct RDMA (DMABUF) enabled for HCA 9 'mlx5_11
dgx052:189:402 [7] NCCL INFO Channel 27/0 : 15[7] -> 7[7] [receive] via NET/IBext_v8/9/GDRDMA
dgx052:189:402 [7] NCCL INFO GPU Direct RDMA Enabled for GPU df000 / HCA 9 (distance 4 <= 4), read 1
dgx052:189:387 [7] NCCL INFO New proxy send connection 28 from local rank 7, transport 2
dgx052:189:402 [7] NCCL INFO Connected to proxy localRank 7 -> connection 0x7f07f0005c60
dgx052:189:387 [7] NCCL INFO NET/IB : GPU Direct RDMA (DMABUF) enabled for HCA 9 'mlx5_11
dgx052:189:402 [7] NCCL INFO Channel 00/0 : 7[7] -> 15[7] [send] via NET/IBext_v8/9/GDRDMA
dgx052:189:402 [7] NCCL INFO GPU Direct RDMA Enabled for GPU df000 / HCA 9 (distance 4 <= 4), read 1
dgx052:189:387 [7] NCCL INFO New proxy send connection 29 from local rank 7, transport 2
dgx052:189:402 [7] NCCL INFO Connected to proxy localRank 7 -> connection 0x7f07f0005cd8
dgx052:189:387 [7] NCCL INFO NET/IB : GPU Direct RDMA (DMABUF) enabled for HCA 9 'mlx5_11
dgx052:189:402 [7] NCCL INFO Channel 01/0 : 7[7] -> 15[7] [send] via NET/IBext_v8/9/GDRDMA
dgx052:189:402 [7] NCCL INFO GPU Direct RDMA Enabled for GPU df000 / HCA 9 (distance 4 <= 4), read 1
dgx052:189:387 [7] NCCL INFO New proxy send connection 30 from local rank 7, transport 2
dgx052:189:402 [7] NCCL INFO Connected to proxy localRank 7 -> connection 0x7f07f0005d50
dgx052:189:387 [7] NCCL INFO NET/IB : GPU Direct RDMA (DMABUF) enabled for HCA 9 'mlx5_11
dgx052:189:402 [7] NCCL INFO Channel 02/0 : 7[7] -> 15[7] [send] via NET/IBext_v8/9/GDRDMA
dgx052:189:402 [7] NCCL INFO GPU Direct RDMA Enabled for GPU df000 / HCA 9 (distance 4 <= 4), read 1
dgx052:189:387 [7] NCCL INFO New proxy send connection 31 from local rank 7, transport 2
dgx052:189:402 [7] NCCL INFO Connected to proxy localRank 7 -> connection 0x7f07f0005dc8
dgx052:189:387 [7] NCCL INFO NET/IB : GPU Direct RDMA (DMABUF) enabled for HCA 9 'mlx5_11
dgx052:189:402 [7] NCCL INFO Channel 03/0 : 7[7] -> 15[7] [send] via NET/IBext_v8/9/GDRDMA
dgx052:189:402 [7] NCCL INFO GPU Direct RDMA Enabled for GPU df000 / HCA 9 (distance 4 <= 4), read 1
dgx052:189:387 [7] NCCL INFO New proxy send connection 32 from local rank 7, transport 2
dgx052:189:402 [7] NCCL INFO Connected to proxy localRank 7 -> connection 0x7f07f0005e40
dgx052:189:387 [7] NCCL INFO NET/IB : GPU Direct RDMA (DMABUF) enabled for HCA 9 'mlx5_11
dgx052:189:402 [7] NCCL INFO Channel 04/0 : 7[7] -> 15[7] [send] via NET/IBext_v8/9/GDRDMA
dgx052:189:402 [7] NCCL INFO GPU Direct RDMA Enabled for GPU df000 / HCA 9 (distance 4 <= 4), read 1
dgx052:189:387 [7] NCCL INFO New proxy send connection 33 from local rank 7, transport 2
dgx052:189:402 [7] NCCL INFO Connected to proxy localRank 7 -> connection 0x7f07f0005eb8
dgx052:189:387 [7] NCCL INFO NET/IB : GPU Direct RDMA (DMABUF) enabled for HCA 9 'mlx5_11
dgx052:189:402 [7] NCCL INFO Channel 05/0 : 7[7] -> 15[7] [send] via NET/IBext_v8/9/GDRDMA
dgx052:189:402 [7] NCCL INFO GPU Direct RDMA Enabled for GPU df000 / HCA 9 (distance 4 <= 4), read 1
dgx052:189:387 [7] NCCL INFO New proxy send connection 34 from local rank 7, transport 2
dgx052:189:402 [7] NCCL INFO Connected to proxy localRank 7 -> connection 0x7f07f0005f30
dgx052:189:387 [7] NCCL INFO NET/IB : GPU Direct RDMA (DMABUF) enabled for HCA 9 'mlx5_11
dgx052:189:402 [7] NCCL INFO Channel 06/0 : 7[7] -> 15[7] [send] via NET/IBext_v8/9/GDRDMA
dgx052:189:402 [7] NCCL INFO GPU Direct RDMA Enabled for GPU df000 / HCA 9 (distance 4 <= 4), read 1
dgx052:189:387 [7] NCCL INFO New proxy send connection 35 from local rank 7, transport 2
dgx052:189:402 [7] NCCL INFO Connected to proxy localRank 7 -> connection 0x7f07f0005fa8
dgx052:189:387 [7] NCCL INFO NET/IB : GPU Direct RDMA (DMABUF) enabled for HCA 9 'mlx5_11
dgx052:189:402 [7] NCCL INFO Channel 07/0 : 7[7] -> 15[7] [send] via NET/IBext_v8/9/GDRDMA
dgx052:189:402 [7] NCCL INFO GPU Direct RDMA Enabled for GPU df000 / HCA 9 (distance 4 <= 4), read 1
dgx052:189:387 [7] NCCL INFO New proxy send connection 36 from local rank 7, transport 2
dgx052:189:402 [7] NCCL INFO Connected to proxy localRank 7 -> connection 0x7f07f0006020
dgx052:189:387 [7] NCCL INFO NET/IB : GPU Direct RDMA (DMABUF) enabled for HCA 9 'mlx5_11
dgx052:189:402 [7] NCCL INFO Channel 08/0 : 7[7] -> 15[7] [send] via NET/IBext_v8/9/GDRDMA
dgx052:189:402 [7] NCCL INFO GPU Direct RDMA Enabled for GPU df000 / HCA 9 (distance 4 <= 4), read 1
dgx052:189:387 [7] NCCL INFO New proxy send connection 37 from local rank 7, transport 2
dgx052:189:402 [7] NCCL INFO Connected to proxy localRank 7 -> connection 0x7f07f0006098
dgx052:189:387 [7] NCCL INFO NET/IB : GPU Direct RDMA (DMABUF) enabled for HCA 9 'mlx5_11
dgx052:189:402 [7] NCCL INFO Channel 09/0 : 7[7] -> 15[7] [send] via NET/IBext_v8/9/GDRDMA
dgx052:189:402 [7] NCCL INFO GPU Direct RDMA Enabled for GPU df000 / HCA 9 (distance 4 <= 4), read 1
dgx052:189:387 [7] NCCL INFO New proxy send connection 38 from local rank 7, transport 2
dgx052:189:402 [7] NCCL INFO Connected to proxy localRank 7 -> connection 0x7f07f0006110
dgx052:189:387 [7] NCCL INFO NET/IB : GPU Direct RDMA (DMABUF) enabled for HCA 9 'mlx5_11
dgx052:189:402 [7] NCCL INFO Channel 10/0 : 7[7] -> 15[7] [send] via NET/IBext_v8/9/GDRDMA
dgx052:189:402 [7] NCCL INFO GPU Direct RDMA Enabled for GPU df000 / HCA 9 (distance 4 <= 4), read 1
dgx052:189:387 [7] NCCL INFO New proxy send connection 39 from local rank 7, transport 2
dgx052:189:402 [7] NCCL INFO Connected to proxy localRank 7 -> connection 0x7f07f0006188
dgx052:184:395 [2] NCCL INFO NET/IB: NCCL Dev 3 IbDev 3 Port 1 qpn 6118 mtu 5 LID 413 subnet-prefix 33022  FLID 0 fifoRkey=0x169452 fifoLkey=0x169452
dgx052:184:395 [2] NCCL INFO NET/IB: NCCL Dev 3 IbDev 3 Port 1 qpn 6119 mtu 5 LID 413 subnet-prefix 33022  FLID 0 fifoRkey=0x169452 fifoLkey=0x169452
dgx052:184:395 [2] NCCL INFO NET/IB: NCCL Dev 3 IbDev 3 Port 1 qpn 6120 mtu 5 LID 413 subnet-prefix 33022  FLID 0 fifoRkey=0x169452 fifoLkey=0x169452
dgx052:184:395 [2] NCCL INFO NET/IB: NCCL Dev 3 IbDev 3 Port 1 qpn 6121 mtu 5 LID 413 subnet-prefix 33022  FLID 0 fifoRkey=0x169452 fifoLkey=0x169452
dgx052:184:395 [2] NCCL INFO NET/IB: NCCL Dev 3 IbDev 3 Port 1 qpn 6122 mtu 5 LID 413 subnet-prefix 33022  FLID 0 fifoRkey=0x169452 fifoLkey=0x169452
dgx052:184:395 [2] NCCL INFO NET/IB: NCCL Dev 3 IbDev 3 Port 1 qpn 6123 mtu 5 LID 413 subnet-prefix 33022  FLID 0 fifoRkey=0x169452 fifoLkey=0x169452
dgx052:184:395 [2] NCCL INFO NET/IB: NCCL Dev 3 IbDev 3 Port 1 qpn 6124 mtu 5 LID 413 subnet-prefix 33022  FLID 0 fifoRkey=0x169452 fifoLkey=0x169452
dgx052:184:395 [2] NCCL INFO NET/IB: NCCL Dev 3 IbDev 3 Port 1 qpn 6125 mtu 5 LID 413 subnet-prefix 33022  FLID 0 fifoRkey=0x169452 fifoLkey=0x169452
dgx052:189:387 [7] NCCL INFO NET/IB : GPU Direct RDMA (DMABUF) enabled for HCA 9 'mlx5_11
dgx052:189:402 [7] NCCL INFO Channel 11/0 : 7[7] -> 15[7] [send] via NET/IBext_v8/9/GDRDMA
dgx052:189:402 [7] NCCL INFO GPU Direct RDMA Enabled for GPU df000 / HCA 9 (distance 4 <= 4), read 1
dgx052:189:387 [7] NCCL INFO New proxy send connection 40 from local rank 7, transport 2
dgx052:189:402 [7] NCCL INFO Connected to proxy localRank 7 -> connection 0x7f07f0006200
dgx052:189:387 [7] NCCL INFO NET/IB : GPU Direct RDMA (DMABUF) enabled for HCA 9 'mlx5_11
dgx052:189:402 [7] NCCL INFO Channel 12/0 : 7[7] -> 15[7] [send] via NET/IBext_v8/9/GDRDMA
dgx052:189:402 [7] NCCL INFO GPU Direct RDMA Enabled for GPU df000 / HCA 9 (distance 4 <= 4), read 1
dgx052:189:387 [7] NCCL INFO New proxy send connection 41 from local rank 7, transport 2
dgx052:189:402 [7] NCCL INFO Connected to proxy localRank 7 -> connection 0x7f07f0006278
dgx052:189:387 [7] NCCL INFO NET/IB : GPU Direct RDMA (DMABUF) enabled for HCA 9 'mlx5_11
dgx052:189:402 [7] NCCL INFO Channel 13/0 : 7[7] -> 15[7] [send] via NET/IBext_v8/9/GDRDMA
dgx052:189:402 [7] NCCL INFO GPU Direct RDMA Enabled for GPU df000 / HCA 9 (distance 4 <= 4), read 1
dgx052:189:387 [7] NCCL INFO New proxy send connection 42 from local rank 7, transport 2
dgx052:189:402 [7] NCCL INFO Connected to proxy localRank 7 -> connection 0x7f07f00062f0
dgx052:189:387 [7] NCCL INFO NET/IB : GPU Direct RDMA (DMABUF) enabled for HCA 9 'mlx5_11
dgx052:189:402 [7] NCCL INFO Channel 14/0 : 7[7] -> 15[7] [send] via NET/IBext_v8/9/GDRDMA
dgx052:189:402 [7] NCCL INFO GPU Direct RDMA Enabled for GPU df000 / HCA 9 (distance 4 <= 4), read 1
dgx052:189:387 [7] NCCL INFO New proxy send connection 43 from local rank 7, transport 2
dgx052:189:402 [7] NCCL INFO Connected to proxy localRank 7 -> connection 0x7f07f0006368
dgx052:189:387 [7] NCCL INFO NET/IB : GPU Direct RDMA (DMABUF) enabled for HCA 9 'mlx5_11
dgx052:189:402 [7] NCCL INFO Channel 15/0 : 7[7] -> 15[7] [send] via NET/IBext_v8/9/GDRDMA
dgx052:189:402 [7] NCCL INFO GPU Direct RDMA Enabled for GPU df000 / HCA 9 (distance 4 <= 4), read 1
dgx052:189:387 [7] NCCL INFO New proxy send connection 44 from local rank 7, transport 2
dgx052:189:402 [7] NCCL INFO Connected to proxy localRank 7 -> connection 0x7f07f00063e0
dgx052:189:387 [7] NCCL INFO NET/IB : GPU Direct RDMA (DMABUF) enabled for HCA 9 'mlx5_11
dgx052:189:402 [7] NCCL INFO Channel 16/0 : 7[7] -> 15[7] [send] via NET/IBext_v8/9/GDRDMA
dgx052:189:402 [7] NCCL INFO GPU Direct RDMA Enabled for GPU df000 / HCA 9 (distance 4 <= 4), read 1
dgx052:189:387 [7] NCCL INFO New proxy send connection 45 from local rank 7, transport 2
dgx052:189:402 [7] NCCL INFO Connected to proxy localRank 7 -> connection 0x7f07f0006458
dgx052:189:387 [7] NCCL INFO NET/IB : GPU Direct RDMA (DMABUF) enabled for HCA 9 'mlx5_11
dgx052:189:402 [7] NCCL INFO Channel 17/0 : 7[7] -> 15[7] [send] via NET/IBext_v8/9/GDRDMA
dgx052:189:402 [7] NCCL INFO GPU Direct RDMA Enabled for GPU df000 / HCA 9 (distance 4 <= 4), read 1
dgx052:189:387 [7] NCCL INFO New proxy send connection 46 from local rank 7, transport 2
dgx052:189:402 [7] NCCL INFO Connected to proxy localRank 7 -> connection 0x7f07f00064d0
dgx052:189:387 [7] NCCL INFO NET/IB : GPU Direct RDMA (DMABUF) enabled for HCA 9 'mlx5_11
dgx052:189:402 [7] NCCL INFO Channel 18/0 : 7[7] -> 15[7] [send] via NET/IBext_v8/9/GDRDMA
dgx052:189:402 [7] NCCL INFO GPU Direct RDMA Enabled for GPU df000 / HCA 9 (distance 4 <= 4), read 1
dgx052:189:387 [7] NCCL INFO New proxy send connection 47 from local rank 7, transport 2
dgx052:189:402 [7] NCCL INFO Connected to proxy localRank 7 -> connection 0x7f07f0006548
dgx052:189:387 [7] NCCL INFO NET/IB : GPU Direct RDMA (DMABUF) enabled for HCA 9 'mlx5_11
dgx052:189:402 [7] NCCL INFO Channel 19/0 : 7[7] -> 15[7] [send] via NET/IBext_v8/9/GDRDMA
dgx052:189:402 [7] NCCL INFO GPU Direct RDMA Enabled for GPU df000 / HCA 9 (distance 4 <= 4), read 1
dgx052:189:387 [7] NCCL INFO New proxy send connection 48 from local rank 7, transport 2
dgx052:189:402 [7] NCCL INFO Connected to proxy localRank 7 -> connection 0x7f07f00065c0
dgx052:189:387 [7] NCCL INFO NET/IB : GPU Direct RDMA (DMABUF) enabled for HCA 9 'mlx5_11
dgx052:189:402 [7] NCCL INFO Channel 20/0 : 7[7] -> 15[7] [send] via NET/IBext_v8/9/GDRDMA
dgx052:189:402 [7] NCCL INFO GPU Direct RDMA Enabled for GPU df000 / HCA 9 (distance 4 <= 4), read 1
dgx052:189:387 [7] NCCL INFO New proxy send connection 49 from local rank 7, transport 2
dgx052:189:402 [7] NCCL INFO Connected to proxy localRank 7 -> connection 0x7f07f0006638
dgx052:189:387 [7] NCCL INFO NET/IB : GPU Direct RDMA (DMABUF) enabled for HCA 9 'mlx5_11
dgx052:189:402 [7] NCCL INFO Channel 21/0 : 7[7] -> 15[7] [send] via NET/IBext_v8/9/GDRDMA
dgx052:189:402 [7] NCCL INFO GPU Direct RDMA Enabled for GPU df000 / HCA 9 (distance 4 <= 4), read 1
dgx052:189:387 [7] NCCL INFO New proxy send connection 50 from local rank 7, transport 2
dgx052:189:402 [7] NCCL INFO Connected to proxy localRank 7 -> connection 0x7f07f00066b0
dgx052:189:387 [7] NCCL INFO NET/IB : GPU Direct RDMA (DMABUF) enabled for HCA 9 'mlx5_11
dgx052:189:402 [7] NCCL INFO Channel 22/0 : 7[7] -> 15[7] [send] via NET/IBext_v8/9/GDRDMA
dgx052:189:402 [7] NCCL INFO GPU Direct RDMA Enabled for GPU df000 / HCA 9 (distance 4 <= 4), read 1
dgx052:189:387 [7] NCCL INFO New proxy send connection 51 from local rank 7, transport 2
dgx052:182:393 [0] NCCL INFO NET/IB: NCCL Dev 0 IbDev 0 Port 1 qpn 6126 mtu 5 LID 412 subnet-prefix 33022  FLID 0 fifoRkey=0x13eeac fifoLkey=0x13eeac
dgx052:182:393 [0] NCCL INFO NET/IB: NCCL Dev 0 IbDev 0 Port 1 qpn 6127 mtu 5 LID 412 subnet-prefix 33022  FLID 0 fifoRkey=0x13eeac fifoLkey=0x13eeac
dgx052:182:393 [0] NCCL INFO NET/IB: NCCL Dev 0 IbDev 0 Port 1 qpn 6128 mtu 5 LID 412 subnet-prefix 33022  FLID 0 fifoRkey=0x13eeac fifoLkey=0x13eeac
dgx052:182:393 [0] NCCL INFO NET/IB: NCCL Dev 0 IbDev 0 Port 1 qpn 6129 mtu 5 LID 412 subnet-prefix 33022  FLID 0 fifoRkey=0x13eeac fifoLkey=0x13eeac
dgx052:182:393 [0] NCCL INFO NET/IB: NCCL Dev 0 IbDev 0 Port 1 qpn 6130 mtu 5 LID 412 subnet-prefix 33022  FLID 0 fifoRkey=0x13eeac fifoLkey=0x13eeac
dgx052:182:393 [0] NCCL INFO NET/IB: NCCL Dev 0 IbDev 0 Port 1 qpn 6131 mtu 5 LID 412 subnet-prefix 33022  FLID 0 fifoRkey=0x13eeac fifoLkey=0x13eeac
dgx052:182:393 [0] NCCL INFO NET/IB: NCCL Dev 0 IbDev 0 Port 1 qpn 6132 mtu 5 LID 412 subnet-prefix 33022  FLID 0 fifoRkey=0x13eeac fifoLkey=0x13eeac
dgx052:189:402 [7] NCCL INFO Connected to proxy localRank 7 -> connection 0x7f07f0006728
dgx052:182:393 [0] NCCL INFO NET/IB: NCCL Dev 0 IbDev 0 Port 1 qpn 6133 mtu 5 LID 412 subnet-prefix 33022  FLID 0 fifoRkey=0x13eeac fifoLkey=0x13eeac
dgx052:189:387 [7] NCCL INFO NET/IB : GPU Direct RDMA (DMABUF) enabled for HCA 9 'mlx5_11
dgx052:189:402 [7] NCCL INFO Channel 23/0 : 7[7] -> 15[7] [send] via NET/IBext_v8/9/GDRDMA
dgx052:189:402 [7] NCCL INFO GPU Direct RDMA Enabled for GPU df000 / HCA 9 (distance 4 <= 4), read 1
dgx052:189:387 [7] NCCL INFO New proxy send connection 52 from local rank 7, transport 2
dgx052:189:402 [7] NCCL INFO Connected to proxy localRank 7 -> connection 0x7f07f00067a0
dgx052:189:387 [7] NCCL INFO NET/IB : GPU Direct RDMA (DMABUF) enabled for HCA 9 'mlx5_11
dgx052:189:402 [7] NCCL INFO Channel 24/0 : 7[7] -> 15[7] [send] via NET/IBext_v8/9/GDRDMA
dgx052:189:402 [7] NCCL INFO GPU Direct RDMA Enabled for GPU df000 / HCA 9 (distance 4 <= 4), read 1
dgx052:189:387 [7] NCCL INFO New proxy send connection 53 from local rank 7, transport 2
dgx052:189:402 [7] NCCL INFO Connected to proxy localRank 7 -> connection 0x7f07f0006818
dgx052:189:387 [7] NCCL INFO NET/IB : GPU Direct RDMA (DMABUF) enabled for HCA 9 'mlx5_11
dgx052:189:402 [7] NCCL INFO Channel 25/0 : 7[7] -> 15[7] [send] via NET/IBext_v8/9/GDRDMA
dgx052:189:402 [7] NCCL INFO GPU Direct RDMA Enabled for GPU df000 / HCA 9 (distance 4 <= 4), read 1
dgx052:183:383 [1] NCCL INFO NET/IB: NCCL Dev 2 IbDev 2 Port 1 qpn 6126 mtu 5 LID 414 subnet-prefix 33022  FLID 0 fifoRkey=0x17e9a7 fifoLkey=0x17e9a7
dgx052:189:387 [7] NCCL INFO New proxy send connection 54 from local rank 7, transport 2
dgx052:183:383 [1] NCCL INFO NET/IB: NCCL Dev 2 IbDev 2 Port 1 qpn 6127 mtu 5 LID 414 subnet-prefix 33022  FLID 0 fifoRkey=0x17e9a7 fifoLkey=0x17e9a7
dgx052:183:383 [1] NCCL INFO NET/IB: NCCL Dev 2 IbDev 2 Port 1 qpn 6128 mtu 5 LID 414 subnet-prefix 33022  FLID 0 fifoRkey=0x17e9a7 fifoLkey=0x17e9a7
dgx052:183:383 [1] NCCL INFO NET/IB: NCCL Dev 2 IbDev 2 Port 1 qpn 6129 mtu 5 LID 414 subnet-prefix 33022  FLID 0 fifoRkey=0x17e9a7 fifoLkey=0x17e9a7
dgx052:183:383 [1] NCCL INFO NET/IB: NCCL Dev 2 IbDev 2 Port 1 qpn 6130 mtu 5 LID 414 subnet-prefix 33022  FLID 0 fifoRkey=0x17e9a7 fifoLkey=0x17e9a7
dgx052:183:383 [1] NCCL INFO NET/IB: NCCL Dev 2 IbDev 2 Port 1 qpn 6131 mtu 5 LID 414 subnet-prefix 33022  FLID 0 fifoRkey=0x17e9a7 fifoLkey=0x17e9a7
dgx052:183:383 [1] NCCL INFO NET/IB: NCCL Dev 2 IbDev 2 Port 1 qpn 6132 mtu 5 LID 414 subnet-prefix 33022  FLID 0 fifoRkey=0x17e9a7 fifoLkey=0x17e9a7
dgx052:183:383 [1] NCCL INFO NET/IB: NCCL Dev 2 IbDev 2 Port 1 qpn 6133 mtu 5 LID 414 subnet-prefix 33022  FLID 0 fifoRkey=0x17e9a7 fifoLkey=0x17e9a7
dgx052:189:402 [7] NCCL INFO Connected to proxy localRank 7 -> connection 0x7f07f0006890
dgx052:189:387 [7] NCCL INFO NET/IB : GPU Direct RDMA (DMABUF) enabled for HCA 9 'mlx5_11
dgx052:189:402 [7] NCCL INFO Channel 26/0 : 7[7] -> 15[7] [send] via NET/IBext_v8/9/GDRDMA
dgx052:189:402 [7] NCCL INFO GPU Direct RDMA Enabled for GPU df000 / HCA 9 (distance 4 <= 4), read 1
dgx052:189:387 [7] NCCL INFO New proxy send connection 55 from local rank 7, transport 2
dgx052:189:402 [7] NCCL INFO Connected to proxy localRank 7 -> connection 0x7f07f0006908
dgx052:189:387 [7] NCCL INFO NET/IB : GPU Direct RDMA (DMABUF) enabled for HCA 9 'mlx5_11
dgx052:189:402 [7] NCCL INFO Channel 27/0 : 7[7] -> 15[7] [send] via NET/IBext_v8/9/GDRDMA
dgx052:182:393 [0] NCCL INFO NCCL_IB_TIMEOUT set by environment to 22.
dgx052:184:395 [2] NCCL INFO NCCL_IB_TIMEOUT set by environment to 22.
dgx052:183:383 [1] NCCL INFO NCCL_IB_TIMEOUT set by environment to 22.
dgx052:189:387 [7] NCCL INFO NCCL_IB_QPS_PER_CONNECTION set by environment to 8.
dgx052:188:397 [6] NCCL INFO NET/IB: NCCL Dev 8 IbDev 8 Port 1 qpn 6118 mtu 5 LID 416 subnet-prefix 33022  FLID 0 fifoRkey=0x177434 fifoLkey=0x177434
dgx052:188:397 [6] NCCL INFO NET/IB: NCCL Dev 8 IbDev 8 Port 1 qpn 6119 mtu 5 LID 416 subnet-prefix 33022  FLID 0 fifoRkey=0x177434 fifoLkey=0x177434
dgx052:188:397 [6] NCCL INFO NET/IB: NCCL Dev 8 IbDev 8 Port 1 qpn 6120 mtu 5 LID 416 subnet-prefix 33022  FLID 0 fifoRkey=0x177434 fifoLkey=0x177434
dgx052:188:397 [6] NCCL INFO NET/IB: NCCL Dev 8 IbDev 8 Port 1 qpn 6121 mtu 5 LID 416 subnet-prefix 33022  FLID 0 fifoRkey=0x177434 fifoLkey=0x177434
dgx052:188:397 [6] NCCL INFO NET/IB: NCCL Dev 8 IbDev 8 Port 1 qpn 6122 mtu 5 LID 416 subnet-prefix 33022  FLID 0 fifoRkey=0x177434 fifoLkey=0x177434
dgx052:188:397 [6] NCCL INFO NET/IB: NCCL Dev 8 IbDev 8 Port 1 qpn 6123 mtu 5 LID 416 subnet-prefix 33022  FLID 0 fifoRkey=0x177434 fifoLkey=0x177434
dgx052:188:397 [6] NCCL INFO NET/IB: NCCL Dev 8 IbDev 8 Port 1 qpn 6124 mtu 5 LID 416 subnet-prefix 33022  FLID 0 fifoRkey=0x177434 fifoLkey=0x177434
dgx052:188:397 [6] NCCL INFO NET/IB: NCCL Dev 8 IbDev 8 Port 1 qpn 6125 mtu 5 LID 416 subnet-prefix 33022  FLID 0 fifoRkey=0x177434 fifoLkey=0x177434
dgx052:185:385 [3] NCCL INFO NET/IB: NCCL Dev 4 IbDev 4 Port 1 qpn 6118 mtu 5 LID 417 subnet-prefix 33022  FLID 0 fifoRkey=0x179c5a fifoLkey=0x179c5a
dgx052:185:385 [3] NCCL INFO NET/IB: NCCL Dev 4 IbDev 4 Port 1 qpn 6119 mtu 5 LID 417 subnet-prefix 33022  FLID 0 fifoRkey=0x179c5a fifoLkey=0x179c5a
dgx052:185:385 [3] NCCL INFO NET/IB: NCCL Dev 4 IbDev 4 Port 1 qpn 6120 mtu 5 LID 417 subnet-prefix 33022  FLID 0 fifoRkey=0x179c5a fifoLkey=0x179c5a
dgx052:185:385 [3] NCCL INFO NET/IB: NCCL Dev 4 IbDev 4 Port 1 qpn 6121 mtu 5 LID 417 subnet-prefix 33022  FLID 0 fifoRkey=0x179c5a fifoLkey=0x179c5a
dgx052:185:385 [3] NCCL INFO NET/IB: NCCL Dev 4 IbDev 4 Port 1 qpn 6122 mtu 5 LID 417 subnet-prefix 33022  FLID 0 fifoRkey=0x179c5a fifoLkey=0x179c5a
dgx052:185:385 [3] NCCL INFO NET/IB: NCCL Dev 4 IbDev 4 Port 1 qpn 6123 mtu 5 LID 417 subnet-prefix 33022  FLID 0 fifoRkey=0x179c5a fifoLkey=0x179c5a
dgx052:185:385 [3] NCCL INFO NET/IB: NCCL Dev 4 IbDev 4 Port 1 qpn 6124 mtu 5 LID 417 subnet-prefix 33022  FLID 0 fifoRkey=0x179c5a fifoLkey=0x179c5a
dgx052:185:385 [3] NCCL INFO NET/IB: NCCL Dev 4 IbDev 4 Port 1 qpn 6125 mtu 5 LID 417 subnet-prefix 33022  FLID 0 fifoRkey=0x179c5a fifoLkey=0x179c5a
dgx052:185:385 [3] NCCL INFO NCCL_IB_TIMEOUT set by environment to 22.
dgx052:186:391 [4] NCCL INFO NCCL_IB_QPS_PER_CONNECTION set by environment to 8.
dgx052:189:387 [7] NCCL INFO NET/IB: NCCL Dev 9 IbDev 9 Port 1 qpn 6084 mtu 5 LID 419 subnet-prefix 33022  FLID 0 fifoRkey=0x165715 fifoLkey=0x165715
dgx052:189:387 [7] NCCL INFO NET/IB: NCCL Dev 9 IbDev 9 Port 1 qpn 6085 mtu 5 LID 419 subnet-prefix 33022  FLID 0 fifoRkey=0x165715 fifoLkey=0x165715
dgx052:189:387 [7] NCCL INFO NET/IB: NCCL Dev 9 IbDev 9 Port 1 qpn 6086 mtu 5 LID 419 subnet-prefix 33022  FLID 0 fifoRkey=0x165715 fifoLkey=0x165715
dgx052:189:387 [7] NCCL INFO NET/IB: NCCL Dev 9 IbDev 9 Port 1 qpn 6087 mtu 5 LID 419 subnet-prefix 33022  FLID 0 fifoRkey=0x165715 fifoLkey=0x165715
dgx052:189:387 [7] NCCL INFO NET/IB: NCCL Dev 9 IbDev 9 Port 1 qpn 6088 mtu 5 LID 419 subnet-prefix 33022  FLID 0 fifoRkey=0x165715 fifoLkey=0x165715
dgx052:189:387 [7] NCCL INFO NET/IB: NCCL Dev 9 IbDev 9 Port 1 qpn 6089 mtu 5 LID 419 subnet-prefix 33022  FLID 0 fifoRkey=0x165715 fifoLkey=0x165715
dgx052:189:387 [7] NCCL INFO NET/IB: NCCL Dev 9 IbDev 9 Port 1 qpn 6090 mtu 5 LID 419 subnet-prefix 33022  FLID 0 fifoRkey=0x165715 fifoLkey=0x165715
dgx052:189:387 [7] NCCL INFO NET/IB: NCCL Dev 9 IbDev 9 Port 1 qpn 6091 mtu 5 LID 419 subnet-prefix 33022  FLID 0 fifoRkey=0x165715 fifoLkey=0x165715
dgx052:188:397 [6] NCCL INFO NET/IB: NCCL Dev 8 IbDev 8 Port 1 qpn 6126 mtu 5 LID 416 subnet-prefix 33022  FLID 0 fifoRkey=0x167d3b fifoLkey=0x167d3b
dgx052:188:397 [6] NCCL INFO NET/IB: NCCL Dev 8 IbDev 8 Port 1 qpn 6127 mtu 5 LID 416 subnet-prefix 33022  FLID 0 fifoRkey=0x167d3b fifoLkey=0x167d3b
dgx052:188:397 [6] NCCL INFO NET/IB: NCCL Dev 8 IbDev 8 Port 1 qpn 6128 mtu 5 LID 416 subnet-prefix 33022  FLID 0 fifoRkey=0x167d3b fifoLkey=0x167d3b
