dgx052:182:287 [0] NCCL INFO Trees [0] 1/8/-1->0->-1 [1] -1/-1/-1->0->7 [2] 1/-1/-1->0->7 [3] 1/-1/-1->0->7 [4] 1/-1/-1->0->7 [5] 1/-1/-1->0->7 [6] 1/-1/-1->0->7 [7] 1/-1/-1->0->8 [8] -1/-1/-1->0->7 [9] 1/-1/-1->0->7 [10] 1/-1/-1->0->7 [11] 1/-1/-1->0->7 [12] 1/-1/-1->0->7 [13] 1/-1/-1->0->7 [14] 1/8/-1->0->-1 [15] -1/-1/-1->0->7 [16] 1/-1/-1->0->7 [17] 1/-1/-1->0->7 [18] 1/-1/-1->0->7 [19] 1/-1/-1->0->7 [20] 1/-1/-1->0->7 [21] 1/-1/-1->0->8 [22] -1/-1/-1->0->7 [23] 1/-1/-1->0->7 [24] 1/-1/-1->0->7 [25] 1/-1/-1->0->7 [26] 1/-1/-1->0->7 [27] 1/-1/-1->0->7
dgx052:182:287 [0] NCCL INFO NCCL_BUFFSIZE set by environment to 16777216.
dgx052:182:287 [0] NCCL INFO NCCL_P2P_NET_CHUNKSIZE set by environment to 524288.
dgx052:182:287 [0] NCCL INFO P2P Chunksize set to 524288
dgx052:185:291 [3] NCCL INFO NCCL_NTHREADS set by environment to 512.
dgx052:185:291 [3] NCCL INFO threadThresholds 8/8/64 | 128/8/64 | 512 | 512
dgx052:185:291 [3] NCCL INFO 28 coll channels, 28 collnet channels, 16 nvls channels, 32 p2p channels, 2 p2p channels per peer
dgx052:182:287 [0] NCCL INFO NCCL_NTHREADS set by environment to 512.
dgx052:182:287 [0] NCCL INFO threadThresholds 8/8/64 | 128/8/64 | 512 | 512
dgx052:182:287 [0] NCCL INFO 28 coll channels, 28 collnet channels, 16 nvls channels, 32 p2p channels, 2 p2p channels per peer
dgx052:189:294 [7] NCCL INFO NCCL_NTHREADS set by environment to 512.
dgx052:189:294 [7] NCCL INFO threadThresholds 8/8/64 | 128/8/64 | 512 | 512
dgx052:189:294 [7] NCCL INFO 28 coll channels, 28 collnet channels, 16 nvls channels, 32 p2p channels, 2 p2p channels per peer
dgx052:188:289 [6] NCCL INFO NCCL_NTHREADS set by environment to 512.
dgx052:188:289 [6] NCCL INFO threadThresholds 8/8/64 | 128/8/64 | 512 | 512
dgx052:188:289 [6] NCCL INFO 28 coll channels, 28 collnet channels, 16 nvls channels, 32 p2p channels, 2 p2p channels per peer
dgx052:187:293 [5] NCCL INFO NCCL_NTHREADS set by environment to 512.
dgx052:187:293 [5] NCCL INFO threadThresholds 8/8/64 | 128/8/64 | 512 | 512
dgx052:187:293 [5] NCCL INFO 28 coll channels, 28 collnet channels, 16 nvls channels, 32 p2p channels, 2 p2p channels per peer
dgx052:186:290 [4] NCCL INFO NCCL_NTHREADS set by environment to 512.
dgx052:186:290 [4] NCCL INFO threadThresholds 8/8/64 | 128/8/64 | 512 | 512
dgx052:186:290 [4] NCCL INFO 28 coll channels, 28 collnet channels, 16 nvls channels, 32 p2p channels, 2 p2p channels per peer
dgx052:182:287 [0] NCCL INFO CC Off, Multi-GPU CC Off, workFifoBytes 1048576
dgx052:184:292 [2] NCCL INFO NCCL_NTHREADS set by environment to 512.
dgx052:184:292 [2] NCCL INFO threadThresholds 8/8/64 | 128/8/64 | 512 | 512
dgx052:184:292 [2] NCCL INFO 28 coll channels, 28 collnet channels, 16 nvls channels, 32 p2p channels, 2 p2p channels per peer
dgx052:183:288 [1] NCCL INFO NCCL_NTHREADS set by environment to 512.
dgx052:183:288 [1] NCCL INFO threadThresholds 8/8/64 | 128/8/64 | 512 | 512
dgx052:183:288 [1] NCCL INFO 28 coll channels, 28 collnet channels, 16 nvls channels, 32 p2p channels, 2 p2p channels per peer
dgx052:187:293 [5] NCCL INFO TUNER/Plugin: Failed to find ncclTunerPlugin_v3 symbol.
dgx052:187:293 [5] NCCL INFO TUNER/Plugin: Failed to find ncclTunerPlugin_v2 symbol, using internal tuner instead.
dgx052:187:293 [5] NCCL INFO ncclCommInitRank comm 0x5639136f3fc0 rank 5 nranks 16 cudaDev 5 nvmlDev 5 busId c3000 commId 0x56a8b145d3f2db2c - Init COMPLETE
dgx052:184:292 [2] NCCL INFO TUNER/Plugin: Failed to find ncclTunerPlugin_v3 symbol.
dgx052:183:288 [1] NCCL INFO TUNER/Plugin: Failed to find ncclTunerPlugin_v3 symbol.
dgx052:187:293 [5] NCCL INFO Init timings: rank 5 nranks 16 total 2.31 (kernels 0.20, bootstrap 1.31, allgathers 0.25, topo 0.07, graphs 0.12, connections 0.34, rest 0.02)
dgx052:188:289 [6] NCCL INFO TUNER/Plugin: Failed to find ncclTunerPlugin_v3 symbol.
dgx052:184:292 [2] NCCL INFO TUNER/Plugin: Failed to find ncclTunerPlugin_v2 symbol, using internal tuner instead.
dgx052:183:288 [1] NCCL INFO TUNER/Plugin: Failed to find ncclTunerPlugin_v2 symbol, using internal tuner instead.
dgx052:188:289 [6] NCCL INFO TUNER/Plugin: Failed to find ncclTunerPlugin_v2 symbol, using internal tuner instead.
dgx052:183:288 [1] NCCL INFO ncclCommInitRank comm 0x55a0dcfaa6f0 rank 1 nranks 16 cudaDev 1 nvmlDev 1 busId 43000 commId 0x56a8b145d3f2db2c - Init COMPLETE
dgx052:184:292 [2] NCCL INFO ncclCommInitRank comm 0x5607b4f486a0 rank 2 nranks 16 cudaDev 2 nvmlDev 2 busId 52000 commId 0x56a8b145d3f2db2c - Init COMPLETE
dgx052:188:289 [6] NCCL INFO ncclCommInitRank comm 0x56038bb006e0 rank 6 nranks 16 cudaDev 6 nvmlDev 6 busId d1000 commId 0x56a8b145d3f2db2c - Init COMPLETE
dgx052:183:288 [1] NCCL INFO Init timings: rank 1 nranks 16 total 2.33 (kernels 0.33, bootstrap 1.20, allgathers 0.16, topo 0.08, graphs 0.20, connections 0.35, rest 0.01)
dgx052:184:292 [2] NCCL INFO Init timings: rank 2 nranks 16 total 2.31 (kernels 0.34, bootstrap 1.18, allgathers 0.00, topo 0.07, graphs 0.36, connections 0.33, rest 0.03)
dgx052:188:289 [6] NCCL INFO Init timings: rank 6 nranks 16 total 2.32 (kernels 0.20, bootstrap 1.32, allgathers 0.17, topo 0.07, graphs 0.20, connections 0.33, rest 0.03)
dgx052:189:294 [7] NCCL INFO TUNER/Plugin: Failed to find ncclTunerPlugin_v3 symbol.
dgx052:185:291 [3] NCCL INFO TUNER/Plugin: Failed to find ncclTunerPlugin_v3 symbol.
dgx052:189:294 [7] NCCL INFO TUNER/Plugin: Failed to find ncclTunerPlugin_v2 symbol, using internal tuner instead.
dgx052:185:291 [3] NCCL INFO TUNER/Plugin: Failed to find ncclTunerPlugin_v2 symbol, using internal tuner instead.
dgx052:189:294 [7] NCCL INFO ncclCommInitRank comm 0x557dea7a28a0 rank 7 nranks 16 cudaDev 7 nvmlDev 7 busId df000 commId 0x56a8b145d3f2db2c - Init COMPLETE
dgx052:185:291 [3] NCCL INFO ncclCommInitRank comm 0x55bfddb83750 rank 3 nranks 16 cudaDev 3 nvmlDev 3 busId 61000 commId 0x56a8b145d3f2db2c - Init COMPLETE
dgx052:189:294 [7] NCCL INFO Init timings: rank 7 nranks 16 total 2.30 (kernels 0.39, bootstrap 1.12, allgathers 0.15, topo 0.07, graphs 0.21, connections 0.34, rest 0.02)
dgx052:185:291 [3] NCCL INFO Init timings: rank 3 nranks 16 total 2.32 (kernels 0.20, bootstrap 1.32, allgathers 0.00, topo 0.07, graphs 0.36, connections 0.35, rest 0.02)
dgx052:182:287 [0] NCCL INFO TUNER/Plugin: Failed to find ncclTunerPlugin_v3 symbol.
dgx052:182:287 [0] NCCL INFO TUNER/Plugin: Failed to find ncclTunerPlugin_v2 symbol, using internal tuner instead.
dgx052:186:290 [4] NCCL INFO TUNER/Plugin: Failed to find ncclTunerPlugin_v3 symbol.
dgx052:186:290 [4] NCCL INFO TUNER/Plugin: Failed to find ncclTunerPlugin_v2 symbol, using internal tuner instead.
dgx052:182:287 [0] NCCL INFO ncclCommInitRank comm 0x55ec4793f160 rank 0 nranks 16 cudaDev 0 nvmlDev 0 busId 1b000 commId 0x56a8b145d3f2db2c - Init COMPLETE
dgx052:186:290 [4] NCCL INFO ncclCommInitRank comm 0x5596d6e914f0 rank 4 nranks 16 cudaDev 4 nvmlDev 4 busId 9d000 commId 0x56a8b145d3f2db2c - Init COMPLETE
dgx052:182:287 [0] NCCL INFO Init timings: rank 0 nranks 16 total 2.38 (kernels 0.31, bootstrap 1.27, allgathers 0.15, topo 0.08, graphs 0.21, connections 0.33, rest 0.03)
dgx052:186:290 [4] NCCL INFO Init timings: rank 4 nranks 16 total 2.32 (kernels 0.33, bootstrap 1.19, allgathers 0.15, topo 0.07, graphs 0.21, connections 0.34, rest 0.03)
dgx052:185:399 [3] NCCL INFO NVLS comm 0x55bfddb83750 headRank 3 nHeads 7 buffSize 1048576 nvlsPerRankSize 33554432 nvlsTotalSize 234881024
dgx052:186:406 [4] NCCL INFO NVLS comm 0x5596d6e914f0 headRank 4 nHeads 7 buffSize 1048576 nvlsPerRankSize 33554432 nvlsTotalSize 234881024
dgx052:187:405 [5] NCCL INFO NVLS comm 0x5639136f3fc0 headRank -1 nHeads 7 buffSize 1048576 nvlsPerRankSize 33554432 nvlsTotalSize 234881024
dgx052:182:401 [0] NCCL INFO NVLS comm 0x55ec4793f160 headRank 0 nHeads 7 buffSize 1048576 nvlsPerRankSize 33554432 nvlsTotalSize 234881024
dgx052:188:400 [6] NCCL INFO NVLS comm 0x56038bb006e0 headRank 5 nHeads 7 buffSize 1048576 nvlsPerRankSize 33554432 nvlsTotalSize 234881024
dgx052:184:403 [2] NCCL INFO NVLS comm 0x5607b4f486a0 headRank 2 nHeads 7 buffSize 1048576 nvlsPerRankSize 33554432 nvlsTotalSize 234881024
dgx052:189:402 [7] NCCL INFO NVLS comm 0x557dea7a28a0 headRank 6 nHeads 7 buffSize 1048576 nvlsPerRankSize 33554432 nvlsTotalSize 234881024
dgx052:183:404 [1] NCCL INFO NVLS comm 0x55a0dcfaa6f0 headRank 1 nHeads 7 buffSize 1048576 nvlsPerRankSize 33554432 nvlsTotalSize 234881024
dgx052:183:404 [1] NCCL INFO GPU Direct RDMA Enabled for GPU 43000 / HCA 2 (distance 4 <= 4), read 0
dgx052:182:401 [0] NCCL INFO GPU Direct RDMA Enabled for GPU 1b000 / HCA 0 (distance 4 <= 4), read 0
dgx052:186:406 [4] NCCL INFO GPU Direct RDMA Enabled for GPU 9d000 / HCA 5 (distance 4 <= 4), read 0
dgx052:187:405 [5] NCCL INFO Connected NVLS tree
dgx052:189:402 [7] NCCL INFO GPU Direct RDMA Enabled for GPU df000 / HCA 9 (distance 4 <= 4), read 0
dgx052:188:400 [6] NCCL INFO GPU Direct RDMA Enabled for GPU d1000 / HCA 8 (distance 4 <= 4), read 0
dgx052:185:399 [3] NCCL INFO GPU Direct RDMA Enabled for GPU 61000 / HCA 4 (distance 4 <= 4), read 0
dgx052:184:403 [2] NCCL INFO GPU Direct RDMA Enabled for GPU 52000 / HCA 3 (distance 4 <= 4), read 0
dgx052:189:387 [7] NCCL INFO New proxy recv connection 0 from local rank 7, transport 2
dgx052:186:391 [4] NCCL INFO New proxy recv connection 0 from local rank 4, transport 2
dgx052:188:397 [6] NCCL INFO New proxy recv connection 0 from local rank 6, transport 2
dgx052:183:383 [1] NCCL INFO New proxy recv connection 0 from local rank 1, transport 2
dgx052:185:385 [3] NCCL INFO New proxy recv connection 0 from local rank 3, transport 2
dgx052:184:395 [2] NCCL INFO New proxy recv connection 0 from local rank 2, transport 2
dgx052:182:393 [0] NCCL INFO New proxy recv connection 0 from local rank 0, transport 2
dgx052:183:404 [1] NCCL INFO Connected to proxy localRank 1 -> connection 0x7ef8fc004f40
dgx052:182:401 [0] NCCL INFO Connected to proxy localRank 0 -> connection 0x7fccdc004f40
dgx052:184:403 [2] NCCL INFO Connected to proxy localRank 2 -> connection 0x7f3594004f40
dgx052:183:383 [1] NCCL INFO NET/IB : GPU Direct RDMA (DMABUF) enabled for HCA 2 'mlx5_3
dgx052:182:393 [0] NCCL INFO NET/IB : GPU Direct RDMA (DMABUF) enabled for HCA 0 'mlx5_0
dgx052:183:404 [1] NCCL INFO Channel 00/0 : 9[1] -> 1[1] [receive] via NET/IBext_v8/2/GDRDMA
dgx052:182:401 [0] NCCL INFO Channel 00/0 : 8[0] -> 0[0] [receive] via NET/IBext_v8/0/GDRDMA
dgx052:184:395 [2] NCCL INFO NET/IB : GPU Direct RDMA (DMABUF) enabled for HCA 3 'mlx5_4
dgx052:182:401 [0] NCCL INFO GPU Direct RDMA Enabled for GPU 1b000 / HCA 0 (distance 4 <= 4), read 0
dgx052:183:404 [1] NCCL INFO GPU Direct RDMA Enabled for GPU 43000 / HCA 2 (distance 4 <= 4), read 0
dgx052:184:403 [2] NCCL INFO Channel 00/0 : 10[2] -> 2[2] [receive] via NET/IBext_v8/3/GDRDMA
dgx052:184:403 [2] NCCL INFO GPU Direct RDMA Enabled for GPU 52000 / HCA 3 (distance 4 <= 4), read 0
dgx052:183:383 [1] NCCL INFO New proxy recv connection 1 from local rank 1, transport 2
dgx052:182:393 [0] NCCL INFO New proxy recv connection 1 from local rank 0, transport 2
dgx052:183:404 [1] NCCL INFO Connected to proxy localRank 1 -> connection 0x7ef8fc004fb8
dgx052:184:395 [2] NCCL INFO New proxy recv connection 1 from local rank 2, transport 2
dgx052:182:401 [0] NCCL INFO Connected to proxy localRank 0 -> connection 0x7fccdc004fb8
dgx052:184:403 [2] NCCL INFO Connected to proxy localRank 2 -> connection 0x7f3594004fb8
dgx052:183:383 [1] NCCL INFO NET/IB : GPU Direct RDMA (DMABUF) enabled for HCA 2 'mlx5_3
dgx052:182:393 [0] NCCL INFO NET/IB : GPU Direct RDMA (DMABUF) enabled for HCA 0 'mlx5_0
dgx052:183:404 [1] NCCL INFO Channel 01/0 : 9[1] -> 1[1] [receive] via NET/IBext_v8/2/GDRDMA
dgx052:183:404 [1] NCCL INFO GPU Direct RDMA Enabled for GPU 43000 / HCA 2 (distance 4 <= 4), read 0
dgx052:184:395 [2] NCCL INFO NET/IB : GPU Direct RDMA (DMABUF) enabled for HCA 3 'mlx5_4
dgx052:182:401 [0] NCCL INFO Channel 01/0 : 8[0] -> 0[0] [receive] via NET/IBext_v8/0/GDRDMA
dgx052:182:401 [0] NCCL INFO GPU Direct RDMA Enabled for GPU 1b000 / HCA 0 (distance 4 <= 4), read 0
dgx052:184:403 [2] NCCL INFO Channel 01/0 : 10[2] -> 2[2] [receive] via NET/IBext_v8/3/GDRDMA
dgx052:184:403 [2] NCCL INFO GPU Direct RDMA Enabled for GPU 52000 / HCA 3 (distance 4 <= 4), read 0
dgx052:183:383 [1] NCCL INFO New proxy recv connection 2 from local rank 1, transport 2
dgx052:182:393 [0] NCCL INFO New proxy recv connection 2 from local rank 0, transport 2
dgx052:184:395 [2] NCCL INFO New proxy recv connection 2 from local rank 2, transport 2
dgx052:183:404 [1] NCCL INFO Connected to proxy localRank 1 -> connection 0x7ef8fc005030
dgx052:182:401 [0] NCCL INFO Connected to proxy localRank 0 -> connection 0x7fccdc005030
dgx052:184:403 [2] NCCL INFO Connected to proxy localRank 2 -> connection 0x7f3594005030
dgx052:183:383 [1] NCCL INFO NET/IB : GPU Direct RDMA (DMABUF) enabled for HCA 2 'mlx5_3
dgx052:182:393 [0] NCCL INFO NET/IB : GPU Direct RDMA (DMABUF) enabled for HCA 0 'mlx5_0
dgx052:184:395 [2] NCCL INFO NET/IB : GPU Direct RDMA (DMABUF) enabled for HCA 3 'mlx5_4
dgx052:183:404 [1] NCCL INFO Channel 02/0 : 9[1] -> 1[1] [receive] via NET/IBext_v8/2/GDRDMA
dgx052:183:404 [1] NCCL INFO GPU Direct RDMA Enabled for GPU 43000 / HCA 2 (distance 4 <= 4), read 0
dgx052:182:401 [0] NCCL INFO Channel 02/0 : 8[0] -> 0[0] [receive] via NET/IBext_v8/0/GDRDMA
dgx052:184:403 [2] NCCL INFO Channel 02/0 : 10[2] -> 2[2] [receive] via NET/IBext_v8/3/GDRDMA
dgx052:182:401 [0] NCCL INFO GPU Direct RDMA Enabled for GPU 1b000 / HCA 0 (distance 4 <= 4), read 0
dgx052:184:403 [2] NCCL INFO GPU Direct RDMA Enabled for GPU 52000 / HCA 3 (distance 4 <= 4), read 0
dgx052:183:383 [1] NCCL INFO New proxy recv connection 3 from local rank 1, transport 2
dgx052:183:404 [1] NCCL INFO Connected to proxy localRank 1 -> connection 0x7ef8fc0050a8
dgx052:182:393 [0] NCCL INFO New proxy recv connection 3 from local rank 0, transport 2
dgx052:184:395 [2] NCCL INFO New proxy recv connection 3 from local rank 2, transport 2
dgx052:182:401 [0] NCCL INFO Connected to proxy localRank 0 -> connection 0x7fccdc0050a8
dgx052:184:403 [2] NCCL INFO Connected to proxy localRank 2 -> connection 0x7f35940050a8
dgx052:183:383 [1] NCCL INFO NET/IB : GPU Direct RDMA (DMABUF) enabled for HCA 2 'mlx5_3
dgx052:183:404 [1] NCCL INFO Channel 03/0 : 9[1] -> 1[1] [receive] via NET/IBext_v8/2/GDRDMA
dgx052:183:404 [1] NCCL INFO GPU Direct RDMA Enabled for GPU 43000 / HCA 2 (distance 4 <= 4), read 0
dgx052:184:395 [2] NCCL INFO NET/IB : GPU Direct RDMA (DMABUF) enabled for HCA 3 'mlx5_4
dgx052:182:393 [0] NCCL INFO NET/IB : GPU Direct RDMA (DMABUF) enabled for HCA 0 'mlx5_0
dgx052:184:403 [2] NCCL INFO Channel 03/0 : 10[2] -> 2[2] [receive] via NET/IBext_v8/3/GDRDMA
dgx052:184:403 [2] NCCL INFO GPU Direct RDMA Enabled for GPU 52000 / HCA 3 (distance 4 <= 4), read 0
dgx052:182:401 [0] NCCL INFO Channel 03/0 : 8[0] -> 0[0] [receive] via NET/IBext_v8/0/GDRDMA
dgx052:182:401 [0] NCCL INFO GPU Direct RDMA Enabled for GPU 1b000 / HCA 0 (distance 4 <= 4), read 0
dgx052:183:383 [1] NCCL INFO New proxy recv connection 4 from local rank 1, transport 2
dgx052:183:404 [1] NCCL INFO Connected to proxy localRank 1 -> connection 0x7ef8fc005120
dgx052:184:395 [2] NCCL INFO New proxy recv connection 4 from local rank 2, transport 2
dgx052:182:393 [0] NCCL INFO New proxy recv connection 4 from local rank 0, transport 2
dgx052:184:403 [2] NCCL INFO Connected to proxy localRank 2 -> connection 0x7f3594005120
dgx052:182:401 [0] NCCL INFO Connected to proxy localRank 0 -> connection 0x7fccdc005120
dgx052:183:383 [1] NCCL INFO NET/IB : GPU Direct RDMA (DMABUF) enabled for HCA 2 'mlx5_3
dgx052:183:404 [1] NCCL INFO Channel 04/0 : 9[1] -> 1[1] [receive] via NET/IBext_v8/2/GDRDMA
dgx052:183:404 [1] NCCL INFO GPU Direct RDMA Enabled for GPU 43000 / HCA 2 (distance 4 <= 4), read 0
dgx052:182:393 [0] NCCL INFO NET/IB : GPU Direct RDMA (DMABUF) enabled for HCA 0 'mlx5_0
dgx052:184:395 [2] NCCL INFO NET/IB : GPU Direct RDMA (DMABUF) enabled for HCA 3 'mlx5_4
dgx052:183:383 [1] NCCL INFO New proxy recv connection 5 from local rank 1, transport 2
dgx052:182:401 [0] NCCL INFO Channel 04/0 : 8[0] -> 0[0] [receive] via NET/IBext_v8/0/GDRDMA
dgx052:184:403 [2] NCCL INFO Channel 04/0 : 10[2] -> 2[2] [receive] via NET/IBext_v8/3/GDRDMA
dgx052:182:401 [0] NCCL INFO GPU Direct RDMA Enabled for GPU 1b000 / HCA 0 (distance 4 <= 4), read 0
dgx052:184:403 [2] NCCL INFO GPU Direct RDMA Enabled for GPU 52000 / HCA 3 (distance 4 <= 4), read 0
dgx052:183:404 [1] NCCL INFO Connected to proxy localRank 1 -> connection 0x7ef8fc005198
dgx052:182:393 [0] NCCL INFO New proxy recv connection 5 from local rank 0, transport 2
dgx052:184:395 [2] NCCL INFO New proxy recv connection 5 from local rank 2, transport 2
dgx052:183:383 [1] NCCL INFO NET/IB : GPU Direct RDMA (DMABUF) enabled for HCA 2 'mlx5_3
dgx052:182:401 [0] NCCL INFO Connected to proxy localRank 0 -> connection 0x7fccdc005198
dgx052:184:403 [2] NCCL INFO Connected to proxy localRank 2 -> connection 0x7f3594005198
dgx052:183:404 [1] NCCL INFO Channel 05/0 : 9[1] -> 1[1] [receive] via NET/IBext_v8/2/GDRDMA
dgx052:183:404 [1] NCCL INFO GPU Direct RDMA Enabled for GPU 43000 / HCA 2 (distance 4 <= 4), read 0
dgx052:182:393 [0] NCCL INFO NET/IB : GPU Direct RDMA (DMABUF) enabled for HCA 0 'mlx5_0
dgx052:184:395 [2] NCCL INFO NET/IB : GPU Direct RDMA (DMABUF) enabled for HCA 3 'mlx5_4
dgx052:182:401 [0] NCCL INFO Channel 05/0 : 8[0] -> 0[0] [receive] via NET/IBext_v8/0/GDRDMA
dgx052:182:401 [0] NCCL INFO GPU Direct RDMA Enabled for GPU 1b000 / HCA 0 (distance 4 <= 4), read 0
dgx052:184:403 [2] NCCL INFO Channel 05/0 : 10[2] -> 2[2] [receive] via NET/IBext_v8/3/GDRDMA
dgx052:184:403 [2] NCCL INFO GPU Direct RDMA Enabled for GPU 52000 / HCA 3 (distance 4 <= 4), read 0
dgx052:183:383 [1] NCCL INFO New proxy recv connection 6 from local rank 1, transport 2
dgx052:183:404 [1] NCCL INFO Connected to proxy localRank 1 -> connection 0x7ef8fc005210
dgx052:182:393 [0] NCCL INFO New proxy recv connection 6 from local rank 0, transport 2
dgx052:184:395 [2] NCCL INFO New proxy recv connection 6 from local rank 2, transport 2
dgx052:182:401 [0] NCCL INFO Connected to proxy localRank 0 -> connection 0x7fccdc005210
dgx052:183:383 [1] NCCL INFO NET/IB : GPU Direct RDMA (DMABUF) enabled for HCA 2 'mlx5_3
dgx052:184:403 [2] NCCL INFO Connected to proxy localRank 2 -> connection 0x7f3594005210
dgx052:183:404 [1] NCCL INFO Channel 06/0 : 9[1] -> 1[1] [receive] via NET/IBext_v8/2/GDRDMA
dgx052:183:404 [1] NCCL INFO GPU Direct RDMA Enabled for GPU 43000 / HCA 2 (distance 4 <= 4), read 0
dgx052:182:393 [0] NCCL INFO NET/IB : GPU Direct RDMA (DMABUF) enabled for HCA 0 'mlx5_0
dgx052:184:395 [2] NCCL INFO NET/IB : GPU Direct RDMA (DMABUF) enabled for HCA 3 'mlx5_4
dgx052:182:401 [0] NCCL INFO Channel 06/0 : 8[0] -> 0[0] [receive] via NET/IBext_v8/0/GDRDMA
dgx052:182:401 [0] NCCL INFO GPU Direct RDMA Enabled for GPU 1b000 / HCA 0 (distance 4 <= 4), read 0
dgx052:184:403 [2] NCCL INFO Channel 06/0 : 10[2] -> 2[2] [receive] via NET/IBext_v8/3/GDRDMA
dgx052:184:403 [2] NCCL INFO GPU Direct RDMA Enabled for GPU 52000 / HCA 3 (distance 4 <= 4), read 0
dgx052:184:395 [2] NCCL INFO New proxy recv connection 7 from local rank 2, transport 2
dgx052:184:403 [2] NCCL INFO Connected to proxy localRank 2 -> connection 0x7f3594005288
dgx052:183:383 [1] NCCL INFO New proxy recv connection 7 from local rank 1, transport 2
dgx052:183:404 [1] NCCL INFO Connected to proxy localRank 1 -> connection 0x7ef8fc005288
dgx052:182:393 [0] NCCL INFO New proxy recv connection 7 from local rank 0, transport 2
dgx052:182:401 [0] NCCL INFO Connected to proxy localRank 0 -> connection 0x7fccdc005288
dgx052:183:383 [1] NCCL INFO NET/IB : GPU Direct RDMA (DMABUF) enabled for HCA 2 'mlx5_3
dgx052:182:393 [0] NCCL INFO NET/IB : GPU Direct RDMA (DMABUF) enabled for HCA 0 'mlx5_0
dgx052:183:404 [1] NCCL INFO Channel 07/0 : 9[1] -> 1[1] [receive] via NET/IBext_v8/2/GDRDMA
dgx052:183:404 [1] NCCL INFO GPU Direct RDMA Enabled for GPU 43000 / HCA 2 (distance 4 <= 4), read 0
dgx052:184:395 [2] NCCL INFO NET/IB : GPU Direct RDMA (DMABUF) enabled for HCA 3 'mlx5_4
dgx052:182:401 [0] NCCL INFO Channel 07/0 : 8[0] -> 0[0] [receive] via NET/IBext_v8/0/GDRDMA
dgx052:182:401 [0] NCCL INFO GPU Direct RDMA Enabled for GPU 1b000 / HCA 0 (distance 4 <= 4), read 0
dgx052:184:403 [2] NCCL INFO Channel 07/0 : 10[2] -> 2[2] [receive] via NET/IBext_v8/3/GDRDMA
dgx052:184:403 [2] NCCL INFO GPU Direct RDMA Enabled for GPU 52000 / HCA 3 (distance 4 <= 4), read 0
dgx052:184:395 [2] NCCL INFO New proxy recv connection 8 from local rank 2, transport 2
dgx052:184:403 [2] NCCL INFO Connected to proxy localRank 2 -> connection 0x7f3594005300
dgx052:183:383 [1] NCCL INFO New proxy recv connection 8 from local rank 1, transport 2
dgx052:183:404 [1] NCCL INFO Connected to proxy localRank 1 -> connection 0x7ef8fc005300
dgx052:182:393 [0] NCCL INFO New proxy recv connection 8 from local rank 0, transport 2
dgx052:182:401 [0] NCCL INFO Connected to proxy localRank 0 -> connection 0x7fccdc005300
dgx052:183:383 [1] NCCL INFO NET/IB : GPU Direct RDMA (DMABUF) enabled for HCA 2 'mlx5_3
dgx052:183:404 [1] NCCL INFO Channel 08/0 : 9[1] -> 1[1] [receive] via NET/IBext_v8/2/GDRDMA
dgx052:182:393 [0] NCCL INFO NET/IB : GPU Direct RDMA (DMABUF) enabled for HCA 0 'mlx5_0
dgx052:184:395 [2] NCCL INFO NET/IB : GPU Direct RDMA (DMABUF) enabled for HCA 3 'mlx5_4
dgx052:183:404 [1] NCCL INFO GPU Direct RDMA Enabled for GPU 43000 / HCA 2 (distance 4 <= 4), read 0
dgx052:182:401 [0] NCCL INFO Channel 08/0 : 8[0] -> 0[0] [receive] via NET/IBext_v8/0/GDRDMA
dgx052:182:401 [0] NCCL INFO GPU Direct RDMA Enabled for GPU 1b000 / HCA 0 (distance 4 <= 4), read 0
dgx052:184:403 [2] NCCL INFO Channel 08/0 : 10[2] -> 2[2] [receive] via NET/IBext_v8/3/GDRDMA
dgx052:184:403 [2] NCCL INFO GPU Direct RDMA Enabled for GPU 52000 / HCA 3 (distance 4 <= 4), read 0
dgx052:182:393 [0] NCCL INFO New proxy recv connection 9 from local rank 0, transport 2
dgx052:184:395 [2] NCCL INFO New proxy recv connection 9 from local rank 2, transport 2
dgx052:182:401 [0] NCCL INFO Connected to proxy localRank 0 -> connection 0x7fccdc005378
dgx052:184:403 [2] NCCL INFO Connected to proxy localRank 2 -> connection 0x7f3594005378
dgx052:183:383 [1] NCCL INFO New proxy recv connection 9 from local rank 1, transport 2
dgx052:182:393 [0] NCCL INFO NET/IB : GPU Direct RDMA (DMABUF) enabled for HCA 0 'mlx5_0
dgx052:184:395 [2] NCCL INFO NET/IB : GPU Direct RDMA (DMABUF) enabled for HCA 3 'mlx5_4
dgx052:183:404 [1] NCCL INFO Connected to proxy localRank 1 -> connection 0x7ef8fc005378
dgx052:182:401 [0] NCCL INFO Channel 09/0 : 8[0] -> 0[0] [receive] via NET/IBext_v8/0/GDRDMA
dgx052:182:401 [0] NCCL INFO GPU Direct RDMA Enabled for GPU 1b000 / HCA 0 (distance 4 <= 4), read 0
dgx052:184:403 [2] NCCL INFO Channel 09/0 : 10[2] -> 2[2] [receive] via NET/IBext_v8/3/GDRDMA
dgx052:184:403 [2] NCCL INFO GPU Direct RDMA Enabled for GPU 52000 / HCA 3 (distance 4 <= 4), read 0
dgx052:183:383 [1] NCCL INFO NET/IB : GPU Direct RDMA (DMABUF) enabled for HCA 2 'mlx5_3
dgx052:183:404 [1] NCCL INFO Channel 09/0 : 9[1] -> 1[1] [receive] via NET/IBext_v8/2/GDRDMA
dgx052:183:404 [1] NCCL INFO GPU Direct RDMA Enabled for GPU 43000 / HCA 2 (distance 4 <= 4), read 0
dgx052:183:383 [1] NCCL INFO New proxy recv connection 10 from local rank 1, transport 2
dgx052:183:404 [1] NCCL INFO Connected to proxy localRank 1 -> connection 0x7ef8fc0053f0
dgx052:184:395 [2] NCCL INFO New proxy recv connection 10 from local rank 2, transport 2
dgx052:182:393 [0] NCCL INFO New proxy recv connection 10 from local rank 0, transport 2
dgx052:184:403 [2] NCCL INFO Connected to proxy localRank 2 -> connection 0x7f35940053f0
dgx052:182:401 [0] NCCL INFO Connected to proxy localRank 0 -> connection 0x7fccdc0053f0
dgx052:183:383 [1] NCCL INFO NET/IB : GPU Direct RDMA (DMABUF) enabled for HCA 2 'mlx5_3
dgx052:184:395 [2] NCCL INFO NET/IB : GPU Direct RDMA (DMABUF) enabled for HCA 3 'mlx5_4
dgx052:183:404 [1] NCCL INFO Channel 10/0 : 9[1] -> 1[1] [receive] via NET/IBext_v8/2/GDRDMA
dgx052:182:393 [0] NCCL INFO NET/IB : GPU Direct RDMA (DMABUF) enabled for HCA 0 'mlx5_0
dgx052:183:404 [1] NCCL INFO GPU Direct RDMA Enabled for GPU 43000 / HCA 2 (distance 4 <= 4), read 0
dgx052:184:403 [2] NCCL INFO Channel 10/0 : 10[2] -> 2[2] [receive] via NET/IBext_v8/3/GDRDMA
dgx052:184:403 [2] NCCL INFO GPU Direct RDMA Enabled for GPU 52000 / HCA 3 (distance 4 <= 4), read 0
dgx052:182:401 [0] NCCL INFO Channel 10/0 : 8[0] -> 0[0] [receive] via NET/IBext_v8/0/GDRDMA
dgx052:182:401 [0] NCCL INFO GPU Direct RDMA Enabled for GPU 1b000 / HCA 0 (distance 4 <= 4), read 0
dgx052:182:393 [0] NCCL INFO New proxy recv connection 11 from local rank 0, transport 2
dgx052:182:401 [0] NCCL INFO Connected to proxy localRank 0 -> connection 0x7fccdc005468
dgx052:183:383 [1] NCCL INFO New proxy recv connection 11 from local rank 1, transport 2
dgx052:182:393 [0] NCCL INFO NET/IB : GPU Direct RDMA (DMABUF) enabled for HCA 0 'mlx5_0
dgx052:183:404 [1] NCCL INFO Connected to proxy localRank 1 -> connection 0x7ef8fc005468
dgx052:184:395 [2] NCCL INFO New proxy recv connection 11 from local rank 2, transport 2
dgx052:182:401 [0] NCCL INFO Channel 11/0 : 8[0] -> 0[0] [receive] via NET/IBext_v8/0/GDRDMA
dgx052:182:401 [0] NCCL INFO GPU Direct RDMA Enabled for GPU 1b000 / HCA 0 (distance 4 <= 4), read 0
dgx052:184:403 [2] NCCL INFO Connected to proxy localRank 2 -> connection 0x7f3594005468
dgx052:183:383 [1] NCCL INFO NET/IB : GPU Direct RDMA (DMABUF) enabled for HCA 2 'mlx5_3
dgx052:184:395 [2] NCCL INFO NET/IB : GPU Direct RDMA (DMABUF) enabled for HCA 3 'mlx5_4
dgx052:183:404 [1] NCCL INFO Channel 11/0 : 9[1] -> 1[1] [receive] via NET/IBext_v8/2/GDRDMA
dgx052:183:404 [1] NCCL INFO GPU Direct RDMA Enabled for GPU 43000 / HCA 2 (distance 4 <= 4), read 0
dgx052:182:393 [0] NCCL INFO New proxy recv connection 12 from local rank 0, transport 2
dgx052:184:403 [2] NCCL INFO Channel 11/0 : 10[2] -> 2[2] [receive] via NET/IBext_v8/3/GDRDMA
dgx052:184:403 [2] NCCL INFO GPU Direct RDMA Enabled for GPU 52000 / HCA 3 (distance 4 <= 4), read 0
dgx052:183:383 [1] NCCL INFO New proxy recv connection 12 from local rank 1, transport 2
dgx052:182:401 [0] NCCL INFO Connected to proxy localRank 0 -> connection 0x7fccdc0054e0
dgx052:183:404 [1] NCCL INFO Connected to proxy localRank 1 -> connection 0x7ef8fc0054e0
dgx052:183:383 [1] NCCL INFO NET/IB : GPU Direct RDMA (DMABUF) enabled for HCA 2 'mlx5_3
dgx052:183:404 [1] NCCL INFO Channel 12/0 : 9[1] -> 1[1] [receive] via NET/IBext_v8/2/GDRDMA
dgx052:183:404 [1] NCCL INFO GPU Direct RDMA Enabled for GPU 43000 / HCA 2 (distance 4 <= 4), read 0
dgx052:182:393 [0] NCCL INFO NET/IB : GPU Direct RDMA (DMABUF) enabled for HCA 0 'mlx5_0
dgx052:184:395 [2] NCCL INFO New proxy recv connection 12 from local rank 2, transport 2
dgx052:182:401 [0] NCCL INFO Channel 12/0 : 8[0] -> 0[0] [receive] via NET/IBext_v8/0/GDRDMA
dgx052:182:401 [0] NCCL INFO GPU Direct RDMA Enabled for GPU 1b000 / HCA 0 (distance 4 <= 4), read 0
dgx052:184:403 [2] NCCL INFO Connected to proxy localRank 2 -> connection 0x7f35940054e0
dgx052:184:395 [2] NCCL INFO NET/IB : GPU Direct RDMA (DMABUF) enabled for HCA 3 'mlx5_4
dgx052:184:403 [2] NCCL INFO Channel 12/0 : 10[2] -> 2[2] [receive] via NET/IBext_v8/3/GDRDMA
dgx052:184:403 [2] NCCL INFO GPU Direct RDMA Enabled for GPU 52000 / HCA 3 (distance 4 <= 4), read 0
dgx052:183:383 [1] NCCL INFO New proxy recv connection 13 from local rank 1, transport 2
dgx052:182:393 [0] NCCL INFO New proxy recv connection 13 from local rank 0, transport 2
dgx052:183:404 [1] NCCL INFO Connected to proxy localRank 1 -> connection 0x7ef8fc005558
dgx052:182:401 [0] NCCL INFO Connected to proxy localRank 0 -> connection 0x7fccdc005558
dgx052:183:383 [1] NCCL INFO NET/IB : GPU Direct RDMA (DMABUF) enabled for HCA 2 'mlx5_3
dgx052:183:404 [1] NCCL INFO Channel 13/0 : 9[1] -> 1[1] [receive] via NET/IBext_v8/2/GDRDMA
dgx052:183:404 [1] NCCL INFO GPU Direct RDMA Enabled for GPU 43000 / HCA 2 (distance 4 <= 4), read 0
dgx052:183:383 [1] NCCL INFO New proxy recv connection 14 from local rank 1, transport 2
dgx052:183:404 [1] NCCL INFO Connected to proxy localRank 1 -> connection 0x7ef8fc0055d0
dgx052:184:395 [2] NCCL INFO New proxy recv connection 13 from local rank 2, transport 2
dgx052:183:383 [1] NCCL INFO NET/IB : GPU Direct RDMA (DMABUF) enabled for HCA 2 'mlx5_3
dgx052:184:403 [2] NCCL INFO Connected to proxy localRank 2 -> connection 0x7f3594005558
dgx052:183:404 [1] NCCL INFO Channel 14/0 : 9[1] -> 1[1] [receive] via NET/IBext_v8/2/GDRDMA
dgx052:183:404 [1] NCCL INFO GPU Direct RDMA Enabled for GPU 43000 / HCA 2 (distance 4 <= 4), read 0
dgx052:182:393 [0] NCCL INFO NET/IB : GPU Direct RDMA (DMABUF) enabled for HCA 0 'mlx5_0
dgx052:183:383 [1] NCCL INFO New proxy recv connection 15 from local rank 1, transport 2
dgx052:183:404 [1] NCCL INFO Connected to proxy localRank 1 -> connection 0x7ef8fc005648
dgx052:182:401 [0] NCCL INFO Channel 13/0 : 8[0] -> 0[0] [receive] via NET/IBext_v8/0/GDRDMA
dgx052:182:401 [0] NCCL INFO GPU Direct RDMA Enabled for GPU 1b000 / HCA 0 (distance 4 <= 4), read 0
dgx052:184:395 [2] NCCL INFO NET/IB : GPU Direct RDMA (DMABUF) enabled for HCA 3 'mlx5_4
dgx052:183:383 [1] NCCL INFO NET/IB : GPU Direct RDMA (DMABUF) enabled for HCA 2 'mlx5_3
dgx052:184:403 [2] NCCL INFO Channel 13/0 : 10[2] -> 2[2] [receive] via NET/IBext_v8/3/GDRDMA
dgx052:184:403 [2] NCCL INFO GPU Direct RDMA Enabled for GPU 52000 / HCA 3 (distance 4 <= 4), read 0
dgx052:183:404 [1] NCCL INFO Channel 15/0 : 9[1] -> 1[1] [receive] via NET/IBext_v8/2/GDRDMA
dgx052:183:404 [1] NCCL INFO GPU Direct RDMA Enabled for GPU 43000 / HCA 2 (distance 4 <= 4), read 0
dgx052:184:395 [2] NCCL INFO New proxy recv connection 14 from local rank 2, transport 2
dgx052:183:383 [1] NCCL INFO New proxy recv connection 16 from local rank 1, transport 2
dgx052:184:403 [2] NCCL INFO Connected to proxy localRank 2 -> connection 0x7f35940055d0
dgx052:183:404 [1] NCCL INFO Connected to proxy localRank 1 -> connection 0x7ef8fc0056c0
dgx052:183:383 [1] NCCL INFO NET/IB : GPU Direct RDMA (DMABUF) enabled for HCA 2 'mlx5_3
dgx052:184:395 [2] NCCL INFO NET/IB : GPU Direct RDMA (DMABUF) enabled for HCA 3 'mlx5_4
dgx052:182:393 [0] NCCL INFO New proxy recv connection 14 from local rank 0, transport 2
dgx052:183:404 [1] NCCL INFO Channel 16/0 : 9[1] -> 1[1] [receive] via NET/IBext_v8/2/GDRDMA
dgx052:183:404 [1] NCCL INFO GPU Direct RDMA Enabled for GPU 43000 / HCA 2 (distance 4 <= 4), read 0
dgx052:182:401 [0] NCCL INFO Connected to proxy localRank 0 -> connection 0x7fccdc0055d0
dgx052:184:403 [2] NCCL INFO Channel 14/0 : 10[2] -> 2[2] [receive] via NET/IBext_v8/3/GDRDMA
dgx052:184:403 [2] NCCL INFO GPU Direct RDMA Enabled for GPU 52000 / HCA 3 (distance 4 <= 4), read 0
dgx052:183:383 [1] NCCL INFO New proxy recv connection 17 from local rank 1, transport 2
dgx052:183:404 [1] NCCL INFO Connected to proxy localRank 1 -> connection 0x7ef8fc005738
dgx052:184:395 [2] NCCL INFO New proxy recv connection 15 from local rank 2, transport 2
dgx052:184:403 [2] NCCL INFO Connected to proxy localRank 2 -> connection 0x7f3594005648
dgx052:183:383 [1] NCCL INFO NET/IB : GPU Direct RDMA (DMABUF) enabled for HCA 2 'mlx5_3
dgx052:183:404 [1] NCCL INFO Channel 17/0 : 9[1] -> 1[1] [receive] via NET/IBext_v8/2/GDRDMA
dgx052:183:404 [1] NCCL INFO GPU Direct RDMA Enabled for GPU 43000 / HCA 2 (distance 4 <= 4), read 0
dgx052:184:395 [2] NCCL INFO NET/IB : GPU Direct RDMA (DMABUF) enabled for HCA 3 'mlx5_4
dgx052:183:383 [1] NCCL INFO New proxy recv connection 18 from local rank 1, transport 2
dgx052:184:403 [2] NCCL INFO Channel 15/0 : 10[2] -> 2[2] [receive] via NET/IBext_v8/3/GDRDMA
dgx052:184:403 [2] NCCL INFO GPU Direct RDMA Enabled for GPU 52000 / HCA 3 (distance 4 <= 4), read 0
dgx052:183:404 [1] NCCL INFO Connected to proxy localRank 1 -> connection 0x7ef8fc0057b0
dgx052:182:393 [0] NCCL INFO NET/IB : GPU Direct RDMA (DMABUF) enabled for HCA 0 'mlx5_0
dgx052:183:383 [1] NCCL INFO NET/IB : GPU Direct RDMA (DMABUF) enabled for HCA 2 'mlx5_3
dgx052:184:395 [2] NCCL INFO New proxy recv connection 16 from local rank 2, transport 2
dgx052:183:404 [1] NCCL INFO Channel 18/0 : 9[1] -> 1[1] [receive] via NET/IBext_v8/2/GDRDMA
dgx052:183:404 [1] NCCL INFO GPU Direct RDMA Enabled for GPU 43000 / HCA 2 (distance 4 <= 4), read 0
dgx052:184:403 [2] NCCL INFO Connected to proxy localRank 2 -> connection 0x7f35940056c0
dgx052:182:401 [0] NCCL INFO Channel 14/0 : 8[0] -> 0[0] [receive] via NET/IBext_v8/0/GDRDMA
dgx052:182:401 [0] NCCL INFO GPU Direct RDMA Enabled for GPU 1b000 / HCA 0 (distance 4 <= 4), read 0
dgx052:183:383 [1] NCCL INFO New proxy recv connection 19 from local rank 1, transport 2
dgx052:183:404 [1] NCCL INFO Connected to proxy localRank 1 -> connection 0x7ef8fc005828
dgx052:184:395 [2] NCCL INFO NET/IB : GPU Direct RDMA (DMABUF) enabled for HCA 3 'mlx5_4
dgx052:183:383 [1] NCCL INFO NET/IB : GPU Direct RDMA (DMABUF) enabled for HCA 2 'mlx5_3
dgx052:184:403 [2] NCCL INFO Channel 16/0 : 10[2] -> 2[2] [receive] via NET/IBext_v8/3/GDRDMA
dgx052:184:403 [2] NCCL INFO GPU Direct RDMA Enabled for GPU 52000 / HCA 3 (distance 4 <= 4), read 0
dgx052:182:393 [0] NCCL INFO New proxy recv connection 15 from local rank 0, transport 2
dgx052:183:404 [1] NCCL INFO Channel 19/0 : 9[1] -> 1[1] [receive] via NET/IBext_v8/2/GDRDMA
dgx052:183:404 [1] NCCL INFO GPU Direct RDMA Enabled for GPU 43000 / HCA 2 (distance 4 <= 4), read 0
dgx052:182:401 [0] NCCL INFO Connected to proxy localRank 0 -> connection 0x7fccdc005648
dgx052:183:383 [1] NCCL INFO New proxy recv connection 20 from local rank 1, transport 2
dgx052:184:395 [2] NCCL INFO New proxy recv connection 17 from local rank 2, transport 2
dgx052:183:404 [1] NCCL INFO Connected to proxy localRank 1 -> connection 0x7ef8fc0058a0
dgx052:184:403 [2] NCCL INFO Connected to proxy localRank 2 -> connection 0x7f3594005738
dgx052:183:383 [1] NCCL INFO NET/IB : GPU Direct RDMA (DMABUF) enabled for HCA 2 'mlx5_3
dgx052:183:404 [1] NCCL INFO Channel 20/0 : 9[1] -> 1[1] [receive] via NET/IBext_v8/2/GDRDMA
dgx052:183:404 [1] NCCL INFO GPU Direct RDMA Enabled for GPU 43000 / HCA 2 (distance 4 <= 4), read 0
dgx052:184:395 [2] NCCL INFO NET/IB : GPU Direct RDMA (DMABUF) enabled for HCA 3 'mlx5_4
dgx052:182:393 [0] NCCL INFO NET/IB : GPU Direct RDMA (DMABUF) enabled for HCA 0 'mlx5_0
dgx052:183:383 [1] NCCL INFO New proxy recv connection 21 from local rank 1, transport 2
dgx052:184:403 [2] NCCL INFO Channel 17/0 : 10[2] -> 2[2] [receive] via NET/IBext_v8/3/GDRDMA
dgx052:184:403 [2] NCCL INFO GPU Direct RDMA Enabled for GPU 52000 / HCA 3 (distance 4 <= 4), read 0
dgx052:183:404 [1] NCCL INFO Connected to proxy localRank 1 -> connection 0x7ef8fc005918
dgx052:182:401 [0] NCCL INFO Channel 15/0 : 8[0] -> 0[0] [receive] via NET/IBext_v8/0/GDRDMA
dgx052:182:401 [0] NCCL INFO GPU Direct RDMA Enabled for GPU 1b000 / HCA 0 (distance 4 <= 4), read 0
dgx052:183:383 [1] NCCL INFO NET/IB : GPU Direct RDMA (DMABUF) enabled for HCA 2 'mlx5_3
dgx052:184:395 [2] NCCL INFO New proxy recv connection 18 from local rank 2, transport 2
dgx052:183:404 [1] NCCL INFO Channel 21/0 : 9[1] -> 1[1] [receive] via NET/IBext_v8/2/GDRDMA
dgx052:183:404 [1] NCCL INFO GPU Direct RDMA Enabled for GPU 43000 / HCA 2 (distance 4 <= 4), read 0
dgx052:184:403 [2] NCCL INFO Connected to proxy localRank 2 -> connection 0x7f35940057b0
dgx052:183:383 [1] NCCL INFO New proxy recv connection 22 from local rank 1, transport 2
dgx052:183:404 [1] NCCL INFO Connected to proxy localRank 1 -> connection 0x7ef8fc005990
dgx052:182:393 [0] NCCL INFO New proxy recv connection 16 from local rank 0, transport 2
dgx052:184:395 [2] NCCL INFO NET/IB : GPU Direct RDMA (DMABUF) enabled for HCA 3 'mlx5_4
dgx052:182:401 [0] NCCL INFO Connected to proxy localRank 0 -> connection 0x7fccdc0056c0
dgx052:184:403 [2] NCCL INFO Channel 18/0 : 10[2] -> 2[2] [receive] via NET/IBext_v8/3/GDRDMA
dgx052:183:383 [1] NCCL INFO NET/IB : GPU Direct RDMA (DMABUF) enabled for HCA 2 'mlx5_3
dgx052:184:403 [2] NCCL INFO GPU Direct RDMA Enabled for GPU 52000 / HCA 3 (distance 4 <= 4), read 0
dgx052:183:404 [1] NCCL INFO Channel 22/0 : 9[1] -> 1[1] [receive] via NET/IBext_v8/2/GDRDMA
dgx052:183:404 [1] NCCL INFO GPU Direct RDMA Enabled for GPU 43000 / HCA 2 (distance 4 <= 4), read 0
dgx052:184:395 [2] NCCL INFO New proxy recv connection 19 from local rank 2, transport 2
dgx052:183:383 [1] NCCL INFO New proxy recv connection 23 from local rank 1, transport 2
dgx052:184:403 [2] NCCL INFO Connected to proxy localRank 2 -> connection 0x7f3594005828
dgx052:183:404 [1] NCCL INFO Connected to proxy localRank 1 -> connection 0x7ef8fc005a08
dgx052:183:383 [1] NCCL INFO NET/IB : GPU Direct RDMA (DMABUF) enabled for HCA 2 'mlx5_3
dgx052:184:395 [2] NCCL INFO NET/IB : GPU Direct RDMA (DMABUF) enabled for HCA 3 'mlx5_4
dgx052:183:404 [1] NCCL INFO Channel 23/0 : 9[1] -> 1[1] [receive] via NET/IBext_v8/2/GDRDMA
dgx052:183:404 [1] NCCL INFO GPU Direct RDMA Enabled for GPU 43000 / HCA 2 (distance 4 <= 4), read 0
dgx052:184:403 [2] NCCL INFO Channel 19/0 : 10[2] -> 2[2] [receive] via NET/IBext_v8/3/GDRDMA
dgx052:184:403 [2] NCCL INFO GPU Direct RDMA Enabled for GPU 52000 / HCA 3 (distance 4 <= 4), read 0
dgx052:183:383 [1] NCCL INFO New proxy recv connection 24 from local rank 1, transport 2
dgx052:183:404 [1] NCCL INFO Connected to proxy localRank 1 -> connection 0x7ef8fc005a80
dgx052:184:395 [2] NCCL INFO New proxy recv connection 20 from local rank 2, transport 2
dgx052:183:383 [1] NCCL INFO NET/IB : GPU Direct RDMA (DMABUF) enabled for HCA 2 'mlx5_3
dgx052:184:403 [2] NCCL INFO Connected to proxy localRank 2 -> connection 0x7f35940058a0
dgx052:183:404 [1] NCCL INFO Channel 24/0 : 9[1] -> 1[1] [receive] via NET/IBext_v8/2/GDRDMA
dgx052:183:404 [1] NCCL INFO GPU Direct RDMA Enabled for GPU 43000 / HCA 2 (distance 4 <= 4), read 0
dgx052:184:395 [2] NCCL INFO NET/IB : GPU Direct RDMA (DMABUF) enabled for HCA 3 'mlx5_4
dgx052:183:383 [1] NCCL INFO New proxy recv connection 25 from local rank 1, transport 2
dgx052:183:404 [1] NCCL INFO Connected to proxy localRank 1 -> connection 0x7ef8fc005af8
dgx052:184:403 [2] NCCL INFO Channel 20/0 : 10[2] -> 2[2] [receive] via NET/IBext_v8/3/GDRDMA
dgx052:184:403 [2] NCCL INFO GPU Direct RDMA Enabled for GPU 52000 / HCA 3 (distance 4 <= 4), read 0
dgx052:182:393 [0] NCCL INFO NET/IB : GPU Direct RDMA (DMABUF) enabled for HCA 0 'mlx5_0
dgx052:183:383 [1] NCCL INFO NET/IB : GPU Direct RDMA (DMABUF) enabled for HCA 2 'mlx5_3
dgx052:184:395 [2] NCCL INFO New proxy recv connection 21 from local rank 2, transport 2
dgx052:183:404 [1] NCCL INFO Channel 25/0 : 9[1] -> 1[1] [receive] via NET/IBext_v8/2/GDRDMA
dgx052:183:404 [1] NCCL INFO GPU Direct RDMA Enabled for GPU 43000 / HCA 2 (distance 4 <= 4), read 0
dgx052:184:403 [2] NCCL INFO Connected to proxy localRank 2 -> connection 0x7f3594005918
dgx052:182:401 [0] NCCL INFO Channel 16/0 : 8[0] -> 0[0] [receive] via NET/IBext_v8/0/GDRDMA
dgx052:182:401 [0] NCCL INFO GPU Direct RDMA Enabled for GPU 1b000 / HCA 0 (distance 4 <= 4), read 0
dgx052:183:383 [1] NCCL INFO New proxy recv connection 26 from local rank 1, transport 2
dgx052:183:404 [1] NCCL INFO Connected to proxy localRank 1 -> connection 0x7ef8fc005b70
dgx052:184:395 [2] NCCL INFO NET/IB : GPU Direct RDMA (DMABUF) enabled for HCA 3 'mlx5_4
dgx052:183:383 [1] NCCL INFO NET/IB : GPU Direct RDMA (DMABUF) enabled for HCA 2 'mlx5_3
dgx052:184:403 [2] NCCL INFO Channel 21/0 : 10[2] -> 2[2] [receive] via NET/IBext_v8/3/GDRDMA
dgx052:184:403 [2] NCCL INFO GPU Direct RDMA Enabled for GPU 52000 / HCA 3 (distance 4 <= 4), read 0
dgx052:183:404 [1] NCCL INFO Channel 26/0 : 9[1] -> 1[1] [receive] via NET/IBext_v8/2/GDRDMA
dgx052:183:404 [1] NCCL INFO GPU Direct RDMA Enabled for GPU 43000 / HCA 2 (distance 4 <= 4), read 0
dgx052:184:395 [2] NCCL INFO New proxy recv connection 22 from local rank 2, transport 2
dgx052:183:383 [1] NCCL INFO New proxy recv connection 27 from local rank 1, transport 2
dgx052:184:403 [2] NCCL INFO Connected to proxy localRank 2 -> connection 0x7f3594005990
dgx052:183:404 [1] NCCL INFO Connected to proxy localRank 1 -> connection 0x7ef8fc005be8
dgx052:183:383 [1] NCCL INFO NET/IB : GPU Direct RDMA (DMABUF) enabled for HCA 2 'mlx5_3
dgx052:184:395 [2] NCCL INFO NET/IB : GPU Direct RDMA (DMABUF) enabled for HCA 3 'mlx5_4
dgx052:183:404 [1] NCCL INFO Channel 27/0 : 9[1] -> 1[1] [receive] via NET/IBext_v8/2/GDRDMA
dgx052:183:404 [1] NCCL INFO GPU Direct RDMA Enabled for GPU 43000 / HCA 2 (distance 4 <= 4), read 1
dgx052:184:403 [2] NCCL INFO Channel 22/0 : 10[2] -> 2[2] [receive] via NET/IBext_v8/3/GDRDMA
dgx052:184:403 [2] NCCL INFO GPU Direct RDMA Enabled for GPU 52000 / HCA 3 (distance 4 <= 4), read 0
dgx052:183:383 [1] NCCL INFO New proxy send connection 28 from local rank 1, transport 2
dgx052:183:404 [1] NCCL INFO Connected to proxy localRank 1 -> connection 0x7ef8fc005c60
dgx052:184:395 [2] NCCL INFO New proxy recv connection 23 from local rank 2, transport 2
dgx052:183:383 [1] NCCL INFO NET/IB : GPU Direct RDMA (DMABUF) enabled for HCA 2 'mlx5_3
dgx052:184:403 [2] NCCL INFO Connected to proxy localRank 2 -> connection 0x7f3594005a08
dgx052:182:393 [0] NCCL INFO New proxy recv connection 17 from local rank 0, transport 2
dgx052:183:404 [1] NCCL INFO Channel 00/0 : 1[1] -> 9[1] [send] via NET/IBext_v8/2/GDRDMA
dgx052:183:404 [1] NCCL INFO GPU Direct RDMA Enabled for GPU 43000 / HCA 2 (distance 4 <= 4), read 1
dgx052:183:383 [1] NCCL INFO New proxy send connection 29 from local rank 1, transport 2
dgx052:182:401 [0] NCCL INFO Connected to proxy localRank 0 -> connection 0x7fccdc005738
dgx052:184:395 [2] NCCL INFO NET/IB : GPU Direct RDMA (DMABUF) enabled for HCA 3 'mlx5_4
dgx052:183:404 [1] NCCL INFO Connected to proxy localRank 1 -> connection 0x7ef8fc005cd8
dgx052:184:403 [2] NCCL INFO Channel 23/0 : 10[2] -> 2[2] [receive] via NET/IBext_v8/3/GDRDMA
dgx052:184:403 [2] NCCL INFO GPU Direct RDMA Enabled for GPU 52000 / HCA 3 (distance 4 <= 4), read 0
dgx052:183:383 [1] NCCL INFO NET/IB : GPU Direct RDMA (DMABUF) enabled for HCA 2 'mlx5_3
dgx052:183:404 [1] NCCL INFO Channel 01/0 : 1[1] -> 9[1] [send] via NET/IBext_v8/2/GDRDMA
dgx052:183:404 [1] NCCL INFO GPU Direct RDMA Enabled for GPU 43000 / HCA 2 (distance 4 <= 4), read 1
dgx052:184:395 [2] NCCL INFO New proxy recv connection 24 from local rank 2, transport 2
dgx052:183:383 [1] NCCL INFO New proxy send connection 30 from local rank 1, transport 2
dgx052:184:403 [2] NCCL INFO Connected to proxy localRank 2 -> connection 0x7f3594005a80
dgx052:183:404 [1] NCCL INFO Connected to proxy localRank 1 -> connection 0x7ef8fc005d50
dgx052:184:395 [2] NCCL INFO NET/IB : GPU Direct RDMA (DMABUF) enabled for HCA 3 'mlx5_4
dgx052:183:383 [1] NCCL INFO NET/IB : GPU Direct RDMA (DMABUF) enabled for HCA 2 'mlx5_3
dgx052:183:404 [1] NCCL INFO Channel 02/0 : 1[1] -> 9[1] [send] via NET/IBext_v8/2/GDRDMA
dgx052:183:404 [1] NCCL INFO GPU Direct RDMA Enabled for GPU 43000 / HCA 2 (distance 4 <= 4), read 1
dgx052:184:403 [2] NCCL INFO Channel 24/0 : 10[2] -> 2[2] [receive] via NET/IBext_v8/3/GDRDMA
dgx052:184:403 [2] NCCL INFO GPU Direct RDMA Enabled for GPU 52000 / HCA 3 (distance 4 <= 4), read 0
dgx052:183:383 [1] NCCL INFO New proxy send connection 31 from local rank 1, transport 2
dgx052:183:404 [1] NCCL INFO Connected to proxy localRank 1 -> connection 0x7ef8fc005dc8
dgx052:184:395 [2] NCCL INFO New proxy recv connection 25 from local rank 2, transport 2
dgx052:184:403 [2] NCCL INFO Connected to proxy localRank 2 -> connection 0x7f3594005af8
dgx052:183:383 [1] NCCL INFO NET/IB : GPU Direct RDMA (DMABUF) enabled for HCA 2 'mlx5_3
dgx052:183:404 [1] NCCL INFO Channel 03/0 : 1[1] -> 9[1] [send] via NET/IBext_v8/2/GDRDMA
dgx052:183:404 [1] NCCL INFO GPU Direct RDMA Enabled for GPU 43000 / HCA 2 (distance 4 <= 4), read 1
dgx052:183:383 [1] NCCL INFO New proxy send connection 32 from local rank 1, transport 2
dgx052:184:395 [2] NCCL INFO NET/IB : GPU Direct RDMA (DMABUF) enabled for HCA 3 'mlx5_4
dgx052:183:404 [1] NCCL INFO Connected to proxy localRank 1 -> connection 0x7ef8fc005e40
dgx052:184:403 [2] NCCL INFO Channel 25/0 : 10[2] -> 2[2] [receive] via NET/IBext_v8/3/GDRDMA
dgx052:184:403 [2] NCCL INFO GPU Direct RDMA Enabled for GPU 52000 / HCA 3 (distance 4 <= 4), read 0
dgx052:182:393 [0] NCCL INFO NET/IB : GPU Direct RDMA (DMABUF) enabled for HCA 0 'mlx5_0
dgx052:183:383 [1] NCCL INFO NET/IB : GPU Direct RDMA (DMABUF) enabled for HCA 2 'mlx5_3
dgx052:183:404 [1] NCCL INFO Channel 04/0 : 1[1] -> 9[1] [send] via NET/IBext_v8/2/GDRDMA
dgx052:183:404 [1] NCCL INFO GPU Direct RDMA Enabled for GPU 43000 / HCA 2 (distance 4 <= 4), read 1
dgx052:184:395 [2] NCCL INFO New proxy recv connection 26 from local rank 2, transport 2
dgx052:183:383 [1] NCCL INFO New proxy send connection 33 from local rank 1, transport 2
dgx052:184:403 [2] NCCL INFO Connected to proxy localRank 2 -> connection 0x7f3594005b70
dgx052:183:404 [1] NCCL INFO Connected to proxy localRank 1 -> connection 0x7ef8fc005eb8
dgx052:182:401 [0] NCCL INFO Channel 17/0 : 8[0] -> 0[0] [receive] via NET/IBext_v8/0/GDRDMA
dgx052:182:401 [0] NCCL INFO GPU Direct RDMA Enabled for GPU 1b000 / HCA 0 (distance 4 <= 4), read 0
dgx052:183:383 [1] NCCL INFO NET/IB : GPU Direct RDMA (DMABUF) enabled for HCA 2 'mlx5_3
dgx052:183:404 [1] NCCL INFO Channel 05/0 : 1[1] -> 9[1] [send] via NET/IBext_v8/2/GDRDMA
dgx052:183:404 [1] NCCL INFO GPU Direct RDMA Enabled for GPU 43000 / HCA 2 (distance 4 <= 4), read 1
dgx052:184:395 [2] NCCL INFO NET/IB : GPU Direct RDMA (DMABUF) enabled for HCA 3 'mlx5_4
dgx052:183:383 [1] NCCL INFO New proxy send connection 34 from local rank 1, transport 2
dgx052:184:403 [2] NCCL INFO Channel 26/0 : 10[2] -> 2[2] [receive] via NET/IBext_v8/3/GDRDMA
dgx052:184:403 [2] NCCL INFO GPU Direct RDMA Enabled for GPU 52000 / HCA 3 (distance 4 <= 4), read 0
dgx052:183:404 [1] NCCL INFO Connected to proxy localRank 1 -> connection 0x7ef8fc005f30
dgx052:183:383 [1] NCCL INFO NET/IB : GPU Direct RDMA (DMABUF) enabled for HCA 2 'mlx5_3
dgx052:183:404 [1] NCCL INFO Channel 06/0 : 1[1] -> 9[1] [send] via NET/IBext_v8/2/GDRDMA
dgx052:183:404 [1] NCCL INFO GPU Direct RDMA Enabled for GPU 43000 / HCA 2 (distance 4 <= 4), read 1
dgx052:184:395 [2] NCCL INFO New proxy recv connection 27 from local rank 2, transport 2
dgx052:184:403 [2] NCCL INFO Connected to proxy localRank 2 -> connection 0x7f3594005be8
dgx052:183:383 [1] NCCL INFO New proxy send connection 35 from local rank 1, transport 2
dgx052:183:404 [1] NCCL INFO Connected to proxy localRank 1 -> connection 0x7ef8fc005fa8
dgx052:184:395 [2] NCCL INFO NET/IB : GPU Direct RDMA (DMABUF) enabled for HCA 3 'mlx5_4
dgx052:183:383 [1] NCCL INFO NET/IB : GPU Direct RDMA (DMABUF) enabled for HCA 2 'mlx5_3
dgx052:183:404 [1] NCCL INFO Channel 07/0 : 1[1] -> 9[1] [send] via NET/IBext_v8/2/GDRDMA
dgx052:183:404 [1] NCCL INFO GPU Direct RDMA Enabled for GPU 43000 / HCA 2 (distance 4 <= 4), read 1
dgx052:184:403 [2] NCCL INFO Channel 27/0 : 10[2] -> 2[2] [receive] via NET/IBext_v8/3/GDRDMA
dgx052:184:403 [2] NCCL INFO GPU Direct RDMA Enabled for GPU 52000 / HCA 3 (distance 4 <= 4), read 1
dgx052:183:383 [1] NCCL INFO New proxy send connection 36 from local rank 1, transport 2
dgx052:183:404 [1] NCCL INFO Connected to proxy localRank 1 -> connection 0x7ef8fc006020
dgx052:182:393 [0] NCCL INFO New proxy recv connection 18 from local rank 0, transport 2
dgx052:184:395 [2] NCCL INFO New proxy send connection 28 from local rank 2, transport 2
dgx052:184:403 [2] NCCL INFO Connected to proxy localRank 2 -> connection 0x7f3594005c60
dgx052:183:383 [1] NCCL INFO NET/IB : GPU Direct RDMA (DMABUF) enabled for HCA 2 'mlx5_3
dgx052:182:401 [0] NCCL INFO Connected to proxy localRank 0 -> connection 0x7fccdc0057b0
dgx052:183:404 [1] NCCL INFO Channel 08/0 : 1[1] -> 9[1] [send] via NET/IBext_v8/2/GDRDMA
dgx052:183:404 [1] NCCL INFO GPU Direct RDMA Enabled for GPU 43000 / HCA 2 (distance 4 <= 4), read 1
dgx052:183:383 [1] NCCL INFO New proxy send connection 37 from local rank 1, transport 2
dgx052:184:395 [2] NCCL INFO NET/IB : GPU Direct RDMA (DMABUF) enabled for HCA 3 'mlx5_4
dgx052:183:404 [1] NCCL INFO Connected to proxy localRank 1 -> connection 0x7ef8fc006098
dgx052:184:403 [2] NCCL INFO Channel 00/0 : 2[2] -> 10[2] [send] via NET/IBext_v8/3/GDRDMA
dgx052:184:403 [2] NCCL INFO GPU Direct RDMA Enabled for GPU 52000 / HCA 3 (distance 4 <= 4), read 1
dgx052:182:393 [0] NCCL INFO NET/IB : GPU Direct RDMA (DMABUF) enabled for HCA 0 'mlx5_0
dgx052:183:383 [1] NCCL INFO NET/IB : GPU Direct RDMA (DMABUF) enabled for HCA 2 'mlx5_3
dgx052:183:404 [1] NCCL INFO Channel 09/0 : 1[1] -> 9[1] [send] via NET/IBext_v8/2/GDRDMA
dgx052:183:404 [1] NCCL INFO GPU Direct RDMA Enabled for GPU 43000 / HCA 2 (distance 4 <= 4), read 1
dgx052:184:395 [2] NCCL INFO New proxy send connection 29 from local rank 2, transport 2
dgx052:184:403 [2] NCCL INFO Connected to proxy localRank 2 -> connection 0x7f3594005cd8
dgx052:183:383 [1] NCCL INFO New proxy send connection 38 from local rank 1, transport 2
dgx052:182:401 [0] NCCL INFO Channel 18/0 : 8[0] -> 0[0] [receive] via NET/IBext_v8/0/GDRDMA
dgx052:182:401 [0] NCCL INFO GPU Direct RDMA Enabled for GPU 1b000 / HCA 0 (distance 4 <= 4), read 0
dgx052:183:404 [1] NCCL INFO Connected to proxy localRank 1 -> connection 0x7ef8fc006110
dgx052:183:383 [1] NCCL INFO NET/IB : GPU Direct RDMA (DMABUF) enabled for HCA 2 'mlx5_3
dgx052:182:393 [0] NCCL INFO New proxy recv connection 19 from local rank 0, transport 2
dgx052:184:395 [2] NCCL INFO NET/IB : GPU Direct RDMA (DMABUF) enabled for HCA 3 'mlx5_4
dgx052:183:404 [1] NCCL INFO Channel 10/0 : 1[1] -> 9[1] [send] via NET/IBext_v8/2/GDRDMA
dgx052:183:404 [1] NCCL INFO GPU Direct RDMA Enabled for GPU 43000 / HCA 2 (distance 4 <= 4), read 1
