dgx052:186:292 [4] NCCL INFO CollNetDirect channel 10 rank 4 down  0  1  2  3  5  6  7 nDown 7 up  0  1  2  3  5  6  7 heads  4  5  6  7  0  1  2  3 nUp 7 nHeads 8 headRank 4 out 16 shift 4
dgx052:187:291 [5] NCCL INFO CollNetDirect channel 10 rank 5 down  0  1  2  3  4  6  7 nDown 7 up  0  1  2  3  4  6  7 heads  5  6  7  0  1  2  3  4 nUp 7 nHeads 8 headRank 5 out 16 shift 5
dgx052:189:288 [7] NCCL INFO NVLS Head  3:  3 11
dgx052:184:293 [2] NCCL INFO CollNetDirect channel 6 rank 2 down  0  1  3  4  5  6  7 nDown 7 up  0  1  3  4  5  6  7 heads  2  3  4  5  6  7  0  1 nUp 7 nHeads 8 headRank 2 out 16 shift 2
dgx052:188:289 [6] NCCL INFO NCCL_MAX_NCHANNELS set by environment to 32.
dgx052:185:290 [3] NCCL INFO CollNetDirect channel 10 rank 3 down  0  1  2  4  5  6  7 nDown 7 up  0  1  2  4  5  6  7 heads  3  4  5  6  7  0  1  2 nUp 7 nHeads 8 headRank 3 out 16 shift 3
dgx052:189:288 [7] NCCL INFO NVLS Head  4:  4 12
dgx052:186:292 [4] NCCL INFO CollNetDirect channel 11 rank 4 down  0  1  2  3  5  6  7 nDown 7 up  0  1  2  3  5  6  7 heads  4  5  6  7  0  1  2  3 nUp 7 nHeads 8 headRank 4 out 16 shift 4
dgx052:187:291 [5] NCCL INFO CollNetDirect channel 11 rank 5 down  0  1  2  3  4  6  7 nDown 7 up  0  1  2  3  4  6  7 heads  5  6  7  0  1  2  3  4 nUp 7 nHeads 8 headRank 5 out 16 shift 5
dgx052:184:293 [2] NCCL INFO CollNetDirect channel 7 rank 2 down  0  1  3  4  5  6  7 nDown 7 up  0  1  3  4  5  6  7 heads  2  3  4  5  6  7  0  1 nUp 7 nHeads 8 headRank 2 out 16 shift 2
dgx052:188:289 [6] NCCL INFO NCCL_MIN_NCHANNELS set by environment to 16.
dgx052:189:288 [7] NCCL INFO NVLS Head  5:  5 13
dgx052:185:290 [3] NCCL INFO CollNetDirect channel 11 rank 3 down  0  1  2  4  5  6  7 nDown 7 up  0  1  2  4  5  6  7 heads  3  4  5  6  7  0  1  2 nUp 7 nHeads 8 headRank 3 out 16 shift 3
dgx052:186:292 [4] NCCL INFO CollNetDirect channel 12 rank 4 down  0  1  2  3  5  6  7 nDown 7 up  0  1  2  3  5  6  7 heads  4  5  6  7  0  1  2  3 nUp 7 nHeads 8 headRank 4 out 16 shift 4
dgx052:189:288 [7] NCCL INFO NVLS Head  6:  6 14
dgx052:184:293 [2] NCCL INFO CollNetDirect channel 8 rank 2 down  0  1  3  4  5  6  7 nDown 7 up  0  1  3  4  5  6  7 heads  2  3  4  5  6  7  0  1 nUp 7 nHeads 8 headRank 2 out 16 shift 2
dgx052:187:291 [5] NCCL INFO CollNetDirect channel 12 rank 5 down  0  1  2  3  4  6  7 nDown 7 up  0  1  2  3  4  6  7 heads  5  6  7  0  1  2  3  4 nUp 7 nHeads 8 headRank 5 out 16 shift 5
dgx052:189:288 [7] NCCL INFO NVLS Head  7:  7 15
dgx052:188:289 [6] NCCL INFO NVLS Head  0:  0  8
dgx052:186:292 [4] NCCL INFO CollNetDirect channel 13 rank 4 down  0  1  2  3  5  6  7 nDown 7 up  0  1  2  3  5  6  7 heads  4  5  6  7  0  1  2  3 nUp 7 nHeads 8 headRank 4 out 16 shift 4
dgx052:185:290 [3] NCCL INFO CollNetDirect channel 12 rank 3 down  0  1  2  4  5  6  7 nDown 7 up  0  1  2  4  5  6  7 heads  3  4  5  6  7  0  1  2 nUp 7 nHeads 8 headRank 3 out 16 shift 3
dgx052:184:293 [2] NCCL INFO CollNetDirect channel 9 rank 2 down  0  1  3  4  5  6  7 nDown 7 up  0  1  3  4  5  6  7 heads  2  3  4  5  6  7  0  1 nUp 7 nHeads 8 headRank 2 out 16 shift 2
dgx052:187:291 [5] NCCL INFO CollNetDirect channel 13 rank 5 down  0  1  2  3  4  6  7 nDown 7 up  0  1  2  3  4  6  7 heads  5  6  7  0  1  2  3  4 nUp 7 nHeads 8 headRank 5 out 16 shift 5
dgx052:188:289 [6] NCCL INFO NVLS Head  1:  1  9
dgx052:189:288 [7] NCCL INFO NVLS Trees : 24/15/-1->7->-1 24/-1/-1->7->15
dgx052:186:292 [4] NCCL INFO CollNetDirect channel 14 rank 4 down  0  1  2  3  5  6  7 nDown 7 up  0  1  2  3  5  6  7 heads  4  5  6  7  0  1  2  3 nUp 7 nHeads 8 headRank 4 out 16 shift 4
dgx052:185:290 [3] NCCL INFO CollNetDirect channel 13 rank 3 down  0  1  2  4  5  6  7 nDown 7 up  0  1  2  4  5  6  7 heads  3  4  5  6  7  0  1  2 nUp 7 nHeads 8 headRank 3 out 16 shift 3
dgx052:188:289 [6] NCCL INFO NVLS Head  2:  2 10
dgx052:184:293 [2] NCCL INFO CollNetDirect channel 10 rank 2 down  0  1  3  4  5  6  7 nDown 7 up  0  1  3  4  5  6  7 heads  2  3  4  5  6  7  0  1 nUp 7 nHeads 8 headRank 2 out 16 shift 2
dgx052:187:291 [5] NCCL INFO CollNetDirect channel 14 rank 5 down  0  1  2  3  4  6  7 nDown 7 up  0  1  2  3  4  6  7 heads  5  6  7  0  1  2  3  4 nUp 7 nHeads 8 headRank 5 out 16 shift 5
dgx052:186:292 [4] NCCL INFO NCCL_MAX_NCHANNELS set by environment to 32.
dgx052:188:289 [6] NCCL INFO NVLS Head  3:  3 11
dgx052:185:290 [3] NCCL INFO CollNetDirect channel 14 rank 3 down  0  1  2  4  5  6  7 nDown 7 up  0  1  2  4  5  6  7 heads  3  4  5  6  7  0  1  2 nUp 7 nHeads 8 headRank 3 out 16 shift 3
dgx052:188:289 [6] NCCL INFO NVLS Head  4:  4 12
dgx052:186:292 [4] NCCL INFO NCCL_MIN_NCHANNELS set by environment to 16.
dgx052:184:293 [2] NCCL INFO CollNetDirect channel 11 rank 2 down  0  1  3  4  5  6  7 nDown 7 up  0  1  3  4  5  6  7 heads  2  3  4  5  6  7  0  1 nUp 7 nHeads 8 headRank 2 out 16 shift 2
dgx052:187:291 [5] NCCL INFO NCCL_MAX_NCHANNELS set by environment to 32.
dgx052:185:290 [3] NCCL INFO NCCL_MAX_NCHANNELS set by environment to 32.
dgx052:186:292 [4] NCCL INFO NVLS Head  0:  0  8
dgx052:189:288 [7] NCCL INFO Ring 00 : 0 -> 7 -> 6
dgx052:188:289 [6] NCCL INFO NVLS Head  5:  5 13
dgx052:184:293 [2] NCCL INFO CollNetDirect channel 12 rank 2 down  0  1  3  4  5  6  7 nDown 7 up  0  1  3  4  5  6  7 heads  2  3  4  5  6  7  0  1 nUp 7 nHeads 8 headRank 2 out 16 shift 2
dgx052:187:291 [5] NCCL INFO NCCL_MIN_NCHANNELS set by environment to 16.
dgx052:186:292 [4] NCCL INFO NVLS Head  1:  1  9
dgx052:185:290 [3] NCCL INFO NCCL_MIN_NCHANNELS set by environment to 16.
dgx052:189:288 [7] NCCL INFO Ring 01 : 0 -> 7 -> 6
dgx052:188:289 [6] NCCL INFO NVLS Head  6:  6 14
dgx052:187:291 [5] NCCL INFO NVLS Head  0:  0  8
dgx052:186:292 [4] NCCL INFO NVLS Head  2:  2 10
dgx052:184:293 [2] NCCL INFO CollNetDirect channel 13 rank 2 down  0  1  3  4  5  6  7 nDown 7 up  0  1  3  4  5  6  7 heads  2  3  4  5  6  7  0  1 nUp 7 nHeads 8 headRank 2 out 16 shift 2
dgx052:185:290 [3] NCCL INFO NVLS Head  0:  0  8
dgx052:189:288 [7] NCCL INFO Ring 02 : 0 -> 7 -> 6
dgx052:188:289 [6] NCCL INFO NVLS Head  7:  7 15
dgx052:187:291 [5] NCCL INFO NVLS Head  1:  1  9
dgx052:185:290 [3] NCCL INFO NVLS Head  1:  1  9
dgx052:186:292 [4] NCCL INFO NVLS Head  3:  3 11
dgx052:189:288 [7] NCCL INFO Ring 03 : 0 -> 7 -> 6
dgx052:184:293 [2] NCCL INFO CollNetDirect channel 14 rank 2 down  0  1  3  4  5  6  7 nDown 7 up  0  1  3  4  5  6  7 heads  2  3  4  5  6  7  0  1 nUp 7 nHeads 8 headRank 2 out 16 shift 2
dgx052:188:289 [6] NCCL INFO NVLS Trees : 23/14/-1->6->-1 23/-1/-1->6->14
dgx052:187:291 [5] NCCL INFO NVLS Head  2:  2 10
dgx052:185:290 [3] NCCL INFO NVLS Head  2:  2 10
dgx052:186:292 [4] NCCL INFO NVLS Head  4:  4 12
dgx052:189:288 [7] NCCL INFO Ring 04 : 0 -> 7 -> 6
dgx052:184:293 [2] NCCL INFO NCCL_MAX_NCHANNELS set by environment to 32.
dgx052:187:291 [5] NCCL INFO NVLS Head  3:  3 11
dgx052:185:290 [3] NCCL INFO NVLS Head  3:  3 11
dgx052:186:292 [4] NCCL INFO NVLS Head  5:  5 13
dgx052:189:288 [7] NCCL INFO Ring 05 : 0 -> 7 -> 6
dgx052:184:293 [2] NCCL INFO NCCL_MIN_NCHANNELS set by environment to 16.
dgx052:187:291 [5] NCCL INFO NVLS Head  4:  4 12
dgx052:188:289 [6] NCCL INFO Ring 00 : 7 -> 6 -> 5
dgx052:185:290 [3] NCCL INFO NVLS Head  4:  4 12
dgx052:189:288 [7] NCCL INFO Ring 06 : 0 -> 7 -> 6
dgx052:186:292 [4] NCCL INFO NVLS Head  6:  6 14
dgx052:184:293 [2] NCCL INFO NVLS Head  0:  0  8
dgx052:188:289 [6] NCCL INFO Ring 01 : 7 -> 6 -> 5
dgx052:187:291 [5] NCCL INFO NVLS Head  5:  5 13
dgx052:185:290 [3] NCCL INFO NVLS Head  5:  5 13
dgx052:189:288 [7] NCCL INFO Ring 07 : 0 -> 7 -> 6
dgx052:186:292 [4] NCCL INFO NVLS Head  7:  7 15
dgx052:184:293 [2] NCCL INFO NVLS Head  1:  1  9
dgx052:188:289 [6] NCCL INFO Ring 02 : 7 -> 6 -> 5
dgx052:187:291 [5] NCCL INFO NVLS Head  6:  6 14
dgx052:184:293 [2] NCCL INFO NVLS Head  2:  2 10
dgx052:185:290 [3] NCCL INFO NVLS Head  6:  6 14
dgx052:188:289 [6] NCCL INFO Ring 03 : 7 -> 6 -> 13
dgx052:189:288 [7] NCCL INFO Ring 08 : 0 -> 7 -> 6
dgx052:186:292 [4] NCCL INFO NVLS Trees : 21/12/-1->4->-1 21/-1/-1->4->12
dgx052:187:291 [5] NCCL INFO NVLS Head  7:  7 15
dgx052:184:293 [2] NCCL INFO NVLS Head  3:  3 11
dgx052:185:290 [3] NCCL INFO NVLS Head  7:  7 15
dgx052:188:289 [6] NCCL INFO Ring 04 : 7 -> 6 -> 5
dgx052:189:288 [7] NCCL INFO Ring 09 : 0 -> 7 -> 6
dgx052:184:293 [2] NCCL INFO NVLS Head  4:  4 12
dgx052:187:291 [5] NCCL INFO NVLS Trees : 22/13/-1->5->-1 22/-1/-1->5->13
dgx052:188:289 [6] NCCL INFO Ring 05 : 7 -> 6 -> 5
dgx052:189:288 [7] NCCL INFO Ring 10 : 0 -> 7 -> 6
dgx052:185:290 [3] NCCL INFO NVLS Trees : 20/11/-1->3->-1 20/-1/-1->3->11
dgx052:184:293 [2] NCCL INFO NVLS Head  5:  5 13
dgx052:188:289 [6] NCCL INFO Ring 06 : 7 -> 6 -> 5
dgx052:186:292 [4] NCCL INFO Ring 00 : 5 -> 4 -> 3
dgx052:189:288 [7] NCCL INFO Ring 11 : 0 -> 7 -> 6
dgx052:184:293 [2] NCCL INFO NVLS Head  6:  6 14
dgx052:188:289 [6] NCCL INFO Ring 07 : 7 -> 6 -> 5
dgx052:186:292 [4] NCCL INFO Ring 01 : 5 -> 4 -> 3
dgx052:189:288 [7] NCCL INFO Ring 12 : 0 -> 7 -> 6
dgx052:184:293 [2] NCCL INFO NVLS Head  7:  7 15
dgx052:188:289 [6] NCCL INFO Ring 08 : 7 -> 6 -> 13
dgx052:189:288 [7] NCCL INFO Ring 13 : 0 -> 7 -> 6
dgx052:186:292 [4] NCCL INFO Ring 02 : 13 -> 4 -> 3
dgx052:187:291 [5] NCCL INFO Ring 00 : 6 -> 5 -> 4
dgx052:185:290 [3] NCCL INFO Ring 00 : 4 -> 3 -> 2
dgx052:184:293 [2] NCCL INFO NVLS Trees : 19/10/-1->2->-1 19/-1/-1->2->10
dgx052:188:289 [6] NCCL INFO Ring 09 : 7 -> 6 -> 5
dgx052:186:292 [4] NCCL INFO Ring 03 : 5 -> 4 -> 3
dgx052:189:288 [7] NCCL INFO Ring 14 : 0 -> 7 -> 6
dgx052:187:291 [5] NCCL INFO Ring 01 : 6 -> 5 -> 4
dgx052:185:290 [3] NCCL INFO Ring 01 : 4 -> 3 -> 10
dgx052:186:292 [4] NCCL INFO Ring 04 : 5 -> 4 -> 11
dgx052:188:289 [6] NCCL INFO Ring 10 : 7 -> 6 -> 5
dgx052:187:291 [5] NCCL INFO Ring 02 : 6 -> 5 -> 12
dgx052:189:288 [7] NCCL INFO Ring 15 : 0 -> 7 -> 6
dgx052:185:290 [3] NCCL INFO Ring 02 : 4 -> 3 -> 2
dgx052:186:292 [4] NCCL INFO Ring 05 : 5 -> 4 -> 3
dgx052:188:289 [6] NCCL INFO Ring 11 : 7 -> 6 -> 5
dgx052:184:293 [2] NCCL INFO Ring 00 : 3 -> 2 -> 9
dgx052:187:291 [5] NCCL INFO Ring 03 : 14 -> 5 -> 4
dgx052:188:289 [6] NCCL INFO Ring 12 : 7 -> 6 -> 5
dgx052:187:291 [5] NCCL INFO Ring 04 : 6 -> 5 -> 4
dgx052:189:288 [7] NCCL INFO Trees [0] 0/-1/-1->7->6 [1] 0/-1/-1->7->6 [2] 0/-1/-1->7->6 [3] 0/-1/-1->7->6 [4] 6/-1/-1->7->0 [5] 0/-1/-1->7->6 [6] 0/-1/-1->7->6 [7] 0/-1/-1->7->6 [8] 0/-1/-1->7->6 [9] 6/-1/-1->7->0 [10] 0/-1/-1->7->6 [11] 0/-1/-1->7->6 [12] 0/-1/-1->7->6 [13] 0/-1/-1->7->6 [14] 6/-1/-1->7->0 [15] 0/-1/-1->7->6
dgx052:185:290 [3] NCCL INFO Ring 03 : 4 -> 3 -> 2
dgx052:187:291 [5] NCCL INFO Ring 05 : 6 -> 5 -> 4
dgx052:189:288 [7] NCCL INFO NCCL_BUFFSIZE set by environment to 16777216.
dgx052:186:292 [4] NCCL INFO Ring 06 : 5 -> 4 -> 3
dgx052:184:293 [2] NCCL INFO Ring 01 : 11 -> 2 -> 1
dgx052:187:291 [5] NCCL INFO Ring 06 : 6 -> 5 -> 4
dgx052:188:289 [6] NCCL INFO Ring 13 : 7 -> 6 -> 13
dgx052:185:290 [3] NCCL INFO Ring 04 : 12 -> 3 -> 2
dgx052:189:288 [7] NCCL INFO NCCL_P2P_NET_CHUNKSIZE set by environment to 524288.
dgx052:186:292 [4] NCCL INFO Ring 07 : 13 -> 4 -> 3
dgx052:185:290 [3] NCCL INFO Ring 05 : 4 -> 3 -> 2
dgx052:184:293 [2] NCCL INFO Ring 02 : 3 -> 2 -> 1
dgx052:186:292 [4] NCCL INFO Ring 08 : 5 -> 4 -> 3
dgx052:185:290 [3] NCCL INFO Ring 06 : 4 -> 3 -> 10
dgx052:187:291 [5] NCCL INFO Ring 07 : 6 -> 5 -> 12
dgx052:188:289 [6] NCCL INFO Ring 14 : 7 -> 6 -> 5
dgx052:189:288 [7] NCCL INFO P2P Chunksize set to 524288
dgx052:184:293 [2] NCCL INFO Ring 03 : 3 -> 2 -> 1
dgx052:188:289 [6] NCCL INFO Ring 15 : 7 -> 6 -> 5
dgx052:186:292 [4] NCCL INFO Ring 09 : 5 -> 4 -> 11
dgx052:185:290 [3] NCCL INFO Ring 07 : 4 -> 3 -> 2
dgx052:184:293 [2] NCCL INFO Ring 04 : 3 -> 2 -> 1
dgx052:188:289 [6] NCCL INFO Trees [0] 7/-1/-1->6->5 [1] 7/-1/-1->6->5 [2] 7/-1/-1->6->5 [3] 7/-1/-1->6->5 [4] -1/-1/-1->6->7 [5] 7/-1/-1->6->5 [6] 7/-1/-1->6->5 [7] 7/-1/-1->6->5 [8] 7/-1/-1->6->5 [9] -1/-1/-1->6->7 [10] 7/-1/-1->6->5 [11] 7/-1/-1->6->5 [12] 7/-1/-1->6->5 [13] 7/-1/-1->6->5 [14] -1/-1/-1->6->7 [15] 7/-1/-1->6->5
dgx052:186:292 [4] NCCL INFO Ring 10 : 5 -> 4 -> 3
dgx052:187:291 [5] NCCL INFO Ring 08 : 14 -> 5 -> 4
dgx052:185:290 [3] NCCL INFO Ring 08 : 4 -> 3 -> 2
dgx052:184:293 [2] NCCL INFO Ring 05 : 3 -> 2 -> 9
dgx052:188:289 [6] NCCL INFO NCCL_BUFFSIZE set by environment to 16777216.
dgx052:187:291 [5] NCCL INFO Ring 09 : 6 -> 5 -> 4
dgx052:186:292 [4] NCCL INFO Ring 11 : 5 -> 4 -> 3
dgx052:184:293 [2] NCCL INFO Ring 06 : 11 -> 2 -> 1
dgx052:186:292 [4] NCCL INFO Ring 12 : 13 -> 4 -> 3
dgx052:185:290 [3] NCCL INFO Ring 09 : 12 -> 3 -> 2
dgx052:188:289 [6] NCCL INFO NCCL_P2P_NET_CHUNKSIZE set by environment to 524288.
dgx052:187:291 [5] NCCL INFO Ring 10 : 6 -> 5 -> 4
dgx052:183:294 [1] NCCL INFO comm 0x562a329b14f0 rank 1 nRanks 16 nNodes 2 localRanks 8 localRank 1 MNNVL 0
dgx052:188:289 [6] NCCL INFO P2P Chunksize set to 524288
dgx052:184:293 [2] NCCL INFO Ring 07 : 3 -> 2 -> 1
dgx052:186:292 [4] NCCL INFO Ring 13 : 5 -> 4 -> 3
dgx052:185:290 [3] NCCL INFO Ring 10 : 4 -> 3 -> 2
dgx052:186:292 [4] NCCL INFO Ring 14 : 5 -> 4 -> 11
dgx052:187:291 [5] NCCL INFO Ring 11 : 6 -> 5 -> 4
dgx052:183:294 [1] NCCL INFO NCCL_COLLNET_NODE_THRESHOLD set by environment to 2.
dgx052:185:290 [3] NCCL INFO Ring 11 : 4 -> 3 -> 10
dgx052:184:293 [2] NCCL INFO Ring 08 : 3 -> 2 -> 1
dgx052:186:292 [4] NCCL INFO Ring 15 : 5 -> 4 -> 3
dgx052:182:287 [0] NCCL INFO comm 0x55b357edc580 rank 0 nRanks 16 nNodes 2 localRanks 8 localRank 0 MNNVL 0
dgx052:185:290 [3] NCCL INFO Ring 12 : 4 -> 3 -> 2
dgx052:184:293 [2] NCCL INFO Ring 09 : 3 -> 2 -> 1
dgx052:186:292 [4] NCCL INFO Trees [0] 5/-1/-1->4->3 [1] 5/-1/-1->4->3 [2] 5/-1/-1->4->3 [3] -1/-1/-1->4->3 [4] 3/-1/-1->4->5 [5] 5/-1/-1->4->3 [6] 5/-1/-1->4->3 [7] 5/-1/-1->4->3 [8] -1/-1/-1->4->3 [9] 3/-1/-1->4->5 [10] 5/-1/-1->4->3 [11] 5/-1/-1->4->3 [12] 5/-1/-1->4->3 [13] -1/-1/-1->4->3 [14] 3/-1/-1->4->5 [15] 5/-1/-1->4->3
dgx052:183:294 [1] NCCL INFO Tree 0 : -1 -> 1 -> 2/9/-1
dgx052:182:287 [0] NCCL INFO NCCL_COLLNET_NODE_THRESHOLD set by environment to 2.
dgx052:185:290 [3] NCCL INFO Ring 13 : 4 -> 3 -> 2
dgx052:187:291 [5] NCCL INFO Ring 12 : 6 -> 5 -> 12
dgx052:184:293 [2] NCCL INFO Ring 10 : 3 -> 2 -> 9
dgx052:183:294 [1] NCCL INFO Tree 5 : 9 -> 1 -> 2/-1/-1
dgx052:187:291 [5] NCCL INFO Ring 13 : 14 -> 5 -> 4
dgx052:186:292 [4] NCCL INFO NCCL_BUFFSIZE set by environment to 16777216.
dgx052:183:294 [1] NCCL INFO Tree 1 : -1 -> 1 -> 2/9/-1
dgx052:185:290 [3] NCCL INFO Ring 14 : 12 -> 3 -> 2
dgx052:184:293 [2] NCCL INFO Ring 11 : 11 -> 2 -> 1
dgx052:183:294 [1] NCCL INFO Tree 6 : 9 -> 1 -> 2/-1/-1
dgx052:187:291 [5] NCCL INFO Ring 14 : 6 -> 5 -> 4
dgx052:186:292 [4] NCCL INFO NCCL_P2P_NET_CHUNKSIZE set by environment to 524288.
dgx052:184:293 [2] NCCL INFO Ring 12 : 3 -> 2 -> 1
dgx052:182:287 [0] NCCL INFO CollNetDirect channel 0 rank 0 down  1  2  3  4  5  6  7 nDown 7 up  1  2  3  4  5  6  7 heads  0  1  2  3  4  5  6  7 nUp 7 nHeads 8 headRank 0 out 16 shift 0
dgx052:187:291 [5] NCCL INFO Ring 15 : 6 -> 5 -> 4
dgx052:185:290 [3] NCCL INFO Ring 15 : 4 -> 3 -> 2
dgx052:186:292 [4] NCCL INFO P2P Chunksize set to 524288
dgx052:184:293 [2] NCCL INFO Ring 13 : 3 -> 2 -> 1
dgx052:183:294 [1] NCCL INFO CollNetDirect channel 0 rank 1 down  0  2  3  4  5  6  7 nDown 7 up  0  2  3  4  5  6  7 heads  1  2  3  4  5  6  7  0 nUp 7 nHeads 8 headRank 1 out 16 shift 1
dgx052:185:290 [3] NCCL INFO Trees [0] 4/-1/-1->3->2 [1] 4/-1/-1->3->2 [2] 4/-1/-1->3->2 [3] 4/-1/-1->3->2 [4] 2/-1/-1->3->4 [5] 4/-1/-1->3->2 [6] 4/-1/-1->3->2 [7] 4/-1/-1->3->2 [8] 4/-1/-1->3->2 [9] 2/-1/-1->3->4 [10] 4/-1/-1->3->2 [11] 4/-1/-1->3->2 [12] 4/-1/-1->3->2 [13] 4/-1/-1->3->2 [14] 2/-1/-1->3->4 [15] 4/-1/-1->3->2
dgx052:187:291 [5] NCCL INFO Trees [0] 6/-1/-1->5->4 [1] 6/-1/-1->5->4 [2] 6/-1/-1->5->4 [3] 6/13/-1->5->-1 [4] 4/13/-1->5->-1 [5] 6/-1/-1->5->4 [6] 6/-1/-1->5->4 [7] 6/-1/-1->5->4 [8] 6/-1/-1->5->13 [9] 4/-1/-1->5->13 [10] 6/-1/-1->5->4 [11] 6/-1/-1->5->4 [12] 6/-1/-1->5->4 [13] 6/13/-1->5->-1 [14] 4/13/-1->5->-1 [15] 6/-1/-1->5->4
dgx052:184:293 [2] NCCL INFO Ring 14 : 3 -> 2 -> 1
dgx052:185:290 [3] NCCL INFO NCCL_BUFFSIZE set by environment to 16777216.
dgx052:183:294 [1] NCCL INFO CollNetDirect channel 1 rank 1 down  0  2  3  4  5  6  7 nDown 7 up  0  2  3  4  5  6  7 heads  1  2  3  4  5  6  7  0 nUp 7 nHeads 8 headRank 1 out 16 shift 1
dgx052:182:287 [0] NCCL INFO CollNetDirect channel 1 rank 0 down  1  2  3  4  5  6  7 nDown 7 up  1  2  3  4  5  6  7 heads  0  1  2  3  4  5  6  7 nUp 7 nHeads 8 headRank 0 out 16 shift 0
dgx052:185:290 [3] NCCL INFO NCCL_P2P_NET_CHUNKSIZE set by environment to 524288.
dgx052:184:293 [2] NCCL INFO Ring 15 : 3 -> 2 -> 9
dgx052:187:291 [5] NCCL INFO NCCL_BUFFSIZE set by environment to 16777216.
dgx052:183:294 [1] NCCL INFO CollNetDirect channel 2 rank 1 down  0  2  3  4  5  6  7 nDown 7 up  0  2  3  4  5  6  7 heads  1  2  3  4  5  6  7  0 nUp 7 nHeads 8 headRank 1 out 16 shift 1
dgx052:185:290 [3] NCCL INFO P2P Chunksize set to 524288
dgx052:182:287 [0] NCCL INFO CollNetDirect channel 2 rank 0 down  1  2  3  4  5  6  7 nDown 7 up  1  2  3  4  5  6  7 heads  0  1  2  3  4  5  6  7 nUp 7 nHeads 8 headRank 0 out 16 shift 0
dgx052:184:293 [2] NCCL INFO Trees [0] 3/-1/-1->2->1 [1] 3/-1/-1->2->1 [2] 3/10/-1->2->-1 [3] 3/-1/-1->2->1 [4] 1/-1/-1->2->3 [5] 3/-1/-1->2->1 [6] 3/-1/-1->2->1 [7] 3/-1/-1->2->10 [8] 3/-1/-1->2->1 [9] 1/-1/-1->2->3 [10] 3/-1/-1->2->1 [11] 3/-1/-1->2->1 [12] 3/10/-1->2->-1 [13] 3/-1/-1->2->1 [14] 1/-1/-1->2->3 [15] 3/-1/-1->2->1
dgx052:187:291 [5] NCCL INFO NCCL_P2P_NET_CHUNKSIZE set by environment to 524288.
dgx052:183:294 [1] NCCL INFO CollNetDirect channel 3 rank 1 down  0  2  3  4  5  6  7 nDown 7 up  0  2  3  4  5  6  7 heads  1  2  3  4  5  6  7  0 nUp 7 nHeads 8 headRank 1 out 16 shift 1
dgx052:187:291 [5] NCCL INFO P2P Chunksize set to 524288
dgx052:182:287 [0] NCCL INFO CollNetDirect channel 3 rank 0 down  1  2  3  4  5  6  7 nDown 7 up  1  2  3  4  5  6  7 heads  0  1  2  3  4  5  6  7 nUp 7 nHeads 8 headRank 0 out 16 shift 0
dgx052:184:293 [2] NCCL INFO NCCL_BUFFSIZE set by environment to 16777216.
dgx052:183:294 [1] NCCL INFO CollNetDirect channel 4 rank 1 down  0  2  3  4  5  6  7 nDown 7 up  0  2  3  4  5  6  7 heads  1  2  3  4  5  6  7  0 nUp 7 nHeads 8 headRank 1 out 16 shift 1
dgx052:184:293 [2] NCCL INFO NCCL_P2P_NET_CHUNKSIZE set by environment to 524288.
dgx052:184:293 [2] NCCL INFO P2P Chunksize set to 524288
dgx052:183:294 [1] NCCL INFO CollNetDirect channel 5 rank 1 down  0  2  3  4  5  6  7 nDown 7 up  0  2  3  4  5  6  7 heads  1  2  3  4  5  6  7  0 nUp 7 nHeads 8 headRank 1 out 16 shift 1
dgx052:182:287 [0] NCCL INFO CollNetDirect channel 4 rank 0 down  1  2  3  4  5  6  7 nDown 7 up  1  2  3  4  5  6  7 heads  0  1  2  3  4  5  6  7 nUp 7 nHeads 8 headRank 0 out 16 shift 0
dgx052:183:294 [1] NCCL INFO CollNetDirect channel 6 rank 1 down  0  2  3  4  5  6  7 nDown 7 up  0  2  3  4  5  6  7 heads  1  2  3  4  5  6  7  0 nUp 7 nHeads 8 headRank 1 out 16 shift 1
dgx052:182:287 [0] NCCL INFO CollNetDirect channel 5 rank 0 down  1  2  3  4  5  6  7 nDown 7 up  1  2  3  4  5  6  7 heads  0  1  2  3  4  5  6  7 nUp 7 nHeads 8 headRank 0 out 16 shift 0
dgx052:183:294 [1] NCCL INFO CollNetDirect channel 7 rank 1 down  0  2  3  4  5  6  7 nDown 7 up  0  2  3  4  5  6  7 heads  1  2  3  4  5  6  7  0 nUp 7 nHeads 8 headRank 1 out 16 shift 1
dgx052:183:294 [1] NCCL INFO CollNetDirect channel 8 rank 1 down  0  2  3  4  5  6  7 nDown 7 up  0  2  3  4  5  6  7 heads  1  2  3  4  5  6  7  0 nUp 7 nHeads 8 headRank 1 out 16 shift 1
dgx052:182:287 [0] NCCL INFO CollNetDirect channel 6 rank 0 down  1  2  3  4  5  6  7 nDown 7 up  1  2  3  4  5  6  7 heads  0  1  2  3  4  5  6  7 nUp 7 nHeads 8 headRank 0 out 16 shift 0
dgx052:183:294 [1] NCCL INFO CollNetDirect channel 9 rank 1 down  0  2  3  4  5  6  7 nDown 7 up  0  2  3  4  5  6  7 heads  1  2  3  4  5  6  7  0 nUp 7 nHeads 8 headRank 1 out 16 shift 1
dgx052:182:287 [0] NCCL INFO CollNetDirect channel 7 rank 0 down  1  2  3  4  5  6  7 nDown 7 up  1  2  3  4  5  6  7 heads  0  1  2  3  4  5  6  7 nUp 7 nHeads 8 headRank 0 out 16 shift 0
dgx052:183:294 [1] NCCL INFO CollNetDirect channel 10 rank 1 down  0  2  3  4  5  6  7 nDown 7 up  0  2  3  4  5  6  7 heads  1  2  3  4  5  6  7  0 nUp 7 nHeads 8 headRank 1 out 16 shift 1
dgx052:183:294 [1] NCCL INFO CollNetDirect channel 11 rank 1 down  0  2  3  4  5  6  7 nDown 7 up  0  2  3  4  5  6  7 heads  1  2  3  4  5  6  7  0 nUp 7 nHeads 8 headRank 1 out 16 shift 1
dgx052:182:287 [0] NCCL INFO CollNetDirect channel 8 rank 0 down  1  2  3  4  5  6  7 nDown 7 up  1  2  3  4  5  6  7 heads  0  1  2  3  4  5  6  7 nUp 7 nHeads 8 headRank 0 out 16 shift 0
dgx052:183:294 [1] NCCL INFO CollNetDirect channel 12 rank 1 down  0  2  3  4  5  6  7 nDown 7 up  0  2  3  4  5  6  7 heads  1  2  3  4  5  6  7  0 nUp 7 nHeads 8 headRank 1 out 16 shift 1
dgx052:182:287 [0] NCCL INFO CollNetDirect channel 9 rank 0 down  1  2  3  4  5  6  7 nDown 7 up  1  2  3  4  5  6  7 heads  0  1  2  3  4  5  6  7 nUp 7 nHeads 8 headRank 0 out 16 shift 0
dgx052:183:294 [1] NCCL INFO CollNetDirect channel 13 rank 1 down  0  2  3  4  5  6  7 nDown 7 up  0  2  3  4  5  6  7 heads  1  2  3  4  5  6  7  0 nUp 7 nHeads 8 headRank 1 out 16 shift 1
dgx052:183:294 [1] NCCL INFO CollNetDirect channel 14 rank 1 down  0  2  3  4  5  6  7 nDown 7 up  0  2  3  4  5  6  7 heads  1  2  3  4  5  6  7  0 nUp 7 nHeads 8 headRank 1 out 16 shift 1
dgx052:182:287 [0] NCCL INFO CollNetDirect channel 10 rank 0 down  1  2  3  4  5  6  7 nDown 7 up  1  2  3  4  5  6  7 heads  0  1  2  3  4  5  6  7 nUp 7 nHeads 8 headRank 0 out 16 shift 0
dgx052:183:294 [1] NCCL INFO NCCL_MAX_NCHANNELS set by environment to 32.
dgx052:183:294 [1] NCCL INFO NCCL_MIN_NCHANNELS set by environment to 16.
dgx052:182:287 [0] NCCL INFO CollNetDirect channel 11 rank 0 down  1  2  3  4  5  6  7 nDown 7 up  1  2  3  4  5  6  7 heads  0  1  2  3  4  5  6  7 nUp 7 nHeads 8 headRank 0 out 16 shift 0
dgx052:183:294 [1] NCCL INFO NVLS Head  0:  0  8
dgx052:183:294 [1] NCCL INFO NVLS Head  1:  1  9
dgx052:183:294 [1] NCCL INFO NVLS Head  2:  2 10
dgx052:183:294 [1] NCCL INFO NVLS Head  3:  3 11
dgx052:182:287 [0] NCCL INFO CollNetDirect channel 12 rank 0 down  1  2  3  4  5  6  7 nDown 7 up  1  2  3  4  5  6  7 heads  0  1  2  3  4  5  6  7 nUp 7 nHeads 8 headRank 0 out 16 shift 0
dgx052:183:294 [1] NCCL INFO NVLS Head  4:  4 12
dgx052:183:294 [1] NCCL INFO NVLS Head  5:  5 13
dgx052:183:294 [1] NCCL INFO NVLS Head  6:  6 14
dgx052:183:294 [1] NCCL INFO NVLS Head  7:  7 15
dgx052:182:287 [0] NCCL INFO CollNetDirect channel 13 rank 0 down  1  2  3  4  5  6  7 nDown 7 up  1  2  3  4  5  6  7 heads  0  1  2  3  4  5  6  7 nUp 7 nHeads 8 headRank 0 out 16 shift 0
dgx052:183:294 [1] NCCL INFO NVLS Trees : 18/9/-1->1->-1 18/-1/-1->1->9
dgx052:182:287 [0] NCCL INFO CollNetDirect channel 14 rank 0 down  1  2  3  4  5  6  7 nDown 7 up  1  2  3  4  5  6  7 heads  0  1  2  3  4  5  6  7 nUp 7 nHeads 8 headRank 0 out 16 shift 0
dgx052:183:294 [1] NCCL INFO Ring 00 : 10 -> 1 -> 0
dgx052:182:287 [0] NCCL INFO NCCL_MAX_NCHANNELS set by environment to 32.
dgx052:183:294 [1] NCCL INFO Ring 01 : 2 -> 1 -> 0
dgx052:183:294 [1] NCCL INFO Ring 02 : 2 -> 1 -> 0
dgx052:182:287 [0] NCCL INFO NCCL_MIN_NCHANNELS set by environment to 16.
dgx052:183:294 [1] NCCL INFO Ring 03 : 2 -> 1 -> 0
dgx052:183:294 [1] NCCL INFO Ring 04 : 2 -> 1 -> 0
dgx052:182:287 [0] NCCL INFO NVLS Head  0:  0  8
dgx052:183:294 [1] NCCL INFO Ring 05 : 10 -> 1 -> 0
dgx052:182:287 [0] NCCL INFO NVLS Head  1:  1  9
dgx052:183:294 [1] NCCL INFO Ring 06 : 2 -> 1 -> 0
dgx052:183:294 [1] NCCL INFO Ring 07 : 2 -> 1 -> 0
dgx052:182:287 [0] NCCL INFO NVLS Head  2:  2 10
dgx052:183:294 [1] NCCL INFO Ring 08 : 2 -> 1 -> 0
dgx052:183:294 [1] NCCL INFO Ring 09 : 2 -> 1 -> 0
dgx052:182:287 [0] NCCL INFO NVLS Head  3:  3 11
dgx052:183:294 [1] NCCL INFO Ring 10 : 10 -> 1 -> 0
dgx052:183:294 [1] NCCL INFO Ring 11 : 2 -> 1 -> 0
dgx052:182:287 [0] NCCL INFO NVLS Head  4:  4 12
dgx052:183:294 [1] NCCL INFO Ring 12 : 2 -> 1 -> 0
dgx052:182:287 [0] NCCL INFO NVLS Head  5:  5 13
dgx052:183:294 [1] NCCL INFO Ring 13 : 2 -> 1 -> 0
dgx052:183:294 [1] NCCL INFO Ring 14 : 2 -> 1 -> 0
dgx052:182:287 [0] NCCL INFO NVLS Head  6:  6 14
dgx052:183:294 [1] NCCL INFO Ring 15 : 10 -> 1 -> 0
dgx052:183:294 [1] NCCL INFO Trees [0] 2/9/-1->1->-1 [1] 2/9/-1->1->-1 [2] -1/-1/-1->1->0 [3] 2/-1/-1->1->0 [4] 0/-1/-1->1->2 [5] 2/-1/-1->1->9 [6] 2/-1/-1->1->9 [7] -1/-1/-1->1->0 [8] 2/-1/-1->1->0 [9] 0/-1/-1->1->2 [10] 2/9/-1->1->-1 [11] 2/9/-1->1->-1 [12] -1/-1/-1->1->0 [13] 2/-1/-1->1->0 [14] 0/-1/-1->1->2 [15] 2/9/-1->1->-1
dgx052:182:287 [0] NCCL INFO NVLS Head  7:  7 15
dgx052:183:294 [1] NCCL INFO NCCL_BUFFSIZE set by environment to 16777216.
dgx052:183:294 [1] NCCL INFO NCCL_P2P_NET_CHUNKSIZE set by environment to 524288.
dgx052:182:287 [0] NCCL INFO NVLS Trees : 17/8/-1->0->-1 17/-1/-1->0->8
dgx052:183:294 [1] NCCL INFO P2P Chunksize set to 524288
dgx052:182:287 [0] NCCL INFO Channel 00/16 :    0   7   6   5   4   3   2   9   8  15  14  13  12  11  10   1
dgx052:182:287 [0] NCCL INFO Channel 01/16 :    0   7   6   5   4   3  10   9   8  15  14  13  12  11   2   1
dgx052:182:287 [0] NCCL INFO Channel 02/16 :    0   7   6   5  12  11  10   9   8  15  14  13   4   3   2   1
dgx052:182:287 [0] NCCL INFO Channel 03/16 :    0   7   6  13  12  11  10   9   8  15  14   5   4   3   2   1
dgx052:182:287 [0] NCCL INFO Channel 04/16 :    0   7   6   5   4  11  10   9   8  15  14  13  12   3   2   1
dgx052:182:287 [0] NCCL INFO Channel 05/16 :    0   7   6   5   4   3   2   9   8  15  14  13  12  11  10   1
dgx052:182:287 [0] NCCL INFO Channel 06/16 :    0   7   6   5   4   3  10   9   8  15  14  13  12  11   2   1
dgx052:182:287 [0] NCCL INFO Channel 07/16 :    0   7   6   5  12  11  10   9   8  15  14  13   4   3   2   1
dgx052:182:287 [0] NCCL INFO Channel 08/16 :    0   7   6  13  12  11  10   9   8  15  14   5   4   3   2   1
dgx052:182:287 [0] NCCL INFO Channel 09/16 :    0   7   6   5   4  11  10   9   8  15  14  13  12   3   2   1
dgx052:182:287 [0] NCCL INFO Channel 10/16 :    0   7   6   5   4   3   2   9   8  15  14  13  12  11  10   1
dgx052:182:287 [0] NCCL INFO Channel 11/16 :    0   7   6   5   4   3  10   9   8  15  14  13  12  11   2   1
dgx052:182:287 [0] NCCL INFO Channel 12/16 :    0   7   6   5  12  11  10   9   8  15  14  13   4   3   2   1
dgx052:182:287 [0] NCCL INFO Channel 13/16 :    0   7   6  13  12  11  10   9   8  15  14   5   4   3   2   1
dgx052:182:287 [0] NCCL INFO Channel 14/16 :    0   7   6   5   4  11  10   9   8  15  14  13  12   3   2   1
dgx052:182:287 [0] NCCL INFO Channel 15/16 :    0   7   6   5   4   3   2   9   8  15  14  13  12  11  10   1
dgx052:182:287 [0] NCCL INFO Ring 00 : 1 -> 0 -> 7
dgx052:182:287 [0] NCCL INFO Ring 01 : 1 -> 0 -> 7
dgx052:182:287 [0] NCCL INFO Ring 02 : 1 -> 0 -> 7
dgx052:182:287 [0] NCCL INFO Ring 03 : 1 -> 0 -> 7
dgx052:182:287 [0] NCCL INFO Ring 04 : 1 -> 0 -> 7
dgx052:182:287 [0] NCCL INFO Ring 05 : 1 -> 0 -> 7
dgx052:182:287 [0] NCCL INFO Ring 06 : 1 -> 0 -> 7
dgx052:182:287 [0] NCCL INFO Ring 07 : 1 -> 0 -> 7
dgx052:182:287 [0] NCCL INFO Ring 08 : 1 -> 0 -> 7
dgx052:182:287 [0] NCCL INFO Ring 09 : 1 -> 0 -> 7
dgx052:182:287 [0] NCCL INFO Ring 10 : 1 -> 0 -> 7
dgx052:182:287 [0] NCCL INFO Ring 11 : 1 -> 0 -> 7
dgx052:182:287 [0] NCCL INFO Ring 12 : 1 -> 0 -> 7
dgx052:182:287 [0] NCCL INFO Ring 13 : 1 -> 0 -> 7
dgx052:182:287 [0] NCCL INFO Ring 14 : 1 -> 0 -> 7
dgx052:182:287 [0] NCCL INFO Ring 15 : 1 -> 0 -> 7
dgx052:182:287 [0] NCCL INFO Trees [0] -1/-1/-1->0->7 [1] -1/-1/-1->0->7 [2] 1/-1/-1->0->7 [3] 1/-1/-1->0->7 [4] 7/-1/-1->0->1 [5] -1/-1/-1->0->7 [6] -1/-1/-1->0->7 [7] 1/-1/-1->0->7 [8] 1/-1/-1->0->7 [9] 7/-1/-1->0->1 [10] -1/-1/-1->0->7 [11] -1/-1/-1->0->7 [12] 1/-1/-1->0->7 [13] 1/-1/-1->0->7 [14] 7/-1/-1->0->1 [15] -1/-1/-1->0->7
dgx052:182:287 [0] NCCL INFO NCCL_BUFFSIZE set by environment to 16777216.
dgx052:182:287 [0] NCCL INFO NCCL_P2P_NET_CHUNKSIZE set by environment to 524288.
dgx052:182:287 [0] NCCL INFO P2P Chunksize set to 524288
dgx052:187:291 [5] NCCL INFO NCCL_NVLS_CHUNKSIZE set by environment to 524288.
dgx052:188:289 [6] NCCL INFO NCCL_NVLS_CHUNKSIZE set by environment to 524288.
dgx052:184:293 [2] NCCL INFO NCCL_NVLS_CHUNKSIZE set by environment to 524288.
dgx052:183:294 [1] NCCL INFO NCCL_NVLS_CHUNKSIZE set by environment to 524288.
dgx052:185:290 [3] NCCL INFO NCCL_NVLS_CHUNKSIZE set by environment to 524288.
dgx052:186:292 [4] NCCL INFO NCCL_NVLS_CHUNKSIZE set by environment to 524288.
dgx052:189:288 [7] NCCL INFO NCCL_NVLS_CHUNKSIZE set by environment to 524288.
dgx052:182:287 [0] NCCL INFO NCCL_NVLS_CHUNKSIZE set by environment to 524288.
dgx052:182:287 [0] NCCL INFO GPU Direct RDMA Disabled for GPU 1b000 / HCA 0 (distance 6 > 3)
dgx052:182:397 [0] NCCL INFO New proxy recv connection 0 from local rank 0, transport 3
dgx052:182:287 [0] NCCL INFO Connected to proxy localRank 0 -> connection 0x7f5360004f40
dgx052:182:397 [0] NCCL INFO NET/IB : GPU Direct RDMA (DMABUF) enabled for HCA 0 'mlx5_0
dgx052:182:287 [0] NCCL INFO CollNet 00/0 : 0 [receive] via COLLNET/SHARP/0
dgx052:183:294 [1] NCCL INFO GPU Direct RDMA Disabled for GPU 43000 / HCA 1 (distance 6 > 3)
dgx052:182:397 [0] NCCL INFO NCCL_IB_QPS_PER_CONNECTION set by environment to 8.
dgx052:183:395 [1] NCCL INFO New proxy recv connection 0 from local rank 1, transport 3
dgx052:182:397 [0] NCCL INFO NET/IB: NCCL Dev 0 IbDev 0 Port 1 qpn 7558 mtu 5 LID 412 subnet-prefix 33022  FLID 0 fifoRkey=0x16eaa8 fifoLkey=0x16eaa8
dgx052:182:397 [0] NCCL INFO NET/IB: NCCL Dev 0 IbDev 0 Port 1 qpn 7559 mtu 5 LID 412 subnet-prefix 33022  FLID 0 fifoRkey=0x16eaa8 fifoLkey=0x16eaa8
dgx052:182:397 [0] NCCL INFO NET/IB: NCCL Dev 0 IbDev 0 Port 1 qpn 7560 mtu 5 LID 412 subnet-prefix 33022  FLID 0 fifoRkey=0x16eaa8 fifoLkey=0x16eaa8
dgx052:182:397 [0] NCCL INFO NET/IB: NCCL Dev 0 IbDev 0 Port 1 qpn 7561 mtu 5 LID 412 subnet-prefix 33022  FLID 0 fifoRkey=0x16eaa8 fifoLkey=0x16eaa8
dgx052:182:397 [0] NCCL INFO NET/IB: NCCL Dev 0 IbDev 0 Port 1 qpn 7562 mtu 5 LID 412 subnet-prefix 33022  FLID 0 fifoRkey=0x16eaa8 fifoLkey=0x16eaa8
dgx052:182:397 [0] NCCL INFO NET/IB: NCCL Dev 0 IbDev 0 Port 1 qpn 7563 mtu 5 LID 412 subnet-prefix 33022  FLID 0 fifoRkey=0x16eaa8 fifoLkey=0x16eaa8
dgx052:182:397 [0] NCCL INFO NET/IB: NCCL Dev 0 IbDev 0 Port 1 qpn 7564 mtu 5 LID 412 subnet-prefix 33022  FLID 0 fifoRkey=0x16eaa8 fifoLkey=0x16eaa8
dgx052:182:397 [0] NCCL INFO NET/IB: NCCL Dev 0 IbDev 0 Port 1 qpn 7565 mtu 5 LID 412 subnet-prefix 33022  FLID 0 fifoRkey=0x16eaa8 fifoLkey=0x16eaa8
dgx052:182:397 [0] NCCL INFO NCCL_IB_SL set by environment to 0.
dgx052:182:397 [0] NCCL INFO NCCL_IB_TIMEOUT set by environment to 22.
dgx052:182:397 [0] NCCL INFO NCCL_IB_RETRY_CNT set by environment to 7.
dgx052:182:397 [0] NCCL INFO NCCL_IB_SPLIT_DATA_ON_QPS set by environment to 1.
dgx052:182:397 [0] NCCL INFO NCCL_IB_AR_THRESHOLD set by environment to 8192.
dgx052:182:397 [0] NCCL INFO NET/IB : GPU Direct RDMA (DMABUF) enabled for HCA 0 'mlx5_0
dgx052:183:294 [1] NCCL INFO Connected to proxy localRank 1 -> connection 0x7f34f8004f40
dgx052:183:395 [1] NCCL INFO NET/IB : GPU Direct RDMA (DMABUF) enabled for HCA 1 'mlx5_1
dgx052:183:294 [1] NCCL INFO CollNet 01/0 : 1 [receive] via COLLNET/SHARP/1
[dgx052:0:182 - context.c:670][2026-04-21 18:04:59] INFO job (ID: 723530704744268644) resource request quota: ( osts:0 user_data_per_ost:0 max_groups:0 max_qps:1 max_group_channels:1, num_trees:1)
[dgx052][Apr 21 18:05:01 740573][SR     ][397][error] - no AM service record found(SA query)
[dgx052][Apr 21 18:05:01 777336][RDMA_SR][397][error] - Error event recieved: event: RDMA_CM_EVENT_UNREACHABLE,  error: 1
[dgx052][Apr 21 18:05:01 777371][RDMA_SR][397][error] - Error occured during connection event handle
[dgx052][Apr 21 18:05:04 780285][RDMA_SR][397][error] - poll failed due to poll_timeout=3000.000000, stop
[dgx052][Apr 21 18:05:04 780420][RDMA_SR][397][error] - Poll failed
[dgx052][Apr 21 18:05:04 780454][RDMA_SR][397][error] - Failed to connect
[dgx052][Apr 21 18:05:04 784523][RDMA_SR][397][error] - rdma_resolve_addr failed with error: -1
[dgx052][Apr 21 18:05:04 784643][RDMA_SR][397][error] - rdma_resolve_addr failed with error: -1
[dgx052][Apr 21 18:05:04 784682][SR     ][397][error] - unable to query AM service record(AM query)
[dgx052][Apr 21 18:05:04 784713][GENERAL][397][error] - Could not query AM address, error: -52
[dgx052][Apr 21 18:05:04 784742][GENERAL][397][error] - failed to connect to AM - error -1 received
[dgx052][Apr 21 18:05:04 787808][GENERAL][397][error] - unable to connect to AM
[dgx052][Apr 21 18:05:04 787867][GENERAL][397][warn ] - SHARPD_OP_CREATE_JOB failed with status: 53
[dgx052:0:182 unique id 723530704744268644][2026-04-21 18:05:04] ERROR Failed to connect to Aggregation Manager (sharp_am) in sharp_create_job.

[dgx052:0:182 - context.c:693][2026-04-21 18:05:04] ERROR sharp_create_job failed: Failed to connect to Aggregation Manager (sharp_am)(-53)

dgx052:182:397 [0] sharp_plugin.c:337 NCCL WARN NET/IB : SHARP coll init error: Cannot create SHARP job(-11)

dgx052:182:287 [0] NCCL INFO transport.cc:331 -> 2
dgx052:184:293 [2] NCCL INFO GPU Direct RDMA Disabled for GPU 52000 / HCA 2 (distance 6 > 3)
dgx052:183:395 [1] NCCL INFO NCCL_IB_QPS_PER_CONNECTION set by environment to 8.
dgx052:184:389 [2] NCCL INFO New proxy recv connection 0 from local rank 2, transport 3
dgx052:183:395 [1] NCCL INFO NET/IB: NCCL Dev 1 IbDev 1 Port 1 qpn 117 mtu 5 LID 639 subnet-prefix 33022  FLID 0 fifoRkey=0x182be9 fifoLkey=0x182be9
dgx052:183:395 [1] NCCL INFO NET/IB: NCCL Dev 1 IbDev 1 Port 1 qpn 118 mtu 5 LID 639 subnet-prefix 33022  FLID 0 fifoRkey=0x182be9 fifoLkey=0x182be9
dgx052:183:395 [1] NCCL INFO NET/IB: NCCL Dev 1 IbDev 1 Port 1 qpn 119 mtu 5 LID 639 subnet-prefix 33022  FLID 0 fifoRkey=0x182be9 fifoLkey=0x182be9
dgx052:183:395 [1] NCCL INFO NET/IB: NCCL Dev 1 IbDev 1 Port 1 qpn 120 mtu 5 LID 639 subnet-prefix 33022  FLID 0 fifoRkey=0x182be9 fifoLkey=0x182be9
dgx052:183:395 [1] NCCL INFO NET/IB: NCCL Dev 1 IbDev 1 Port 1 qpn 121 mtu 5 LID 639 subnet-prefix 33022  FLID 0 fifoRkey=0x182be9 fifoLkey=0x182be9
dgx052:183:395 [1] NCCL INFO NET/IB: NCCL Dev 1 IbDev 1 Port 1 qpn 122 mtu 5 LID 639 subnet-prefix 33022  FLID 0 fifoRkey=0x182be9 fifoLkey=0x182be9
dgx052:183:395 [1] NCCL INFO NET/IB: NCCL Dev 1 IbDev 1 Port 1 qpn 123 mtu 5 LID 639 subnet-prefix 33022  FLID 0 fifoRkey=0x182be9 fifoLkey=0x182be9
dgx052:183:395 [1] NCCL INFO NET/IB: NCCL Dev 1 IbDev 1 Port 1 qpn 124 mtu 5 LID 639 subnet-prefix 33022  FLID 0 fifoRkey=0x182be9 fifoLkey=0x182be9
dgx052:183:395 [1] NCCL INFO NCCL_IB_SL set by environment to 0.
dgx052:183:395 [1] NCCL INFO NCCL_IB_TIMEOUT set by environment to 22.
dgx052:183:395 [1] NCCL INFO NCCL_IB_RETRY_CNT set by environment to 7.
dgx052:183:395 [1] NCCL INFO NCCL_IB_SPLIT_DATA_ON_QPS set by environment to 1.
dgx052:183:395 [1] NCCL INFO NCCL_IB_AR_THRESHOLD set by environment to 8192.
dgx052:183:395 [1] NCCL INFO NET/IB : GPU Direct RDMA (DMABUF) enabled for HCA 1 'mlx5_1
dgx052:184:293 [2] NCCL INFO Connected to proxy localRank 2 -> connection 0x7f965c004f40
dgx052:184:389 [2] NCCL INFO NET/IB : GPU Direct RDMA (DMABUF) enabled for HCA 2 'mlx5_3
dgx052:184:293 [2] NCCL INFO CollNet 02/0 : 2 [receive] via COLLNET/SHARP/2
[dgx052:0:183 - context.c:670][2026-04-21 18:05:05] INFO job (ID: 723530565957499085) resource request quota: ( osts:0 user_data_per_ost:0 max_groups:0 max_qps:1 max_group_channels:1, num_trees:1)
[dgx052][Apr 21 18:05:07 810975][SR     ][395][error] - no AM service record found(SA query)
[dgx052][Apr 21 18:05:07 847954][RDMA_SR][395][error] - Error event recieved: event: RDMA_CM_EVENT_UNREACHABLE,  error: 1
[dgx052][Apr 21 18:05:07 847993][RDMA_SR][395][error] - Error occured during connection event handle
[dgx052][Apr 21 18:05:10 851004][RDMA_SR][395][error] - poll failed due to poll_timeout=3000.000000, stop
[dgx052][Apr 21 18:05:10 851119][RDMA_SR][395][error] - Poll failed
[dgx052][Apr 21 18:05:10 851154][RDMA_SR][395][error] - Failed to connect
[dgx052][Apr 21 18:05:10 855404][RDMA_SR][395][error] - rdma_resolve_addr failed with error: -1
[dgx052][Apr 21 18:05:10 855469][RDMA_SR][395][error] - rdma_resolve_addr failed with error: -1
[dgx052][Apr 21 18:05:10 855490][SR     ][395][error] - unable to query AM service record(AM query)
[dgx052][Apr 21 18:05:10 855507][GENERAL][395][error] - Could not query AM address, error: -52
[dgx052][Apr 21 18:05:10 855523][GENERAL][395][error] - failed to connect to AM - error -1 received
[dgx052][Apr 21 18:05:10 859226][GENERAL][395][error] - unable to connect to AM
[dgx052][Apr 21 18:05:10 859246][GENERAL][395][warn ] - SHARPD_OP_CREATE_JOB failed with status: 53
[dgx052:0:183 unique id 723530565957499085][2026-04-21 18:05:10] ERROR Failed to connect to Aggregation Manager (sharp_am) in sharp_create_job.

[dgx052:0:183 - context.c:693][2026-04-21 18:05:10] ERROR sharp_create_job failed: Failed to connect to Aggregation Manager (sharp_am)(-53)

dgx052:183:395 [1] sharp_plugin.c:337 NCCL WARN NET/IB : SHARP coll init error: Cannot create SHARP job(-11)

dgx052:183:294 [1] NCCL INFO transport.cc:331 -> 2
dgx052:185:290 [3] NCCL INFO GPU Direct RDMA Disabled for GPU 61000 / HCA 3 (distance 6 > 3)
dgx052:184:389 [2] NCCL INFO NCCL_IB_QPS_PER_CONNECTION set by environment to 8.
dgx052:185:388 [3] NCCL INFO New proxy recv connection 0 from local rank 3, transport 3
dgx052:184:389 [2] NCCL INFO NET/IB: NCCL Dev 2 IbDev 2 Port 1 qpn 7560 mtu 5 LID 414 subnet-prefix 33022  FLID 0 fifoRkey=0x165816 fifoLkey=0x165816
dgx052:184:389 [2] NCCL INFO NET/IB: NCCL Dev 2 IbDev 2 Port 1 qpn 7561 mtu 5 LID 414 subnet-prefix 33022  FLID 0 fifoRkey=0x165816 fifoLkey=0x165816
dgx052:184:389 [2] NCCL INFO NET/IB: NCCL Dev 2 IbDev 2 Port 1 qpn 7562 mtu 5 LID 414 subnet-prefix 33022  FLID 0 fifoRkey=0x165816 fifoLkey=0x165816
dgx052:184:389 [2] NCCL INFO NET/IB: NCCL Dev 2 IbDev 2 Port 1 qpn 7563 mtu 5 LID 414 subnet-prefix 33022  FLID 0 fifoRkey=0x165816 fifoLkey=0x165816
dgx052:184:389 [2] NCCL INFO NET/IB: NCCL Dev 2 IbDev 2 Port 1 qpn 7564 mtu 5 LID 414 subnet-prefix 33022  FLID 0 fifoRkey=0x165816 fifoLkey=0x165816
dgx052:184:389 [2] NCCL INFO NET/IB: NCCL Dev 2 IbDev 2 Port 1 qpn 7565 mtu 5 LID 414 subnet-prefix 33022  FLID 0 fifoRkey=0x165816 fifoLkey=0x165816
dgx052:184:389 [2] NCCL INFO NET/IB: NCCL Dev 2 IbDev 2 Port 1 qpn 7566 mtu 5 LID 414 subnet-prefix 33022  FLID 0 fifoRkey=0x165816 fifoLkey=0x165816
dgx052:184:389 [2] NCCL INFO NET/IB: NCCL Dev 2 IbDev 2 Port 1 qpn 7567 mtu 5 LID 414 subnet-prefix 33022  FLID 0 fifoRkey=0x165816 fifoLkey=0x165816
dgx052:184:389 [2] NCCL INFO NCCL_IB_SL set by environment to 0.
dgx052:184:389 [2] NCCL INFO NCCL_IB_TIMEOUT set by environment to 22.
dgx052:184:389 [2] NCCL INFO NCCL_IB_RETRY_CNT set by environment to 7.
dgx052:184:389 [2] NCCL INFO NCCL_IB_SPLIT_DATA_ON_QPS set by environment to 1.
dgx052:184:389 [2] NCCL INFO NCCL_IB_AR_THRESHOLD set by environment to 8192.
dgx052:184:389 [2] NCCL INFO NET/IB : GPU Direct RDMA (DMABUF) enabled for HCA 2 'mlx5_3
dgx052:185:290 [3] NCCL INFO Connected to proxy localRank 3 -> connection 0x7f6190004f40
dgx052:185:388 [3] NCCL INFO NET/IB : GPU Direct RDMA (DMABUF) enabled for HCA 3 'mlx5_4
dgx052:185:290 [3] NCCL INFO CollNet 03/0 : 3 [receive] via COLLNET/SHARP/3
[dgx052:0:184 - context.c:670][2026-04-21 18:05:11] INFO job (ID: 723530974452512161) resource request quota: ( osts:0 user_data_per_ost:0 max_groups:0 max_qps:1 max_group_channels:1, num_trees:1)
[dgx052][Apr 21 18:05:13 479948][SR     ][389][error] - no AM service record found(SA query)
[dgx052][Apr 21 18:05:13 517061][RDMA_SR][389][error] - Error event recieved: event: RDMA_CM_EVENT_UNREACHABLE,  error: 1
[dgx052][Apr 21 18:05:13 517099][RDMA_SR][389][error] - Error occured during connection event handle
[dgx052][Apr 21 18:05:16 520015][RDMA_SR][389][error] - poll failed due to poll_timeout=3000.000000, stop
[dgx052][Apr 21 18:05:16 520126][RDMA_SR][389][error] - Poll failed
[dgx052][Apr 21 18:05:16 520158][RDMA_SR][389][error] - Failed to connect
[dgx052][Apr 21 18:05:16 524438][RDMA_SR][389][error] - rdma_resolve_addr failed with error: -1
[dgx052][Apr 21 18:05:16 524560][RDMA_SR][389][error] - rdma_resolve_addr failed with error: -1
[dgx052][Apr 21 18:05:16 524600][SR     ][389][error] - unable to query AM service record(AM query)
[dgx052][Apr 21 18:05:16 524630][GENERAL][389][error] - Could not query AM address, error: -52
[dgx052][Apr 21 18:05:16 524660][GENERAL][389][error] - failed to connect to AM - error -1 received
[dgx052][Apr 21 18:05:16 528563][GENERAL][389][error] - unable to connect to AM
[dgx052][Apr 21 18:05:16 528621][GENERAL][389][warn ] - SHARPD_OP_CREATE_JOB failed with status: 53
[dgx052:0:184 unique id 723530974452512161][2026-04-21 18:05:16] ERROR Failed to connect to Aggregation Manager (sharp_am) in sharp_create_job.

[dgx052:0:184 - context.c:693][2026-04-21 18:05:16] ERROR sharp_create_job failed: Failed to connect to Aggregation Manager (sharp_am)(-53)

dgx052:184:389 [2] sharp_plugin.c:337 NCCL WARN NET/IB : SHARP coll init error: Cannot create SHARP job(-11)

dgx052:184:293 [2] NCCL INFO transport.cc:331 -> 2
dgx052:186:292 [4] NCCL INFO GPU Direct RDMA Disabled for GPU 9d000 / HCA 5 (distance 6 > 3)
dgx052:185:388 [3] NCCL INFO NCCL_IB_QPS_PER_CONNECTION set by environment to 8.
dgx052:186:385 [4] NCCL INFO New proxy recv connection 0 from local rank 4, transport 3
dgx052:185:388 [3] NCCL INFO NET/IB: NCCL Dev 3 IbDev 3 Port 1 qpn 7561 mtu 5 LID 413 subnet-prefix 33022  FLID 0 fifoRkey=0x1605c3 fifoLkey=0x1605c3
dgx052:185:388 [3] NCCL INFO NET/IB: NCCL Dev 3 IbDev 3 Port 1 qpn 7562 mtu 5 LID 413 subnet-prefix 33022  FLID 0 fifoRkey=0x1605c3 fifoLkey=0x1605c3
dgx052:185:388 [3] NCCL INFO NET/IB: NCCL Dev 3 IbDev 3 Port 1 qpn 7563 mtu 5 LID 413 subnet-prefix 33022  FLID 0 fifoRkey=0x1605c3 fifoLkey=0x1605c3
dgx052:185:388 [3] NCCL INFO NET/IB: NCCL Dev 3 IbDev 3 Port 1 qpn 7564 mtu 5 LID 413 subnet-prefix 33022  FLID 0 fifoRkey=0x1605c3 fifoLkey=0x1605c3
dgx052:185:388 [3] NCCL INFO NET/IB: NCCL Dev 3 IbDev 3 Port 1 qpn 7565 mtu 5 LID 413 subnet-prefix 33022  FLID 0 fifoRkey=0x1605c3 fifoLkey=0x1605c3
dgx052:185:388 [3] NCCL INFO NET/IB: NCCL Dev 3 IbDev 3 Port 1 qpn 7566 mtu 5 LID 413 subnet-prefix 33022  FLID 0 fifoRkey=0x1605c3 fifoLkey=0x1605c3
dgx052:185:388 [3] NCCL INFO NET/IB: NCCL Dev 3 IbDev 3 Port 1 qpn 7567 mtu 5 LID 413 subnet-prefix 33022  FLID 0 fifoRkey=0x1605c3 fifoLkey=0x1605c3
dgx052:185:388 [3] NCCL INFO NET/IB: NCCL Dev 3 IbDev 3 Port 1 qpn 7568 mtu 5 LID 413 subnet-prefix 33022  FLID 0 fifoRkey=0x1605c3 fifoLkey=0x1605c3
dgx052:185:388 [3] NCCL INFO NCCL_IB_SL set by environment to 0.
dgx052:185:388 [3] NCCL INFO NCCL_IB_TIMEOUT set by environment to 22.
dgx052:185:388 [3] NCCL INFO NCCL_IB_RETRY_CNT set by environment to 7.
dgx052:185:388 [3] NCCL INFO NCCL_IB_SPLIT_DATA_ON_QPS set by environment to 1.
dgx052:185:388 [3] NCCL INFO NCCL_IB_AR_THRESHOLD set by environment to 8192.
dgx052:185:388 [3] NCCL INFO NET/IB : GPU Direct RDMA (DMABUF) enabled for HCA 3 'mlx5_4
dgx052:186:292 [4] NCCL INFO Connected to proxy localRank 4 -> connection 0x7f6948004f40
dgx052:186:385 [4] NCCL INFO NET/IB : GPU Direct RDMA (DMABUF) enabled for HCA 5 'mlx5_6
dgx052:186:292 [4] NCCL INFO CollNet 04/0 : 4 [receive] via COLLNET/SHARP/5
[dgx052:0:185 - context.c:670][2026-04-21 18:05:17] INFO job (ID: 723530772711557125) resource request quota: ( osts:0 user_data_per_ost:0 max_groups:0 max_qps:1 max_group_channels:1, num_trees:1)
[dgx052][Apr 21 18:05:18 968947][SR     ][388][error] - no AM service record found(SA query)
[dgx052][Apr 21 18:05:19 001116][RDMA_SR][388][error] - Error event recieved: event: RDMA_CM_EVENT_UNREACHABLE,  error: 1
[dgx052][Apr 21 18:05:19 001153][RDMA_SR][388][error] - Error occured during connection event handle
[dgx052][Apr 21 18:05:22 004195][RDMA_SR][388][error] - poll failed due to poll_timeout=3000.000000, stop
[dgx052][Apr 21 18:05:22 004305][RDMA_SR][388][error] - Poll failed
[dgx052][Apr 21 18:05:22 004340][RDMA_SR][388][error] - Failed to connect
[dgx052][Apr 21 18:05:22 007804][RDMA_SR][388][error] - rdma_resolve_addr failed with error: -1
[dgx052][Apr 21 18:05:22 007916][RDMA_SR][388][error] - rdma_resolve_addr failed with error: -1
[dgx052][Apr 21 18:05:22 007954][SR     ][388][error] - unable to query AM service record(AM query)
[dgx052][Apr 21 18:05:22 007984][GENERAL][388][error] - Could not query AM address, error: -52
[dgx052][Apr 21 18:05:22 008011][GENERAL][388][error] - failed to connect to AM - error -1 received
[dgx052][Apr 21 18:05:22 011169][GENERAL][388][error] - unable to connect to AM
[dgx052][Apr 21 18:05:22 011227][GENERAL][388][warn ] - SHARPD_OP_CREATE_JOB failed with status: 53
[dgx052:0:185 unique id 723530772711557125][2026-04-21 18:05:22] ERROR Failed to connect to Aggregation Manager (sharp_am) in sharp_create_job.

[dgx052:0:185 - context.c:693][2026-04-21 18:05:22] ERROR sharp_create_job failed: Failed to connect to Aggregation Manager (sharp_am)(-53)

dgx052:185:388 [3] sharp_plugin.c:337 NCCL WARN NET/IB : SHARP coll init error: Cannot create SHARP job(-11)

dgx052:185:290 [3] NCCL INFO transport.cc:331 -> 2
dgx052:187:291 [5] NCCL INFO GPU Direct RDMA Disabled for GPU c3000 / HCA 8 (distance 6 > 3)
dgx052:186:385 [4] NCCL INFO NCCL_IB_QPS_PER_CONNECTION set by environment to 8.
dgx052:187:390 [5] NCCL INFO New proxy recv connection 0 from local rank 5, transport 3
dgx052:186:385 [4] NCCL INFO NET/IB: NCCL Dev 5 IbDev 5 Port 1 qpn 7562 mtu 5 LID 415 subnet-prefix 33022  FLID 0 fifoRkey=0x178240 fifoLkey=0x178240
dgx052:186:385 [4] NCCL INFO NET/IB: NCCL Dev 5 IbDev 5 Port 1 qpn 7563 mtu 5 LID 415 subnet-prefix 33022  FLID 0 fifoRkey=0x178240 fifoLkey=0x178240
dgx052:186:385 [4] NCCL INFO NET/IB: NCCL Dev 5 IbDev 5 Port 1 qpn 7564 mtu 5 LID 415 subnet-prefix 33022  FLID 0 fifoRkey=0x178240 fifoLkey=0x178240
dgx052:186:385 [4] NCCL INFO NET/IB: NCCL Dev 5 IbDev 5 Port 1 qpn 7565 mtu 5 LID 415 subnet-prefix 33022  FLID 0 fifoRkey=0x178240 fifoLkey=0x178240
dgx052:186:385 [4] NCCL INFO NET/IB: NCCL Dev 5 IbDev 5 Port 1 qpn 7566 mtu 5 LID 415 subnet-prefix 33022  FLID 0 fifoRkey=0x178240 fifoLkey=0x178240
dgx052:186:385 [4] NCCL INFO NET/IB: NCCL Dev 5 IbDev 5 Port 1 qpn 7567 mtu 5 LID 415 subnet-prefix 33022  FLID 0 fifoRkey=0x178240 fifoLkey=0x178240
dgx052:186:385 [4] NCCL INFO NET/IB: NCCL Dev 5 IbDev 5 Port 1 qpn 7568 mtu 5 LID 415 subnet-prefix 33022  FLID 0 fifoRkey=0x178240 fifoLkey=0x178240
dgx052:186:385 [4] NCCL INFO NET/IB: NCCL Dev 5 IbDev 5 Port 1 qpn 7569 mtu 5 LID 415 subnet-prefix 33022  FLID 0 fifoRkey=0x178240 fifoLkey=0x178240
dgx052:186:385 [4] NCCL INFO NCCL_IB_SL set by environment to 0.
dgx052:186:385 [4] NCCL INFO NCCL_IB_TIMEOUT set by environment to 22.
dgx052:186:385 [4] NCCL INFO NCCL_IB_RETRY_CNT set by environment to 7.
dgx052:186:385 [4] NCCL INFO NCCL_IB_SPLIT_DATA_ON_QPS set by environment to 1.
dgx052:186:385 [4] NCCL INFO NCCL_IB_AR_THRESHOLD set by environment to 8192.
dgx052:186:385 [4] NCCL INFO NET/IB : GPU Direct RDMA (DMABUF) enabled for HCA 5 'mlx5_6
dgx052:187:291 [5] NCCL INFO Connected to proxy localRank 5 -> connection 0x7f9c98004f40
dgx052:187:390 [5] NCCL INFO NET/IB : GPU Direct RDMA (DMABUF) enabled for HCA 8 'mlx5_10
dgx052:187:291 [5] NCCL INFO CollNet 05/0 : 5 [receive] via COLLNET/SHARP/8
[dgx052:0:186 - context.c:670][2026-04-21 18:05:22] INFO job (ID: 723530805620170846) resource request quota: ( osts:0 user_data_per_ost:0 max_groups:0 max_qps:1 max_group_channels:1, num_trees:1)
[dgx052][Apr 21 18:05:24 527460][SR     ][385][error] - no AM service record found(SA query)
[dgx052][Apr 21 18:05:24 558580][RDMA_SR][385][error] - Error event recieved: event: RDMA_CM_EVENT_UNREACHABLE,  error: 1
[dgx052][Apr 21 18:05:24 558603][RDMA_SR][385][error] - Error occured during connection event handle
[dgx052][Apr 21 18:05:27 561466][RDMA_SR][385][error] - poll failed due to poll_timeout=3000.000000, stop
[dgx052][Apr 21 18:05:27 561487][RDMA_SR][385][error] - Poll failed
[dgx052][Apr 21 18:05:27 561499][RDMA_SR][385][error] - Failed to connect
[dgx052][Apr 21 18:05:27 565072][RDMA_SR][385][error] - rdma_resolve_addr failed with error: -1
[dgx052][Apr 21 18:05:27 565091][RDMA_SR][385][error] - rdma_resolve_addr failed with error: -1
[dgx052][Apr 21 18:05:27 565104][SR     ][385][error] - unable to query AM service record(AM query)
[dgx052][Apr 21 18:05:27 565113][GENERAL][385][error] - Could not query AM address, error: -52
[dgx052][Apr 21 18:05:27 565125][GENERAL][385][error] - failed to connect to AM - error -1 received
[dgx052][Apr 21 18:05:27 567970][GENERAL][385][error] - unable to connect to AM
[dgx052][Apr 21 18:05:27 567982][GENERAL][385][warn ] - SHARPD_OP_CREATE_JOB failed with status: 53
[dgx052:0:186 unique id 723530805620170846][2026-04-21 18:05:27] ERROR Failed to connect to Aggregation Manager (sharp_am) in sharp_create_job.

[dgx052:0:186 - context.c:693][2026-04-21 18:05:27] ERROR sharp_create_job failed: Failed to connect to Aggregation Manager (sharp_am)(-53)

dgx052:186:385 [4] sharp_plugin.c:337 NCCL WARN NET/IB : SHARP coll init error: Cannot create SHARP job(-11)

dgx052:186:292 [4] NCCL INFO transport.cc:331 -> 2
dgx052:188:289 [6] NCCL INFO GPU Direct RDMA Disabled for GPU d1000 / HCA 6 (distance 6 > 3)
dgx052:187:390 [5] NCCL INFO NCCL_IB_QPS_PER_CONNECTION set by environment to 8.
dgx052:188:384 [6] NCCL INFO New proxy recv connection 0 from local rank 6, transport 3
dgx052:187:390 [5] NCCL INFO NET/IB: NCCL Dev 8 IbDev 8 Port 1 qpn 7563 mtu 5 LID 416 subnet-prefix 33022  FLID 0 fifoRkey=0x1813d1 fifoLkey=0x1813d1
dgx052:187:390 [5] NCCL INFO NET/IB: NCCL Dev 8 IbDev 8 Port 1 qpn 7564 mtu 5 LID 416 subnet-prefix 33022  FLID 0 fifoRkey=0x1813d1 fifoLkey=0x1813d1
