dgx052:187:390 [5] NCCL INFO NET/IB: NCCL Dev 8 IbDev 8 Port 1 qpn 7565 mtu 5 LID 416 subnet-prefix 33022  FLID 0 fifoRkey=0x1813d1 fifoLkey=0x1813d1
dgx052:187:390 [5] NCCL INFO NET/IB: NCCL Dev 8 IbDev 8 Port 1 qpn 7566 mtu 5 LID 416 subnet-prefix 33022  FLID 0 fifoRkey=0x1813d1 fifoLkey=0x1813d1
dgx052:187:390 [5] NCCL INFO NET/IB: NCCL Dev 8 IbDev 8 Port 1 qpn 7567 mtu 5 LID 416 subnet-prefix 33022  FLID 0 fifoRkey=0x1813d1 fifoLkey=0x1813d1
dgx052:187:390 [5] NCCL INFO NET/IB: NCCL Dev 8 IbDev 8 Port 1 qpn 7568 mtu 5 LID 416 subnet-prefix 33022  FLID 0 fifoRkey=0x1813d1 fifoLkey=0x1813d1
dgx052:187:390 [5] NCCL INFO NET/IB: NCCL Dev 8 IbDev 8 Port 1 qpn 7569 mtu 5 LID 416 subnet-prefix 33022  FLID 0 fifoRkey=0x1813d1 fifoLkey=0x1813d1
dgx052:187:390 [5] NCCL INFO NET/IB: NCCL Dev 8 IbDev 8 Port 1 qpn 7570 mtu 5 LID 416 subnet-prefix 33022  FLID 0 fifoRkey=0x1813d1 fifoLkey=0x1813d1
dgx052:187:390 [5] NCCL INFO NCCL_IB_SL set by environment to 0.
dgx052:187:390 [5] NCCL INFO NCCL_IB_TIMEOUT set by environment to 22.
dgx052:187:390 [5] NCCL INFO NCCL_IB_RETRY_CNT set by environment to 7.
dgx052:187:390 [5] NCCL INFO NCCL_IB_SPLIT_DATA_ON_QPS set by environment to 1.
dgx052:187:390 [5] NCCL INFO NCCL_IB_AR_THRESHOLD set by environment to 8192.
dgx052:187:390 [5] NCCL INFO NET/IB : GPU Direct RDMA (DMABUF) enabled for HCA 8 'mlx5_10
dgx052:188:289 [6] NCCL INFO Connected to proxy localRank 6 -> connection 0x7fc16c004f40
dgx052:188:384 [6] NCCL INFO NET/IB : GPU Direct RDMA (DMABUF) enabled for HCA 6 'mlx5_7
dgx052:188:289 [6] NCCL INFO CollNet 06/0 : 6 [receive] via COLLNET/SHARP/6
[dgx052:0:187 - context.c:670][2026-04-21 18:05:28] INFO job (ID: 723531010830362412) resource request quota: ( osts:0 user_data_per_ost:0 max_groups:0 max_qps:1 max_group_channels:1, num_trees:1)
[dgx052][Apr 21 18:05:30 137888][SR     ][390][error] - no AM service record found(SA query)
[dgx052][Apr 21 18:05:30 172548][RDMA_SR][390][error] - Error event recieved: event: RDMA_CM_EVENT_UNREACHABLE,  error: 1
[dgx052][Apr 21 18:05:30 172584][RDMA_SR][390][error] - Error occured during connection event handle
[dgx052][Apr 21 18:05:33 175529][RDMA_SR][390][error] - poll failed due to poll_timeout=3000.000000, stop
[dgx052][Apr 21 18:05:33 175643][RDMA_SR][390][error] - Poll failed
[dgx052][Apr 21 18:05:33 175676][RDMA_SR][390][error] - Failed to connect
[dgx052][Apr 21 18:05:33 179627][RDMA_SR][390][error] - rdma_resolve_addr failed with error: -1
[dgx052][Apr 21 18:05:33 179725][RDMA_SR][390][error] - rdma_resolve_addr failed with error: -1
[dgx052][Apr 21 18:05:33 179779][SR     ][390][error] - unable to query AM service record(AM query)
[dgx052][Apr 21 18:05:33 179806][GENERAL][390][error] - Could not query AM address, error: -52
[dgx052][Apr 21 18:05:33 179832][GENERAL][390][error] - failed to connect to AM - error -1 received
[dgx052][Apr 21 18:05:33 183081][GENERAL][390][error] - unable to connect to AM
[dgx052][Apr 21 18:05:33 183152][GENERAL][390][warn ] - SHARPD_OP_CREATE_JOB failed with status: 53
[dgx052:0:187 unique id 723531010830362412][2026-04-21 18:05:33] ERROR Failed to connect to Aggregation Manager (sharp_am) in sharp_create_job.

[dgx052:0:187 - context.c:693][2026-04-21 18:05:33] ERROR sharp_create_job failed: Failed to connect to Aggregation Manager (sharp_am)(-53)

dgx052:187:390 [5] sharp_plugin.c:337 NCCL WARN NET/IB : SHARP coll init error: Cannot create SHARP job(-11)

dgx052:187:291 [5] NCCL INFO transport.cc:331 -> 2
dgx052:189:288 [7] NCCL INFO GPU Direct RDMA Disabled for GPU df000 / HCA 9 (distance 6 > 3)
dgx052:188:384 [6] NCCL INFO NCCL_IB_QPS_PER_CONNECTION set by environment to 8.
dgx052:189:383 [7] NCCL INFO New proxy recv connection 0 from local rank 7, transport 3
dgx052:188:384 [6] NCCL INFO NET/IB: NCCL Dev 6 IbDev 6 Port 1 qpn 122 mtu 5 LID 705 subnet-prefix 33022  FLID 0 fifoRkey=0x1812cf fifoLkey=0x1812cf
dgx052:188:384 [6] NCCL INFO NET/IB: NCCL Dev 6 IbDev 6 Port 1 qpn 123 mtu 5 LID 705 subnet-prefix 33022  FLID 0 fifoRkey=0x1812cf fifoLkey=0x1812cf
dgx052:188:384 [6] NCCL INFO NET/IB: NCCL Dev 6 IbDev 6 Port 1 qpn 124 mtu 5 LID 705 subnet-prefix 33022  FLID 0 fifoRkey=0x1812cf fifoLkey=0x1812cf
dgx052:188:384 [6] NCCL INFO NET/IB: NCCL Dev 6 IbDev 6 Port 1 qpn 125 mtu 5 LID 705 subnet-prefix 33022  FLID 0 fifoRkey=0x1812cf fifoLkey=0x1812cf
dgx052:188:384 [6] NCCL INFO NET/IB: NCCL Dev 6 IbDev 6 Port 1 qpn 126 mtu 5 LID 705 subnet-prefix 33022  FLID 0 fifoRkey=0x1812cf fifoLkey=0x1812cf
dgx052:188:384 [6] NCCL INFO NET/IB: NCCL Dev 6 IbDev 6 Port 1 qpn 127 mtu 5 LID 705 subnet-prefix 33022  FLID 0 fifoRkey=0x1812cf fifoLkey=0x1812cf
dgx052:188:384 [6] NCCL INFO NET/IB: NCCL Dev 6 IbDev 6 Port 1 qpn 128 mtu 5 LID 705 subnet-prefix 33022  FLID 0 fifoRkey=0x1812cf fifoLkey=0x1812cf
dgx052:188:384 [6] NCCL INFO NET/IB: NCCL Dev 6 IbDev 6 Port 1 qpn 129 mtu 5 LID 705 subnet-prefix 33022  FLID 0 fifoRkey=0x1812cf fifoLkey=0x1812cf
dgx052:188:384 [6] NCCL INFO NCCL_IB_SL set by environment to 0.
dgx052:188:384 [6] NCCL INFO NCCL_IB_TIMEOUT set by environment to 22.
dgx052:188:384 [6] NCCL INFO NCCL_IB_RETRY_CNT set by environment to 7.
dgx052:188:384 [6] NCCL INFO NCCL_IB_SPLIT_DATA_ON_QPS set by environment to 1.
dgx052:188:384 [6] NCCL INFO NCCL_IB_AR_THRESHOLD set by environment to 8192.
dgx052:188:384 [6] NCCL INFO NET/IB : GPU Direct RDMA (DMABUF) enabled for HCA 6 'mlx5_7
dgx052:189:288 [7] NCCL INFO Connected to proxy localRank 7 -> connection 0x7f8384004f40
dgx052:189:383 [7] NCCL INFO NET/IB : GPU Direct RDMA (DMABUF) enabled for HCA 9 'mlx5_11
dgx052:189:288 [7] NCCL INFO CollNet 07/0 : 7 [receive] via COLLNET/SHARP/9
[dgx052:0:188 - context.c:670][2026-04-21 18:05:34] INFO job (ID: 723531184824187485) resource request quota: ( osts:0 user_data_per_ost:0 max_groups:0 max_qps:1 max_group_channels:1, num_trees:1)
[dgx052][Apr 21 18:05:36 172207][SR     ][384][error] - no AM service record found(SA query)
[dgx052][Apr 21 18:05:36 209001][RDMA_SR][384][error] - Error event recieved: event: RDMA_CM_EVENT_UNREACHABLE,  error: 1
[dgx052][Apr 21 18:05:36 209037][RDMA_SR][384][error] - Error occured during connection event handle
[dgx052][Apr 21 18:05:39 212101][RDMA_SR][384][error] - poll failed due to poll_timeout=3000.000000, stop
[dgx052][Apr 21 18:05:39 212217][RDMA_SR][384][error] - Poll failed
[dgx052][Apr 21 18:05:39 212251][RDMA_SR][384][error] - Failed to connect
[dgx052][Apr 21 18:05:39 216764][RDMA_SR][384][error] - rdma_resolve_addr failed with error: -1
[dgx052][Apr 21 18:05:39 216843][RDMA_SR][384][error] - rdma_resolve_addr failed with error: -1
[dgx052][Apr 21 18:05:39 216868][SR     ][384][error] - unable to query AM service record(AM query)
[dgx052][Apr 21 18:05:39 216886][GENERAL][384][error] - Could not query AM address, error: -52
[dgx052][Apr 21 18:05:39 216906][GENERAL][384][error] - failed to connect to AM - error -1 received
[dgx052][Apr 21 18:05:39 220132][GENERAL][384][error] - unable to connect to AM
[dgx052][Apr 21 18:05:39 220190][GENERAL][384][warn ] - SHARPD_OP_CREATE_JOB failed with status: 53
[dgx052:0:188 unique id 723531184824187485][2026-04-21 18:05:39] ERROR Failed to connect to Aggregation Manager (sharp_am) in sharp_create_job.

[dgx052:0:188 - context.c:693][2026-04-21 18:05:39] ERROR sharp_create_job failed: Failed to connect to Aggregation Manager (sharp_am)(-53)

dgx052:188:384 [6] sharp_plugin.c:337 NCCL WARN NET/IB : SHARP coll init error: Cannot create SHARP job(-11)

dgx052:188:289 [6] NCCL INFO transport.cc:331 -> 2
dgx052:189:383 [7] NCCL INFO NCCL_IB_QPS_PER_CONNECTION set by environment to 8.
dgx052:189:383 [7] NCCL INFO NET/IB: NCCL Dev 9 IbDev 9 Port 1 qpn 7519 mtu 5 LID 419 subnet-prefix 33022  FLID 0 fifoRkey=0x17ecaa fifoLkey=0x17ecaa
dgx052:189:383 [7] NCCL INFO NET/IB: NCCL Dev 9 IbDev 9 Port 1 qpn 7520 mtu 5 LID 419 subnet-prefix 33022  FLID 0 fifoRkey=0x17ecaa fifoLkey=0x17ecaa
dgx052:189:383 [7] NCCL INFO NET/IB: NCCL Dev 9 IbDev 9 Port 1 qpn 7521 mtu 5 LID 419 subnet-prefix 33022  FLID 0 fifoRkey=0x17ecaa fifoLkey=0x17ecaa
dgx052:189:383 [7] NCCL INFO NET/IB: NCCL Dev 9 IbDev 9 Port 1 qpn 7522 mtu 5 LID 419 subnet-prefix 33022  FLID 0 fifoRkey=0x17ecaa fifoLkey=0x17ecaa
dgx052:189:383 [7] NCCL INFO NET/IB: NCCL Dev 9 IbDev 9 Port 1 qpn 7523 mtu 5 LID 419 subnet-prefix 33022  FLID 0 fifoRkey=0x17ecaa fifoLkey=0x17ecaa
dgx052:189:383 [7] NCCL INFO NET/IB: NCCL Dev 9 IbDev 9 Port 1 qpn 7524 mtu 5 LID 419 subnet-prefix 33022  FLID 0 fifoRkey=0x17ecaa fifoLkey=0x17ecaa
dgx052:189:383 [7] NCCL INFO NET/IB: NCCL Dev 9 IbDev 9 Port 1 qpn 7525 mtu 5 LID 419 subnet-prefix 33022  FLID 0 fifoRkey=0x17ecaa fifoLkey=0x17ecaa
dgx052:189:383 [7] NCCL INFO NET/IB: NCCL Dev 9 IbDev 9 Port 1 qpn 7526 mtu 5 LID 419 subnet-prefix 33022  FLID 0 fifoRkey=0x17ecaa fifoLkey=0x17ecaa
dgx052:189:383 [7] NCCL INFO NCCL_IB_SL set by environment to 0.
dgx052:189:383 [7] NCCL INFO NCCL_IB_TIMEOUT set by environment to 22.
dgx052:189:383 [7] NCCL INFO NCCL_IB_RETRY_CNT set by environment to 7.
dgx052:189:383 [7] NCCL INFO NCCL_IB_SPLIT_DATA_ON_QPS set by environment to 1.
dgx052:189:383 [7] NCCL INFO NCCL_IB_AR_THRESHOLD set by environment to 8192.
dgx052:189:383 [7] NCCL INFO NET/IB : GPU Direct RDMA (DMABUF) enabled for HCA 9 'mlx5_11
[dgx052:0:189 - context.c:670][2026-04-21 18:05:40] INFO job (ID: 723530910997906842) resource request quota: ( osts:0 user_data_per_ost:0 max_groups:0 max_qps:1 max_group_channels:1, num_trees:1)
[dgx052][Apr 21 18:05:41 914669][SR     ][383][error] - no AM service record found(SA query)
[dgx052][Apr 21 18:05:41 953163][RDMA_SR][383][error] - Error event recieved: event: RDMA_CM_EVENT_UNREACHABLE,  error: 1
[dgx052][Apr 21 18:05:41 953203][RDMA_SR][383][error] - Error occured during connection event handle
[dgx052][Apr 21 18:05:44 956270][RDMA_SR][383][error] - poll failed due to poll_timeout=3000.000000, stop
[dgx052][Apr 21 18:05:44 956383][RDMA_SR][383][error] - Poll failed
[dgx052][Apr 21 18:05:44 956416][RDMA_SR][383][error] - Failed to connect
[dgx052][Apr 21 18:05:44 960773][RDMA_SR][383][error] - rdma_resolve_addr failed with error: -1
[dgx052][Apr 21 18:05:44 960891][RDMA_SR][383][error] - rdma_resolve_addr failed with error: -1
[dgx052][Apr 21 18:05:44 960930][SR     ][383][error] - unable to query AM service record(AM query)
[dgx052][Apr 21 18:05:44 960960][GENERAL][383][error] - Could not query AM address, error: -52
[dgx052][Apr 21 18:05:44 960989][GENERAL][383][error] - failed to connect to AM - error -1 received
[dgx052][Apr 21 18:05:44 965080][GENERAL][383][error] - unable to connect to AM
[dgx052][Apr 21 18:05:44 965133][GENERAL][383][warn ] - SHARPD_OP_CREATE_JOB failed with status: 53
[dgx052:0:189 unique id 723530910997906842][2026-04-21 18:05:44] ERROR Failed to connect to Aggregation Manager (sharp_am) in sharp_create_job.

[dgx052:0:189 - context.c:693][2026-04-21 18:05:44] ERROR sharp_create_job failed: Failed to connect to Aggregation Manager (sharp_am)(-53)

dgx052:189:383 [7] sharp_plugin.c:337 NCCL WARN NET/IB : SHARP coll init error: Cannot create SHARP job(-11)

dgx052:189:288 [7] NCCL INFO transport.cc:331 -> 2
dgx052:188:289 [6] NCCL INFO transport/coll_net.cc:1375 -> 2
dgx052:188:289 [6] NCCL INFO NCCL_NTHREADS set by environment to 512.
dgx052:188:289 [6] NCCL INFO threadThresholds 8/8/64 | 128/8/64 | 512 | 512
dgx052:188:289 [6] NCCL INFO 16 coll channels, 16 collnet channels, 16 nvls channels, 16 p2p channels, 2 p2p channels per peer
dgx052:189:288 [7] NCCL INFO transport/coll_net.cc:1375 -> 2
dgx052:189:288 [7] NCCL INFO NCCL_NTHREADS set by environment to 512.
dgx052:186:292 [4] NCCL INFO transport/coll_net.cc:1375 -> 2
dgx052:189:288 [7] NCCL INFO threadThresholds 8/8/64 | 128/8/64 | 512 | 512
dgx052:189:288 [7] NCCL INFO 16 coll channels, 16 collnet channels, 16 nvls channels, 16 p2p channels, 2 p2p channels per peer
dgx052:184:293 [2] NCCL INFO transport/coll_net.cc:1375 -> 2
dgx052:186:292 [4] NCCL INFO NCCL_NTHREADS set by environment to 512.
dgx052:183:294 [1] NCCL INFO transport/coll_net.cc:1375 -> 2
dgx052:185:290 [3] NCCL INFO transport/coll_net.cc:1375 -> 2
dgx052:187:291 [5] NCCL INFO transport/coll_net.cc:1375 -> 2
dgx052:186:292 [4] NCCL INFO threadThresholds 8/8/64 | 128/8/64 | 512 | 512

dgx052:182:287 [0] transport.cc:360 NCCL WARN Cannot initialize CollNet, using point-to-point network instead
dgx052:184:293 [2] NCCL INFO NCCL_NTHREADS set by environment to 512.
dgx052:183:294 [1] NCCL INFO NCCL_NTHREADS set by environment to 512.
dgx052:186:292 [4] NCCL INFO 16 coll channels, 16 collnet channels, 16 nvls channels, 16 p2p channels, 2 p2p channels per peer
dgx052:185:290 [3] NCCL INFO NCCL_NTHREADS set by environment to 512.
dgx052:182:287 [0] NCCL INFO transport/coll_net.cc:1375 -> 2
dgx052:187:291 [5] NCCL INFO NCCL_NTHREADS set by environment to 512.
dgx052:184:293 [2] NCCL INFO threadThresholds 8/8/64 | 128/8/64 | 512 | 512
dgx052:183:294 [1] NCCL INFO threadThresholds 8/8/64 | 128/8/64 | 512 | 512
dgx052:184:293 [2] NCCL INFO 16 coll channels, 16 collnet channels, 16 nvls channels, 16 p2p channels, 2 p2p channels per peer
dgx052:182:287 [0] NCCL INFO NCCL_NTHREADS set by environment to 512.
dgx052:187:291 [5] NCCL INFO threadThresholds 8/8/64 | 128/8/64 | 512 | 512
dgx052:185:290 [3] NCCL INFO threadThresholds 8/8/64 | 128/8/64 | 512 | 512
dgx052:183:294 [1] NCCL INFO 16 coll channels, 16 collnet channels, 16 nvls channels, 16 p2p channels, 2 p2p channels per peer
dgx052:187:291 [5] NCCL INFO 16 coll channels, 16 collnet channels, 16 nvls channels, 16 p2p channels, 2 p2p channels per peer
dgx052:185:290 [3] NCCL INFO 16 coll channels, 16 collnet channels, 16 nvls channels, 16 p2p channels, 2 p2p channels per peer
dgx052:182:287 [0] NCCL INFO   Algorithm   |                            Tree                  |                            Ring                  |                   CollNetDirect                  |
dgx052:182:287 [0] NCCL INFO   Protocol    |             LL |          LL128 |         Simple |             LL |          LL128 |         Simple |             LL |          LL128 |         Simple |
dgx052:182:287 [0] NCCL INFO  Max NThreads |            512 |            640 |            512 |            512 |            640 |            512 |              0 |              0 |            640 |
dgx052:182:287 [0] NCCL INFO     Broadcast |     0.0/   0.0 |     0.0/   0.0 |     0.0/   0.0 |    49.8/  39.0 |    78.0/   0.0 |   456.4/ 200.0 |     0.0/   0.0 |     0.0/   0.0 |     0.0/   0.0 |
dgx052:182:287 [0] NCCL INFO        Reduce |     0.0/   0.0 |     0.0/   0.0 |     0.0/   0.0 |    49.8/  39.0 |    78.0/   0.0 |   456.4/ 200.0 |     0.0/   0.0 |     0.0/   0.0 |     0.0/   0.0 |
dgx052:182:287 [0] NCCL INFO     AllGather |     0.0/   0.0 |     0.0/   0.0 |     0.0/   0.0 |    23.3/  41.6 |    44.6/   0.0 |    70.0/ 213.3 |     5.6/   0.0 |     5.6/   0.0 |    44.0/   0.0 |
dgx052:182:287 [0] NCCL INFO ReduceScatter |     0.0/   0.0 |     0.0/   0.0 |     0.0/   0.0 |    23.3/  41.6 |    44.6/   0.0 |    70.0/ 213.3 |     5.6/   0.0 |     5.6/   0.0 |    44.0/   0.0 |
dgx052:182:287 [0] NCCL INFO     AllReduce |    25.2/  19.5 |    48.5/   0.0 |   448.0/ 103.5 |    43.4/  20.8 |    79.4/   0.0 |   152.8/ 106.7 |     5.6/   0.0 |     5.6/   0.0 |    44.0/   0.0 |
dgx052:182:287 [0] NCCL INFO   Algorithm   |                    CollNetChain                  |                            NVLS                  |                        NVLSTree                  |
dgx052:182:287 [0] NCCL INFO   Protocol    |             LL |          LL128 |         Simple |             LL |          LL128 |         Simple |             LL |          LL128 |         Simple |
dgx052:182:287 [0] NCCL INFO  Max NThreads |              0 |              0 |            640 |              0 |              0 |            640 |              0 |              0 |            640 |
dgx052:182:287 [0] NCCL INFO     Broadcast |     0.0/   0.0 |     0.0/   0.0 |     0.0/   0.0 |     0.0/   0.0 |     0.0/   0.0 |     0.0/   0.0 |     0.0/   0.0 |     0.0/   0.0 |     0.0/   0.0 |
dgx052:182:287 [0] NCCL INFO        Reduce |     0.0/   0.0 |     0.0/   0.0 |     0.0/   0.0 |     0.0/   0.0 |     0.0/   0.0 |     0.0/   0.0 |     0.0/   0.0 |     0.0/   0.0 |     0.0/   0.0 |
dgx052:182:287 [0] NCCL INFO     AllGather |     0.0/   0.0 |     0.0/   0.0 |     0.0/   0.0 |     0.0/   0.0 |     0.0/   0.0 |    43.0/   0.0 |     0.0/   0.0 |     0.0/   0.0 |     0.0/   0.0 |
dgx052:182:287 [0] NCCL INFO ReduceScatter |     0.0/   0.0 |     0.0/   0.0 |     0.0/   0.0 |     0.0/   0.0 |     0.0/   0.0 |    43.0/   0.0 |     0.0/   0.0 |     0.0/   0.0 |     0.0/   0.0 |
dgx052:182:287 [0] NCCL INFO     AllReduce |     0.0/   0.0 |     0.0/   0.0 |    69.2/   0.0 |     0.0/   0.0 |     0.0/   0.0 |    43.0/   0.0 |     0.0/   0.0 |     0.0/   0.0 |    53.0/ 133.3 |
dgx052:182:287 [0] NCCL INFO threadThresholds 8/8/64 | 128/8/64 | 512 | 512
dgx052:182:287 [0] NCCL INFO 16 coll channels, 16 collnet channels, 16 nvls channels, 16 p2p channels, 2 p2p channels per peer
dgx052:182:287 [0] NCCL INFO CC Off, Multi-GPU CC Off, workFifoBytes 1048576
dgx052:189:288 [7] NCCL INFO TUNER/Plugin: Failed to find ncclTunerPlugin_v3 symbol.
dgx052:189:288 [7] NCCL INFO TUNER/Plugin: Failed to find ncclTunerPlugin_v2 symbol, using internal tuner instead.
dgx052:189:288 [7] NCCL INFO ncclCommInitRank comm 0x560947db6720 rank 7 nranks 16 cudaDev 7 nvmlDev 7 busId df000 commId 0x87f603086af0f06 - Init COMPLETE
dgx052:189:288 [7] NCCL INFO Init timings: rank 7 nranks 16 total 49.83 (kernels 0.32, bootstrap 1.09, allgathers 1.02, topo 0.08, graphs 1.14, connections 46.18, rest 0.00)
dgx052:188:289 [6] NCCL INFO TUNER/Plugin: Failed to find ncclTunerPlugin_v3 symbol.
dgx052:188:289 [6] NCCL INFO TUNER/Plugin: Failed to find ncclTunerPlugin_v2 symbol, using internal tuner instead.
dgx052:188:289 [6] NCCL INFO ncclCommInitRank comm 0x55bb4f0ebd10 rank 6 nranks 16 cudaDev 6 nvmlDev 6 busId d1000 commId 0x87f603086af0f06 - Init COMPLETE
dgx052:188:289 [6] NCCL INFO Init timings: rank 6 nranks 16 total 49.82 (kernels 0.34, bootstrap 1.07, allgathers 1.02, topo 0.08, graphs 1.14, connections 46.18, rest 0.00)
dgx052:182:287 [0] NCCL INFO TUNER/Plugin: Failed to find ncclTunerPlugin_v3 symbol.
dgx052:182:287 [0] NCCL INFO TUNER/Plugin: Failed to find ncclTunerPlugin_v2 symbol, using internal tuner instead.
dgx052:182:287 [0] NCCL INFO ncclCommInitRank comm 0x55b357edc580 rank 0 nranks 16 cudaDev 0 nvmlDev 0 busId 1b000 commId 0x87f603086af0f06 - Init COMPLETE
dgx052:182:287 [0] NCCL INFO Init timings: rank 0 nranks 16 total 49.86 (kernels 0.31, bootstrap 1.13, allgathers 0.03, topo 0.08, graphs 2.13, connections 46.18, rest 0.00)
dgx052:186:292 [4] NCCL INFO TUNER/Plugin: Failed to find ncclTunerPlugin_v3 symbol.
dgx052:186:292 [4] NCCL INFO TUNER/Plugin: Failed to find ncclTunerPlugin_v2 symbol, using internal tuner instead.
dgx052:187:291 [5] NCCL INFO TUNER/Plugin: Failed to find ncclTunerPlugin_v3 symbol.
dgx052:186:292 [4] NCCL INFO ncclCommInitRank comm 0x560143781810 rank 4 nranks 16 cudaDev 4 nvmlDev 4 busId 9d000 commId 0x87f603086af0f06 - Init COMPLETE
dgx052:187:291 [5] NCCL INFO TUNER/Plugin: Failed to find ncclTunerPlugin_v2 symbol, using internal tuner instead.
dgx052:187:291 [5] NCCL INFO ncclCommInitRank comm 0x5627de0a65f0 rank 5 nranks 16 cudaDev 5 nvmlDev 5 busId c3000 commId 0x87f603086af0f06 - Init COMPLETE
dgx052:186:292 [4] NCCL INFO Init timings: rank 4 nranks 16 total 49.80 (kernels 0.47, bootstrap 0.91, allgathers 1.04, topo 0.08, graphs 1.12, connections 46.18, rest 0.00)
dgx052:187:291 [5] NCCL INFO Init timings: rank 5 nranks 16 total 49.80 (kernels 0.41, bootstrap 0.98, allgathers 0.95, topo 0.07, graphs 1.20, connections 46.18, rest 0.00)
dgx052:184:293 [2] NCCL INFO TUNER/Plugin: Failed to find ncclTunerPlugin_v3 symbol.
dgx052:185:290 [3] NCCL INFO TUNER/Plugin: Failed to find ncclTunerPlugin_v3 symbol.
dgx052:184:293 [2] NCCL INFO TUNER/Plugin: Failed to find ncclTunerPlugin_v2 symbol, using internal tuner instead.
dgx052:183:294 [1] NCCL INFO TUNER/Plugin: Failed to find ncclTunerPlugin_v3 symbol.
dgx052:185:290 [3] NCCL INFO TUNER/Plugin: Failed to find ncclTunerPlugin_v2 symbol, using internal tuner instead.
dgx052:183:294 [1] NCCL INFO TUNER/Plugin: Failed to find ncclTunerPlugin_v2 symbol, using internal tuner instead.
dgx052:184:293 [2] NCCL INFO ncclCommInitRank comm 0x56001616e3e0 rank 2 nranks 16 cudaDev 2 nvmlDev 2 busId 52000 commId 0x87f603086af0f06 - Init COMPLETE
dgx052:185:290 [3] NCCL INFO ncclCommInitRank comm 0x55e917ea2d30 rank 3 nranks 16 cudaDev 3 nvmlDev 3 busId 61000 commId 0x87f603086af0f06 - Init COMPLETE
dgx052:183:294 [1] NCCL INFO ncclCommInitRank comm 0x562a329b14f0 rank 1 nranks 16 cudaDev 1 nvmlDev 1 busId 43000 commId 0x87f603086af0f06 - Init COMPLETE
dgx052:184:293 [2] NCCL INFO Init timings: rank 2 nranks 16 total 49.78 (kernels 0.52, bootstrap 0.84, allgathers 0.37, topo 0.08, graphs 1.79, connections 46.18, rest 0.00)
dgx052:185:290 [3] NCCL INFO Init timings: rank 3 nranks 16 total 49.82 (kernels 0.20, bootstrap 1.20, allgathers 0.86, topo 0.08, graphs 1.30, connections 46.18, rest 0.00)
dgx052:183:294 [1] NCCL INFO Init timings: rank 1 nranks 16 total 49.77 (kernels 0.20, bootstrap 1.16, allgathers 0.96, topo 0.07, graphs 1.20, connections 46.18, rest 0.00)
dgx052:187:187 [5] NCCL INFO AllReduce: opCount 0 sendbuff 0x7f9cefe00000 recvbuff 0x7f9cefe00000 count 262144 datatype 7 op 0 root 0 comm 0x5627de0a65f0 [nranks=16] stream 0x5627d6c13590
dgx052:182:182 [0] NCCL INFO AllReduce: opCount 0 sendbuff 0x7f539fe00000 recvbuff 0x7f539fe00000 count 262144 datatype 7 op 0 root 0 comm 0x55b357edc580 [nranks=16] stream 0x55b350a404e0
dgx052:182:182 [0] NCCL INFO 1048576 Bytes -> Algo 5 proto 2 time 60.864319
dgx052:183:183 [1] NCCL INFO AllReduce: opCount 0 sendbuff 0x7f3555e00000 recvbuff 0x7f3555e00000 count 262144 datatype 7 op 0 root 0 comm 0x562a329b14f0 [nranks=16] stream 0x562a2b51d590
dgx052:188:188 [6] NCCL INFO AllReduce: opCount 0 sendbuff 0x7fc1c5e00000 recvbuff 0x7fc1c5e00000 count 262144 datatype 7 op 0 root 0 comm 0x55bb4f0ebd10 [nranks=16] stream 0x55bb47c384e0
dgx052:184:184 [2] NCCL INFO AllReduce: opCount 0 sendbuff 0x7f96bde00000 recvbuff 0x7f96bde00000 count 262144 datatype 7 op 0 root 0 comm 0x56001616e3e0 [nranks=16] stream 0x56000ecda4e0
dgx052:189:189 [7] NCCL INFO AllReduce: opCount 0 sendbuff 0x7f83dfe00000 recvbuff 0x7f83dfe00000 count 262144 datatype 7 op 0 root 0 comm 0x560947db6720 [nranks=16] stream 0x5609409234e0
dgx052:185:185 [3] NCCL INFO AllReduce: opCount 0 sendbuff 0x7f61f1e00000 recvbuff 0x7f61f1e00000 count 262144 datatype 7 op 0 root 0 comm 0x55e917ea2d30 [nranks=16] stream 0x55e910a2f590
dgx052:186:186 [4] NCCL INFO AllReduce: opCount 0 sendbuff 0x7f69a3e00000 recvbuff 0x7f69a3e00000 count 262144 datatype 7 op 0 root 0 comm 0x560143781810 [nranks=16] stream 0x56013c2ee590
dgx052:183:475 [1] NCCL INFO NVLS comm 0x562a329b14f0 headRank 1 nHeads 8 buffSize 4194304 nvlsPerRankSize 134217728 nvlsTotalSize 1073741824
dgx052:185:478 [3] NCCL INFO NVLS comm 0x55e917ea2d30 headRank 3 nHeads 8 buffSize 4194304 nvlsPerRankSize 134217728 nvlsTotalSize 1073741824
dgx052:186:476 [4] NCCL INFO NVLS comm 0x560143781810 headRank 4 nHeads 8 buffSize 4194304 nvlsPerRankSize 134217728 nvlsTotalSize 1073741824
dgx052:184:473 [2] NCCL INFO NVLS comm 0x56001616e3e0 headRank 2 nHeads 8 buffSize 4194304 nvlsPerRankSize 134217728 nvlsTotalSize 1073741824
dgx052:182:477 [0] NCCL INFO NVLS comm 0x55b357edc580 headRank 0 nHeads 8 buffSize 4194304 nvlsPerRankSize 134217728 nvlsTotalSize 1073741824
dgx052:188:471 [6] NCCL INFO NVLS comm 0x55bb4f0ebd10 headRank 6 nHeads 8 buffSize 4194304 nvlsPerRankSize 134217728 nvlsTotalSize 1073741824
dgx052:187:474 [5] NCCL INFO NVLS comm 0x5627de0a65f0 headRank 5 nHeads 8 buffSize 4194304 nvlsPerRankSize 134217728 nvlsTotalSize 1073741824
dgx052:189:472 [7] NCCL INFO NVLS comm 0x560947db6720 headRank 7 nHeads 8 buffSize 4194304 nvlsPerRankSize 134217728 nvlsTotalSize 1073741824
dgx052:189:472 [7] NCCL INFO GPU Direct RDMA Disabled for GPU df000 / HCA 9 (distance 6 > 3)
dgx052:182:477 [0] NCCL INFO GPU Direct RDMA Disabled for GPU 1b000 / HCA 0 (distance 6 > 3)
dgx052:185:478 [3] NCCL INFO GPU Direct RDMA Disabled for GPU 61000 / HCA 3 (distance 6 > 3)
dgx052:186:476 [4] NCCL INFO GPU Direct RDMA Disabled for GPU 9d000 / HCA 5 (distance 6 > 3)
dgx052:186:385 [4] NCCL INFO New proxy recv connection 1 from local rank 4, transport 2
dgx052:188:471 [6] NCCL INFO GPU Direct RDMA Disabled for GPU d1000 / HCA 6 (distance 6 > 3)
dgx052:186:476 [4] NCCL INFO Connected to proxy localRank 4 -> connection 0x7f6948004fb8
dgx052:187:474 [5] NCCL INFO GPU Direct RDMA Disabled for GPU c3000 / HCA 8 (distance 6 > 3)
dgx052:184:473 [2] NCCL INFO GPU Direct RDMA Disabled for GPU 52000 / HCA 2 (distance 6 > 3)
dgx052:186:385 [4] NCCL INFO NET/IB : GPU Direct RDMA (DMABUF) enabled for HCA 5 'mlx5_6
dgx052:183:475 [1] NCCL INFO GPU Direct RDMA Disabled for GPU 43000 / HCA 1 (distance 6 > 3)
dgx052:186:476 [4] NCCL INFO Channel 00/0 : 12[4] -> 4[4] [receive] via NET/IBext_v8/5
dgx052:186:476 [4] NCCL INFO GPU Direct RDMA Disabled for GPU 9d000 / HCA 5 (distance 6 > 3)
dgx052:186:385 [4] NCCL INFO New proxy recv connection 2 from local rank 4, transport 2
dgx052:182:397 [0] NCCL INFO New proxy recv connection 1 from local rank 0, transport 2
dgx052:185:388 [3] NCCL INFO New proxy recv connection 1 from local rank 3, transport 2
dgx052:186:476 [4] NCCL INFO Connected to proxy localRank 4 -> connection 0x7f6948005030
dgx052:189:383 [7] NCCL INFO New proxy recv connection 1 from local rank 7, transport 2
dgx052:186:385 [4] NCCL INFO NET/IB : GPU Direct RDMA (DMABUF) enabled for HCA 5 'mlx5_6
dgx052:185:478 [3] NCCL INFO Connected to proxy localRank 3 -> connection 0x7f6190004fb8
dgx052:182:477 [0] NCCL INFO Connected to proxy localRank 0 -> connection 0x7f5360004fb8
dgx052:186:476 [4] NCCL INFO Channel 01/0 : 12[4] -> 4[4] [receive] via NET/IBext_v8/5
dgx052:188:384 [6] NCCL INFO New proxy recv connection 1 from local rank 6, transport 2
dgx052:186:476 [4] NCCL INFO GPU Direct RDMA Disabled for GPU 9d000 / HCA 5 (distance 6 > 3)
dgx052:189:472 [7] NCCL INFO Connected to proxy localRank 7 -> connection 0x7f8384004fb8
dgx052:184:389 [2] NCCL INFO New proxy recv connection 1 from local rank 2, transport 2
dgx052:186:385 [4] NCCL INFO New proxy recv connection 3 from local rank 4, transport 2
dgx052:188:471 [6] NCCL INFO Connected to proxy localRank 6 -> connection 0x7fc16c004fb8
dgx052:186:476 [4] NCCL INFO Connected to proxy localRank 4 -> connection 0x7f69480050a8
dgx052:187:390 [5] NCCL INFO New proxy recv connection 1 from local rank 5, transport 2
dgx052:182:397 [0] NCCL INFO NET/IB : GPU Direct RDMA (DMABUF) enabled for HCA 0 'mlx5_0
dgx052:185:388 [3] NCCL INFO NET/IB : GPU Direct RDMA (DMABUF) enabled for HCA 3 'mlx5_4
dgx052:186:385 [4] NCCL INFO NET/IB : GPU Direct RDMA (DMABUF) enabled for HCA 5 'mlx5_6
dgx052:189:383 [7] NCCL INFO NET/IB : GPU Direct RDMA (DMABUF) enabled for HCA 9 'mlx5_11
dgx052:184:473 [2] NCCL INFO Connected to proxy localRank 2 -> connection 0x7f965c004fb8
dgx052:183:395 [1] NCCL INFO New proxy recv connection 1 from local rank 1, transport 2
dgx052:186:476 [4] NCCL INFO Channel 02/0 : 12[4] -> 4[4] [receive] via NET/IBext_v8/5
dgx052:186:476 [4] NCCL INFO GPU Direct RDMA Disabled for GPU 9d000 / HCA 5 (distance 6 > 3)
dgx052:187:474 [5] NCCL INFO Connected to proxy localRank 5 -> connection 0x7f9c98004fb8
dgx052:188:384 [6] NCCL INFO NET/IB : GPU Direct RDMA (DMABUF) enabled for HCA 6 'mlx5_7
dgx052:186:385 [4] NCCL INFO New proxy recv connection 4 from local rank 4, transport 2
dgx052:186:476 [4] NCCL INFO Connected to proxy localRank 4 -> connection 0x7f6948005120
dgx052:183:475 [1] NCCL INFO Connected to proxy localRank 1 -> connection 0x7f34f8004fb8
dgx052:185:478 [3] NCCL INFO Channel 00/0 : 11[3] -> 3[3] [receive] via NET/IBext_v8/3
dgx052:185:478 [3] NCCL INFO GPU Direct RDMA Disabled for GPU 61000 / HCA 3 (distance 6 > 3)
dgx052:182:477 [0] NCCL INFO Channel 00/0 : 8[0] -> 0[0] [receive] via NET/IBext_v8/0
dgx052:182:477 [0] NCCL INFO GPU Direct RDMA Disabled for GPU 1b000 / HCA 0 (distance 6 > 3)
dgx052:189:472 [7] NCCL INFO Channel 00/0 : 15[7] -> 7[7] [receive] via NET/IBext_v8/9
dgx052:189:472 [7] NCCL INFO GPU Direct RDMA Disabled for GPU df000 / HCA 9 (distance 6 > 3)
dgx052:186:385 [4] NCCL INFO NET/IB : GPU Direct RDMA (DMABUF) enabled for HCA 5 'mlx5_6
dgx052:187:390 [5] NCCL INFO NET/IB : GPU Direct RDMA (DMABUF) enabled for HCA 8 'mlx5_10
dgx052:184:389 [2] NCCL INFO NET/IB : GPU Direct RDMA (DMABUF) enabled for HCA 2 'mlx5_3
dgx052:185:388 [3] NCCL INFO New proxy recv connection 2 from local rank 3, transport 2
dgx052:186:476 [4] NCCL INFO Channel 03/0 : 12[4] -> 4[4] [receive] via NET/IBext_v8/5
dgx052:186:476 [4] NCCL INFO GPU Direct RDMA Disabled for GPU 9d000 / HCA 5 (distance 6 > 3)
dgx052:188:471 [6] NCCL INFO Channel 00/0 : 14[6] -> 6[6] [receive] via NET/IBext_v8/6
dgx052:188:471 [6] NCCL INFO GPU Direct RDMA Disabled for GPU d1000 / HCA 6 (distance 6 > 3)
dgx052:182:397 [0] NCCL INFO New proxy recv connection 2 from local rank 0, transport 2
dgx052:189:383 [7] NCCL INFO New proxy recv connection 2 from local rank 7, transport 2
dgx052:185:478 [3] NCCL INFO Connected to proxy localRank 3 -> connection 0x7f6190005030
dgx052:186:385 [4] NCCL INFO New proxy recv connection 5 from local rank 4, transport 2
dgx052:186:476 [4] NCCL INFO Connected to proxy localRank 4 -> connection 0x7f6948005198
dgx052:182:477 [0] NCCL INFO Connected to proxy localRank 0 -> connection 0x7f5360005030
dgx052:189:472 [7] NCCL INFO Connected to proxy localRank 7 -> connection 0x7f8384005030
dgx052:188:384 [6] NCCL INFO New proxy recv connection 2 from local rank 6, transport 2
dgx052:187:474 [5] NCCL INFO Channel 00/0 : 13[5] -> 5[5] [receive] via NET/IBext_v8/8
dgx052:183:395 [1] NCCL INFO NET/IB : GPU Direct RDMA (DMABUF) enabled for HCA 1 'mlx5_1
dgx052:187:474 [5] NCCL INFO GPU Direct RDMA Disabled for GPU c3000 / HCA 8 (distance 6 > 3)
dgx052:185:388 [3] NCCL INFO NET/IB : GPU Direct RDMA (DMABUF) enabled for HCA 3 'mlx5_4
dgx052:184:473 [2] NCCL INFO Channel 00/0 : 10[2] -> 2[2] [receive] via NET/IBext_v8/2
dgx052:186:385 [4] NCCL INFO NET/IB : GPU Direct RDMA (DMABUF) enabled for HCA 5 'mlx5_6
dgx052:184:473 [2] NCCL INFO GPU Direct RDMA Disabled for GPU 52000 / HCA 2 (distance 6 > 3)
dgx052:188:471 [6] NCCL INFO Connected to proxy localRank 6 -> connection 0x7fc16c005030
dgx052:189:383 [7] NCCL INFO NET/IB : GPU Direct RDMA (DMABUF) enabled for HCA 9 'mlx5_11
dgx052:186:476 [4] NCCL INFO Channel 04/0 : 12[4] -> 4[4] [receive] via NET/IBext_v8/5
dgx052:186:476 [4] NCCL INFO GPU Direct RDMA Disabled for GPU 9d000 / HCA 5 (distance 6 > 3)
dgx052:182:397 [0] NCCL INFO NET/IB : GPU Direct RDMA (DMABUF) enabled for HCA 0 'mlx5_0
dgx052:185:478 [3] NCCL INFO Channel 01/0 : 11[3] -> 3[3] [receive] via NET/IBext_v8/3
dgx052:185:478 [3] NCCL INFO GPU Direct RDMA Disabled for GPU 61000 / HCA 3 (distance 6 > 3)
dgx052:187:390 [5] NCCL INFO New proxy recv connection 2 from local rank 5, transport 2
dgx052:186:385 [4] NCCL INFO New proxy recv connection 6 from local rank 4, transport 2
dgx052:188:384 [6] NCCL INFO NET/IB : GPU Direct RDMA (DMABUF) enabled for HCA 6 'mlx5_7
dgx052:187:474 [5] NCCL INFO Connected to proxy localRank 5 -> connection 0x7f9c98005030
dgx052:189:472 [7] NCCL INFO Channel 01/0 : 15[7] -> 7[7] [receive] via NET/IBext_v8/9
dgx052:189:472 [7] NCCL INFO GPU Direct RDMA Disabled for GPU df000 / HCA 9 (distance 6 > 3)
dgx052:183:475 [1] NCCL INFO Channel 00/0 : 9[1] -> 1[1] [receive] via NET/IBext_v8/1
dgx052:186:476 [4] NCCL INFO Connected to proxy localRank 4 -> connection 0x7f6948005210
dgx052:183:475 [1] NCCL INFO GPU Direct RDMA Disabled for GPU 43000 / HCA 1 (distance 6 > 3)
dgx052:184:389 [2] NCCL INFO New proxy recv connection 2 from local rank 2, transport 2
dgx052:182:477 [0] NCCL INFO Channel 01/0 : 8[0] -> 0[0] [receive] via NET/IBext_v8/0
dgx052:182:477 [0] NCCL INFO GPU Direct RDMA Disabled for GPU 1b000 / HCA 0 (distance 6 > 3)
dgx052:186:385 [4] NCCL INFO NET/IB : GPU Direct RDMA (DMABUF) enabled for HCA 5 'mlx5_6
dgx052:185:388 [3] NCCL INFO New proxy recv connection 3 from local rank 3, transport 2
dgx052:188:471 [6] NCCL INFO Channel 01/0 : 14[6] -> 6[6] [receive] via NET/IBext_v8/6
dgx052:187:390 [5] NCCL INFO NET/IB : GPU Direct RDMA (DMABUF) enabled for HCA 8 'mlx5_10
dgx052:188:471 [6] NCCL INFO GPU Direct RDMA Disabled for GPU d1000 / HCA 6 (distance 6 > 3)
dgx052:184:473 [2] NCCL INFO Connected to proxy localRank 2 -> connection 0x7f965c005030
dgx052:189:383 [7] NCCL INFO New proxy recv connection 3 from local rank 7, transport 2
dgx052:186:476 [4] NCCL INFO Channel 05/0 : 12[4] -> 4[4] [receive] via NET/IBext_v8/5
dgx052:186:476 [4] NCCL INFO GPU Direct RDMA Disabled for GPU 9d000 / HCA 5 (distance 6 > 3)
dgx052:185:478 [3] NCCL INFO Connected to proxy localRank 3 -> connection 0x7f61900050a8
dgx052:189:472 [7] NCCL INFO Connected to proxy localRank 7 -> connection 0x7f83840050a8
dgx052:187:474 [5] NCCL INFO Channel 01/0 : 13[5] -> 5[5] [receive] via NET/IBext_v8/8
dgx052:186:385 [4] NCCL INFO New proxy recv connection 7 from local rank 4, transport 2
dgx052:183:395 [1] NCCL INFO New proxy recv connection 2 from local rank 1, transport 2
dgx052:187:474 [5] NCCL INFO GPU Direct RDMA Disabled for GPU c3000 / HCA 8 (distance 6 > 3)
dgx052:182:397 [0] NCCL INFO New proxy recv connection 3 from local rank 0, transport 2
dgx052:188:384 [6] NCCL INFO New proxy recv connection 3 from local rank 6, transport 2
dgx052:186:476 [4] NCCL INFO Connected to proxy localRank 4 -> connection 0x7f6948005288
dgx052:182:477 [0] NCCL INFO Connected to proxy localRank 0 -> connection 0x7f53600050a8
dgx052:185:388 [3] NCCL INFO NET/IB : GPU Direct RDMA (DMABUF) enabled for HCA 3 'mlx5_4
dgx052:183:475 [1] NCCL INFO Connected to proxy localRank 1 -> connection 0x7f34f8005030
dgx052:188:471 [6] NCCL INFO Connected to proxy localRank 6 -> connection 0x7fc16c0050a8
dgx052:184:389 [2] NCCL INFO NET/IB : GPU Direct RDMA (DMABUF) enabled for HCA 2 'mlx5_3
dgx052:186:385 [4] NCCL INFO NET/IB : GPU Direct RDMA (DMABUF) enabled for HCA 5 'mlx5_6
dgx052:189:383 [7] NCCL INFO NET/IB : GPU Direct RDMA (DMABUF) enabled for HCA 9 'mlx5_11
dgx052:187:390 [5] NCCL INFO New proxy recv connection 3 from local rank 5, transport 2
dgx052:186:476 [4] NCCL INFO Channel 06/0 : 12[4] -> 4[4] [receive] via NET/IBext_v8/5
dgx052:186:476 [4] NCCL INFO GPU Direct RDMA Disabled for GPU 9d000 / HCA 5 (distance 6 > 3)
dgx052:187:474 [5] NCCL INFO Connected to proxy localRank 5 -> connection 0x7f9c980050a8
dgx052:185:478 [3] NCCL INFO Channel 02/0 : 11[3] -> 3[3] [receive] via NET/IBext_v8/3
dgx052:182:397 [0] NCCL INFO NET/IB : GPU Direct RDMA (DMABUF) enabled for HCA 0 'mlx5_0
dgx052:185:478 [3] NCCL INFO GPU Direct RDMA Disabled for GPU 61000 / HCA 3 (distance 6 > 3)
dgx052:189:472 [7] NCCL INFO Channel 02/0 : 15[7] -> 7[7] [receive] via NET/IBext_v8/9
dgx052:186:385 [4] NCCL INFO New proxy recv connection 8 from local rank 4, transport 2
dgx052:189:472 [7] NCCL INFO GPU Direct RDMA Disabled for GPU df000 / HCA 9 (distance 6 > 3)
dgx052:184:473 [2] NCCL INFO Channel 01/0 : 10[2] -> 2[2] [receive] via NET/IBext_v8/2
dgx052:184:473 [2] NCCL INFO GPU Direct RDMA Disabled for GPU 52000 / HCA 2 (distance 6 > 3)
dgx052:186:476 [4] NCCL INFO Connected to proxy localRank 4 -> connection 0x7f6948005300
dgx052:188:384 [6] NCCL INFO NET/IB : GPU Direct RDMA (DMABUF) enabled for HCA 6 'mlx5_7
dgx052:183:395 [1] NCCL INFO NET/IB : GPU Direct RDMA (DMABUF) enabled for HCA 1 'mlx5_1
dgx052:187:390 [5] NCCL INFO NET/IB : GPU Direct RDMA (DMABUF) enabled for HCA 8 'mlx5_10
dgx052:186:385 [4] NCCL INFO NET/IB : GPU Direct RDMA (DMABUF) enabled for HCA 5 'mlx5_6
dgx052:182:477 [0] NCCL INFO Channel 02/0 : 8[0] -> 0[0] [receive] via NET/IBext_v8/0
dgx052:182:477 [0] NCCL INFO GPU Direct RDMA Disabled for GPU 1b000 / HCA 0 (distance 6 > 3)
dgx052:185:388 [3] NCCL INFO New proxy recv connection 4 from local rank 3, transport 2
dgx052:186:476 [4] NCCL INFO Channel 07/0 : 12[4] -> 4[4] [receive] via NET/IBext_v8/5
dgx052:186:476 [4] NCCL INFO GPU Direct RDMA Disabled for GPU 9d000 / HCA 5 (distance 6 > 3)
dgx052:189:383 [7] NCCL INFO New proxy recv connection 4 from local rank 7, transport 2
dgx052:188:471 [6] NCCL INFO Channel 02/0 : 14[6] -> 6[6] [receive] via NET/IBext_v8/6
dgx052:184:389 [2] NCCL INFO New proxy recv connection 3 from local rank 2, transport 2
dgx052:188:471 [6] NCCL INFO GPU Direct RDMA Disabled for GPU d1000 / HCA 6 (distance 6 > 3)
dgx052:183:475 [1] NCCL INFO Channel 01/0 : 9[1] -> 1[1] [receive] via NET/IBext_v8/1
dgx052:183:475 [1] NCCL INFO GPU Direct RDMA Disabled for GPU 43000 / HCA 1 (distance 6 > 3)
dgx052:187:474 [5] NCCL INFO Channel 02/0 : 13[5] -> 5[5] [receive] via NET/IBext_v8/8
dgx052:187:474 [5] NCCL INFO GPU Direct RDMA Disabled for GPU c3000 / HCA 8 (distance 6 > 3)
dgx052:185:478 [3] NCCL INFO Connected to proxy localRank 3 -> connection 0x7f6190005120
dgx052:186:385 [4] NCCL INFO New proxy recv connection 9 from local rank 4, transport 2
dgx052:189:472 [7] NCCL INFO Connected to proxy localRank 7 -> connection 0x7f8384005120
dgx052:186:476 [4] NCCL INFO Connected to proxy localRank 4 -> connection 0x7f6948005378
dgx052:184:473 [2] NCCL INFO Connected to proxy localRank 2 -> connection 0x7f965c0050a8
dgx052:182:397 [0] NCCL INFO New proxy recv connection 4 from local rank 0, transport 2
dgx052:187:390 [5] NCCL INFO New proxy recv connection 4 from local rank 5, transport 2
dgx052:185:388 [3] NCCL INFO NET/IB : GPU Direct RDMA (DMABUF) enabled for HCA 3 'mlx5_4
dgx052:186:385 [4] NCCL INFO NET/IB : GPU Direct RDMA (DMABUF) enabled for HCA 5 'mlx5_6
dgx052:182:477 [0] NCCL INFO Connected to proxy localRank 0 -> connection 0x7f5360005120
dgx052:188:384 [6] NCCL INFO New proxy recv connection 4 from local rank 6, transport 2
dgx052:183:395 [1] NCCL INFO New proxy recv connection 3 from local rank 1, transport 2
dgx052:189:383 [7] NCCL INFO NET/IB : GPU Direct RDMA (DMABUF) enabled for HCA 9 'mlx5_11
dgx052:187:474 [5] NCCL INFO Connected to proxy localRank 5 -> connection 0x7f9c98005120
dgx052:186:476 [4] NCCL INFO Channel 08/0 : 12[4] -> 4[4] [receive] via NET/IBext_v8/5
dgx052:186:476 [4] NCCL INFO GPU Direct RDMA Disabled for GPU 9d000 / HCA 5 (distance 6 > 3)
dgx052:188:471 [6] NCCL INFO Connected to proxy localRank 6 -> connection 0x7fc16c005120
dgx052:185:478 [3] NCCL INFO Channel 03/0 : 11[3] -> 3[3] [receive] via NET/IBext_v8/3
dgx052:185:478 [3] NCCL INFO GPU Direct RDMA Disabled for GPU 61000 / HCA 3 (distance 6 > 3)
dgx052:184:389 [2] NCCL INFO NET/IB : GPU Direct RDMA (DMABUF) enabled for HCA 2 'mlx5_3
dgx052:183:475 [1] NCCL INFO Connected to proxy localRank 1 -> connection 0x7f34f80050a8
dgx052:186:385 [4] NCCL INFO New proxy recv connection 10 from local rank 4, transport 2
dgx052:187:390 [5] NCCL INFO NET/IB : GPU Direct RDMA (DMABUF) enabled for HCA 8 'mlx5_10
dgx052:182:397 [0] NCCL INFO NET/IB : GPU Direct RDMA (DMABUF) enabled for HCA 0 'mlx5_0
dgx052:189:472 [7] NCCL INFO Channel 03/0 : 15[7] -> 7[7] [receive] via NET/IBext_v8/9
dgx052:186:476 [4] NCCL INFO Connected to proxy localRank 4 -> connection 0x7f69480053f0
dgx052:189:472 [7] NCCL INFO GPU Direct RDMA Disabled for GPU df000 / HCA 9 (distance 6 > 3)
dgx052:185:388 [3] NCCL INFO New proxy recv connection 5 from local rank 3, transport 2
dgx052:188:384 [6] NCCL INFO NET/IB : GPU Direct RDMA (DMABUF) enabled for HCA 6 'mlx5_7
dgx052:186:385 [4] NCCL INFO NET/IB : GPU Direct RDMA (DMABUF) enabled for HCA 5 'mlx5_6
dgx052:187:474 [5] NCCL INFO Channel 03/0 : 13[5] -> 5[5] [receive] via NET/IBext_v8/8
dgx052:187:474 [5] NCCL INFO GPU Direct RDMA Disabled for GPU c3000 / HCA 8 (distance 6 > 3)
dgx052:184:473 [2] NCCL INFO Channel 02/0 : 10[2] -> 2[2] [receive] via NET/IBext_v8/2
dgx052:184:473 [2] NCCL INFO GPU Direct RDMA Disabled for GPU 52000 / HCA 2 (distance 6 > 3)
dgx052:185:478 [3] NCCL INFO Connected to proxy localRank 3 -> connection 0x7f6190005198
dgx052:182:477 [0] NCCL INFO Channel 03/0 : 8[0] -> 0[0] [receive] via NET/IBext_v8/0
dgx052:182:477 [0] NCCL INFO GPU Direct RDMA Disabled for GPU 1b000 / HCA 0 (distance 6 > 3)
dgx052:186:476 [4] NCCL INFO Channel 09/0 : 12[4] -> 4[4] [receive] via NET/IBext_v8/5
dgx052:186:476 [4] NCCL INFO GPU Direct RDMA Disabled for GPU 9d000 / HCA 5 (distance 6 > 3)
dgx052:183:395 [1] NCCL INFO NET/IB : GPU Direct RDMA (DMABUF) enabled for HCA 1 'mlx5_1
dgx052:189:383 [7] NCCL INFO New proxy recv connection 5 from local rank 7, transport 2
dgx052:188:471 [6] NCCL INFO Channel 03/0 : 14[6] -> 6[6] [receive] via NET/IBext_v8/6
dgx052:188:471 [6] NCCL INFO GPU Direct RDMA Disabled for GPU d1000 / HCA 6 (distance 6 > 3)
dgx052:187:390 [5] NCCL INFO New proxy recv connection 5 from local rank 5, transport 2
dgx052:186:385 [4] NCCL INFO New proxy recv connection 11 from local rank 4, transport 2
dgx052:185:388 [3] NCCL INFO NET/IB : GPU Direct RDMA (DMABUF) enabled for HCA 3 'mlx5_4
dgx052:186:476 [4] NCCL INFO Connected to proxy localRank 4 -> connection 0x7f6948005468
dgx052:189:472 [7] NCCL INFO Connected to proxy localRank 7 -> connection 0x7f8384005198
dgx052:187:474 [5] NCCL INFO Connected to proxy localRank 5 -> connection 0x7f9c98005198
dgx052:183:475 [1] NCCL INFO Channel 02/0 : 9[1] -> 1[1] [receive] via NET/IBext_v8/1
dgx052:184:389 [2] NCCL INFO New proxy recv connection 4 from local rank 2, transport 2
dgx052:183:475 [1] NCCL INFO GPU Direct RDMA Disabled for GPU 43000 / HCA 1 (distance 6 > 3)
dgx052:182:397 [0] NCCL INFO New proxy recv connection 5 from local rank 0, transport 2
dgx052:186:385 [4] NCCL INFO NET/IB : GPU Direct RDMA (DMABUF) enabled for HCA 5 'mlx5_6
dgx052:185:478 [3] NCCL INFO Channel 04/0 : 11[3] -> 3[3] [receive] via NET/IBext_v8/3
dgx052:188:384 [6] NCCL INFO New proxy recv connection 5 from local rank 6, transport 2
dgx052:185:478 [3] NCCL INFO GPU Direct RDMA Disabled for GPU 61000 / HCA 3 (distance 6 > 3)
dgx052:186:476 [4] NCCL INFO Channel 10/0 : 12[4] -> 4[4] [receive] via NET/IBext_v8/5
dgx052:186:476 [4] NCCL INFO GPU Direct RDMA Disabled for GPU 9d000 / HCA 5 (distance 6 > 3)
dgx052:184:473 [2] NCCL INFO Connected to proxy localRank 2 -> connection 0x7f965c005120
dgx052:187:390 [5] NCCL INFO NET/IB : GPU Direct RDMA (DMABUF) enabled for HCA 8 'mlx5_10
dgx052:182:477 [0] NCCL INFO Connected to proxy localRank 0 -> connection 0x7f5360005198
dgx052:189:383 [7] NCCL INFO NET/IB : GPU Direct RDMA (DMABUF) enabled for HCA 9 'mlx5_11
dgx052:188:471 [6] NCCL INFO Connected to proxy localRank 6 -> connection 0x7fc16c005198
dgx052:186:385 [4] NCCL INFO New proxy recv connection 12 from local rank 4, transport 2
dgx052:185:388 [3] NCCL INFO New proxy recv connection 6 from local rank 3, transport 2
dgx052:183:395 [1] NCCL INFO New proxy recv connection 4 from local rank 1, transport 2
dgx052:186:476 [4] NCCL INFO Connected to proxy localRank 4 -> connection 0x7f69480054e0
dgx052:189:472 [7] NCCL INFO Channel 04/0 : 15[7] -> 7[7] [receive] via NET/IBext_v8/9
dgx052:187:474 [5] NCCL INFO Channel 04/0 : 13[5] -> 5[5] [receive] via NET/IBext_v8/8
dgx052:189:472 [7] NCCL INFO GPU Direct RDMA Disabled for GPU df000 / HCA 9 (distance 6 > 3)
dgx052:187:474 [5] NCCL INFO GPU Direct RDMA Disabled for GPU c3000 / HCA 8 (distance 6 > 3)
dgx052:188:384 [6] NCCL INFO NET/IB : GPU Direct RDMA (DMABUF) enabled for HCA 6 'mlx5_7
dgx052:182:397 [0] NCCL INFO NET/IB : GPU Direct RDMA (DMABUF) enabled for HCA 0 'mlx5_0
dgx052:185:478 [3] NCCL INFO Connected to proxy localRank 3 -> connection 0x7f6190005210
dgx052:183:475 [1] NCCL INFO Connected to proxy localRank 1 -> connection 0x7f34f8005120
dgx052:186:385 [4] NCCL INFO NET/IB : GPU Direct RDMA (DMABUF) enabled for HCA 5 'mlx5_6
dgx052:189:383 [7] NCCL INFO New proxy recv connection 6 from local rank 7, transport 2
dgx052:184:389 [2] NCCL INFO NET/IB : GPU Direct RDMA (DMABUF) enabled for HCA 2 'mlx5_3
dgx052:188:471 [6] NCCL INFO Channel 04/0 : 14[6] -> 6[6] [receive] via NET/IBext_v8/6
dgx052:189:472 [7] NCCL INFO Connected to proxy localRank 7 -> connection 0x7f8384005210
dgx052:186:476 [4] NCCL INFO Channel 11/0 : 12[4] -> 4[4] [receive] via NET/IBext_v8/5
dgx052:188:471 [6] NCCL INFO GPU Direct RDMA Disabled for GPU d1000 / HCA 6 (distance 6 > 3)
dgx052:186:476 [4] NCCL INFO GPU Direct RDMA Disabled for GPU 9d000 / HCA 5 (distance 6 > 3)
dgx052:182:477 [0] NCCL INFO Channel 04/0 : 8[0] -> 0[0] [receive] via NET/IBext_v8/0
dgx052:185:388 [3] NCCL INFO NET/IB : GPU Direct RDMA (DMABUF) enabled for HCA 3 'mlx5_4
dgx052:182:477 [0] NCCL INFO GPU Direct RDMA Disabled for GPU 1b000 / HCA 0 (distance 6 > 3)
dgx052:187:390 [5] NCCL INFO New proxy recv connection 6 from local rank 5, transport 2
dgx052:186:385 [4] NCCL INFO New proxy recv connection 13 from local rank 4, transport 2
dgx052:189:383 [7] NCCL INFO NET/IB : GPU Direct RDMA (DMABUF) enabled for HCA 9 'mlx5_11
dgx052:188:384 [6] NCCL INFO New proxy recv connection 6 from local rank 6, transport 2
dgx052:184:473 [2] NCCL INFO Channel 03/0 : 10[2] -> 2[2] [receive] via NET/IBext_v8/2
dgx052:184:473 [2] NCCL INFO GPU Direct RDMA Disabled for GPU 52000 / HCA 2 (distance 6 > 3)
dgx052:186:476 [4] NCCL INFO Connected to proxy localRank 4 -> connection 0x7f6948005558
dgx052:187:474 [5] NCCL INFO Connected to proxy localRank 5 -> connection 0x7f9c98005210
dgx052:183:395 [1] NCCL INFO NET/IB : GPU Direct RDMA (DMABUF) enabled for HCA 1 'mlx5_1
dgx052:189:472 [7] NCCL INFO Channel 05/0 : 15[7] -> 7[7] [receive] via NET/IBext_v8/9
dgx052:189:472 [7] NCCL INFO GPU Direct RDMA Disabled for GPU df000 / HCA 9 (distance 6 > 3)
dgx052:185:478 [3] NCCL INFO Channel 05/0 : 11[3] -> 3[3] [receive] via NET/IBext_v8/3
dgx052:185:478 [3] NCCL INFO GPU Direct RDMA Disabled for GPU 61000 / HCA 3 (distance 6 > 3)
dgx052:188:471 [6] NCCL INFO Connected to proxy localRank 6 -> connection 0x7fc16c005210
dgx052:182:397 [0] NCCL INFO New proxy recv connection 6 from local rank 0, transport 2
dgx052:186:385 [4] NCCL INFO NET/IB : GPU Direct RDMA (DMABUF) enabled for HCA 5 'mlx5_6
dgx052:187:390 [5] NCCL INFO NET/IB : GPU Direct RDMA (DMABUF) enabled for HCA 8 'mlx5_10
dgx052:189:383 [7] NCCL INFO New proxy recv connection 7 from local rank 7, transport 2
dgx052:182:477 [0] NCCL INFO Connected to proxy localRank 0 -> connection 0x7f5360005210
dgx052:185:388 [3] NCCL INFO New proxy recv connection 7 from local rank 3, transport 2
dgx052:186:476 [4] NCCL INFO Channel 12/0 : 12[4] -> 4[4] [receive] via NET/IBext_v8/5
dgx052:186:476 [4] NCCL INFO GPU Direct RDMA Disabled for GPU 9d000 / HCA 5 (distance 6 > 3)
dgx052:188:384 [6] NCCL INFO NET/IB : GPU Direct RDMA (DMABUF) enabled for HCA 6 'mlx5_7
dgx052:184:389 [2] NCCL INFO New proxy recv connection 5 from local rank 2, transport 2
dgx052:189:472 [7] NCCL INFO Connected to proxy localRank 7 -> connection 0x7f8384005288
dgx052:183:475 [1] NCCL INFO Channel 03/0 : 9[1] -> 1[1] [receive] via NET/IBext_v8/1
dgx052:183:475 [1] NCCL INFO GPU Direct RDMA Disabled for GPU 43000 / HCA 1 (distance 6 > 3)
dgx052:185:478 [3] NCCL INFO Connected to proxy localRank 3 -> connection 0x7f6190005288
dgx052:187:474 [5] NCCL INFO Channel 05/0 : 13[5] -> 5[5] [receive] via NET/IBext_v8/8
dgx052:187:474 [5] NCCL INFO GPU Direct RDMA Disabled for GPU c3000 / HCA 8 (distance 6 > 3)
dgx052:184:473 [2] NCCL INFO Connected to proxy localRank 2 -> connection 0x7f965c005198
dgx052:188:471 [6] NCCL INFO Channel 05/0 : 14[6] -> 6[6] [receive] via NET/IBext_v8/6
dgx052:182:397 [0] NCCL INFO NET/IB : GPU Direct RDMA (DMABUF) enabled for HCA 0 'mlx5_0
dgx052:188:471 [6] NCCL INFO GPU Direct RDMA Disabled for GPU d1000 / HCA 6 (distance 6 > 3)
dgx052:189:383 [7] NCCL INFO NET/IB : GPU Direct RDMA (DMABUF) enabled for HCA 9 'mlx5_11
dgx052:186:385 [4] NCCL INFO New proxy recv connection 14 from local rank 4, transport 2
dgx052:185:388 [3] NCCL INFO NET/IB : GPU Direct RDMA (DMABUF) enabled for HCA 3 'mlx5_4
dgx052:189:472 [7] NCCL INFO Channel 06/0 : 15[7] -> 7[7] [receive] via NET/IBext_v8/9
dgx052:182:477 [0] NCCL INFO Channel 05/0 : 8[0] -> 0[0] [receive] via NET/IBext_v8/0
dgx052:189:472 [7] NCCL INFO GPU Direct RDMA Disabled for GPU df000 / HCA 9 (distance 6 > 3)
dgx052:182:477 [0] NCCL INFO GPU Direct RDMA Disabled for GPU 1b000 / HCA 0 (distance 6 > 3)
dgx052:183:395 [1] NCCL INFO New proxy recv connection 5 from local rank 1, transport 2
dgx052:187:390 [5] NCCL INFO New proxy recv connection 7 from local rank 5, transport 2
dgx052:186:476 [4] NCCL INFO Connected to proxy localRank 4 -> connection 0x7f69480055d0
dgx052:185:478 [3] NCCL INFO Channel 06/0 : 11[3] -> 3[3] [receive] via NET/IBext_v8/3
dgx052:188:384 [6] NCCL INFO New proxy recv connection 7 from local rank 6, transport 2
dgx052:185:478 [3] NCCL INFO GPU Direct RDMA Disabled for GPU 61000 / HCA 3 (distance 6 > 3)
dgx052:183:475 [1] NCCL INFO Connected to proxy localRank 1 -> connection 0x7f34f8005198
dgx052:184:389 [2] NCCL INFO NET/IB : GPU Direct RDMA (DMABUF) enabled for HCA 2 'mlx5_3
dgx052:187:474 [5] NCCL INFO Connected to proxy localRank 5 -> connection 0x7f9c98005288
dgx052:189:383 [7] NCCL INFO New proxy recv connection 8 from local rank 7, transport 2
dgx052:188:471 [6] NCCL INFO Connected to proxy localRank 6 -> connection 0x7fc16c005288
dgx052:185:388 [3] NCCL INFO New proxy recv connection 8 from local rank 3, transport 2
dgx052:186:385 [4] NCCL INFO NET/IB : GPU Direct RDMA (DMABUF) enabled for HCA 5 'mlx5_6
dgx052:182:397 [0] NCCL INFO New proxy recv connection 7 from local rank 0, transport 2
dgx052:189:472 [7] NCCL INFO Connected to proxy localRank 7 -> connection 0x7f8384005300
