dgx052:177:281 [0] NCCL INFO Trees [0] 1/8/-1->0->-1 [1] -1/-1/-1->0->7 [2] 1/-1/-1->0->7 [3] 1/-1/-1->0->7 [4] 1/-1/-1->0->7 [5] 1/-1/-1->0->7 [6] 1/-1/-1->0->7 [7] 1/-1/-1->0->8 [8] -1/-1/-1->0->7 [9] 1/-1/-1->0->7 [10] 1/-1/-1->0->7 [11] 1/-1/-1->0->7 [12] 1/-1/-1->0->7 [13] 1/-1/-1->0->7 [14] 1/8/-1->0->-1 [15] -1/-1/-1->0->7 [16] 1/-1/-1->0->7 [17] 1/-1/-1->0->7 [18] 1/-1/-1->0->7 [19] 1/-1/-1->0->7 [20] 1/-1/-1->0->7 [21] 1/-1/-1->0->8 [22] -1/-1/-1->0->7 [23] 1/-1/-1->0->7 [24] 1/-1/-1->0->7 [25] 1/-1/-1->0->7 [26] 1/-1/-1->0->7 [27] 1/-1/-1->0->7
dgx052:177:281 [0] NCCL INFO NCCL_BUFFSIZE set by environment to 16777216.
dgx052:177:281 [0] NCCL INFO NCCL_P2P_NET_CHUNKSIZE set by environment to 524288.
dgx052:177:281 [0] NCCL INFO P2P Chunksize set to 524288
dgx052:178:286 [1] NCCL INFO NCCL_NTHREADS set by environment to 512.
dgx052:178:286 [1] NCCL INFO threadThresholds 8/8/64 | 128/8/64 | 512 | 512
dgx052:178:286 [1] NCCL INFO 28 coll channels, 28 collnet channels, 16 nvls channels, 32 p2p channels, 2 p2p channels per peer
dgx052:179:283 [2] NCCL INFO NCCL_NTHREADS set by environment to 512.
dgx052:179:283 [2] NCCL INFO threadThresholds 8/8/64 | 128/8/64 | 512 | 512
dgx052:179:283 [2] NCCL INFO 28 coll channels, 28 collnet channels, 16 nvls channels, 32 p2p channels, 2 p2p channels per peer
dgx052:180:285 [3] NCCL INFO NCCL_NTHREADS set by environment to 512.
dgx052:180:285 [3] NCCL INFO threadThresholds 8/8/64 | 128/8/64 | 512 | 512
dgx052:180:285 [3] NCCL INFO 28 coll channels, 28 collnet channels, 16 nvls channels, 32 p2p channels, 2 p2p channels per peer
dgx052:181:287 [4] NCCL INFO NCCL_NTHREADS set by environment to 512.
dgx052:181:287 [4] NCCL INFO threadThresholds 8/8/64 | 128/8/64 | 512 | 512
dgx052:181:287 [4] NCCL INFO 28 coll channels, 28 collnet channels, 16 nvls channels, 32 p2p channels, 2 p2p channels per peer
dgx052:183:288 [6] NCCL INFO NCCL_NTHREADS set by environment to 512.
dgx052:183:288 [6] NCCL INFO threadThresholds 8/8/64 | 128/8/64 | 512 | 512
dgx052:183:288 [6] NCCL INFO 28 coll channels, 28 collnet channels, 16 nvls channels, 32 p2p channels, 2 p2p channels per peer
dgx052:177:281 [0] NCCL INFO NCCL_NTHREADS set by environment to 512.
dgx052:177:281 [0] NCCL INFO threadThresholds 8/8/64 | 128/8/64 | 512 | 512
dgx052:177:281 [0] NCCL INFO 28 coll channels, 28 collnet channels, 16 nvls channels, 32 p2p channels, 2 p2p channels per peer
dgx052:177:281 [0] NCCL INFO CC Off, Multi-GPU CC Off, workFifoBytes 1048576
dgx052:182:284 [5] NCCL INFO NCCL_NTHREADS set by environment to 512.
dgx052:182:284 [5] NCCL INFO threadThresholds 8/8/64 | 128/8/64 | 512 | 512
dgx052:182:284 [5] NCCL INFO 28 coll channels, 28 collnet channels, 16 nvls channels, 32 p2p channels, 2 p2p channels per peer
dgx052:184:289 [7] NCCL INFO NCCL_NTHREADS set by environment to 512.
dgx052:184:289 [7] NCCL INFO threadThresholds 8/8/64 | 128/8/64 | 512 | 512
dgx052:184:289 [7] NCCL INFO 28 coll channels, 28 collnet channels, 16 nvls channels, 32 p2p channels, 2 p2p channels per peer
dgx052:177:281 [0] NCCL INFO TUNER/Plugin: Failed to find ncclTunerPlugin_v3 symbol.
dgx052:177:281 [0] NCCL INFO TUNER/Plugin: Failed to find ncclTunerPlugin_v2 symbol, using internal tuner instead.
dgx052:177:281 [0] NCCL INFO ncclCommInitRank comm 0x55cafb674a70 rank 0 nranks 16 cudaDev 0 nvmlDev 0 busId 1b000 commId 0x1f802414e76fc3f4 - Init COMPLETE
dgx052:183:288 [6] NCCL INFO TUNER/Plugin: Failed to find ncclTunerPlugin_v3 symbol.
dgx052:183:288 [6] NCCL INFO TUNER/Plugin: Failed to find ncclTunerPlugin_v2 symbol, using internal tuner instead.
dgx052:177:281 [0] NCCL INFO Init timings: rank 0 nranks 16 total 2.28 (kernels 0.21, bootstrap 1.33, allgathers 0.21, topo 0.06, graphs 0.11, connections 0.34, rest 0.01)
dgx052:183:288 [6] NCCL INFO ncclCommInitRank comm 0x563d1b387660 rank 6 nranks 16 cudaDev 6 nvmlDev 6 busId d1000 commId 0x1f802414e76fc3f4 - Init COMPLETE
dgx052:183:288 [6] NCCL INFO Init timings: rank 6 nranks 16 total 2.15 (kernels 0.22, bootstrap 1.19, allgathers 0.20, topo 0.06, graphs 0.12, connections 0.34, rest 0.01)
dgx052:181:287 [4] NCCL INFO TUNER/Plugin: Failed to find ncclTunerPlugin_v3 symbol.
dgx052:179:283 [2] NCCL INFO TUNER/Plugin: Failed to find ncclTunerPlugin_v3 symbol.
dgx052:181:287 [4] NCCL INFO TUNER/Plugin: Failed to find ncclTunerPlugin_v2 symbol, using internal tuner instead.
dgx052:179:283 [2] NCCL INFO TUNER/Plugin: Failed to find ncclTunerPlugin_v2 symbol, using internal tuner instead.
dgx052:181:287 [4] NCCL INFO ncclCommInitRank comm 0x560df3c77f50 rank 4 nranks 16 cudaDev 4 nvmlDev 4 busId 9d000 commId 0x1f802414e76fc3f4 - Init COMPLETE
dgx052:179:283 [2] NCCL INFO ncclCommInitRank comm 0x559c4a548d50 rank 2 nranks 16 cudaDev 2 nvmlDev 2 busId 52000 commId 0x1f802414e76fc3f4 - Init COMPLETE
dgx052:184:289 [7] NCCL INFO TUNER/Plugin: Failed to find ncclTunerPlugin_v3 symbol.
dgx052:184:289 [7] NCCL INFO TUNER/Plugin: Failed to find ncclTunerPlugin_v2 symbol, using internal tuner instead.
dgx052:181:287 [4] NCCL INFO Init timings: rank 4 nranks 16 total 2.16 (kernels 0.83, bootstrap 0.59, allgathers 0.21, topo 0.06, graphs 0.11, connections 0.32, rest 0.03)
dgx052:179:283 [2] NCCL INFO Init timings: rank 2 nranks 16 total 2.24 (kernels 0.38, bootstrap 1.12, allgathers 0.01, topo 0.06, graphs 0.31, connections 0.33, rest 0.02)
dgx052:184:289 [7] NCCL INFO ncclCommInitRank comm 0x5566be089b30 rank 7 nranks 16 cudaDev 7 nvmlDev 7 busId df000 commId 0x1f802414e76fc3f4 - Init COMPLETE
dgx052:184:289 [7] NCCL INFO Init timings: rank 7 nranks 16 total 2.13 (kernels 0.92, bootstrap 0.48, allgathers 0.21, topo 0.06, graphs 0.11, connections 0.35, rest 0.01)
dgx052:180:285 [3] NCCL INFO TUNER/Plugin: Failed to find ncclTunerPlugin_v3 symbol.
dgx052:180:285 [3] NCCL INFO TUNER/Plugin: Failed to find ncclTunerPlugin_v2 symbol, using internal tuner instead.
dgx052:180:285 [3] NCCL INFO ncclCommInitRank comm 0x5573e287b930 rank 3 nranks 16 cudaDev 3 nvmlDev 3 busId 61000 commId 0x1f802414e76fc3f4 - Init COMPLETE
dgx052:180:285 [3] NCCL INFO Init timings: rank 3 nranks 16 total 2.21 (kernels 0.48, bootstrap 1.00, allgathers 0.11, topo 0.06, graphs 0.21, connections 0.33, rest 0.03)
dgx052:178:286 [1] NCCL INFO TUNER/Plugin: Failed to find ncclTunerPlugin_v3 symbol.
dgx052:178:286 [1] NCCL INFO TUNER/Plugin: Failed to find ncclTunerPlugin_v2 symbol, using internal tuner instead.
dgx052:178:286 [1] NCCL INFO ncclCommInitRank comm 0x5613da647000 rank 1 nranks 16 cudaDev 1 nvmlDev 1 busId 43000 commId 0x1f802414e76fc3f4 - Init COMPLETE
dgx052:178:286 [1] NCCL INFO Init timings: rank 1 nranks 16 total 2.20 (kernels 0.20, bootstrap 1.27, allgathers 0.01, topo 0.06, graphs 0.31, connections 0.34, rest 0.01)
dgx052:182:284 [5] NCCL INFO TUNER/Plugin: Failed to find ncclTunerPlugin_v3 symbol.
dgx052:182:284 [5] NCCL INFO TUNER/Plugin: Failed to find ncclTunerPlugin_v2 symbol, using internal tuner instead.
dgx052:182:284 [5] NCCL INFO ncclCommInitRank comm 0x55e2ade41710 rank 5 nranks 16 cudaDev 5 nvmlDev 5 busId c3000 commId 0x1f802414e76fc3f4 - Init COMPLETE
dgx052:182:284 [5] NCCL INFO Init timings: rank 5 nranks 16 total 2.22 (kernels 0.45, bootstrap 1.03, allgathers 0.10, topo 0.07, graphs 0.21, connections 0.34, rest 0.02)
dgx052:178:397 [1] NCCL INFO NVLS comm 0x5613da647000 headRank 1 nHeads 7 buffSize 1048576 nvlsPerRankSize 33554432 nvlsTotalSize 234881024
dgx052:179:399 [2] NCCL INFO NVLS comm 0x559c4a548d50 headRank 2 nHeads 7 buffSize 1048576 nvlsPerRankSize 33554432 nvlsTotalSize 234881024
dgx052:181:401 [4] NCCL INFO NVLS comm 0x560df3c77f50 headRank 4 nHeads 7 buffSize 1048576 nvlsPerRankSize 33554432 nvlsTotalSize 234881024
dgx052:184:394 [7] NCCL INFO NVLS comm 0x5566be089b30 headRank 6 nHeads 7 buffSize 1048576 nvlsPerRankSize 33554432 nvlsTotalSize 234881024
dgx052:182:395 [5] NCCL INFO NVLS comm 0x55e2ade41710 headRank -1 nHeads 7 buffSize 1048576 nvlsPerRankSize 33554432 nvlsTotalSize 234881024
dgx052:183:396 [6] NCCL INFO NVLS comm 0x563d1b387660 headRank 5 nHeads 7 buffSize 1048576 nvlsPerRankSize 33554432 nvlsTotalSize 234881024
dgx052:180:400 [3] NCCL INFO NVLS comm 0x5573e287b930 headRank 3 nHeads 7 buffSize 1048576 nvlsPerRankSize 33554432 nvlsTotalSize 234881024
dgx052:177:398 [0] NCCL INFO NVLS comm 0x55cafb674a70 headRank 0 nHeads 7 buffSize 1048576 nvlsPerRankSize 33554432 nvlsTotalSize 234881024
dgx052:184:394 [7] NCCL INFO GPU Direct RDMA Enabled for GPU df000 / HCA 9 (distance 4 <= 4), read 0
dgx052:177:398 [0] NCCL INFO GPU Direct RDMA Enabled for GPU 1b000 / HCA 0 (distance 4 <= 4), read 0
dgx052:180:400 [3] NCCL INFO GPU Direct RDMA Enabled for GPU 61000 / HCA 4 (distance 4 <= 4), read 0
dgx052:181:401 [4] NCCL INFO GPU Direct RDMA Enabled for GPU 9d000 / HCA 5 (distance 4 <= 4), read 0
dgx052:182:395 [5] NCCL INFO Connected NVLS tree
dgx052:183:396 [6] NCCL INFO GPU Direct RDMA Enabled for GPU d1000 / HCA 8 (distance 4 <= 4), read 0
dgx052:178:397 [1] NCCL INFO GPU Direct RDMA Enabled for GPU 43000 / HCA 2 (distance 4 <= 4), read 0
dgx052:179:399 [2] NCCL INFO GPU Direct RDMA Enabled for GPU 52000 / HCA 3 (distance 4 <= 4), read 0
dgx052:183:384 [6] NCCL INFO New proxy recv connection 0 from local rank 6, transport 2
dgx052:181:392 [4] NCCL INFO New proxy recv connection 0 from local rank 4, transport 2
dgx052:179:388 [2] NCCL INFO New proxy recv connection 0 from local rank 2, transport 2
dgx052:184:378 [7] NCCL INFO New proxy recv connection 0 from local rank 7, transport 2
dgx052:180:390 [3] NCCL INFO New proxy recv connection 0 from local rank 3, transport 2
dgx052:177:380 [0] NCCL INFO New proxy recv connection 0 from local rank 0, transport 2
dgx052:178:382 [1] NCCL INFO New proxy recv connection 0 from local rank 1, transport 2
dgx052:184:394 [7] NCCL INFO Connected to proxy localRank 7 -> connection 0x7f9e80004f40
dgx052:184:378 [7] NCCL INFO NET/IB : GPU Direct RDMA (DMABUF) enabled for HCA 9 'mlx5_11
dgx052:184:394 [7] NCCL INFO Channel 00/0 : 15[7] -> 7[7] [receive] via NET/IBext_v8/9/GDRDMA
dgx052:184:394 [7] NCCL INFO GPU Direct RDMA Enabled for GPU df000 / HCA 9 (distance 4 <= 4), read 0
dgx052:184:378 [7] NCCL INFO New proxy recv connection 1 from local rank 7, transport 2
dgx052:184:394 [7] NCCL INFO Connected to proxy localRank 7 -> connection 0x7f9e80004fb8
dgx052:184:378 [7] NCCL INFO NET/IB : GPU Direct RDMA (DMABUF) enabled for HCA 9 'mlx5_11
dgx052:184:394 [7] NCCL INFO Channel 01/0 : 15[7] -> 7[7] [receive] via NET/IBext_v8/9/GDRDMA
dgx052:184:394 [7] NCCL INFO GPU Direct RDMA Enabled for GPU df000 / HCA 9 (distance 4 <= 4), read 0
dgx052:184:378 [7] NCCL INFO New proxy recv connection 2 from local rank 7, transport 2
dgx052:184:394 [7] NCCL INFO Connected to proxy localRank 7 -> connection 0x7f9e80005030
dgx052:184:378 [7] NCCL INFO NET/IB : GPU Direct RDMA (DMABUF) enabled for HCA 9 'mlx5_11
dgx052:184:394 [7] NCCL INFO Channel 02/0 : 15[7] -> 7[7] [receive] via NET/IBext_v8/9/GDRDMA
dgx052:184:394 [7] NCCL INFO GPU Direct RDMA Enabled for GPU df000 / HCA 9 (distance 4 <= 4), read 0
dgx052:184:378 [7] NCCL INFO New proxy recv connection 3 from local rank 7, transport 2
dgx052:184:394 [7] NCCL INFO Connected to proxy localRank 7 -> connection 0x7f9e800050a8
dgx052:184:378 [7] NCCL INFO NET/IB : GPU Direct RDMA (DMABUF) enabled for HCA 9 'mlx5_11
dgx052:184:394 [7] NCCL INFO Channel 03/0 : 15[7] -> 7[7] [receive] via NET/IBext_v8/9/GDRDMA
dgx052:184:394 [7] NCCL INFO GPU Direct RDMA Enabled for GPU df000 / HCA 9 (distance 4 <= 4), read 0
dgx052:184:378 [7] NCCL INFO New proxy recv connection 4 from local rank 7, transport 2
dgx052:184:394 [7] NCCL INFO Connected to proxy localRank 7 -> connection 0x7f9e80005120
dgx052:184:378 [7] NCCL INFO NET/IB : GPU Direct RDMA (DMABUF) enabled for HCA 9 'mlx5_11
dgx052:184:394 [7] NCCL INFO Channel 04/0 : 15[7] -> 7[7] [receive] via NET/IBext_v8/9/GDRDMA
dgx052:184:394 [7] NCCL INFO GPU Direct RDMA Enabled for GPU df000 / HCA 9 (distance 4 <= 4), read 0
dgx052:180:400 [3] NCCL INFO Connected to proxy localRank 3 -> connection 0x7f684c004f40
dgx052:180:390 [3] NCCL INFO NET/IB : GPU Direct RDMA (DMABUF) enabled for HCA 4 'mlx5_5
dgx052:184:378 [7] NCCL INFO New proxy recv connection 5 from local rank 7, transport 2
dgx052:184:394 [7] NCCL INFO Connected to proxy localRank 7 -> connection 0x7f9e80005198
dgx052:183:396 [6] NCCL INFO Connected to proxy localRank 6 -> connection 0x7fb288004f40
dgx052:180:400 [3] NCCL INFO Channel 00/0 : 11[3] -> 3[3] [receive] via NET/IBext_v8/4/GDRDMA
dgx052:180:400 [3] NCCL INFO GPU Direct RDMA Enabled for GPU 61000 / HCA 4 (distance 4 <= 4), read 0
dgx052:180:390 [3] NCCL INFO New proxy recv connection 1 from local rank 3, transport 2
dgx052:184:378 [7] NCCL INFO NET/IB : GPU Direct RDMA (DMABUF) enabled for HCA 9 'mlx5_11
dgx052:180:400 [3] NCCL INFO Connected to proxy localRank 3 -> connection 0x7f684c004fb8
dgx052:184:394 [7] NCCL INFO Channel 05/0 : 15[7] -> 7[7] [receive] via NET/IBext_v8/9/GDRDMA
dgx052:184:394 [7] NCCL INFO GPU Direct RDMA Enabled for GPU df000 / HCA 9 (distance 4 <= 4), read 0
dgx052:183:384 [6] NCCL INFO NET/IB : GPU Direct RDMA (DMABUF) enabled for HCA 8 'mlx5_10
dgx052:183:396 [6] NCCL INFO Channel 00/0 : 14[6] -> 6[6] [receive] via NET/IBext_v8/8/GDRDMA
dgx052:183:396 [6] NCCL INFO GPU Direct RDMA Enabled for GPU d1000 / HCA 8 (distance 4 <= 4), read 0
dgx052:184:378 [7] NCCL INFO New proxy recv connection 6 from local rank 7, transport 2
dgx052:184:394 [7] NCCL INFO Connected to proxy localRank 7 -> connection 0x7f9e80005210
dgx052:180:390 [3] NCCL INFO NET/IB : GPU Direct RDMA (DMABUF) enabled for HCA 4 'mlx5_5
dgx052:180:400 [3] NCCL INFO Channel 01/0 : 11[3] -> 3[3] [receive] via NET/IBext_v8/4/GDRDMA
dgx052:180:400 [3] NCCL INFO GPU Direct RDMA Enabled for GPU 61000 / HCA 4 (distance 4 <= 4), read 0
dgx052:183:384 [6] NCCL INFO New proxy recv connection 1 from local rank 6, transport 2
dgx052:180:390 [3] NCCL INFO New proxy recv connection 2 from local rank 3, transport 2
dgx052:183:396 [6] NCCL INFO Connected to proxy localRank 6 -> connection 0x7fb288004fb8
dgx052:184:378 [7] NCCL INFO NET/IB : GPU Direct RDMA (DMABUF) enabled for HCA 9 'mlx5_11
dgx052:180:400 [3] NCCL INFO Connected to proxy localRank 3 -> connection 0x7f684c005030
dgx052:184:394 [7] NCCL INFO Channel 06/0 : 15[7] -> 7[7] [receive] via NET/IBext_v8/9/GDRDMA
dgx052:184:394 [7] NCCL INFO GPU Direct RDMA Enabled for GPU df000 / HCA 9 (distance 4 <= 4), read 0
dgx052:184:378 [7] NCCL INFO New proxy recv connection 7 from local rank 7, transport 2
dgx052:184:394 [7] NCCL INFO Connected to proxy localRank 7 -> connection 0x7f9e80005288
dgx052:183:384 [6] NCCL INFO NET/IB : GPU Direct RDMA (DMABUF) enabled for HCA 8 'mlx5_10
dgx052:183:396 [6] NCCL INFO Channel 01/0 : 14[6] -> 6[6] [receive] via NET/IBext_v8/8/GDRDMA
dgx052:183:396 [6] NCCL INFO GPU Direct RDMA Enabled for GPU d1000 / HCA 8 (distance 4 <= 4), read 0
dgx052:180:390 [3] NCCL INFO NET/IB : GPU Direct RDMA (DMABUF) enabled for HCA 4 'mlx5_5
dgx052:184:378 [7] NCCL INFO NET/IB : GPU Direct RDMA (DMABUF) enabled for HCA 9 'mlx5_11
dgx052:180:400 [3] NCCL INFO Channel 02/0 : 11[3] -> 3[3] [receive] via NET/IBext_v8/4/GDRDMA
dgx052:180:400 [3] NCCL INFO GPU Direct RDMA Enabled for GPU 61000 / HCA 4 (distance 4 <= 4), read 0
dgx052:184:394 [7] NCCL INFO Channel 07/0 : 15[7] -> 7[7] [receive] via NET/IBext_v8/9/GDRDMA
dgx052:184:394 [7] NCCL INFO GPU Direct RDMA Enabled for GPU df000 / HCA 9 (distance 4 <= 4), read 0
dgx052:180:390 [3] NCCL INFO New proxy recv connection 3 from local rank 3, transport 2
dgx052:183:384 [6] NCCL INFO New proxy recv connection 2 from local rank 6, transport 2
dgx052:184:378 [7] NCCL INFO New proxy recv connection 8 from local rank 7, transport 2
dgx052:180:400 [3] NCCL INFO Connected to proxy localRank 3 -> connection 0x7f684c0050a8
dgx052:183:396 [6] NCCL INFO Connected to proxy localRank 6 -> connection 0x7fb288005030
dgx052:184:394 [7] NCCL INFO Connected to proxy localRank 7 -> connection 0x7f9e80005300
dgx052:184:378 [7] NCCL INFO NET/IB : GPU Direct RDMA (DMABUF) enabled for HCA 9 'mlx5_11
dgx052:180:390 [3] NCCL INFO NET/IB : GPU Direct RDMA (DMABUF) enabled for HCA 4 'mlx5_5
dgx052:183:384 [6] NCCL INFO NET/IB : GPU Direct RDMA (DMABUF) enabled for HCA 8 'mlx5_10
dgx052:184:394 [7] NCCL INFO Channel 08/0 : 15[7] -> 7[7] [receive] via NET/IBext_v8/9/GDRDMA
dgx052:184:394 [7] NCCL INFO GPU Direct RDMA Enabled for GPU df000 / HCA 9 (distance 4 <= 4), read 0
dgx052:183:396 [6] NCCL INFO Channel 02/0 : 14[6] -> 6[6] [receive] via NET/IBext_v8/8/GDRDMA
dgx052:183:396 [6] NCCL INFO GPU Direct RDMA Enabled for GPU d1000 / HCA 8 (distance 4 <= 4), read 0
dgx052:180:400 [3] NCCL INFO Channel 03/0 : 11[3] -> 3[3] [receive] via NET/IBext_v8/4/GDRDMA
dgx052:180:400 [3] NCCL INFO GPU Direct RDMA Enabled for GPU 61000 / HCA 4 (distance 4 <= 4), read 0
dgx052:184:378 [7] NCCL INFO New proxy recv connection 9 from local rank 7, transport 2
dgx052:184:394 [7] NCCL INFO Connected to proxy localRank 7 -> connection 0x7f9e80005378
dgx052:183:384 [6] NCCL INFO New proxy recv connection 3 from local rank 6, transport 2
dgx052:180:390 [3] NCCL INFO New proxy recv connection 4 from local rank 3, transport 2
dgx052:183:396 [6] NCCL INFO Connected to proxy localRank 6 -> connection 0x7fb2880050a8
dgx052:180:400 [3] NCCL INFO Connected to proxy localRank 3 -> connection 0x7f684c005120
dgx052:183:384 [6] NCCL INFO NET/IB : GPU Direct RDMA (DMABUF) enabled for HCA 8 'mlx5_10
dgx052:183:396 [6] NCCL INFO Channel 03/0 : 14[6] -> 6[6] [receive] via NET/IBext_v8/8/GDRDMA
dgx052:183:396 [6] NCCL INFO GPU Direct RDMA Enabled for GPU d1000 / HCA 8 (distance 4 <= 4), read 0
dgx052:184:378 [7] NCCL INFO NET/IB : GPU Direct RDMA (DMABUF) enabled for HCA 9 'mlx5_11
dgx052:183:384 [6] NCCL INFO New proxy recv connection 4 from local rank 6, transport 2
dgx052:184:394 [7] NCCL INFO Channel 09/0 : 15[7] -> 7[7] [receive] via NET/IBext_v8/9/GDRDMA
dgx052:183:396 [6] NCCL INFO Connected to proxy localRank 6 -> connection 0x7fb288005120
dgx052:184:394 [7] NCCL INFO GPU Direct RDMA Enabled for GPU df000 / HCA 9 (distance 4 <= 4), read 0
dgx052:180:390 [3] NCCL INFO NET/IB : GPU Direct RDMA (DMABUF) enabled for HCA 4 'mlx5_5
dgx052:183:384 [6] NCCL INFO NET/IB : GPU Direct RDMA (DMABUF) enabled for HCA 8 'mlx5_10
dgx052:180:400 [3] NCCL INFO Channel 04/0 : 11[3] -> 3[3] [receive] via NET/IBext_v8/4/GDRDMA
dgx052:180:400 [3] NCCL INFO GPU Direct RDMA Enabled for GPU 61000 / HCA 4 (distance 4 <= 4), read 0
dgx052:183:396 [6] NCCL INFO Channel 04/0 : 14[6] -> 6[6] [receive] via NET/IBext_v8/8/GDRDMA
dgx052:183:396 [6] NCCL INFO GPU Direct RDMA Enabled for GPU d1000 / HCA 8 (distance 4 <= 4), read 0
dgx052:184:378 [7] NCCL INFO New proxy recv connection 10 from local rank 7, transport 2
dgx052:183:384 [6] NCCL INFO New proxy recv connection 5 from local rank 6, transport 2
dgx052:184:394 [7] NCCL INFO Connected to proxy localRank 7 -> connection 0x7f9e800053f0
dgx052:183:396 [6] NCCL INFO Connected to proxy localRank 6 -> connection 0x7fb288005198
dgx052:183:384 [6] NCCL INFO NET/IB : GPU Direct RDMA (DMABUF) enabled for HCA 8 'mlx5_10
dgx052:180:390 [3] NCCL INFO New proxy recv connection 5 from local rank 3, transport 2
dgx052:180:400 [3] NCCL INFO Connected to proxy localRank 3 -> connection 0x7f684c005198
dgx052:183:396 [6] NCCL INFO Channel 05/0 : 14[6] -> 6[6] [receive] via NET/IBext_v8/8/GDRDMA
dgx052:183:396 [6] NCCL INFO GPU Direct RDMA Enabled for GPU d1000 / HCA 8 (distance 4 <= 4), read 0
dgx052:184:378 [7] NCCL INFO NET/IB : GPU Direct RDMA (DMABUF) enabled for HCA 9 'mlx5_11
dgx052:183:384 [6] NCCL INFO New proxy recv connection 6 from local rank 6, transport 2
dgx052:183:396 [6] NCCL INFO Connected to proxy localRank 6 -> connection 0x7fb288005210
dgx052:184:394 [7] NCCL INFO Channel 10/0 : 15[7] -> 7[7] [receive] via NET/IBext_v8/9/GDRDMA
dgx052:184:394 [7] NCCL INFO GPU Direct RDMA Enabled for GPU df000 / HCA 9 (distance 4 <= 4), read 0
dgx052:183:384 [6] NCCL INFO NET/IB : GPU Direct RDMA (DMABUF) enabled for HCA 8 'mlx5_10
dgx052:183:396 [6] NCCL INFO Channel 06/0 : 14[6] -> 6[6] [receive] via NET/IBext_v8/8/GDRDMA
dgx052:183:396 [6] NCCL INFO GPU Direct RDMA Enabled for GPU d1000 / HCA 8 (distance 4 <= 4), read 0
dgx052:180:390 [3] NCCL INFO NET/IB : GPU Direct RDMA (DMABUF) enabled for HCA 4 'mlx5_5
dgx052:180:400 [3] NCCL INFO Channel 05/0 : 11[3] -> 3[3] [receive] via NET/IBext_v8/4/GDRDMA
dgx052:180:400 [3] NCCL INFO GPU Direct RDMA Enabled for GPU 61000 / HCA 4 (distance 4 <= 4), read 0
dgx052:183:384 [6] NCCL INFO New proxy recv connection 7 from local rank 6, transport 2
dgx052:183:396 [6] NCCL INFO Connected to proxy localRank 6 -> connection 0x7fb288005288
dgx052:180:390 [3] NCCL INFO New proxy recv connection 6 from local rank 3, transport 2
dgx052:180:400 [3] NCCL INFO Connected to proxy localRank 3 -> connection 0x7f684c005210
dgx052:184:378 [7] NCCL INFO New proxy recv connection 11 from local rank 7, transport 2
dgx052:184:394 [7] NCCL INFO Connected to proxy localRank 7 -> connection 0x7f9e80005468
dgx052:180:390 [3] NCCL INFO NET/IB : GPU Direct RDMA (DMABUF) enabled for HCA 4 'mlx5_5
dgx052:183:384 [6] NCCL INFO NET/IB : GPU Direct RDMA (DMABUF) enabled for HCA 8 'mlx5_10
dgx052:180:400 [3] NCCL INFO Channel 06/0 : 11[3] -> 3[3] [receive] via NET/IBext_v8/4/GDRDMA
dgx052:180:400 [3] NCCL INFO GPU Direct RDMA Enabled for GPU 61000 / HCA 4 (distance 4 <= 4), read 0
dgx052:183:396 [6] NCCL INFO Channel 07/0 : 14[6] -> 6[6] [receive] via NET/IBext_v8/8/GDRDMA
dgx052:183:396 [6] NCCL INFO GPU Direct RDMA Enabled for GPU d1000 / HCA 8 (distance 4 <= 4), read 0
dgx052:184:378 [7] NCCL INFO NET/IB : GPU Direct RDMA (DMABUF) enabled for HCA 9 'mlx5_11
dgx052:184:394 [7] NCCL INFO Channel 11/0 : 15[7] -> 7[7] [receive] via NET/IBext_v8/9/GDRDMA
dgx052:184:394 [7] NCCL INFO GPU Direct RDMA Enabled for GPU df000 / HCA 9 (distance 4 <= 4), read 0
dgx052:183:384 [6] NCCL INFO New proxy recv connection 8 from local rank 6, transport 2
dgx052:183:396 [6] NCCL INFO Connected to proxy localRank 6 -> connection 0x7fb288005300
dgx052:180:390 [3] NCCL INFO New proxy recv connection 7 from local rank 3, transport 2
dgx052:183:384 [6] NCCL INFO NET/IB : GPU Direct RDMA (DMABUF) enabled for HCA 8 'mlx5_10
dgx052:180:400 [3] NCCL INFO Connected to proxy localRank 3 -> connection 0x7f684c005288
dgx052:183:396 [6] NCCL INFO Channel 08/0 : 14[6] -> 6[6] [receive] via NET/IBext_v8/8/GDRDMA
dgx052:183:396 [6] NCCL INFO GPU Direct RDMA Enabled for GPU d1000 / HCA 8 (distance 4 <= 4), read 0
dgx052:180:390 [3] NCCL INFO NET/IB : GPU Direct RDMA (DMABUF) enabled for HCA 4 'mlx5_5
dgx052:180:400 [3] NCCL INFO Channel 07/0 : 11[3] -> 3[3] [receive] via NET/IBext_v8/4/GDRDMA
dgx052:180:400 [3] NCCL INFO GPU Direct RDMA Enabled for GPU 61000 / HCA 4 (distance 4 <= 4), read 0
dgx052:183:384 [6] NCCL INFO New proxy recv connection 9 from local rank 6, transport 2
dgx052:183:396 [6] NCCL INFO Connected to proxy localRank 6 -> connection 0x7fb288005378
dgx052:184:378 [7] NCCL INFO New proxy recv connection 12 from local rank 7, transport 2
dgx052:184:394 [7] NCCL INFO Connected to proxy localRank 7 -> connection 0x7f9e800054e0
dgx052:184:378 [7] NCCL INFO NET/IB : GPU Direct RDMA (DMABUF) enabled for HCA 9 'mlx5_11
dgx052:183:384 [6] NCCL INFO NET/IB : GPU Direct RDMA (DMABUF) enabled for HCA 8 'mlx5_10
dgx052:184:394 [7] NCCL INFO Channel 12/0 : 15[7] -> 7[7] [receive] via NET/IBext_v8/9/GDRDMA
dgx052:184:394 [7] NCCL INFO GPU Direct RDMA Enabled for GPU df000 / HCA 9 (distance 4 <= 4), read 0
dgx052:183:396 [6] NCCL INFO Channel 09/0 : 14[6] -> 6[6] [receive] via NET/IBext_v8/8/GDRDMA
dgx052:183:396 [6] NCCL INFO GPU Direct RDMA Enabled for GPU d1000 / HCA 8 (distance 4 <= 4), read 0
dgx052:184:378 [7] NCCL INFO New proxy recv connection 13 from local rank 7, transport 2
dgx052:180:390 [3] NCCL INFO New proxy recv connection 8 from local rank 3, transport 2
dgx052:184:394 [7] NCCL INFO Connected to proxy localRank 7 -> connection 0x7f9e80005558
dgx052:180:400 [3] NCCL INFO Connected to proxy localRank 3 -> connection 0x7f684c005300
dgx052:184:378 [7] NCCL INFO NET/IB : GPU Direct RDMA (DMABUF) enabled for HCA 9 'mlx5_11
dgx052:183:384 [6] NCCL INFO New proxy recv connection 10 from local rank 6, transport 2
dgx052:180:390 [3] NCCL INFO NET/IB : GPU Direct RDMA (DMABUF) enabled for HCA 4 'mlx5_5
dgx052:184:394 [7] NCCL INFO Channel 13/0 : 15[7] -> 7[7] [receive] via NET/IBext_v8/9/GDRDMA
dgx052:184:394 [7] NCCL INFO GPU Direct RDMA Enabled for GPU df000 / HCA 9 (distance 4 <= 4), read 0
dgx052:183:396 [6] NCCL INFO Connected to proxy localRank 6 -> connection 0x7fb2880053f0
dgx052:180:400 [3] NCCL INFO Channel 08/0 : 11[3] -> 3[3] [receive] via NET/IBext_v8/4/GDRDMA
dgx052:180:400 [3] NCCL INFO GPU Direct RDMA Enabled for GPU 61000 / HCA 4 (distance 4 <= 4), read 0
dgx052:184:378 [7] NCCL INFO New proxy recv connection 14 from local rank 7, transport 2
dgx052:184:394 [7] NCCL INFO Connected to proxy localRank 7 -> connection 0x7f9e800055d0
dgx052:183:384 [6] NCCL INFO NET/IB : GPU Direct RDMA (DMABUF) enabled for HCA 8 'mlx5_10
dgx052:184:378 [7] NCCL INFO NET/IB : GPU Direct RDMA (DMABUF) enabled for HCA 9 'mlx5_11
dgx052:184:394 [7] NCCL INFO Channel 14/0 : 15[7] -> 7[7] [receive] via NET/IBext_v8/9/GDRDMA
dgx052:184:394 [7] NCCL INFO GPU Direct RDMA Enabled for GPU df000 / HCA 9 (distance 4 <= 4), read 0
dgx052:183:396 [6] NCCL INFO Channel 10/0 : 14[6] -> 6[6] [receive] via NET/IBext_v8/8/GDRDMA
dgx052:183:396 [6] NCCL INFO GPU Direct RDMA Enabled for GPU d1000 / HCA 8 (distance 4 <= 4), read 0
dgx052:184:378 [7] NCCL INFO New proxy recv connection 15 from local rank 7, transport 2
dgx052:184:394 [7] NCCL INFO Connected to proxy localRank 7 -> connection 0x7f9e80005648
dgx052:184:378 [7] NCCL INFO NET/IB : GPU Direct RDMA (DMABUF) enabled for HCA 9 'mlx5_11
dgx052:183:384 [6] NCCL INFO New proxy recv connection 11 from local rank 6, transport 2
dgx052:184:394 [7] NCCL INFO Channel 15/0 : 15[7] -> 7[7] [receive] via NET/IBext_v8/9/GDRDMA
dgx052:184:394 [7] NCCL INFO GPU Direct RDMA Enabled for GPU df000 / HCA 9 (distance 4 <= 4), read 0
dgx052:180:390 [3] NCCL INFO New proxy recv connection 9 from local rank 3, transport 2
dgx052:184:378 [7] NCCL INFO New proxy recv connection 16 from local rank 7, transport 2
dgx052:183:396 [6] NCCL INFO Connected to proxy localRank 6 -> connection 0x7fb288005468
dgx052:184:394 [7] NCCL INFO Connected to proxy localRank 7 -> connection 0x7f9e800056c0
dgx052:180:400 [3] NCCL INFO Connected to proxy localRank 3 -> connection 0x7f684c005378
dgx052:184:378 [7] NCCL INFO NET/IB : GPU Direct RDMA (DMABUF) enabled for HCA 9 'mlx5_11
dgx052:184:394 [7] NCCL INFO Channel 16/0 : 15[7] -> 7[7] [receive] via NET/IBext_v8/9/GDRDMA
dgx052:184:394 [7] NCCL INFO GPU Direct RDMA Enabled for GPU df000 / HCA 9 (distance 4 <= 4), read 0
dgx052:180:390 [3] NCCL INFO NET/IB : GPU Direct RDMA (DMABUF) enabled for HCA 4 'mlx5_5
dgx052:184:378 [7] NCCL INFO New proxy recv connection 17 from local rank 7, transport 2
dgx052:184:394 [7] NCCL INFO Connected to proxy localRank 7 -> connection 0x7f9e80005738
dgx052:180:400 [3] NCCL INFO Channel 09/0 : 11[3] -> 3[3] [receive] via NET/IBext_v8/4/GDRDMA
dgx052:180:400 [3] NCCL INFO GPU Direct RDMA Enabled for GPU 61000 / HCA 4 (distance 4 <= 4), read 0
dgx052:183:384 [6] NCCL INFO NET/IB : GPU Direct RDMA (DMABUF) enabled for HCA 8 'mlx5_10
dgx052:184:378 [7] NCCL INFO NET/IB : GPU Direct RDMA (DMABUF) enabled for HCA 9 'mlx5_11
dgx052:184:394 [7] NCCL INFO Channel 17/0 : 15[7] -> 7[7] [receive] via NET/IBext_v8/9/GDRDMA
dgx052:183:396 [6] NCCL INFO Channel 11/0 : 14[6] -> 6[6] [receive] via NET/IBext_v8/8/GDRDMA
dgx052:184:394 [7] NCCL INFO GPU Direct RDMA Enabled for GPU df000 / HCA 9 (distance 4 <= 4), read 0
dgx052:183:396 [6] NCCL INFO GPU Direct RDMA Enabled for GPU d1000 / HCA 8 (distance 4 <= 4), read 0
dgx052:184:378 [7] NCCL INFO New proxy recv connection 18 from local rank 7, transport 2
dgx052:184:394 [7] NCCL INFO Connected to proxy localRank 7 -> connection 0x7f9e800057b0
dgx052:184:378 [7] NCCL INFO NET/IB : GPU Direct RDMA (DMABUF) enabled for HCA 9 'mlx5_11
dgx052:183:384 [6] NCCL INFO New proxy recv connection 12 from local rank 6, transport 2
dgx052:184:394 [7] NCCL INFO Channel 18/0 : 15[7] -> 7[7] [receive] via NET/IBext_v8/9/GDRDMA
dgx052:184:394 [7] NCCL INFO GPU Direct RDMA Enabled for GPU df000 / HCA 9 (distance 4 <= 4), read 0
dgx052:183:396 [6] NCCL INFO Connected to proxy localRank 6 -> connection 0x7fb2880054e0
dgx052:184:378 [7] NCCL INFO New proxy recv connection 19 from local rank 7, transport 2
dgx052:184:394 [7] NCCL INFO Connected to proxy localRank 7 -> connection 0x7f9e80005828
dgx052:180:390 [3] NCCL INFO New proxy recv connection 10 from local rank 3, transport 2
dgx052:184:378 [7] NCCL INFO NET/IB : GPU Direct RDMA (DMABUF) enabled for HCA 9 'mlx5_11
dgx052:184:394 [7] NCCL INFO Channel 19/0 : 15[7] -> 7[7] [receive] via NET/IBext_v8/9/GDRDMA
dgx052:184:394 [7] NCCL INFO GPU Direct RDMA Enabled for GPU df000 / HCA 9 (distance 4 <= 4), read 0
dgx052:180:400 [3] NCCL INFO Connected to proxy localRank 3 -> connection 0x7f684c0053f0
dgx052:183:384 [6] NCCL INFO NET/IB : GPU Direct RDMA (DMABUF) enabled for HCA 8 'mlx5_10
dgx052:184:378 [7] NCCL INFO New proxy recv connection 20 from local rank 7, transport 2
dgx052:184:394 [7] NCCL INFO Connected to proxy localRank 7 -> connection 0x7f9e800058a0
dgx052:183:396 [6] NCCL INFO Channel 12/0 : 14[6] -> 6[6] [receive] via NET/IBext_v8/8/GDRDMA
dgx052:183:396 [6] NCCL INFO GPU Direct RDMA Enabled for GPU d1000 / HCA 8 (distance 4 <= 4), read 0
dgx052:180:390 [3] NCCL INFO NET/IB : GPU Direct RDMA (DMABUF) enabled for HCA 4 'mlx5_5
dgx052:184:378 [7] NCCL INFO NET/IB : GPU Direct RDMA (DMABUF) enabled for HCA 9 'mlx5_11
dgx052:184:394 [7] NCCL INFO Channel 20/0 : 15[7] -> 7[7] [receive] via NET/IBext_v8/9/GDRDMA
dgx052:184:394 [7] NCCL INFO GPU Direct RDMA Enabled for GPU df000 / HCA 9 (distance 4 <= 4), read 0
dgx052:180:400 [3] NCCL INFO Channel 10/0 : 11[3] -> 3[3] [receive] via NET/IBext_v8/4/GDRDMA
dgx052:180:400 [3] NCCL INFO GPU Direct RDMA Enabled for GPU 61000 / HCA 4 (distance 4 <= 4), read 0
dgx052:184:378 [7] NCCL INFO New proxy recv connection 21 from local rank 7, transport 2
dgx052:183:384 [6] NCCL INFO New proxy recv connection 13 from local rank 6, transport 2
dgx052:184:394 [7] NCCL INFO Connected to proxy localRank 7 -> connection 0x7f9e80005918
dgx052:183:396 [6] NCCL INFO Connected to proxy localRank 6 -> connection 0x7fb288005558
dgx052:184:378 [7] NCCL INFO NET/IB : GPU Direct RDMA (DMABUF) enabled for HCA 9 'mlx5_11
dgx052:184:394 [7] NCCL INFO Channel 21/0 : 15[7] -> 7[7] [receive] via NET/IBext_v8/9/GDRDMA
dgx052:184:394 [7] NCCL INFO GPU Direct RDMA Enabled for GPU df000 / HCA 9 (distance 4 <= 4), read 0
dgx052:184:378 [7] NCCL INFO New proxy recv connection 22 from local rank 7, transport 2
dgx052:183:384 [6] NCCL INFO NET/IB : GPU Direct RDMA (DMABUF) enabled for HCA 8 'mlx5_10
dgx052:184:394 [7] NCCL INFO Connected to proxy localRank 7 -> connection 0x7f9e80005990
dgx052:180:390 [3] NCCL INFO New proxy recv connection 11 from local rank 3, transport 2
dgx052:184:378 [7] NCCL INFO NET/IB : GPU Direct RDMA (DMABUF) enabled for HCA 9 'mlx5_11
dgx052:183:396 [6] NCCL INFO Channel 13/0 : 14[6] -> 6[6] [receive] via NET/IBext_v8/8/GDRDMA
dgx052:183:396 [6] NCCL INFO GPU Direct RDMA Enabled for GPU d1000 / HCA 8 (distance 4 <= 4), read 0
dgx052:184:394 [7] NCCL INFO Channel 22/0 : 15[7] -> 7[7] [receive] via NET/IBext_v8/9/GDRDMA
dgx052:184:394 [7] NCCL INFO GPU Direct RDMA Enabled for GPU df000 / HCA 9 (distance 4 <= 4), read 0
dgx052:180:400 [3] NCCL INFO Connected to proxy localRank 3 -> connection 0x7f684c005468
dgx052:184:378 [7] NCCL INFO New proxy recv connection 23 from local rank 7, transport 2
dgx052:184:394 [7] NCCL INFO Connected to proxy localRank 7 -> connection 0x7f9e80005a08
dgx052:180:390 [3] NCCL INFO NET/IB : GPU Direct RDMA (DMABUF) enabled for HCA 4 'mlx5_5
dgx052:183:384 [6] NCCL INFO New proxy recv connection 14 from local rank 6, transport 2
dgx052:184:378 [7] NCCL INFO NET/IB : GPU Direct RDMA (DMABUF) enabled for HCA 9 'mlx5_11
dgx052:184:394 [7] NCCL INFO Channel 23/0 : 15[7] -> 7[7] [receive] via NET/IBext_v8/9/GDRDMA
dgx052:184:394 [7] NCCL INFO GPU Direct RDMA Enabled for GPU df000 / HCA 9 (distance 4 <= 4), read 0
dgx052:180:400 [3] NCCL INFO Channel 11/0 : 11[3] -> 3[3] [receive] via NET/IBext_v8/4/GDRDMA
dgx052:183:396 [6] NCCL INFO Connected to proxy localRank 6 -> connection 0x7fb2880055d0
dgx052:180:400 [3] NCCL INFO GPU Direct RDMA Enabled for GPU 61000 / HCA 4 (distance 4 <= 4), read 0
dgx052:184:378 [7] NCCL INFO New proxy recv connection 24 from local rank 7, transport 2
dgx052:184:394 [7] NCCL INFO Connected to proxy localRank 7 -> connection 0x7f9e80005a80
dgx052:180:390 [3] NCCL INFO New proxy recv connection 12 from local rank 3, transport 2
dgx052:180:400 [3] NCCL INFO Connected to proxy localRank 3 -> connection 0x7f684c0054e0
dgx052:184:378 [7] NCCL INFO NET/IB : GPU Direct RDMA (DMABUF) enabled for HCA 9 'mlx5_11
dgx052:183:384 [6] NCCL INFO NET/IB : GPU Direct RDMA (DMABUF) enabled for HCA 8 'mlx5_10
dgx052:184:394 [7] NCCL INFO Channel 24/0 : 15[7] -> 7[7] [receive] via NET/IBext_v8/9/GDRDMA
dgx052:184:394 [7] NCCL INFO GPU Direct RDMA Enabled for GPU df000 / HCA 9 (distance 4 <= 4), read 0
dgx052:180:390 [3] NCCL INFO NET/IB : GPU Direct RDMA (DMABUF) enabled for HCA 4 'mlx5_5
dgx052:184:378 [7] NCCL INFO New proxy recv connection 25 from local rank 7, transport 2
dgx052:180:400 [3] NCCL INFO Channel 12/0 : 11[3] -> 3[3] [receive] via NET/IBext_v8/4/GDRDMA
dgx052:183:396 [6] NCCL INFO Channel 14/0 : 14[6] -> 6[6] [receive] via NET/IBext_v8/8/GDRDMA
dgx052:184:394 [7] NCCL INFO Connected to proxy localRank 7 -> connection 0x7f9e80005af8
dgx052:180:400 [3] NCCL INFO GPU Direct RDMA Enabled for GPU 61000 / HCA 4 (distance 4 <= 4), read 0
dgx052:183:396 [6] NCCL INFO GPU Direct RDMA Enabled for GPU d1000 / HCA 8 (distance 4 <= 4), read 0
dgx052:184:378 [7] NCCL INFO NET/IB : GPU Direct RDMA (DMABUF) enabled for HCA 9 'mlx5_11
dgx052:180:390 [3] NCCL INFO New proxy recv connection 13 from local rank 3, transport 2
dgx052:184:394 [7] NCCL INFO Channel 25/0 : 15[7] -> 7[7] [receive] via NET/IBext_v8/9/GDRDMA
dgx052:184:394 [7] NCCL INFO GPU Direct RDMA Enabled for GPU df000 / HCA 9 (distance 4 <= 4), read 0
dgx052:180:400 [3] NCCL INFO Connected to proxy localRank 3 -> connection 0x7f684c005558
dgx052:184:378 [7] NCCL INFO New proxy recv connection 26 from local rank 7, transport 2
dgx052:183:384 [6] NCCL INFO New proxy recv connection 15 from local rank 6, transport 2
dgx052:184:394 [7] NCCL INFO Connected to proxy localRank 7 -> connection 0x7f9e80005b70
dgx052:180:390 [3] NCCL INFO NET/IB : GPU Direct RDMA (DMABUF) enabled for HCA 4 'mlx5_5
dgx052:183:396 [6] NCCL INFO Connected to proxy localRank 6 -> connection 0x7fb288005648
dgx052:184:378 [7] NCCL INFO NET/IB : GPU Direct RDMA (DMABUF) enabled for HCA 9 'mlx5_11
dgx052:180:400 [3] NCCL INFO Channel 13/0 : 11[3] -> 3[3] [receive] via NET/IBext_v8/4/GDRDMA
dgx052:180:400 [3] NCCL INFO GPU Direct RDMA Enabled for GPU 61000 / HCA 4 (distance 4 <= 4), read 0
dgx052:184:394 [7] NCCL INFO Channel 26/0 : 15[7] -> 7[7] [receive] via NET/IBext_v8/9/GDRDMA
dgx052:184:394 [7] NCCL INFO GPU Direct RDMA Enabled for GPU df000 / HCA 9 (distance 4 <= 4), read 0
dgx052:180:390 [3] NCCL INFO New proxy recv connection 14 from local rank 3, transport 2
dgx052:184:378 [7] NCCL INFO New proxy recv connection 27 from local rank 7, transport 2
dgx052:180:400 [3] NCCL INFO Connected to proxy localRank 3 -> connection 0x7f684c0055d0
dgx052:184:394 [7] NCCL INFO Connected to proxy localRank 7 -> connection 0x7f9e80005be8
dgx052:183:384 [6] NCCL INFO NET/IB : GPU Direct RDMA (DMABUF) enabled for HCA 8 'mlx5_10
dgx052:184:378 [7] NCCL INFO NET/IB : GPU Direct RDMA (DMABUF) enabled for HCA 9 'mlx5_11
dgx052:180:390 [3] NCCL INFO NET/IB : GPU Direct RDMA (DMABUF) enabled for HCA 4 'mlx5_5
dgx052:183:396 [6] NCCL INFO Channel 15/0 : 14[6] -> 6[6] [receive] via NET/IBext_v8/8/GDRDMA
dgx052:184:394 [7] NCCL INFO Channel 27/0 : 15[7] -> 7[7] [receive] via NET/IBext_v8/9/GDRDMA
dgx052:183:396 [6] NCCL INFO GPU Direct RDMA Enabled for GPU d1000 / HCA 8 (distance 4 <= 4), read 0
dgx052:184:394 [7] NCCL INFO GPU Direct RDMA Enabled for GPU df000 / HCA 9 (distance 4 <= 4), read 1
dgx052:180:400 [3] NCCL INFO Channel 14/0 : 11[3] -> 3[3] [receive] via NET/IBext_v8/4/GDRDMA
dgx052:180:400 [3] NCCL INFO GPU Direct RDMA Enabled for GPU 61000 / HCA 4 (distance 4 <= 4), read 0
dgx052:184:378 [7] NCCL INFO New proxy send connection 28 from local rank 7, transport 2
dgx052:184:394 [7] NCCL INFO Connected to proxy localRank 7 -> connection 0x7f9e80005c60
dgx052:180:390 [3] NCCL INFO New proxy recv connection 15 from local rank 3, transport 2
dgx052:180:400 [3] NCCL INFO Connected to proxy localRank 3 -> connection 0x7f684c005648
dgx052:184:378 [7] NCCL INFO NET/IB : GPU Direct RDMA (DMABUF) enabled for HCA 9 'mlx5_11
dgx052:183:384 [6] NCCL INFO New proxy recv connection 16 from local rank 6, transport 2
dgx052:184:394 [7] NCCL INFO Channel 00/0 : 7[7] -> 15[7] [send] via NET/IBext_v8/9/GDRDMA
dgx052:184:394 [7] NCCL INFO GPU Direct RDMA Enabled for GPU df000 / HCA 9 (distance 4 <= 4), read 1
dgx052:183:396 [6] NCCL INFO Connected to proxy localRank 6 -> connection 0x7fb2880056c0
dgx052:184:378 [7] NCCL INFO New proxy send connection 29 from local rank 7, transport 2
dgx052:180:390 [3] NCCL INFO NET/IB : GPU Direct RDMA (DMABUF) enabled for HCA 4 'mlx5_5
dgx052:184:394 [7] NCCL INFO Connected to proxy localRank 7 -> connection 0x7f9e80005cd8
dgx052:180:400 [3] NCCL INFO Channel 15/0 : 11[3] -> 3[3] [receive] via NET/IBext_v8/4/GDRDMA
dgx052:180:400 [3] NCCL INFO GPU Direct RDMA Enabled for GPU 61000 / HCA 4 (distance 4 <= 4), read 0
dgx052:184:378 [7] NCCL INFO NET/IB : GPU Direct RDMA (DMABUF) enabled for HCA 9 'mlx5_11
dgx052:184:394 [7] NCCL INFO Channel 01/0 : 7[7] -> 15[7] [send] via NET/IBext_v8/9/GDRDMA
dgx052:184:394 [7] NCCL INFO GPU Direct RDMA Enabled for GPU df000 / HCA 9 (distance 4 <= 4), read 1
dgx052:180:390 [3] NCCL INFO New proxy recv connection 16 from local rank 3, transport 2
dgx052:184:378 [7] NCCL INFO New proxy send connection 30 from local rank 7, transport 2
dgx052:180:400 [3] NCCL INFO Connected to proxy localRank 3 -> connection 0x7f684c0056c0
dgx052:183:384 [6] NCCL INFO NET/IB : GPU Direct RDMA (DMABUF) enabled for HCA 8 'mlx5_10
dgx052:184:394 [7] NCCL INFO Connected to proxy localRank 7 -> connection 0x7f9e80005d50
dgx052:183:396 [6] NCCL INFO Channel 16/0 : 14[6] -> 6[6] [receive] via NET/IBext_v8/8/GDRDMA
dgx052:180:390 [3] NCCL INFO NET/IB : GPU Direct RDMA (DMABUF) enabled for HCA 4 'mlx5_5
dgx052:183:396 [6] NCCL INFO GPU Direct RDMA Enabled for GPU d1000 / HCA 8 (distance 4 <= 4), read 0
dgx052:184:378 [7] NCCL INFO NET/IB : GPU Direct RDMA (DMABUF) enabled for HCA 9 'mlx5_11
dgx052:184:394 [7] NCCL INFO Channel 02/0 : 7[7] -> 15[7] [send] via NET/IBext_v8/9/GDRDMA
dgx052:184:394 [7] NCCL INFO GPU Direct RDMA Enabled for GPU df000 / HCA 9 (distance 4 <= 4), read 1
dgx052:180:400 [3] NCCL INFO Channel 16/0 : 11[3] -> 3[3] [receive] via NET/IBext_v8/4/GDRDMA
dgx052:180:400 [3] NCCL INFO GPU Direct RDMA Enabled for GPU 61000 / HCA 4 (distance 4 <= 4), read 0
dgx052:184:378 [7] NCCL INFO New proxy send connection 31 from local rank 7, transport 2
dgx052:184:394 [7] NCCL INFO Connected to proxy localRank 7 -> connection 0x7f9e80005dc8
dgx052:180:390 [3] NCCL INFO New proxy recv connection 17 from local rank 3, transport 2
dgx052:183:384 [6] NCCL INFO New proxy recv connection 17 from local rank 6, transport 2
dgx052:184:378 [7] NCCL INFO NET/IB : GPU Direct RDMA (DMABUF) enabled for HCA 9 'mlx5_11
dgx052:180:400 [3] NCCL INFO Connected to proxy localRank 3 -> connection 0x7f684c005738
dgx052:184:394 [7] NCCL INFO Channel 03/0 : 7[7] -> 15[7] [send] via NET/IBext_v8/9/GDRDMA
dgx052:184:394 [7] NCCL INFO GPU Direct RDMA Enabled for GPU df000 / HCA 9 (distance 4 <= 4), read 1
dgx052:183:396 [6] NCCL INFO Connected to proxy localRank 6 -> connection 0x7fb288005738
dgx052:184:378 [7] NCCL INFO New proxy send connection 32 from local rank 7, transport 2
dgx052:180:390 [3] NCCL INFO NET/IB : GPU Direct RDMA (DMABUF) enabled for HCA 4 'mlx5_5
dgx052:184:394 [7] NCCL INFO Connected to proxy localRank 7 -> connection 0x7f9e80005e40
dgx052:180:400 [3] NCCL INFO Channel 17/0 : 11[3] -> 3[3] [receive] via NET/IBext_v8/4/GDRDMA
dgx052:180:400 [3] NCCL INFO GPU Direct RDMA Enabled for GPU 61000 / HCA 4 (distance 4 <= 4), read 0
dgx052:184:378 [7] NCCL INFO NET/IB : GPU Direct RDMA (DMABUF) enabled for HCA 9 'mlx5_11
dgx052:184:394 [7] NCCL INFO Channel 04/0 : 7[7] -> 15[7] [send] via NET/IBext_v8/9/GDRDMA
dgx052:184:394 [7] NCCL INFO GPU Direct RDMA Enabled for GPU df000 / HCA 9 (distance 4 <= 4), read 1
dgx052:184:378 [7] NCCL INFO New proxy send connection 33 from local rank 7, transport 2
dgx052:180:390 [3] NCCL INFO New proxy recv connection 18 from local rank 3, transport 2
dgx052:183:384 [6] NCCL INFO NET/IB : GPU Direct RDMA (DMABUF) enabled for HCA 8 'mlx5_10
dgx052:184:394 [7] NCCL INFO Connected to proxy localRank 7 -> connection 0x7f9e80005eb8
dgx052:180:400 [3] NCCL INFO Connected to proxy localRank 3 -> connection 0x7f684c0057b0
dgx052:184:378 [7] NCCL INFO NET/IB : GPU Direct RDMA (DMABUF) enabled for HCA 9 'mlx5_11
dgx052:183:396 [6] NCCL INFO Channel 17/0 : 14[6] -> 6[6] [receive] via NET/IBext_v8/8/GDRDMA
dgx052:183:396 [6] NCCL INFO GPU Direct RDMA Enabled for GPU d1000 / HCA 8 (distance 4 <= 4), read 0
dgx052:184:394 [7] NCCL INFO Channel 05/0 : 7[7] -> 15[7] [send] via NET/IBext_v8/9/GDRDMA
dgx052:184:394 [7] NCCL INFO GPU Direct RDMA Enabled for GPU df000 / HCA 9 (distance 4 <= 4), read 1
dgx052:180:390 [3] NCCL INFO NET/IB : GPU Direct RDMA (DMABUF) enabled for HCA 4 'mlx5_5
dgx052:184:378 [7] NCCL INFO New proxy send connection 34 from local rank 7, transport 2
dgx052:180:400 [3] NCCL INFO Channel 18/0 : 11[3] -> 3[3] [receive] via NET/IBext_v8/4/GDRDMA
dgx052:180:400 [3] NCCL INFO GPU Direct RDMA Enabled for GPU 61000 / HCA 4 (distance 4 <= 4), read 0
dgx052:184:394 [7] NCCL INFO Connected to proxy localRank 7 -> connection 0x7f9e80005f30
dgx052:184:378 [7] NCCL INFO NET/IB : GPU Direct RDMA (DMABUF) enabled for HCA 9 'mlx5_11
dgx052:180:390 [3] NCCL INFO New proxy recv connection 19 from local rank 3, transport 2
dgx052:183:384 [6] NCCL INFO New proxy recv connection 18 from local rank 6, transport 2
dgx052:184:394 [7] NCCL INFO Channel 06/0 : 7[7] -> 15[7] [send] via NET/IBext_v8/9/GDRDMA
dgx052:184:394 [7] NCCL INFO GPU Direct RDMA Enabled for GPU df000 / HCA 9 (distance 4 <= 4), read 1
dgx052:180:400 [3] NCCL INFO Connected to proxy localRank 3 -> connection 0x7f684c005828
dgx052:183:396 [6] NCCL INFO Connected to proxy localRank 6 -> connection 0x7fb2880057b0
dgx052:184:378 [7] NCCL INFO New proxy send connection 35 from local rank 7, transport 2
dgx052:184:394 [7] NCCL INFO Connected to proxy localRank 7 -> connection 0x7f9e80005fa8
dgx052:180:390 [3] NCCL INFO NET/IB : GPU Direct RDMA (DMABUF) enabled for HCA 4 'mlx5_5
dgx052:184:378 [7] NCCL INFO NET/IB : GPU Direct RDMA (DMABUF) enabled for HCA 9 'mlx5_11
dgx052:180:400 [3] NCCL INFO Channel 19/0 : 11[3] -> 3[3] [receive] via NET/IBext_v8/4/GDRDMA
dgx052:184:394 [7] NCCL INFO Channel 07/0 : 7[7] -> 15[7] [send] via NET/IBext_v8/9/GDRDMA
dgx052:184:394 [7] NCCL INFO GPU Direct RDMA Enabled for GPU df000 / HCA 9 (distance 4 <= 4), read 1
dgx052:180:400 [3] NCCL INFO GPU Direct RDMA Enabled for GPU 61000 / HCA 4 (distance 4 <= 4), read 0
dgx052:184:378 [7] NCCL INFO New proxy send connection 36 from local rank 7, transport 2
dgx052:183:384 [6] NCCL INFO NET/IB : GPU Direct RDMA (DMABUF) enabled for HCA 8 'mlx5_10
dgx052:180:390 [3] NCCL INFO New proxy recv connection 20 from local rank 3, transport 2
dgx052:184:394 [7] NCCL INFO Connected to proxy localRank 7 -> connection 0x7f9e80006020
dgx052:180:400 [3] NCCL INFO Connected to proxy localRank 3 -> connection 0x7f684c0058a0
dgx052:184:378 [7] NCCL INFO NET/IB : GPU Direct RDMA (DMABUF) enabled for HCA 9 'mlx5_11
dgx052:183:396 [6] NCCL INFO Channel 18/0 : 14[6] -> 6[6] [receive] via NET/IBext_v8/8/GDRDMA
dgx052:183:396 [6] NCCL INFO GPU Direct RDMA Enabled for GPU d1000 / HCA 8 (distance 4 <= 4), read 0
dgx052:184:394 [7] NCCL INFO Channel 08/0 : 7[7] -> 15[7] [send] via NET/IBext_v8/9/GDRDMA
dgx052:184:394 [7] NCCL INFO GPU Direct RDMA Enabled for GPU df000 / HCA 9 (distance 4 <= 4), read 1
dgx052:180:390 [3] NCCL INFO NET/IB : GPU Direct RDMA (DMABUF) enabled for HCA 4 'mlx5_5
dgx052:184:378 [7] NCCL INFO New proxy send connection 37 from local rank 7, transport 2
dgx052:184:394 [7] NCCL INFO Connected to proxy localRank 7 -> connection 0x7f9e80006098
dgx052:180:400 [3] NCCL INFO Channel 20/0 : 11[3] -> 3[3] [receive] via NET/IBext_v8/4/GDRDMA
dgx052:180:400 [3] NCCL INFO GPU Direct RDMA Enabled for GPU 61000 / HCA 4 (distance 4 <= 4), read 0
dgx052:184:378 [7] NCCL INFO NET/IB : GPU Direct RDMA (DMABUF) enabled for HCA 9 'mlx5_11
dgx052:184:394 [7] NCCL INFO Channel 09/0 : 7[7] -> 15[7] [send] via NET/IBext_v8/9/GDRDMA
dgx052:183:384 [6] NCCL INFO New proxy recv connection 19 from local rank 6, transport 2
dgx052:184:394 [7] NCCL INFO GPU Direct RDMA Enabled for GPU df000 / HCA 9 (distance 4 <= 4), read 1
dgx052:180:390 [3] NCCL INFO New proxy recv connection 21 from local rank 3, transport 2
dgx052:184:378 [7] NCCL INFO New proxy send connection 38 from local rank 7, transport 2
dgx052:180:400 [3] NCCL INFO Connected to proxy localRank 3 -> connection 0x7f684c005918
dgx052:183:396 [6] NCCL INFO Connected to proxy localRank 6 -> connection 0x7fb288005828
dgx052:184:394 [7] NCCL INFO Connected to proxy localRank 7 -> connection 0x7f9e80006110
dgx052:184:378 [7] NCCL INFO NET/IB : GPU Direct RDMA (DMABUF) enabled for HCA 9 'mlx5_11
dgx052:180:390 [3] NCCL INFO NET/IB : GPU Direct RDMA (DMABUF) enabled for HCA 4 'mlx5_5
dgx052:184:394 [7] NCCL INFO Channel 10/0 : 7[7] -> 15[7] [send] via NET/IBext_v8/9/GDRDMA
dgx052:184:394 [7] NCCL INFO GPU Direct RDMA Enabled for GPU df000 / HCA 9 (distance 4 <= 4), read 1
dgx052:180:400 [3] NCCL INFO Channel 21/0 : 11[3] -> 3[3] [receive] via NET/IBext_v8/4/GDRDMA
dgx052:180:400 [3] NCCL INFO GPU Direct RDMA Enabled for GPU 61000 / HCA 4 (distance 4 <= 4), read 0
dgx052:184:378 [7] NCCL INFO New proxy send connection 39 from local rank 7, transport 2
dgx052:183:384 [6] NCCL INFO NET/IB : GPU Direct RDMA (DMABUF) enabled for HCA 8 'mlx5_10
dgx052:184:394 [7] NCCL INFO Connected to proxy localRank 7 -> connection 0x7f9e80006188
dgx052:180:390 [3] NCCL INFO New proxy recv connection 22 from local rank 3, transport 2
dgx052:184:378 [7] NCCL INFO NET/IB : GPU Direct RDMA (DMABUF) enabled for HCA 9 'mlx5_11
dgx052:180:400 [3] NCCL INFO Connected to proxy localRank 3 -> connection 0x7f684c005990
dgx052:184:394 [7] NCCL INFO Channel 11/0 : 7[7] -> 15[7] [send] via NET/IBext_v8/9/GDRDMA
dgx052:183:396 [6] NCCL INFO Channel 19/0 : 14[6] -> 6[6] [receive] via NET/IBext_v8/8/GDRDMA
dgx052:184:394 [7] NCCL INFO GPU Direct RDMA Enabled for GPU df000 / HCA 9 (distance 4 <= 4), read 1
dgx052:183:396 [6] NCCL INFO GPU Direct RDMA Enabled for GPU d1000 / HCA 8 (distance 4 <= 4), read 0
dgx052:184:378 [7] NCCL INFO New proxy send connection 40 from local rank 7, transport 2
dgx052:184:394 [7] NCCL INFO Connected to proxy localRank 7 -> connection 0x7f9e80006200
dgx052:180:390 [3] NCCL INFO NET/IB : GPU Direct RDMA (DMABUF) enabled for HCA 4 'mlx5_5
dgx052:180:400 [3] NCCL INFO Channel 22/0 : 11[3] -> 3[3] [receive] via NET/IBext_v8/4/GDRDMA
dgx052:180:400 [3] NCCL INFO GPU Direct RDMA Enabled for GPU 61000 / HCA 4 (distance 4 <= 4), read 0
dgx052:184:378 [7] NCCL INFO NET/IB : GPU Direct RDMA (DMABUF) enabled for HCA 9 'mlx5_11
dgx052:184:394 [7] NCCL INFO Channel 12/0 : 7[7] -> 15[7] [send] via NET/IBext_v8/9/GDRDMA
dgx052:184:394 [7] NCCL INFO GPU Direct RDMA Enabled for GPU df000 / HCA 9 (distance 4 <= 4), read 1
dgx052:183:384 [6] NCCL INFO New proxy recv connection 20 from local rank 6, transport 2
dgx052:184:378 [7] NCCL INFO New proxy send connection 41 from local rank 7, transport 2
dgx052:180:390 [3] NCCL INFO New proxy recv connection 23 from local rank 3, transport 2
dgx052:183:396 [6] NCCL INFO Connected to proxy localRank 6 -> connection 0x7fb2880058a0
dgx052:184:394 [7] NCCL INFO Connected to proxy localRank 7 -> connection 0x7f9e80006278
dgx052:180:400 [3] NCCL INFO Connected to proxy localRank 3 -> connection 0x7f684c005a08
dgx052:184:378 [7] NCCL INFO NET/IB : GPU Direct RDMA (DMABUF) enabled for HCA 9 'mlx5_11
dgx052:184:394 [7] NCCL INFO Channel 13/0 : 7[7] -> 15[7] [send] via NET/IBext_v8/9/GDRDMA
dgx052:184:394 [7] NCCL INFO GPU Direct RDMA Enabled for GPU df000 / HCA 9 (distance 4 <= 4), read 1
dgx052:180:390 [3] NCCL INFO NET/IB : GPU Direct RDMA (DMABUF) enabled for HCA 4 'mlx5_5
dgx052:184:378 [7] NCCL INFO New proxy send connection 42 from local rank 7, transport 2
dgx052:180:400 [3] NCCL INFO Channel 23/0 : 11[3] -> 3[3] [receive] via NET/IBext_v8/4/GDRDMA
dgx052:180:400 [3] NCCL INFO GPU Direct RDMA Enabled for GPU 61000 / HCA 4 (distance 4 <= 4), read 0
dgx052:183:384 [6] NCCL INFO NET/IB : GPU Direct RDMA (DMABUF) enabled for HCA 8 'mlx5_10
dgx052:184:394 [7] NCCL INFO Connected to proxy localRank 7 -> connection 0x7f9e800062f0
dgx052:184:378 [7] NCCL INFO NET/IB : GPU Direct RDMA (DMABUF) enabled for HCA 9 'mlx5_11
dgx052:180:390 [3] NCCL INFO New proxy recv connection 24 from local rank 3, transport 2
dgx052:183:396 [6] NCCL INFO Channel 20/0 : 14[6] -> 6[6] [receive] via NET/IBext_v8/8/GDRDMA
