dgx052:181:401 [4] NCCL INFO GPU Direct RDMA Enabled for GPU 9d000 / HCA 5 (distance 4 <= 4), read 0
dgx052:177:380 [0] NCCL INFO NET/IB : GPU Direct RDMA (DMABUF) enabled for HCA 0 'mlx5_0
dgx052:179:388 [2] NCCL INFO NET/IB : GPU Direct RDMA (DMABUF) enabled for HCA 3 'mlx5_4
dgx052:178:382 [1] NCCL INFO NET/IB : GPU Direct RDMA (DMABUF) enabled for HCA 2 'mlx5_3
dgx052:181:392 [4] NCCL INFO New proxy recv connection 1 from local rank 4, transport 2
dgx052:181:401 [4] NCCL INFO Connected to proxy localRank 4 -> connection 0x7f1768004fb8
dgx052:177:398 [0] NCCL INFO Channel 10/0 : 8[0] -> 0[0] [receive] via NET/IBext_v8/0/GDRDMA
dgx052:177:398 [0] NCCL INFO GPU Direct RDMA Enabled for GPU 1b000 / HCA 0 (distance 4 <= 4), read 0
dgx052:179:399 [2] NCCL INFO Channel 09/0 : 10[2] -> 2[2] [receive] via NET/IBext_v8/3/GDRDMA
dgx052:179:399 [2] NCCL INFO GPU Direct RDMA Enabled for GPU 52000 / HCA 3 (distance 4 <= 4), read 0
dgx052:181:392 [4] NCCL INFO NET/IB : GPU Direct RDMA (DMABUF) enabled for HCA 5 'mlx5_6
dgx052:178:397 [1] NCCL INFO Channel 08/0 : 9[1] -> 1[1] [receive] via NET/IBext_v8/2/GDRDMA
dgx052:178:397 [1] NCCL INFO GPU Direct RDMA Enabled for GPU 43000 / HCA 2 (distance 4 <= 4), read 0
dgx052:177:380 [0] NCCL INFO New proxy recv connection 11 from local rank 0, transport 2
dgx052:181:401 [4] NCCL INFO Channel 01/0 : 12[4] -> 4[4] [receive] via NET/IBext_v8/5/GDRDMA
dgx052:181:401 [4] NCCL INFO GPU Direct RDMA Enabled for GPU 9d000 / HCA 5 (distance 4 <= 4), read 0
dgx052:177:398 [0] NCCL INFO Connected to proxy localRank 0 -> connection 0x7fb6ec005468
dgx052:181:392 [4] NCCL INFO New proxy recv connection 2 from local rank 4, transport 2
dgx052:181:401 [4] NCCL INFO Connected to proxy localRank 4 -> connection 0x7f1768005030
dgx052:184:378 [7] NCCL INFO NET/IB: NCCL Dev 9 IbDev 9 Port 1 qpn 6560 mtu 5 LID 419 subnet-prefix 33022  FLID 0 fifoRkey=0x16fcba fifoLkey=0x16fcba
dgx052:184:378 [7] NCCL INFO NET/IB: NCCL Dev 9 IbDev 9 Port 1 qpn 6561 mtu 5 LID 419 subnet-prefix 33022  FLID 0 fifoRkey=0x16fcba fifoLkey=0x16fcba
dgx052:184:378 [7] NCCL INFO NET/IB: NCCL Dev 9 IbDev 9 Port 1 qpn 6562 mtu 5 LID 419 subnet-prefix 33022  FLID 0 fifoRkey=0x16fcba fifoLkey=0x16fcba
dgx052:184:378 [7] NCCL INFO NET/IB: NCCL Dev 9 IbDev 9 Port 1 qpn 6563 mtu 5 LID 419 subnet-prefix 33022  FLID 0 fifoRkey=0x16fcba fifoLkey=0x16fcba
dgx052:184:378 [7] NCCL INFO NET/IB: NCCL Dev 9 IbDev 9 Port 1 qpn 6564 mtu 5 LID 419 subnet-prefix 33022  FLID 0 fifoRkey=0x16fcba fifoLkey=0x16fcba
dgx052:184:378 [7] NCCL INFO NET/IB: NCCL Dev 9 IbDev 9 Port 1 qpn 6565 mtu 5 LID 419 subnet-prefix 33022  FLID 0 fifoRkey=0x16fcba fifoLkey=0x16fcba
dgx052:184:378 [7] NCCL INFO NET/IB: NCCL Dev 9 IbDev 9 Port 1 qpn 6566 mtu 5 LID 419 subnet-prefix 33022  FLID 0 fifoRkey=0x16fcba fifoLkey=0x16fcba
dgx052:184:378 [7] NCCL INFO NET/IB: NCCL Dev 9 IbDev 9 Port 1 qpn 6567 mtu 5 LID 419 subnet-prefix 33022  FLID 0 fifoRkey=0x16fcba fifoLkey=0x16fcba
dgx052:177:380 [0] NCCL INFO NET/IB : GPU Direct RDMA (DMABUF) enabled for HCA 0 'mlx5_0
dgx052:181:392 [4] NCCL INFO NET/IB : GPU Direct RDMA (DMABUF) enabled for HCA 5 'mlx5_6
dgx052:177:398 [0] NCCL INFO Channel 11/0 : 8[0] -> 0[0] [receive] via NET/IBext_v8/0/GDRDMA
dgx052:177:398 [0] NCCL INFO GPU Direct RDMA Enabled for GPU 1b000 / HCA 0 (distance 4 <= 4), read 0
dgx052:181:401 [4] NCCL INFO Channel 02/0 : 12[4] -> 4[4] [receive] via NET/IBext_v8/5/GDRDMA
dgx052:181:401 [4] NCCL INFO GPU Direct RDMA Enabled for GPU 9d000 / HCA 5 (distance 4 <= 4), read 0
dgx052:179:388 [2] NCCL INFO New proxy recv connection 10 from local rank 2, transport 2
dgx052:181:392 [4] NCCL INFO New proxy recv connection 3 from local rank 4, transport 2
dgx052:181:401 [4] NCCL INFO Connected to proxy localRank 4 -> connection 0x7f17680050a8
dgx052:178:382 [1] NCCL INFO New proxy recv connection 9 from local rank 1, transport 2
dgx052:179:399 [2] NCCL INFO Connected to proxy localRank 2 -> connection 0x7f5c4c0053f0
dgx052:178:397 [1] NCCL INFO Connected to proxy localRank 1 -> connection 0x7f342c005378
dgx052:181:392 [4] NCCL INFO NET/IB : GPU Direct RDMA (DMABUF) enabled for HCA 5 'mlx5_6
dgx052:181:401 [4] NCCL INFO Channel 03/0 : 12[4] -> 4[4] [receive] via NET/IBext_v8/5/GDRDMA
dgx052:181:401 [4] NCCL INFO GPU Direct RDMA Enabled for GPU 9d000 / HCA 5 (distance 4 <= 4), read 0
dgx052:179:388 [2] NCCL INFO NET/IB : GPU Direct RDMA (DMABUF) enabled for HCA 3 'mlx5_4
dgx052:181:392 [4] NCCL INFO New proxy recv connection 4 from local rank 4, transport 2
dgx052:181:401 [4] NCCL INFO Connected to proxy localRank 4 -> connection 0x7f1768005120
dgx052:178:382 [1] NCCL INFO NET/IB : GPU Direct RDMA (DMABUF) enabled for HCA 2 'mlx5_3
dgx052:179:399 [2] NCCL INFO Channel 10/0 : 10[2] -> 2[2] [receive] via NET/IBext_v8/3/GDRDMA
dgx052:177:380 [0] NCCL INFO New proxy recv connection 12 from local rank 0, transport 2
dgx052:179:399 [2] NCCL INFO GPU Direct RDMA Enabled for GPU 52000 / HCA 3 (distance 4 <= 4), read 0
dgx052:181:392 [4] NCCL INFO NET/IB : GPU Direct RDMA (DMABUF) enabled for HCA 5 'mlx5_6
dgx052:177:398 [0] NCCL INFO Connected to proxy localRank 0 -> connection 0x7fb6ec0054e0
dgx052:178:397 [1] NCCL INFO Channel 09/0 : 9[1] -> 1[1] [receive] via NET/IBext_v8/2/GDRDMA
dgx052:181:401 [4] NCCL INFO Channel 04/0 : 12[4] -> 4[4] [receive] via NET/IBext_v8/5/GDRDMA
dgx052:181:401 [4] NCCL INFO GPU Direct RDMA Enabled for GPU 9d000 / HCA 5 (distance 4 <= 4), read 0
dgx052:178:397 [1] NCCL INFO GPU Direct RDMA Enabled for GPU 43000 / HCA 2 (distance 4 <= 4), read 0
dgx052:181:392 [4] NCCL INFO New proxy recv connection 5 from local rank 4, transport 2
dgx052:181:401 [4] NCCL INFO Connected to proxy localRank 4 -> connection 0x7f1768005198
dgx052:177:380 [0] NCCL INFO NET/IB : GPU Direct RDMA (DMABUF) enabled for HCA 0 'mlx5_0
dgx052:181:392 [4] NCCL INFO NET/IB : GPU Direct RDMA (DMABUF) enabled for HCA 5 'mlx5_6
dgx052:181:401 [4] NCCL INFO Channel 05/0 : 12[4] -> 4[4] [receive] via NET/IBext_v8/5/GDRDMA
dgx052:181:401 [4] NCCL INFO GPU Direct RDMA Enabled for GPU 9d000 / HCA 5 (distance 4 <= 4), read 0
dgx052:177:398 [0] NCCL INFO Channel 12/0 : 8[0] -> 0[0] [receive] via NET/IBext_v8/0/GDRDMA
dgx052:177:398 [0] NCCL INFO GPU Direct RDMA Enabled for GPU 1b000 / HCA 0 (distance 4 <= 4), read 0
dgx052:181:392 [4] NCCL INFO New proxy recv connection 6 from local rank 4, transport 2
dgx052:181:401 [4] NCCL INFO Connected to proxy localRank 4 -> connection 0x7f1768005210
dgx052:179:388 [2] NCCL INFO New proxy recv connection 11 from local rank 2, transport 2
dgx052:181:392 [4] NCCL INFO NET/IB : GPU Direct RDMA (DMABUF) enabled for HCA 5 'mlx5_6
dgx052:178:382 [1] NCCL INFO New proxy recv connection 10 from local rank 1, transport 2
dgx052:181:401 [4] NCCL INFO Channel 06/0 : 12[4] -> 4[4] [receive] via NET/IBext_v8/5/GDRDMA
dgx052:181:401 [4] NCCL INFO GPU Direct RDMA Enabled for GPU 9d000 / HCA 5 (distance 4 <= 4), read 0
dgx052:179:399 [2] NCCL INFO Connected to proxy localRank 2 -> connection 0x7f5c4c005468
dgx052:181:392 [4] NCCL INFO New proxy recv connection 7 from local rank 4, transport 2
dgx052:178:397 [1] NCCL INFO Connected to proxy localRank 1 -> connection 0x7f342c0053f0
dgx052:181:401 [4] NCCL INFO Connected to proxy localRank 4 -> connection 0x7f1768005288
dgx052:181:392 [4] NCCL INFO NET/IB : GPU Direct RDMA (DMABUF) enabled for HCA 5 'mlx5_6
dgx052:177:380 [0] NCCL INFO New proxy recv connection 13 from local rank 0, transport 2
dgx052:181:401 [4] NCCL INFO Channel 07/0 : 12[4] -> 4[4] [receive] via NET/IBext_v8/5/GDRDMA
dgx052:179:388 [2] NCCL INFO NET/IB : GPU Direct RDMA (DMABUF) enabled for HCA 3 'mlx5_4
dgx052:181:401 [4] NCCL INFO GPU Direct RDMA Enabled for GPU 9d000 / HCA 5 (distance 4 <= 4), read 0
dgx052:177:398 [0] NCCL INFO Connected to proxy localRank 0 -> connection 0x7fb6ec005558
dgx052:181:392 [4] NCCL INFO New proxy recv connection 8 from local rank 4, transport 2
dgx052:178:382 [1] NCCL INFO NET/IB : GPU Direct RDMA (DMABUF) enabled for HCA 2 'mlx5_3
dgx052:181:401 [4] NCCL INFO Connected to proxy localRank 4 -> connection 0x7f1768005300
dgx052:179:399 [2] NCCL INFO Channel 11/0 : 10[2] -> 2[2] [receive] via NET/IBext_v8/3/GDRDMA
dgx052:179:399 [2] NCCL INFO GPU Direct RDMA Enabled for GPU 52000 / HCA 3 (distance 4 <= 4), read 0
dgx052:181:392 [4] NCCL INFO NET/IB : GPU Direct RDMA (DMABUF) enabled for HCA 5 'mlx5_6
dgx052:177:380 [0] NCCL INFO NET/IB : GPU Direct RDMA (DMABUF) enabled for HCA 0 'mlx5_0
dgx052:178:397 [1] NCCL INFO Channel 10/0 : 9[1] -> 1[1] [receive] via NET/IBext_v8/2/GDRDMA
dgx052:178:397 [1] NCCL INFO GPU Direct RDMA Enabled for GPU 43000 / HCA 2 (distance 4 <= 4), read 0
dgx052:181:401 [4] NCCL INFO Channel 08/0 : 12[4] -> 4[4] [receive] via NET/IBext_v8/5/GDRDMA
dgx052:181:401 [4] NCCL INFO GPU Direct RDMA Enabled for GPU 9d000 / HCA 5 (distance 4 <= 4), read 0
dgx052:183:384 [6] NCCL INFO NET/IB: NCCL Dev 8 IbDev 8 Port 1 qpn 6594 mtu 5 LID 416 subnet-prefix 33022  FLID 0 fifoRkey=0x17b06f fifoLkey=0x17b06f
dgx052:183:384 [6] NCCL INFO NET/IB: NCCL Dev 8 IbDev 8 Port 1 qpn 6595 mtu 5 LID 416 subnet-prefix 33022  FLID 0 fifoRkey=0x17b06f fifoLkey=0x17b06f
dgx052:183:384 [6] NCCL INFO NET/IB: NCCL Dev 8 IbDev 8 Port 1 qpn 6596 mtu 5 LID 416 subnet-prefix 33022  FLID 0 fifoRkey=0x17b06f fifoLkey=0x17b06f
dgx052:183:384 [6] NCCL INFO NET/IB: NCCL Dev 8 IbDev 8 Port 1 qpn 6597 mtu 5 LID 416 subnet-prefix 33022  FLID 0 fifoRkey=0x17b06f fifoLkey=0x17b06f
dgx052:181:392 [4] NCCL INFO New proxy recv connection 9 from local rank 4, transport 2
dgx052:183:384 [6] NCCL INFO NET/IB: NCCL Dev 8 IbDev 8 Port 1 qpn 6598 mtu 5 LID 416 subnet-prefix 33022  FLID 0 fifoRkey=0x17b06f fifoLkey=0x17b06f
dgx052:183:384 [6] NCCL INFO NET/IB: NCCL Dev 8 IbDev 8 Port 1 qpn 6599 mtu 5 LID 416 subnet-prefix 33022  FLID 0 fifoRkey=0x17b06f fifoLkey=0x17b06f
dgx052:183:384 [6] NCCL INFO NET/IB: NCCL Dev 8 IbDev 8 Port 1 qpn 6600 mtu 5 LID 416 subnet-prefix 33022  FLID 0 fifoRkey=0x17b06f fifoLkey=0x17b06f
dgx052:183:384 [6] NCCL INFO NET/IB: NCCL Dev 8 IbDev 8 Port 1 qpn 6601 mtu 5 LID 416 subnet-prefix 33022  FLID 0 fifoRkey=0x17b06f fifoLkey=0x17b06f
dgx052:179:388 [2] NCCL INFO New proxy recv connection 12 from local rank 2, transport 2
dgx052:177:398 [0] NCCL INFO Channel 13/0 : 8[0] -> 0[0] [receive] via NET/IBext_v8/0/GDRDMA
dgx052:177:398 [0] NCCL INFO GPU Direct RDMA Enabled for GPU 1b000 / HCA 0 (distance 4 <= 4), read 0
dgx052:181:401 [4] NCCL INFO Connected to proxy localRank 4 -> connection 0x7f1768005378
dgx052:179:399 [2] NCCL INFO Connected to proxy localRank 2 -> connection 0x7f5c4c0054e0
dgx052:181:392 [4] NCCL INFO NET/IB : GPU Direct RDMA (DMABUF) enabled for HCA 5 'mlx5_6
dgx052:181:401 [4] NCCL INFO Channel 09/0 : 12[4] -> 4[4] [receive] via NET/IBext_v8/5/GDRDMA
dgx052:181:401 [4] NCCL INFO GPU Direct RDMA Enabled for GPU 9d000 / HCA 5 (distance 4 <= 4), read 0
dgx052:179:388 [2] NCCL INFO NET/IB : GPU Direct RDMA (DMABUF) enabled for HCA 3 'mlx5_4
dgx052:181:392 [4] NCCL INFO New proxy recv connection 10 from local rank 4, transport 2
dgx052:181:401 [4] NCCL INFO Connected to proxy localRank 4 -> connection 0x7f17680053f0
dgx052:179:399 [2] NCCL INFO Channel 12/0 : 10[2] -> 2[2] [receive] via NET/IBext_v8/3/GDRDMA
dgx052:179:399 [2] NCCL INFO GPU Direct RDMA Enabled for GPU 52000 / HCA 3 (distance 4 <= 4), read 0
dgx052:178:382 [1] NCCL INFO New proxy recv connection 11 from local rank 1, transport 2
dgx052:181:392 [4] NCCL INFO NET/IB : GPU Direct RDMA (DMABUF) enabled for HCA 5 'mlx5_6
dgx052:181:401 [4] NCCL INFO Channel 10/0 : 12[4] -> 4[4] [receive] via NET/IBext_v8/5/GDRDMA
dgx052:181:401 [4] NCCL INFO GPU Direct RDMA Enabled for GPU 9d000 / HCA 5 (distance 4 <= 4), read 0
dgx052:177:380 [0] NCCL INFO New proxy recv connection 14 from local rank 0, transport 2
dgx052:178:397 [1] NCCL INFO Connected to proxy localRank 1 -> connection 0x7f342c005468
dgx052:181:392 [4] NCCL INFO New proxy recv connection 11 from local rank 4, transport 2
dgx052:179:388 [2] NCCL INFO New proxy recv connection 13 from local rank 2, transport 2
dgx052:177:398 [0] NCCL INFO Connected to proxy localRank 0 -> connection 0x7fb6ec0055d0
dgx052:181:401 [4] NCCL INFO Connected to proxy localRank 4 -> connection 0x7f1768005468
dgx052:184:378 [7] NCCL INFO NCCL_IB_SL set by environment to 0.
dgx052:179:399 [2] NCCL INFO Connected to proxy localRank 2 -> connection 0x7f5c4c005558
dgx052:181:392 [4] NCCL INFO NET/IB : GPU Direct RDMA (DMABUF) enabled for HCA 5 'mlx5_6
dgx052:181:401 [4] NCCL INFO Channel 11/0 : 12[4] -> 4[4] [receive] via NET/IBext_v8/5/GDRDMA
dgx052:181:401 [4] NCCL INFO GPU Direct RDMA Enabled for GPU 9d000 / HCA 5 (distance 4 <= 4), read 0
dgx052:177:380 [0] NCCL INFO NET/IB : GPU Direct RDMA (DMABUF) enabled for HCA 0 'mlx5_0
dgx052:181:392 [4] NCCL INFO New proxy recv connection 12 from local rank 4, transport 2
dgx052:179:388 [2] NCCL INFO NET/IB : GPU Direct RDMA (DMABUF) enabled for HCA 3 'mlx5_4
dgx052:181:401 [4] NCCL INFO Connected to proxy localRank 4 -> connection 0x7f17680054e0
dgx052:177:398 [0] NCCL INFO Channel 14/0 : 8[0] -> 0[0] [receive] via NET/IBext_v8/0/GDRDMA
dgx052:177:398 [0] NCCL INFO GPU Direct RDMA Enabled for GPU 1b000 / HCA 0 (distance 4 <= 4), read 0
dgx052:181:392 [4] NCCL INFO NET/IB : GPU Direct RDMA (DMABUF) enabled for HCA 5 'mlx5_6
dgx052:179:399 [2] NCCL INFO Channel 13/0 : 10[2] -> 2[2] [receive] via NET/IBext_v8/3/GDRDMA
dgx052:179:399 [2] NCCL INFO GPU Direct RDMA Enabled for GPU 52000 / HCA 3 (distance 4 <= 4), read 0
dgx052:181:401 [4] NCCL INFO Channel 12/0 : 12[4] -> 4[4] [receive] via NET/IBext_v8/5/GDRDMA
dgx052:181:401 [4] NCCL INFO GPU Direct RDMA Enabled for GPU 9d000 / HCA 5 (distance 4 <= 4), read 0
dgx052:181:392 [4] NCCL INFO New proxy recv connection 13 from local rank 4, transport 2
dgx052:181:401 [4] NCCL INFO Connected to proxy localRank 4 -> connection 0x7f1768005558
dgx052:179:388 [2] NCCL INFO New proxy recv connection 14 from local rank 2, transport 2
dgx052:181:392 [4] NCCL INFO NET/IB : GPU Direct RDMA (DMABUF) enabled for HCA 5 'mlx5_6
dgx052:178:382 [1] NCCL INFO NET/IB : GPU Direct RDMA (DMABUF) enabled for HCA 2 'mlx5_3
dgx052:177:380 [0] NCCL INFO New proxy recv connection 15 from local rank 0, transport 2
dgx052:184:378 [7] NCCL INFO NCCL_IB_TIMEOUT set by environment to 22.
dgx052:184:378 [7] NCCL INFO NCCL_IB_RETRY_CNT set by environment to 7.
dgx052:179:399 [2] NCCL INFO Connected to proxy localRank 2 -> connection 0x7f5c4c0055d0
dgx052:177:398 [0] NCCL INFO Connected to proxy localRank 0 -> connection 0x7fb6ec005648
dgx052:181:401 [4] NCCL INFO Channel 13/0 : 12[4] -> 4[4] [receive] via NET/IBext_v8/5/GDRDMA
dgx052:181:401 [4] NCCL INFO GPU Direct RDMA Enabled for GPU 9d000 / HCA 5 (distance 4 <= 4), read 0
dgx052:181:392 [4] NCCL INFO New proxy recv connection 14 from local rank 4, transport 2
dgx052:178:397 [1] NCCL INFO Channel 11/0 : 9[1] -> 1[1] [receive] via NET/IBext_v8/2/GDRDMA
dgx052:178:397 [1] NCCL INFO GPU Direct RDMA Enabled for GPU 43000 / HCA 2 (distance 4 <= 4), read 0
dgx052:181:401 [4] NCCL INFO Connected to proxy localRank 4 -> connection 0x7f17680055d0
dgx052:179:388 [2] NCCL INFO NET/IB : GPU Direct RDMA (DMABUF) enabled for HCA 3 'mlx5_4
dgx052:181:392 [4] NCCL INFO NET/IB : GPU Direct RDMA (DMABUF) enabled for HCA 5 'mlx5_6
dgx052:179:399 [2] NCCL INFO Channel 14/0 : 10[2] -> 2[2] [receive] via NET/IBext_v8/3/GDRDMA
dgx052:181:401 [4] NCCL INFO Channel 14/0 : 12[4] -> 4[4] [receive] via NET/IBext_v8/5/GDRDMA
dgx052:181:401 [4] NCCL INFO GPU Direct RDMA Enabled for GPU 9d000 / HCA 5 (distance 4 <= 4), read 0
dgx052:179:399 [2] NCCL INFO GPU Direct RDMA Enabled for GPU 52000 / HCA 3 (distance 4 <= 4), read 0
dgx052:178:382 [1] NCCL INFO New proxy recv connection 12 from local rank 1, transport 2
dgx052:181:392 [4] NCCL INFO New proxy recv connection 15 from local rank 4, transport 2
dgx052:181:401 [4] NCCL INFO Connected to proxy localRank 4 -> connection 0x7f1768005648
dgx052:178:397 [1] NCCL INFO Connected to proxy localRank 1 -> connection 0x7f342c0054e0
dgx052:181:392 [4] NCCL INFO NET/IB : GPU Direct RDMA (DMABUF) enabled for HCA 5 'mlx5_6
dgx052:179:388 [2] NCCL INFO New proxy recv connection 15 from local rank 2, transport 2
dgx052:177:380 [0] NCCL INFO NET/IB : GPU Direct RDMA (DMABUF) enabled for HCA 0 'mlx5_0
dgx052:181:401 [4] NCCL INFO Channel 15/0 : 12[4] -> 4[4] [receive] via NET/IBext_v8/5/GDRDMA
dgx052:181:401 [4] NCCL INFO GPU Direct RDMA Enabled for GPU 9d000 / HCA 5 (distance 4 <= 4), read 0
dgx052:179:399 [2] NCCL INFO Connected to proxy localRank 2 -> connection 0x7f5c4c005648
dgx052:181:392 [4] NCCL INFO New proxy recv connection 16 from local rank 4, transport 2
dgx052:177:398 [0] NCCL INFO Channel 15/0 : 8[0] -> 0[0] [receive] via NET/IBext_v8/0/GDRDMA
dgx052:177:398 [0] NCCL INFO GPU Direct RDMA Enabled for GPU 1b000 / HCA 0 (distance 4 <= 4), read 0
dgx052:181:401 [4] NCCL INFO Connected to proxy localRank 4 -> connection 0x7f17680056c0
dgx052:181:392 [4] NCCL INFO NET/IB : GPU Direct RDMA (DMABUF) enabled for HCA 5 'mlx5_6
dgx052:179:388 [2] NCCL INFO NET/IB : GPU Direct RDMA (DMABUF) enabled for HCA 3 'mlx5_4
dgx052:181:401 [4] NCCL INFO Channel 16/0 : 12[4] -> 4[4] [receive] via NET/IBext_v8/5/GDRDMA
dgx052:181:401 [4] NCCL INFO GPU Direct RDMA Enabled for GPU 9d000 / HCA 5 (distance 4 <= 4), read 0
dgx052:183:384 [6] NCCL INFO NCCL_IB_SL set by environment to 0.
dgx052:179:399 [2] NCCL INFO Channel 15/0 : 10[2] -> 2[2] [receive] via NET/IBext_v8/3/GDRDMA
dgx052:179:399 [2] NCCL INFO GPU Direct RDMA Enabled for GPU 52000 / HCA 3 (distance 4 <= 4), read 0
dgx052:181:392 [4] NCCL INFO New proxy recv connection 17 from local rank 4, transport 2
dgx052:181:401 [4] NCCL INFO Connected to proxy localRank 4 -> connection 0x7f1768005738
dgx052:178:382 [1] NCCL INFO NET/IB : GPU Direct RDMA (DMABUF) enabled for HCA 2 'mlx5_3
dgx052:177:380 [0] NCCL INFO New proxy recv connection 16 from local rank 0, transport 2
dgx052:181:392 [4] NCCL INFO NET/IB : GPU Direct RDMA (DMABUF) enabled for HCA 5 'mlx5_6
dgx052:177:398 [0] NCCL INFO Connected to proxy localRank 0 -> connection 0x7fb6ec0056c0
dgx052:179:388 [2] NCCL INFO New proxy recv connection 16 from local rank 2, transport 2
dgx052:181:401 [4] NCCL INFO Channel 17/0 : 12[4] -> 4[4] [receive] via NET/IBext_v8/5/GDRDMA
dgx052:181:401 [4] NCCL INFO GPU Direct RDMA Enabled for GPU 9d000 / HCA 5 (distance 4 <= 4), read 0
dgx052:178:397 [1] NCCL INFO Channel 12/0 : 9[1] -> 1[1] [receive] via NET/IBext_v8/2/GDRDMA
dgx052:178:397 [1] NCCL INFO GPU Direct RDMA Enabled for GPU 43000 / HCA 2 (distance 4 <= 4), read 0
dgx052:181:392 [4] NCCL INFO New proxy recv connection 18 from local rank 4, transport 2
dgx052:179:399 [2] NCCL INFO Connected to proxy localRank 2 -> connection 0x7f5c4c0056c0
dgx052:181:401 [4] NCCL INFO Connected to proxy localRank 4 -> connection 0x7f17680057b0
dgx052:180:390 [3] NCCL INFO NET/IB: NCCL Dev 4 IbDev 4 Port 1 qpn 6594 mtu 5 LID 417 subnet-prefix 33022  FLID 0 fifoRkey=0x16601e fifoLkey=0x16601e
dgx052:180:390 [3] NCCL INFO NET/IB: NCCL Dev 4 IbDev 4 Port 1 qpn 6595 mtu 5 LID 417 subnet-prefix 33022  FLID 0 fifoRkey=0x16601e fifoLkey=0x16601e
dgx052:180:390 [3] NCCL INFO NET/IB: NCCL Dev 4 IbDev 4 Port 1 qpn 6596 mtu 5 LID 417 subnet-prefix 33022  FLID 0 fifoRkey=0x16601e fifoLkey=0x16601e
dgx052:180:390 [3] NCCL INFO NET/IB: NCCL Dev 4 IbDev 4 Port 1 qpn 6597 mtu 5 LID 417 subnet-prefix 33022  FLID 0 fifoRkey=0x16601e fifoLkey=0x16601e
dgx052:180:390 [3] NCCL INFO NET/IB: NCCL Dev 4 IbDev 4 Port 1 qpn 6598 mtu 5 LID 417 subnet-prefix 33022  FLID 0 fifoRkey=0x16601e fifoLkey=0x16601e
dgx052:180:390 [3] NCCL INFO NET/IB: NCCL Dev 4 IbDev 4 Port 1 qpn 6599 mtu 5 LID 417 subnet-prefix 33022  FLID 0 fifoRkey=0x16601e fifoLkey=0x16601e
dgx052:180:390 [3] NCCL INFO NET/IB: NCCL Dev 4 IbDev 4 Port 1 qpn 6600 mtu 5 LID 417 subnet-prefix 33022  FLID 0 fifoRkey=0x16601e fifoLkey=0x16601e
dgx052:180:390 [3] NCCL INFO NET/IB: NCCL Dev 4 IbDev 4 Port 1 qpn 6601 mtu 5 LID 417 subnet-prefix 33022  FLID 0 fifoRkey=0x16601e fifoLkey=0x16601e
dgx052:181:392 [4] NCCL INFO NET/IB : GPU Direct RDMA (DMABUF) enabled for HCA 5 'mlx5_6
dgx052:181:401 [4] NCCL INFO Channel 18/0 : 12[4] -> 4[4] [receive] via NET/IBext_v8/5/GDRDMA
dgx052:181:401 [4] NCCL INFO GPU Direct RDMA Enabled for GPU 9d000 / HCA 5 (distance 4 <= 4), read 0
dgx052:179:388 [2] NCCL INFO NET/IB : GPU Direct RDMA (DMABUF) enabled for HCA 3 'mlx5_4
dgx052:181:392 [4] NCCL INFO New proxy recv connection 19 from local rank 4, transport 2
dgx052:177:380 [0] NCCL INFO NET/IB : GPU Direct RDMA (DMABUF) enabled for HCA 0 'mlx5_0
dgx052:181:401 [4] NCCL INFO Connected to proxy localRank 4 -> connection 0x7f1768005828
dgx052:179:399 [2] NCCL INFO Channel 16/0 : 10[2] -> 2[2] [receive] via NET/IBext_v8/3/GDRDMA
dgx052:179:399 [2] NCCL INFO GPU Direct RDMA Enabled for GPU 52000 / HCA 3 (distance 4 <= 4), read 0
dgx052:181:392 [4] NCCL INFO NET/IB : GPU Direct RDMA (DMABUF) enabled for HCA 5 'mlx5_6
dgx052:177:398 [0] NCCL INFO Channel 16/0 : 8[0] -> 0[0] [receive] via NET/IBext_v8/0/GDRDMA
dgx052:177:398 [0] NCCL INFO GPU Direct RDMA Enabled for GPU 1b000 / HCA 0 (distance 4 <= 4), read 0
dgx052:178:382 [1] NCCL INFO New proxy recv connection 13 from local rank 1, transport 2
dgx052:181:401 [4] NCCL INFO Channel 19/0 : 12[4] -> 4[4] [receive] via NET/IBext_v8/5/GDRDMA
dgx052:181:401 [4] NCCL INFO GPU Direct RDMA Enabled for GPU 9d000 / HCA 5 (distance 4 <= 4), read 0
dgx052:181:392 [4] NCCL INFO New proxy recv connection 20 from local rank 4, transport 2
dgx052:178:397 [1] NCCL INFO Connected to proxy localRank 1 -> connection 0x7f342c005558
dgx052:179:388 [2] NCCL INFO New proxy recv connection 17 from local rank 2, transport 2
dgx052:183:384 [6] NCCL INFO NCCL_IB_TIMEOUT set by environment to 22.
dgx052:183:384 [6] NCCL INFO NCCL_IB_RETRY_CNT set by environment to 7.
dgx052:181:401 [4] NCCL INFO Connected to proxy localRank 4 -> connection 0x7f17680058a0
dgx052:179:399 [2] NCCL INFO Connected to proxy localRank 2 -> connection 0x7f5c4c005738
dgx052:181:392 [4] NCCL INFO NET/IB : GPU Direct RDMA (DMABUF) enabled for HCA 5 'mlx5_6
dgx052:181:401 [4] NCCL INFO Channel 20/0 : 12[4] -> 4[4] [receive] via NET/IBext_v8/5/GDRDMA
dgx052:181:401 [4] NCCL INFO GPU Direct RDMA Enabled for GPU 9d000 / HCA 5 (distance 4 <= 4), read 0
dgx052:177:380 [0] NCCL INFO New proxy recv connection 17 from local rank 0, transport 2
dgx052:181:392 [4] NCCL INFO New proxy recv connection 21 from local rank 4, transport 2
dgx052:179:388 [2] NCCL INFO NET/IB : GPU Direct RDMA (DMABUF) enabled for HCA 3 'mlx5_4
dgx052:177:398 [0] NCCL INFO Connected to proxy localRank 0 -> connection 0x7fb6ec005738
dgx052:181:401 [4] NCCL INFO Connected to proxy localRank 4 -> connection 0x7f1768005918
dgx052:179:399 [2] NCCL INFO Channel 17/0 : 10[2] -> 2[2] [receive] via NET/IBext_v8/3/GDRDMA
dgx052:181:392 [4] NCCL INFO NET/IB : GPU Direct RDMA (DMABUF) enabled for HCA 5 'mlx5_6
dgx052:179:399 [2] NCCL INFO GPU Direct RDMA Enabled for GPU 52000 / HCA 3 (distance 4 <= 4), read 0
dgx052:178:382 [1] NCCL INFO NET/IB : GPU Direct RDMA (DMABUF) enabled for HCA 2 'mlx5_3
dgx052:181:401 [4] NCCL INFO Channel 21/0 : 12[4] -> 4[4] [receive] via NET/IBext_v8/5/GDRDMA
dgx052:181:401 [4] NCCL INFO GPU Direct RDMA Enabled for GPU 9d000 / HCA 5 (distance 4 <= 4), read 0
dgx052:181:392 [4] NCCL INFO New proxy recv connection 22 from local rank 4, transport 2
dgx052:178:397 [1] NCCL INFO Channel 13/0 : 9[1] -> 1[1] [receive] via NET/IBext_v8/2/GDRDMA
dgx052:178:397 [1] NCCL INFO GPU Direct RDMA Enabled for GPU 43000 / HCA 2 (distance 4 <= 4), read 0
dgx052:181:401 [4] NCCL INFO Connected to proxy localRank 4 -> connection 0x7f1768005990
dgx052:179:388 [2] NCCL INFO New proxy recv connection 18 from local rank 2, transport 2
dgx052:181:392 [4] NCCL INFO NET/IB : GPU Direct RDMA (DMABUF) enabled for HCA 5 'mlx5_6
dgx052:179:399 [2] NCCL INFO Connected to proxy localRank 2 -> connection 0x7f5c4c0057b0
dgx052:177:380 [0] NCCL INFO NET/IB : GPU Direct RDMA (DMABUF) enabled for HCA 0 'mlx5_0
dgx052:181:401 [4] NCCL INFO Channel 22/0 : 12[4] -> 4[4] [receive] via NET/IBext_v8/5/GDRDMA
dgx052:178:382 [1] NCCL INFO New proxy recv connection 14 from local rank 1, transport 2
dgx052:181:401 [4] NCCL INFO GPU Direct RDMA Enabled for GPU 9d000 / HCA 5 (distance 4 <= 4), read 0
dgx052:178:397 [1] NCCL INFO Connected to proxy localRank 1 -> connection 0x7f342c0055d0
dgx052:181:392 [4] NCCL INFO New proxy recv connection 23 from local rank 4, transport 2
dgx052:177:398 [0] NCCL INFO Channel 17/0 : 8[0] -> 0[0] [receive] via NET/IBext_v8/0/GDRDMA
dgx052:177:398 [0] NCCL INFO GPU Direct RDMA Enabled for GPU 1b000 / HCA 0 (distance 4 <= 4), read 0
dgx052:181:401 [4] NCCL INFO Connected to proxy localRank 4 -> connection 0x7f1768005a08
dgx052:179:388 [2] NCCL INFO NET/IB : GPU Direct RDMA (DMABUF) enabled for HCA 3 'mlx5_4
dgx052:181:392 [4] NCCL INFO NET/IB : GPU Direct RDMA (DMABUF) enabled for HCA 5 'mlx5_6
dgx052:177:380 [0] NCCL INFO New proxy recv connection 18 from local rank 0, transport 2
dgx052:179:399 [2] NCCL INFO Channel 18/0 : 10[2] -> 2[2] [receive] via NET/IBext_v8/3/GDRDMA
dgx052:179:399 [2] NCCL INFO GPU Direct RDMA Enabled for GPU 52000 / HCA 3 (distance 4 <= 4), read 0
dgx052:177:398 [0] NCCL INFO Connected to proxy localRank 0 -> connection 0x7fb6ec0057b0
dgx052:181:401 [4] NCCL INFO Channel 23/0 : 12[4] -> 4[4] [receive] via NET/IBext_v8/5/GDRDMA
dgx052:181:401 [4] NCCL INFO GPU Direct RDMA Enabled for GPU 9d000 / HCA 5 (distance 4 <= 4), read 0
dgx052:181:392 [4] NCCL INFO New proxy recv connection 24 from local rank 4, transport 2
dgx052:181:401 [4] NCCL INFO Connected to proxy localRank 4 -> connection 0x7f1768005a80
dgx052:179:388 [2] NCCL INFO New proxy recv connection 19 from local rank 2, transport 2
dgx052:181:392 [4] NCCL INFO NET/IB : GPU Direct RDMA (DMABUF) enabled for HCA 5 'mlx5_6
dgx052:178:382 [1] NCCL INFO NET/IB : GPU Direct RDMA (DMABUF) enabled for HCA 2 'mlx5_3
dgx052:179:399 [2] NCCL INFO Connected to proxy localRank 2 -> connection 0x7f5c4c005828
dgx052:181:401 [4] NCCL INFO Channel 24/0 : 12[4] -> 4[4] [receive] via NET/IBext_v8/5/GDRDMA
dgx052:181:401 [4] NCCL INFO GPU Direct RDMA Enabled for GPU 9d000 / HCA 5 (distance 4 <= 4), read 0
dgx052:178:397 [1] NCCL INFO Channel 14/0 : 9[1] -> 1[1] [receive] via NET/IBext_v8/2/GDRDMA
dgx052:178:397 [1] NCCL INFO GPU Direct RDMA Enabled for GPU 43000 / HCA 2 (distance 4 <= 4), read 0
dgx052:181:392 [4] NCCL INFO New proxy recv connection 25 from local rank 4, transport 2
dgx052:181:401 [4] NCCL INFO Connected to proxy localRank 4 -> connection 0x7f1768005af8
dgx052:177:380 [0] NCCL INFO NET/IB : GPU Direct RDMA (DMABUF) enabled for HCA 0 'mlx5_0
dgx052:181:392 [4] NCCL INFO NET/IB : GPU Direct RDMA (DMABUF) enabled for HCA 5 'mlx5_6
dgx052:179:388 [2] NCCL INFO NET/IB : GPU Direct RDMA (DMABUF) enabled for HCA 3 'mlx5_4
dgx052:181:401 [4] NCCL INFO Channel 25/0 : 12[4] -> 4[4] [receive] via NET/IBext_v8/5/GDRDMA
dgx052:181:401 [4] NCCL INFO GPU Direct RDMA Enabled for GPU 9d000 / HCA 5 (distance 4 <= 4), read 0
dgx052:177:398 [0] NCCL INFO Channel 18/0 : 8[0] -> 0[0] [receive] via NET/IBext_v8/0/GDRDMA
dgx052:177:398 [0] NCCL INFO GPU Direct RDMA Enabled for GPU 1b000 / HCA 0 (distance 4 <= 4), read 0
dgx052:179:399 [2] NCCL INFO Channel 19/0 : 10[2] -> 2[2] [receive] via NET/IBext_v8/3/GDRDMA
dgx052:179:399 [2] NCCL INFO GPU Direct RDMA Enabled for GPU 52000 / HCA 3 (distance 4 <= 4), read 0
dgx052:181:392 [4] NCCL INFO New proxy recv connection 26 from local rank 4, transport 2
dgx052:181:401 [4] NCCL INFO Connected to proxy localRank 4 -> connection 0x7f1768005b70
dgx052:177:380 [0] NCCL INFO New proxy recv connection 19 from local rank 0, transport 2
dgx052:177:398 [0] NCCL INFO Connected to proxy localRank 0 -> connection 0x7fb6ec005828
dgx052:178:382 [1] NCCL INFO New proxy recv connection 15 from local rank 1, transport 2
dgx052:181:392 [4] NCCL INFO NET/IB : GPU Direct RDMA (DMABUF) enabled for HCA 5 'mlx5_6
dgx052:179:388 [2] NCCL INFO New proxy recv connection 20 from local rank 2, transport 2
dgx052:178:397 [1] NCCL INFO Connected to proxy localRank 1 -> connection 0x7f342c005648
dgx052:181:401 [4] NCCL INFO Channel 26/0 : 12[4] -> 4[4] [receive] via NET/IBext_v8/5/GDRDMA
dgx052:181:401 [4] NCCL INFO GPU Direct RDMA Enabled for GPU 9d000 / HCA 5 (distance 4 <= 4), read 0
dgx052:179:399 [2] NCCL INFO Connected to proxy localRank 2 -> connection 0x7f5c4c0058a0
dgx052:181:392 [4] NCCL INFO New proxy recv connection 27 from local rank 4, transport 2
dgx052:181:401 [4] NCCL INFO Connected to proxy localRank 4 -> connection 0x7f1768005be8
dgx052:178:382 [1] NCCL INFO NET/IB : GPU Direct RDMA (DMABUF) enabled for HCA 2 'mlx5_3
dgx052:181:392 [4] NCCL INFO NET/IB : GPU Direct RDMA (DMABUF) enabled for HCA 5 'mlx5_6
dgx052:179:388 [2] NCCL INFO NET/IB : GPU Direct RDMA (DMABUF) enabled for HCA 3 'mlx5_4
dgx052:181:401 [4] NCCL INFO Channel 27/0 : 12[4] -> 4[4] [receive] via NET/IBext_v8/5/GDRDMA
dgx052:181:401 [4] NCCL INFO GPU Direct RDMA Enabled for GPU 9d000 / HCA 5 (distance 4 <= 4), read 1
dgx052:178:397 [1] NCCL INFO Channel 15/0 : 9[1] -> 1[1] [receive] via NET/IBext_v8/2/GDRDMA
dgx052:178:397 [1] NCCL INFO GPU Direct RDMA Enabled for GPU 43000 / HCA 2 (distance 4 <= 4), read 0
dgx052:181:392 [4] NCCL INFO New proxy send connection 28 from local rank 4, transport 2
dgx052:179:399 [2] NCCL INFO Channel 20/0 : 10[2] -> 2[2] [receive] via NET/IBext_v8/3/GDRDMA
dgx052:177:380 [0] NCCL INFO NET/IB : GPU Direct RDMA (DMABUF) enabled for HCA 0 'mlx5_0
dgx052:179:399 [2] NCCL INFO GPU Direct RDMA Enabled for GPU 52000 / HCA 3 (distance 4 <= 4), read 0
dgx052:181:401 [4] NCCL INFO Connected to proxy localRank 4 -> connection 0x7f1768005c60
dgx052:177:398 [0] NCCL INFO Channel 19/0 : 8[0] -> 0[0] [receive] via NET/IBext_v8/0/GDRDMA
dgx052:177:398 [0] NCCL INFO GPU Direct RDMA Enabled for GPU 1b000 / HCA 0 (distance 4 <= 4), read 0
dgx052:181:392 [4] NCCL INFO NET/IB : GPU Direct RDMA (DMABUF) enabled for HCA 5 'mlx5_6
dgx052:181:401 [4] NCCL INFO Channel 00/0 : 4[4] -> 12[4] [send] via NET/IBext_v8/5/GDRDMA
dgx052:181:401 [4] NCCL INFO GPU Direct RDMA Enabled for GPU 9d000 / HCA 5 (distance 4 <= 4), read 1
dgx052:179:388 [2] NCCL INFO New proxy recv connection 21 from local rank 2, transport 2
dgx052:181:392 [4] NCCL INFO New proxy send connection 29 from local rank 4, transport 2
dgx052:177:380 [0] NCCL INFO New proxy recv connection 20 from local rank 0, transport 2
dgx052:181:401 [4] NCCL INFO Connected to proxy localRank 4 -> connection 0x7f1768005cd8
dgx052:179:399 [2] NCCL INFO Connected to proxy localRank 2 -> connection 0x7f5c4c005918
dgx052:177:398 [0] NCCL INFO Connected to proxy localRank 0 -> connection 0x7fb6ec0058a0
dgx052:181:392 [4] NCCL INFO NET/IB : GPU Direct RDMA (DMABUF) enabled for HCA 5 'mlx5_6
dgx052:181:401 [4] NCCL INFO Channel 01/0 : 4[4] -> 12[4] [send] via NET/IBext_v8/5/GDRDMA
dgx052:181:401 [4] NCCL INFO GPU Direct RDMA Enabled for GPU 9d000 / HCA 5 (distance 4 <= 4), read 1
dgx052:178:382 [1] NCCL INFO New proxy recv connection 16 from local rank 1, transport 2
dgx052:181:392 [4] NCCL INFO New proxy send connection 30 from local rank 4, transport 2
dgx052:178:397 [1] NCCL INFO Connected to proxy localRank 1 -> connection 0x7f342c0056c0
dgx052:181:401 [4] NCCL INFO Connected to proxy localRank 4 -> connection 0x7f1768005d50
dgx052:179:388 [2] NCCL INFO NET/IB : GPU Direct RDMA (DMABUF) enabled for HCA 3 'mlx5_4
dgx052:181:392 [4] NCCL INFO NET/IB : GPU Direct RDMA (DMABUF) enabled for HCA 5 'mlx5_6
dgx052:179:399 [2] NCCL INFO Channel 21/0 : 10[2] -> 2[2] [receive] via NET/IBext_v8/3/GDRDMA
dgx052:181:401 [4] NCCL INFO Channel 02/0 : 4[4] -> 12[4] [send] via NET/IBext_v8/5/GDRDMA
dgx052:181:401 [4] NCCL INFO GPU Direct RDMA Enabled for GPU 9d000 / HCA 5 (distance 4 <= 4), read 1
dgx052:179:399 [2] NCCL INFO GPU Direct RDMA Enabled for GPU 52000 / HCA 3 (distance 4 <= 4), read 0
dgx052:181:392 [4] NCCL INFO New proxy send connection 31 from local rank 4, transport 2
dgx052:178:382 [1] NCCL INFO NET/IB : GPU Direct RDMA (DMABUF) enabled for HCA 2 'mlx5_3
dgx052:181:401 [4] NCCL INFO Connected to proxy localRank 4 -> connection 0x7f1768005dc8
dgx052:177:380 [0] NCCL INFO NET/IB : GPU Direct RDMA (DMABUF) enabled for HCA 0 'mlx5_0
dgx052:178:397 [1] NCCL INFO Channel 16/0 : 9[1] -> 1[1] [receive] via NET/IBext_v8/2/GDRDMA
dgx052:178:397 [1] NCCL INFO GPU Direct RDMA Enabled for GPU 43000 / HCA 2 (distance 4 <= 4), read 0
dgx052:181:392 [4] NCCL INFO NET/IB : GPU Direct RDMA (DMABUF) enabled for HCA 5 'mlx5_6
dgx052:179:388 [2] NCCL INFO New proxy recv connection 22 from local rank 2, transport 2
dgx052:181:401 [4] NCCL INFO Channel 03/0 : 4[4] -> 12[4] [send] via NET/IBext_v8/5/GDRDMA
dgx052:181:401 [4] NCCL INFO GPU Direct RDMA Enabled for GPU 9d000 / HCA 5 (distance 4 <= 4), read 1
dgx052:177:398 [0] NCCL INFO Channel 20/0 : 8[0] -> 0[0] [receive] via NET/IBext_v8/0/GDRDMA
dgx052:177:398 [0] NCCL INFO GPU Direct RDMA Enabled for GPU 1b000 / HCA 0 (distance 4 <= 4), read 0
dgx052:181:392 [4] NCCL INFO New proxy send connection 32 from local rank 4, transport 2
dgx052:179:399 [2] NCCL INFO Connected to proxy localRank 2 -> connection 0x7f5c4c005990
dgx052:181:401 [4] NCCL INFO Connected to proxy localRank 4 -> connection 0x7f1768005e40
dgx052:181:392 [4] NCCL INFO NET/IB : GPU Direct RDMA (DMABUF) enabled for HCA 5 'mlx5_6
dgx052:181:401 [4] NCCL INFO Channel 04/0 : 4[4] -> 12[4] [send] via NET/IBext_v8/5/GDRDMA
dgx052:181:401 [4] NCCL INFO GPU Direct RDMA Enabled for GPU 9d000 / HCA 5 (distance 4 <= 4), read 1
dgx052:179:388 [2] NCCL INFO NET/IB : GPU Direct RDMA (DMABUF) enabled for HCA 3 'mlx5_4
dgx052:181:392 [4] NCCL INFO New proxy send connection 33 from local rank 4, transport 2
dgx052:181:401 [4] NCCL INFO Connected to proxy localRank 4 -> connection 0x7f1768005eb8
dgx052:179:399 [2] NCCL INFO Channel 22/0 : 10[2] -> 2[2] [receive] via NET/IBext_v8/3/GDRDMA
dgx052:178:382 [1] NCCL INFO New proxy recv connection 17 from local rank 1, transport 2
dgx052:179:399 [2] NCCL INFO GPU Direct RDMA Enabled for GPU 52000 / HCA 3 (distance 4 <= 4), read 0
dgx052:181:392 [4] NCCL INFO NET/IB : GPU Direct RDMA (DMABUF) enabled for HCA 5 'mlx5_6
dgx052:181:401 [4] NCCL INFO Channel 05/0 : 4[4] -> 12[4] [send] via NET/IBext_v8/5/GDRDMA
dgx052:181:401 [4] NCCL INFO GPU Direct RDMA Enabled for GPU 9d000 / HCA 5 (distance 4 <= 4), read 1
dgx052:178:397 [1] NCCL INFO Connected to proxy localRank 1 -> connection 0x7f342c005738
dgx052:177:380 [0] NCCL INFO New proxy recv connection 21 from local rank 0, transport 2
dgx052:181:392 [4] NCCL INFO New proxy send connection 34 from local rank 4, transport 2
dgx052:177:398 [0] NCCL INFO Connected to proxy localRank 0 -> connection 0x7fb6ec005918
dgx052:181:401 [4] NCCL INFO Connected to proxy localRank 4 -> connection 0x7f1768005f30
dgx052:179:388 [2] NCCL INFO New proxy recv connection 23 from local rank 2, transport 2
dgx052:181:392 [4] NCCL INFO NET/IB : GPU Direct RDMA (DMABUF) enabled for HCA 5 'mlx5_6
dgx052:181:401 [4] NCCL INFO Channel 06/0 : 4[4] -> 12[4] [send] via NET/IBext_v8/5/GDRDMA
dgx052:181:401 [4] NCCL INFO GPU Direct RDMA Enabled for GPU 9d000 / HCA 5 (distance 4 <= 4), read 1
dgx052:178:382 [1] NCCL INFO NET/IB : GPU Direct RDMA (DMABUF) enabled for HCA 2 'mlx5_3
dgx052:179:399 [2] NCCL INFO Connected to proxy localRank 2 -> connection 0x7f5c4c005a08
dgx052:177:380 [0] NCCL INFO NET/IB : GPU Direct RDMA (DMABUF) enabled for HCA 0 'mlx5_0
dgx052:181:392 [4] NCCL INFO New proxy send connection 35 from local rank 4, transport 2
dgx052:178:397 [1] NCCL INFO Channel 17/0 : 9[1] -> 1[1] [receive] via NET/IBext_v8/2/GDRDMA
dgx052:181:401 [4] NCCL INFO Connected to proxy localRank 4 -> connection 0x7f1768005fa8
dgx052:177:398 [0] NCCL INFO Channel 21/0 : 8[0] -> 0[0] [receive] via NET/IBext_v8/0/GDRDMA
dgx052:178:397 [1] NCCL INFO GPU Direct RDMA Enabled for GPU 43000 / HCA 2 (distance 4 <= 4), read 0
dgx052:177:398 [0] NCCL INFO GPU Direct RDMA Enabled for GPU 1b000 / HCA 0 (distance 4 <= 4), read 0
dgx052:181:392 [4] NCCL INFO NET/IB : GPU Direct RDMA (DMABUF) enabled for HCA 5 'mlx5_6
dgx052:179:388 [2] NCCL INFO NET/IB : GPU Direct RDMA (DMABUF) enabled for HCA 3 'mlx5_4
dgx052:181:401 [4] NCCL INFO Channel 07/0 : 4[4] -> 12[4] [send] via NET/IBext_v8/5/GDRDMA
dgx052:181:401 [4] NCCL INFO GPU Direct RDMA Enabled for GPU 9d000 / HCA 5 (distance 4 <= 4), read 1
dgx052:177:380 [0] NCCL INFO New proxy recv connection 22 from local rank 0, transport 2
dgx052:177:398 [0] NCCL INFO Connected to proxy localRank 0 -> connection 0x7fb6ec005990
dgx052:181:392 [4] NCCL INFO New proxy send connection 36 from local rank 4, transport 2
dgx052:178:382 [1] NCCL INFO New proxy recv connection 18 from local rank 1, transport 2
dgx052:179:399 [2] NCCL INFO Channel 23/0 : 10[2] -> 2[2] [receive] via NET/IBext_v8/3/GDRDMA
dgx052:179:399 [2] NCCL INFO GPU Direct RDMA Enabled for GPU 52000 / HCA 3 (distance 4 <= 4), read 0
dgx052:181:401 [4] NCCL INFO Connected to proxy localRank 4 -> connection 0x7f1768006020
dgx052:178:397 [1] NCCL INFO Connected to proxy localRank 1 -> connection 0x7f342c0057b0
dgx052:181:392 [4] NCCL INFO NET/IB : GPU Direct RDMA (DMABUF) enabled for HCA 5 'mlx5_6
dgx052:177:380 [0] NCCL INFO NET/IB : GPU Direct RDMA (DMABUF) enabled for HCA 0 'mlx5_0
dgx052:181:401 [4] NCCL INFO Channel 08/0 : 4[4] -> 12[4] [send] via NET/IBext_v8/5/GDRDMA
dgx052:181:401 [4] NCCL INFO GPU Direct RDMA Enabled for GPU 9d000 / HCA 5 (distance 4 <= 4), read 1
dgx052:177:398 [0] NCCL INFO Channel 22/0 : 8[0] -> 0[0] [receive] via NET/IBext_v8/0/GDRDMA
dgx052:177:398 [0] NCCL INFO GPU Direct RDMA Enabled for GPU 1b000 / HCA 0 (distance 4 <= 4), read 0
dgx052:181:392 [4] NCCL INFO New proxy send connection 37 from local rank 4, transport 2
dgx052:181:401 [4] NCCL INFO Connected to proxy localRank 4 -> connection 0x7f1768006098
dgx052:179:388 [2] NCCL INFO New proxy recv connection 24 from local rank 2, transport 2
dgx052:178:382 [1] NCCL INFO NET/IB : GPU Direct RDMA (DMABUF) enabled for HCA 2 'mlx5_3
dgx052:178:397 [1] NCCL INFO Channel 18/0 : 9[1] -> 1[1] [receive] via NET/IBext_v8/2/GDRDMA
dgx052:179:399 [2] NCCL INFO Connected to proxy localRank 2 -> connection 0x7f5c4c005a80
dgx052:181:392 [4] NCCL INFO NET/IB : GPU Direct RDMA (DMABUF) enabled for HCA 5 'mlx5_6
dgx052:178:397 [1] NCCL INFO GPU Direct RDMA Enabled for GPU 43000 / HCA 2 (distance 4 <= 4), read 0
dgx052:181:401 [4] NCCL INFO Channel 09/0 : 4[4] -> 12[4] [send] via NET/IBext_v8/5/GDRDMA
dgx052:181:401 [4] NCCL INFO GPU Direct RDMA Enabled for GPU 9d000 / HCA 5 (distance 4 <= 4), read 1
dgx052:181:392 [4] NCCL INFO New proxy send connection 38 from local rank 4, transport 2
dgx052:181:401 [4] NCCL INFO Connected to proxy localRank 4 -> connection 0x7f1768006110
dgx052:177:380 [0] NCCL INFO New proxy recv connection 23 from local rank 0, transport 2
dgx052:179:388 [2] NCCL INFO NET/IB : GPU Direct RDMA (DMABUF) enabled for HCA 3 'mlx5_4
dgx052:181:392 [4] NCCL INFO NET/IB : GPU Direct RDMA (DMABUF) enabled for HCA 5 'mlx5_6
dgx052:177:398 [0] NCCL INFO Connected to proxy localRank 0 -> connection 0x7fb6ec005a08
dgx052:181:401 [4] NCCL INFO Channel 10/0 : 4[4] -> 12[4] [send] via NET/IBext_v8/5/GDRDMA
dgx052:181:401 [4] NCCL INFO GPU Direct RDMA Enabled for GPU 9d000 / HCA 5 (distance 4 <= 4), read 1
dgx052:181:392 [4] NCCL INFO New proxy send connection 39 from local rank 4, transport 2
dgx052:179:399 [2] NCCL INFO Channel 24/0 : 10[2] -> 2[2] [receive] via NET/IBext_v8/3/GDRDMA
dgx052:179:399 [2] NCCL INFO GPU Direct RDMA Enabled for GPU 52000 / HCA 3 (distance 4 <= 4), read 0
dgx052:181:401 [4] NCCL INFO Connected to proxy localRank 4 -> connection 0x7f1768006188
dgx052:178:382 [1] NCCL INFO New proxy recv connection 19 from local rank 1, transport 2
dgx052:178:397 [1] NCCL INFO Connected to proxy localRank 1 -> connection 0x7f342c005828
dgx052:181:392 [4] NCCL INFO NET/IB : GPU Direct RDMA (DMABUF) enabled for HCA 5 'mlx5_6
dgx052:181:401 [4] NCCL INFO Channel 11/0 : 4[4] -> 12[4] [send] via NET/IBext_v8/5/GDRDMA
dgx052:181:401 [4] NCCL INFO GPU Direct RDMA Enabled for GPU 9d000 / HCA 5 (distance 4 <= 4), read 1
dgx052:179:388 [2] NCCL INFO New proxy recv connection 25 from local rank 2, transport 2
dgx052:181:392 [4] NCCL INFO New proxy send connection 40 from local rank 4, transport 2
dgx052:181:401 [4] NCCL INFO Connected to proxy localRank 4 -> connection 0x7f1768006200
dgx052:179:399 [2] NCCL INFO Connected to proxy localRank 2 -> connection 0x7f5c4c005af8
dgx052:181:392 [4] NCCL INFO NET/IB : GPU Direct RDMA (DMABUF) enabled for HCA 5 'mlx5_6
dgx052:181:401 [4] NCCL INFO Channel 12/0 : 4[4] -> 12[4] [send] via NET/IBext_v8/5/GDRDMA
dgx052:181:401 [4] NCCL INFO GPU Direct RDMA Enabled for GPU 9d000 / HCA 5 (distance 4 <= 4), read 1
dgx052:177:380 [0] NCCL INFO NET/IB : GPU Direct RDMA (DMABUF) enabled for HCA 0 'mlx5_0
dgx052:181:392 [4] NCCL INFO New proxy send connection 41 from local rank 4, transport 2
dgx052:177:398 [0] NCCL INFO Channel 23/0 : 8[0] -> 0[0] [receive] via NET/IBext_v8/0/GDRDMA
dgx052:181:401 [4] NCCL INFO Connected to proxy localRank 4 -> connection 0x7f1768006278
dgx052:177:398 [0] NCCL INFO GPU Direct RDMA Enabled for GPU 1b000 / HCA 0 (distance 4 <= 4), read 0
dgx052:179:388 [2] NCCL INFO NET/IB : GPU Direct RDMA (DMABUF) enabled for HCA 3 'mlx5_4
dgx052:181:392 [4] NCCL INFO NET/IB : GPU Direct RDMA (DMABUF) enabled for HCA 5 'mlx5_6
dgx052:181:401 [4] NCCL INFO Channel 13/0 : 4[4] -> 12[4] [send] via NET/IBext_v8/5/GDRDMA
dgx052:181:401 [4] NCCL INFO GPU Direct RDMA Enabled for GPU 9d000 / HCA 5 (distance 4 <= 4), read 1
dgx052:179:399 [2] NCCL INFO Channel 25/0 : 10[2] -> 2[2] [receive] via NET/IBext_v8/3/GDRDMA
dgx052:179:399 [2] NCCL INFO GPU Direct RDMA Enabled for GPU 52000 / HCA 3 (distance 4 <= 4), read 0
dgx052:178:382 [1] NCCL INFO NET/IB : GPU Direct RDMA (DMABUF) enabled for HCA 2 'mlx5_3
dgx052:181:392 [4] NCCL INFO New proxy send connection 42 from local rank 4, transport 2
dgx052:181:401 [4] NCCL INFO Connected to proxy localRank 4 -> connection 0x7f17680062f0
dgx052:178:397 [1] NCCL INFO Channel 19/0 : 9[1] -> 1[1] [receive] via NET/IBext_v8/2/GDRDMA
dgx052:178:397 [1] NCCL INFO GPU Direct RDMA Enabled for GPU 43000 / HCA 2 (distance 4 <= 4), read 0
dgx052:179:388 [2] NCCL INFO New proxy recv connection 26 from local rank 2, transport 2
dgx052:181:392 [4] NCCL INFO NET/IB : GPU Direct RDMA (DMABUF) enabled for HCA 5 'mlx5_6
dgx052:181:401 [4] NCCL INFO Channel 14/0 : 4[4] -> 12[4] [send] via NET/IBext_v8/5/GDRDMA
dgx052:181:401 [4] NCCL INFO GPU Direct RDMA Enabled for GPU 9d000 / HCA 5 (distance 4 <= 4), read 1
dgx052:179:399 [2] NCCL INFO Connected to proxy localRank 2 -> connection 0x7f5c4c005b70
dgx052:181:392 [4] NCCL INFO New proxy send connection 43 from local rank 4, transport 2
dgx052:177:380 [0] NCCL INFO New proxy recv connection 24 from local rank 0, transport 2
dgx052:181:401 [4] NCCL INFO Connected to proxy localRank 4 -> connection 0x7f1768006368
dgx052:177:398 [0] NCCL INFO Connected to proxy localRank 0 -> connection 0x7fb6ec005a80
dgx052:181:392 [4] NCCL INFO NET/IB : GPU Direct RDMA (DMABUF) enabled for HCA 5 'mlx5_6
dgx052:181:401 [4] NCCL INFO Channel 15/0 : 4[4] -> 12[4] [send] via NET/IBext_v8/5/GDRDMA
dgx052:181:401 [4] NCCL INFO GPU Direct RDMA Enabled for GPU 9d000 / HCA 5 (distance 4 <= 4), read 1
dgx052:179:388 [2] NCCL INFO NET/IB : GPU Direct RDMA (DMABUF) enabled for HCA 3 'mlx5_4
dgx052:181:392 [4] NCCL INFO New proxy send connection 44 from local rank 4, transport 2
dgx052:181:401 [4] NCCL INFO Connected to proxy localRank 4 -> connection 0x7f17680063e0
dgx052:178:382 [1] NCCL INFO New proxy recv connection 20 from local rank 1, transport 2
dgx052:179:399 [2] NCCL INFO Channel 26/0 : 10[2] -> 2[2] [receive] via NET/IBext_v8/3/GDRDMA
dgx052:179:399 [2] NCCL INFO GPU Direct RDMA Enabled for GPU 52000 / HCA 3 (distance 4 <= 4), read 0
dgx052:181:392 [4] NCCL INFO NET/IB : GPU Direct RDMA (DMABUF) enabled for HCA 5 'mlx5_6
dgx052:178:397 [1] NCCL INFO Connected to proxy localRank 1 -> connection 0x7f342c0058a0
dgx052:181:401 [4] NCCL INFO Channel 16/0 : 4[4] -> 12[4] [send] via NET/IBext_v8/5/GDRDMA
dgx052:181:401 [4] NCCL INFO GPU Direct RDMA Enabled for GPU 9d000 / HCA 5 (distance 4 <= 4), read 1
dgx052:181:392 [4] NCCL INFO New proxy send connection 45 from local rank 4, transport 2
dgx052:177:380 [0] NCCL INFO NET/IB : GPU Direct RDMA (DMABUF) enabled for HCA 0 'mlx5_0
dgx052:181:401 [4] NCCL INFO Connected to proxy localRank 4 -> connection 0x7f1768006458
dgx052:179:388 [2] NCCL INFO New proxy recv connection 27 from local rank 2, transport 2
dgx052:177:398 [0] NCCL INFO Channel 24/0 : 8[0] -> 0[0] [receive] via NET/IBext_v8/0/GDRDMA
dgx052:181:392 [4] NCCL INFO NET/IB : GPU Direct RDMA (DMABUF) enabled for HCA 5 'mlx5_6
dgx052:177:398 [0] NCCL INFO GPU Direct RDMA Enabled for GPU 1b000 / HCA 0 (distance 4 <= 4), read 0
dgx052:181:401 [4] NCCL INFO Channel 17/0 : 4[4] -> 12[4] [send] via NET/IBext_v8/5/GDRDMA
dgx052:181:401 [4] NCCL INFO GPU Direct RDMA Enabled for GPU 9d000 / HCA 5 (distance 4 <= 4), read 1
dgx052:179:399 [2] NCCL INFO Connected to proxy localRank 2 -> connection 0x7f5c4c005be8
dgx052:181:392 [4] NCCL INFO New proxy send connection 46 from local rank 4, transport 2
dgx052:181:401 [4] NCCL INFO Connected to proxy localRank 4 -> connection 0x7f17680064d0
dgx052:178:382 [1] NCCL INFO NET/IB : GPU Direct RDMA (DMABUF) enabled for HCA 2 'mlx5_3
dgx052:181:392 [4] NCCL INFO NET/IB : GPU Direct RDMA (DMABUF) enabled for HCA 5 'mlx5_6
dgx052:179:388 [2] NCCL INFO NET/IB : GPU Direct RDMA (DMABUF) enabled for HCA 3 'mlx5_4
dgx052:181:401 [4] NCCL INFO Channel 18/0 : 4[4] -> 12[4] [send] via NET/IBext_v8/5/GDRDMA
dgx052:181:401 [4] NCCL INFO GPU Direct RDMA Enabled for GPU 9d000 / HCA 5 (distance 4 <= 4), read 1
dgx052:178:397 [1] NCCL INFO Channel 20/0 : 9[1] -> 1[1] [receive] via NET/IBext_v8/2/GDRDMA
dgx052:178:397 [1] NCCL INFO GPU Direct RDMA Enabled for GPU 43000 / HCA 2 (distance 4 <= 4), read 0
dgx052:181:392 [4] NCCL INFO New proxy send connection 47 from local rank 4, transport 2
dgx052:179:399 [2] NCCL INFO Channel 27/0 : 10[2] -> 2[2] [receive] via NET/IBext_v8/3/GDRDMA
dgx052:181:401 [4] NCCL INFO Connected to proxy localRank 4 -> connection 0x7f1768006548
dgx052:179:399 [2] NCCL INFO GPU Direct RDMA Enabled for GPU 52000 / HCA 3 (distance 4 <= 4), read 1
dgx052:177:380 [0] NCCL INFO New proxy recv connection 25 from local rank 0, transport 2
dgx052:177:398 [0] NCCL INFO Connected to proxy localRank 0 -> connection 0x7fb6ec005af8
dgx052:181:392 [4] NCCL INFO NET/IB : GPU Direct RDMA (DMABUF) enabled for HCA 5 'mlx5_6
dgx052:181:401 [4] NCCL INFO Channel 19/0 : 4[4] -> 12[4] [send] via NET/IBext_v8/5/GDRDMA
dgx052:181:401 [4] NCCL INFO GPU Direct RDMA Enabled for GPU 9d000 / HCA 5 (distance 4 <= 4), read 1
dgx052:181:392 [4] NCCL INFO New proxy send connection 48 from local rank 4, transport 2
dgx052:179:388 [2] NCCL INFO New proxy send connection 28 from local rank 2, transport 2
dgx052:181:401 [4] NCCL INFO Connected to proxy localRank 4 -> connection 0x7f17680065c0
dgx052:179:399 [2] NCCL INFO Connected to proxy localRank 2 -> connection 0x7f5c4c005c60
dgx052:181:392 [4] NCCL INFO NET/IB : GPU Direct RDMA (DMABUF) enabled for HCA 5 'mlx5_6
dgx052:181:401 [4] NCCL INFO Channel 20/0 : 4[4] -> 12[4] [send] via NET/IBext_v8/5/GDRDMA
dgx052:181:401 [4] NCCL INFO GPU Direct RDMA Enabled for GPU 9d000 / HCA 5 (distance 4 <= 4), read 1
dgx052:178:382 [1] NCCL INFO New proxy recv connection 21 from local rank 1, transport 2
dgx052:181:392 [4] NCCL INFO New proxy send connection 49 from local rank 4, transport 2
dgx052:178:397 [1] NCCL INFO Connected to proxy localRank 1 -> connection 0x7f342c005918
dgx052:181:401 [4] NCCL INFO Connected to proxy localRank 4 -> connection 0x7f1768006638
dgx052:177:380 [0] NCCL INFO NET/IB : GPU Direct RDMA (DMABUF) enabled for HCA 0 'mlx5_0
dgx052:179:388 [2] NCCL INFO NET/IB : GPU Direct RDMA (DMABUF) enabled for HCA 3 'mlx5_4
dgx052:181:392 [4] NCCL INFO NET/IB : GPU Direct RDMA (DMABUF) enabled for HCA 5 'mlx5_6
dgx052:179:399 [2] NCCL INFO Channel 00/0 : 2[2] -> 10[2] [send] via NET/IBext_v8/3/GDRDMA
dgx052:181:401 [4] NCCL INFO Channel 21/0 : 4[4] -> 12[4] [send] via NET/IBext_v8/5/GDRDMA
dgx052:181:401 [4] NCCL INFO GPU Direct RDMA Enabled for GPU 9d000 / HCA 5 (distance 4 <= 4), read 1
dgx052:179:399 [2] NCCL INFO GPU Direct RDMA Enabled for GPU 52000 / HCA 3 (distance 4 <= 4), read 1
dgx052:177:398 [0] NCCL INFO Channel 25/0 : 8[0] -> 0[0] [receive] via NET/IBext_v8/0/GDRDMA
dgx052:177:398 [0] NCCL INFO GPU Direct RDMA Enabled for GPU 1b000 / HCA 0 (distance 4 <= 4), read 0
dgx052:181:392 [4] NCCL INFO New proxy send connection 50 from local rank 4, transport 2
dgx052:181:401 [4] NCCL INFO Connected to proxy localRank 4 -> connection 0x7f17680066b0
dgx052:181:392 [4] NCCL INFO NET/IB : GPU Direct RDMA (DMABUF) enabled for HCA 5 'mlx5_6
dgx052:179:388 [2] NCCL INFO New proxy send connection 29 from local rank 2, transport 2
dgx052:181:401 [4] NCCL INFO Channel 22/0 : 4[4] -> 12[4] [send] via NET/IBext_v8/5/GDRDMA
dgx052:181:401 [4] NCCL INFO GPU Direct RDMA Enabled for GPU 9d000 / HCA 5 (distance 4 <= 4), read 1
dgx052:179:399 [2] NCCL INFO Connected to proxy localRank 2 -> connection 0x7f5c4c005cd8
dgx052:181:392 [4] NCCL INFO New proxy send connection 51 from local rank 4, transport 2
dgx052:178:382 [1] NCCL INFO NET/IB : GPU Direct RDMA (DMABUF) enabled for HCA 2 'mlx5_3
dgx052:181:401 [4] NCCL INFO Connected to proxy localRank 4 -> connection 0x7f1768006728
dgx052:181:392 [4] NCCL INFO NET/IB : GPU Direct RDMA (DMABUF) enabled for HCA 5 'mlx5_6
