dgx052:178:397 [1] NCCL INFO Channel 21/0 : 9[1] -> 1[1] [receive] via NET/IBext_v8/2/GDRDMA
dgx052:181:401 [4] NCCL INFO Channel 23/0 : 4[4] -> 12[4] [send] via NET/IBext_v8/5/GDRDMA
dgx052:181:401 [4] NCCL INFO GPU Direct RDMA Enabled for GPU 9d000 / HCA 5 (distance 4 <= 4), read 1
dgx052:178:397 [1] NCCL INFO GPU Direct RDMA Enabled for GPU 43000 / HCA 2 (distance 4 <= 4), read 0
dgx052:177:380 [0] NCCL INFO New proxy recv connection 26 from local rank 0, transport 2
dgx052:179:388 [2] NCCL INFO NET/IB : GPU Direct RDMA (DMABUF) enabled for HCA 3 'mlx5_4
dgx052:181:392 [4] NCCL INFO New proxy send connection 52 from local rank 4, transport 2
dgx052:177:398 [0] NCCL INFO Connected to proxy localRank 0 -> connection 0x7fb6ec005b70
dgx052:179:399 [2] NCCL INFO Channel 01/0 : 2[2] -> 10[2] [send] via NET/IBext_v8/3/GDRDMA
dgx052:179:399 [2] NCCL INFO GPU Direct RDMA Enabled for GPU 52000 / HCA 3 (distance 4 <= 4), read 1
dgx052:181:401 [4] NCCL INFO Connected to proxy localRank 4 -> connection 0x7f17680067a0
dgx052:181:392 [4] NCCL INFO NET/IB : GPU Direct RDMA (DMABUF) enabled for HCA 5 'mlx5_6
dgx052:177:380 [0] NCCL INFO NET/IB : GPU Direct RDMA (DMABUF) enabled for HCA 0 'mlx5_0
dgx052:181:401 [4] NCCL INFO Channel 24/0 : 4[4] -> 12[4] [send] via NET/IBext_v8/5/GDRDMA
dgx052:181:401 [4] NCCL INFO GPU Direct RDMA Enabled for GPU 9d000 / HCA 5 (distance 4 <= 4), read 1
dgx052:179:388 [2] NCCL INFO New proxy send connection 30 from local rank 2, transport 2
dgx052:181:392 [4] NCCL INFO New proxy send connection 53 from local rank 4, transport 2
dgx052:177:398 [0] NCCL INFO Channel 26/0 : 8[0] -> 0[0] [receive] via NET/IBext_v8/0/GDRDMA
dgx052:177:398 [0] NCCL INFO GPU Direct RDMA Enabled for GPU 1b000 / HCA 0 (distance 4 <= 4), read 0
dgx052:181:401 [4] NCCL INFO Connected to proxy localRank 4 -> connection 0x7f1768006818
dgx052:179:399 [2] NCCL INFO Connected to proxy localRank 2 -> connection 0x7f5c4c005d50
dgx052:181:392 [4] NCCL INFO NET/IB : GPU Direct RDMA (DMABUF) enabled for HCA 5 'mlx5_6
dgx052:181:401 [4] NCCL INFO Channel 25/0 : 4[4] -> 12[4] [send] via NET/IBext_v8/5/GDRDMA
dgx052:181:401 [4] NCCL INFO GPU Direct RDMA Enabled for GPU 9d000 / HCA 5 (distance 4 <= 4), read 1
dgx052:178:382 [1] NCCL INFO New proxy recv connection 22 from local rank 1, transport 2
dgx052:177:380 [0] NCCL INFO New proxy recv connection 27 from local rank 0, transport 2
dgx052:181:392 [4] NCCL INFO New proxy send connection 54 from local rank 4, transport 2
dgx052:177:398 [0] NCCL INFO Connected to proxy localRank 0 -> connection 0x7fb6ec005be8
dgx052:181:401 [4] NCCL INFO Connected to proxy localRank 4 -> connection 0x7f1768006890
dgx052:178:397 [1] NCCL INFO Connected to proxy localRank 1 -> connection 0x7f342c005990
dgx052:181:392 [4] NCCL INFO NET/IB : GPU Direct RDMA (DMABUF) enabled for HCA 5 'mlx5_6
dgx052:179:388 [2] NCCL INFO NET/IB : GPU Direct RDMA (DMABUF) enabled for HCA 3 'mlx5_4
dgx052:181:401 [4] NCCL INFO Channel 26/0 : 4[4] -> 12[4] [send] via NET/IBext_v8/5/GDRDMA
dgx052:181:401 [4] NCCL INFO GPU Direct RDMA Enabled for GPU 9d000 / HCA 5 (distance 4 <= 4), read 1
dgx052:179:399 [2] NCCL INFO Channel 02/0 : 2[2] -> 10[2] [send] via NET/IBext_v8/3/GDRDMA
dgx052:179:399 [2] NCCL INFO GPU Direct RDMA Enabled for GPU 52000 / HCA 3 (distance 4 <= 4), read 1
dgx052:181:392 [4] NCCL INFO New proxy send connection 55 from local rank 4, transport 2
dgx052:177:380 [0] NCCL INFO NET/IB : GPU Direct RDMA (DMABUF) enabled for HCA 0 'mlx5_0
dgx052:181:401 [4] NCCL INFO Connected to proxy localRank 4 -> connection 0x7f1768006908
dgx052:177:398 [0] NCCL INFO Channel 27/0 : 8[0] -> 0[0] [receive] via NET/IBext_v8/0/GDRDMA
dgx052:177:398 [0] NCCL INFO GPU Direct RDMA Enabled for GPU 1b000 / HCA 0 (distance 4 <= 4), read 1
dgx052:181:392 [4] NCCL INFO NET/IB : GPU Direct RDMA (DMABUF) enabled for HCA 5 'mlx5_6
dgx052:181:401 [4] NCCL INFO Channel 27/0 : 4[4] -> 12[4] [send] via NET/IBext_v8/5/GDRDMA
dgx052:178:382 [1] NCCL INFO NET/IB : GPU Direct RDMA (DMABUF) enabled for HCA 2 'mlx5_3
dgx052:179:388 [2] NCCL INFO New proxy send connection 31 from local rank 2, transport 2
dgx052:177:380 [0] NCCL INFO New proxy send connection 28 from local rank 0, transport 2
dgx052:179:399 [2] NCCL INFO Connected to proxy localRank 2 -> connection 0x7f5c4c005dc8
dgx052:178:397 [1] NCCL INFO Channel 22/0 : 9[1] -> 1[1] [receive] via NET/IBext_v8/2/GDRDMA
dgx052:178:397 [1] NCCL INFO GPU Direct RDMA Enabled for GPU 43000 / HCA 2 (distance 4 <= 4), read 0
dgx052:177:398 [0] NCCL INFO Connected to proxy localRank 0 -> connection 0x7fb6ec005c60
dgx052:177:380 [0] NCCL INFO NET/IB : GPU Direct RDMA (DMABUF) enabled for HCA 0 'mlx5_0
dgx052:178:382 [1] NCCL INFO New proxy recv connection 23 from local rank 1, transport 2
dgx052:179:388 [2] NCCL INFO NET/IB : GPU Direct RDMA (DMABUF) enabled for HCA 3 'mlx5_4
dgx052:177:398 [0] NCCL INFO Channel 00/0 : 0[0] -> 8[0] [send] via NET/IBext_v8/0/GDRDMA
dgx052:177:398 [0] NCCL INFO GPU Direct RDMA Enabled for GPU 1b000 / HCA 0 (distance 4 <= 4), read 1
dgx052:179:399 [2] NCCL INFO Channel 03/0 : 2[2] -> 10[2] [send] via NET/IBext_v8/3/GDRDMA
dgx052:179:399 [2] NCCL INFO GPU Direct RDMA Enabled for GPU 52000 / HCA 3 (distance 4 <= 4), read 1
dgx052:178:397 [1] NCCL INFO Connected to proxy localRank 1 -> connection 0x7f342c005a08
dgx052:177:380 [0] NCCL INFO New proxy send connection 29 from local rank 0, transport 2
dgx052:177:398 [0] NCCL INFO Connected to proxy localRank 0 -> connection 0x7fb6ec005cd8
dgx052:179:388 [2] NCCL INFO New proxy send connection 32 from local rank 2, transport 2
dgx052:178:382 [1] NCCL INFO NET/IB : GPU Direct RDMA (DMABUF) enabled for HCA 2 'mlx5_3
dgx052:179:399 [2] NCCL INFO Connected to proxy localRank 2 -> connection 0x7f5c4c005e40
dgx052:177:380 [0] NCCL INFO NET/IB : GPU Direct RDMA (DMABUF) enabled for HCA 0 'mlx5_0
dgx052:178:397 [1] NCCL INFO Channel 23/0 : 9[1] -> 1[1] [receive] via NET/IBext_v8/2/GDRDMA
dgx052:177:398 [0] NCCL INFO Channel 01/0 : 0[0] -> 8[0] [send] via NET/IBext_v8/0/GDRDMA
dgx052:177:398 [0] NCCL INFO GPU Direct RDMA Enabled for GPU 1b000 / HCA 0 (distance 4 <= 4), read 1
dgx052:178:397 [1] NCCL INFO GPU Direct RDMA Enabled for GPU 43000 / HCA 2 (distance 4 <= 4), read 0
dgx052:177:380 [0] NCCL INFO New proxy send connection 30 from local rank 0, transport 2
dgx052:179:388 [2] NCCL INFO NET/IB : GPU Direct RDMA (DMABUF) enabled for HCA 3 'mlx5_4
dgx052:177:398 [0] NCCL INFO Connected to proxy localRank 0 -> connection 0x7fb6ec005d50
dgx052:179:399 [2] NCCL INFO Channel 04/0 : 2[2] -> 10[2] [send] via NET/IBext_v8/3/GDRDMA
dgx052:179:399 [2] NCCL INFO GPU Direct RDMA Enabled for GPU 52000 / HCA 3 (distance 4 <= 4), read 1
dgx052:178:382 [1] NCCL INFO New proxy recv connection 24 from local rank 1, transport 2
dgx052:178:397 [1] NCCL INFO Connected to proxy localRank 1 -> connection 0x7f342c005a80
dgx052:177:380 [0] NCCL INFO NET/IB : GPU Direct RDMA (DMABUF) enabled for HCA 0 'mlx5_0
dgx052:177:398 [0] NCCL INFO Channel 02/0 : 0[0] -> 8[0] [send] via NET/IBext_v8/0/GDRDMA
dgx052:177:398 [0] NCCL INFO GPU Direct RDMA Enabled for GPU 1b000 / HCA 0 (distance 4 <= 4), read 1
dgx052:179:388 [2] NCCL INFO New proxy send connection 33 from local rank 2, transport 2
dgx052:177:380 [0] NCCL INFO New proxy send connection 31 from local rank 0, transport 2
dgx052:177:398 [0] NCCL INFO Connected to proxy localRank 0 -> connection 0x7fb6ec005dc8
dgx052:179:399 [2] NCCL INFO Connected to proxy localRank 2 -> connection 0x7f5c4c005eb8
dgx052:178:382 [1] NCCL INFO NET/IB : GPU Direct RDMA (DMABUF) enabled for HCA 2 'mlx5_3
dgx052:177:380 [0] NCCL INFO NET/IB : GPU Direct RDMA (DMABUF) enabled for HCA 0 'mlx5_0
dgx052:178:397 [1] NCCL INFO Channel 24/0 : 9[1] -> 1[1] [receive] via NET/IBext_v8/2/GDRDMA
dgx052:178:397 [1] NCCL INFO GPU Direct RDMA Enabled for GPU 43000 / HCA 2 (distance 4 <= 4), read 0
dgx052:177:398 [0] NCCL INFO Channel 03/0 : 0[0] -> 8[0] [send] via NET/IBext_v8/0/GDRDMA
dgx052:177:398 [0] NCCL INFO GPU Direct RDMA Enabled for GPU 1b000 / HCA 0 (distance 4 <= 4), read 1
dgx052:179:388 [2] NCCL INFO NET/IB : GPU Direct RDMA (DMABUF) enabled for HCA 3 'mlx5_4
dgx052:177:380 [0] NCCL INFO New proxy send connection 32 from local rank 0, transport 2
dgx052:179:399 [2] NCCL INFO Channel 05/0 : 2[2] -> 10[2] [send] via NET/IBext_v8/3/GDRDMA
dgx052:179:399 [2] NCCL INFO GPU Direct RDMA Enabled for GPU 52000 / HCA 3 (distance 4 <= 4), read 1
dgx052:177:398 [0] NCCL INFO Connected to proxy localRank 0 -> connection 0x7fb6ec005e40
dgx052:178:382 [1] NCCL INFO New proxy recv connection 25 from local rank 1, transport 2
dgx052:178:397 [1] NCCL INFO Connected to proxy localRank 1 -> connection 0x7f342c005af8
dgx052:177:380 [0] NCCL INFO NET/IB : GPU Direct RDMA (DMABUF) enabled for HCA 0 'mlx5_0
dgx052:177:398 [0] NCCL INFO Channel 04/0 : 0[0] -> 8[0] [send] via NET/IBext_v8/0/GDRDMA
dgx052:177:398 [0] NCCL INFO GPU Direct RDMA Enabled for GPU 1b000 / HCA 0 (distance 4 <= 4), read 1
dgx052:179:388 [2] NCCL INFO New proxy send connection 34 from local rank 2, transport 2
dgx052:179:399 [2] NCCL INFO Connected to proxy localRank 2 -> connection 0x7f5c4c005f30
dgx052:177:380 [0] NCCL INFO New proxy send connection 33 from local rank 0, transport 2
dgx052:177:398 [0] NCCL INFO Connected to proxy localRank 0 -> connection 0x7fb6ec005eb8
dgx052:178:382 [1] NCCL INFO NET/IB : GPU Direct RDMA (DMABUF) enabled for HCA 2 'mlx5_3
dgx052:178:397 [1] NCCL INFO Channel 25/0 : 9[1] -> 1[1] [receive] via NET/IBext_v8/2/GDRDMA
dgx052:177:380 [0] NCCL INFO NET/IB : GPU Direct RDMA (DMABUF) enabled for HCA 0 'mlx5_0
dgx052:178:397 [1] NCCL INFO GPU Direct RDMA Enabled for GPU 43000 / HCA 2 (distance 4 <= 4), read 0
dgx052:177:398 [0] NCCL INFO Channel 05/0 : 0[0] -> 8[0] [send] via NET/IBext_v8/0/GDRDMA
dgx052:177:398 [0] NCCL INFO GPU Direct RDMA Enabled for GPU 1b000 / HCA 0 (distance 4 <= 4), read 1
dgx052:179:388 [2] NCCL INFO NET/IB : GPU Direct RDMA (DMABUF) enabled for HCA 3 'mlx5_4
dgx052:179:399 [2] NCCL INFO Channel 06/0 : 2[2] -> 10[2] [send] via NET/IBext_v8/3/GDRDMA
dgx052:179:399 [2] NCCL INFO GPU Direct RDMA Enabled for GPU 52000 / HCA 3 (distance 4 <= 4), read 1
dgx052:177:380 [0] NCCL INFO New proxy send connection 34 from local rank 0, transport 2
dgx052:177:398 [0] NCCL INFO Connected to proxy localRank 0 -> connection 0x7fb6ec005f30
dgx052:178:382 [1] NCCL INFO New proxy recv connection 26 from local rank 1, transport 2
dgx052:178:397 [1] NCCL INFO Connected to proxy localRank 1 -> connection 0x7f342c005b70
dgx052:179:388 [2] NCCL INFO New proxy send connection 35 from local rank 2, transport 2
dgx052:177:380 [0] NCCL INFO NET/IB : GPU Direct RDMA (DMABUF) enabled for HCA 0 'mlx5_0
dgx052:177:398 [0] NCCL INFO Channel 06/0 : 0[0] -> 8[0] [send] via NET/IBext_v8/0/GDRDMA
dgx052:177:398 [0] NCCL INFO GPU Direct RDMA Enabled for GPU 1b000 / HCA 0 (distance 4 <= 4), read 1
dgx052:179:399 [2] NCCL INFO Connected to proxy localRank 2 -> connection 0x7f5c4c005fa8
dgx052:177:380 [0] NCCL INFO New proxy send connection 35 from local rank 0, transport 2
dgx052:177:398 [0] NCCL INFO Connected to proxy localRank 0 -> connection 0x7fb6ec005fa8
dgx052:178:382 [1] NCCL INFO NET/IB : GPU Direct RDMA (DMABUF) enabled for HCA 2 'mlx5_3
dgx052:179:388 [2] NCCL INFO NET/IB : GPU Direct RDMA (DMABUF) enabled for HCA 3 'mlx5_4
dgx052:179:399 [2] NCCL INFO Channel 07/0 : 2[2] -> 10[2] [send] via NET/IBext_v8/3/GDRDMA
dgx052:177:380 [0] NCCL INFO NET/IB : GPU Direct RDMA (DMABUF) enabled for HCA 0 'mlx5_0
dgx052:179:399 [2] NCCL INFO GPU Direct RDMA Enabled for GPU 52000 / HCA 3 (distance 4 <= 4), read 1
dgx052:181:392 [4] NCCL INFO NCCL_IB_QPS_PER_CONNECTION set by environment to 8.
dgx052:178:397 [1] NCCL INFO Channel 26/0 : 9[1] -> 1[1] [receive] via NET/IBext_v8/2/GDRDMA
dgx052:178:397 [1] NCCL INFO GPU Direct RDMA Enabled for GPU 43000 / HCA 2 (distance 4 <= 4), read 0
dgx052:177:398 [0] NCCL INFO Channel 07/0 : 0[0] -> 8[0] [send] via NET/IBext_v8/0/GDRDMA
dgx052:177:398 [0] NCCL INFO GPU Direct RDMA Enabled for GPU 1b000 / HCA 0 (distance 4 <= 4), read 1
dgx052:177:380 [0] NCCL INFO New proxy send connection 36 from local rank 0, transport 2
dgx052:177:398 [0] NCCL INFO Connected to proxy localRank 0 -> connection 0x7fb6ec006020
dgx052:179:388 [2] NCCL INFO New proxy send connection 36 from local rank 2, transport 2
dgx052:178:382 [1] NCCL INFO New proxy recv connection 27 from local rank 1, transport 2
dgx052:179:399 [2] NCCL INFO Connected to proxy localRank 2 -> connection 0x7f5c4c006020
dgx052:178:397 [1] NCCL INFO Connected to proxy localRank 1 -> connection 0x7f342c005be8
dgx052:177:380 [0] NCCL INFO NET/IB : GPU Direct RDMA (DMABUF) enabled for HCA 0 'mlx5_0
dgx052:177:398 [0] NCCL INFO Channel 08/0 : 0[0] -> 8[0] [send] via NET/IBext_v8/0/GDRDMA
dgx052:177:398 [0] NCCL INFO GPU Direct RDMA Enabled for GPU 1b000 / HCA 0 (distance 4 <= 4), read 1
dgx052:177:380 [0] NCCL INFO New proxy send connection 37 from local rank 0, transport 2
dgx052:177:398 [0] NCCL INFO Connected to proxy localRank 0 -> connection 0x7fb6ec006098
dgx052:178:382 [1] NCCL INFO NET/IB : GPU Direct RDMA (DMABUF) enabled for HCA 2 'mlx5_3
dgx052:179:388 [2] NCCL INFO NET/IB : GPU Direct RDMA (DMABUF) enabled for HCA 3 'mlx5_4
dgx052:179:399 [2] NCCL INFO Channel 08/0 : 2[2] -> 10[2] [send] via NET/IBext_v8/3/GDRDMA
dgx052:179:399 [2] NCCL INFO GPU Direct RDMA Enabled for GPU 52000 / HCA 3 (distance 4 <= 4), read 1
dgx052:178:397 [1] NCCL INFO Channel 27/0 : 9[1] -> 1[1] [receive] via NET/IBext_v8/2/GDRDMA
dgx052:177:380 [0] NCCL INFO NET/IB : GPU Direct RDMA (DMABUF) enabled for HCA 0 'mlx5_0
dgx052:178:397 [1] NCCL INFO GPU Direct RDMA Enabled for GPU 43000 / HCA 2 (distance 4 <= 4), read 1
dgx052:177:398 [0] NCCL INFO Channel 09/0 : 0[0] -> 8[0] [send] via NET/IBext_v8/0/GDRDMA
dgx052:177:398 [0] NCCL INFO GPU Direct RDMA Enabled for GPU 1b000 / HCA 0 (distance 4 <= 4), read 1
dgx052:177:380 [0] NCCL INFO New proxy send connection 38 from local rank 0, transport 2
dgx052:179:388 [2] NCCL INFO New proxy send connection 37 from local rank 2, transport 2
dgx052:177:398 [0] NCCL INFO Connected to proxy localRank 0 -> connection 0x7fb6ec006110
dgx052:178:382 [1] NCCL INFO New proxy send connection 28 from local rank 1, transport 2
dgx052:179:399 [2] NCCL INFO Connected to proxy localRank 2 -> connection 0x7f5c4c006098
dgx052:178:397 [1] NCCL INFO Connected to proxy localRank 1 -> connection 0x7f342c005c60
dgx052:177:380 [0] NCCL INFO NET/IB : GPU Direct RDMA (DMABUF) enabled for HCA 0 'mlx5_0
dgx052:177:398 [0] NCCL INFO Channel 10/0 : 0[0] -> 8[0] [send] via NET/IBext_v8/0/GDRDMA
dgx052:177:398 [0] NCCL INFO GPU Direct RDMA Enabled for GPU 1b000 / HCA 0 (distance 4 <= 4), read 1
dgx052:179:388 [2] NCCL INFO NET/IB : GPU Direct RDMA (DMABUF) enabled for HCA 3 'mlx5_4
dgx052:177:380 [0] NCCL INFO New proxy send connection 39 from local rank 0, transport 2
dgx052:179:399 [2] NCCL INFO Channel 09/0 : 2[2] -> 10[2] [send] via NET/IBext_v8/3/GDRDMA
dgx052:179:399 [2] NCCL INFO GPU Direct RDMA Enabled for GPU 52000 / HCA 3 (distance 4 <= 4), read 1
dgx052:177:398 [0] NCCL INFO Connected to proxy localRank 0 -> connection 0x7fb6ec006188
dgx052:178:382 [1] NCCL INFO NET/IB : GPU Direct RDMA (DMABUF) enabled for HCA 2 'mlx5_3
dgx052:178:397 [1] NCCL INFO Channel 00/0 : 1[1] -> 9[1] [send] via NET/IBext_v8/2/GDRDMA
dgx052:178:397 [1] NCCL INFO GPU Direct RDMA Enabled for GPU 43000 / HCA 2 (distance 4 <= 4), read 1
dgx052:177:380 [0] NCCL INFO NET/IB : GPU Direct RDMA (DMABUF) enabled for HCA 0 'mlx5_0
dgx052:177:398 [0] NCCL INFO Channel 11/0 : 0[0] -> 8[0] [send] via NET/IBext_v8/0/GDRDMA
dgx052:177:398 [0] NCCL INFO GPU Direct RDMA Enabled for GPU 1b000 / HCA 0 (distance 4 <= 4), read 1
dgx052:179:388 [2] NCCL INFO New proxy send connection 38 from local rank 2, transport 2
dgx052:177:380 [0] NCCL INFO New proxy send connection 40 from local rank 0, transport 2
dgx052:178:382 [1] NCCL INFO New proxy send connection 29 from local rank 1, transport 2
dgx052:179:399 [2] NCCL INFO Connected to proxy localRank 2 -> connection 0x7f5c4c006110
dgx052:177:398 [0] NCCL INFO Connected to proxy localRank 0 -> connection 0x7fb6ec006200
dgx052:178:397 [1] NCCL INFO Connected to proxy localRank 1 -> connection 0x7f342c005cd8
dgx052:177:380 [0] NCCL INFO NET/IB : GPU Direct RDMA (DMABUF) enabled for HCA 0 'mlx5_0
dgx052:177:398 [0] NCCL INFO Channel 12/0 : 0[0] -> 8[0] [send] via NET/IBext_v8/0/GDRDMA
dgx052:177:398 [0] NCCL INFO GPU Direct RDMA Enabled for GPU 1b000 / HCA 0 (distance 4 <= 4), read 1
dgx052:179:388 [2] NCCL INFO NET/IB : GPU Direct RDMA (DMABUF) enabled for HCA 3 'mlx5_4
dgx052:179:399 [2] NCCL INFO Channel 10/0 : 2[2] -> 10[2] [send] via NET/IBext_v8/3/GDRDMA
dgx052:179:399 [2] NCCL INFO GPU Direct RDMA Enabled for GPU 52000 / HCA 3 (distance 4 <= 4), read 1
dgx052:177:380 [0] NCCL INFO New proxy send connection 41 from local rank 0, transport 2
dgx052:178:382 [1] NCCL INFO NET/IB : GPU Direct RDMA (DMABUF) enabled for HCA 2 'mlx5_3
dgx052:178:397 [1] NCCL INFO Channel 01/0 : 1[1] -> 9[1] [send] via NET/IBext_v8/2/GDRDMA
dgx052:177:398 [0] NCCL INFO Connected to proxy localRank 0 -> connection 0x7fb6ec006278
dgx052:178:397 [1] NCCL INFO GPU Direct RDMA Enabled for GPU 43000 / HCA 2 (distance 4 <= 4), read 1
dgx052:177:380 [0] NCCL INFO NET/IB : GPU Direct RDMA (DMABUF) enabled for HCA 0 'mlx5_0
dgx052:179:388 [2] NCCL INFO New proxy send connection 39 from local rank 2, transport 2
dgx052:177:398 [0] NCCL INFO Channel 13/0 : 0[0] -> 8[0] [send] via NET/IBext_v8/0/GDRDMA
dgx052:177:398 [0] NCCL INFO GPU Direct RDMA Enabled for GPU 1b000 / HCA 0 (distance 4 <= 4), read 1
dgx052:179:399 [2] NCCL INFO Connected to proxy localRank 2 -> connection 0x7f5c4c006188
dgx052:178:382 [1] NCCL INFO New proxy send connection 30 from local rank 1, transport 2
dgx052:177:380 [0] NCCL INFO New proxy send connection 42 from local rank 0, transport 2
dgx052:178:397 [1] NCCL INFO Connected to proxy localRank 1 -> connection 0x7f342c005d50
dgx052:177:398 [0] NCCL INFO Connected to proxy localRank 0 -> connection 0x7fb6ec0062f0
dgx052:177:380 [0] NCCL INFO NET/IB : GPU Direct RDMA (DMABUF) enabled for HCA 0 'mlx5_0
dgx052:179:388 [2] NCCL INFO NET/IB : GPU Direct RDMA (DMABUF) enabled for HCA 3 'mlx5_4
dgx052:177:398 [0] NCCL INFO Channel 14/0 : 0[0] -> 8[0] [send] via NET/IBext_v8/0/GDRDMA
dgx052:177:398 [0] NCCL INFO GPU Direct RDMA Enabled for GPU 1b000 / HCA 0 (distance 4 <= 4), read 1
dgx052:179:399 [2] NCCL INFO Channel 11/0 : 2[2] -> 10[2] [send] via NET/IBext_v8/3/GDRDMA
dgx052:179:399 [2] NCCL INFO GPU Direct RDMA Enabled for GPU 52000 / HCA 3 (distance 4 <= 4), read 1
dgx052:178:382 [1] NCCL INFO NET/IB : GPU Direct RDMA (DMABUF) enabled for HCA 2 'mlx5_3
dgx052:177:380 [0] NCCL INFO New proxy send connection 43 from local rank 0, transport 2
dgx052:178:397 [1] NCCL INFO Channel 02/0 : 1[1] -> 9[1] [send] via NET/IBext_v8/2/GDRDMA
dgx052:178:397 [1] NCCL INFO GPU Direct RDMA Enabled for GPU 43000 / HCA 2 (distance 4 <= 4), read 1
dgx052:177:398 [0] NCCL INFO Connected to proxy localRank 0 -> connection 0x7fb6ec006368
dgx052:179:388 [2] NCCL INFO New proxy send connection 40 from local rank 2, transport 2
dgx052:177:380 [0] NCCL INFO NET/IB : GPU Direct RDMA (DMABUF) enabled for HCA 0 'mlx5_0
dgx052:179:399 [2] NCCL INFO Connected to proxy localRank 2 -> connection 0x7f5c4c006200
dgx052:177:398 [0] NCCL INFO Channel 15/0 : 0[0] -> 8[0] [send] via NET/IBext_v8/0/GDRDMA
dgx052:177:398 [0] NCCL INFO GPU Direct RDMA Enabled for GPU 1b000 / HCA 0 (distance 4 <= 4), read 1
dgx052:178:382 [1] NCCL INFO New proxy send connection 31 from local rank 1, transport 2
dgx052:178:397 [1] NCCL INFO Connected to proxy localRank 1 -> connection 0x7f342c005dc8
dgx052:177:380 [0] NCCL INFO New proxy send connection 44 from local rank 0, transport 2
dgx052:177:398 [0] NCCL INFO Connected to proxy localRank 0 -> connection 0x7fb6ec0063e0
dgx052:179:388 [2] NCCL INFO NET/IB : GPU Direct RDMA (DMABUF) enabled for HCA 3 'mlx5_4
dgx052:179:399 [2] NCCL INFO Channel 12/0 : 2[2] -> 10[2] [send] via NET/IBext_v8/3/GDRDMA
dgx052:179:399 [2] NCCL INFO GPU Direct RDMA Enabled for GPU 52000 / HCA 3 (distance 4 <= 4), read 1
dgx052:177:380 [0] NCCL INFO NET/IB : GPU Direct RDMA (DMABUF) enabled for HCA 0 'mlx5_0
dgx052:177:398 [0] NCCL INFO Channel 16/0 : 0[0] -> 8[0] [send] via NET/IBext_v8/0/GDRDMA
dgx052:177:398 [0] NCCL INFO GPU Direct RDMA Enabled for GPU 1b000 / HCA 0 (distance 4 <= 4), read 1
dgx052:178:382 [1] NCCL INFO NET/IB : GPU Direct RDMA (DMABUF) enabled for HCA 2 'mlx5_3
dgx052:178:397 [1] NCCL INFO Channel 03/0 : 1[1] -> 9[1] [send] via NET/IBext_v8/2/GDRDMA
dgx052:178:397 [1] NCCL INFO GPU Direct RDMA Enabled for GPU 43000 / HCA 2 (distance 4 <= 4), read 1
dgx052:177:380 [0] NCCL INFO New proxy send connection 45 from local rank 0, transport 2
dgx052:177:398 [0] NCCL INFO Connected to proxy localRank 0 -> connection 0x7fb6ec006458
dgx052:179:388 [2] NCCL INFO New proxy send connection 41 from local rank 2, transport 2
dgx052:179:399 [2] NCCL INFO Connected to proxy localRank 2 -> connection 0x7f5c4c006278
dgx052:178:382 [1] NCCL INFO New proxy send connection 32 from local rank 1, transport 2
dgx052:177:380 [0] NCCL INFO NET/IB : GPU Direct RDMA (DMABUF) enabled for HCA 0 'mlx5_0
dgx052:177:398 [0] NCCL INFO Channel 17/0 : 0[0] -> 8[0] [send] via NET/IBext_v8/0/GDRDMA
dgx052:177:398 [0] NCCL INFO GPU Direct RDMA Enabled for GPU 1b000 / HCA 0 (distance 4 <= 4), read 1
dgx052:178:397 [1] NCCL INFO Connected to proxy localRank 1 -> connection 0x7f342c005e40
dgx052:177:380 [0] NCCL INFO New proxy send connection 46 from local rank 0, transport 2
dgx052:179:388 [2] NCCL INFO NET/IB : GPU Direct RDMA (DMABUF) enabled for HCA 3 'mlx5_4
dgx052:177:398 [0] NCCL INFO Connected to proxy localRank 0 -> connection 0x7fb6ec0064d0
dgx052:179:399 [2] NCCL INFO Channel 13/0 : 2[2] -> 10[2] [send] via NET/IBext_v8/3/GDRDMA
dgx052:179:399 [2] NCCL INFO GPU Direct RDMA Enabled for GPU 52000 / HCA 3 (distance 4 <= 4), read 1
dgx052:178:382 [1] NCCL INFO NET/IB : GPU Direct RDMA (DMABUF) enabled for HCA 2 'mlx5_3
dgx052:177:380 [0] NCCL INFO NET/IB : GPU Direct RDMA (DMABUF) enabled for HCA 0 'mlx5_0
dgx052:177:398 [0] NCCL INFO Channel 18/0 : 0[0] -> 8[0] [send] via NET/IBext_v8/0/GDRDMA
dgx052:178:397 [1] NCCL INFO Channel 04/0 : 1[1] -> 9[1] [send] via NET/IBext_v8/2/GDRDMA
dgx052:177:398 [0] NCCL INFO GPU Direct RDMA Enabled for GPU 1b000 / HCA 0 (distance 4 <= 4), read 1
dgx052:178:397 [1] NCCL INFO GPU Direct RDMA Enabled for GPU 43000 / HCA 2 (distance 4 <= 4), read 1
dgx052:179:388 [2] NCCL INFO New proxy send connection 42 from local rank 2, transport 2
dgx052:177:380 [0] NCCL INFO New proxy send connection 47 from local rank 0, transport 2
dgx052:177:398 [0] NCCL INFO Connected to proxy localRank 0 -> connection 0x7fb6ec006548
dgx052:179:399 [2] NCCL INFO Connected to proxy localRank 2 -> connection 0x7f5c4c0062f0
dgx052:178:382 [1] NCCL INFO New proxy send connection 33 from local rank 1, transport 2
dgx052:177:380 [0] NCCL INFO NET/IB : GPU Direct RDMA (DMABUF) enabled for HCA 0 'mlx5_0
dgx052:178:397 [1] NCCL INFO Connected to proxy localRank 1 -> connection 0x7f342c005eb8
dgx052:177:398 [0] NCCL INFO Channel 19/0 : 0[0] -> 8[0] [send] via NET/IBext_v8/0/GDRDMA
dgx052:177:398 [0] NCCL INFO GPU Direct RDMA Enabled for GPU 1b000 / HCA 0 (distance 4 <= 4), read 1
dgx052:180:390 [3] NCCL INFO NET/IB: NCCL Dev 4 IbDev 4 Port 1 qpn 6602 mtu 5 LID 417 subnet-prefix 33022  FLID 0 fifoRkey=0x182cea fifoLkey=0x182cea
dgx052:180:390 [3] NCCL INFO NET/IB: NCCL Dev 4 IbDev 4 Port 1 qpn 6603 mtu 5 LID 417 subnet-prefix 33022  FLID 0 fifoRkey=0x182cea fifoLkey=0x182cea
dgx052:180:390 [3] NCCL INFO NET/IB: NCCL Dev 4 IbDev 4 Port 1 qpn 6604 mtu 5 LID 417 subnet-prefix 33022  FLID 0 fifoRkey=0x182cea fifoLkey=0x182cea
dgx052:180:390 [3] NCCL INFO NET/IB: NCCL Dev 4 IbDev 4 Port 1 qpn 6605 mtu 5 LID 417 subnet-prefix 33022  FLID 0 fifoRkey=0x182cea fifoLkey=0x182cea
dgx052:180:390 [3] NCCL INFO NET/IB: NCCL Dev 4 IbDev 4 Port 1 qpn 6606 mtu 5 LID 417 subnet-prefix 33022  FLID 0 fifoRkey=0x182cea fifoLkey=0x182cea
dgx052:179:388 [2] NCCL INFO NET/IB : GPU Direct RDMA (DMABUF) enabled for HCA 3 'mlx5_4
dgx052:180:390 [3] NCCL INFO NET/IB: NCCL Dev 4 IbDev 4 Port 1 qpn 6607 mtu 5 LID 417 subnet-prefix 33022  FLID 0 fifoRkey=0x182cea fifoLkey=0x182cea
dgx052:177:380 [0] NCCL INFO New proxy send connection 48 from local rank 0, transport 2
dgx052:180:390 [3] NCCL INFO NET/IB: NCCL Dev 4 IbDev 4 Port 1 qpn 6608 mtu 5 LID 417 subnet-prefix 33022  FLID 0 fifoRkey=0x182cea fifoLkey=0x182cea
dgx052:180:390 [3] NCCL INFO NET/IB: NCCL Dev 4 IbDev 4 Port 1 qpn 6609 mtu 5 LID 417 subnet-prefix 33022  FLID 0 fifoRkey=0x182cea fifoLkey=0x182cea
dgx052:179:399 [2] NCCL INFO Channel 14/0 : 2[2] -> 10[2] [send] via NET/IBext_v8/3/GDRDMA
dgx052:179:399 [2] NCCL INFO GPU Direct RDMA Enabled for GPU 52000 / HCA 3 (distance 4 <= 4), read 1
dgx052:177:398 [0] NCCL INFO Connected to proxy localRank 0 -> connection 0x7fb6ec0065c0
dgx052:178:382 [1] NCCL INFO NET/IB : GPU Direct RDMA (DMABUF) enabled for HCA 2 'mlx5_3
dgx052:178:397 [1] NCCL INFO Channel 05/0 : 1[1] -> 9[1] [send] via NET/IBext_v8/2/GDRDMA
dgx052:178:397 [1] NCCL INFO GPU Direct RDMA Enabled for GPU 43000 / HCA 2 (distance 4 <= 4), read 1
dgx052:177:380 [0] NCCL INFO NET/IB : GPU Direct RDMA (DMABUF) enabled for HCA 0 'mlx5_0
dgx052:177:398 [0] NCCL INFO Channel 20/0 : 0[0] -> 8[0] [send] via NET/IBext_v8/0/GDRDMA
dgx052:177:398 [0] NCCL INFO GPU Direct RDMA Enabled for GPU 1b000 / HCA 0 (distance 4 <= 4), read 1
dgx052:179:388 [2] NCCL INFO New proxy send connection 43 from local rank 2, transport 2
dgx052:177:380 [0] NCCL INFO New proxy send connection 49 from local rank 0, transport 2
dgx052:179:399 [2] NCCL INFO Connected to proxy localRank 2 -> connection 0x7f5c4c006368
dgx052:178:382 [1] NCCL INFO New proxy send connection 34 from local rank 1, transport 2
dgx052:177:398 [0] NCCL INFO Connected to proxy localRank 0 -> connection 0x7fb6ec006638
dgx052:178:397 [1] NCCL INFO Connected to proxy localRank 1 -> connection 0x7f342c005f30
dgx052:177:380 [0] NCCL INFO NET/IB : GPU Direct RDMA (DMABUF) enabled for HCA 0 'mlx5_0
dgx052:177:398 [0] NCCL INFO Channel 21/0 : 0[0] -> 8[0] [send] via NET/IBext_v8/0/GDRDMA
dgx052:177:398 [0] NCCL INFO GPU Direct RDMA Enabled for GPU 1b000 / HCA 0 (distance 4 <= 4), read 1
dgx052:179:388 [2] NCCL INFO NET/IB : GPU Direct RDMA (DMABUF) enabled for HCA 3 'mlx5_4
dgx052:179:399 [2] NCCL INFO Channel 15/0 : 2[2] -> 10[2] [send] via NET/IBext_v8/3/GDRDMA
dgx052:179:399 [2] NCCL INFO GPU Direct RDMA Enabled for GPU 52000 / HCA 3 (distance 4 <= 4), read 1
dgx052:177:380 [0] NCCL INFO New proxy send connection 50 from local rank 0, transport 2
dgx052:178:382 [1] NCCL INFO NET/IB : GPU Direct RDMA (DMABUF) enabled for HCA 2 'mlx5_3
dgx052:177:398 [0] NCCL INFO Connected to proxy localRank 0 -> connection 0x7fb6ec0066b0
dgx052:178:397 [1] NCCL INFO Channel 06/0 : 1[1] -> 9[1] [send] via NET/IBext_v8/2/GDRDMA
dgx052:178:397 [1] NCCL INFO GPU Direct RDMA Enabled for GPU 43000 / HCA 2 (distance 4 <= 4), read 1
dgx052:179:388 [2] NCCL INFO New proxy send connection 44 from local rank 2, transport 2
dgx052:177:380 [0] NCCL INFO NET/IB : GPU Direct RDMA (DMABUF) enabled for HCA 0 'mlx5_0
dgx052:177:398 [0] NCCL INFO Channel 22/0 : 0[0] -> 8[0] [send] via NET/IBext_v8/0/GDRDMA
dgx052:177:398 [0] NCCL INFO GPU Direct RDMA Enabled for GPU 1b000 / HCA 0 (distance 4 <= 4), read 1
dgx052:179:399 [2] NCCL INFO Connected to proxy localRank 2 -> connection 0x7f5c4c0063e0
dgx052:178:382 [1] NCCL INFO New proxy send connection 35 from local rank 1, transport 2
dgx052:177:380 [0] NCCL INFO New proxy send connection 51 from local rank 0, transport 2
dgx052:178:397 [1] NCCL INFO Connected to proxy localRank 1 -> connection 0x7f342c005fa8
dgx052:177:398 [0] NCCL INFO Connected to proxy localRank 0 -> connection 0x7fb6ec006728
dgx052:179:388 [2] NCCL INFO NET/IB : GPU Direct RDMA (DMABUF) enabled for HCA 3 'mlx5_4
dgx052:177:380 [0] NCCL INFO NET/IB : GPU Direct RDMA (DMABUF) enabled for HCA 0 'mlx5_0
dgx052:179:399 [2] NCCL INFO Channel 16/0 : 2[2] -> 10[2] [send] via NET/IBext_v8/3/GDRDMA
dgx052:177:398 [0] NCCL INFO Channel 23/0 : 0[0] -> 8[0] [send] via NET/IBext_v8/0/GDRDMA
dgx052:179:399 [2] NCCL INFO GPU Direct RDMA Enabled for GPU 52000 / HCA 3 (distance 4 <= 4), read 1
dgx052:177:398 [0] NCCL INFO GPU Direct RDMA Enabled for GPU 1b000 / HCA 0 (distance 4 <= 4), read 1
dgx052:178:382 [1] NCCL INFO NET/IB : GPU Direct RDMA (DMABUF) enabled for HCA 2 'mlx5_3
dgx052:177:380 [0] NCCL INFO New proxy send connection 52 from local rank 0, transport 2
dgx052:178:397 [1] NCCL INFO Channel 07/0 : 1[1] -> 9[1] [send] via NET/IBext_v8/2/GDRDMA
dgx052:178:397 [1] NCCL INFO GPU Direct RDMA Enabled for GPU 43000 / HCA 2 (distance 4 <= 4), read 1
dgx052:177:398 [0] NCCL INFO Connected to proxy localRank 0 -> connection 0x7fb6ec0067a0
dgx052:179:388 [2] NCCL INFO New proxy send connection 45 from local rank 2, transport 2
dgx052:177:380 [0] NCCL INFO NET/IB : GPU Direct RDMA (DMABUF) enabled for HCA 0 'mlx5_0
dgx052:179:399 [2] NCCL INFO Connected to proxy localRank 2 -> connection 0x7f5c4c006458
dgx052:177:398 [0] NCCL INFO Channel 24/0 : 0[0] -> 8[0] [send] via NET/IBext_v8/0/GDRDMA
dgx052:177:398 [0] NCCL INFO GPU Direct RDMA Enabled for GPU 1b000 / HCA 0 (distance 4 <= 4), read 1
dgx052:178:382 [1] NCCL INFO New proxy send connection 36 from local rank 1, transport 2
dgx052:178:397 [1] NCCL INFO Connected to proxy localRank 1 -> connection 0x7f342c006020
dgx052:177:380 [0] NCCL INFO New proxy send connection 53 from local rank 0, transport 2
dgx052:177:398 [0] NCCL INFO Connected to proxy localRank 0 -> connection 0x7fb6ec006818
dgx052:179:388 [2] NCCL INFO NET/IB : GPU Direct RDMA (DMABUF) enabled for HCA 3 'mlx5_4
dgx052:179:399 [2] NCCL INFO Channel 17/0 : 2[2] -> 10[2] [send] via NET/IBext_v8/3/GDRDMA
dgx052:179:399 [2] NCCL INFO GPU Direct RDMA Enabled for GPU 52000 / HCA 3 (distance 4 <= 4), read 1
dgx052:177:380 [0] NCCL INFO NET/IB : GPU Direct RDMA (DMABUF) enabled for HCA 0 'mlx5_0
dgx052:177:398 [0] NCCL INFO Channel 25/0 : 0[0] -> 8[0] [send] via NET/IBext_v8/0/GDRDMA
dgx052:177:398 [0] NCCL INFO GPU Direct RDMA Enabled for GPU 1b000 / HCA 0 (distance 4 <= 4), read 1
dgx052:178:382 [1] NCCL INFO NET/IB : GPU Direct RDMA (DMABUF) enabled for HCA 2 'mlx5_3
dgx052:178:397 [1] NCCL INFO Channel 08/0 : 1[1] -> 9[1] [send] via NET/IBext_v8/2/GDRDMA
dgx052:178:397 [1] NCCL INFO GPU Direct RDMA Enabled for GPU 43000 / HCA 2 (distance 4 <= 4), read 1
dgx052:177:380 [0] NCCL INFO New proxy send connection 54 from local rank 0, transport 2
dgx052:179:388 [2] NCCL INFO New proxy send connection 46 from local rank 2, transport 2
dgx052:177:398 [0] NCCL INFO Connected to proxy localRank 0 -> connection 0x7fb6ec006890
dgx052:179:399 [2] NCCL INFO Connected to proxy localRank 2 -> connection 0x7f5c4c0064d0
dgx052:178:382 [1] NCCL INFO New proxy send connection 37 from local rank 1, transport 2
dgx052:177:380 [0] NCCL INFO NET/IB : GPU Direct RDMA (DMABUF) enabled for HCA 0 'mlx5_0
dgx052:177:398 [0] NCCL INFO Channel 26/0 : 0[0] -> 8[0] [send] via NET/IBext_v8/0/GDRDMA
dgx052:177:398 [0] NCCL INFO GPU Direct RDMA Enabled for GPU 1b000 / HCA 0 (distance 4 <= 4), read 1
dgx052:178:397 [1] NCCL INFO Connected to proxy localRank 1 -> connection 0x7f342c006098
dgx052:177:380 [0] NCCL INFO New proxy send connection 55 from local rank 0, transport 2
dgx052:179:388 [2] NCCL INFO NET/IB : GPU Direct RDMA (DMABUF) enabled for HCA 3 'mlx5_4
dgx052:177:398 [0] NCCL INFO Connected to proxy localRank 0 -> connection 0x7fb6ec006908
dgx052:179:399 [2] NCCL INFO Channel 18/0 : 2[2] -> 10[2] [send] via NET/IBext_v8/3/GDRDMA
dgx052:179:399 [2] NCCL INFO GPU Direct RDMA Enabled for GPU 52000 / HCA 3 (distance 4 <= 4), read 1
dgx052:178:382 [1] NCCL INFO NET/IB : GPU Direct RDMA (DMABUF) enabled for HCA 2 'mlx5_3
dgx052:178:397 [1] NCCL INFO Channel 09/0 : 1[1] -> 9[1] [send] via NET/IBext_v8/2/GDRDMA
dgx052:177:380 [0] NCCL INFO NET/IB : GPU Direct RDMA (DMABUF) enabled for HCA 0 'mlx5_0
dgx052:178:397 [1] NCCL INFO GPU Direct RDMA Enabled for GPU 43000 / HCA 2 (distance 4 <= 4), read 1
dgx052:177:398 [0] NCCL INFO Channel 27/0 : 0[0] -> 8[0] [send] via NET/IBext_v8/0/GDRDMA
dgx052:179:388 [2] NCCL INFO New proxy send connection 47 from local rank 2, transport 2
dgx052:179:399 [2] NCCL INFO Connected to proxy localRank 2 -> connection 0x7f5c4c006548
dgx052:178:382 [1] NCCL INFO New proxy send connection 38 from local rank 1, transport 2
dgx052:178:397 [1] NCCL INFO Connected to proxy localRank 1 -> connection 0x7f342c006110
dgx052:179:388 [2] NCCL INFO NET/IB : GPU Direct RDMA (DMABUF) enabled for HCA 3 'mlx5_4
dgx052:179:399 [2] NCCL INFO Channel 19/0 : 2[2] -> 10[2] [send] via NET/IBext_v8/3/GDRDMA
dgx052:179:399 [2] NCCL INFO GPU Direct RDMA Enabled for GPU 52000 / HCA 3 (distance 4 <= 4), read 1
dgx052:178:382 [1] NCCL INFO NET/IB : GPU Direct RDMA (DMABUF) enabled for HCA 2 'mlx5_3
dgx052:178:397 [1] NCCL INFO Channel 10/0 : 1[1] -> 9[1] [send] via NET/IBext_v8/2/GDRDMA
dgx052:178:397 [1] NCCL INFO GPU Direct RDMA Enabled for GPU 43000 / HCA 2 (distance 4 <= 4), read 1
dgx052:179:388 [2] NCCL INFO New proxy send connection 48 from local rank 2, transport 2
dgx052:179:399 [2] NCCL INFO Connected to proxy localRank 2 -> connection 0x7f5c4c0065c0
dgx052:178:382 [1] NCCL INFO New proxy send connection 39 from local rank 1, transport 2
dgx052:178:397 [1] NCCL INFO Connected to proxy localRank 1 -> connection 0x7f342c006188
dgx052:179:388 [2] NCCL INFO NET/IB : GPU Direct RDMA (DMABUF) enabled for HCA 3 'mlx5_4
dgx052:179:399 [2] NCCL INFO Channel 20/0 : 2[2] -> 10[2] [send] via NET/IBext_v8/3/GDRDMA
dgx052:179:399 [2] NCCL INFO GPU Direct RDMA Enabled for GPU 52000 / HCA 3 (distance 4 <= 4), read 1
dgx052:178:382 [1] NCCL INFO NET/IB : GPU Direct RDMA (DMABUF) enabled for HCA 2 'mlx5_3
dgx052:178:397 [1] NCCL INFO Channel 11/0 : 1[1] -> 9[1] [send] via NET/IBext_v8/2/GDRDMA
dgx052:178:397 [1] NCCL INFO GPU Direct RDMA Enabled for GPU 43000 / HCA 2 (distance 4 <= 4), read 1
dgx052:179:388 [2] NCCL INFO New proxy send connection 49 from local rank 2, transport 2
dgx052:179:399 [2] NCCL INFO Connected to proxy localRank 2 -> connection 0x7f5c4c006638
dgx052:178:382 [1] NCCL INFO New proxy send connection 40 from local rank 1, transport 2
dgx052:178:397 [1] NCCL INFO Connected to proxy localRank 1 -> connection 0x7f342c006200
dgx052:179:388 [2] NCCL INFO NET/IB : GPU Direct RDMA (DMABUF) enabled for HCA 3 'mlx5_4
dgx052:179:399 [2] NCCL INFO Channel 21/0 : 2[2] -> 10[2] [send] via NET/IBext_v8/3/GDRDMA
dgx052:179:399 [2] NCCL INFO GPU Direct RDMA Enabled for GPU 52000 / HCA 3 (distance 4 <= 4), read 1
dgx052:178:382 [1] NCCL INFO NET/IB : GPU Direct RDMA (DMABUF) enabled for HCA 2 'mlx5_3
dgx052:178:397 [1] NCCL INFO Channel 12/0 : 1[1] -> 9[1] [send] via NET/IBext_v8/2/GDRDMA
dgx052:178:397 [1] NCCL INFO GPU Direct RDMA Enabled for GPU 43000 / HCA 2 (distance 4 <= 4), read 1
dgx052:179:388 [2] NCCL INFO New proxy send connection 50 from local rank 2, transport 2
dgx052:179:399 [2] NCCL INFO Connected to proxy localRank 2 -> connection 0x7f5c4c0066b0
dgx052:178:382 [1] NCCL INFO New proxy send connection 41 from local rank 1, transport 2
dgx052:178:397 [1] NCCL INFO Connected to proxy localRank 1 -> connection 0x7f342c006278
dgx052:179:388 [2] NCCL INFO NET/IB : GPU Direct RDMA (DMABUF) enabled for HCA 3 'mlx5_4
dgx052:179:399 [2] NCCL INFO Channel 22/0 : 2[2] -> 10[2] [send] via NET/IBext_v8/3/GDRDMA
dgx052:179:399 [2] NCCL INFO GPU Direct RDMA Enabled for GPU 52000 / HCA 3 (distance 4 <= 4), read 1
dgx052:178:382 [1] NCCL INFO NET/IB : GPU Direct RDMA (DMABUF) enabled for HCA 2 'mlx5_3
dgx052:178:397 [1] NCCL INFO Channel 13/0 : 1[1] -> 9[1] [send] via NET/IBext_v8/2/GDRDMA
dgx052:178:397 [1] NCCL INFO GPU Direct RDMA Enabled for GPU 43000 / HCA 2 (distance 4 <= 4), read 1
dgx052:180:390 [3] NCCL INFO NCCL_IB_SL set by environment to 0.
dgx052:179:388 [2] NCCL INFO New proxy send connection 51 from local rank 2, transport 2
dgx052:179:399 [2] NCCL INFO Connected to proxy localRank 2 -> connection 0x7f5c4c006728
dgx052:178:382 [1] NCCL INFO New proxy send connection 42 from local rank 1, transport 2
dgx052:178:397 [1] NCCL INFO Connected to proxy localRank 1 -> connection 0x7f342c0062f0
dgx052:179:388 [2] NCCL INFO NET/IB : GPU Direct RDMA (DMABUF) enabled for HCA 3 'mlx5_4
dgx052:179:399 [2] NCCL INFO Channel 23/0 : 2[2] -> 10[2] [send] via NET/IBext_v8/3/GDRDMA
dgx052:179:399 [2] NCCL INFO GPU Direct RDMA Enabled for GPU 52000 / HCA 3 (distance 4 <= 4), read 1
dgx052:178:382 [1] NCCL INFO NET/IB : GPU Direct RDMA (DMABUF) enabled for HCA 2 'mlx5_3
dgx052:178:397 [1] NCCL INFO Channel 14/0 : 1[1] -> 9[1] [send] via NET/IBext_v8/2/GDRDMA
dgx052:178:397 [1] NCCL INFO GPU Direct RDMA Enabled for GPU 43000 / HCA 2 (distance 4 <= 4), read 1
dgx052:179:388 [2] NCCL INFO New proxy send connection 52 from local rank 2, transport 2
dgx052:179:399 [2] NCCL INFO Connected to proxy localRank 2 -> connection 0x7f5c4c0067a0
dgx052:178:382 [1] NCCL INFO New proxy send connection 43 from local rank 1, transport 2
dgx052:178:397 [1] NCCL INFO Connected to proxy localRank 1 -> connection 0x7f342c006368
dgx052:179:388 [2] NCCL INFO NET/IB : GPU Direct RDMA (DMABUF) enabled for HCA 3 'mlx5_4
dgx052:179:399 [2] NCCL INFO Channel 24/0 : 2[2] -> 10[2] [send] via NET/IBext_v8/3/GDRDMA
dgx052:179:399 [2] NCCL INFO GPU Direct RDMA Enabled for GPU 52000 / HCA 3 (distance 4 <= 4), read 1
dgx052:178:382 [1] NCCL INFO NET/IB : GPU Direct RDMA (DMABUF) enabled for HCA 2 'mlx5_3
dgx052:178:397 [1] NCCL INFO Channel 15/0 : 1[1] -> 9[1] [send] via NET/IBext_v8/2/GDRDMA
dgx052:178:397 [1] NCCL INFO GPU Direct RDMA Enabled for GPU 43000 / HCA 2 (distance 4 <= 4), read 1
dgx052:179:388 [2] NCCL INFO New proxy send connection 53 from local rank 2, transport 2
dgx052:179:399 [2] NCCL INFO Connected to proxy localRank 2 -> connection 0x7f5c4c006818
dgx052:178:382 [1] NCCL INFO New proxy send connection 44 from local rank 1, transport 2
dgx052:178:397 [1] NCCL INFO Connected to proxy localRank 1 -> connection 0x7f342c0063e0
dgx052:177:380 [0] NCCL INFO NCCL_IB_QPS_PER_CONNECTION set by environment to 8.
dgx052:179:388 [2] NCCL INFO NET/IB : GPU Direct RDMA (DMABUF) enabled for HCA 3 'mlx5_4
dgx052:179:399 [2] NCCL INFO Channel 25/0 : 2[2] -> 10[2] [send] via NET/IBext_v8/3/GDRDMA
dgx052:180:390 [3] NCCL INFO NCCL_IB_TIMEOUT set by environment to 22.
dgx052:179:399 [2] NCCL INFO GPU Direct RDMA Enabled for GPU 52000 / HCA 3 (distance 4 <= 4), read 1
dgx052:180:390 [3] NCCL INFO NCCL_IB_RETRY_CNT set by environment to 7.
dgx052:178:382 [1] NCCL INFO NET/IB : GPU Direct RDMA (DMABUF) enabled for HCA 2 'mlx5_3
dgx052:178:397 [1] NCCL INFO Channel 16/0 : 1[1] -> 9[1] [send] via NET/IBext_v8/2/GDRDMA
dgx052:178:397 [1] NCCL INFO GPU Direct RDMA Enabled for GPU 43000 / HCA 2 (distance 4 <= 4), read 1
dgx052:179:388 [2] NCCL INFO New proxy send connection 54 from local rank 2, transport 2
dgx052:179:399 [2] NCCL INFO Connected to proxy localRank 2 -> connection 0x7f5c4c006890
dgx052:178:382 [1] NCCL INFO New proxy send connection 45 from local rank 1, transport 2
dgx052:178:397 [1] NCCL INFO Connected to proxy localRank 1 -> connection 0x7f342c006458
dgx052:179:388 [2] NCCL INFO NET/IB : GPU Direct RDMA (DMABUF) enabled for HCA 3 'mlx5_4
dgx052:179:399 [2] NCCL INFO Channel 26/0 : 2[2] -> 10[2] [send] via NET/IBext_v8/3/GDRDMA
dgx052:179:399 [2] NCCL INFO GPU Direct RDMA Enabled for GPU 52000 / HCA 3 (distance 4 <= 4), read 1
dgx052:178:382 [1] NCCL INFO NET/IB : GPU Direct RDMA (DMABUF) enabled for HCA 2 'mlx5_3
dgx052:178:397 [1] NCCL INFO Channel 17/0 : 1[1] -> 9[1] [send] via NET/IBext_v8/2/GDRDMA
dgx052:178:397 [1] NCCL INFO GPU Direct RDMA Enabled for GPU 43000 / HCA 2 (distance 4 <= 4), read 1
dgx052:179:388 [2] NCCL INFO New proxy send connection 55 from local rank 2, transport 2
dgx052:179:399 [2] NCCL INFO Connected to proxy localRank 2 -> connection 0x7f5c4c006908
dgx052:178:382 [1] NCCL INFO New proxy send connection 46 from local rank 1, transport 2
dgx052:178:397 [1] NCCL INFO Connected to proxy localRank 1 -> connection 0x7f342c0064d0
dgx052:179:388 [2] NCCL INFO NET/IB : GPU Direct RDMA (DMABUF) enabled for HCA 3 'mlx5_4
dgx052:179:399 [2] NCCL INFO Channel 27/0 : 2[2] -> 10[2] [send] via NET/IBext_v8/3/GDRDMA
dgx052:178:382 [1] NCCL INFO NET/IB : GPU Direct RDMA (DMABUF) enabled for HCA 2 'mlx5_3
dgx052:178:397 [1] NCCL INFO Channel 18/0 : 1[1] -> 9[1] [send] via NET/IBext_v8/2/GDRDMA
dgx052:178:397 [1] NCCL INFO GPU Direct RDMA Enabled for GPU 43000 / HCA 2 (distance 4 <= 4), read 1
dgx052:178:382 [1] NCCL INFO New proxy send connection 47 from local rank 1, transport 2
dgx052:178:397 [1] NCCL INFO Connected to proxy localRank 1 -> connection 0x7f342c006548
dgx052:178:382 [1] NCCL INFO NET/IB : GPU Direct RDMA (DMABUF) enabled for HCA 2 'mlx5_3
dgx052:178:397 [1] NCCL INFO Channel 19/0 : 1[1] -> 9[1] [send] via NET/IBext_v8/2/GDRDMA
dgx052:178:397 [1] NCCL INFO GPU Direct RDMA Enabled for GPU 43000 / HCA 2 (distance 4 <= 4), read 1
dgx052:178:382 [1] NCCL INFO New proxy send connection 48 from local rank 1, transport 2
dgx052:178:397 [1] NCCL INFO Connected to proxy localRank 1 -> connection 0x7f342c0065c0
dgx052:178:382 [1] NCCL INFO NET/IB : GPU Direct RDMA (DMABUF) enabled for HCA 2 'mlx5_3
dgx052:178:397 [1] NCCL INFO Channel 20/0 : 1[1] -> 9[1] [send] via NET/IBext_v8/2/GDRDMA
dgx052:178:397 [1] NCCL INFO GPU Direct RDMA Enabled for GPU 43000 / HCA 2 (distance 4 <= 4), read 1
dgx052:178:382 [1] NCCL INFO New proxy send connection 49 from local rank 1, transport 2
dgx052:178:397 [1] NCCL INFO Connected to proxy localRank 1 -> connection 0x7f342c006638
dgx052:178:382 [1] NCCL INFO NET/IB : GPU Direct RDMA (DMABUF) enabled for HCA 2 'mlx5_3
dgx052:178:397 [1] NCCL INFO Channel 21/0 : 1[1] -> 9[1] [send] via NET/IBext_v8/2/GDRDMA
dgx052:178:397 [1] NCCL INFO GPU Direct RDMA Enabled for GPU 43000 / HCA 2 (distance 4 <= 4), read 1
dgx052:178:382 [1] NCCL INFO New proxy send connection 50 from local rank 1, transport 2
dgx052:178:397 [1] NCCL INFO Connected to proxy localRank 1 -> connection 0x7f342c0066b0
dgx052:178:382 [1] NCCL INFO NET/IB : GPU Direct RDMA (DMABUF) enabled for HCA 2 'mlx5_3
dgx052:178:397 [1] NCCL INFO Channel 22/0 : 1[1] -> 9[1] [send] via NET/IBext_v8/2/GDRDMA
dgx052:178:397 [1] NCCL INFO GPU Direct RDMA Enabled for GPU 43000 / HCA 2 (distance 4 <= 4), read 1
dgx052:178:382 [1] NCCL INFO New proxy send connection 51 from local rank 1, transport 2
dgx052:178:397 [1] NCCL INFO Connected to proxy localRank 1 -> connection 0x7f342c006728
dgx052:178:382 [1] NCCL INFO NET/IB : GPU Direct RDMA (DMABUF) enabled for HCA 2 'mlx5_3
dgx052:178:397 [1] NCCL INFO Channel 23/0 : 1[1] -> 9[1] [send] via NET/IBext_v8/2/GDRDMA
dgx052:178:397 [1] NCCL INFO GPU Direct RDMA Enabled for GPU 43000 / HCA 2 (distance 4 <= 4), read 1
dgx052:178:382 [1] NCCL INFO New proxy send connection 52 from local rank 1, transport 2
dgx052:178:397 [1] NCCL INFO Connected to proxy localRank 1 -> connection 0x7f342c0067a0
dgx052:178:382 [1] NCCL INFO NET/IB : GPU Direct RDMA (DMABUF) enabled for HCA 2 'mlx5_3
dgx052:178:397 [1] NCCL INFO Channel 24/0 : 1[1] -> 9[1] [send] via NET/IBext_v8/2/GDRDMA
dgx052:178:397 [1] NCCL INFO GPU Direct RDMA Enabled for GPU 43000 / HCA 2 (distance 4 <= 4), read 1
dgx052:178:382 [1] NCCL INFO New proxy send connection 53 from local rank 1, transport 2
dgx052:178:397 [1] NCCL INFO Connected to proxy localRank 1 -> connection 0x7f342c006818
dgx052:178:382 [1] NCCL INFO NET/IB : GPU Direct RDMA (DMABUF) enabled for HCA 2 'mlx5_3
dgx052:178:397 [1] NCCL INFO Channel 25/0 : 1[1] -> 9[1] [send] via NET/IBext_v8/2/GDRDMA
dgx052:178:397 [1] NCCL INFO GPU Direct RDMA Enabled for GPU 43000 / HCA 2 (distance 4 <= 4), read 1
dgx052:178:382 [1] NCCL INFO New proxy send connection 54 from local rank 1, transport 2
dgx052:178:397 [1] NCCL INFO Connected to proxy localRank 1 -> connection 0x7f342c006890
dgx052:178:382 [1] NCCL INFO NET/IB : GPU Direct RDMA (DMABUF) enabled for HCA 2 'mlx5_3
dgx052:178:397 [1] NCCL INFO Channel 26/0 : 1[1] -> 9[1] [send] via NET/IBext_v8/2/GDRDMA
dgx052:179:388 [2] NCCL INFO NCCL_IB_QPS_PER_CONNECTION set by environment to 8.
dgx052:178:397 [1] NCCL INFO GPU Direct RDMA Enabled for GPU 43000 / HCA 2 (distance 4 <= 4), read 1
dgx052:178:382 [1] NCCL INFO New proxy send connection 55 from local rank 1, transport 2
dgx052:178:397 [1] NCCL INFO Connected to proxy localRank 1 -> connection 0x7f342c006908
dgx052:178:382 [1] NCCL INFO NET/IB : GPU Direct RDMA (DMABUF) enabled for HCA 2 'mlx5_3
dgx052:178:397 [1] NCCL INFO Channel 27/0 : 1[1] -> 9[1] [send] via NET/IBext_v8/2/GDRDMA
dgx052:178:382 [1] NCCL INFO NCCL_IB_QPS_PER_CONNECTION set by environment to 8.
dgx052:181:392 [4] NCCL INFO NET/IB: NCCL Dev 5 IbDev 5 Port 1 qpn 6594 mtu 5 LID 415 subnet-prefix 33022  FLID 0 fifoRkey=0x16f2b0 fifoLkey=0x16f2b0
dgx052:181:392 [4] NCCL INFO NET/IB: NCCL Dev 5 IbDev 5 Port 1 qpn 6595 mtu 5 LID 415 subnet-prefix 33022  FLID 0 fifoRkey=0x16f2b0 fifoLkey=0x16f2b0
dgx052:181:392 [4] NCCL INFO NET/IB: NCCL Dev 5 IbDev 5 Port 1 qpn 6596 mtu 5 LID 415 subnet-prefix 33022  FLID 0 fifoRkey=0x16f2b0 fifoLkey=0x16f2b0
dgx052:181:392 [4] NCCL INFO NET/IB: NCCL Dev 5 IbDev 5 Port 1 qpn 6597 mtu 5 LID 415 subnet-prefix 33022  FLID 0 fifoRkey=0x16f2b0 fifoLkey=0x16f2b0
dgx052:181:392 [4] NCCL INFO NET/IB: NCCL Dev 5 IbDev 5 Port 1 qpn 6598 mtu 5 LID 415 subnet-prefix 33022  FLID 0 fifoRkey=0x16f2b0 fifoLkey=0x16f2b0
dgx052:181:392 [4] NCCL INFO NET/IB: NCCL Dev 5 IbDev 5 Port 1 qpn 6599 mtu 5 LID 415 subnet-prefix 33022  FLID 0 fifoRkey=0x16f2b0 fifoLkey=0x16f2b0
dgx052:181:392 [4] NCCL INFO NET/IB: NCCL Dev 5 IbDev 5 Port 1 qpn 6600 mtu 5 LID 415 subnet-prefix 33022  FLID 0 fifoRkey=0x16f2b0 fifoLkey=0x16f2b0
dgx052:181:392 [4] NCCL INFO NET/IB: NCCL Dev 5 IbDev 5 Port 1 qpn 6601 mtu 5 LID 415 subnet-prefix 33022  FLID 0 fifoRkey=0x16f2b0 fifoLkey=0x16f2b0
dgx052:184:378 [7] NCCL INFO NET/IB: NCCL Dev 9 IbDev 9 Port 1 qpn 6577 mtu 5 LID 419 subnet-prefix 33022  FLID 0 fifoRkey=0x1806c4 fifoLkey=0x1806c4
dgx052:184:378 [7] NCCL INFO NET/IB: NCCL Dev 9 IbDev 9 Port 1 qpn 6578 mtu 5 LID 419 subnet-prefix 33022  FLID 0 fifoRkey=0x1806c4 fifoLkey=0x1806c4
dgx052:184:378 [7] NCCL INFO NET/IB: NCCL Dev 9 IbDev 9 Port 1 qpn 6579 mtu 5 LID 419 subnet-prefix 33022  FLID 0 fifoRkey=0x1806c4 fifoLkey=0x1806c4
dgx052:184:378 [7] NCCL INFO NET/IB: NCCL Dev 9 IbDev 9 Port 1 qpn 6580 mtu 5 LID 419 subnet-prefix 33022  FLID 0 fifoRkey=0x1806c4 fifoLkey=0x1806c4
dgx052:184:378 [7] NCCL INFO NET/IB: NCCL Dev 9 IbDev 9 Port 1 qpn 6581 mtu 5 LID 419 subnet-prefix 33022  FLID 0 fifoRkey=0x1806c4 fifoLkey=0x1806c4
dgx052:184:378 [7] NCCL INFO NET/IB: NCCL Dev 9 IbDev 9 Port 1 qpn 6582 mtu 5 LID 419 subnet-prefix 33022  FLID 0 fifoRkey=0x1806c4 fifoLkey=0x1806c4
dgx052:184:378 [7] NCCL INFO NET/IB: NCCL Dev 9 IbDev 9 Port 1 qpn 6583 mtu 5 LID 419 subnet-prefix 33022  FLID 0 fifoRkey=0x1806c4 fifoLkey=0x1806c4
dgx052:184:378 [7] NCCL INFO NET/IB: NCCL Dev 9 IbDev 9 Port 1 qpn 6584 mtu 5 LID 419 subnet-prefix 33022  FLID 0 fifoRkey=0x1806c4 fifoLkey=0x1806c4
dgx052:183:384 [6] NCCL INFO NET/IB: NCCL Dev 8 IbDev 8 Port 1 qpn 6611 mtu 5 LID 416 subnet-prefix 33022  FLID 0 fifoRkey=0x17ca88 fifoLkey=0x17ca88
dgx052:183:384 [6] NCCL INFO NET/IB: NCCL Dev 8 IbDev 8 Port 1 qpn 6612 mtu 5 LID 416 subnet-prefix 33022  FLID 0 fifoRkey=0x17ca88 fifoLkey=0x17ca88
dgx052:183:384 [6] NCCL INFO NET/IB: NCCL Dev 8 IbDev 8 Port 1 qpn 6613 mtu 5 LID 416 subnet-prefix 33022  FLID 0 fifoRkey=0x17ca88 fifoLkey=0x17ca88
dgx052:183:384 [6] NCCL INFO NET/IB: NCCL Dev 8 IbDev 8 Port 1 qpn 6614 mtu 5 LID 416 subnet-prefix 33022  FLID 0 fifoRkey=0x17ca88 fifoLkey=0x17ca88
dgx052:183:384 [6] NCCL INFO NET/IB: NCCL Dev 8 IbDev 8 Port 1 qpn 6615 mtu 5 LID 416 subnet-prefix 33022  FLID 0 fifoRkey=0x17ca88 fifoLkey=0x17ca88
dgx052:183:384 [6] NCCL INFO NET/IB: NCCL Dev 8 IbDev 8 Port 1 qpn 6616 mtu 5 LID 416 subnet-prefix 33022  FLID 0 fifoRkey=0x17ca88 fifoLkey=0x17ca88
dgx052:183:384 [6] NCCL INFO NET/IB: NCCL Dev 8 IbDev 8 Port 1 qpn 6617 mtu 5 LID 416 subnet-prefix 33022  FLID 0 fifoRkey=0x17ca88 fifoLkey=0x17ca88
dgx052:183:384 [6] NCCL INFO NET/IB: NCCL Dev 8 IbDev 8 Port 1 qpn 6618 mtu 5 LID 416 subnet-prefix 33022  FLID 0 fifoRkey=0x17ca88 fifoLkey=0x17ca88
dgx052:177:380 [0] NCCL INFO NET/IB: NCCL Dev 0 IbDev 0 Port 1 qpn 6594 mtu 5 LID 412 subnet-prefix 33022  FLID 0 fifoRkey=0x182eec fifoLkey=0x182eec
dgx052:177:380 [0] NCCL INFO NET/IB: NCCL Dev 0 IbDev 0 Port 1 qpn 6595 mtu 5 LID 412 subnet-prefix 33022  FLID 0 fifoRkey=0x182eec fifoLkey=0x182eec
dgx052:177:380 [0] NCCL INFO NET/IB: NCCL Dev 0 IbDev 0 Port 1 qpn 6596 mtu 5 LID 412 subnet-prefix 33022  FLID 0 fifoRkey=0x182eec fifoLkey=0x182eec
dgx052:177:380 [0] NCCL INFO NET/IB: NCCL Dev 0 IbDev 0 Port 1 qpn 6597 mtu 5 LID 412 subnet-prefix 33022  FLID 0 fifoRkey=0x182eec fifoLkey=0x182eec
dgx052:177:380 [0] NCCL INFO NET/IB: NCCL Dev 0 IbDev 0 Port 1 qpn 6598 mtu 5 LID 412 subnet-prefix 33022  FLID 0 fifoRkey=0x182eec fifoLkey=0x182eec
dgx052:177:380 [0] NCCL INFO NET/IB: NCCL Dev 0 IbDev 0 Port 1 qpn 6599 mtu 5 LID 412 subnet-prefix 33022  FLID 0 fifoRkey=0x182eec fifoLkey=0x182eec
dgx052:177:380 [0] NCCL INFO NET/IB: NCCL Dev 0 IbDev 0 Port 1 qpn 6600 mtu 5 LID 412 subnet-prefix 33022  FLID 0 fifoRkey=0x182eec fifoLkey=0x182eec
dgx052:177:380 [0] NCCL INFO NET/IB: NCCL Dev 0 IbDev 0 Port 1 qpn 6601 mtu 5 LID 412 subnet-prefix 33022  FLID 0 fifoRkey=0x182eec fifoLkey=0x182eec
