nccl-intranode-dgx052-rtklg:192:406 [6] NCCL INFO Channel 09/0 : 6[6] -> 7[7] via P2P/CUMEM
nccl-intranode-dgx052-rtklg:192:387 [6] NCCL INFO New proxy send connection 33 from local rank 6, transport 0
nccl-intranode-dgx052-rtklg:192:406 [6] NCCL INFO Connected to proxy localRank 6 -> connection 0x7f0340005eb8
nccl-intranode-dgx052-rtklg:186:410 [0] NCCL INFO Channel 02/0 : 0[0] -> 1[1] via P2P/CUMEM
nccl-intranode-dgx052-rtklg:186:397 [0] NCCL INFO New proxy send connection 26 from local rank 0, transport 0
nccl-intranode-dgx052-rtklg:186:410 [0] NCCL INFO Connected to proxy localRank 0 -> connection 0x7fdc50005b70
nccl-intranode-dgx052-rtklg:186:410 [0] NCCL INFO Channel 03/0 : 0[0] -> 1[1] via P2P/CUMEM
nccl-intranode-dgx052-rtklg:186:397 [0] NCCL INFO New proxy send connection 27 from local rank 0, transport 0
nccl-intranode-dgx052-rtklg:186:410 [0] NCCL INFO Connected to proxy localRank 0 -> connection 0x7fdc50005be8
nccl-intranode-dgx052-rtklg:186:410 [0] NCCL INFO Channel 04/0 : 0[0] -> 1[1] via P2P/CUMEM
nccl-intranode-dgx052-rtklg:186:397 [0] NCCL INFO New proxy send connection 28 from local rank 0, transport 0
nccl-intranode-dgx052-rtklg:186:410 [0] NCCL INFO Connected to proxy localRank 0 -> connection 0x7fdc50005c60
nccl-intranode-dgx052-rtklg:189:408 [3] NCCL INFO Channel 09/0 : 3[3] -> 4[4] via P2P/CUMEM
nccl-intranode-dgx052-rtklg:189:395 [3] NCCL INFO New proxy send connection 33 from local rank 3, transport 0
nccl-intranode-dgx052-rtklg:189:408 [3] NCCL INFO Connected to proxy localRank 3 -> connection 0x7fa57c005eb8
nccl-intranode-dgx052-rtklg:187:407 [1] NCCL INFO Channel 07/0 : 1[1] -> 2[2] via P2P/CUMEM
nccl-intranode-dgx052-rtklg:192:406 [6] NCCL INFO Channel 10/0 : 6[6] -> 7[7] via P2P/CUMEM
nccl-intranode-dgx052-rtklg:187:401 [1] NCCL INFO New proxy send connection 31 from local rank 1, transport 0
nccl-intranode-dgx052-rtklg:192:387 [6] NCCL INFO New proxy send connection 34 from local rank 6, transport 0
nccl-intranode-dgx052-rtklg:187:407 [1] NCCL INFO Connected to proxy localRank 1 -> connection 0x7ff6c4005dc8
nccl-intranode-dgx052-rtklg:192:406 [6] NCCL INFO Connected to proxy localRank 6 -> connection 0x7f0340005f30
nccl-intranode-dgx052-rtklg:186:410 [0] NCCL INFO Channel 05/0 : 0[0] -> 1[1] via P2P/CUMEM
nccl-intranode-dgx052-rtklg:186:397 [0] NCCL INFO New proxy send connection 29 from local rank 0, transport 0
nccl-intranode-dgx052-rtklg:186:410 [0] NCCL INFO Connected to proxy localRank 0 -> connection 0x7fdc50005cd8
nccl-intranode-dgx052-rtklg:186:410 [0] NCCL INFO Channel 06/0 : 0[0] -> 1[1] via P2P/CUMEM
nccl-intranode-dgx052-rtklg:186:397 [0] NCCL INFO New proxy send connection 30 from local rank 0, transport 0
nccl-intranode-dgx052-rtklg:186:410 [0] NCCL INFO Connected to proxy localRank 0 -> connection 0x7fdc50005d50
nccl-intranode-dgx052-rtklg:186:410 [0] NCCL INFO Channel 07/0 : 0[0] -> 1[1] via P2P/CUMEM
nccl-intranode-dgx052-rtklg:186:397 [0] NCCL INFO New proxy send connection 31 from local rank 0, transport 0
nccl-intranode-dgx052-rtklg:186:410 [0] NCCL INFO Connected to proxy localRank 0 -> connection 0x7fdc50005dc8
nccl-intranode-dgx052-rtklg:192:406 [6] NCCL INFO Channel 11/0 : 6[6] -> 7[7] via P2P/CUMEM
nccl-intranode-dgx052-rtklg:187:407 [1] NCCL INFO Channel 08/0 : 1[1] -> 2[2] via P2P/CUMEM
nccl-intranode-dgx052-rtklg:187:401 [1] NCCL INFO New proxy send connection 32 from local rank 1, transport 0
nccl-intranode-dgx052-rtklg:187:407 [1] NCCL INFO Connected to proxy localRank 1 -> connection 0x7ff6c4005e40
nccl-intranode-dgx052-rtklg:188:409 [2] NCCL INFO Channel 09/0 : 2[2] -> 3[3] via P2P/CUMEM
nccl-intranode-dgx052-rtklg:192:387 [6] NCCL INFO New proxy send connection 35 from local rank 6, transport 0
nccl-intranode-dgx052-rtklg:192:406 [6] NCCL INFO Connected to proxy localRank 6 -> connection 0x7f0340005fa8
nccl-intranode-dgx052-rtklg:188:393 [2] NCCL INFO New proxy send connection 33 from local rank 2, transport 0
nccl-intranode-dgx052-rtklg:188:409 [2] NCCL INFO Connected to proxy localRank 2 -> connection 0x7fe9a8005eb8
nccl-intranode-dgx052-rtklg:186:410 [0] NCCL INFO Channel 08/0 : 0[0] -> 1[1] via P2P/CUMEM
nccl-intranode-dgx052-rtklg:189:408 [3] NCCL INFO Channel 10/0 : 3[3] -> 4[4] via P2P/CUMEM
nccl-intranode-dgx052-rtklg:186:397 [0] NCCL INFO New proxy send connection 32 from local rank 0, transport 0
nccl-intranode-dgx052-rtklg:186:410 [0] NCCL INFO Connected to proxy localRank 0 -> connection 0x7fdc50005e40
nccl-intranode-dgx052-rtklg:189:395 [3] NCCL INFO New proxy send connection 34 from local rank 3, transport 0
nccl-intranode-dgx052-rtklg:189:408 [3] NCCL INFO Connected to proxy localRank 3 -> connection 0x7fa57c005f30
nccl-intranode-dgx052-rtklg:188:409 [2] NCCL INFO Channel 10/0 : 2[2] -> 3[3] via P2P/CUMEM
nccl-intranode-dgx052-rtklg:188:393 [2] NCCL INFO New proxy send connection 34 from local rank 2, transport 0
nccl-intranode-dgx052-rtklg:188:409 [2] NCCL INFO Connected to proxy localRank 2 -> connection 0x7fe9a8005f30
nccl-intranode-dgx052-rtklg:187:407 [1] NCCL INFO Channel 09/0 : 1[1] -> 2[2] via P2P/CUMEM
nccl-intranode-dgx052-rtklg:187:401 [1] NCCL INFO New proxy send connection 33 from local rank 1, transport 0
nccl-intranode-dgx052-rtklg:187:407 [1] NCCL INFO Connected to proxy localRank 1 -> connection 0x7ff6c4005eb8
nccl-intranode-dgx052-rtklg:192:406 [6] NCCL INFO Channel 12/0 : 6[6] -> 7[7] via P2P/CUMEM
nccl-intranode-dgx052-rtklg:192:387 [6] NCCL INFO New proxy send connection 36 from local rank 6, transport 0
nccl-intranode-dgx052-rtklg:192:406 [6] NCCL INFO Connected to proxy localRank 6 -> connection 0x7f0340006020
nccl-intranode-dgx052-rtklg:186:410 [0] NCCL INFO Channel 09/0 : 0[0] -> 1[1] via P2P/CUMEM
nccl-intranode-dgx052-rtklg:186:397 [0] NCCL INFO New proxy send connection 33 from local rank 0, transport 0
nccl-intranode-dgx052-rtklg:186:410 [0] NCCL INFO Connected to proxy localRank 0 -> connection 0x7fdc50005eb8
nccl-intranode-dgx052-rtklg:189:408 [3] NCCL INFO Channel 11/0 : 3[3] -> 4[4] via P2P/CUMEM
nccl-intranode-dgx052-rtklg:189:395 [3] NCCL INFO New proxy send connection 35 from local rank 3, transport 0
nccl-intranode-dgx052-rtklg:189:408 [3] NCCL INFO Connected to proxy localRank 3 -> connection 0x7fa57c005fa8
nccl-intranode-dgx052-rtklg:188:409 [2] NCCL INFO Channel 11/0 : 2[2] -> 3[3] via P2P/CUMEM
nccl-intranode-dgx052-rtklg:188:393 [2] NCCL INFO New proxy send connection 35 from local rank 2, transport 0
nccl-intranode-dgx052-rtklg:188:409 [2] NCCL INFO Connected to proxy localRank 2 -> connection 0x7fe9a8005fa8
nccl-intranode-dgx052-rtklg:188:409 [2] NCCL INFO Channel 12/0 : 2[2] -> 3[3] via P2P/CUMEM
nccl-intranode-dgx052-rtklg:188:393 [2] NCCL INFO New proxy send connection 36 from local rank 2, transport 0
nccl-intranode-dgx052-rtklg:188:409 [2] NCCL INFO Connected to proxy localRank 2 -> connection 0x7fe9a8006020
nccl-intranode-dgx052-rtklg:186:410 [0] NCCL INFO Channel 10/0 : 0[0] -> 1[1] via P2P/CUMEM
nccl-intranode-dgx052-rtklg:186:397 [0] NCCL INFO New proxy send connection 34 from local rank 0, transport 0
nccl-intranode-dgx052-rtklg:186:410 [0] NCCL INFO Connected to proxy localRank 0 -> connection 0x7fdc50005f30
nccl-intranode-dgx052-rtklg:187:407 [1] NCCL INFO Channel 10/0 : 1[1] -> 2[2] via P2P/CUMEM
nccl-intranode-dgx052-rtklg:187:401 [1] NCCL INFO New proxy send connection 34 from local rank 1, transport 0
nccl-intranode-dgx052-rtklg:187:407 [1] NCCL INFO Connected to proxy localRank 1 -> connection 0x7ff6c4005f30
nccl-intranode-dgx052-rtklg:189:408 [3] NCCL INFO Channel 12/0 : 3[3] -> 4[4] via P2P/CUMEM
nccl-intranode-dgx052-rtklg:189:395 [3] NCCL INFO New proxy send connection 36 from local rank 3, transport 0
nccl-intranode-dgx052-rtklg:189:408 [3] NCCL INFO Connected to proxy localRank 3 -> connection 0x7fa57c006020
nccl-intranode-dgx052-rtklg:188:409 [2] NCCL INFO Channel 13/0 : 2[2] -> 3[3] via P2P/CUMEM
nccl-intranode-dgx052-rtklg:186:410 [0] NCCL INFO Channel 11/0 : 0[0] -> 1[1] via P2P/CUMEM
nccl-intranode-dgx052-rtklg:188:393 [2] NCCL INFO New proxy send connection 37 from local rank 2, transport 0
nccl-intranode-dgx052-rtklg:186:397 [0] NCCL INFO New proxy send connection 35 from local rank 0, transport 0
nccl-intranode-dgx052-rtklg:189:408 [3] NCCL INFO Channel 13/0 : 3[3] -> 4[4] via P2P/CUMEM
nccl-intranode-dgx052-rtklg:188:409 [2] NCCL INFO Connected to proxy localRank 2 -> connection 0x7fe9a8006098
nccl-intranode-dgx052-rtklg:186:410 [0] NCCL INFO Connected to proxy localRank 0 -> connection 0x7fdc50005fa8
nccl-intranode-dgx052-rtklg:192:406 [6] NCCL INFO Channel 13/0 : 6[6] -> 7[7] via P2P/CUMEM
nccl-intranode-dgx052-rtklg:189:395 [3] NCCL INFO New proxy send connection 37 from local rank 3, transport 0
nccl-intranode-dgx052-rtklg:189:408 [3] NCCL INFO Connected to proxy localRank 3 -> connection 0x7fa57c006098
nccl-intranode-dgx052-rtklg:192:387 [6] NCCL INFO New proxy send connection 37 from local rank 6, transport 0
nccl-intranode-dgx052-rtklg:192:406 [6] NCCL INFO Connected to proxy localRank 6 -> connection 0x7f0340006098
nccl-intranode-dgx052-rtklg:187:407 [1] NCCL INFO Channel 11/0 : 1[1] -> 2[2] via P2P/CUMEM
nccl-intranode-dgx052-rtklg:186:410 [0] NCCL INFO Channel 12/0 : 0[0] -> 1[1] via P2P/CUMEM
nccl-intranode-dgx052-rtklg:187:401 [1] NCCL INFO New proxy send connection 35 from local rank 1, transport 0
nccl-intranode-dgx052-rtklg:187:407 [1] NCCL INFO Connected to proxy localRank 1 -> connection 0x7ff6c4005fa8
nccl-intranode-dgx052-rtklg:186:397 [0] NCCL INFO New proxy send connection 36 from local rank 0, transport 0
nccl-intranode-dgx052-rtklg:188:409 [2] NCCL INFO Channel 14/0 : 2[2] -> 3[3] via P2P/CUMEM
nccl-intranode-dgx052-rtklg:186:410 [0] NCCL INFO Connected to proxy localRank 0 -> connection 0x7fdc50006020
nccl-intranode-dgx052-rtklg:188:393 [2] NCCL INFO New proxy send connection 38 from local rank 2, transport 0
nccl-intranode-dgx052-rtklg:188:409 [2] NCCL INFO Connected to proxy localRank 2 -> connection 0x7fe9a8006110
nccl-intranode-dgx052-rtklg:189:408 [3] NCCL INFO Channel 14/0 : 3[3] -> 4[4] via P2P/CUMEM
nccl-intranode-dgx052-rtklg:189:395 [3] NCCL INFO New proxy send connection 38 from local rank 3, transport 0
nccl-intranode-dgx052-rtklg:189:408 [3] NCCL INFO Connected to proxy localRank 3 -> connection 0x7fa57c006110
nccl-intranode-dgx052-rtklg:189:408 [3] NCCL INFO Channel 15/0 : 3[3] -> 4[4] via P2P/CUMEM
nccl-intranode-dgx052-rtklg:189:395 [3] NCCL INFO New proxy send connection 39 from local rank 3, transport 0
nccl-intranode-dgx052-rtklg:189:408 [3] NCCL INFO Connected to proxy localRank 3 -> connection 0x7fa57c006188
nccl-intranode-dgx052-rtklg:189:408 [3] NCCL INFO Channel 16/0 : 3[3] -> 4[4] via P2P/CUMEM
nccl-intranode-dgx052-rtklg:189:395 [3] NCCL INFO New proxy send connection 40 from local rank 3, transport 0
nccl-intranode-dgx052-rtklg:189:408 [3] NCCL INFO Connected to proxy localRank 3 -> connection 0x7fa57c006200
nccl-intranode-dgx052-rtklg:189:408 [3] NCCL INFO Channel 17/0 : 3[3] -> 4[4] via P2P/CUMEM
nccl-intranode-dgx052-rtklg:189:395 [3] NCCL INFO New proxy send connection 41 from local rank 3, transport 0
nccl-intranode-dgx052-rtklg:189:408 [3] NCCL INFO Connected to proxy localRank 3 -> connection 0x7fa57c006278
nccl-intranode-dgx052-rtklg:186:410 [0] NCCL INFO Channel 13/0 : 0[0] -> 1[1] via P2P/CUMEM
nccl-intranode-dgx052-rtklg:188:409 [2] NCCL INFO Channel 15/0 : 2[2] -> 3[3] via P2P/CUMEM
nccl-intranode-dgx052-rtklg:186:397 [0] NCCL INFO New proxy send connection 37 from local rank 0, transport 0
nccl-intranode-dgx052-rtklg:186:410 [0] NCCL INFO Connected to proxy localRank 0 -> connection 0x7fdc50006098
nccl-intranode-dgx052-rtklg:188:393 [2] NCCL INFO New proxy send connection 39 from local rank 2, transport 0
nccl-intranode-dgx052-rtklg:188:409 [2] NCCL INFO Connected to proxy localRank 2 -> connection 0x7fe9a8006188
nccl-intranode-dgx052-rtklg:192:406 [6] NCCL INFO Channel 14/0 : 6[6] -> 7[7] via P2P/CUMEM
nccl-intranode-dgx052-rtklg:192:387 [6] NCCL INFO New proxy send connection 38 from local rank 6, transport 0
nccl-intranode-dgx052-rtklg:192:406 [6] NCCL INFO Connected to proxy localRank 6 -> connection 0x7f0340006110
nccl-intranode-dgx052-rtklg:189:408 [3] NCCL INFO Channel 18/0 : 3[3] -> 4[4] via P2P/CUMEM
nccl-intranode-dgx052-rtklg:189:395 [3] NCCL INFO New proxy send connection 42 from local rank 3, transport 0
nccl-intranode-dgx052-rtklg:189:408 [3] NCCL INFO Connected to proxy localRank 3 -> connection 0x7fa57c0062f0
nccl-intranode-dgx052-rtklg:189:408 [3] NCCL INFO Channel 19/0 : 3[3] -> 4[4] via P2P/CUMEM
nccl-intranode-dgx052-rtklg:189:395 [3] NCCL INFO New proxy send connection 43 from local rank 3, transport 0
nccl-intranode-dgx052-rtklg:189:408 [3] NCCL INFO Connected to proxy localRank 3 -> connection 0x7fa57c006368
nccl-intranode-dgx052-rtklg:186:410 [0] NCCL INFO Channel 14/0 : 0[0] -> 1[1] via P2P/CUMEM
nccl-intranode-dgx052-rtklg:186:397 [0] NCCL INFO New proxy send connection 38 from local rank 0, transport 0
nccl-intranode-dgx052-rtklg:186:410 [0] NCCL INFO Connected to proxy localRank 0 -> connection 0x7fdc50006110
nccl-intranode-dgx052-rtklg:187:407 [1] NCCL INFO Channel 12/0 : 1[1] -> 2[2] via P2P/CUMEM
nccl-intranode-dgx052-rtklg:187:401 [1] NCCL INFO New proxy send connection 36 from local rank 1, transport 0
nccl-intranode-dgx052-rtklg:187:407 [1] NCCL INFO Connected to proxy localRank 1 -> connection 0x7ff6c4006020
nccl-intranode-dgx052-rtklg:192:406 [6] NCCL INFO Channel 15/0 : 6[6] -> 7[7] via P2P/CUMEM
nccl-intranode-dgx052-rtklg:192:387 [6] NCCL INFO New proxy send connection 39 from local rank 6, transport 0
nccl-intranode-dgx052-rtklg:192:406 [6] NCCL INFO Connected to proxy localRank 6 -> connection 0x7f0340006188
nccl-intranode-dgx052-rtklg:192:406 [6] NCCL INFO Channel 16/0 : 6[6] -> 7[7] via P2P/CUMEM
nccl-intranode-dgx052-rtklg:192:387 [6] NCCL INFO New proxy send connection 40 from local rank 6, transport 0
nccl-intranode-dgx052-rtklg:192:406 [6] NCCL INFO Connected to proxy localRank 6 -> connection 0x7f0340006200
nccl-intranode-dgx052-rtklg:188:409 [2] NCCL INFO Channel 16/0 : 2[2] -> 3[3] via P2P/CUMEM
nccl-intranode-dgx052-rtklg:188:393 [2] NCCL INFO New proxy send connection 40 from local rank 2, transport 0
nccl-intranode-dgx052-rtklg:188:409 [2] NCCL INFO Connected to proxy localRank 2 -> connection 0x7fe9a8006200
nccl-intranode-dgx052-rtklg:189:408 [3] NCCL INFO Channel 20/0 : 3[3] -> 4[4] via P2P/CUMEM
nccl-intranode-dgx052-rtklg:186:410 [0] NCCL INFO Channel 15/0 : 0[0] -> 1[1] via P2P/CUMEM
nccl-intranode-dgx052-rtklg:189:395 [3] NCCL INFO New proxy send connection 44 from local rank 3, transport 0
nccl-intranode-dgx052-rtklg:186:397 [0] NCCL INFO New proxy send connection 39 from local rank 0, transport 0
nccl-intranode-dgx052-rtklg:186:410 [0] NCCL INFO Connected to proxy localRank 0 -> connection 0x7fdc50006188
nccl-intranode-dgx052-rtklg:189:408 [3] NCCL INFO Connected to proxy localRank 3 -> connection 0x7fa57c0063e0
nccl-intranode-dgx052-rtklg:189:408 [3] NCCL INFO Channel 21/0 : 3[3] -> 4[4] via P2P/CUMEM
nccl-intranode-dgx052-rtklg:189:395 [3] NCCL INFO New proxy send connection 45 from local rank 3, transport 0
nccl-intranode-dgx052-rtklg:189:408 [3] NCCL INFO Connected to proxy localRank 3 -> connection 0x7fa57c006458
nccl-intranode-dgx052-rtklg:192:406 [6] NCCL INFO Channel 17/0 : 6[6] -> 7[7] via P2P/CUMEM
nccl-intranode-dgx052-rtklg:192:387 [6] NCCL INFO New proxy send connection 41 from local rank 6, transport 0
nccl-intranode-dgx052-rtklg:188:409 [2] NCCL INFO Channel 17/0 : 2[2] -> 3[3] via P2P/CUMEM
nccl-intranode-dgx052-rtklg:192:406 [6] NCCL INFO Connected to proxy localRank 6 -> connection 0x7f0340006278
nccl-intranode-dgx052-rtklg:186:410 [0] NCCL INFO Channel 16/0 : 0[0] -> 1[1] via P2P/CUMEM
nccl-intranode-dgx052-rtklg:188:393 [2] NCCL INFO New proxy send connection 41 from local rank 2, transport 0
nccl-intranode-dgx052-rtklg:188:409 [2] NCCL INFO Connected to proxy localRank 2 -> connection 0x7fe9a8006278
nccl-intranode-dgx052-rtklg:186:397 [0] NCCL INFO New proxy send connection 40 from local rank 0, transport 0
nccl-intranode-dgx052-rtklg:186:410 [0] NCCL INFO Connected to proxy localRank 0 -> connection 0x7fdc50006200
nccl-intranode-dgx052-rtklg:186:410 [0] NCCL INFO Channel 17/0 : 0[0] -> 1[1] via P2P/CUMEM
nccl-intranode-dgx052-rtklg:186:397 [0] NCCL INFO New proxy send connection 41 from local rank 0, transport 0
nccl-intranode-dgx052-rtklg:186:410 [0] NCCL INFO Connected to proxy localRank 0 -> connection 0x7fdc50006278
nccl-intranode-dgx052-rtklg:192:406 [6] NCCL INFO Channel 18/0 : 6[6] -> 7[7] via P2P/CUMEM
nccl-intranode-dgx052-rtklg:187:407 [1] NCCL INFO Channel 13/0 : 1[1] -> 2[2] via P2P/CUMEM
nccl-intranode-dgx052-rtklg:192:387 [6] NCCL INFO New proxy send connection 42 from local rank 6, transport 0
nccl-intranode-dgx052-rtklg:192:406 [6] NCCL INFO Connected to proxy localRank 6 -> connection 0x7f03400062f0
nccl-intranode-dgx052-rtklg:188:409 [2] NCCL INFO Channel 18/0 : 2[2] -> 3[3] via P2P/CUMEM
nccl-intranode-dgx052-rtklg:187:401 [1] NCCL INFO New proxy send connection 37 from local rank 1, transport 0
nccl-intranode-dgx052-rtklg:187:407 [1] NCCL INFO Connected to proxy localRank 1 -> connection 0x7ff6c4006098
nccl-intranode-dgx052-rtklg:188:393 [2] NCCL INFO New proxy send connection 42 from local rank 2, transport 0
nccl-intranode-dgx052-rtklg:188:409 [2] NCCL INFO Connected to proxy localRank 2 -> connection 0x7fe9a80062f0
nccl-intranode-dgx052-rtklg:186:410 [0] NCCL INFO Channel 18/0 : 0[0] -> 1[1] via P2P/CUMEM
nccl-intranode-dgx052-rtklg:189:408 [3] NCCL INFO Channel 22/0 : 3[3] -> 4[4] via P2P/CUMEM
nccl-intranode-dgx052-rtklg:186:397 [0] NCCL INFO New proxy send connection 42 from local rank 0, transport 0
nccl-intranode-dgx052-rtklg:186:410 [0] NCCL INFO Connected to proxy localRank 0 -> connection 0x7fdc500062f0
nccl-intranode-dgx052-rtklg:192:406 [6] NCCL INFO Channel 19/0 : 6[6] -> 7[7] via P2P/CUMEM
nccl-intranode-dgx052-rtklg:189:395 [3] NCCL INFO New proxy send connection 46 from local rank 3, transport 0
nccl-intranode-dgx052-rtklg:192:387 [6] NCCL INFO New proxy send connection 43 from local rank 6, transport 0
nccl-intranode-dgx052-rtklg:189:408 [3] NCCL INFO Connected to proxy localRank 3 -> connection 0x7fa57c0064d0
nccl-intranode-dgx052-rtklg:192:406 [6] NCCL INFO Connected to proxy localRank 6 -> connection 0x7f0340006368
nccl-intranode-dgx052-rtklg:187:407 [1] NCCL INFO Channel 14/0 : 1[1] -> 2[2] via P2P/CUMEM
nccl-intranode-dgx052-rtklg:187:401 [1] NCCL INFO New proxy send connection 38 from local rank 1, transport 0
nccl-intranode-dgx052-rtklg:187:407 [1] NCCL INFO Connected to proxy localRank 1 -> connection 0x7ff6c4006110
nccl-intranode-dgx052-rtklg:189:408 [3] NCCL INFO Channel 23/0 : 3[3] -> 4[4] via P2P/CUMEM
nccl-intranode-dgx052-rtklg:188:409 [2] NCCL INFO Channel 19/0 : 2[2] -> 3[3] via P2P/CUMEM
nccl-intranode-dgx052-rtklg:189:395 [3] NCCL INFO New proxy send connection 47 from local rank 3, transport 0
nccl-intranode-dgx052-rtklg:189:408 [3] NCCL INFO Connected to proxy localRank 3 -> connection 0x7fa57c006548
nccl-intranode-dgx052-rtklg:186:410 [0] NCCL INFO Channel 19/0 : 0[0] -> 1[1] via P2P/CUMEM
nccl-intranode-dgx052-rtklg:188:393 [2] NCCL INFO New proxy send connection 43 from local rank 2, transport 0
nccl-intranode-dgx052-rtklg:188:409 [2] NCCL INFO Connected to proxy localRank 2 -> connection 0x7fe9a8006368
nccl-intranode-dgx052-rtklg:192:406 [6] NCCL INFO Channel 20/0 : 6[6] -> 7[7] via P2P/CUMEM
nccl-intranode-dgx052-rtklg:186:397 [0] NCCL INFO New proxy send connection 43 from local rank 0, transport 0
nccl-intranode-dgx052-rtklg:192:387 [6] NCCL INFO New proxy send connection 44 from local rank 6, transport 0
nccl-intranode-dgx052-rtklg:186:410 [0] NCCL INFO Connected to proxy localRank 0 -> connection 0x7fdc50006368
nccl-intranode-dgx052-rtklg:192:406 [6] NCCL INFO Connected to proxy localRank 6 -> connection 0x7f03400063e0
nccl-intranode-dgx052-rtklg:187:407 [1] NCCL INFO Channel 15/0 : 1[1] -> 2[2] via P2P/CUMEM
nccl-intranode-dgx052-rtklg:187:401 [1] NCCL INFO New proxy send connection 39 from local rank 1, transport 0
nccl-intranode-dgx052-rtklg:187:407 [1] NCCL INFO Connected to proxy localRank 1 -> connection 0x7ff6c4006188
nccl-intranode-dgx052-rtklg:186:410 [0] NCCL INFO Channel 20/0 : 0[0] -> 1[1] via P2P/CUMEM
nccl-intranode-dgx052-rtklg:188:409 [2] NCCL INFO Channel 20/0 : 2[2] -> 3[3] via P2P/CUMEM
nccl-intranode-dgx052-rtklg:186:397 [0] NCCL INFO New proxy send connection 44 from local rank 0, transport 0
nccl-intranode-dgx052-rtklg:186:410 [0] NCCL INFO Connected to proxy localRank 0 -> connection 0x7fdc500063e0
nccl-intranode-dgx052-rtklg:192:406 [6] NCCL INFO Channel 21/0 : 6[6] -> 7[7] via P2P/CUMEM
nccl-intranode-dgx052-rtklg:188:393 [2] NCCL INFO New proxy send connection 44 from local rank 2, transport 0
nccl-intranode-dgx052-rtklg:192:387 [6] NCCL INFO New proxy send connection 45 from local rank 6, transport 0
nccl-intranode-dgx052-rtklg:188:409 [2] NCCL INFO Connected to proxy localRank 2 -> connection 0x7fe9a80063e0
nccl-intranode-dgx052-rtklg:192:406 [6] NCCL INFO Connected to proxy localRank 6 -> connection 0x7f0340006458
nccl-intranode-dgx052-rtklg:187:407 [1] NCCL INFO Channel 16/0 : 1[1] -> 2[2] via P2P/CUMEM
nccl-intranode-dgx052-rtklg:187:401 [1] NCCL INFO New proxy send connection 40 from local rank 1, transport 0
nccl-intranode-dgx052-rtklg:187:407 [1] NCCL INFO Connected to proxy localRank 1 -> connection 0x7ff6c4006200
nccl-intranode-dgx052-rtklg:186:410 [0] NCCL INFO Channel 21/0 : 0[0] -> 1[1] via P2P/CUMEM
nccl-intranode-dgx052-rtklg:188:409 [2] NCCL INFO Channel 21/0 : 2[2] -> 3[3] via P2P/CUMEM
nccl-intranode-dgx052-rtklg:186:397 [0] NCCL INFO New proxy send connection 45 from local rank 0, transport 0
nccl-intranode-dgx052-rtklg:186:410 [0] NCCL INFO Connected to proxy localRank 0 -> connection 0x7fdc50006458
nccl-intranode-dgx052-rtklg:192:406 [6] NCCL INFO Channel 22/0 : 6[6] -> 7[7] via P2P/CUMEM
nccl-intranode-dgx052-rtklg:188:393 [2] NCCL INFO New proxy send connection 45 from local rank 2, transport 0
nccl-intranode-dgx052-rtklg:192:387 [6] NCCL INFO New proxy send connection 46 from local rank 6, transport 0
nccl-intranode-dgx052-rtklg:188:409 [2] NCCL INFO Connected to proxy localRank 2 -> connection 0x7fe9a8006458
nccl-intranode-dgx052-rtklg:192:406 [6] NCCL INFO Connected to proxy localRank 6 -> connection 0x7f03400064d0
nccl-intranode-dgx052-rtklg:187:407 [1] NCCL INFO Channel 17/0 : 1[1] -> 2[2] via P2P/CUMEM
nccl-intranode-dgx052-rtklg:187:401 [1] NCCL INFO New proxy send connection 41 from local rank 1, transport 0
nccl-intranode-dgx052-rtklg:187:407 [1] NCCL INFO Connected to proxy localRank 1 -> connection 0x7ff6c4006278
nccl-intranode-dgx052-rtklg:187:407 [1] NCCL INFO Channel 18/0 : 1[1] -> 2[2] via P2P/CUMEM
nccl-intranode-dgx052-rtklg:186:410 [0] NCCL INFO Channel 22/0 : 0[0] -> 1[1] via P2P/CUMEM
nccl-intranode-dgx052-rtklg:187:401 [1] NCCL INFO New proxy send connection 42 from local rank 1, transport 0
nccl-intranode-dgx052-rtklg:192:406 [6] NCCL INFO Channel 23/0 : 6[6] -> 7[7] via P2P/CUMEM
nccl-intranode-dgx052-rtklg:187:407 [1] NCCL INFO Connected to proxy localRank 1 -> connection 0x7ff6c40062f0
nccl-intranode-dgx052-rtklg:186:397 [0] NCCL INFO New proxy send connection 46 from local rank 0, transport 0
nccl-intranode-dgx052-rtklg:186:410 [0] NCCL INFO Connected to proxy localRank 0 -> connection 0x7fdc500064d0
nccl-intranode-dgx052-rtklg:192:387 [6] NCCL INFO New proxy send connection 47 from local rank 6, transport 0
nccl-intranode-dgx052-rtklg:188:409 [2] NCCL INFO Channel 22/0 : 2[2] -> 3[3] via P2P/CUMEM
nccl-intranode-dgx052-rtklg:192:406 [6] NCCL INFO Connected to proxy localRank 6 -> connection 0x7f0340006548
nccl-intranode-dgx052-rtklg:188:393 [2] NCCL INFO New proxy send connection 46 from local rank 2, transport 0
nccl-intranode-dgx052-rtklg:188:409 [2] NCCL INFO Connected to proxy localRank 2 -> connection 0x7fe9a80064d0
nccl-intranode-dgx052-rtklg:186:410 [0] NCCL INFO Channel 23/0 : 0[0] -> 1[1] via P2P/CUMEM
nccl-intranode-dgx052-rtklg:186:397 [0] NCCL INFO New proxy send connection 47 from local rank 0, transport 0
nccl-intranode-dgx052-rtklg:186:410 [0] NCCL INFO Connected to proxy localRank 0 -> connection 0x7fdc50006548
nccl-intranode-dgx052-rtklg:187:407 [1] NCCL INFO Channel 19/0 : 1[1] -> 2[2] via P2P/CUMEM
nccl-intranode-dgx052-rtklg:187:401 [1] NCCL INFO New proxy send connection 43 from local rank 1, transport 0
nccl-intranode-dgx052-rtklg:187:407 [1] NCCL INFO Connected to proxy localRank 1 -> connection 0x7ff6c4006368
nccl-intranode-dgx052-rtklg:188:409 [2] NCCL INFO Channel 23/0 : 2[2] -> 3[3] via P2P/CUMEM
nccl-intranode-dgx052-rtklg:188:393 [2] NCCL INFO New proxy send connection 47 from local rank 2, transport 0
nccl-intranode-dgx052-rtklg:188:409 [2] NCCL INFO Connected to proxy localRank 2 -> connection 0x7fe9a8006548
nccl-intranode-dgx052-rtklg:187:407 [1] NCCL INFO Channel 20/0 : 1[1] -> 2[2] via P2P/CUMEM
nccl-intranode-dgx052-rtklg:187:401 [1] NCCL INFO New proxy send connection 44 from local rank 1, transport 0
nccl-intranode-dgx052-rtklg:187:407 [1] NCCL INFO Connected to proxy localRank 1 -> connection 0x7ff6c40063e0
nccl-intranode-dgx052-rtklg:187:407 [1] NCCL INFO Channel 21/0 : 1[1] -> 2[2] via P2P/CUMEM
nccl-intranode-dgx052-rtklg:187:401 [1] NCCL INFO New proxy send connection 45 from local rank 1, transport 0
nccl-intranode-dgx052-rtklg:187:407 [1] NCCL INFO Connected to proxy localRank 1 -> connection 0x7ff6c4006458
nccl-intranode-dgx052-rtklg:187:407 [1] NCCL INFO Channel 22/0 : 1[1] -> 2[2] via P2P/CUMEM
nccl-intranode-dgx052-rtklg:187:401 [1] NCCL INFO New proxy send connection 46 from local rank 1, transport 0
nccl-intranode-dgx052-rtklg:187:407 [1] NCCL INFO Connected to proxy localRank 1 -> connection 0x7ff6c40064d0
nccl-intranode-dgx052-rtklg:187:407 [1] NCCL INFO Channel 23/0 : 1[1] -> 2[2] via P2P/CUMEM
nccl-intranode-dgx052-rtklg:187:401 [1] NCCL INFO New proxy send connection 47 from local rank 1, transport 0
nccl-intranode-dgx052-rtklg:187:407 [1] NCCL INFO Connected to proxy localRank 1 -> connection 0x7ff6c4006548
nccl-intranode-dgx052-rtklg:191:404 [5] NCCL INFO Connected all rings
nccl-intranode-dgx052-rtklg:192:406 [6] NCCL INFO Connected all rings
nccl-intranode-dgx052-rtklg:193:405 [7] NCCL INFO Connected all rings
nccl-intranode-dgx052-rtklg:190:403 [4] NCCL INFO Connected all rings
nccl-intranode-dgx052-rtklg:186:410 [0] NCCL INFO Connected all rings
nccl-intranode-dgx052-rtklg:189:408 [3] NCCL INFO Connected all rings
nccl-intranode-dgx052-rtklg:187:407 [1] NCCL INFO Connected all rings
nccl-intranode-dgx052-rtklg:188:409 [2] NCCL INFO Connected all rings
      1.00 MiB        0.07         15.66         27.41
nccl-intranode-dgx052-rtklg:187:418 [1] NCCL INFO NVLS comm 0x55b28f53bce0 headRank 1 nHeads 8 buffSize 1048576 nvlsPerRankSize 33554432 nvlsTotalSize 268435456
nccl-intranode-dgx052-rtklg:189:415 [3] NCCL INFO NVLS comm 0x55d8102b10d0 headRank 3 nHeads 8 buffSize 1048576 nvlsPerRankSize 33554432 nvlsTotalSize 268435456
nccl-intranode-dgx052-rtklg:192:416 [6] NCCL INFO NVLS comm 0x55b5da405710 headRank 6 nHeads 8 buffSize 1048576 nvlsPerRankSize 33554432 nvlsTotalSize 268435456
nccl-intranode-dgx052-rtklg:191:417 [5] NCCL INFO NVLS comm 0x562d01feb970 headRank 5 nHeads 8 buffSize 1048576 nvlsPerRankSize 33554432 nvlsTotalSize 268435456
nccl-intranode-dgx052-rtklg:193:414 [7] NCCL INFO NVLS comm 0x55eb57faaf00 headRank 7 nHeads 8 buffSize 1048576 nvlsPerRankSize 33554432 nvlsTotalSize 268435456
nccl-intranode-dgx052-rtklg:186:412 [0] NCCL INFO NVLS comm 0x561a19220c70 headRank 0 nHeads 8 buffSize 1048576 nvlsPerRankSize 33554432 nvlsTotalSize 268435456
nccl-intranode-dgx052-rtklg:188:413 [2] NCCL INFO NVLS comm 0x56035d7a3e60 headRank 2 nHeads 8 buffSize 1048576 nvlsPerRankSize 33554432 nvlsTotalSize 268435456
nccl-intranode-dgx052-rtklg:190:411 [4] NCCL INFO NVLS comm 0x5627513b8bf0 headRank 4 nHeads 8 buffSize 1048576 nvlsPerRankSize 33554432 nvlsTotalSize 268435456
      2.00 MiB        0.04         51.12         89.46
      4.00 MiB        0.05         77.81        136.16
      8.00 MiB        0.08        107.81        188.66
     16.00 MiB        0.12        138.75        242.81
     32.00 MiB        0.20        167.62        293.33
     64.00 MiB        0.33        205.29        359.25
    128.00 MiB        0.59        226.79        396.89
    256.00 MiB        1.12        239.47        419.08
    512.00 MiB        2.17        247.46        433.06
      1.00 GiB        4.07        264.01        462.01
      2.00 GiB        8.01        267.99        468.99
      4.00 GiB       15.85        270.99        474.23
      8.00 GiB       31.52        272.56        476.98
nccl-intranode-dgx052-rtklg:186:419 [0] NCCL INFO socketProgressOpt: abort called
nccl-intranode-dgx052-rtklg:186:419 [0] NCCL INFO misc/socket.cc:47 -> 3
nccl-intranode-dgx052-rtklg:186:419 [0] NCCL INFO misc/socket.cc:550 -> 3
nccl-intranode-dgx052-rtklg:186:419 [0] NCCL INFO misc/socket.cc:573 -> 3
nccl-intranode-dgx052-rtklg:186:419 [0] NCCL INFO misc/socket.cc:621 -> 3
nccl-intranode-dgx052-rtklg:186:419 [0] NCCL INFO socketProgressOpt: abort called
nccl-intranode-dgx052-rtklg:186:419 [0] NCCL INFO misc/socket.cc:47 -> 3
nccl-intranode-dgx052-rtklg:186:419 [0] NCCL INFO misc/socket.cc:58 -> 3
nccl-intranode-dgx052-rtklg:186:419 [0] NCCL INFO misc/socket.cc:775 -> 3
nccl-intranode-dgx052-rtklg:186:397 [0] NCCL INFO socketProgressOpt: abort called
nccl-intranode-dgx052-rtklg:186:397 [0] NCCL INFO misc/socket.cc:47 -> 3
nccl-intranode-dgx052-rtklg:186:397 [0] NCCL INFO misc/socket.cc:752 -> 3
nccl-intranode-dgx052-rtklg:186:397 [0] NCCL INFO misc/socket.cc:428 -> 3
nccl-intranode-dgx052-rtklg:186:397 [0] NCCL INFO misc/socket.cc:564 -> 3
nccl-intranode-dgx052-rtklg:186:397 [0] NCCL INFO misc/socket.cc:668 -> 3

nccl-intranode-dgx052-rtklg:186:397 [0] proxy.cc:1458 NCCL WARN [Service thread] Accept failed Resource temporarily unavailable
nccl-intranode-dgx052-rtklg:186:397 [0] NCCL INFO socketProgressOpt: abort called
nccl-intranode-dgx052-rtklg:186:397 [0] NCCL INFO misc/socket.cc:826 -> 3

nccl-intranode-dgx052-rtklg:186:397 [0] proxy.cc:1497 NCCL WARN [Service thread] Could not receive type from localRank 0, res=3, closed=0

nccl-intranode-dgx052-rtklg:186:397 [0] proxy.cc:1521 NCCL WARN [Proxy Service 0] Failed to execute operation Close from rank 0, retcode 3
nccl-intranode-dgx052-rtklg:189:420 [3] NCCL INFO socketProgressOpt: abort called
nccl-intranode-dgx052-rtklg:189:420 [3] NCCL INFO misc/socket.cc:47 -> 3
nccl-intranode-dgx052-rtklg:189:420 [3] NCCL INFO misc/socket.cc:550 -> 3
nccl-intranode-dgx052-rtklg:189:420 [3] NCCL INFO misc/socket.cc:573 -> 3
nccl-intranode-dgx052-rtklg:189:420 [3] NCCL INFO misc/socket.cc:621 -> 3
nccl-intranode-dgx052-rtklg:189:420 [3] NCCL INFO socketProgressOpt: abort called
nccl-intranode-dgx052-rtklg:189:420 [3] NCCL INFO misc/socket.cc:47 -> 3
nccl-intranode-dgx052-rtklg:189:420 [3] NCCL INFO misc/socket.cc:58 -> 3
nccl-intranode-dgx052-rtklg:189:420 [3] NCCL INFO misc/socket.cc:775 -> 3
nccl-intranode-dgx052-rtklg:189:395 [3] NCCL INFO socketProgressOpt: abort called
nccl-intranode-dgx052-rtklg:189:395 [3] NCCL INFO misc/socket.cc:47 -> 3
nccl-intranode-dgx052-rtklg:189:395 [3] NCCL INFO misc/socket.cc:752 -> 3
nccl-intranode-dgx052-rtklg:189:395 [3] NCCL INFO misc/socket.cc:428 -> 3
nccl-intranode-dgx052-rtklg:189:395 [3] NCCL INFO misc/socket.cc:564 -> 3
nccl-intranode-dgx052-rtklg:189:395 [3] NCCL INFO misc/socket.cc:668 -> 3

nccl-intranode-dgx052-rtklg:189:395 [3] proxy.cc:1458 NCCL WARN [Service thread] Accept failed Resource temporarily unavailable
nccl-intranode-dgx052-rtklg:189:395 [3] NCCL INFO socketProgressOpt: abort called
nccl-intranode-dgx052-rtklg:189:395 [3] NCCL INFO misc/socket.cc:826 -> 3

nccl-intranode-dgx052-rtklg:189:395 [3] proxy.cc:1497 NCCL WARN [Service thread] Could not receive type from localRank 3, res=3, closed=0

nccl-intranode-dgx052-rtklg:189:395 [3] proxy.cc:1521 NCCL WARN [Proxy Service 3] Failed to execute operation Close from rank 3, retcode 3
nccl-intranode-dgx052-rtklg:190:421 [4] NCCL INFO socketProgressOpt: abort called
nccl-intranode-dgx052-rtklg:190:421 [4] NCCL INFO misc/socket.cc:47 -> 3
nccl-intranode-dgx052-rtklg:190:421 [4] NCCL INFO misc/socket.cc:550 -> 3
nccl-intranode-dgx052-rtklg:190:421 [4] NCCL INFO misc/socket.cc:573 -> 3
nccl-intranode-dgx052-rtklg:190:421 [4] NCCL INFO misc/socket.cc:621 -> 3
nccl-intranode-dgx052-rtklg:190:421 [4] NCCL INFO socketProgressOpt: abort called
nccl-intranode-dgx052-rtklg:190:421 [4] NCCL INFO misc/socket.cc:47 -> 3
nccl-intranode-dgx052-rtklg:190:421 [4] NCCL INFO misc/socket.cc:58 -> 3
nccl-intranode-dgx052-rtklg:190:421 [4] NCCL INFO misc/socket.cc:775 -> 3
nccl-intranode-dgx052-rtklg:190:391 [4] NCCL INFO socketProgressOpt: abort called
nccl-intranode-dgx052-rtklg:190:391 [4] NCCL INFO misc/socket.cc:47 -> 3
nccl-intranode-dgx052-rtklg:190:391 [4] NCCL INFO misc/socket.cc:752 -> 3
nccl-intranode-dgx052-rtklg:190:391 [4] NCCL INFO misc/socket.cc:428 -> 3
nccl-intranode-dgx052-rtklg:190:391 [4] NCCL INFO misc/socket.cc:564 -> 3
nccl-intranode-dgx052-rtklg:190:391 [4] NCCL INFO misc/socket.cc:668 -> 3

nccl-intranode-dgx052-rtklg:190:391 [4] proxy.cc:1458 NCCL WARN [Service thread] Accept failed Resource temporarily unavailable
nccl-intranode-dgx052-rtklg:190:391 [4] NCCL INFO socketProgressOpt: abort called
nccl-intranode-dgx052-rtklg:190:391 [4] NCCL INFO misc/socket.cc:826 -> 3

nccl-intranode-dgx052-rtklg:190:391 [4] proxy.cc:1497 NCCL WARN [Service thread] Could not receive type from localRank 4, res=3, closed=0

nccl-intranode-dgx052-rtklg:190:391 [4] proxy.cc:1521 NCCL WARN [Proxy Service 4] Failed to execute operation Close from rank 4, retcode 3
nccl-intranode-dgx052-rtklg:192:422 [6] NCCL INFO socketProgressOpt: abort called
nccl-intranode-dgx052-rtklg:192:422 [6] NCCL INFO misc/socket.cc:47 -> 3
nccl-intranode-dgx052-rtklg:192:422 [6] NCCL INFO misc/socket.cc:550 -> 3
nccl-intranode-dgx052-rtklg:192:422 [6] NCCL INFO misc/socket.cc:573 -> 3
nccl-intranode-dgx052-rtklg:192:422 [6] NCCL INFO misc/socket.cc:621 -> 3
nccl-intranode-dgx052-rtklg:192:422 [6] NCCL INFO socketProgressOpt: abort called
nccl-intranode-dgx052-rtklg:192:422 [6] NCCL INFO misc/socket.cc:47 -> 3
nccl-intranode-dgx052-rtklg:192:422 [6] NCCL INFO misc/socket.cc:58 -> 3
nccl-intranode-dgx052-rtklg:192:422 [6] NCCL INFO misc/socket.cc:775 -> 3
nccl-intranode-dgx052-rtklg:192:387 [6] NCCL INFO socketProgressOpt: abort called
nccl-intranode-dgx052-rtklg:192:387 [6] NCCL INFO misc/socket.cc:47 -> 3
nccl-intranode-dgx052-rtklg:192:387 [6] NCCL INFO misc/socket.cc:752 -> 3
nccl-intranode-dgx052-rtklg:192:387 [6] NCCL INFO misc/socket.cc:428 -> 3
nccl-intranode-dgx052-rtklg:192:387 [6] NCCL INFO misc/socket.cc:564 -> 3
nccl-intranode-dgx052-rtklg:192:387 [6] NCCL INFO misc/socket.cc:668 -> 3

nccl-intranode-dgx052-rtklg:192:387 [6] proxy.cc:1458 NCCL WARN [Service thread] Accept failed Resource temporarily unavailable
nccl-intranode-dgx052-rtklg:192:387 [6] NCCL INFO socketProgressOpt: abort called
nccl-intranode-dgx052-rtklg:192:387 [6] NCCL INFO misc/socket.cc:826 -> 3

nccl-intranode-dgx052-rtklg:192:387 [6] proxy.cc:1497 NCCL WARN [Service thread] Could not receive type from localRank 6, res=3, closed=0

nccl-intranode-dgx052-rtklg:192:387 [6] proxy.cc:1521 NCCL WARN [Proxy Service 6] Failed to execute operation Close from rank 6, retcode 3
nccl-intranode-dgx052-rtklg:193:423 [7] NCCL INFO socketProgressOpt: abort called
nccl-intranode-dgx052-rtklg:193:423 [7] NCCL INFO misc/socket.cc:47 -> 3
nccl-intranode-dgx052-rtklg:193:423 [7] NCCL INFO misc/socket.cc:550 -> 3
nccl-intranode-dgx052-rtklg:193:423 [7] NCCL INFO misc/socket.cc:573 -> 3
nccl-intranode-dgx052-rtklg:193:423 [7] NCCL INFO misc/socket.cc:621 -> 3
nccl-intranode-dgx052-rtklg:193:423 [7] NCCL INFO socketProgressOpt: abort called
nccl-intranode-dgx052-rtklg:193:423 [7] NCCL INFO misc/socket.cc:47 -> 3
nccl-intranode-dgx052-rtklg:193:423 [7] NCCL INFO misc/socket.cc:58 -> 3
nccl-intranode-dgx052-rtklg:193:423 [7] NCCL INFO misc/socket.cc:775 -> 3
nccl-intranode-dgx052-rtklg:193:389 [7] NCCL INFO socketProgressOpt: abort called
nccl-intranode-dgx052-rtklg:193:389 [7] NCCL INFO misc/socket.cc:47 -> 3
nccl-intranode-dgx052-rtklg:193:389 [7] NCCL INFO misc/socket.cc:752 -> 3
nccl-intranode-dgx052-rtklg:193:389 [7] NCCL INFO misc/socket.cc:428 -> 3
nccl-intranode-dgx052-rtklg:193:389 [7] NCCL INFO misc/socket.cc:564 -> 3
nccl-intranode-dgx052-rtklg:193:389 [7] NCCL INFO misc/socket.cc:668 -> 3

nccl-intranode-dgx052-rtklg:193:389 [7] proxy.cc:1458 NCCL WARN [Service thread] Accept failed Resource temporarily unavailable
nccl-intranode-dgx052-rtklg:193:389 [7] NCCL INFO socketProgressOpt: abort called
nccl-intranode-dgx052-rtklg:193:389 [7] NCCL INFO misc/socket.cc:826 -> 3

nccl-intranode-dgx052-rtklg:193:389 [7] proxy.cc:1497 NCCL WARN [Service thread] Could not receive type from localRank 7, res=3, closed=0

nccl-intranode-dgx052-rtklg:193:389 [7] proxy.cc:1521 NCCL WARN [Proxy Service 7] Failed to execute operation Close from rank 7, retcode 3
nccl-intranode-dgx052-rtklg:188:424 [2] NCCL INFO socketProgressOpt: abort called
nccl-intranode-dgx052-rtklg:188:424 [2] NCCL INFO misc/socket.cc:47 -> 3
nccl-intranode-dgx052-rtklg:188:424 [2] NCCL INFO misc/socket.cc:550 -> 3
nccl-intranode-dgx052-rtklg:188:424 [2] NCCL INFO misc/socket.cc:573 -> 3
nccl-intranode-dgx052-rtklg:188:424 [2] NCCL INFO misc/socket.cc:621 -> 3
nccl-intranode-dgx052-rtklg:188:424 [2] NCCL INFO socketProgressOpt: abort called
nccl-intranode-dgx052-rtklg:188:424 [2] NCCL INFO misc/socket.cc:47 -> 3
nccl-intranode-dgx052-rtklg:188:424 [2] NCCL INFO misc/socket.cc:58 -> 3
nccl-intranode-dgx052-rtklg:188:424 [2] NCCL INFO misc/socket.cc:775 -> 3
nccl-intranode-dgx052-rtklg:188:393 [2] NCCL INFO socketProgressOpt: abort called
nccl-intranode-dgx052-rtklg:188:393 [2] NCCL INFO misc/socket.cc:47 -> 3
nccl-intranode-dgx052-rtklg:188:393 [2] NCCL INFO misc/socket.cc:752 -> 3
nccl-intranode-dgx052-rtklg:188:393 [2] NCCL INFO misc/socket.cc:428 -> 3
nccl-intranode-dgx052-rtklg:188:393 [2] NCCL INFO misc/socket.cc:564 -> 3
nccl-intranode-dgx052-rtklg:188:393 [2] NCCL INFO misc/socket.cc:668 -> 3

nccl-intranode-dgx052-rtklg:188:393 [2] proxy.cc:1458 NCCL WARN [Service thread] Accept failed Resource temporarily unavailable
nccl-intranode-dgx052-rtklg:188:393 [2] NCCL INFO socketProgressOpt: abort called
nccl-intranode-dgx052-rtklg:188:393 [2] NCCL INFO misc/socket.cc:826 -> 3

nccl-intranode-dgx052-rtklg:188:393 [2] proxy.cc:1497 NCCL WARN [Service thread] Could not receive type from localRank 2, res=3, closed=0

nccl-intranode-dgx052-rtklg:188:393 [2] proxy.cc:1521 NCCL WARN [Proxy Service 2] Failed to execute operation Close from rank 2, retcode 3
nccl-intranode-dgx052-rtklg:191:425 [5] NCCL INFO socketProgressOpt: abort called
nccl-intranode-dgx052-rtklg:191:425 [5] NCCL INFO misc/socket.cc:47 -> 3
nccl-intranode-dgx052-rtklg:191:425 [5] NCCL INFO misc/socket.cc:550 -> 3
nccl-intranode-dgx052-rtklg:191:425 [5] NCCL INFO misc/socket.cc:573 -> 3
nccl-intranode-dgx052-rtklg:191:425 [5] NCCL INFO misc/socket.cc:621 -> 3
nccl-intranode-dgx052-rtklg:191:425 [5] NCCL INFO socketProgressOpt: abort called
nccl-intranode-dgx052-rtklg:191:425 [5] NCCL INFO misc/socket.cc:47 -> 3
nccl-intranode-dgx052-rtklg:191:425 [5] NCCL INFO misc/socket.cc:58 -> 3
nccl-intranode-dgx052-rtklg:191:425 [5] NCCL INFO misc/socket.cc:775 -> 3
nccl-intranode-dgx052-rtklg:191:399 [5] NCCL INFO socketProgressOpt: abort called
nccl-intranode-dgx052-rtklg:191:399 [5] NCCL INFO misc/socket.cc:47 -> 3
nccl-intranode-dgx052-rtklg:191:399 [5] NCCL INFO misc/socket.cc:752 -> 3
nccl-intranode-dgx052-rtklg:191:399 [5] NCCL INFO misc/socket.cc:428 -> 3
nccl-intranode-dgx052-rtklg:191:399 [5] NCCL INFO misc/socket.cc:564 -> 3
nccl-intranode-dgx052-rtklg:191:399 [5] NCCL INFO misc/socket.cc:668 -> 3

nccl-intranode-dgx052-rtklg:191:399 [5] proxy.cc:1458 NCCL WARN [Service thread] Accept failed Success
nccl-intranode-dgx052-rtklg:191:399 [5] NCCL INFO socketProgressOpt: abort called
nccl-intranode-dgx052-rtklg:191:399 [5] NCCL INFO misc/socket.cc:826 -> 3

nccl-intranode-dgx052-rtklg:191:399 [5] proxy.cc:1497 NCCL WARN [Service thread] Could not receive type from localRank 5, res=3, closed=0

nccl-intranode-dgx052-rtklg:191:399 [5] proxy.cc:1521 NCCL WARN [Proxy Service 5] Failed to execute operation Close from rank 5, retcode 3
nccl-intranode-dgx052-rtklg:187:426 [1] NCCL INFO socketProgressOpt: abort called
nccl-intranode-dgx052-rtklg:187:426 [1] NCCL INFO misc/socket.cc:47 -> 3
nccl-intranode-dgx052-rtklg:187:426 [1] NCCL INFO misc/socket.cc:550 -> 3
nccl-intranode-dgx052-rtklg:187:426 [1] NCCL INFO misc/socket.cc:573 -> 3
nccl-intranode-dgx052-rtklg:187:426 [1] NCCL INFO misc/socket.cc:621 -> 3
nccl-intranode-dgx052-rtklg:187:426 [1] NCCL INFO socketProgressOpt: abort called
nccl-intranode-dgx052-rtklg:187:426 [1] NCCL INFO misc/socket.cc:47 -> 3
nccl-intranode-dgx052-rtklg:187:426 [1] NCCL INFO misc/socket.cc:58 -> 3
nccl-intranode-dgx052-rtklg:187:426 [1] NCCL INFO misc/socket.cc:775 -> 3
nccl-intranode-dgx052-rtklg:187:401 [1] NCCL INFO socketProgressOpt: abort called
nccl-intranode-dgx052-rtklg:187:401 [1] NCCL INFO misc/socket.cc:47 -> 3
nccl-intranode-dgx052-rtklg:187:401 [1] NCCL INFO misc/socket.cc:752 -> 3
nccl-intranode-dgx052-rtklg:187:401 [1] NCCL INFO misc/socket.cc:428 -> 3
nccl-intranode-dgx052-rtklg:187:401 [1] NCCL INFO misc/socket.cc:564 -> 3
nccl-intranode-dgx052-rtklg:187:401 [1] NCCL INFO misc/socket.cc:668 -> 3

nccl-intranode-dgx052-rtklg:187:401 [1] proxy.cc:1458 NCCL WARN [Service thread] Accept failed Resource temporarily unavailable
nccl-intranode-dgx052-rtklg:187:401 [1] NCCL INFO socketProgressOpt: abort called
nccl-intranode-dgx052-rtklg:187:401 [1] NCCL INFO misc/socket.cc:826 -> 3

nccl-intranode-dgx052-rtklg:187:401 [1] proxy.cc:1497 NCCL WARN [Service thread] Could not receive type from localRank 1, res=3, closed=0

nccl-intranode-dgx052-rtklg:187:401 [1] proxy.cc:1521 NCCL WARN [Proxy Service 1] Failed to execute operation Close from rank 1, retcode 3
nccl-intranode-dgx052-rtklg:193:423 [7] NCCL INFO comm 0x55eb57faaf00 rank 7 nranks 8 cudaDev 7 busId df000 - Abort COMPLETE
nccl-intranode-dgx052-rtklg:193:423 [7] NCCL INFO NET/Plugin: Closing net plugin 'IBext_v8'
nccl-intranode-dgx052-rtklg:193:423 [7] NCCL INFO NET/Plugin: Closing collnet plugin 'SHARP'
nccl-intranode-dgx052-rtklg:187:426 [1] NCCL INFO comm 0x55b28f53bce0 rank 1 nranks 8 cudaDev 1 busId 43000 - Abort COMPLETE
nccl-intranode-dgx052-rtklg:187:426 [1] NCCL INFO NET/Plugin: Closing net plugin 'IBext_v8'
nccl-intranode-dgx052-rtklg:187:426 [1] NCCL INFO NET/Plugin: Closing collnet plugin 'SHARP'
nccl-intranode-dgx052-rtklg:188:424 [2] NCCL INFO comm 0x56035d7a3e60 rank 2 nranks 8 cudaDev 2 busId 52000 - Abort COMPLETE
nccl-intranode-dgx052-rtklg:188:424 [2] NCCL INFO NET/Plugin: Closing net plugin 'IBext_v8'
nccl-intranode-dgx052-rtklg:188:424 [2] NCCL INFO NET/Plugin: Closing collnet plugin 'SHARP'
nccl-intranode-dgx052-rtklg:186:419 [0] NCCL INFO comm 0x561a19220c70 rank 0 nranks 8 cudaDev 0 busId 1b000 - Abort COMPLETE
nccl-intranode-dgx052-rtklg:186:419 [0] NCCL INFO NET/Plugin: Closing net plugin 'IBext_v8'
nccl-intranode-dgx052-rtklg:186:419 [0] NCCL INFO NET/Plugin: Closing collnet plugin 'SHARP'

  done.
nccl-intranode-dgx052-rtklg:191:425 [5] NCCL INFO comm 0x562d01feb970 rank 5 nranks 8 cudaDev 5 busId c3000 - Abort COMPLETE
nccl-intranode-dgx052-rtklg:191:425 [5] NCCL INFO NET/Plugin: Closing net plugin 'IBext_v8'
nccl-intranode-dgx052-rtklg:191:425 [5] NCCL INFO NET/Plugin: Closing collnet plugin 'SHARP'
nccl-intranode-dgx052-rtklg:190:421 [4] NCCL INFO comm 0x5627513b8bf0 rank 4 nranks 8 cudaDev 4 busId 9d000 - Abort COMPLETE
nccl-intranode-dgx052-rtklg:190:421 [4] NCCL INFO NET/Plugin: Closing net plugin 'IBext_v8'
nccl-intranode-dgx052-rtklg:190:421 [4] NCCL INFO NET/Plugin: Closing collnet plugin 'SHARP'
nccl-intranode-dgx052-rtklg:189:420 [3] NCCL INFO comm 0x55d8102b10d0 rank 3 nranks 8 cudaDev 3 busId 61000 - Abort COMPLETE
nccl-intranode-dgx052-rtklg:189:420 [3] NCCL INFO NET/Plugin: Closing net plugin 'IBext_v8'
nccl-intranode-dgx052-rtklg:189:420 [3] NCCL INFO NET/Plugin: Closing collnet plugin 'SHARP'
nccl-intranode-dgx052-rtklg:192:422 [6] NCCL INFO comm 0x55b5da405710 rank 6 nranks 8 cudaDev 6 busId d1000 - Abort COMPLETE
nccl-intranode-dgx052-rtklg:192:422 [6] NCCL INFO NET/Plugin: Closing net plugin 'IBext_v8'
nccl-intranode-dgx052-rtklg:192:422 [6] NCCL INFO NET/Plugin: Closing collnet plugin 'SHARP'
ERROR: init 250 result=11