dgx052:188:393 [6] NCCL INFO NET/IB : GPU Direct RDMA (DMABUF) enabled for HCA 8 'mlx5_10
dgx052:189:391 [7] NCCL INFO NET/IB : GPU Direct RDMA (DMABUF) enabled for HCA 9 'mlx5_11
dgx052:188:406 [6] NCCL INFO Channel 10/0 : 14[6] -> 6[6] [receive] via NET/IBext_v8/8/GDRDMA
dgx052:188:406 [6] NCCL INFO GPU Direct RDMA Enabled for GPU d1000 / HCA 8 (distance 4 <= 4), read 0
dgx052:189:399 [7] NCCL INFO Channel 10/0 : 15[7] -> 7[7] [receive] via NET/IBext_v8/9/GDRDMA
dgx052:189:399 [7] NCCL INFO GPU Direct RDMA Enabled for GPU df000 / HCA 9 (distance 4 <= 4), read 0
dgx052:188:393 [6] NCCL INFO New proxy recv connection 11 from local rank 6, transport 2
dgx052:188:406 [6] NCCL INFO Connected to proxy localRank 6 -> connection 0x7fa790005468
dgx052:189:391 [7] NCCL INFO New proxy recv connection 11 from local rank 7, transport 2
dgx052:189:399 [7] NCCL INFO Connected to proxy localRank 7 -> connection 0x7f69b4005468
dgx052:188:393 [6] NCCL INFO NET/IB : GPU Direct RDMA (DMABUF) enabled for HCA 8 'mlx5_10
dgx052:188:406 [6] NCCL INFO Channel 11/0 : 14[6] -> 6[6] [receive] via NET/IBext_v8/8/GDRDMA
dgx052:189:391 [7] NCCL INFO NET/IB : GPU Direct RDMA (DMABUF) enabled for HCA 9 'mlx5_11
dgx052:188:406 [6] NCCL INFO GPU Direct RDMA Enabled for GPU d1000 / HCA 8 (distance 4 <= 4), read 0
dgx052:189:399 [7] NCCL INFO Channel 11/0 : 15[7] -> 7[7] [receive] via NET/IBext_v8/9/GDRDMA
dgx052:189:399 [7] NCCL INFO GPU Direct RDMA Enabled for GPU df000 / HCA 9 (distance 4 <= 4), read 0
dgx052:188:393 [6] NCCL INFO New proxy recv connection 12 from local rank 6, transport 2
dgx052:189:391 [7] NCCL INFO New proxy recv connection 12 from local rank 7, transport 2
dgx052:188:406 [6] NCCL INFO Connected to proxy localRank 6 -> connection 0x7fa7900054e0
dgx052:189:399 [7] NCCL INFO Connected to proxy localRank 7 -> connection 0x7f69b40054e0
dgx052:189:391 [7] NCCL INFO NET/IB : GPU Direct RDMA (DMABUF) enabled for HCA 9 'mlx5_11
dgx052:188:393 [6] NCCL INFO NET/IB : GPU Direct RDMA (DMABUF) enabled for HCA 8 'mlx5_10
dgx052:189:399 [7] NCCL INFO Channel 12/0 : 15[7] -> 7[7] [receive] via NET/IBext_v8/9/GDRDMA
dgx052:189:399 [7] NCCL INFO GPU Direct RDMA Enabled for GPU df000 / HCA 9 (distance 4 <= 4), read 0
dgx052:189:391 [7] NCCL INFO New proxy recv connection 13 from local rank 7, transport 2
dgx052:189:399 [7] NCCL INFO Connected to proxy localRank 7 -> connection 0x7f69b4005558
dgx052:188:406 [6] NCCL INFO Channel 12/0 : 14[6] -> 6[6] [receive] via NET/IBext_v8/8/GDRDMA
dgx052:188:406 [6] NCCL INFO GPU Direct RDMA Enabled for GPU d1000 / HCA 8 (distance 4 <= 4), read 0
dgx052:189:391 [7] NCCL INFO NET/IB : GPU Direct RDMA (DMABUF) enabled for HCA 9 'mlx5_11
dgx052:189:399 [7] NCCL INFO Channel 13/0 : 15[7] -> 7[7] [receive] via NET/IBext_v8/9/GDRDMA
dgx052:189:399 [7] NCCL INFO GPU Direct RDMA Enabled for GPU df000 / HCA 9 (distance 4 <= 4), read 0
dgx052:189:391 [7] NCCL INFO New proxy recv connection 14 from local rank 7, transport 2
dgx052:188:393 [6] NCCL INFO New proxy recv connection 13 from local rank 6, transport 2
dgx052:189:399 [7] NCCL INFO Connected to proxy localRank 7 -> connection 0x7f69b40055d0
dgx052:188:406 [6] NCCL INFO Connected to proxy localRank 6 -> connection 0x7fa790005558
dgx052:189:391 [7] NCCL INFO NET/IB : GPU Direct RDMA (DMABUF) enabled for HCA 9 'mlx5_11
dgx052:189:399 [7] NCCL INFO Channel 14/0 : 15[7] -> 7[7] [receive] via NET/IBext_v8/9/GDRDMA
dgx052:189:399 [7] NCCL INFO GPU Direct RDMA Enabled for GPU df000 / HCA 9 (distance 4 <= 4), read 0
dgx052:189:391 [7] NCCL INFO New proxy recv connection 15 from local rank 7, transport 2
dgx052:189:399 [7] NCCL INFO Connected to proxy localRank 7 -> connection 0x7f69b4005648
dgx052:189:391 [7] NCCL INFO NET/IB : GPU Direct RDMA (DMABUF) enabled for HCA 9 'mlx5_11
dgx052:189:399 [7] NCCL INFO Channel 15/0 : 15[7] -> 7[7] [receive] via NET/IBext_v8/9/GDRDMA
dgx052:189:399 [7] NCCL INFO GPU Direct RDMA Enabled for GPU df000 / HCA 9 (distance 4 <= 4), read 0
dgx052:189:391 [7] NCCL INFO New proxy recv connection 16 from local rank 7, transport 2
dgx052:189:399 [7] NCCL INFO Connected to proxy localRank 7 -> connection 0x7f69b40056c0
dgx052:188:393 [6] NCCL INFO NET/IB : GPU Direct RDMA (DMABUF) enabled for HCA 8 'mlx5_10
dgx052:189:391 [7] NCCL INFO NET/IB : GPU Direct RDMA (DMABUF) enabled for HCA 9 'mlx5_11
dgx052:186:395 [4] NCCL INFO NET/IB: NCCL Dev 5 IbDev 5 Port 1 qpn 3239 mtu 5 LID 415 subnet-prefix 33022  FLID 0 fifoRkey=0x1533f1 fifoLkey=0x1533f1
dgx052:186:395 [4] NCCL INFO NET/IB: NCCL Dev 5 IbDev 5 Port 1 qpn 3240 mtu 5 LID 415 subnet-prefix 33022  FLID 0 fifoRkey=0x1533f1 fifoLkey=0x1533f1
dgx052:186:395 [4] NCCL INFO NET/IB: NCCL Dev 5 IbDev 5 Port 1 qpn 3241 mtu 5 LID 415 subnet-prefix 33022  FLID 0 fifoRkey=0x1533f1 fifoLkey=0x1533f1
dgx052:186:395 [4] NCCL INFO NET/IB: NCCL Dev 5 IbDev 5 Port 1 qpn 3242 mtu 5 LID 415 subnet-prefix 33022  FLID 0 fifoRkey=0x1533f1 fifoLkey=0x1533f1
dgx052:186:395 [4] NCCL INFO NET/IB: NCCL Dev 5 IbDev 5 Port 1 qpn 3243 mtu 5 LID 415 subnet-prefix 33022  FLID 0 fifoRkey=0x1533f1 fifoLkey=0x1533f1
dgx052:186:395 [4] NCCL INFO NET/IB: NCCL Dev 5 IbDev 5 Port 1 qpn 3244 mtu 5 LID 415 subnet-prefix 33022  FLID 0 fifoRkey=0x1533f1 fifoLkey=0x1533f1
dgx052:186:395 [4] NCCL INFO NET/IB: NCCL Dev 5 IbDev 5 Port 1 qpn 3245 mtu 5 LID 415 subnet-prefix 33022  FLID 0 fifoRkey=0x1533f1 fifoLkey=0x1533f1
dgx052:186:395 [4] NCCL INFO NET/IB: NCCL Dev 5 IbDev 5 Port 1 qpn 3246 mtu 5 LID 415 subnet-prefix 33022  FLID 0 fifoRkey=0x1533f1 fifoLkey=0x1533f1
dgx052:189:399 [7] NCCL INFO Channel 16/0 : 15[7] -> 7[7] [receive] via NET/IBext_v8/9/GDRDMA
dgx052:189:399 [7] NCCL INFO GPU Direct RDMA Enabled for GPU df000 / HCA 9 (distance 4 <= 4), read 0
dgx052:189:391 [7] NCCL INFO New proxy recv connection 17 from local rank 7, transport 2
dgx052:189:399 [7] NCCL INFO Connected to proxy localRank 7 -> connection 0x7f69b4005738
dgx052:188:406 [6] NCCL INFO Channel 13/0 : 14[6] -> 6[6] [receive] via NET/IBext_v8/8/GDRDMA
dgx052:188:406 [6] NCCL INFO GPU Direct RDMA Enabled for GPU d1000 / HCA 8 (distance 4 <= 4), read 0
dgx052:189:391 [7] NCCL INFO NET/IB : GPU Direct RDMA (DMABUF) enabled for HCA 9 'mlx5_11
dgx052:189:399 [7] NCCL INFO Channel 17/0 : 15[7] -> 7[7] [receive] via NET/IBext_v8/9/GDRDMA
dgx052:189:399 [7] NCCL INFO GPU Direct RDMA Enabled for GPU df000 / HCA 9 (distance 4 <= 4), read 0
dgx052:189:391 [7] NCCL INFO New proxy recv connection 18 from local rank 7, transport 2
dgx052:188:393 [6] NCCL INFO New proxy recv connection 14 from local rank 6, transport 2
dgx052:189:399 [7] NCCL INFO Connected to proxy localRank 7 -> connection 0x7f69b40057b0
dgx052:188:406 [6] NCCL INFO Connected to proxy localRank 6 -> connection 0x7fa7900055d0
dgx052:189:391 [7] NCCL INFO NET/IB : GPU Direct RDMA (DMABUF) enabled for HCA 9 'mlx5_11
dgx052:189:399 [7] NCCL INFO Channel 18/0 : 15[7] -> 7[7] [receive] via NET/IBext_v8/9/GDRDMA
dgx052:189:399 [7] NCCL INFO GPU Direct RDMA Enabled for GPU df000 / HCA 9 (distance 4 <= 4), read 0
dgx052:189:391 [7] NCCL INFO New proxy recv connection 19 from local rank 7, transport 2
dgx052:189:399 [7] NCCL INFO Connected to proxy localRank 7 -> connection 0x7f69b4005828
dgx052:189:391 [7] NCCL INFO NET/IB : GPU Direct RDMA (DMABUF) enabled for HCA 9 'mlx5_11
dgx052:189:399 [7] NCCL INFO Channel 19/0 : 15[7] -> 7[7] [receive] via NET/IBext_v8/9/GDRDMA
dgx052:189:399 [7] NCCL INFO GPU Direct RDMA Enabled for GPU df000 / HCA 9 (distance 4 <= 4), read 0
dgx052:189:391 [7] NCCL INFO New proxy recv connection 20 from local rank 7, transport 2
dgx052:189:399 [7] NCCL INFO Connected to proxy localRank 7 -> connection 0x7f69b40058a0
dgx052:189:391 [7] NCCL INFO NET/IB : GPU Direct RDMA (DMABUF) enabled for HCA 9 'mlx5_11
dgx052:189:399 [7] NCCL INFO Channel 20/0 : 15[7] -> 7[7] [receive] via NET/IBext_v8/9/GDRDMA
dgx052:189:399 [7] NCCL INFO GPU Direct RDMA Enabled for GPU df000 / HCA 9 (distance 4 <= 4), read 0
dgx052:189:391 [7] NCCL INFO New proxy recv connection 21 from local rank 7, transport 2
dgx052:189:399 [7] NCCL INFO Connected to proxy localRank 7 -> connection 0x7f69b4005918
dgx052:189:391 [7] NCCL INFO NET/IB : GPU Direct RDMA (DMABUF) enabled for HCA 9 'mlx5_11
dgx052:188:393 [6] NCCL INFO NET/IB : GPU Direct RDMA (DMABUF) enabled for HCA 8 'mlx5_10
dgx052:189:399 [7] NCCL INFO Channel 21/0 : 15[7] -> 7[7] [receive] via NET/IBext_v8/9/GDRDMA
dgx052:189:399 [7] NCCL INFO GPU Direct RDMA Enabled for GPU df000 / HCA 9 (distance 4 <= 4), read 0
dgx052:189:391 [7] NCCL INFO New proxy recv connection 22 from local rank 7, transport 2
dgx052:189:399 [7] NCCL INFO Connected to proxy localRank 7 -> connection 0x7f69b4005990
dgx052:188:406 [6] NCCL INFO Channel 14/0 : 14[6] -> 6[6] [receive] via NET/IBext_v8/8/GDRDMA
dgx052:188:406 [6] NCCL INFO GPU Direct RDMA Enabled for GPU d1000 / HCA 8 (distance 4 <= 4), read 0
dgx052:189:391 [7] NCCL INFO NET/IB : GPU Direct RDMA (DMABUF) enabled for HCA 9 'mlx5_11
dgx052:189:399 [7] NCCL INFO Channel 22/0 : 15[7] -> 7[7] [receive] via NET/IBext_v8/9/GDRDMA
dgx052:189:399 [7] NCCL INFO GPU Direct RDMA Enabled for GPU df000 / HCA 9 (distance 4 <= 4), read 0
dgx052:189:391 [7] NCCL INFO New proxy recv connection 23 from local rank 7, transport 2
dgx052:189:399 [7] NCCL INFO Connected to proxy localRank 7 -> connection 0x7f69b4005a08
dgx052:189:391 [7] NCCL INFO NET/IB : GPU Direct RDMA (DMABUF) enabled for HCA 9 'mlx5_11
dgx052:189:399 [7] NCCL INFO Channel 23/0 : 15[7] -> 7[7] [receive] via NET/IBext_v8/9/GDRDMA
dgx052:189:399 [7] NCCL INFO GPU Direct RDMA Enabled for GPU df000 / HCA 9 (distance 4 <= 4), read 0
dgx052:189:391 [7] NCCL INFO New proxy recv connection 24 from local rank 7, transport 2
dgx052:189:399 [7] NCCL INFO Connected to proxy localRank 7 -> connection 0x7f69b4005a80
dgx052:189:391 [7] NCCL INFO NET/IB : GPU Direct RDMA (DMABUF) enabled for HCA 9 'mlx5_11
dgx052:189:399 [7] NCCL INFO Channel 24/0 : 15[7] -> 7[7] [receive] via NET/IBext_v8/9/GDRDMA
dgx052:189:399 [7] NCCL INFO GPU Direct RDMA Enabled for GPU df000 / HCA 9 (distance 4 <= 4), read 0
dgx052:189:391 [7] NCCL INFO New proxy recv connection 25 from local rank 7, transport 2
dgx052:189:399 [7] NCCL INFO Connected to proxy localRank 7 -> connection 0x7f69b4005af8
dgx052:188:393 [6] NCCL INFO New proxy recv connection 15 from local rank 6, transport 2
dgx052:189:391 [7] NCCL INFO NET/IB : GPU Direct RDMA (DMABUF) enabled for HCA 9 'mlx5_11
dgx052:189:399 [7] NCCL INFO Channel 25/0 : 15[7] -> 7[7] [receive] via NET/IBext_v8/9/GDRDMA
dgx052:189:399 [7] NCCL INFO GPU Direct RDMA Enabled for GPU df000 / HCA 9 (distance 4 <= 4), read 0
dgx052:188:406 [6] NCCL INFO Connected to proxy localRank 6 -> connection 0x7fa790005648
dgx052:189:391 [7] NCCL INFO New proxy recv connection 26 from local rank 7, transport 2
dgx052:189:399 [7] NCCL INFO Connected to proxy localRank 7 -> connection 0x7f69b4005b70
dgx052:189:391 [7] NCCL INFO NET/IB : GPU Direct RDMA (DMABUF) enabled for HCA 9 'mlx5_11
dgx052:189:399 [7] NCCL INFO Channel 26/0 : 15[7] -> 7[7] [receive] via NET/IBext_v8/9/GDRDMA
dgx052:189:399 [7] NCCL INFO GPU Direct RDMA Enabled for GPU df000 / HCA 9 (distance 4 <= 4), read 0
dgx052:189:391 [7] NCCL INFO New proxy recv connection 27 from local rank 7, transport 2
dgx052:189:399 [7] NCCL INFO Connected to proxy localRank 7 -> connection 0x7f69b4005be8
dgx052:189:391 [7] NCCL INFO NET/IB : GPU Direct RDMA (DMABUF) enabled for HCA 9 'mlx5_11
dgx052:189:399 [7] NCCL INFO Channel 27/0 : 15[7] -> 7[7] [receive] via NET/IBext_v8/9/GDRDMA
dgx052:189:399 [7] NCCL INFO GPU Direct RDMA Enabled for GPU df000 / HCA 9 (distance 4 <= 4), read 1
dgx052:189:391 [7] NCCL INFO New proxy send connection 28 from local rank 7, transport 2
dgx052:189:399 [7] NCCL INFO Connected to proxy localRank 7 -> connection 0x7f69b4005c60
dgx052:189:391 [7] NCCL INFO NET/IB : GPU Direct RDMA (DMABUF) enabled for HCA 9 'mlx5_11
dgx052:189:399 [7] NCCL INFO Channel 00/0 : 7[7] -> 15[7] [send] via NET/IBext_v8/9/GDRDMA
dgx052:189:399 [7] NCCL INFO GPU Direct RDMA Enabled for GPU df000 / HCA 9 (distance 4 <= 4), read 1
dgx052:189:391 [7] NCCL INFO New proxy send connection 29 from local rank 7, transport 2
dgx052:189:399 [7] NCCL INFO Connected to proxy localRank 7 -> connection 0x7f69b4005cd8
dgx052:186:395 [4] NCCL INFO NCCL_IB_TIMEOUT set by environment to 22.
dgx052:188:393 [6] NCCL INFO NET/IB : GPU Direct RDMA (DMABUF) enabled for HCA 8 'mlx5_10
dgx052:189:391 [7] NCCL INFO NET/IB : GPU Direct RDMA (DMABUF) enabled for HCA 9 'mlx5_11
dgx052:189:399 [7] NCCL INFO Channel 01/0 : 7[7] -> 15[7] [send] via NET/IBext_v8/9/GDRDMA
dgx052:189:399 [7] NCCL INFO GPU Direct RDMA Enabled for GPU df000 / HCA 9 (distance 4 <= 4), read 1
dgx052:189:391 [7] NCCL INFO New proxy send connection 30 from local rank 7, transport 2
dgx052:189:399 [7] NCCL INFO Connected to proxy localRank 7 -> connection 0x7f69b4005d50
dgx052:188:406 [6] NCCL INFO Channel 15/0 : 14[6] -> 6[6] [receive] via NET/IBext_v8/8/GDRDMA
dgx052:188:406 [6] NCCL INFO GPU Direct RDMA Enabled for GPU d1000 / HCA 8 (distance 4 <= 4), read 0
dgx052:189:391 [7] NCCL INFO NET/IB : GPU Direct RDMA (DMABUF) enabled for HCA 9 'mlx5_11
dgx052:189:399 [7] NCCL INFO Channel 02/0 : 7[7] -> 15[7] [send] via NET/IBext_v8/9/GDRDMA
dgx052:189:399 [7] NCCL INFO GPU Direct RDMA Enabled for GPU df000 / HCA 9 (distance 4 <= 4), read 1
dgx052:189:391 [7] NCCL INFO New proxy send connection 31 from local rank 7, transport 2
dgx052:189:399 [7] NCCL INFO Connected to proxy localRank 7 -> connection 0x7f69b4005dc8
dgx052:188:393 [6] NCCL INFO New proxy recv connection 16 from local rank 6, transport 2
dgx052:189:391 [7] NCCL INFO NET/IB : GPU Direct RDMA (DMABUF) enabled for HCA 9 'mlx5_11
dgx052:189:399 [7] NCCL INFO Channel 03/0 : 7[7] -> 15[7] [send] via NET/IBext_v8/9/GDRDMA
dgx052:189:399 [7] NCCL INFO GPU Direct RDMA Enabled for GPU df000 / HCA 9 (distance 4 <= 4), read 1
dgx052:188:406 [6] NCCL INFO Connected to proxy localRank 6 -> connection 0x7fa7900056c0
dgx052:189:391 [7] NCCL INFO New proxy send connection 32 from local rank 7, transport 2
dgx052:189:399 [7] NCCL INFO Connected to proxy localRank 7 -> connection 0x7f69b4005e40
dgx052:189:391 [7] NCCL INFO NET/IB : GPU Direct RDMA (DMABUF) enabled for HCA 9 'mlx5_11
dgx052:189:399 [7] NCCL INFO Channel 04/0 : 7[7] -> 15[7] [send] via NET/IBext_v8/9/GDRDMA
dgx052:189:399 [7] NCCL INFO GPU Direct RDMA Enabled for GPU df000 / HCA 9 (distance 4 <= 4), read 1
dgx052:189:391 [7] NCCL INFO New proxy send connection 33 from local rank 7, transport 2
dgx052:188:393 [6] NCCL INFO NET/IB : GPU Direct RDMA (DMABUF) enabled for HCA 8 'mlx5_10
dgx052:185:383 [3] NCCL INFO NET/IB: NCCL Dev 4 IbDev 4 Port 1 qpn 3231 mtu 5 LID 417 subnet-prefix 33022  FLID 0 fifoRkey=0x162fed fifoLkey=0x162fed
dgx052:189:399 [7] NCCL INFO Connected to proxy localRank 7 -> connection 0x7f69b4005eb8
dgx052:185:383 [3] NCCL INFO NET/IB: NCCL Dev 4 IbDev 4 Port 1 qpn 3232 mtu 5 LID 417 subnet-prefix 33022  FLID 0 fifoRkey=0x162fed fifoLkey=0x162fed
dgx052:185:383 [3] NCCL INFO NET/IB: NCCL Dev 4 IbDev 4 Port 1 qpn 3233 mtu 5 LID 417 subnet-prefix 33022  FLID 0 fifoRkey=0x162fed fifoLkey=0x162fed
dgx052:185:383 [3] NCCL INFO NET/IB: NCCL Dev 4 IbDev 4 Port 1 qpn 3234 mtu 5 LID 417 subnet-prefix 33022  FLID 0 fifoRkey=0x162fed fifoLkey=0x162fed
dgx052:185:383 [3] NCCL INFO NET/IB: NCCL Dev 4 IbDev 4 Port 1 qpn 3235 mtu 5 LID 417 subnet-prefix 33022  FLID 0 fifoRkey=0x162fed fifoLkey=0x162fed
dgx052:185:383 [3] NCCL INFO NET/IB: NCCL Dev 4 IbDev 4 Port 1 qpn 3236 mtu 5 LID 417 subnet-prefix 33022  FLID 0 fifoRkey=0x162fed fifoLkey=0x162fed
dgx052:185:383 [3] NCCL INFO NET/IB: NCCL Dev 4 IbDev 4 Port 1 qpn 3237 mtu 5 LID 417 subnet-prefix 33022  FLID 0 fifoRkey=0x162fed fifoLkey=0x162fed
dgx052:185:383 [3] NCCL INFO NET/IB: NCCL Dev 4 IbDev 4 Port 1 qpn 3238 mtu 5 LID 417 subnet-prefix 33022  FLID 0 fifoRkey=0x162fed fifoLkey=0x162fed
dgx052:189:391 [7] NCCL INFO NET/IB : GPU Direct RDMA (DMABUF) enabled for HCA 9 'mlx5_11
dgx052:188:406 [6] NCCL INFO Channel 16/0 : 14[6] -> 6[6] [receive] via NET/IBext_v8/8/GDRDMA
dgx052:188:406 [6] NCCL INFO GPU Direct RDMA Enabled for GPU d1000 / HCA 8 (distance 4 <= 4), read 0
dgx052:189:399 [7] NCCL INFO Channel 05/0 : 7[7] -> 15[7] [send] via NET/IBext_v8/9/GDRDMA
dgx052:189:399 [7] NCCL INFO GPU Direct RDMA Enabled for GPU df000 / HCA 9 (distance 4 <= 4), read 1
dgx052:189:391 [7] NCCL INFO New proxy send connection 34 from local rank 7, transport 2
dgx052:189:399 [7] NCCL INFO Connected to proxy localRank 7 -> connection 0x7f69b4005f30
dgx052:188:393 [6] NCCL INFO New proxy recv connection 17 from local rank 6, transport 2
dgx052:189:391 [7] NCCL INFO NET/IB : GPU Direct RDMA (DMABUF) enabled for HCA 9 'mlx5_11
dgx052:189:399 [7] NCCL INFO Channel 06/0 : 7[7] -> 15[7] [send] via NET/IBext_v8/9/GDRDMA
dgx052:189:399 [7] NCCL INFO GPU Direct RDMA Enabled for GPU df000 / HCA 9 (distance 4 <= 4), read 1
dgx052:188:406 [6] NCCL INFO Connected to proxy localRank 6 -> connection 0x7fa790005738
dgx052:189:391 [7] NCCL INFO New proxy send connection 35 from local rank 7, transport 2
dgx052:189:399 [7] NCCL INFO Connected to proxy localRank 7 -> connection 0x7f69b4005fa8
dgx052:189:391 [7] NCCL INFO NET/IB : GPU Direct RDMA (DMABUF) enabled for HCA 9 'mlx5_11
dgx052:189:399 [7] NCCL INFO Channel 07/0 : 7[7] -> 15[7] [send] via NET/IBext_v8/9/GDRDMA
dgx052:189:399 [7] NCCL INFO GPU Direct RDMA Enabled for GPU df000 / HCA 9 (distance 4 <= 4), read 1
dgx052:188:393 [6] NCCL INFO NET/IB : GPU Direct RDMA (DMABUF) enabled for HCA 8 'mlx5_10
dgx052:189:391 [7] NCCL INFO New proxy send connection 36 from local rank 7, transport 2
dgx052:189:399 [7] NCCL INFO Connected to proxy localRank 7 -> connection 0x7f69b4006020
dgx052:188:406 [6] NCCL INFO Channel 17/0 : 14[6] -> 6[6] [receive] via NET/IBext_v8/8/GDRDMA
dgx052:188:406 [6] NCCL INFO GPU Direct RDMA Enabled for GPU d1000 / HCA 8 (distance 4 <= 4), read 0
dgx052:189:391 [7] NCCL INFO NET/IB : GPU Direct RDMA (DMABUF) enabled for HCA 9 'mlx5_11
dgx052:189:399 [7] NCCL INFO Channel 08/0 : 7[7] -> 15[7] [send] via NET/IBext_v8/9/GDRDMA
dgx052:189:399 [7] NCCL INFO GPU Direct RDMA Enabled for GPU df000 / HCA 9 (distance 4 <= 4), read 1
dgx052:189:391 [7] NCCL INFO New proxy send connection 37 from local rank 7, transport 2
dgx052:189:399 [7] NCCL INFO Connected to proxy localRank 7 -> connection 0x7f69b4006098
dgx052:189:391 [7] NCCL INFO NET/IB : GPU Direct RDMA (DMABUF) enabled for HCA 9 'mlx5_11
dgx052:189:399 [7] NCCL INFO Channel 09/0 : 7[7] -> 15[7] [send] via NET/IBext_v8/9/GDRDMA
dgx052:189:399 [7] NCCL INFO GPU Direct RDMA Enabled for GPU df000 / HCA 9 (distance 4 <= 4), read 1
dgx052:189:391 [7] NCCL INFO New proxy send connection 38 from local rank 7, transport 2
dgx052:189:399 [7] NCCL INFO Connected to proxy localRank 7 -> connection 0x7f69b4006110
dgx052:189:391 [7] NCCL INFO NET/IB : GPU Direct RDMA (DMABUF) enabled for HCA 9 'mlx5_11
dgx052:189:399 [7] NCCL INFO Channel 10/0 : 7[7] -> 15[7] [send] via NET/IBext_v8/9/GDRDMA
dgx052:189:399 [7] NCCL INFO GPU Direct RDMA Enabled for GPU df000 / HCA 9 (distance 4 <= 4), read 1
dgx052:189:391 [7] NCCL INFO New proxy send connection 39 from local rank 7, transport 2
dgx052:189:399 [7] NCCL INFO Connected to proxy localRank 7 -> connection 0x7f69b4006188
dgx052:189:391 [7] NCCL INFO NET/IB : GPU Direct RDMA (DMABUF) enabled for HCA 9 'mlx5_11
dgx052:189:399 [7] NCCL INFO Channel 11/0 : 7[7] -> 15[7] [send] via NET/IBext_v8/9/GDRDMA
dgx052:189:399 [7] NCCL INFO GPU Direct RDMA Enabled for GPU df000 / HCA 9 (distance 4 <= 4), read 1
dgx052:189:391 [7] NCCL INFO New proxy send connection 40 from local rank 7, transport 2
dgx052:189:399 [7] NCCL INFO Connected to proxy localRank 7 -> connection 0x7f69b4006200
dgx052:188:393 [6] NCCL INFO New proxy recv connection 18 from local rank 6, transport 2
dgx052:189:391 [7] NCCL INFO NET/IB : GPU Direct RDMA (DMABUF) enabled for HCA 9 'mlx5_11
dgx052:189:399 [7] NCCL INFO Channel 12/0 : 7[7] -> 15[7] [send] via NET/IBext_v8/9/GDRDMA
dgx052:189:399 [7] NCCL INFO GPU Direct RDMA Enabled for GPU df000 / HCA 9 (distance 4 <= 4), read 1
dgx052:188:406 [6] NCCL INFO Connected to proxy localRank 6 -> connection 0x7fa7900057b0
dgx052:189:391 [7] NCCL INFO New proxy send connection 41 from local rank 7, transport 2
dgx052:189:399 [7] NCCL INFO Connected to proxy localRank 7 -> connection 0x7f69b4006278
dgx052:189:391 [7] NCCL INFO NET/IB : GPU Direct RDMA (DMABUF) enabled for HCA 9 'mlx5_11
dgx052:189:399 [7] NCCL INFO Channel 13/0 : 7[7] -> 15[7] [send] via NET/IBext_v8/9/GDRDMA
dgx052:189:399 [7] NCCL INFO GPU Direct RDMA Enabled for GPU df000 / HCA 9 (distance 4 <= 4), read 1
dgx052:189:391 [7] NCCL INFO New proxy send connection 42 from local rank 7, transport 2
dgx052:189:399 [7] NCCL INFO Connected to proxy localRank 7 -> connection 0x7f69b40062f0
dgx052:189:391 [7] NCCL INFO NET/IB : GPU Direct RDMA (DMABUF) enabled for HCA 9 'mlx5_11
dgx052:189:399 [7] NCCL INFO Channel 14/0 : 7[7] -> 15[7] [send] via NET/IBext_v8/9/GDRDMA
dgx052:189:399 [7] NCCL INFO GPU Direct RDMA Enabled for GPU df000 / HCA 9 (distance 4 <= 4), read 1
dgx052:189:391 [7] NCCL INFO New proxy send connection 43 from local rank 7, transport 2
dgx052:189:399 [7] NCCL INFO Connected to proxy localRank 7 -> connection 0x7f69b4006368
dgx052:189:391 [7] NCCL INFO NET/IB : GPU Direct RDMA (DMABUF) enabled for HCA 9 'mlx5_11
dgx052:189:399 [7] NCCL INFO Channel 15/0 : 7[7] -> 15[7] [send] via NET/IBext_v8/9/GDRDMA
dgx052:189:399 [7] NCCL INFO GPU Direct RDMA Enabled for GPU df000 / HCA 9 (distance 4 <= 4), read 1
dgx052:189:391 [7] NCCL INFO New proxy send connection 44 from local rank 7, transport 2
dgx052:189:399 [7] NCCL INFO Connected to proxy localRank 7 -> connection 0x7f69b40063e0
dgx052:189:391 [7] NCCL INFO NET/IB : GPU Direct RDMA (DMABUF) enabled for HCA 9 'mlx5_11
dgx052:189:399 [7] NCCL INFO Channel 16/0 : 7[7] -> 15[7] [send] via NET/IBext_v8/9/GDRDMA
dgx052:189:399 [7] NCCL INFO GPU Direct RDMA Enabled for GPU df000 / HCA 9 (distance 4 <= 4), read 1
dgx052:188:393 [6] NCCL INFO NET/IB : GPU Direct RDMA (DMABUF) enabled for HCA 8 'mlx5_10
dgx052:189:391 [7] NCCL INFO New proxy send connection 45 from local rank 7, transport 2
dgx052:189:399 [7] NCCL INFO Connected to proxy localRank 7 -> connection 0x7f69b4006458
dgx052:189:391 [7] NCCL INFO NET/IB : GPU Direct RDMA (DMABUF) enabled for HCA 9 'mlx5_11
dgx052:188:406 [6] NCCL INFO Channel 18/0 : 14[6] -> 6[6] [receive] via NET/IBext_v8/8/GDRDMA
dgx052:188:406 [6] NCCL INFO GPU Direct RDMA Enabled for GPU d1000 / HCA 8 (distance 4 <= 4), read 0
dgx052:189:399 [7] NCCL INFO Channel 17/0 : 7[7] -> 15[7] [send] via NET/IBext_v8/9/GDRDMA
dgx052:189:399 [7] NCCL INFO GPU Direct RDMA Enabled for GPU df000 / HCA 9 (distance 4 <= 4), read 1
dgx052:189:391 [7] NCCL INFO New proxy send connection 46 from local rank 7, transport 2
dgx052:188:393 [6] NCCL INFO New proxy recv connection 19 from local rank 6, transport 2
dgx052:189:399 [7] NCCL INFO Connected to proxy localRank 7 -> connection 0x7f69b40064d0
dgx052:188:406 [6] NCCL INFO Connected to proxy localRank 6 -> connection 0x7fa790005828
dgx052:189:391 [7] NCCL INFO NET/IB : GPU Direct RDMA (DMABUF) enabled for HCA 9 'mlx5_11
dgx052:189:399 [7] NCCL INFO Channel 18/0 : 7[7] -> 15[7] [send] via NET/IBext_v8/9/GDRDMA
dgx052:189:399 [7] NCCL INFO GPU Direct RDMA Enabled for GPU df000 / HCA 9 (distance 4 <= 4), read 1
dgx052:189:391 [7] NCCL INFO New proxy send connection 47 from local rank 7, transport 2
dgx052:188:393 [6] NCCL INFO NET/IB : GPU Direct RDMA (DMABUF) enabled for HCA 8 'mlx5_10
dgx052:189:399 [7] NCCL INFO Connected to proxy localRank 7 -> connection 0x7f69b4006548
dgx052:189:391 [7] NCCL INFO NET/IB : GPU Direct RDMA (DMABUF) enabled for HCA 9 'mlx5_11
dgx052:188:406 [6] NCCL INFO Channel 19/0 : 14[6] -> 6[6] [receive] via NET/IBext_v8/8/GDRDMA
dgx052:188:406 [6] NCCL INFO GPU Direct RDMA Enabled for GPU d1000 / HCA 8 (distance 4 <= 4), read 0
dgx052:189:399 [7] NCCL INFO Channel 19/0 : 7[7] -> 15[7] [send] via NET/IBext_v8/9/GDRDMA
dgx052:189:399 [7] NCCL INFO GPU Direct RDMA Enabled for GPU df000 / HCA 9 (distance 4 <= 4), read 1
dgx052:189:391 [7] NCCL INFO New proxy send connection 48 from local rank 7, transport 2
dgx052:189:399 [7] NCCL INFO Connected to proxy localRank 7 -> connection 0x7f69b40065c0
dgx052:188:393 [6] NCCL INFO New proxy recv connection 20 from local rank 6, transport 2
dgx052:188:406 [6] NCCL INFO Connected to proxy localRank 6 -> connection 0x7fa7900058a0
dgx052:189:391 [7] NCCL INFO NET/IB : GPU Direct RDMA (DMABUF) enabled for HCA 9 'mlx5_11
dgx052:189:399 [7] NCCL INFO Channel 20/0 : 7[7] -> 15[7] [send] via NET/IBext_v8/9/GDRDMA
dgx052:189:399 [7] NCCL INFO GPU Direct RDMA Enabled for GPU df000 / HCA 9 (distance 4 <= 4), read 1
dgx052:189:391 [7] NCCL INFO New proxy send connection 49 from local rank 7, transport 2
dgx052:189:399 [7] NCCL INFO Connected to proxy localRank 7 -> connection 0x7f69b4006638
dgx052:182:387 [0] NCCL INFO NET/IB: NCCL Dev 0 IbDev 0 Port 1 qpn 3239 mtu 5 LID 412 subnet-prefix 33022  FLID 0 fifoRkey=0x182eec fifoLkey=0x182eec
dgx052:188:393 [6] NCCL INFO NET/IB : GPU Direct RDMA (DMABUF) enabled for HCA 8 'mlx5_10
dgx052:182:387 [0] NCCL INFO NET/IB: NCCL Dev 0 IbDev 0 Port 1 qpn 3240 mtu 5 LID 412 subnet-prefix 33022  FLID 0 fifoRkey=0x182eec fifoLkey=0x182eec
dgx052:182:387 [0] NCCL INFO NET/IB: NCCL Dev 0 IbDev 0 Port 1 qpn 3241 mtu 5 LID 412 subnet-prefix 33022  FLID 0 fifoRkey=0x182eec fifoLkey=0x182eec
dgx052:182:387 [0] NCCL INFO NET/IB: NCCL Dev 0 IbDev 0 Port 1 qpn 3242 mtu 5 LID 412 subnet-prefix 33022  FLID 0 fifoRkey=0x182eec fifoLkey=0x182eec
dgx052:182:387 [0] NCCL INFO NET/IB: NCCL Dev 0 IbDev 0 Port 1 qpn 3243 mtu 5 LID 412 subnet-prefix 33022  FLID 0 fifoRkey=0x182eec fifoLkey=0x182eec
dgx052:182:387 [0] NCCL INFO NET/IB: NCCL Dev 0 IbDev 0 Port 1 qpn 3244 mtu 5 LID 412 subnet-prefix 33022  FLID 0 fifoRkey=0x182eec fifoLkey=0x182eec
dgx052:182:387 [0] NCCL INFO NET/IB: NCCL Dev 0 IbDev 0 Port 1 qpn 3245 mtu 5 LID 412 subnet-prefix 33022  FLID 0 fifoRkey=0x182eec fifoLkey=0x182eec
dgx052:182:387 [0] NCCL INFO NET/IB: NCCL Dev 0 IbDev 0 Port 1 qpn 3246 mtu 5 LID 412 subnet-prefix 33022  FLID 0 fifoRkey=0x182eec fifoLkey=0x182eec
dgx052:189:391 [7] NCCL INFO NET/IB : GPU Direct RDMA (DMABUF) enabled for HCA 9 'mlx5_11
dgx052:189:399 [7] NCCL INFO Channel 21/0 : 7[7] -> 15[7] [send] via NET/IBext_v8/9/GDRDMA
dgx052:189:399 [7] NCCL INFO GPU Direct RDMA Enabled for GPU df000 / HCA 9 (distance 4 <= 4), read 1
dgx052:188:406 [6] NCCL INFO Channel 20/0 : 14[6] -> 6[6] [receive] via NET/IBext_v8/8/GDRDMA
dgx052:188:406 [6] NCCL INFO GPU Direct RDMA Enabled for GPU d1000 / HCA 8 (distance 4 <= 4), read 0
dgx052:189:391 [7] NCCL INFO New proxy send connection 50 from local rank 7, transport 2
dgx052:189:399 [7] NCCL INFO Connected to proxy localRank 7 -> connection 0x7f69b40066b0
dgx052:188:393 [6] NCCL INFO New proxy recv connection 21 from local rank 6, transport 2
dgx052:188:406 [6] NCCL INFO Connected to proxy localRank 6 -> connection 0x7fa790005918
dgx052:189:391 [7] NCCL INFO NET/IB : GPU Direct RDMA (DMABUF) enabled for HCA 9 'mlx5_11
dgx052:189:399 [7] NCCL INFO Channel 22/0 : 7[7] -> 15[7] [send] via NET/IBext_v8/9/GDRDMA
dgx052:189:399 [7] NCCL INFO GPU Direct RDMA Enabled for GPU df000 / HCA 9 (distance 4 <= 4), read 1
dgx052:184:389 [2] NCCL INFO NET/IB: NCCL Dev 3 IbDev 3 Port 1 qpn 3231 mtu 5 LID 413 subnet-prefix 33022  FLID 0 fifoRkey=0x16be7c fifoLkey=0x16be7c
dgx052:184:389 [2] NCCL INFO NET/IB: NCCL Dev 3 IbDev 3 Port 1 qpn 3232 mtu 5 LID 413 subnet-prefix 33022  FLID 0 fifoRkey=0x16be7c fifoLkey=0x16be7c
dgx052:184:389 [2] NCCL INFO NET/IB: NCCL Dev 3 IbDev 3 Port 1 qpn 3233 mtu 5 LID 413 subnet-prefix 33022  FLID 0 fifoRkey=0x16be7c fifoLkey=0x16be7c
dgx052:184:389 [2] NCCL INFO NET/IB: NCCL Dev 3 IbDev 3 Port 1 qpn 3234 mtu 5 LID 413 subnet-prefix 33022  FLID 0 fifoRkey=0x16be7c fifoLkey=0x16be7c
dgx052:184:389 [2] NCCL INFO NET/IB: NCCL Dev 3 IbDev 3 Port 1 qpn 3235 mtu 5 LID 413 subnet-prefix 33022  FLID 0 fifoRkey=0x16be7c fifoLkey=0x16be7c
dgx052:184:389 [2] NCCL INFO NET/IB: NCCL Dev 3 IbDev 3 Port 1 qpn 3236 mtu 5 LID 413 subnet-prefix 33022  FLID 0 fifoRkey=0x16be7c fifoLkey=0x16be7c
dgx052:184:389 [2] NCCL INFO NET/IB: NCCL Dev 3 IbDev 3 Port 1 qpn 3237 mtu 5 LID 413 subnet-prefix 33022  FLID 0 fifoRkey=0x16be7c fifoLkey=0x16be7c
dgx052:184:389 [2] NCCL INFO NET/IB: NCCL Dev 3 IbDev 3 Port 1 qpn 3238 mtu 5 LID 413 subnet-prefix 33022  FLID 0 fifoRkey=0x16be7c fifoLkey=0x16be7c
dgx052:189:391 [7] NCCL INFO New proxy send connection 51 from local rank 7, transport 2
dgx052:188:393 [6] NCCL INFO NET/IB : GPU Direct RDMA (DMABUF) enabled for HCA 8 'mlx5_10
dgx052:189:399 [7] NCCL INFO Connected to proxy localRank 7 -> connection 0x7f69b4006728
dgx052:189:391 [7] NCCL INFO NET/IB : GPU Direct RDMA (DMABUF) enabled for HCA 9 'mlx5_11
dgx052:189:399 [7] NCCL INFO Channel 23/0 : 7[7] -> 15[7] [send] via NET/IBext_v8/9/GDRDMA
dgx052:189:399 [7] NCCL INFO GPU Direct RDMA Enabled for GPU df000 / HCA 9 (distance 4 <= 4), read 1
dgx052:188:406 [6] NCCL INFO Channel 21/0 : 14[6] -> 6[6] [receive] via NET/IBext_v8/8/GDRDMA
dgx052:188:406 [6] NCCL INFO GPU Direct RDMA Enabled for GPU d1000 / HCA 8 (distance 4 <= 4), read 0
dgx052:189:391 [7] NCCL INFO New proxy send connection 52 from local rank 7, transport 2
dgx052:189:399 [7] NCCL INFO Connected to proxy localRank 7 -> connection 0x7f69b40067a0
dgx052:188:393 [6] NCCL INFO New proxy recv connection 22 from local rank 6, transport 2
dgx052:189:391 [7] NCCL INFO NET/IB : GPU Direct RDMA (DMABUF) enabled for HCA 9 'mlx5_11
dgx052:188:406 [6] NCCL INFO Connected to proxy localRank 6 -> connection 0x7fa790005990
dgx052:189:399 [7] NCCL INFO Channel 24/0 : 7[7] -> 15[7] [send] via NET/IBext_v8/9/GDRDMA
dgx052:189:399 [7] NCCL INFO GPU Direct RDMA Enabled for GPU df000 / HCA 9 (distance 4 <= 4), read 1
dgx052:189:391 [7] NCCL INFO New proxy send connection 53 from local rank 7, transport 2
dgx052:188:393 [6] NCCL INFO NET/IB : GPU Direct RDMA (DMABUF) enabled for HCA 8 'mlx5_10
dgx052:189:399 [7] NCCL INFO Connected to proxy localRank 7 -> connection 0x7f69b4006818
dgx052:189:391 [7] NCCL INFO NET/IB : GPU Direct RDMA (DMABUF) enabled for HCA 9 'mlx5_11
dgx052:188:406 [6] NCCL INFO Channel 22/0 : 14[6] -> 6[6] [receive] via NET/IBext_v8/8/GDRDMA
dgx052:188:406 [6] NCCL INFO GPU Direct RDMA Enabled for GPU d1000 / HCA 8 (distance 4 <= 4), read 0
dgx052:189:399 [7] NCCL INFO Channel 25/0 : 7[7] -> 15[7] [send] via NET/IBext_v8/9/GDRDMA
dgx052:189:399 [7] NCCL INFO GPU Direct RDMA Enabled for GPU df000 / HCA 9 (distance 4 <= 4), read 1
dgx052:189:391 [7] NCCL INFO New proxy send connection 54 from local rank 7, transport 2
dgx052:188:393 [6] NCCL INFO New proxy recv connection 23 from local rank 6, transport 2
dgx052:189:399 [7] NCCL INFO Connected to proxy localRank 7 -> connection 0x7f69b4006890
dgx052:188:406 [6] NCCL INFO Connected to proxy localRank 6 -> connection 0x7fa790005a08
dgx052:189:391 [7] NCCL INFO NET/IB : GPU Direct RDMA (DMABUF) enabled for HCA 9 'mlx5_11
dgx052:189:399 [7] NCCL INFO Channel 26/0 : 7[7] -> 15[7] [send] via NET/IBext_v8/9/GDRDMA
dgx052:189:399 [7] NCCL INFO GPU Direct RDMA Enabled for GPU df000 / HCA 9 (distance 4 <= 4), read 1
dgx052:188:393 [6] NCCL INFO NET/IB : GPU Direct RDMA (DMABUF) enabled for HCA 8 'mlx5_10
dgx052:189:391 [7] NCCL INFO New proxy send connection 55 from local rank 7, transport 2
dgx052:189:399 [7] NCCL INFO Connected to proxy localRank 7 -> connection 0x7f69b4006908
dgx052:188:406 [6] NCCL INFO Channel 23/0 : 14[6] -> 6[6] [receive] via NET/IBext_v8/8/GDRDMA
dgx052:188:406 [6] NCCL INFO GPU Direct RDMA Enabled for GPU d1000 / HCA 8 (distance 4 <= 4), read 0
dgx052:189:391 [7] NCCL INFO NET/IB : GPU Direct RDMA (DMABUF) enabled for HCA 9 'mlx5_11
dgx052:189:399 [7] NCCL INFO Channel 27/0 : 7[7] -> 15[7] [send] via NET/IBext_v8/9/GDRDMA
dgx052:188:393 [6] NCCL INFO New proxy recv connection 24 from local rank 6, transport 2
dgx052:188:406 [6] NCCL INFO Connected to proxy localRank 6 -> connection 0x7fa790005a80
dgx052:188:393 [6] NCCL INFO NET/IB : GPU Direct RDMA (DMABUF) enabled for HCA 8 'mlx5_10
dgx052:188:406 [6] NCCL INFO Channel 24/0 : 14[6] -> 6[6] [receive] via NET/IBext_v8/8/GDRDMA
dgx052:188:406 [6] NCCL INFO GPU Direct RDMA Enabled for GPU d1000 / HCA 8 (distance 4 <= 4), read 0
dgx052:188:393 [6] NCCL INFO New proxy recv connection 25 from local rank 6, transport 2
dgx052:188:406 [6] NCCL INFO Connected to proxy localRank 6 -> connection 0x7fa790005af8
dgx052:183:397 [1] NCCL INFO NET/IB: NCCL Dev 2 IbDev 2 Port 1 qpn 3231 mtu 5 LID 414 subnet-prefix 33022  FLID 0 fifoRkey=0x145715 fifoLkey=0x145715
dgx052:183:397 [1] NCCL INFO NET/IB: NCCL Dev 2 IbDev 2 Port 1 qpn 3232 mtu 5 LID 414 subnet-prefix 33022  FLID 0 fifoRkey=0x145715 fifoLkey=0x145715
dgx052:183:397 [1] NCCL INFO NET/IB: NCCL Dev 2 IbDev 2 Port 1 qpn 3233 mtu 5 LID 414 subnet-prefix 33022  FLID 0 fifoRkey=0x145715 fifoLkey=0x145715
dgx052:183:397 [1] NCCL INFO NET/IB: NCCL Dev 2 IbDev 2 Port 1 qpn 3234 mtu 5 LID 414 subnet-prefix 33022  FLID 0 fifoRkey=0x145715 fifoLkey=0x145715
dgx052:183:397 [1] NCCL INFO NET/IB: NCCL Dev 2 IbDev 2 Port 1 qpn 3235 mtu 5 LID 414 subnet-prefix 33022  FLID 0 fifoRkey=0x145715 fifoLkey=0x145715
dgx052:183:397 [1] NCCL INFO NET/IB: NCCL Dev 2 IbDev 2 Port 1 qpn 3236 mtu 5 LID 414 subnet-prefix 33022  FLID 0 fifoRkey=0x145715 fifoLkey=0x145715
dgx052:183:397 [1] NCCL INFO NET/IB: NCCL Dev 2 IbDev 2 Port 1 qpn 3237 mtu 5 LID 414 subnet-prefix 33022  FLID 0 fifoRkey=0x145715 fifoLkey=0x145715
dgx052:183:397 [1] NCCL INFO NET/IB: NCCL Dev 2 IbDev 2 Port 1 qpn 3238 mtu 5 LID 414 subnet-prefix 33022  FLID 0 fifoRkey=0x145715 fifoLkey=0x145715
dgx052:188:393 [6] NCCL INFO NET/IB : GPU Direct RDMA (DMABUF) enabled for HCA 8 'mlx5_10
dgx052:188:406 [6] NCCL INFO Channel 25/0 : 14[6] -> 6[6] [receive] via NET/IBext_v8/8/GDRDMA
dgx052:188:406 [6] NCCL INFO GPU Direct RDMA Enabled for GPU d1000 / HCA 8 (distance 4 <= 4), read 0
dgx052:188:393 [6] NCCL INFO New proxy recv connection 26 from local rank 6, transport 2
dgx052:188:406 [6] NCCL INFO Connected to proxy localRank 6 -> connection 0x7fa790005b70
dgx052:188:393 [6] NCCL INFO NET/IB : GPU Direct RDMA (DMABUF) enabled for HCA 8 'mlx5_10
dgx052:188:406 [6] NCCL INFO Channel 26/0 : 14[6] -> 6[6] [receive] via NET/IBext_v8/8/GDRDMA
dgx052:188:406 [6] NCCL INFO GPU Direct RDMA Enabled for GPU d1000 / HCA 8 (distance 4 <= 4), read 0
dgx052:188:393 [6] NCCL INFO New proxy recv connection 27 from local rank 6, transport 2
dgx052:188:406 [6] NCCL INFO Connected to proxy localRank 6 -> connection 0x7fa790005be8
dgx052:188:393 [6] NCCL INFO NET/IB : GPU Direct RDMA (DMABUF) enabled for HCA 8 'mlx5_10
dgx052:188:406 [6] NCCL INFO Channel 27/0 : 14[6] -> 6[6] [receive] via NET/IBext_v8/8/GDRDMA
dgx052:188:406 [6] NCCL INFO GPU Direct RDMA Enabled for GPU d1000 / HCA 8 (distance 4 <= 4), read 1
dgx052:188:393 [6] NCCL INFO New proxy send connection 28 from local rank 6, transport 2
dgx052:188:406 [6] NCCL INFO Connected to proxy localRank 6 -> connection 0x7fa790005c60
dgx052:189:391 [7] NCCL INFO NCCL_IB_QPS_PER_CONNECTION set by environment to 8.
dgx052:188:393 [6] NCCL INFO NET/IB : GPU Direct RDMA (DMABUF) enabled for HCA 8 'mlx5_10
dgx052:188:406 [6] NCCL INFO Channel 00/0 : 6[6] -> 14[6] [send] via NET/IBext_v8/8/GDRDMA
dgx052:188:406 [6] NCCL INFO GPU Direct RDMA Enabled for GPU d1000 / HCA 8 (distance 4 <= 4), read 1
dgx052:188:393 [6] NCCL INFO New proxy send connection 29 from local rank 6, transport 2
dgx052:188:406 [6] NCCL INFO Connected to proxy localRank 6 -> connection 0x7fa790005cd8
dgx052:188:393 [6] NCCL INFO NET/IB : GPU Direct RDMA (DMABUF) enabled for HCA 8 'mlx5_10
dgx052:188:406 [6] NCCL INFO Channel 01/0 : 6[6] -> 14[6] [send] via NET/IBext_v8/8/GDRDMA
dgx052:188:406 [6] NCCL INFO GPU Direct RDMA Enabled for GPU d1000 / HCA 8 (distance 4 <= 4), read 1
dgx052:188:393 [6] NCCL INFO New proxy send connection 30 from local rank 6, transport 2
dgx052:188:406 [6] NCCL INFO Connected to proxy localRank 6 -> connection 0x7fa790005d50
dgx052:188:393 [6] NCCL INFO NET/IB : GPU Direct RDMA (DMABUF) enabled for HCA 8 'mlx5_10
dgx052:188:406 [6] NCCL INFO Channel 02/0 : 6[6] -> 14[6] [send] via NET/IBext_v8/8/GDRDMA
dgx052:188:406 [6] NCCL INFO GPU Direct RDMA Enabled for GPU d1000 / HCA 8 (distance 4 <= 4), read 1
dgx052:188:393 [6] NCCL INFO New proxy send connection 31 from local rank 6, transport 2
dgx052:188:406 [6] NCCL INFO Connected to proxy localRank 6 -> connection 0x7fa790005dc8
dgx052:188:393 [6] NCCL INFO NET/IB : GPU Direct RDMA (DMABUF) enabled for HCA 8 'mlx5_10
dgx052:188:406 [6] NCCL INFO Channel 03/0 : 6[6] -> 14[6] [send] via NET/IBext_v8/8/GDRDMA
dgx052:188:406 [6] NCCL INFO GPU Direct RDMA Enabled for GPU d1000 / HCA 8 (distance 4 <= 4), read 1
dgx052:188:393 [6] NCCL INFO New proxy send connection 32 from local rank 6, transport 2
dgx052:188:406 [6] NCCL INFO Connected to proxy localRank 6 -> connection 0x7fa790005e40
dgx052:188:393 [6] NCCL INFO NET/IB : GPU Direct RDMA (DMABUF) enabled for HCA 8 'mlx5_10
dgx052:188:406 [6] NCCL INFO Channel 04/0 : 6[6] -> 14[6] [send] via NET/IBext_v8/8/GDRDMA
dgx052:188:406 [6] NCCL INFO GPU Direct RDMA Enabled for GPU d1000 / HCA 8 (distance 4 <= 4), read 1
dgx052:188:393 [6] NCCL INFO New proxy send connection 33 from local rank 6, transport 2
dgx052:188:406 [6] NCCL INFO Connected to proxy localRank 6 -> connection 0x7fa790005eb8
dgx052:188:393 [6] NCCL INFO NET/IB : GPU Direct RDMA (DMABUF) enabled for HCA 8 'mlx5_10
dgx052:188:406 [6] NCCL INFO Channel 05/0 : 6[6] -> 14[6] [send] via NET/IBext_v8/8/GDRDMA
dgx052:188:406 [6] NCCL INFO GPU Direct RDMA Enabled for GPU d1000 / HCA 8 (distance 4 <= 4), read 1
dgx052:188:393 [6] NCCL INFO New proxy send connection 34 from local rank 6, transport 2
dgx052:184:389 [2] NCCL INFO NCCL_IB_TIMEOUT set by environment to 22.
dgx052:188:406 [6] NCCL INFO Connected to proxy localRank 6 -> connection 0x7fa790005f30
dgx052:188:393 [6] NCCL INFO NET/IB : GPU Direct RDMA (DMABUF) enabled for HCA 8 'mlx5_10
dgx052:188:406 [6] NCCL INFO Channel 06/0 : 6[6] -> 14[6] [send] via NET/IBext_v8/8/GDRDMA
dgx052:188:406 [6] NCCL INFO GPU Direct RDMA Enabled for GPU d1000 / HCA 8 (distance 4 <= 4), read 1
dgx052:188:393 [6] NCCL INFO New proxy send connection 35 from local rank 6, transport 2
dgx052:188:406 [6] NCCL INFO Connected to proxy localRank 6 -> connection 0x7fa790005fa8
dgx052:188:393 [6] NCCL INFO NET/IB : GPU Direct RDMA (DMABUF) enabled for HCA 8 'mlx5_10
dgx052:188:406 [6] NCCL INFO Channel 07/0 : 6[6] -> 14[6] [send] via NET/IBext_v8/8/GDRDMA
dgx052:188:406 [6] NCCL INFO GPU Direct RDMA Enabled for GPU d1000 / HCA 8 (distance 4 <= 4), read 1
dgx052:188:393 [6] NCCL INFO New proxy send connection 36 from local rank 6, transport 2
dgx052:188:406 [6] NCCL INFO Connected to proxy localRank 6 -> connection 0x7fa790006020
dgx052:188:393 [6] NCCL INFO NET/IB : GPU Direct RDMA (DMABUF) enabled for HCA 8 'mlx5_10
dgx052:188:406 [6] NCCL INFO Channel 08/0 : 6[6] -> 14[6] [send] via NET/IBext_v8/8/GDRDMA
dgx052:188:406 [6] NCCL INFO GPU Direct RDMA Enabled for GPU d1000 / HCA 8 (distance 4 <= 4), read 1
dgx052:188:393 [6] NCCL INFO New proxy send connection 37 from local rank 6, transport 2
dgx052:188:406 [6] NCCL INFO Connected to proxy localRank 6 -> connection 0x7fa790006098
dgx052:188:393 [6] NCCL INFO NET/IB : GPU Direct RDMA (DMABUF) enabled for HCA 8 'mlx5_10
dgx052:188:406 [6] NCCL INFO Channel 09/0 : 6[6] -> 14[6] [send] via NET/IBext_v8/8/GDRDMA
dgx052:188:406 [6] NCCL INFO GPU Direct RDMA Enabled for GPU d1000 / HCA 8 (distance 4 <= 4), read 1
dgx052:188:393 [6] NCCL INFO New proxy send connection 38 from local rank 6, transport 2
dgx052:188:406 [6] NCCL INFO Connected to proxy localRank 6 -> connection 0x7fa790006110
dgx052:188:393 [6] NCCL INFO NET/IB : GPU Direct RDMA (DMABUF) enabled for HCA 8 'mlx5_10
dgx052:188:406 [6] NCCL INFO Channel 10/0 : 6[6] -> 14[6] [send] via NET/IBext_v8/8/GDRDMA
dgx052:188:406 [6] NCCL INFO GPU Direct RDMA Enabled for GPU d1000 / HCA 8 (distance 4 <= 4), read 1
dgx052:188:393 [6] NCCL INFO New proxy send connection 39 from local rank 6, transport 2
dgx052:188:406 [6] NCCL INFO Connected to proxy localRank 6 -> connection 0x7fa790006188
dgx052:188:393 [6] NCCL INFO NET/IB : GPU Direct RDMA (DMABUF) enabled for HCA 8 'mlx5_10
dgx052:188:406 [6] NCCL INFO Channel 11/0 : 6[6] -> 14[6] [send] via NET/IBext_v8/8/GDRDMA
dgx052:188:406 [6] NCCL INFO GPU Direct RDMA Enabled for GPU d1000 / HCA 8 (distance 4 <= 4), read 1
dgx052:188:393 [6] NCCL INFO New proxy send connection 40 from local rank 6, transport 2
dgx052:188:406 [6] NCCL INFO Connected to proxy localRank 6 -> connection 0x7fa790006200
dgx052:188:393 [6] NCCL INFO NET/IB : GPU Direct RDMA (DMABUF) enabled for HCA 8 'mlx5_10
dgx052:188:406 [6] NCCL INFO Channel 12/0 : 6[6] -> 14[6] [send] via NET/IBext_v8/8/GDRDMA
dgx052:188:406 [6] NCCL INFO GPU Direct RDMA Enabled for GPU d1000 / HCA 8 (distance 4 <= 4), read 1
dgx052:188:393 [6] NCCL INFO New proxy send connection 41 from local rank 6, transport 2
dgx052:188:406 [6] NCCL INFO Connected to proxy localRank 6 -> connection 0x7fa790006278
dgx052:188:393 [6] NCCL INFO NET/IB : GPU Direct RDMA (DMABUF) enabled for HCA 8 'mlx5_10
dgx052:188:406 [6] NCCL INFO Channel 13/0 : 6[6] -> 14[6] [send] via NET/IBext_v8/8/GDRDMA
dgx052:188:406 [6] NCCL INFO GPU Direct RDMA Enabled for GPU d1000 / HCA 8 (distance 4 <= 4), read 1
dgx052:188:393 [6] NCCL INFO New proxy send connection 42 from local rank 6, transport 2
dgx052:188:406 [6] NCCL INFO Connected to proxy localRank 6 -> connection 0x7fa7900062f0
dgx052:188:393 [6] NCCL INFO NET/IB : GPU Direct RDMA (DMABUF) enabled for HCA 8 'mlx5_10
dgx052:188:406 [6] NCCL INFO Channel 14/0 : 6[6] -> 14[6] [send] via NET/IBext_v8/8/GDRDMA
dgx052:188:406 [6] NCCL INFO GPU Direct RDMA Enabled for GPU d1000 / HCA 8 (distance 4 <= 4), read 1
dgx052:182:387 [0] NCCL INFO NET/IB: NCCL Dev 0 IbDev 0 Port 1 qpn 3247 mtu 5 LID 412 subnet-prefix 33022  FLID 0 fifoRkey=0x130ecc fifoLkey=0x130ecc
dgx052:182:387 [0] NCCL INFO NET/IB: NCCL Dev 0 IbDev 0 Port 1 qpn 3248 mtu 5 LID 412 subnet-prefix 33022  FLID 0 fifoRkey=0x130ecc fifoLkey=0x130ecc
dgx052:182:387 [0] NCCL INFO NET/IB: NCCL Dev 0 IbDev 0 Port 1 qpn 3249 mtu 5 LID 412 subnet-prefix 33022  FLID 0 fifoRkey=0x130ecc fifoLkey=0x130ecc
dgx052:182:387 [0] NCCL INFO NET/IB: NCCL Dev 0 IbDev 0 Port 1 qpn 3250 mtu 5 LID 412 subnet-prefix 33022  FLID 0 fifoRkey=0x130ecc fifoLkey=0x130ecc
dgx052:182:387 [0] NCCL INFO NET/IB: NCCL Dev 0 IbDev 0 Port 1 qpn 3251 mtu 5 LID 412 subnet-prefix 33022  FLID 0 fifoRkey=0x130ecc fifoLkey=0x130ecc
dgx052:182:387 [0] NCCL INFO NET/IB: NCCL Dev 0 IbDev 0 Port 1 qpn 3252 mtu 5 LID 412 subnet-prefix 33022  FLID 0 fifoRkey=0x130ecc fifoLkey=0x130ecc
dgx052:182:387 [0] NCCL INFO NET/IB: NCCL Dev 0 IbDev 0 Port 1 qpn 3253 mtu 5 LID 412 subnet-prefix 33022  FLID 0 fifoRkey=0x130ecc fifoLkey=0x130ecc
dgx052:182:387 [0] NCCL INFO NET/IB: NCCL Dev 0 IbDev 0 Port 1 qpn 3254 mtu 5 LID 412 subnet-prefix 33022  FLID 0 fifoRkey=0x130ecc fifoLkey=0x130ecc
dgx052:188:393 [6] NCCL INFO New proxy send connection 43 from local rank 6, transport 2
dgx052:188:406 [6] NCCL INFO Connected to proxy localRank 6 -> connection 0x7fa790006368
dgx052:188:393 [6] NCCL INFO NET/IB : GPU Direct RDMA (DMABUF) enabled for HCA 8 'mlx5_10
dgx052:188:406 [6] NCCL INFO Channel 15/0 : 6[6] -> 14[6] [send] via NET/IBext_v8/8/GDRDMA
dgx052:188:406 [6] NCCL INFO GPU Direct RDMA Enabled for GPU d1000 / HCA 8 (distance 4 <= 4), read 1
dgx052:188:393 [6] NCCL INFO New proxy send connection 44 from local rank 6, transport 2
dgx052:188:406 [6] NCCL INFO Connected to proxy localRank 6 -> connection 0x7fa7900063e0
dgx052:188:393 [6] NCCL INFO NET/IB : GPU Direct RDMA (DMABUF) enabled for HCA 8 'mlx5_10
dgx052:188:406 [6] NCCL INFO Channel 16/0 : 6[6] -> 14[6] [send] via NET/IBext_v8/8/GDRDMA
dgx052:188:406 [6] NCCL INFO GPU Direct RDMA Enabled for GPU d1000 / HCA 8 (distance 4 <= 4), read 1
dgx052:188:393 [6] NCCL INFO New proxy send connection 45 from local rank 6, transport 2
dgx052:188:406 [6] NCCL INFO Connected to proxy localRank 6 -> connection 0x7fa790006458
dgx052:188:393 [6] NCCL INFO NET/IB : GPU Direct RDMA (DMABUF) enabled for HCA 8 'mlx5_10
dgx052:188:406 [6] NCCL INFO Channel 17/0 : 6[6] -> 14[6] [send] via NET/IBext_v8/8/GDRDMA
dgx052:188:406 [6] NCCL INFO GPU Direct RDMA Enabled for GPU d1000 / HCA 8 (distance 4 <= 4), read 1
dgx052:188:393 [6] NCCL INFO New proxy send connection 46 from local rank 6, transport 2
dgx052:188:406 [6] NCCL INFO Connected to proxy localRank 6 -> connection 0x7fa7900064d0
dgx052:188:393 [6] NCCL INFO NET/IB : GPU Direct RDMA (DMABUF) enabled for HCA 8 'mlx5_10
dgx052:188:406 [6] NCCL INFO Channel 18/0 : 6[6] -> 14[6] [send] via NET/IBext_v8/8/GDRDMA
dgx052:188:406 [6] NCCL INFO GPU Direct RDMA Enabled for GPU d1000 / HCA 8 (distance 4 <= 4), read 1
dgx052:188:393 [6] NCCL INFO New proxy send connection 47 from local rank 6, transport 2
dgx052:188:406 [6] NCCL INFO Connected to proxy localRank 6 -> connection 0x7fa790006548
dgx052:188:393 [6] NCCL INFO NET/IB : GPU Direct RDMA (DMABUF) enabled for HCA 8 'mlx5_10
dgx052:188:406 [6] NCCL INFO Channel 19/0 : 6[6] -> 14[6] [send] via NET/IBext_v8/8/GDRDMA
dgx052:188:406 [6] NCCL INFO GPU Direct RDMA Enabled for GPU d1000 / HCA 8 (distance 4 <= 4), read 1
dgx052:188:393 [6] NCCL INFO New proxy send connection 48 from local rank 6, transport 2
dgx052:188:406 [6] NCCL INFO Connected to proxy localRank 6 -> connection 0x7fa7900065c0
dgx052:188:393 [6] NCCL INFO NET/IB : GPU Direct RDMA (DMABUF) enabled for HCA 8 'mlx5_10
dgx052:188:406 [6] NCCL INFO Channel 20/0 : 6[6] -> 14[6] [send] via NET/IBext_v8/8/GDRDMA
dgx052:188:406 [6] NCCL INFO GPU Direct RDMA Enabled for GPU d1000 / HCA 8 (distance 4 <= 4), read 1
dgx052:188:393 [6] NCCL INFO New proxy send connection 49 from local rank 6, transport 2
dgx052:188:406 [6] NCCL INFO Connected to proxy localRank 6 -> connection 0x7fa790006638
dgx052:182:387 [0] NCCL INFO NCCL_IB_TIMEOUT set by environment to 22.
dgx052:188:393 [6] NCCL INFO NET/IB : GPU Direct RDMA (DMABUF) enabled for HCA 8 'mlx5_10
dgx052:188:406 [6] NCCL INFO Channel 21/0 : 6[6] -> 14[6] [send] via NET/IBext_v8/8/GDRDMA
dgx052:188:406 [6] NCCL INFO GPU Direct RDMA Enabled for GPU d1000 / HCA 8 (distance 4 <= 4), read 1
dgx052:188:393 [6] NCCL INFO New proxy send connection 50 from local rank 6, transport 2
dgx052:188:406 [6] NCCL INFO Connected to proxy localRank 6 -> connection 0x7fa7900066b0
dgx052:188:393 [6] NCCL INFO NET/IB : GPU Direct RDMA (DMABUF) enabled for HCA 8 'mlx5_10
dgx052:188:406 [6] NCCL INFO Channel 22/0 : 6[6] -> 14[6] [send] via NET/IBext_v8/8/GDRDMA
dgx052:188:406 [6] NCCL INFO GPU Direct RDMA Enabled for GPU d1000 / HCA 8 (distance 4 <= 4), read 1
dgx052:188:393 [6] NCCL INFO New proxy send connection 51 from local rank 6, transport 2
dgx052:188:406 [6] NCCL INFO Connected to proxy localRank 6 -> connection 0x7fa790006728
dgx052:188:393 [6] NCCL INFO NET/IB : GPU Direct RDMA (DMABUF) enabled for HCA 8 'mlx5_10
dgx052:188:406 [6] NCCL INFO Channel 23/0 : 6[6] -> 14[6] [send] via NET/IBext_v8/8/GDRDMA
dgx052:188:406 [6] NCCL INFO GPU Direct RDMA Enabled for GPU d1000 / HCA 8 (distance 4 <= 4), read 1
dgx052:188:393 [6] NCCL INFO New proxy send connection 52 from local rank 6, transport 2
dgx052:188:406 [6] NCCL INFO Connected to proxy localRank 6 -> connection 0x7fa7900067a0
dgx052:188:393 [6] NCCL INFO NET/IB : GPU Direct RDMA (DMABUF) enabled for HCA 8 'mlx5_10
dgx052:188:406 [6] NCCL INFO Channel 24/0 : 6[6] -> 14[6] [send] via NET/IBext_v8/8/GDRDMA
dgx052:188:406 [6] NCCL INFO GPU Direct RDMA Enabled for GPU d1000 / HCA 8 (distance 4 <= 4), read 1
dgx052:188:393 [6] NCCL INFO New proxy send connection 53 from local rank 6, transport 2
dgx052:188:406 [6] NCCL INFO Connected to proxy localRank 6 -> connection 0x7fa790006818
dgx052:188:393 [6] NCCL INFO NET/IB : GPU Direct RDMA (DMABUF) enabled for HCA 8 'mlx5_10
dgx052:188:406 [6] NCCL INFO Channel 25/0 : 6[6] -> 14[6] [send] via NET/IBext_v8/8/GDRDMA
dgx052:188:406 [6] NCCL INFO GPU Direct RDMA Enabled for GPU d1000 / HCA 8 (distance 4 <= 4), read 1
dgx052:188:393 [6] NCCL INFO New proxy send connection 54 from local rank 6, transport 2
dgx052:188:406 [6] NCCL INFO Connected to proxy localRank 6 -> connection 0x7fa790006890
dgx052:188:393 [6] NCCL INFO NET/IB : GPU Direct RDMA (DMABUF) enabled for HCA 8 'mlx5_10
dgx052:188:406 [6] NCCL INFO Channel 26/0 : 6[6] -> 14[6] [send] via NET/IBext_v8/8/GDRDMA
dgx052:188:406 [6] NCCL INFO GPU Direct RDMA Enabled for GPU d1000 / HCA 8 (distance 4 <= 4), read 1
dgx052:188:393 [6] NCCL INFO New proxy send connection 55 from local rank 6, transport 2
dgx052:188:406 [6] NCCL INFO Connected to proxy localRank 6 -> connection 0x7fa790006908
dgx052:185:383 [3] NCCL INFO NET/IB: NCCL Dev 4 IbDev 4 Port 1 qpn 3239 mtu 5 LID 417 subnet-prefix 33022  FLID 0 fifoRkey=0x1326e4 fifoLkey=0x1326e4
dgx052:185:383 [3] NCCL INFO NET/IB: NCCL Dev 4 IbDev 4 Port 1 qpn 3240 mtu 5 LID 417 subnet-prefix 33022  FLID 0 fifoRkey=0x1326e4 fifoLkey=0x1326e4
dgx052:185:383 [3] NCCL INFO NET/IB: NCCL Dev 4 IbDev 4 Port 1 qpn 3241 mtu 5 LID 417 subnet-prefix 33022  FLID 0 fifoRkey=0x1326e4 fifoLkey=0x1326e4
dgx052:185:383 [3] NCCL INFO NET/IB: NCCL Dev 4 IbDev 4 Port 1 qpn 3242 mtu 5 LID 417 subnet-prefix 33022  FLID 0 fifoRkey=0x1326e4 fifoLkey=0x1326e4
dgx052:185:383 [3] NCCL INFO NET/IB: NCCL Dev 4 IbDev 4 Port 1 qpn 3243 mtu 5 LID 417 subnet-prefix 33022  FLID 0 fifoRkey=0x1326e4 fifoLkey=0x1326e4
