dgx052:182:285 [0] NCCL INFO Trees [0] 1/8/-1->0->-1 [1] -1/-1/-1->0->7 [2] 1/-1/-1->0->7 [3] 1/-1/-1->0->7 [4] 1/-1/-1->0->7 [5] 1/-1/-1->0->7 [6] 1/-1/-1->0->7 [7] 1/-1/-1->0->8 [8] -1/-1/-1->0->7 [9] 1/-1/-1->0->7 [10] 1/-1/-1->0->7 [11] 1/-1/-1->0->7 [12] 1/-1/-1->0->7 [13] 1/-1/-1->0->7 [14] 1/8/-1->0->-1 [15] -1/-1/-1->0->7 [16] 1/-1/-1->0->7 [17] 1/-1/-1->0->7 [18] 1/-1/-1->0->7 [19] 1/-1/-1->0->7 [20] 1/-1/-1->0->7 [21] 1/-1/-1->0->8 [22] -1/-1/-1->0->7 [23] 1/-1/-1->0->7 [24] 1/-1/-1->0->7 [25] 1/-1/-1->0->7 [26] 1/-1/-1->0->7 [27] 1/-1/-1->0->7
dgx052:182:285 [0] NCCL INFO NCCL_BUFFSIZE set by environment to 16777216.
dgx052:182:285 [0] NCCL INFO NCCL_P2P_NET_CHUNKSIZE set by environment to 524288.
dgx052:182:285 [0] NCCL INFO P2P Chunksize set to 524288
dgx052:183:292 [1] NCCL INFO NCCL_NTHREADS set by environment to 512.
dgx052:183:292 [1] NCCL INFO threadThresholds 8/8/64 | 128/8/64 | 512 | 512
dgx052:183:292 [1] NCCL INFO 28 coll channels, 28 collnet channels, 16 nvls channels, 32 p2p channels, 2 p2p channels per peer
dgx052:185:286 [3] NCCL INFO NCCL_NTHREADS set by environment to 512.
dgx052:185:286 [3] NCCL INFO threadThresholds 8/8/64 | 128/8/64 | 512 | 512
dgx052:185:286 [3] NCCL INFO 28 coll channels, 28 collnet channels, 16 nvls channels, 32 p2p channels, 2 p2p channels per peer
dgx052:182:285 [0] NCCL INFO NCCL_NTHREADS set by environment to 512.
dgx052:182:285 [0] NCCL INFO threadThresholds 8/8/64 | 128/8/64 | 512 | 512
dgx052:182:285 [0] NCCL INFO 28 coll channels, 28 collnet channels, 16 nvls channels, 32 p2p channels, 2 p2p channels per peer
dgx052:189:293 [7] NCCL INFO NCCL_NTHREADS set by environment to 512.
dgx052:189:293 [7] NCCL INFO threadThresholds 8/8/64 | 128/8/64 | 512 | 512
dgx052:189:293 [7] NCCL INFO 28 coll channels, 28 collnet channels, 16 nvls channels, 32 p2p channels, 2 p2p channels per peer
dgx052:187:290 [5] NCCL INFO NCCL_NTHREADS set by environment to 512.
dgx052:187:290 [5] NCCL INFO threadThresholds 8/8/64 | 128/8/64 | 512 | 512
dgx052:187:290 [5] NCCL INFO 28 coll channels, 28 collnet channels, 16 nvls channels, 32 p2p channels, 2 p2p channels per peer
dgx052:182:285 [0] NCCL INFO CC Off, Multi-GPU CC Off, workFifoBytes 1048576
dgx052:188:294 [6] NCCL INFO NCCL_NTHREADS set by environment to 512.
dgx052:186:287 [4] NCCL INFO NCCL_NTHREADS set by environment to 512.
dgx052:186:287 [4] NCCL INFO threadThresholds 8/8/64 | 128/8/64 | 512 | 512
dgx052:186:287 [4] NCCL INFO 28 coll channels, 28 collnet channels, 16 nvls channels, 32 p2p channels, 2 p2p channels per peer
dgx052:188:294 [6] NCCL INFO threadThresholds 8/8/64 | 128/8/64 | 512 | 512
dgx052:188:294 [6] NCCL INFO 28 coll channels, 28 collnet channels, 16 nvls channels, 32 p2p channels, 2 p2p channels per peer
dgx052:184:291 [2] NCCL INFO NCCL_NTHREADS set by environment to 512.
dgx052:184:291 [2] NCCL INFO threadThresholds 8/8/64 | 128/8/64 | 512 | 512
dgx052:184:291 [2] NCCL INFO 28 coll channels, 28 collnet channels, 16 nvls channels, 32 p2p channels, 2 p2p channels per peer
dgx052:186:287 [4] NCCL INFO TUNER/Plugin: Failed to find ncclTunerPlugin_v3 symbol.
dgx052:186:287 [4] NCCL INFO TUNER/Plugin: Failed to find ncclTunerPlugin_v2 symbol, using internal tuner instead.
dgx052:186:287 [4] NCCL INFO ncclCommInitRank comm 0x55af2ddf8480 rank 4 nranks 16 cudaDev 4 nvmlDev 4 busId 9d000 commId 0x74f37f46512ca333 - Init COMPLETE
dgx052:186:287 [4] NCCL INFO Init timings: rank 4 nranks 16 total 2.29 (kernels 0.32, bootstrap 1.30, allgathers 0.11, topo 0.07, graphs 0.12, connections 0.34, rest 0.03)
dgx052:189:293 [7] NCCL INFO TUNER/Plugin: Failed to find ncclTunerPlugin_v3 symbol.
dgx052:189:293 [7] NCCL INFO TUNER/Plugin: Failed to find ncclTunerPlugin_v2 symbol, using internal tuner instead.
dgx052:189:293 [7] NCCL INFO ncclCommInitRank comm 0x564983ef13e0 rank 7 nranks 16 cudaDev 7 nvmlDev 7 busId df000 commId 0x74f37f46512ca333 - Init COMPLETE
dgx052:189:293 [7] NCCL INFO Init timings: rank 7 nranks 16 total 2.10 (kernels 0.73, bootstrap 0.71, allgathers 0.01, topo 0.07, graphs 0.21, connections 0.34, rest 0.03)
dgx052:185:286 [3] NCCL INFO TUNER/Plugin: Failed to find ncclTunerPlugin_v3 symbol.
dgx052:185:286 [3] NCCL INFO TUNER/Plugin: Failed to find ncclTunerPlugin_v2 symbol, using internal tuner instead.
dgx052:185:286 [3] NCCL INFO ncclCommInitRank comm 0x55e80cc1b110 rank 3 nranks 16 cudaDev 3 nvmlDev 3 busId 61000 commId 0x74f37f46512ca333 - Init COMPLETE
dgx052:185:286 [3] NCCL INFO Init timings: rank 3 nranks 16 total 2.31 (kernels 0.33, bootstrap 1.32, allgathers 0.01, topo 0.07, graphs 0.22, connections 0.36, rest 0.01)
dgx052:183:292 [1] NCCL INFO TUNER/Plugin: Failed to find ncclTunerPlugin_v3 symbol.
dgx052:183:292 [1] NCCL INFO TUNER/Plugin: Failed to find ncclTunerPlugin_v2 symbol, using internal tuner instead.
dgx052:183:292 [1] NCCL INFO ncclCommInitRank comm 0x55bdc68b53f0 rank 1 nranks 16 cudaDev 1 nvmlDev 1 busId 43000 commId 0x74f37f46512ca333 - Init COMPLETE
dgx052:183:292 [1] NCCL INFO Init timings: rank 1 nranks 16 total 2.11 (kernels 0.20, bootstrap 1.25, allgathers 0.02, topo 0.07, graphs 0.21, connections 0.34, rest 0.03)
dgx052:184:291 [2] NCCL INFO TUNER/Plugin: Failed to find ncclTunerPlugin_v3 symbol.
dgx052:184:291 [2] NCCL INFO TUNER/Plugin: Failed to find ncclTunerPlugin_v2 symbol, using internal tuner instead.
dgx052:184:291 [2] NCCL INFO ncclCommInitRank comm 0x558f0a03aea0 rank 2 nranks 16 cudaDev 2 nvmlDev 2 busId 52000 commId 0x74f37f46512ca333 - Init COMPLETE
dgx052:184:291 [2] NCCL INFO Init timings: rank 2 nranks 16 total 2.15 (kernels 0.47, bootstrap 1.02, allgathers 0.01, topo 0.07, graphs 0.21, connections 0.35, rest 0.02)
dgx052:182:285 [0] NCCL INFO TUNER/Plugin: Failed to find ncclTunerPlugin_v3 symbol.
dgx052:182:285 [0] NCCL INFO TUNER/Plugin: Failed to find ncclTunerPlugin_v2 symbol, using internal tuner instead.
dgx052:182:285 [0] NCCL INFO ncclCommInitRank comm 0x56278b9777f0 rank 0 nranks 16 cudaDev 0 nvmlDev 0 busId 1b000 commId 0x74f37f46512ca333 - Init COMPLETE
dgx052:182:285 [0] NCCL INFO Init timings: rank 0 nranks 16 total 2.37 (kernels 0.36, bootstrap 1.34, allgathers 0.04, topo 0.07, graphs 0.19, connections 0.35, rest 0.02)
dgx052:187:290 [5] NCCL INFO TUNER/Plugin: Failed to find ncclTunerPlugin_v3 symbol.
dgx052:187:290 [5] NCCL INFO TUNER/Plugin: Failed to find ncclTunerPlugin_v2 symbol, using internal tuner instead.
dgx052:187:290 [5] NCCL INFO ncclCommInitRank comm 0x561d9c8e0e60 rank 5 nranks 16 cudaDev 5 nvmlDev 5 busId c3000 commId 0x74f37f46512ca333 - Init COMPLETE
dgx052:187:290 [5] NCCL INFO Init timings: rank 5 nranks 16 total 2.21 (kernels 0.31, bootstrap 1.23, allgathers 0.01, topo 0.07, graphs 0.21, connections 0.36, rest 0.01)
dgx052:188:294 [6] NCCL INFO TUNER/Plugin: Failed to find ncclTunerPlugin_v3 symbol.
dgx052:188:294 [6] NCCL INFO TUNER/Plugin: Failed to find ncclTunerPlugin_v2 symbol, using internal tuner instead.
dgx052:188:294 [6] NCCL INFO ncclCommInitRank comm 0x55ee16d91b70 rank 6 nranks 16 cudaDev 6 nvmlDev 6 busId d1000 commId 0x74f37f46512ca333 - Init COMPLETE
dgx052:188:294 [6] NCCL INFO Init timings: rank 6 nranks 16 total 2.08 (kernels 0.81, bootstrap 0.60, allgathers 0.01, topo 0.07, graphs 0.21, connections 0.34, rest 0.03)
dgx052:183:402 [1] NCCL INFO NVLS comm 0x55bdc68b53f0 headRank 1 nHeads 7 buffSize 1048576 nvlsPerRankSize 33554432 nvlsTotalSize 234881024
dgx052:188:406 [6] NCCL INFO NVLS comm 0x55ee16d91b70 headRank 5 nHeads 7 buffSize 1048576 nvlsPerRankSize 33554432 nvlsTotalSize 234881024
dgx052:189:399 [7] NCCL INFO NVLS comm 0x564983ef13e0 headRank 6 nHeads 7 buffSize 1048576 nvlsPerRankSize 33554432 nvlsTotalSize 234881024
dgx052:184:401 [2] NCCL INFO NVLS comm 0x558f0a03aea0 headRank 2 nHeads 7 buffSize 1048576 nvlsPerRankSize 33554432 nvlsTotalSize 234881024
dgx052:186:400 [4] NCCL INFO NVLS comm 0x55af2ddf8480 headRank 4 nHeads 7 buffSize 1048576 nvlsPerRankSize 33554432 nvlsTotalSize 234881024
dgx052:182:403 [0] NCCL INFO NVLS comm 0x56278b9777f0 headRank 0 nHeads 7 buffSize 1048576 nvlsPerRankSize 33554432 nvlsTotalSize 234881024
dgx052:185:404 [3] NCCL INFO NVLS comm 0x55e80cc1b110 headRank 3 nHeads 7 buffSize 1048576 nvlsPerRankSize 33554432 nvlsTotalSize 234881024
dgx052:187:405 [5] NCCL INFO NVLS comm 0x561d9c8e0e60 headRank -1 nHeads 7 buffSize 1048576 nvlsPerRankSize 33554432 nvlsTotalSize 234881024
dgx052:186:400 [4] NCCL INFO GPU Direct RDMA Enabled for GPU 9d000 / HCA 5 (distance 4 <= 4), read 0
dgx052:182:403 [0] NCCL INFO GPU Direct RDMA Enabled for GPU 1b000 / HCA 0 (distance 4 <= 4), read 0
dgx052:189:399 [7] NCCL INFO GPU Direct RDMA Enabled for GPU df000 / HCA 9 (distance 4 <= 4), read 0
dgx052:185:404 [3] NCCL INFO GPU Direct RDMA Enabled for GPU 61000 / HCA 4 (distance 4 <= 4), read 0
dgx052:188:406 [6] NCCL INFO GPU Direct RDMA Enabled for GPU d1000 / HCA 8 (distance 4 <= 4), read 0
dgx052:187:405 [5] NCCL INFO Connected NVLS tree
dgx052:184:401 [2] NCCL INFO GPU Direct RDMA Enabled for GPU 52000 / HCA 3 (distance 4 <= 4), read 0
dgx052:183:402 [1] NCCL INFO GPU Direct RDMA Enabled for GPU 43000 / HCA 2 (distance 4 <= 4), read 0
dgx052:186:395 [4] NCCL INFO New proxy recv connection 0 from local rank 4, transport 2
dgx052:185:383 [3] NCCL INFO New proxy recv connection 0 from local rank 3, transport 2
dgx052:182:387 [0] NCCL INFO New proxy recv connection 0 from local rank 0, transport 2
dgx052:184:389 [2] NCCL INFO New proxy recv connection 0 from local rank 2, transport 2
dgx052:183:397 [1] NCCL INFO New proxy recv connection 0 from local rank 1, transport 2
dgx052:188:393 [6] NCCL INFO New proxy recv connection 0 from local rank 6, transport 2
dgx052:189:391 [7] NCCL INFO New proxy recv connection 0 from local rank 7, transport 2
dgx052:186:400 [4] NCCL INFO Connected to proxy localRank 4 -> connection 0x7fbfd4004f40
dgx052:182:403 [0] NCCL INFO Connected to proxy localRank 0 -> connection 0x7f86d4004f40
dgx052:185:404 [3] NCCL INFO Connected to proxy localRank 3 -> connection 0x7f7fb4004f40
dgx052:184:401 [2] NCCL INFO Connected to proxy localRank 2 -> connection 0x7f849c004f40
dgx052:183:402 [1] NCCL INFO Connected to proxy localRank 1 -> connection 0x7fa520004f40
dgx052:185:383 [3] NCCL INFO NET/IB : GPU Direct RDMA (DMABUF) enabled for HCA 4 'mlx5_5
dgx052:185:404 [3] NCCL INFO Channel 00/0 : 11[3] -> 3[3] [receive] via NET/IBext_v8/4/GDRDMA
dgx052:185:404 [3] NCCL INFO GPU Direct RDMA Enabled for GPU 61000 / HCA 4 (distance 4 <= 4), read 0
dgx052:186:395 [4] NCCL INFO NET/IB : GPU Direct RDMA (DMABUF) enabled for HCA 5 'mlx5_6
dgx052:182:387 [0] NCCL INFO NET/IB : GPU Direct RDMA (DMABUF) enabled for HCA 0 'mlx5_0
dgx052:184:389 [2] NCCL INFO NET/IB : GPU Direct RDMA (DMABUF) enabled for HCA 3 'mlx5_4
dgx052:183:397 [1] NCCL INFO NET/IB : GPU Direct RDMA (DMABUF) enabled for HCA 2 'mlx5_3
dgx052:186:400 [4] NCCL INFO Channel 00/0 : 12[4] -> 4[4] [receive] via NET/IBext_v8/5/GDRDMA
dgx052:186:400 [4] NCCL INFO GPU Direct RDMA Enabled for GPU 9d000 / HCA 5 (distance 4 <= 4), read 0
dgx052:182:403 [0] NCCL INFO Channel 00/0 : 8[0] -> 0[0] [receive] via NET/IBext_v8/0/GDRDMA
dgx052:182:403 [0] NCCL INFO GPU Direct RDMA Enabled for GPU 1b000 / HCA 0 (distance 4 <= 4), read 0
dgx052:183:402 [1] NCCL INFO Channel 00/0 : 9[1] -> 1[1] [receive] via NET/IBext_v8/2/GDRDMA
dgx052:184:401 [2] NCCL INFO Channel 00/0 : 10[2] -> 2[2] [receive] via NET/IBext_v8/3/GDRDMA
dgx052:184:401 [2] NCCL INFO GPU Direct RDMA Enabled for GPU 52000 / HCA 3 (distance 4 <= 4), read 0
dgx052:183:402 [1] NCCL INFO GPU Direct RDMA Enabled for GPU 43000 / HCA 2 (distance 4 <= 4), read 0
dgx052:185:383 [3] NCCL INFO New proxy recv connection 1 from local rank 3, transport 2
dgx052:185:404 [3] NCCL INFO Connected to proxy localRank 3 -> connection 0x7f7fb4004fb8
dgx052:186:395 [4] NCCL INFO New proxy recv connection 1 from local rank 4, transport 2
dgx052:186:400 [4] NCCL INFO Connected to proxy localRank 4 -> connection 0x7fbfd4004fb8
dgx052:182:387 [0] NCCL INFO New proxy recv connection 1 from local rank 0, transport 2
dgx052:184:389 [2] NCCL INFO New proxy recv connection 1 from local rank 2, transport 2
dgx052:183:397 [1] NCCL INFO New proxy recv connection 1 from local rank 1, transport 2
dgx052:182:403 [0] NCCL INFO Connected to proxy localRank 0 -> connection 0x7f86d4004fb8
dgx052:186:395 [4] NCCL INFO NET/IB : GPU Direct RDMA (DMABUF) enabled for HCA 5 'mlx5_6
dgx052:184:401 [2] NCCL INFO Connected to proxy localRank 2 -> connection 0x7f849c004fb8
dgx052:183:402 [1] NCCL INFO Connected to proxy localRank 1 -> connection 0x7fa520004fb8
dgx052:186:400 [4] NCCL INFO Channel 01/0 : 12[4] -> 4[4] [receive] via NET/IBext_v8/5/GDRDMA
dgx052:186:400 [4] NCCL INFO GPU Direct RDMA Enabled for GPU 9d000 / HCA 5 (distance 4 <= 4), read 0
dgx052:185:383 [3] NCCL INFO NET/IB : GPU Direct RDMA (DMABUF) enabled for HCA 4 'mlx5_5
dgx052:182:387 [0] NCCL INFO NET/IB : GPU Direct RDMA (DMABUF) enabled for HCA 0 'mlx5_0
dgx052:185:404 [3] NCCL INFO Channel 01/0 : 11[3] -> 3[3] [receive] via NET/IBext_v8/4/GDRDMA
dgx052:185:404 [3] NCCL INFO GPU Direct RDMA Enabled for GPU 61000 / HCA 4 (distance 4 <= 4), read 0
dgx052:184:389 [2] NCCL INFO NET/IB : GPU Direct RDMA (DMABUF) enabled for HCA 3 'mlx5_4
dgx052:182:403 [0] NCCL INFO Channel 01/0 : 8[0] -> 0[0] [receive] via NET/IBext_v8/0/GDRDMA
dgx052:183:397 [1] NCCL INFO NET/IB : GPU Direct RDMA (DMABUF) enabled for HCA 2 'mlx5_3
dgx052:182:403 [0] NCCL INFO GPU Direct RDMA Enabled for GPU 1b000 / HCA 0 (distance 4 <= 4), read 0
dgx052:184:401 [2] NCCL INFO Channel 01/0 : 10[2] -> 2[2] [receive] via NET/IBext_v8/3/GDRDMA
dgx052:183:402 [1] NCCL INFO Channel 01/0 : 9[1] -> 1[1] [receive] via NET/IBext_v8/2/GDRDMA
dgx052:184:401 [2] NCCL INFO GPU Direct RDMA Enabled for GPU 52000 / HCA 3 (distance 4 <= 4), read 0
dgx052:183:402 [1] NCCL INFO GPU Direct RDMA Enabled for GPU 43000 / HCA 2 (distance 4 <= 4), read 0
dgx052:186:395 [4] NCCL INFO New proxy recv connection 2 from local rank 4, transport 2
dgx052:186:400 [4] NCCL INFO Connected to proxy localRank 4 -> connection 0x7fbfd4005030
dgx052:185:383 [3] NCCL INFO New proxy recv connection 2 from local rank 3, transport 2
dgx052:185:404 [3] NCCL INFO Connected to proxy localRank 3 -> connection 0x7f7fb4005030
dgx052:186:395 [4] NCCL INFO NET/IB : GPU Direct RDMA (DMABUF) enabled for HCA 5 'mlx5_6
dgx052:182:387 [0] NCCL INFO New proxy recv connection 2 from local rank 0, transport 2
dgx052:186:400 [4] NCCL INFO Channel 02/0 : 12[4] -> 4[4] [receive] via NET/IBext_v8/5/GDRDMA
dgx052:186:400 [4] NCCL INFO GPU Direct RDMA Enabled for GPU 9d000 / HCA 5 (distance 4 <= 4), read 0
dgx052:182:403 [0] NCCL INFO Connected to proxy localRank 0 -> connection 0x7f86d4005030
dgx052:184:389 [2] NCCL INFO New proxy recv connection 2 from local rank 2, transport 2
dgx052:183:397 [1] NCCL INFO New proxy recv connection 2 from local rank 1, transport 2
dgx052:185:383 [3] NCCL INFO NET/IB : GPU Direct RDMA (DMABUF) enabled for HCA 4 'mlx5_5
dgx052:184:401 [2] NCCL INFO Connected to proxy localRank 2 -> connection 0x7f849c005030
dgx052:183:402 [1] NCCL INFO Connected to proxy localRank 1 -> connection 0x7fa520005030
dgx052:182:387 [0] NCCL INFO NET/IB : GPU Direct RDMA (DMABUF) enabled for HCA 0 'mlx5_0
dgx052:185:404 [3] NCCL INFO Channel 02/0 : 11[3] -> 3[3] [receive] via NET/IBext_v8/4/GDRDMA
dgx052:185:404 [3] NCCL INFO GPU Direct RDMA Enabled for GPU 61000 / HCA 4 (distance 4 <= 4), read 0
dgx052:182:403 [0] NCCL INFO Channel 02/0 : 8[0] -> 0[0] [receive] via NET/IBext_v8/0/GDRDMA
dgx052:182:403 [0] NCCL INFO GPU Direct RDMA Enabled for GPU 1b000 / HCA 0 (distance 4 <= 4), read 0
dgx052:186:395 [4] NCCL INFO New proxy recv connection 3 from local rank 4, transport 2
dgx052:183:397 [1] NCCL INFO NET/IB : GPU Direct RDMA (DMABUF) enabled for HCA 2 'mlx5_3
dgx052:186:400 [4] NCCL INFO Connected to proxy localRank 4 -> connection 0x7fbfd40050a8
dgx052:184:389 [2] NCCL INFO NET/IB : GPU Direct RDMA (DMABUF) enabled for HCA 3 'mlx5_4
dgx052:183:402 [1] NCCL INFO Channel 02/0 : 9[1] -> 1[1] [receive] via NET/IBext_v8/2/GDRDMA
dgx052:184:401 [2] NCCL INFO Channel 02/0 : 10[2] -> 2[2] [receive] via NET/IBext_v8/3/GDRDMA
dgx052:184:401 [2] NCCL INFO GPU Direct RDMA Enabled for GPU 52000 / HCA 3 (distance 4 <= 4), read 0
dgx052:183:402 [1] NCCL INFO GPU Direct RDMA Enabled for GPU 43000 / HCA 2 (distance 4 <= 4), read 0
dgx052:185:383 [3] NCCL INFO New proxy recv connection 3 from local rank 3, transport 2
dgx052:185:404 [3] NCCL INFO Connected to proxy localRank 3 -> connection 0x7f7fb40050a8
dgx052:182:387 [0] NCCL INFO New proxy recv connection 3 from local rank 0, transport 2
dgx052:186:395 [4] NCCL INFO NET/IB : GPU Direct RDMA (DMABUF) enabled for HCA 5 'mlx5_6
dgx052:182:403 [0] NCCL INFO Connected to proxy localRank 0 -> connection 0x7f86d40050a8
dgx052:186:400 [4] NCCL INFO Channel 03/0 : 12[4] -> 4[4] [receive] via NET/IBext_v8/5/GDRDMA
dgx052:186:400 [4] NCCL INFO GPU Direct RDMA Enabled for GPU 9d000 / HCA 5 (distance 4 <= 4), read 0
dgx052:186:395 [4] NCCL INFO New proxy recv connection 4 from local rank 4, transport 2
dgx052:186:400 [4] NCCL INFO Connected to proxy localRank 4 -> connection 0x7fbfd4005120
dgx052:183:397 [1] NCCL INFO New proxy recv connection 3 from local rank 1, transport 2
dgx052:184:389 [2] NCCL INFO New proxy recv connection 3 from local rank 2, transport 2
dgx052:185:383 [3] NCCL INFO NET/IB : GPU Direct RDMA (DMABUF) enabled for HCA 4 'mlx5_5
dgx052:182:387 [0] NCCL INFO NET/IB : GPU Direct RDMA (DMABUF) enabled for HCA 0 'mlx5_0
dgx052:186:395 [4] NCCL INFO NET/IB : GPU Direct RDMA (DMABUF) enabled for HCA 5 'mlx5_6
dgx052:184:401 [2] NCCL INFO Connected to proxy localRank 2 -> connection 0x7f849c0050a8
dgx052:183:402 [1] NCCL INFO Connected to proxy localRank 1 -> connection 0x7fa5200050a8
dgx052:186:400 [4] NCCL INFO Channel 04/0 : 12[4] -> 4[4] [receive] via NET/IBext_v8/5/GDRDMA
dgx052:186:400 [4] NCCL INFO GPU Direct RDMA Enabled for GPU 9d000 / HCA 5 (distance 4 <= 4), read 0
dgx052:185:404 [3] NCCL INFO Channel 03/0 : 11[3] -> 3[3] [receive] via NET/IBext_v8/4/GDRDMA
dgx052:185:404 [3] NCCL INFO GPU Direct RDMA Enabled for GPU 61000 / HCA 4 (distance 4 <= 4), read 0
dgx052:186:395 [4] NCCL INFO New proxy recv connection 5 from local rank 4, transport 2
dgx052:182:403 [0] NCCL INFO Channel 03/0 : 8[0] -> 0[0] [receive] via NET/IBext_v8/0/GDRDMA
dgx052:182:403 [0] NCCL INFO GPU Direct RDMA Enabled for GPU 1b000 / HCA 0 (distance 4 <= 4), read 0
dgx052:186:400 [4] NCCL INFO Connected to proxy localRank 4 -> connection 0x7fbfd4005198
dgx052:186:395 [4] NCCL INFO NET/IB : GPU Direct RDMA (DMABUF) enabled for HCA 5 'mlx5_6
dgx052:186:400 [4] NCCL INFO Channel 05/0 : 12[4] -> 4[4] [receive] via NET/IBext_v8/5/GDRDMA
dgx052:186:400 [4] NCCL INFO GPU Direct RDMA Enabled for GPU 9d000 / HCA 5 (distance 4 <= 4), read 0
dgx052:184:389 [2] NCCL INFO NET/IB : GPU Direct RDMA (DMABUF) enabled for HCA 3 'mlx5_4
dgx052:183:397 [1] NCCL INFO NET/IB : GPU Direct RDMA (DMABUF) enabled for HCA 2 'mlx5_3
dgx052:186:395 [4] NCCL INFO New proxy recv connection 6 from local rank 4, transport 2
dgx052:186:400 [4] NCCL INFO Connected to proxy localRank 4 -> connection 0x7fbfd4005210
dgx052:186:395 [4] NCCL INFO NET/IB : GPU Direct RDMA (DMABUF) enabled for HCA 5 'mlx5_6
dgx052:184:401 [2] NCCL INFO Channel 03/0 : 10[2] -> 2[2] [receive] via NET/IBext_v8/3/GDRDMA
dgx052:183:402 [1] NCCL INFO Channel 03/0 : 9[1] -> 1[1] [receive] via NET/IBext_v8/2/GDRDMA
dgx052:184:401 [2] NCCL INFO GPU Direct RDMA Enabled for GPU 52000 / HCA 3 (distance 4 <= 4), read 0
dgx052:183:402 [1] NCCL INFO GPU Direct RDMA Enabled for GPU 43000 / HCA 2 (distance 4 <= 4), read 0
dgx052:186:400 [4] NCCL INFO Channel 06/0 : 12[4] -> 4[4] [receive] via NET/IBext_v8/5/GDRDMA
dgx052:186:400 [4] NCCL INFO GPU Direct RDMA Enabled for GPU 9d000 / HCA 5 (distance 4 <= 4), read 0
dgx052:185:383 [3] NCCL INFO New proxy recv connection 4 from local rank 3, transport 2
dgx052:186:395 [4] NCCL INFO New proxy recv connection 7 from local rank 4, transport 2
dgx052:185:404 [3] NCCL INFO Connected to proxy localRank 3 -> connection 0x7f7fb4005120
dgx052:186:400 [4] NCCL INFO Connected to proxy localRank 4 -> connection 0x7fbfd4005288
dgx052:186:395 [4] NCCL INFO NET/IB : GPU Direct RDMA (DMABUF) enabled for HCA 5 'mlx5_6
dgx052:182:387 [0] NCCL INFO New proxy recv connection 4 from local rank 0, transport 2
dgx052:186:400 [4] NCCL INFO Channel 07/0 : 12[4] -> 4[4] [receive] via NET/IBext_v8/5/GDRDMA
dgx052:186:400 [4] NCCL INFO GPU Direct RDMA Enabled for GPU 9d000 / HCA 5 (distance 4 <= 4), read 0
dgx052:186:395 [4] NCCL INFO New proxy recv connection 8 from local rank 4, transport 2
dgx052:186:400 [4] NCCL INFO Connected to proxy localRank 4 -> connection 0x7fbfd4005300
dgx052:182:403 [0] NCCL INFO Connected to proxy localRank 0 -> connection 0x7f86d4005120
dgx052:186:395 [4] NCCL INFO NET/IB : GPU Direct RDMA (DMABUF) enabled for HCA 5 'mlx5_6
dgx052:186:400 [4] NCCL INFO Channel 08/0 : 12[4] -> 4[4] [receive] via NET/IBext_v8/5/GDRDMA
dgx052:186:400 [4] NCCL INFO GPU Direct RDMA Enabled for GPU 9d000 / HCA 5 (distance 4 <= 4), read 0
dgx052:186:395 [4] NCCL INFO New proxy recv connection 9 from local rank 4, transport 2
dgx052:186:400 [4] NCCL INFO Connected to proxy localRank 4 -> connection 0x7fbfd4005378
dgx052:184:389 [2] NCCL INFO New proxy recv connection 4 from local rank 2, transport 2
dgx052:186:395 [4] NCCL INFO NET/IB : GPU Direct RDMA (DMABUF) enabled for HCA 5 'mlx5_6
dgx052:182:387 [0] NCCL INFO NET/IB : GPU Direct RDMA (DMABUF) enabled for HCA 0 'mlx5_0
dgx052:186:400 [4] NCCL INFO Channel 09/0 : 12[4] -> 4[4] [receive] via NET/IBext_v8/5/GDRDMA
dgx052:186:400 [4] NCCL INFO GPU Direct RDMA Enabled for GPU 9d000 / HCA 5 (distance 4 <= 4), read 0
dgx052:183:397 [1] NCCL INFO New proxy recv connection 4 from local rank 1, transport 2
dgx052:184:401 [2] NCCL INFO Connected to proxy localRank 2 -> connection 0x7f849c005120
dgx052:186:395 [4] NCCL INFO New proxy recv connection 10 from local rank 4, transport 2
dgx052:185:383 [3] NCCL INFO NET/IB : GPU Direct RDMA (DMABUF) enabled for HCA 4 'mlx5_5
dgx052:186:400 [4] NCCL INFO Connected to proxy localRank 4 -> connection 0x7fbfd40053f0
dgx052:182:403 [0] NCCL INFO Channel 04/0 : 8[0] -> 0[0] [receive] via NET/IBext_v8/0/GDRDMA
dgx052:182:403 [0] NCCL INFO GPU Direct RDMA Enabled for GPU 1b000 / HCA 0 (distance 4 <= 4), read 0
dgx052:183:402 [1] NCCL INFO Connected to proxy localRank 1 -> connection 0x7fa520005120
dgx052:186:395 [4] NCCL INFO NET/IB : GPU Direct RDMA (DMABUF) enabled for HCA 5 'mlx5_6
dgx052:186:400 [4] NCCL INFO Channel 10/0 : 12[4] -> 4[4] [receive] via NET/IBext_v8/5/GDRDMA
dgx052:186:400 [4] NCCL INFO GPU Direct RDMA Enabled for GPU 9d000 / HCA 5 (distance 4 <= 4), read 0
dgx052:185:404 [3] NCCL INFO Channel 04/0 : 11[3] -> 3[3] [receive] via NET/IBext_v8/4/GDRDMA
dgx052:185:404 [3] NCCL INFO GPU Direct RDMA Enabled for GPU 61000 / HCA 4 (distance 4 <= 4), read 0
dgx052:186:395 [4] NCCL INFO New proxy recv connection 11 from local rank 4, transport 2
dgx052:186:400 [4] NCCL INFO Connected to proxy localRank 4 -> connection 0x7fbfd4005468
dgx052:182:387 [0] NCCL INFO New proxy recv connection 5 from local rank 0, transport 2
dgx052:186:395 [4] NCCL INFO NET/IB : GPU Direct RDMA (DMABUF) enabled for HCA 5 'mlx5_6
dgx052:184:389 [2] NCCL INFO NET/IB : GPU Direct RDMA (DMABUF) enabled for HCA 3 'mlx5_4
dgx052:182:403 [0] NCCL INFO Connected to proxy localRank 0 -> connection 0x7f86d4005198
dgx052:185:383 [3] NCCL INFO New proxy recv connection 5 from local rank 3, transport 2
dgx052:186:400 [4] NCCL INFO Channel 11/0 : 12[4] -> 4[4] [receive] via NET/IBext_v8/5/GDRDMA
dgx052:186:400 [4] NCCL INFO GPU Direct RDMA Enabled for GPU 9d000 / HCA 5 (distance 4 <= 4), read 0
dgx052:185:404 [3] NCCL INFO Connected to proxy localRank 3 -> connection 0x7f7fb4005198
dgx052:183:397 [1] NCCL INFO NET/IB : GPU Direct RDMA (DMABUF) enabled for HCA 2 'mlx5_3
dgx052:186:395 [4] NCCL INFO New proxy recv connection 12 from local rank 4, transport 2
dgx052:186:400 [4] NCCL INFO Connected to proxy localRank 4 -> connection 0x7fbfd40054e0
dgx052:186:395 [4] NCCL INFO NET/IB : GPU Direct RDMA (DMABUF) enabled for HCA 5 'mlx5_6
dgx052:184:401 [2] NCCL INFO Channel 04/0 : 10[2] -> 2[2] [receive] via NET/IBext_v8/3/GDRDMA
dgx052:186:400 [4] NCCL INFO Channel 12/0 : 12[4] -> 4[4] [receive] via NET/IBext_v8/5/GDRDMA
dgx052:186:400 [4] NCCL INFO GPU Direct RDMA Enabled for GPU 9d000 / HCA 5 (distance 4 <= 4), read 0
dgx052:184:401 [2] NCCL INFO GPU Direct RDMA Enabled for GPU 52000 / HCA 3 (distance 4 <= 4), read 0
dgx052:183:402 [1] NCCL INFO Channel 04/0 : 9[1] -> 1[1] [receive] via NET/IBext_v8/2/GDRDMA
dgx052:185:383 [3] NCCL INFO NET/IB : GPU Direct RDMA (DMABUF) enabled for HCA 4 'mlx5_5
dgx052:186:395 [4] NCCL INFO New proxy recv connection 13 from local rank 4, transport 2
dgx052:183:402 [1] NCCL INFO GPU Direct RDMA Enabled for GPU 43000 / HCA 2 (distance 4 <= 4), read 0
dgx052:186:400 [4] NCCL INFO Connected to proxy localRank 4 -> connection 0x7fbfd4005558
dgx052:185:404 [3] NCCL INFO Channel 05/0 : 11[3] -> 3[3] [receive] via NET/IBext_v8/4/GDRDMA
dgx052:185:404 [3] NCCL INFO GPU Direct RDMA Enabled for GPU 61000 / HCA 4 (distance 4 <= 4), read 0
dgx052:186:395 [4] NCCL INFO NET/IB : GPU Direct RDMA (DMABUF) enabled for HCA 5 'mlx5_6
dgx052:186:400 [4] NCCL INFO Channel 13/0 : 12[4] -> 4[4] [receive] via NET/IBext_v8/5/GDRDMA
dgx052:186:400 [4] NCCL INFO GPU Direct RDMA Enabled for GPU 9d000 / HCA 5 (distance 4 <= 4), read 0
dgx052:186:395 [4] NCCL INFO New proxy recv connection 14 from local rank 4, transport 2
dgx052:185:383 [3] NCCL INFO New proxy recv connection 6 from local rank 3, transport 2
dgx052:186:400 [4] NCCL INFO Connected to proxy localRank 4 -> connection 0x7fbfd40055d0
dgx052:185:404 [3] NCCL INFO Connected to proxy localRank 3 -> connection 0x7f7fb4005210
dgx052:186:395 [4] NCCL INFO NET/IB : GPU Direct RDMA (DMABUF) enabled for HCA 5 'mlx5_6
dgx052:186:400 [4] NCCL INFO Channel 14/0 : 12[4] -> 4[4] [receive] via NET/IBext_v8/5/GDRDMA
dgx052:186:400 [4] NCCL INFO GPU Direct RDMA Enabled for GPU 9d000 / HCA 5 (distance 4 <= 4), read 0
dgx052:186:395 [4] NCCL INFO New proxy recv connection 15 from local rank 4, transport 2
dgx052:186:400 [4] NCCL INFO Connected to proxy localRank 4 -> connection 0x7fbfd4005648
dgx052:182:387 [0] NCCL INFO NET/IB : GPU Direct RDMA (DMABUF) enabled for HCA 0 'mlx5_0
dgx052:186:395 [4] NCCL INFO NET/IB : GPU Direct RDMA (DMABUF) enabled for HCA 5 'mlx5_6
dgx052:186:400 [4] NCCL INFO Channel 15/0 : 12[4] -> 4[4] [receive] via NET/IBext_v8/5/GDRDMA
dgx052:186:400 [4] NCCL INFO GPU Direct RDMA Enabled for GPU 9d000 / HCA 5 (distance 4 <= 4), read 0
dgx052:184:389 [2] NCCL INFO New proxy recv connection 5 from local rank 2, transport 2
dgx052:183:397 [1] NCCL INFO New proxy recv connection 5 from local rank 1, transport 2
dgx052:186:395 [4] NCCL INFO New proxy recv connection 16 from local rank 4, transport 2
dgx052:186:400 [4] NCCL INFO Connected to proxy localRank 4 -> connection 0x7fbfd40056c0
dgx052:182:403 [0] NCCL INFO Channel 05/0 : 8[0] -> 0[0] [receive] via NET/IBext_v8/0/GDRDMA
dgx052:182:403 [0] NCCL INFO GPU Direct RDMA Enabled for GPU 1b000 / HCA 0 (distance 4 <= 4), read 0
dgx052:184:401 [2] NCCL INFO Connected to proxy localRank 2 -> connection 0x7f849c005198
dgx052:186:395 [4] NCCL INFO NET/IB : GPU Direct RDMA (DMABUF) enabled for HCA 5 'mlx5_6
dgx052:183:402 [1] NCCL INFO Connected to proxy localRank 1 -> connection 0x7fa520005198
dgx052:185:383 [3] NCCL INFO NET/IB : GPU Direct RDMA (DMABUF) enabled for HCA 4 'mlx5_5
dgx052:186:400 [4] NCCL INFO Channel 16/0 : 12[4] -> 4[4] [receive] via NET/IBext_v8/5/GDRDMA
dgx052:186:400 [4] NCCL INFO GPU Direct RDMA Enabled for GPU 9d000 / HCA 5 (distance 4 <= 4), read 0
dgx052:186:395 [4] NCCL INFO New proxy recv connection 17 from local rank 4, transport 2
dgx052:182:387 [0] NCCL INFO New proxy recv connection 6 from local rank 0, transport 2
dgx052:186:400 [4] NCCL INFO Connected to proxy localRank 4 -> connection 0x7fbfd4005738
dgx052:185:404 [3] NCCL INFO Channel 06/0 : 11[3] -> 3[3] [receive] via NET/IBext_v8/4/GDRDMA
dgx052:185:404 [3] NCCL INFO GPU Direct RDMA Enabled for GPU 61000 / HCA 4 (distance 4 <= 4), read 0
dgx052:186:395 [4] NCCL INFO NET/IB : GPU Direct RDMA (DMABUF) enabled for HCA 5 'mlx5_6
dgx052:182:403 [0] NCCL INFO Connected to proxy localRank 0 -> connection 0x7f86d4005210
dgx052:186:400 [4] NCCL INFO Channel 17/0 : 12[4] -> 4[4] [receive] via NET/IBext_v8/5/GDRDMA
dgx052:186:400 [4] NCCL INFO GPU Direct RDMA Enabled for GPU 9d000 / HCA 5 (distance 4 <= 4), read 0
dgx052:184:389 [2] NCCL INFO NET/IB : GPU Direct RDMA (DMABUF) enabled for HCA 3 'mlx5_4
dgx052:186:395 [4] NCCL INFO New proxy recv connection 18 from local rank 4, transport 2
dgx052:183:397 [1] NCCL INFO NET/IB : GPU Direct RDMA (DMABUF) enabled for HCA 2 'mlx5_3
dgx052:186:400 [4] NCCL INFO Connected to proxy localRank 4 -> connection 0x7fbfd40057b0
dgx052:186:395 [4] NCCL INFO NET/IB : GPU Direct RDMA (DMABUF) enabled for HCA 5 'mlx5_6
dgx052:182:387 [0] NCCL INFO NET/IB : GPU Direct RDMA (DMABUF) enabled for HCA 0 'mlx5_0
dgx052:186:400 [4] NCCL INFO Channel 18/0 : 12[4] -> 4[4] [receive] via NET/IBext_v8/5/GDRDMA
dgx052:186:400 [4] NCCL INFO GPU Direct RDMA Enabled for GPU 9d000 / HCA 5 (distance 4 <= 4), read 0
dgx052:184:401 [2] NCCL INFO Channel 05/0 : 10[2] -> 2[2] [receive] via NET/IBext_v8/3/GDRDMA
dgx052:184:401 [2] NCCL INFO GPU Direct RDMA Enabled for GPU 52000 / HCA 3 (distance 4 <= 4), read 0
dgx052:183:402 [1] NCCL INFO Channel 05/0 : 9[1] -> 1[1] [receive] via NET/IBext_v8/2/GDRDMA
dgx052:183:402 [1] NCCL INFO GPU Direct RDMA Enabled for GPU 43000 / HCA 2 (distance 4 <= 4), read 0
dgx052:186:395 [4] NCCL INFO New proxy recv connection 19 from local rank 4, transport 2
dgx052:182:403 [0] NCCL INFO Channel 06/0 : 8[0] -> 0[0] [receive] via NET/IBext_v8/0/GDRDMA
dgx052:186:400 [4] NCCL INFO Connected to proxy localRank 4 -> connection 0x7fbfd4005828
dgx052:182:403 [0] NCCL INFO GPU Direct RDMA Enabled for GPU 1b000 / HCA 0 (distance 4 <= 4), read 0
dgx052:186:395 [4] NCCL INFO NET/IB : GPU Direct RDMA (DMABUF) enabled for HCA 5 'mlx5_6
dgx052:186:400 [4] NCCL INFO Channel 19/0 : 12[4] -> 4[4] [receive] via NET/IBext_v8/5/GDRDMA
dgx052:186:400 [4] NCCL INFO GPU Direct RDMA Enabled for GPU 9d000 / HCA 5 (distance 4 <= 4), read 0
dgx052:185:383 [3] NCCL INFO New proxy recv connection 7 from local rank 3, transport 2
dgx052:186:395 [4] NCCL INFO New proxy recv connection 20 from local rank 4, transport 2
dgx052:186:400 [4] NCCL INFO Connected to proxy localRank 4 -> connection 0x7fbfd40058a0
dgx052:185:404 [3] NCCL INFO Connected to proxy localRank 3 -> connection 0x7f7fb4005288
dgx052:186:395 [4] NCCL INFO NET/IB : GPU Direct RDMA (DMABUF) enabled for HCA 5 'mlx5_6
dgx052:186:400 [4] NCCL INFO Channel 20/0 : 12[4] -> 4[4] [receive] via NET/IBext_v8/5/GDRDMA
dgx052:186:400 [4] NCCL INFO GPU Direct RDMA Enabled for GPU 9d000 / HCA 5 (distance 4 <= 4), read 0
dgx052:186:395 [4] NCCL INFO New proxy recv connection 21 from local rank 4, transport 2
dgx052:186:400 [4] NCCL INFO Connected to proxy localRank 4 -> connection 0x7fbfd4005918
dgx052:186:395 [4] NCCL INFO NET/IB : GPU Direct RDMA (DMABUF) enabled for HCA 5 'mlx5_6
dgx052:186:400 [4] NCCL INFO Channel 21/0 : 12[4] -> 4[4] [receive] via NET/IBext_v8/5/GDRDMA
dgx052:186:400 [4] NCCL INFO GPU Direct RDMA Enabled for GPU 9d000 / HCA 5 (distance 4 <= 4), read 0
dgx052:184:389 [2] NCCL INFO New proxy recv connection 6 from local rank 2, transport 2
dgx052:186:395 [4] NCCL INFO New proxy recv connection 22 from local rank 4, transport 2
dgx052:186:400 [4] NCCL INFO Connected to proxy localRank 4 -> connection 0x7fbfd4005990
dgx052:183:397 [1] NCCL INFO New proxy recv connection 6 from local rank 1, transport 2
dgx052:184:401 [2] NCCL INFO Connected to proxy localRank 2 -> connection 0x7f849c005210
dgx052:182:387 [0] NCCL INFO New proxy recv connection 7 from local rank 0, transport 2
dgx052:186:395 [4] NCCL INFO NET/IB : GPU Direct RDMA (DMABUF) enabled for HCA 5 'mlx5_6
dgx052:186:400 [4] NCCL INFO Channel 22/0 : 12[4] -> 4[4] [receive] via NET/IBext_v8/5/GDRDMA
dgx052:186:400 [4] NCCL INFO GPU Direct RDMA Enabled for GPU 9d000 / HCA 5 (distance 4 <= 4), read 0
dgx052:182:403 [0] NCCL INFO Connected to proxy localRank 0 -> connection 0x7f86d4005288
dgx052:183:402 [1] NCCL INFO Connected to proxy localRank 1 -> connection 0x7fa520005210
dgx052:185:383 [3] NCCL INFO NET/IB : GPU Direct RDMA (DMABUF) enabled for HCA 4 'mlx5_5
dgx052:186:395 [4] NCCL INFO New proxy recv connection 23 from local rank 4, transport 2
dgx052:186:400 [4] NCCL INFO Connected to proxy localRank 4 -> connection 0x7fbfd4005a08
dgx052:186:395 [4] NCCL INFO NET/IB : GPU Direct RDMA (DMABUF) enabled for HCA 5 'mlx5_6
dgx052:185:404 [3] NCCL INFO Channel 07/0 : 11[3] -> 3[3] [receive] via NET/IBext_v8/4/GDRDMA
dgx052:186:400 [4] NCCL INFO Channel 23/0 : 12[4] -> 4[4] [receive] via NET/IBext_v8/5/GDRDMA
dgx052:186:400 [4] NCCL INFO GPU Direct RDMA Enabled for GPU 9d000 / HCA 5 (distance 4 <= 4), read 0
dgx052:185:404 [3] NCCL INFO GPU Direct RDMA Enabled for GPU 61000 / HCA 4 (distance 4 <= 4), read 0
dgx052:184:389 [2] NCCL INFO NET/IB : GPU Direct RDMA (DMABUF) enabled for HCA 3 'mlx5_4
dgx052:186:395 [4] NCCL INFO New proxy recv connection 24 from local rank 4, transport 2
dgx052:182:387 [0] NCCL INFO NET/IB : GPU Direct RDMA (DMABUF) enabled for HCA 0 'mlx5_0
dgx052:186:400 [4] NCCL INFO Connected to proxy localRank 4 -> connection 0x7fbfd4005a80
dgx052:183:397 [1] NCCL INFO NET/IB : GPU Direct RDMA (DMABUF) enabled for HCA 2 'mlx5_3
dgx052:186:395 [4] NCCL INFO NET/IB : GPU Direct RDMA (DMABUF) enabled for HCA 5 'mlx5_6
dgx052:186:400 [4] NCCL INFO Channel 24/0 : 12[4] -> 4[4] [receive] via NET/IBext_v8/5/GDRDMA
dgx052:186:400 [4] NCCL INFO GPU Direct RDMA Enabled for GPU 9d000 / HCA 5 (distance 4 <= 4), read 0
dgx052:184:401 [2] NCCL INFO Channel 06/0 : 10[2] -> 2[2] [receive] via NET/IBext_v8/3/GDRDMA
dgx052:184:401 [2] NCCL INFO GPU Direct RDMA Enabled for GPU 52000 / HCA 3 (distance 4 <= 4), read 0
dgx052:182:403 [0] NCCL INFO Channel 07/0 : 8[0] -> 0[0] [receive] via NET/IBext_v8/0/GDRDMA
dgx052:182:403 [0] NCCL INFO GPU Direct RDMA Enabled for GPU 1b000 / HCA 0 (distance 4 <= 4), read 0
dgx052:186:395 [4] NCCL INFO New proxy recv connection 25 from local rank 4, transport 2
dgx052:186:400 [4] NCCL INFO Connected to proxy localRank 4 -> connection 0x7fbfd4005af8
dgx052:183:402 [1] NCCL INFO Channel 06/0 : 9[1] -> 1[1] [receive] via NET/IBext_v8/2/GDRDMA
dgx052:186:395 [4] NCCL INFO NET/IB : GPU Direct RDMA (DMABUF) enabled for HCA 5 'mlx5_6
dgx052:183:402 [1] NCCL INFO GPU Direct RDMA Enabled for GPU 43000 / HCA 2 (distance 4 <= 4), read 0
dgx052:186:400 [4] NCCL INFO Channel 25/0 : 12[4] -> 4[4] [receive] via NET/IBext_v8/5/GDRDMA
dgx052:186:400 [4] NCCL INFO GPU Direct RDMA Enabled for GPU 9d000 / HCA 5 (distance 4 <= 4), read 0
dgx052:186:395 [4] NCCL INFO New proxy recv connection 26 from local rank 4, transport 2
dgx052:186:400 [4] NCCL INFO Connected to proxy localRank 4 -> connection 0x7fbfd4005b70
dgx052:186:395 [4] NCCL INFO NET/IB : GPU Direct RDMA (DMABUF) enabled for HCA 5 'mlx5_6
dgx052:185:383 [3] NCCL INFO New proxy recv connection 8 from local rank 3, transport 2
dgx052:186:400 [4] NCCL INFO Channel 26/0 : 12[4] -> 4[4] [receive] via NET/IBext_v8/5/GDRDMA
dgx052:186:400 [4] NCCL INFO GPU Direct RDMA Enabled for GPU 9d000 / HCA 5 (distance 4 <= 4), read 0
dgx052:185:404 [3] NCCL INFO Connected to proxy localRank 3 -> connection 0x7f7fb4005300
dgx052:186:395 [4] NCCL INFO New proxy recv connection 27 from local rank 4, transport 2
dgx052:186:400 [4] NCCL INFO Connected to proxy localRank 4 -> connection 0x7fbfd4005be8
dgx052:186:395 [4] NCCL INFO NET/IB : GPU Direct RDMA (DMABUF) enabled for HCA 5 'mlx5_6
dgx052:186:400 [4] NCCL INFO Channel 27/0 : 12[4] -> 4[4] [receive] via NET/IBext_v8/5/GDRDMA
dgx052:186:400 [4] NCCL INFO GPU Direct RDMA Enabled for GPU 9d000 / HCA 5 (distance 4 <= 4), read 1
dgx052:184:389 [2] NCCL INFO New proxy recv connection 7 from local rank 2, transport 2
dgx052:186:395 [4] NCCL INFO New proxy send connection 28 from local rank 4, transport 2
dgx052:182:387 [0] NCCL INFO New proxy recv connection 8 from local rank 0, transport 2
dgx052:183:397 [1] NCCL INFO New proxy recv connection 7 from local rank 1, transport 2
dgx052:186:400 [4] NCCL INFO Connected to proxy localRank 4 -> connection 0x7fbfd4005c60
dgx052:184:401 [2] NCCL INFO Connected to proxy localRank 2 -> connection 0x7f849c005288
dgx052:186:395 [4] NCCL INFO NET/IB : GPU Direct RDMA (DMABUF) enabled for HCA 5 'mlx5_6
dgx052:182:403 [0] NCCL INFO Connected to proxy localRank 0 -> connection 0x7f86d4005300
dgx052:186:400 [4] NCCL INFO Channel 00/0 : 4[4] -> 12[4] [send] via NET/IBext_v8/5/GDRDMA
dgx052:186:400 [4] NCCL INFO GPU Direct RDMA Enabled for GPU 9d000 / HCA 5 (distance 4 <= 4), read 1
dgx052:183:402 [1] NCCL INFO Connected to proxy localRank 1 -> connection 0x7fa520005288
dgx052:186:395 [4] NCCL INFO New proxy send connection 29 from local rank 4, transport 2
dgx052:186:400 [4] NCCL INFO Connected to proxy localRank 4 -> connection 0x7fbfd4005cd8
dgx052:186:395 [4] NCCL INFO NET/IB : GPU Direct RDMA (DMABUF) enabled for HCA 5 'mlx5_6
dgx052:186:400 [4] NCCL INFO Channel 01/0 : 4[4] -> 12[4] [send] via NET/IBext_v8/5/GDRDMA
dgx052:186:400 [4] NCCL INFO GPU Direct RDMA Enabled for GPU 9d000 / HCA 5 (distance 4 <= 4), read 1
dgx052:185:383 [3] NCCL INFO NET/IB : GPU Direct RDMA (DMABUF) enabled for HCA 4 'mlx5_5
dgx052:182:387 [0] NCCL INFO NET/IB : GPU Direct RDMA (DMABUF) enabled for HCA 0 'mlx5_0
dgx052:186:395 [4] NCCL INFO New proxy send connection 30 from local rank 4, transport 2
dgx052:186:400 [4] NCCL INFO Connected to proxy localRank 4 -> connection 0x7fbfd4005d50
dgx052:186:395 [4] NCCL INFO NET/IB : GPU Direct RDMA (DMABUF) enabled for HCA 5 'mlx5_6
dgx052:183:397 [1] NCCL INFO NET/IB : GPU Direct RDMA (DMABUF) enabled for HCA 2 'mlx5_3
dgx052:186:400 [4] NCCL INFO Channel 02/0 : 4[4] -> 12[4] [send] via NET/IBext_v8/5/GDRDMA
dgx052:186:400 [4] NCCL INFO GPU Direct RDMA Enabled for GPU 9d000 / HCA 5 (distance 4 <= 4), read 1
dgx052:185:404 [3] NCCL INFO Channel 08/0 : 11[3] -> 3[3] [receive] via NET/IBext_v8/4/GDRDMA
dgx052:185:404 [3] NCCL INFO GPU Direct RDMA Enabled for GPU 61000 / HCA 4 (distance 4 <= 4), read 0
dgx052:182:403 [0] NCCL INFO Channel 08/0 : 8[0] -> 0[0] [receive] via NET/IBext_v8/0/GDRDMA
dgx052:186:395 [4] NCCL INFO New proxy send connection 31 from local rank 4, transport 2
dgx052:182:403 [0] NCCL INFO GPU Direct RDMA Enabled for GPU 1b000 / HCA 0 (distance 4 <= 4), read 0
dgx052:186:400 [4] NCCL INFO Connected to proxy localRank 4 -> connection 0x7fbfd4005dc8
dgx052:186:395 [4] NCCL INFO NET/IB : GPU Direct RDMA (DMABUF) enabled for HCA 5 'mlx5_6
dgx052:183:402 [1] NCCL INFO Channel 07/0 : 9[1] -> 1[1] [receive] via NET/IBext_v8/2/GDRDMA
dgx052:186:400 [4] NCCL INFO Channel 03/0 : 4[4] -> 12[4] [send] via NET/IBext_v8/5/GDRDMA
dgx052:186:400 [4] NCCL INFO GPU Direct RDMA Enabled for GPU 9d000 / HCA 5 (distance 4 <= 4), read 1
dgx052:183:402 [1] NCCL INFO GPU Direct RDMA Enabled for GPU 43000 / HCA 2 (distance 4 <= 4), read 0
dgx052:186:395 [4] NCCL INFO New proxy send connection 32 from local rank 4, transport 2
dgx052:182:387 [0] NCCL INFO New proxy recv connection 9 from local rank 0, transport 2
dgx052:186:400 [4] NCCL INFO Connected to proxy localRank 4 -> connection 0x7fbfd4005e40
dgx052:182:403 [0] NCCL INFO Connected to proxy localRank 0 -> connection 0x7f86d4005378
dgx052:186:395 [4] NCCL INFO NET/IB : GPU Direct RDMA (DMABUF) enabled for HCA 5 'mlx5_6
dgx052:186:400 [4] NCCL INFO Channel 04/0 : 4[4] -> 12[4] [send] via NET/IBext_v8/5/GDRDMA
dgx052:186:400 [4] NCCL INFO GPU Direct RDMA Enabled for GPU 9d000 / HCA 5 (distance 4 <= 4), read 1
dgx052:184:389 [2] NCCL INFO NET/IB : GPU Direct RDMA (DMABUF) enabled for HCA 3 'mlx5_4
dgx052:186:395 [4] NCCL INFO New proxy send connection 33 from local rank 4, transport 2
dgx052:186:400 [4] NCCL INFO Connected to proxy localRank 4 -> connection 0x7fbfd4005eb8
dgx052:186:395 [4] NCCL INFO NET/IB : GPU Direct RDMA (DMABUF) enabled for HCA 5 'mlx5_6
dgx052:186:400 [4] NCCL INFO Channel 05/0 : 4[4] -> 12[4] [send] via NET/IBext_v8/5/GDRDMA
dgx052:186:400 [4] NCCL INFO GPU Direct RDMA Enabled for GPU 9d000 / HCA 5 (distance 4 <= 4), read 1
dgx052:185:383 [3] NCCL INFO New proxy recv connection 9 from local rank 3, transport 2
dgx052:186:395 [4] NCCL INFO New proxy send connection 34 from local rank 4, transport 2
dgx052:184:401 [2] NCCL INFO Channel 07/0 : 10[2] -> 2[2] [receive] via NET/IBext_v8/3/GDRDMA
dgx052:185:404 [3] NCCL INFO Connected to proxy localRank 3 -> connection 0x7f7fb4005378
dgx052:186:400 [4] NCCL INFO Connected to proxy localRank 4 -> connection 0x7fbfd4005f30
dgx052:184:401 [2] NCCL INFO GPU Direct RDMA Enabled for GPU 52000 / HCA 3 (distance 4 <= 4), read 0
dgx052:186:395 [4] NCCL INFO NET/IB : GPU Direct RDMA (DMABUF) enabled for HCA 5 'mlx5_6
dgx052:186:400 [4] NCCL INFO Channel 06/0 : 4[4] -> 12[4] [send] via NET/IBext_v8/5/GDRDMA
dgx052:186:400 [4] NCCL INFO GPU Direct RDMA Enabled for GPU 9d000 / HCA 5 (distance 4 <= 4), read 1
dgx052:183:397 [1] NCCL INFO New proxy recv connection 8 from local rank 1, transport 2
dgx052:186:395 [4] NCCL INFO New proxy send connection 35 from local rank 4, transport 2
dgx052:186:400 [4] NCCL INFO Connected to proxy localRank 4 -> connection 0x7fbfd4005fa8
dgx052:186:395 [4] NCCL INFO NET/IB : GPU Direct RDMA (DMABUF) enabled for HCA 5 'mlx5_6
dgx052:183:402 [1] NCCL INFO Connected to proxy localRank 1 -> connection 0x7fa520005300
dgx052:186:400 [4] NCCL INFO Channel 07/0 : 4[4] -> 12[4] [send] via NET/IBext_v8/5/GDRDMA
dgx052:186:400 [4] NCCL INFO GPU Direct RDMA Enabled for GPU 9d000 / HCA 5 (distance 4 <= 4), read 1
dgx052:184:389 [2] NCCL INFO New proxy recv connection 8 from local rank 2, transport 2
dgx052:186:395 [4] NCCL INFO New proxy send connection 36 from local rank 4, transport 2
dgx052:186:400 [4] NCCL INFO Connected to proxy localRank 4 -> connection 0x7fbfd4006020
dgx052:184:401 [2] NCCL INFO Connected to proxy localRank 2 -> connection 0x7f849c005300
dgx052:182:387 [0] NCCL INFO NET/IB : GPU Direct RDMA (DMABUF) enabled for HCA 0 'mlx5_0
dgx052:186:395 [4] NCCL INFO NET/IB : GPU Direct RDMA (DMABUF) enabled for HCA 5 'mlx5_6
dgx052:186:400 [4] NCCL INFO Channel 08/0 : 4[4] -> 12[4] [send] via NET/IBext_v8/5/GDRDMA
dgx052:186:400 [4] NCCL INFO GPU Direct RDMA Enabled for GPU 9d000 / HCA 5 (distance 4 <= 4), read 1
dgx052:186:395 [4] NCCL INFO New proxy send connection 37 from local rank 4, transport 2
dgx052:186:400 [4] NCCL INFO Connected to proxy localRank 4 -> connection 0x7fbfd4006098
dgx052:186:395 [4] NCCL INFO NET/IB : GPU Direct RDMA (DMABUF) enabled for HCA 5 'mlx5_6
dgx052:183:397 [1] NCCL INFO NET/IB : GPU Direct RDMA (DMABUF) enabled for HCA 2 'mlx5_3
dgx052:186:400 [4] NCCL INFO Channel 09/0 : 4[4] -> 12[4] [send] via NET/IBext_v8/5/GDRDMA
dgx052:186:400 [4] NCCL INFO GPU Direct RDMA Enabled for GPU 9d000 / HCA 5 (distance 4 <= 4), read 1
dgx052:185:383 [3] NCCL INFO NET/IB : GPU Direct RDMA (DMABUF) enabled for HCA 4 'mlx5_5
dgx052:182:403 [0] NCCL INFO Channel 09/0 : 8[0] -> 0[0] [receive] via NET/IBext_v8/0/GDRDMA
dgx052:182:403 [0] NCCL INFO GPU Direct RDMA Enabled for GPU 1b000 / HCA 0 (distance 4 <= 4), read 0
dgx052:186:395 [4] NCCL INFO New proxy send connection 38 from local rank 4, transport 2
dgx052:186:400 [4] NCCL INFO Connected to proxy localRank 4 -> connection 0x7fbfd4006110
dgx052:185:404 [3] NCCL INFO Channel 09/0 : 11[3] -> 3[3] [receive] via NET/IBext_v8/4/GDRDMA
dgx052:186:395 [4] NCCL INFO NET/IB : GPU Direct RDMA (DMABUF) enabled for HCA 5 'mlx5_6
dgx052:185:404 [3] NCCL INFO GPU Direct RDMA Enabled for GPU 61000 / HCA 4 (distance 4 <= 4), read 0
dgx052:186:400 [4] NCCL INFO Channel 10/0 : 4[4] -> 12[4] [send] via NET/IBext_v8/5/GDRDMA
dgx052:186:400 [4] NCCL INFO GPU Direct RDMA Enabled for GPU 9d000 / HCA 5 (distance 4 <= 4), read 1
dgx052:183:402 [1] NCCL INFO Channel 08/0 : 9[1] -> 1[1] [receive] via NET/IBext_v8/2/GDRDMA
dgx052:183:402 [1] NCCL INFO GPU Direct RDMA Enabled for GPU 43000 / HCA 2 (distance 4 <= 4), read 0
dgx052:182:387 [0] NCCL INFO New proxy recv connection 10 from local rank 0, transport 2
dgx052:186:395 [4] NCCL INFO New proxy send connection 39 from local rank 4, transport 2
dgx052:186:400 [4] NCCL INFO Connected to proxy localRank 4 -> connection 0x7fbfd4006188
dgx052:182:403 [0] NCCL INFO Connected to proxy localRank 0 -> connection 0x7f86d40053f0
dgx052:186:395 [4] NCCL INFO NET/IB : GPU Direct RDMA (DMABUF) enabled for HCA 5 'mlx5_6
dgx052:185:383 [3] NCCL INFO New proxy recv connection 10 from local rank 3, transport 2
dgx052:186:400 [4] NCCL INFO Channel 11/0 : 4[4] -> 12[4] [send] via NET/IBext_v8/5/GDRDMA
dgx052:186:400 [4] NCCL INFO GPU Direct RDMA Enabled for GPU 9d000 / HCA 5 (distance 4 <= 4), read 1
dgx052:185:404 [3] NCCL INFO Connected to proxy localRank 3 -> connection 0x7f7fb40053f0
dgx052:186:395 [4] NCCL INFO New proxy send connection 40 from local rank 4, transport 2
dgx052:186:400 [4] NCCL INFO Connected to proxy localRank 4 -> connection 0x7fbfd4006200
dgx052:186:395 [4] NCCL INFO NET/IB : GPU Direct RDMA (DMABUF) enabled for HCA 5 'mlx5_6
dgx052:186:400 [4] NCCL INFO Channel 12/0 : 4[4] -> 12[4] [send] via NET/IBext_v8/5/GDRDMA
dgx052:186:400 [4] NCCL INFO GPU Direct RDMA Enabled for GPU 9d000 / HCA 5 (distance 4 <= 4), read 1
dgx052:184:389 [2] NCCL INFO NET/IB : GPU Direct RDMA (DMABUF) enabled for HCA 3 'mlx5_4
dgx052:182:387 [0] NCCL INFO NET/IB : GPU Direct RDMA (DMABUF) enabled for HCA 0 'mlx5_0
dgx052:186:395 [4] NCCL INFO New proxy send connection 41 from local rank 4, transport 2
dgx052:186:400 [4] NCCL INFO Connected to proxy localRank 4 -> connection 0x7fbfd4006278
dgx052:185:383 [3] NCCL INFO NET/IB : GPU Direct RDMA (DMABUF) enabled for HCA 4 'mlx5_5
dgx052:186:395 [4] NCCL INFO NET/IB : GPU Direct RDMA (DMABUF) enabled for HCA 5 'mlx5_6
dgx052:186:400 [4] NCCL INFO Channel 13/0 : 4[4] -> 12[4] [send] via NET/IBext_v8/5/GDRDMA
dgx052:182:403 [0] NCCL INFO Channel 10/0 : 8[0] -> 0[0] [receive] via NET/IBext_v8/0/GDRDMA
dgx052:186:400 [4] NCCL INFO GPU Direct RDMA Enabled for GPU 9d000 / HCA 5 (distance 4 <= 4), read 1
dgx052:182:403 [0] NCCL INFO GPU Direct RDMA Enabled for GPU 1b000 / HCA 0 (distance 4 <= 4), read 0
dgx052:185:404 [3] NCCL INFO Channel 10/0 : 11[3] -> 3[3] [receive] via NET/IBext_v8/4/GDRDMA
dgx052:185:404 [3] NCCL INFO GPU Direct RDMA Enabled for GPU 61000 / HCA 4 (distance 4 <= 4), read 0
dgx052:186:395 [4] NCCL INFO New proxy send connection 42 from local rank 4, transport 2
dgx052:184:401 [2] NCCL INFO Channel 08/0 : 10[2] -> 2[2] [receive] via NET/IBext_v8/3/GDRDMA
dgx052:186:400 [4] NCCL INFO Connected to proxy localRank 4 -> connection 0x7fbfd40062f0
dgx052:184:401 [2] NCCL INFO GPU Direct RDMA Enabled for GPU 52000 / HCA 3 (distance 4 <= 4), read 0
dgx052:183:397 [1] NCCL INFO New proxy recv connection 9 from local rank 1, transport 2
dgx052:186:395 [4] NCCL INFO NET/IB : GPU Direct RDMA (DMABUF) enabled for HCA 5 'mlx5_6
dgx052:186:400 [4] NCCL INFO Channel 14/0 : 4[4] -> 12[4] [send] via NET/IBext_v8/5/GDRDMA
dgx052:186:400 [4] NCCL INFO GPU Direct RDMA Enabled for GPU 9d000 / HCA 5 (distance 4 <= 4), read 1
dgx052:185:383 [3] NCCL INFO New proxy recv connection 11 from local rank 3, transport 2
dgx052:186:395 [4] NCCL INFO New proxy send connection 43 from local rank 4, transport 2
dgx052:185:404 [3] NCCL INFO Connected to proxy localRank 3 -> connection 0x7f7fb4005468
dgx052:183:402 [1] NCCL INFO Connected to proxy localRank 1 -> connection 0x7fa520005378
dgx052:186:400 [4] NCCL INFO Connected to proxy localRank 4 -> connection 0x7fbfd4006368
dgx052:186:395 [4] NCCL INFO NET/IB : GPU Direct RDMA (DMABUF) enabled for HCA 5 'mlx5_6
dgx052:186:400 [4] NCCL INFO Channel 15/0 : 4[4] -> 12[4] [send] via NET/IBext_v8/5/GDRDMA
dgx052:186:400 [4] NCCL INFO GPU Direct RDMA Enabled for GPU 9d000 / HCA 5 (distance 4 <= 4), read 1
dgx052:184:389 [2] NCCL INFO New proxy recv connection 9 from local rank 2, transport 2
dgx052:186:395 [4] NCCL INFO New proxy send connection 44 from local rank 4, transport 2
dgx052:186:400 [4] NCCL INFO Connected to proxy localRank 4 -> connection 0x7fbfd40063e0
dgx052:185:383 [3] NCCL INFO NET/IB : GPU Direct RDMA (DMABUF) enabled for HCA 4 'mlx5_5
dgx052:184:401 [2] NCCL INFO Connected to proxy localRank 2 -> connection 0x7f849c005378
dgx052:186:395 [4] NCCL INFO NET/IB : GPU Direct RDMA (DMABUF) enabled for HCA 5 'mlx5_6
dgx052:186:400 [4] NCCL INFO Channel 16/0 : 4[4] -> 12[4] [send] via NET/IBext_v8/5/GDRDMA
dgx052:186:400 [4] NCCL INFO GPU Direct RDMA Enabled for GPU 9d000 / HCA 5 (distance 4 <= 4), read 1
dgx052:185:404 [3] NCCL INFO Channel 11/0 : 11[3] -> 3[3] [receive] via NET/IBext_v8/4/GDRDMA
dgx052:185:404 [3] NCCL INFO GPU Direct RDMA Enabled for GPU 61000 / HCA 4 (distance 4 <= 4), read 0
dgx052:186:395 [4] NCCL INFO New proxy send connection 45 from local rank 4, transport 2
dgx052:183:397 [1] NCCL INFO NET/IB : GPU Direct RDMA (DMABUF) enabled for HCA 2 'mlx5_3
dgx052:186:400 [4] NCCL INFO Connected to proxy localRank 4 -> connection 0x7fbfd4006458
dgx052:182:387 [0] NCCL INFO New proxy recv connection 11 from local rank 0, transport 2
dgx052:186:395 [4] NCCL INFO NET/IB : GPU Direct RDMA (DMABUF) enabled for HCA 5 'mlx5_6
dgx052:186:400 [4] NCCL INFO Channel 17/0 : 4[4] -> 12[4] [send] via NET/IBext_v8/5/GDRDMA
dgx052:186:400 [4] NCCL INFO GPU Direct RDMA Enabled for GPU 9d000 / HCA 5 (distance 4 <= 4), read 1
