dgx052:187:388 [5] NCCL INFO NET/IB: NCCL Dev 8 IbDev 8 Port 1 qpn 7878 mtu 5 LID 416 subnet-prefix 33022  FLID 0 fifoRkey=0x1813d1 fifoLkey=0x1813d1
dgx052:187:388 [5] NCCL INFO NET/IB: NCCL Dev 8 IbDev 8 Port 1 qpn 7879 mtu 5 LID 416 subnet-prefix 33022  FLID 0 fifoRkey=0x1813d1 fifoLkey=0x1813d1
dgx052:187:388 [5] NCCL INFO NET/IB: NCCL Dev 8 IbDev 8 Port 1 qpn 7880 mtu 5 LID 416 subnet-prefix 33022  FLID 0 fifoRkey=0x1813d1 fifoLkey=0x1813d1
dgx052:187:388 [5] NCCL INFO NET/IB: NCCL Dev 8 IbDev 8 Port 1 qpn 7881 mtu 5 LID 416 subnet-prefix 33022  FLID 0 fifoRkey=0x1813d1 fifoLkey=0x1813d1
dgx052:187:388 [5] NCCL INFO NET/IB: NCCL Dev 8 IbDev 8 Port 1 qpn 7882 mtu 5 LID 416 subnet-prefix 33022  FLID 0 fifoRkey=0x1813d1 fifoLkey=0x1813d1
dgx052:187:388 [5] NCCL INFO NET/IB: NCCL Dev 8 IbDev 8 Port 1 qpn 7883 mtu 5 LID 416 subnet-prefix 33022  FLID 0 fifoRkey=0x1813d1 fifoLkey=0x1813d1
dgx052:187:388 [5] NCCL INFO NET/IB: NCCL Dev 8 IbDev 8 Port 1 qpn 7884 mtu 5 LID 416 subnet-prefix 33022  FLID 0 fifoRkey=0x1813d1 fifoLkey=0x1813d1
dgx052:187:388 [5] NCCL INFO NCCL_IB_SL set by environment to 0.
dgx052:187:388 [5] NCCL INFO NCCL_IB_TIMEOUT set by environment to 22.
dgx052:187:388 [5] NCCL INFO NCCL_IB_RETRY_CNT set by environment to 7.
dgx052:187:388 [5] NCCL INFO NCCL_IB_SPLIT_DATA_ON_QPS set by environment to 1.
dgx052:187:388 [5] NCCL INFO NCCL_IB_AR_THRESHOLD set by environment to 8192.
dgx052:187:388 [5] NCCL INFO NET/IB : GPU Direct RDMA (DMABUF) enabled for HCA 8 'mlx5_10
dgx052:188:292 [6] NCCL INFO Connected to proxy localRank 6 -> connection 0x7f7594004f40
dgx052:188:385 [6] NCCL INFO NET/IB : GPU Direct RDMA (DMABUF) enabled for HCA 6 'mlx5_7
dgx052:188:292 [6] NCCL INFO CollNet 06/0 : 6 [receive] via COLLNET/SHARP/6
[dgx052:0:187 - context.c:670][2026-04-21 18:08:56] INFO job (ID: 723530734553171672) resource request quota: ( osts:0 user_data_per_ost:0 max_groups:0 max_qps:1 max_group_channels:1, num_trees:1)
[dgx052][Apr 21 18:08:58 347474][SR     ][388][error] - no AM service record found(SA query)
[dgx052][Apr 21 18:08:58 385731][RDMA_SR][388][error] - Error event recieved: event: RDMA_CM_EVENT_UNREACHABLE,  error: 1
[dgx052][Apr 21 18:08:58 385767][RDMA_SR][388][error] - Error occured during connection event handle
[dgx052][Apr 21 18:09:01 388837][RDMA_SR][388][error] - poll failed due to poll_timeout=3000.000000, stop
[dgx052][Apr 21 18:09:01 388960][RDMA_SR][388][error] - Poll failed
[dgx052][Apr 21 18:09:01 388994][RDMA_SR][388][error] - Failed to connect
[dgx052][Apr 21 18:09:01 393497][RDMA_SR][388][error] - rdma_resolve_addr failed with error: -1
[dgx052][Apr 21 18:09:01 393591][RDMA_SR][388][error] - rdma_resolve_addr failed with error: -1
[dgx052][Apr 21 18:09:01 393627][SR     ][388][error] - unable to query AM service record(AM query)
[dgx052][Apr 21 18:09:01 393652][GENERAL][388][error] - Could not query AM address, error: -52
[dgx052][Apr 21 18:09:01 393676][GENERAL][388][error] - failed to connect to AM - error -1 received
[dgx052][Apr 21 18:09:01 397453][GENERAL][388][error] - unable to connect to AM
[dgx052][Apr 21 18:09:01 397514][GENERAL][388][warn ] - SHARPD_OP_CREATE_JOB failed with status: 53
[dgx052:0:187 unique id 723530734553171672][2026-04-21 18:09:01] ERROR Failed to connect to Aggregation Manager (sharp_am) in sharp_create_job.

[dgx052:0:187 - context.c:693][2026-04-21 18:09:01] ERROR sharp_create_job failed: Failed to connect to Aggregation Manager (sharp_am)(-53)

dgx052:187:388 [5] sharp_plugin.c:337 NCCL WARN NET/IB : SHARP coll init error: Cannot create SHARP job(-11)

dgx052:187:291 [5] NCCL INFO transport.cc:331 -> 2
dgx052:189:293 [7] NCCL INFO GPU Direct RDMA Disabled for GPU df000 / HCA 9 (distance 6 > 3)
dgx052:188:385 [6] NCCL INFO NCCL_IB_QPS_PER_CONNECTION set by environment to 8.
dgx052:189:387 [7] NCCL INFO New proxy recv connection 0 from local rank 7, transport 3
dgx052:188:385 [6] NCCL INFO NET/IB: NCCL Dev 6 IbDev 6 Port 1 qpn 440 mtu 5 LID 705 subnet-prefix 33022  FLID 0 fifoRkey=0x17bf7d fifoLkey=0x17bf7d
dgx052:188:385 [6] NCCL INFO NET/IB: NCCL Dev 6 IbDev 6 Port 1 qpn 441 mtu 5 LID 705 subnet-prefix 33022  FLID 0 fifoRkey=0x17bf7d fifoLkey=0x17bf7d
dgx052:188:385 [6] NCCL INFO NET/IB: NCCL Dev 6 IbDev 6 Port 1 qpn 442 mtu 5 LID 705 subnet-prefix 33022  FLID 0 fifoRkey=0x17bf7d fifoLkey=0x17bf7d
dgx052:188:385 [6] NCCL INFO NET/IB: NCCL Dev 6 IbDev 6 Port 1 qpn 443 mtu 5 LID 705 subnet-prefix 33022  FLID 0 fifoRkey=0x17bf7d fifoLkey=0x17bf7d
dgx052:188:385 [6] NCCL INFO NET/IB: NCCL Dev 6 IbDev 6 Port 1 qpn 444 mtu 5 LID 705 subnet-prefix 33022  FLID 0 fifoRkey=0x17bf7d fifoLkey=0x17bf7d
dgx052:188:385 [6] NCCL INFO NET/IB: NCCL Dev 6 IbDev 6 Port 1 qpn 445 mtu 5 LID 705 subnet-prefix 33022  FLID 0 fifoRkey=0x17bf7d fifoLkey=0x17bf7d
dgx052:188:385 [6] NCCL INFO NET/IB: NCCL Dev 6 IbDev 6 Port 1 qpn 446 mtu 5 LID 705 subnet-prefix 33022  FLID 0 fifoRkey=0x17bf7d fifoLkey=0x17bf7d
dgx052:188:385 [6] NCCL INFO NET/IB: NCCL Dev 6 IbDev 6 Port 1 qpn 447 mtu 5 LID 705 subnet-prefix 33022  FLID 0 fifoRkey=0x17bf7d fifoLkey=0x17bf7d
dgx052:188:385 [6] NCCL INFO NCCL_IB_SL set by environment to 0.
dgx052:188:385 [6] NCCL INFO NCCL_IB_TIMEOUT set by environment to 22.
dgx052:188:385 [6] NCCL INFO NCCL_IB_RETRY_CNT set by environment to 7.
dgx052:188:385 [6] NCCL INFO NCCL_IB_SPLIT_DATA_ON_QPS set by environment to 1.
dgx052:188:385 [6] NCCL INFO NCCL_IB_AR_THRESHOLD set by environment to 8192.
dgx052:188:385 [6] NCCL INFO NET/IB : GPU Direct RDMA (DMABUF) enabled for HCA 6 'mlx5_7
dgx052:189:293 [7] NCCL INFO Connected to proxy localRank 7 -> connection 0x7fc39c004f40
dgx052:189:387 [7] NCCL INFO NET/IB : GPU Direct RDMA (DMABUF) enabled for HCA 9 'mlx5_11
dgx052:189:293 [7] NCCL INFO CollNet 07/0 : 7 [receive] via COLLNET/SHARP/9
[dgx052:0:188 - context.c:670][2026-04-21 18:09:02] INFO job (ID: 723530841984256415) resource request quota: ( osts:0 user_data_per_ost:0 max_groups:0 max_qps:1 max_group_channels:1, num_trees:1)
[dgx052][Apr 21 18:09:03 803850][SR     ][385][error] - no AM service record found(SA query)
[dgx052][Apr 21 18:09:03 843673][RDMA_SR][385][error] - Error event recieved: event: RDMA_CM_EVENT_UNREACHABLE,  error: 1
[dgx052][Apr 21 18:09:03 843712][RDMA_SR][385][error] - Error occured during connection event handle
[dgx052][Apr 21 18:09:06 845879][RDMA_SR][385][error] - poll failed due to poll_timeout=3000.000000, stop
[dgx052][Apr 21 18:09:06 845993][RDMA_SR][385][error] - Poll failed
[dgx052][Apr 21 18:09:06 846027][RDMA_SR][385][error] - Failed to connect
[dgx052][Apr 21 18:09:06 850645][RDMA_SR][385][error] - rdma_resolve_addr failed with error: -1
[dgx052][Apr 21 18:09:06 850759][RDMA_SR][385][error] - rdma_resolve_addr failed with error: -1
[dgx052][Apr 21 18:09:06 850797][SR     ][385][error] - unable to query AM service record(AM query)
[dgx052][Apr 21 18:09:06 850827][GENERAL][385][error] - Could not query AM address, error: -52
[dgx052][Apr 21 18:09:06 850857][GENERAL][385][error] - failed to connect to AM - error -1 received
[dgx052][Apr 21 18:09:06 853014][GENERAL][385][error] - unable to connect to AM
[dgx052][Apr 21 18:09:06 853081][GENERAL][385][warn ] - SHARPD_OP_CREATE_JOB failed with status: 53
[dgx052:0:188 unique id 723530841984256415][2026-04-21 18:09:06] ERROR Failed to connect to Aggregation Manager (sharp_am) in sharp_create_job.

[dgx052:0:188 - context.c:693][2026-04-21 18:09:06] ERROR sharp_create_job failed: Failed to connect to Aggregation Manager (sharp_am)(-53)

dgx052:188:385 [6] sharp_plugin.c:337 NCCL WARN NET/IB : SHARP coll init error: Cannot create SHARP job(-11)

dgx052:188:292 [6] NCCL INFO transport.cc:331 -> 2
dgx052:189:387 [7] NCCL INFO NCCL_IB_QPS_PER_CONNECTION set by environment to 8.
dgx052:189:387 [7] NCCL INFO NET/IB: NCCL Dev 9 IbDev 9 Port 1 qpn 7816 mtu 5 LID 419 subnet-prefix 33022  FLID 0 fifoRkey=0x17ecaa fifoLkey=0x17ecaa
dgx052:189:387 [7] NCCL INFO NET/IB: NCCL Dev 9 IbDev 9 Port 1 qpn 7817 mtu 5 LID 419 subnet-prefix 33022  FLID 0 fifoRkey=0x17ecaa fifoLkey=0x17ecaa
dgx052:189:387 [7] NCCL INFO NET/IB: NCCL Dev 9 IbDev 9 Port 1 qpn 7818 mtu 5 LID 419 subnet-prefix 33022  FLID 0 fifoRkey=0x17ecaa fifoLkey=0x17ecaa
dgx052:189:387 [7] NCCL INFO NET/IB: NCCL Dev 9 IbDev 9 Port 1 qpn 7819 mtu 5 LID 419 subnet-prefix 33022  FLID 0 fifoRkey=0x17ecaa fifoLkey=0x17ecaa
dgx052:189:387 [7] NCCL INFO NET/IB: NCCL Dev 9 IbDev 9 Port 1 qpn 7820 mtu 5 LID 419 subnet-prefix 33022  FLID 0 fifoRkey=0x17ecaa fifoLkey=0x17ecaa
dgx052:189:387 [7] NCCL INFO NET/IB: NCCL Dev 9 IbDev 9 Port 1 qpn 7821 mtu 5 LID 419 subnet-prefix 33022  FLID 0 fifoRkey=0x17ecaa fifoLkey=0x17ecaa
dgx052:189:387 [7] NCCL INFO NET/IB: NCCL Dev 9 IbDev 9 Port 1 qpn 7822 mtu 5 LID 419 subnet-prefix 33022  FLID 0 fifoRkey=0x17ecaa fifoLkey=0x17ecaa
dgx052:189:387 [7] NCCL INFO NET/IB: NCCL Dev 9 IbDev 9 Port 1 qpn 7823 mtu 5 LID 419 subnet-prefix 33022  FLID 0 fifoRkey=0x17ecaa fifoLkey=0x17ecaa
dgx052:189:387 [7] NCCL INFO NCCL_IB_SL set by environment to 0.
dgx052:189:387 [7] NCCL INFO NCCL_IB_TIMEOUT set by environment to 22.
dgx052:189:387 [7] NCCL INFO NCCL_IB_RETRY_CNT set by environment to 7.
dgx052:189:387 [7] NCCL INFO NCCL_IB_SPLIT_DATA_ON_QPS set by environment to 1.
dgx052:189:387 [7] NCCL INFO NCCL_IB_AR_THRESHOLD set by environment to 8192.
dgx052:189:387 [7] NCCL INFO NET/IB : GPU Direct RDMA (DMABUF) enabled for HCA 9 'mlx5_11
[dgx052:0:189 - context.c:670][2026-04-21 18:09:07] INFO job (ID: 723531185655092708) resource request quota: ( osts:0 user_data_per_ost:0 max_groups:0 max_qps:1 max_group_channels:1, num_trees:1)
[dgx052][Apr 21 18:09:09 333290][SR     ][387][error] - no AM service record found(SA query)
[dgx052][Apr 21 18:09:09 372862][RDMA_SR][387][error] - Error event recieved: event: RDMA_CM_EVENT_UNREACHABLE,  error: 1
[dgx052][Apr 21 18:09:09 372902][RDMA_SR][387][error] - Error occured during connection event handle
[dgx052][Apr 21 18:09:12 375888][RDMA_SR][387][error] - poll failed due to poll_timeout=3000.000000, stop
[dgx052][Apr 21 18:09:12 376004][RDMA_SR][387][error] - Poll failed
[dgx052][Apr 21 18:09:12 376040][RDMA_SR][387][error] - Failed to connect
[dgx052][Apr 21 18:09:12 379212][RDMA_SR][387][error] - rdma_resolve_addr failed with error: -1
[dgx052][Apr 21 18:09:12 379326][RDMA_SR][387][error] - rdma_resolve_addr failed with error: -1
[dgx052][Apr 21 18:09:12 379366][SR     ][387][error] - unable to query AM service record(AM query)
[dgx052][Apr 21 18:09:12 379396][GENERAL][387][error] - Could not query AM address, error: -52
[dgx052][Apr 21 18:09:12 379425][GENERAL][387][error] - failed to connect to AM - error -1 received
[dgx052][Apr 21 18:09:12 382808][GENERAL][387][error] - unable to connect to AM
[dgx052][Apr 21 18:09:12 382870][GENERAL][387][warn ] - SHARPD_OP_CREATE_JOB failed with status: 53
[dgx052:0:189 unique id 723531185655092708][2026-04-21 18:09:12] ERROR Failed to connect to Aggregation Manager (sharp_am) in sharp_create_job.

[dgx052:0:189 - context.c:693][2026-04-21 18:09:12] ERROR sharp_create_job failed: Failed to connect to Aggregation Manager (sharp_am)(-53)

dgx052:189:387 [7] sharp_plugin.c:337 NCCL WARN NET/IB : SHARP coll init error: Cannot create SHARP job(-11)

dgx052:189:293 [7] NCCL INFO transport.cc:331 -> 2
dgx052:188:292 [6] NCCL INFO transport/coll_net.cc:1375 -> 2
dgx052:188:292 [6] NCCL INFO NCCL_NTHREADS set by environment to 512.
dgx052:187:291 [5] NCCL INFO transport/coll_net.cc:1375 -> 2
dgx052:186:288 [4] NCCL INFO transport/coll_net.cc:1375 -> 2
dgx052:189:293 [7] NCCL INFO transport/coll_net.cc:1375 -> 2
dgx052:188:292 [6] NCCL INFO threadThresholds 8/8/64 | 128/8/64 | 512 | 512
dgx052:187:291 [5] NCCL INFO NCCL_NTHREADS set by environment to 512.
dgx052:188:292 [6] NCCL INFO 16 coll channels, 16 collnet channels, 16 nvls channels, 16 p2p channels, 2 p2p channels per peer
dgx052:189:293 [7] NCCL INFO NCCL_NTHREADS set by environment to 512.
dgx052:186:288 [4] NCCL INFO NCCL_NTHREADS set by environment to 512.
dgx052:187:291 [5] NCCL INFO threadThresholds 8/8/64 | 128/8/64 | 512 | 512
dgx052:189:293 [7] NCCL INFO threadThresholds 8/8/64 | 128/8/64 | 512 | 512
dgx052:187:291 [5] NCCL INFO 16 coll channels, 16 collnet channels, 16 nvls channels, 16 p2p channels, 2 p2p channels per peer
dgx052:186:288 [4] NCCL INFO threadThresholds 8/8/64 | 128/8/64 | 512 | 512
dgx052:185:289 [3] NCCL INFO transport/coll_net.cc:1375 -> 2
dgx052:189:293 [7] NCCL INFO 16 coll channels, 16 collnet channels, 16 nvls channels, 16 p2p channels, 2 p2p channels per peer
dgx052:184:290 [2] NCCL INFO transport/coll_net.cc:1375 -> 2
dgx052:186:288 [4] NCCL INFO 16 coll channels, 16 collnet channels, 16 nvls channels, 16 p2p channels, 2 p2p channels per peer
dgx052:183:294 [1] NCCL INFO transport/coll_net.cc:1375 -> 2

dgx052:182:287 [0] transport.cc:360 NCCL WARN Cannot initialize CollNet, using point-to-point network instead
dgx052:184:290 [2] NCCL INFO NCCL_NTHREADS set by environment to 512.
dgx052:185:289 [3] NCCL INFO NCCL_NTHREADS set by environment to 512.
dgx052:182:287 [0] NCCL INFO transport/coll_net.cc:1375 -> 2
dgx052:183:294 [1] NCCL INFO NCCL_NTHREADS set by environment to 512.
dgx052:184:290 [2] NCCL INFO threadThresholds 8/8/64 | 128/8/64 | 512 | 512
dgx052:182:287 [0] NCCL INFO NCCL_NTHREADS set by environment to 512.
dgx052:185:289 [3] NCCL INFO threadThresholds 8/8/64 | 128/8/64 | 512 | 512
dgx052:184:290 [2] NCCL INFO 16 coll channels, 16 collnet channels, 16 nvls channels, 16 p2p channels, 2 p2p channels per peer
dgx052:183:294 [1] NCCL INFO threadThresholds 8/8/64 | 128/8/64 | 512 | 512
dgx052:185:289 [3] NCCL INFO 16 coll channels, 16 collnet channels, 16 nvls channels, 16 p2p channels, 2 p2p channels per peer
dgx052:183:294 [1] NCCL INFO 16 coll channels, 16 collnet channels, 16 nvls channels, 16 p2p channels, 2 p2p channels per peer
dgx052:182:287 [0] NCCL INFO   Algorithm   |                            Tree                  |                            Ring                  |                   CollNetDirect                  |
dgx052:182:287 [0] NCCL INFO   Protocol    |             LL |          LL128 |         Simple |             LL |          LL128 |         Simple |             LL |          LL128 |         Simple |
dgx052:182:287 [0] NCCL INFO  Max NThreads |            512 |            640 |            512 |            512 |            640 |            512 |              0 |              0 |            640 |
dgx052:182:287 [0] NCCL INFO     Broadcast |     0.0/   0.0 |     0.0/   0.0 |     0.0/   0.0 |    49.8/  39.0 |    78.0/   0.0 |   456.4/ 200.0 |     0.0/   0.0 |     0.0/   0.0 |     0.0/   0.0 |
dgx052:182:287 [0] NCCL INFO        Reduce |     0.0/   0.0 |     0.0/   0.0 |     0.0/   0.0 |    49.8/  39.0 |    78.0/   0.0 |   456.4/ 200.0 |     0.0/   0.0 |     0.0/   0.0 |     0.0/   0.0 |
dgx052:182:287 [0] NCCL INFO     AllGather |     0.0/   0.0 |     0.0/   0.0 |     0.0/   0.0 |    23.3/  41.6 |    44.6/   0.0 |    70.0/ 213.3 |     5.6/   0.0 |     5.6/   0.0 |    44.0/   0.0 |
dgx052:182:287 [0] NCCL INFO ReduceScatter |     0.0/   0.0 |     0.0/   0.0 |     0.0/   0.0 |    23.3/  41.6 |    44.6/   0.0 |    70.0/ 213.3 |     5.6/   0.0 |     5.6/   0.0 |    44.0/   0.0 |
dgx052:182:287 [0] NCCL INFO     AllReduce |    25.2/  19.5 |    48.5/   0.0 |   448.0/ 103.5 |    43.4/  20.8 |    79.4/   0.0 |   152.8/ 106.7 |     5.6/   0.0 |     5.6/   0.0 |    44.0/   0.0 |
dgx052:182:287 [0] NCCL INFO   Algorithm   |                    CollNetChain                  |                            NVLS                  |                        NVLSTree                  |
dgx052:182:287 [0] NCCL INFO   Protocol    |             LL |          LL128 |         Simple |             LL |          LL128 |         Simple |             LL |          LL128 |         Simple |
dgx052:182:287 [0] NCCL INFO  Max NThreads |              0 |              0 |            640 |              0 |              0 |            640 |              0 |              0 |            640 |
dgx052:182:287 [0] NCCL INFO     Broadcast |     0.0/   0.0 |     0.0/   0.0 |     0.0/   0.0 |     0.0/   0.0 |     0.0/   0.0 |     0.0/   0.0 |     0.0/   0.0 |     0.0/   0.0 |     0.0/   0.0 |
dgx052:182:287 [0] NCCL INFO        Reduce |     0.0/   0.0 |     0.0/   0.0 |     0.0/   0.0 |     0.0/   0.0 |     0.0/   0.0 |     0.0/   0.0 |     0.0/   0.0 |     0.0/   0.0 |     0.0/   0.0 |
dgx052:182:287 [0] NCCL INFO     AllGather |     0.0/   0.0 |     0.0/   0.0 |     0.0/   0.0 |     0.0/   0.0 |     0.0/   0.0 |    43.0/   0.0 |     0.0/   0.0 |     0.0/   0.0 |     0.0/   0.0 |
dgx052:182:287 [0] NCCL INFO ReduceScatter |     0.0/   0.0 |     0.0/   0.0 |     0.0/   0.0 |     0.0/   0.0 |     0.0/   0.0 |    43.0/   0.0 |     0.0/   0.0 |     0.0/   0.0 |     0.0/   0.0 |
dgx052:182:287 [0] NCCL INFO     AllReduce |     0.0/   0.0 |     0.0/   0.0 |    69.2/   0.0 |     0.0/   0.0 |     0.0/   0.0 |    43.0/   0.0 |     0.0/   0.0 |     0.0/   0.0 |    53.0/ 133.3 |
dgx052:182:287 [0] NCCL INFO threadThresholds 8/8/64 | 128/8/64 | 512 | 512
dgx052:182:287 [0] NCCL INFO 16 coll channels, 16 collnet channels, 16 nvls channels, 16 p2p channels, 2 p2p channels per peer
dgx052:182:287 [0] NCCL INFO CC Off, Multi-GPU CC Off, workFifoBytes 1048576
dgx052:189:293 [7] NCCL INFO TUNER/Plugin: Failed to find ncclTunerPlugin_v3 symbol.
dgx052:189:293 [7] NCCL INFO TUNER/Plugin: Failed to find ncclTunerPlugin_v2 symbol, using internal tuner instead.
dgx052:189:293 [7] NCCL INFO ncclCommInitRank comm 0x563607b72c20 rank 7 nranks 16 cudaDev 7 nvmlDev 7 busId df000 commId 0xe57e4a231a7e831c - Init COMPLETE
dgx052:189:293 [7] NCCL INFO Init timings: rank 7 nranks 16 total 48.28 (kernels 0.20, bootstrap 1.25, allgathers 0.97, topo 0.07, graphs 1.20, connections 44.59, rest 0.00)
dgx052:187:291 [5] NCCL INFO TUNER/Plugin: Failed to find ncclTunerPlugin_v3 symbol.
dgx052:187:291 [5] NCCL INFO TUNER/Plugin: Failed to find ncclTunerPlugin_v2 symbol, using internal tuner instead.
dgx052:187:291 [5] NCCL INFO ncclCommInitRank comm 0x55f60638c680 rank 5 nranks 16 cudaDev 5 nvmlDev 5 busId c3000 commId 0xe57e4a231a7e831c - Init COMPLETE
dgx052:187:291 [5] NCCL INFO Init timings: rank 5 nranks 16 total 48.28 (kernels 0.34, bootstrap 1.12, allgathers 1.00, topo 0.07, graphs 1.16, connections 44.59, rest 0.00)
dgx052:182:287 [0] NCCL INFO TUNER/Plugin: Failed to find ncclTunerPlugin_v3 symbol.
dgx052:183:294 [1] NCCL INFO TUNER/Plugin: Failed to find ncclTunerPlugin_v3 symbol.
dgx052:186:288 [4] NCCL INFO TUNER/Plugin: Failed to find ncclTunerPlugin_v3 symbol.
dgx052:185:289 [3] NCCL INFO TUNER/Plugin: Failed to find ncclTunerPlugin_v3 symbol.
dgx052:188:292 [6] NCCL INFO TUNER/Plugin: Failed to find ncclTunerPlugin_v3 symbol.
dgx052:184:290 [2] NCCL INFO TUNER/Plugin: Failed to find ncclTunerPlugin_v3 symbol.
dgx052:182:287 [0] NCCL INFO TUNER/Plugin: Failed to find ncclTunerPlugin_v2 symbol, using internal tuner instead.
dgx052:186:288 [4] NCCL INFO TUNER/Plugin: Failed to find ncclTunerPlugin_v2 symbol, using internal tuner instead.
dgx052:185:289 [3] NCCL INFO TUNER/Plugin: Failed to find ncclTunerPlugin_v2 symbol, using internal tuner instead.
dgx052:184:290 [2] NCCL INFO TUNER/Plugin: Failed to find ncclTunerPlugin_v2 symbol, using internal tuner instead.
dgx052:183:294 [1] NCCL INFO TUNER/Plugin: Failed to find ncclTunerPlugin_v2 symbol, using internal tuner instead.
dgx052:188:292 [6] NCCL INFO TUNER/Plugin: Failed to find ncclTunerPlugin_v2 symbol, using internal tuner instead.
dgx052:182:287 [0] NCCL INFO ncclCommInitRank comm 0x556fea13d980 rank 0 nranks 16 cudaDev 0 nvmlDev 0 busId 1b000 commId 0xe57e4a231a7e831c - Init COMPLETE
dgx052:186:288 [4] NCCL INFO ncclCommInitRank comm 0x55d2a01f3d90 rank 4 nranks 16 cudaDev 4 nvmlDev 4 busId 9d000 commId 0xe57e4a231a7e831c - Init COMPLETE
dgx052:183:294 [1] NCCL INFO ncclCommInitRank comm 0x561f9a9c1150 rank 1 nranks 16 cudaDev 1 nvmlDev 1 busId 43000 commId 0xe57e4a231a7e831c - Init COMPLETE
dgx052:185:289 [3] NCCL INFO ncclCommInitRank comm 0x55ee1ec26500 rank 3 nranks 16 cudaDev 3 nvmlDev 3 busId 61000 commId 0xe57e4a231a7e831c - Init COMPLETE
dgx052:184:290 [2] NCCL INFO ncclCommInitRank comm 0x563f1aaaadb0 rank 2 nranks 16 cudaDev 2 nvmlDev 2 busId 52000 commId 0xe57e4a231a7e831c - Init COMPLETE
dgx052:188:292 [6] NCCL INFO ncclCommInitRank comm 0x564fe80bedf0 rank 6 nranks 16 cudaDev 6 nvmlDev 6 busId d1000 commId 0xe57e4a231a7e831c - Init COMPLETE
dgx052:182:287 [0] NCCL INFO Init timings: rank 0 nranks 16 total 48.33 (kernels 0.32, bootstrap 1.19, allgathers 0.03, topo 0.07, graphs 2.14, connections 44.59, rest 0.00)
dgx052:186:288 [4] NCCL INFO Init timings: rank 4 nranks 16 total 48.29 (kernels 0.32, bootstrap 1.15, allgathers 0.02, topo 0.07, graphs 2.14, connections 44.59, rest 0.00)
dgx052:185:289 [3] NCCL INFO Init timings: rank 3 nranks 16 total 48.29 (kernels 0.36, bootstrap 1.10, allgathers 0.70, topo 0.07, graphs 1.46, connections 44.59, rest 0.00)
dgx052:184:290 [2] NCCL INFO Init timings: rank 2 nranks 16 total 48.28 (kernels 0.36, bootstrap 1.10, allgathers 0.82, topo 0.07, graphs 1.34, connections 44.59, rest 0.00)
dgx052:183:294 [1] NCCL INFO Init timings: rank 1 nranks 16 total 48.24 (kernels 0.20, bootstrap 1.22, allgathers 0.93, topo 0.07, graphs 1.24, connections 44.59, rest 0.00)
dgx052:188:292 [6] NCCL INFO Init timings: rank 6 nranks 16 total 48.28 (kernels 0.20, bootstrap 1.26, allgathers 1.03, topo 0.07, graphs 1.13, connections 44.59, rest 0.00)
dgx052:189:189 [7] NCCL INFO AllReduce: opCount 0 sendbuff 0x7fc3f5e00000 recvbuff 0x7fc3f5e00000 count 262144 datatype 7 op 0 root 0 comm 0x563607b72c20 [nranks=16] stream 0x5636006df4e0
dgx052:184:184 [2] NCCL INFO AllReduce: opCount 0 sendbuff 0x7f6537e00000 recvbuff 0x7f6537e00000 count 262144 datatype 7 op 0 root 0 comm 0x563f1aaaadb0 [nranks=16] stream 0x563f135f74e0
dgx052:185:185 [3] NCCL INFO AllReduce: opCount 0 sendbuff 0x7fe55be00000 recvbuff 0x7fe55be00000 count 262144 datatype 7 op 0 root 0 comm 0x55ee1ec26500 [nranks=16] stream 0x55ee17792590
dgx052:188:188 [6] NCCL INFO AllReduce: opCount 0 sendbuff 0x7f75ede00000 recvbuff 0x7f75ede00000 count 262144 datatype 7 op 0 root 0 comm 0x564fe80bedf0 [nranks=16] stream 0x564fe0c2b4e0
dgx052:183:183 [1] NCCL INFO AllReduce: opCount 0 sendbuff 0x7f4851e00000 recvbuff 0x7f4851e00000 count 262144 datatype 7 op 0 root 0 comm 0x561f9a9c1150 [nranks=16] stream 0x561f9354d590
dgx052:186:186 [4] NCCL INFO AllReduce: opCount 0 sendbuff 0x7f1b83e00000 recvbuff 0x7f1b83e00000 count 262144 datatype 7 op 0 root 0 comm 0x55d2a01f3d90 [nranks=16] stream 0x55d298d80590
dgx052:182:182 [0] NCCL INFO AllReduce: opCount 0 sendbuff 0x7fd8a5e00000 recvbuff 0x7fd8a5e00000 count 262144 datatype 7 op 0 root 0 comm 0x556fea13d980 [nranks=16] stream 0x556fe2ca14e0
dgx052:182:182 [0] NCCL INFO 1048576 Bytes -> Algo 5 proto 2 time 60.864319
dgx052:187:187 [5] NCCL INFO AllReduce: opCount 0 sendbuff 0x7f5edbe00000 recvbuff 0x7f5edbe00000 count 262144 datatype 7 op 0 root 0 comm 0x55f60638c680 [nranks=16] stream 0x55f5feef94e0
dgx052:187:471 [5] NCCL INFO NVLS comm 0x55f60638c680 headRank 5 nHeads 8 buffSize 4194304 nvlsPerRankSize 134217728 nvlsTotalSize 1073741824
dgx052:184:474 [2] NCCL INFO NVLS comm 0x563f1aaaadb0 headRank 2 nHeads 8 buffSize 4194304 nvlsPerRankSize 134217728 nvlsTotalSize 1073741824
dgx052:183:475 [1] NCCL INFO NVLS comm 0x561f9a9c1150 headRank 1 nHeads 8 buffSize 4194304 nvlsPerRankSize 134217728 nvlsTotalSize 1073741824
dgx052:182:472 [0] NCCL INFO NVLS comm 0x556fea13d980 headRank 0 nHeads 8 buffSize 4194304 nvlsPerRankSize 134217728 nvlsTotalSize 1073741824
dgx052:189:477 [7] NCCL INFO NVLS comm 0x563607b72c20 headRank 7 nHeads 8 buffSize 4194304 nvlsPerRankSize 134217728 nvlsTotalSize 1073741824
dgx052:188:473 [6] NCCL INFO NVLS comm 0x564fe80bedf0 headRank 6 nHeads 8 buffSize 4194304 nvlsPerRankSize 134217728 nvlsTotalSize 1073741824
dgx052:186:478 [4] NCCL INFO NVLS comm 0x55d2a01f3d90 headRank 4 nHeads 8 buffSize 4194304 nvlsPerRankSize 134217728 nvlsTotalSize 1073741824
dgx052:185:476 [3] NCCL INFO NVLS comm 0x55ee1ec26500 headRank 3 nHeads 8 buffSize 4194304 nvlsPerRankSize 134217728 nvlsTotalSize 1073741824
dgx052:187:471 [5] NCCL INFO GPU Direct RDMA Disabled for GPU c3000 / HCA 8 (distance 6 > 3)
dgx052:183:475 [1] NCCL INFO GPU Direct RDMA Disabled for GPU 43000 / HCA 1 (distance 6 > 3)
dgx052:186:478 [4] NCCL INFO GPU Direct RDMA Disabled for GPU 9d000 / HCA 5 (distance 6 > 3)
dgx052:182:472 [0] NCCL INFO GPU Direct RDMA Disabled for GPU 1b000 / HCA 0 (distance 6 > 3)
dgx052:183:384 [1] NCCL INFO New proxy recv connection 1 from local rank 1, transport 2
dgx052:183:475 [1] NCCL INFO Connected to proxy localRank 1 -> connection 0x7f47fc004fb8
dgx052:184:474 [2] NCCL INFO GPU Direct RDMA Disabled for GPU 52000 / HCA 2 (distance 6 > 3)
dgx052:185:476 [3] NCCL INFO GPU Direct RDMA Disabled for GPU 61000 / HCA 3 (distance 6 > 3)
dgx052:183:384 [1] NCCL INFO NET/IB : GPU Direct RDMA (DMABUF) enabled for HCA 1 'mlx5_1
dgx052:188:473 [6] NCCL INFO GPU Direct RDMA Disabled for GPU d1000 / HCA 6 (distance 6 > 3)
dgx052:189:477 [7] NCCL INFO GPU Direct RDMA Disabled for GPU df000 / HCA 9 (distance 6 > 3)
dgx052:183:475 [1] NCCL INFO Channel 00/0 : 9[1] -> 1[1] [receive] via NET/IBext_v8/1
dgx052:183:475 [1] NCCL INFO GPU Direct RDMA Disabled for GPU 43000 / HCA 1 (distance 6 > 3)
dgx052:183:384 [1] NCCL INFO New proxy recv connection 2 from local rank 1, transport 2
dgx052:187:388 [5] NCCL INFO New proxy recv connection 1 from local rank 5, transport 2
dgx052:183:475 [1] NCCL INFO Connected to proxy localRank 1 -> connection 0x7f47fc005030
dgx052:183:384 [1] NCCL INFO NET/IB : GPU Direct RDMA (DMABUF) enabled for HCA 1 'mlx5_1
dgx052:186:391 [4] NCCL INFO New proxy recv connection 1 from local rank 4, transport 2
dgx052:187:471 [5] NCCL INFO Connected to proxy localRank 5 -> connection 0x7f5e78004fb8
dgx052:183:475 [1] NCCL INFO Channel 01/0 : 9[1] -> 1[1] [receive] via NET/IBext_v8/1
dgx052:183:475 [1] NCCL INFO GPU Direct RDMA Disabled for GPU 43000 / HCA 1 (distance 6 > 3)
dgx052:183:384 [1] NCCL INFO New proxy recv connection 3 from local rank 1, transport 2
dgx052:186:478 [4] NCCL INFO Connected to proxy localRank 4 -> connection 0x7f1b28004fb8
dgx052:183:475 [1] NCCL INFO Connected to proxy localRank 1 -> connection 0x7f47fc0050a8
dgx052:184:390 [2] NCCL INFO New proxy recv connection 1 from local rank 2, transport 2
dgx052:185:383 [3] NCCL INFO New proxy recv connection 1 from local rank 3, transport 2
dgx052:182:396 [0] NCCL INFO New proxy recv connection 1 from local rank 0, transport 2
dgx052:183:384 [1] NCCL INFO NET/IB : GPU Direct RDMA (DMABUF) enabled for HCA 1 'mlx5_1
dgx052:187:388 [5] NCCL INFO NET/IB : GPU Direct RDMA (DMABUF) enabled for HCA 8 'mlx5_10
dgx052:183:475 [1] NCCL INFO Channel 02/0 : 9[1] -> 1[1] [receive] via NET/IBext_v8/1
dgx052:183:475 [1] NCCL INFO GPU Direct RDMA Disabled for GPU 43000 / HCA 1 (distance 6 > 3)
dgx052:184:474 [2] NCCL INFO Connected to proxy localRank 2 -> connection 0x7f64dc004fb8
dgx052:182:472 [0] NCCL INFO Connected to proxy localRank 0 -> connection 0x7fd848004fb8
dgx052:185:476 [3] NCCL INFO Connected to proxy localRank 3 -> connection 0x7fe504004fb8
dgx052:183:384 [1] NCCL INFO New proxy recv connection 4 from local rank 1, transport 2
dgx052:186:391 [4] NCCL INFO NET/IB : GPU Direct RDMA (DMABUF) enabled for HCA 5 'mlx5_6
dgx052:183:475 [1] NCCL INFO Connected to proxy localRank 1 -> connection 0x7f47fc005120
dgx052:188:385 [6] NCCL INFO New proxy recv connection 1 from local rank 6, transport 2
dgx052:189:387 [7] NCCL INFO New proxy recv connection 1 from local rank 7, transport 2
dgx052:183:384 [1] NCCL INFO NET/IB : GPU Direct RDMA (DMABUF) enabled for HCA 1 'mlx5_1
dgx052:187:471 [5] NCCL INFO Channel 00/0 : 13[5] -> 5[5] [receive] via NET/IBext_v8/8
dgx052:183:475 [1] NCCL INFO Channel 03/0 : 9[1] -> 1[1] [receive] via NET/IBext_v8/1
dgx052:187:471 [5] NCCL INFO GPU Direct RDMA Disabled for GPU c3000 / HCA 8 (distance 6 > 3)
dgx052:183:475 [1] NCCL INFO GPU Direct RDMA Disabled for GPU 43000 / HCA 1 (distance 6 > 3)
dgx052:184:390 [2] NCCL INFO NET/IB : GPU Direct RDMA (DMABUF) enabled for HCA 2 'mlx5_3
dgx052:182:396 [0] NCCL INFO NET/IB : GPU Direct RDMA (DMABUF) enabled for HCA 0 'mlx5_0
dgx052:183:384 [1] NCCL INFO New proxy recv connection 5 from local rank 1, transport 2
dgx052:185:383 [3] NCCL INFO NET/IB : GPU Direct RDMA (DMABUF) enabled for HCA 3 'mlx5_4
dgx052:186:478 [4] NCCL INFO Channel 00/0 : 12[4] -> 4[4] [receive] via NET/IBext_v8/5
dgx052:183:475 [1] NCCL INFO Connected to proxy localRank 1 -> connection 0x7f47fc005198
dgx052:186:478 [4] NCCL INFO GPU Direct RDMA Disabled for GPU 9d000 / HCA 5 (distance 6 > 3)
dgx052:188:473 [6] NCCL INFO Connected to proxy localRank 6 -> connection 0x7f7594004fb8
dgx052:189:477 [7] NCCL INFO Connected to proxy localRank 7 -> connection 0x7fc39c004fb8
dgx052:187:388 [5] NCCL INFO New proxy recv connection 2 from local rank 5, transport 2
dgx052:183:384 [1] NCCL INFO NET/IB : GPU Direct RDMA (DMABUF) enabled for HCA 1 'mlx5_1
dgx052:187:471 [5] NCCL INFO Connected to proxy localRank 5 -> connection 0x7f5e78005030
dgx052:183:475 [1] NCCL INFO Channel 04/0 : 9[1] -> 1[1] [receive] via NET/IBext_v8/1
dgx052:183:475 [1] NCCL INFO GPU Direct RDMA Disabled for GPU 43000 / HCA 1 (distance 6 > 3)
dgx052:186:391 [4] NCCL INFO New proxy recv connection 2 from local rank 4, transport 2
dgx052:184:474 [2] NCCL INFO Channel 00/0 : 10[2] -> 2[2] [receive] via NET/IBext_v8/2
dgx052:184:474 [2] NCCL INFO GPU Direct RDMA Disabled for GPU 52000 / HCA 2 (distance 6 > 3)
dgx052:182:472 [0] NCCL INFO Channel 00/0 : 8[0] -> 0[0] [receive] via NET/IBext_v8/0
dgx052:182:472 [0] NCCL INFO GPU Direct RDMA Disabled for GPU 1b000 / HCA 0 (distance 6 > 3)
dgx052:183:384 [1] NCCL INFO New proxy recv connection 6 from local rank 1, transport 2
dgx052:186:478 [4] NCCL INFO Connected to proxy localRank 4 -> connection 0x7f1b28005030
dgx052:185:476 [3] NCCL INFO Channel 00/0 : 11[3] -> 3[3] [receive] via NET/IBext_v8/3
dgx052:187:388 [5] NCCL INFO NET/IB : GPU Direct RDMA (DMABUF) enabled for HCA 8 'mlx5_10
dgx052:183:475 [1] NCCL INFO Connected to proxy localRank 1 -> connection 0x7f47fc005210
dgx052:185:476 [3] NCCL INFO GPU Direct RDMA Disabled for GPU 61000 / HCA 3 (distance 6 > 3)
dgx052:183:384 [1] NCCL INFO NET/IB : GPU Direct RDMA (DMABUF) enabled for HCA 1 'mlx5_1
dgx052:186:391 [4] NCCL INFO NET/IB : GPU Direct RDMA (DMABUF) enabled for HCA 5 'mlx5_6
dgx052:189:387 [7] NCCL INFO NET/IB : GPU Direct RDMA (DMABUF) enabled for HCA 9 'mlx5_11
dgx052:188:385 [6] NCCL INFO NET/IB : GPU Direct RDMA (DMABUF) enabled for HCA 6 'mlx5_7
dgx052:183:475 [1] NCCL INFO Channel 05/0 : 9[1] -> 1[1] [receive] via NET/IBext_v8/1
dgx052:184:390 [2] NCCL INFO New proxy recv connection 2 from local rank 2, transport 2
dgx052:187:471 [5] NCCL INFO Channel 01/0 : 13[5] -> 5[5] [receive] via NET/IBext_v8/8
dgx052:183:475 [1] NCCL INFO GPU Direct RDMA Disabled for GPU 43000 / HCA 1 (distance 6 > 3)
dgx052:182:396 [0] NCCL INFO New proxy recv connection 2 from local rank 0, transport 2
dgx052:187:471 [5] NCCL INFO GPU Direct RDMA Disabled for GPU c3000 / HCA 8 (distance 6 > 3)
dgx052:185:383 [3] NCCL INFO New proxy recv connection 2 from local rank 3, transport 2
dgx052:183:384 [1] NCCL INFO New proxy recv connection 7 from local rank 1, transport 2
dgx052:184:474 [2] NCCL INFO Connected to proxy localRank 2 -> connection 0x7f64dc005030
dgx052:182:472 [0] NCCL INFO Connected to proxy localRank 0 -> connection 0x7fd848005030
dgx052:186:478 [4] NCCL INFO Channel 01/0 : 12[4] -> 4[4] [receive] via NET/IBext_v8/5
dgx052:186:478 [4] NCCL INFO GPU Direct RDMA Disabled for GPU 9d000 / HCA 5 (distance 6 > 3)
dgx052:183:475 [1] NCCL INFO Connected to proxy localRank 1 -> connection 0x7f47fc005288
dgx052:185:476 [3] NCCL INFO Connected to proxy localRank 3 -> connection 0x7fe504005030
dgx052:183:384 [1] NCCL INFO NET/IB : GPU Direct RDMA (DMABUF) enabled for HCA 1 'mlx5_1
dgx052:187:388 [5] NCCL INFO New proxy recv connection 3 from local rank 5, transport 2
dgx052:183:475 [1] NCCL INFO Channel 06/0 : 9[1] -> 1[1] [receive] via NET/IBext_v8/1
dgx052:183:475 [1] NCCL INFO GPU Direct RDMA Disabled for GPU 43000 / HCA 1 (distance 6 > 3)
dgx052:184:390 [2] NCCL INFO NET/IB : GPU Direct RDMA (DMABUF) enabled for HCA 2 'mlx5_3
dgx052:182:396 [0] NCCL INFO NET/IB : GPU Direct RDMA (DMABUF) enabled for HCA 0 'mlx5_0
dgx052:188:473 [6] NCCL INFO Channel 00/0 : 14[6] -> 6[6] [receive] via NET/IBext_v8/6
dgx052:189:477 [7] NCCL INFO Channel 00/0 : 15[7] -> 7[7] [receive] via NET/IBext_v8/9
dgx052:189:477 [7] NCCL INFO GPU Direct RDMA Disabled for GPU df000 / HCA 9 (distance 6 > 3)
dgx052:188:473 [6] NCCL INFO GPU Direct RDMA Disabled for GPU d1000 / HCA 6 (distance 6 > 3)
dgx052:183:384 [1] NCCL INFO New proxy recv connection 8 from local rank 1, transport 2
dgx052:186:391 [4] NCCL INFO New proxy recv connection 3 from local rank 4, transport 2
dgx052:185:383 [3] NCCL INFO NET/IB : GPU Direct RDMA (DMABUF) enabled for HCA 3 'mlx5_4
dgx052:187:471 [5] NCCL INFO Connected to proxy localRank 5 -> connection 0x7f5e780050a8
dgx052:183:475 [1] NCCL INFO Connected to proxy localRank 1 -> connection 0x7f47fc005300
dgx052:186:478 [4] NCCL INFO Connected to proxy localRank 4 -> connection 0x7f1b280050a8
dgx052:184:474 [2] NCCL INFO Channel 01/0 : 10[2] -> 2[2] [receive] via NET/IBext_v8/2
dgx052:182:472 [0] NCCL INFO Channel 01/0 : 8[0] -> 0[0] [receive] via NET/IBext_v8/0
dgx052:184:474 [2] NCCL INFO GPU Direct RDMA Disabled for GPU 52000 / HCA 2 (distance 6 > 3)
dgx052:183:384 [1] NCCL INFO NET/IB : GPU Direct RDMA (DMABUF) enabled for HCA 1 'mlx5_1
dgx052:182:472 [0] NCCL INFO GPU Direct RDMA Disabled for GPU 1b000 / HCA 0 (distance 6 > 3)
dgx052:187:388 [5] NCCL INFO NET/IB : GPU Direct RDMA (DMABUF) enabled for HCA 8 'mlx5_10
dgx052:183:475 [1] NCCL INFO Channel 07/0 : 9[1] -> 1[1] [receive] via NET/IBext_v8/1
dgx052:185:476 [3] NCCL INFO Channel 01/0 : 11[3] -> 3[3] [receive] via NET/IBext_v8/3
dgx052:189:387 [7] NCCL INFO New proxy recv connection 2 from local rank 7, transport 2
dgx052:188:385 [6] NCCL INFO New proxy recv connection 2 from local rank 6, transport 2
dgx052:185:476 [3] NCCL INFO GPU Direct RDMA Disabled for GPU 61000 / HCA 3 (distance 6 > 3)
dgx052:183:475 [1] NCCL INFO GPU Direct RDMA Disabled for GPU 43000 / HCA 1 (distance 6 > 3)
dgx052:186:391 [4] NCCL INFO NET/IB : GPU Direct RDMA (DMABUF) enabled for HCA 5 'mlx5_6
dgx052:183:384 [1] NCCL INFO New proxy recv connection 9 from local rank 1, transport 2
dgx052:183:475 [1] NCCL INFO Connected to proxy localRank 1 -> connection 0x7f47fc005378
dgx052:187:471 [5] NCCL INFO Channel 02/0 : 13[5] -> 5[5] [receive] via NET/IBext_v8/8
dgx052:187:471 [5] NCCL INFO GPU Direct RDMA Disabled for GPU c3000 / HCA 8 (distance 6 > 3)
dgx052:189:477 [7] NCCL INFO Connected to proxy localRank 7 -> connection 0x7fc39c005030
dgx052:188:473 [6] NCCL INFO Connected to proxy localRank 6 -> connection 0x7f7594005030
dgx052:184:390 [2] NCCL INFO New proxy recv connection 3 from local rank 2, transport 2
dgx052:182:396 [0] NCCL INFO New proxy recv connection 3 from local rank 0, transport 2
dgx052:183:384 [1] NCCL INFO NET/IB : GPU Direct RDMA (DMABUF) enabled for HCA 1 'mlx5_1
dgx052:186:478 [4] NCCL INFO Channel 02/0 : 12[4] -> 4[4] [receive] via NET/IBext_v8/5
dgx052:186:478 [4] NCCL INFO GPU Direct RDMA Disabled for GPU 9d000 / HCA 5 (distance 6 > 3)
dgx052:185:383 [3] NCCL INFO New proxy recv connection 3 from local rank 3, transport 2
dgx052:183:475 [1] NCCL INFO Channel 08/0 : 9[1] -> 1[1] [receive] via NET/IBext_v8/1
dgx052:184:474 [2] NCCL INFO Connected to proxy localRank 2 -> connection 0x7f64dc0050a8
dgx052:183:475 [1] NCCL INFO GPU Direct RDMA Disabled for GPU 43000 / HCA 1 (distance 6 > 3)
dgx052:182:472 [0] NCCL INFO Connected to proxy localRank 0 -> connection 0x7fd8480050a8
dgx052:187:388 [5] NCCL INFO New proxy recv connection 4 from local rank 5, transport 2
dgx052:183:384 [1] NCCL INFO New proxy recv connection 10 from local rank 1, transport 2
dgx052:185:476 [3] NCCL INFO Connected to proxy localRank 3 -> connection 0x7fe5040050a8
dgx052:183:475 [1] NCCL INFO Connected to proxy localRank 1 -> connection 0x7f47fc0053f0
dgx052:187:471 [5] NCCL INFO Connected to proxy localRank 5 -> connection 0x7f5e78005120
dgx052:186:391 [4] NCCL INFO New proxy recv connection 4 from local rank 4, transport 2
dgx052:189:387 [7] NCCL INFO NET/IB : GPU Direct RDMA (DMABUF) enabled for HCA 9 'mlx5_11
dgx052:188:385 [6] NCCL INFO NET/IB : GPU Direct RDMA (DMABUF) enabled for HCA 6 'mlx5_7
dgx052:182:396 [0] NCCL INFO NET/IB : GPU Direct RDMA (DMABUF) enabled for HCA 0 'mlx5_0
dgx052:183:384 [1] NCCL INFO NET/IB : GPU Direct RDMA (DMABUF) enabled for HCA 1 'mlx5_1
dgx052:186:478 [4] NCCL INFO Connected to proxy localRank 4 -> connection 0x7f1b28005120
dgx052:184:390 [2] NCCL INFO NET/IB : GPU Direct RDMA (DMABUF) enabled for HCA 2 'mlx5_3
dgx052:187:388 [5] NCCL INFO NET/IB : GPU Direct RDMA (DMABUF) enabled for HCA 8 'mlx5_10
dgx052:183:475 [1] NCCL INFO Channel 09/0 : 9[1] -> 1[1] [receive] via NET/IBext_v8/1
dgx052:185:383 [3] NCCL INFO NET/IB : GPU Direct RDMA (DMABUF) enabled for HCA 3 'mlx5_4
dgx052:183:475 [1] NCCL INFO GPU Direct RDMA Disabled for GPU 43000 / HCA 1 (distance 6 > 3)
dgx052:183:384 [1] NCCL INFO New proxy recv connection 11 from local rank 1, transport 2
dgx052:182:472 [0] NCCL INFO Channel 02/0 : 8[0] -> 0[0] [receive] via NET/IBext_v8/0
dgx052:182:472 [0] NCCL INFO GPU Direct RDMA Disabled for GPU 1b000 / HCA 0 (distance 6 > 3)
dgx052:189:477 [7] NCCL INFO Channel 01/0 : 15[7] -> 7[7] [receive] via NET/IBext_v8/9
dgx052:183:475 [1] NCCL INFO Connected to proxy localRank 1 -> connection 0x7f47fc005468
dgx052:188:473 [6] NCCL INFO Channel 01/0 : 14[6] -> 6[6] [receive] via NET/IBext_v8/6
dgx052:186:391 [4] NCCL INFO NET/IB : GPU Direct RDMA (DMABUF) enabled for HCA 5 'mlx5_6
dgx052:189:477 [7] NCCL INFO GPU Direct RDMA Disabled for GPU df000 / HCA 9 (distance 6 > 3)
dgx052:188:473 [6] NCCL INFO GPU Direct RDMA Disabled for GPU d1000 / HCA 6 (distance 6 > 3)
dgx052:187:471 [5] NCCL INFO Channel 03/0 : 13[5] -> 5[5] [receive] via NET/IBext_v8/8
dgx052:187:471 [5] NCCL INFO GPU Direct RDMA Disabled for GPU c3000 / HCA 8 (distance 6 > 3)
dgx052:184:474 [2] NCCL INFO Channel 02/0 : 10[2] -> 2[2] [receive] via NET/IBext_v8/2
dgx052:184:474 [2] NCCL INFO GPU Direct RDMA Disabled for GPU 52000 / HCA 2 (distance 6 > 3)
dgx052:185:476 [3] NCCL INFO Channel 02/0 : 11[3] -> 3[3] [receive] via NET/IBext_v8/3
dgx052:185:476 [3] NCCL INFO GPU Direct RDMA Disabled for GPU 61000 / HCA 3 (distance 6 > 3)
dgx052:183:384 [1] NCCL INFO NET/IB : GPU Direct RDMA (DMABUF) enabled for HCA 1 'mlx5_1
dgx052:183:475 [1] NCCL INFO Channel 10/0 : 9[1] -> 1[1] [receive] via NET/IBext_v8/1
dgx052:183:475 [1] NCCL INFO GPU Direct RDMA Disabled for GPU 43000 / HCA 1 (distance 6 > 3)
dgx052:186:478 [4] NCCL INFO Channel 03/0 : 12[4] -> 4[4] [receive] via NET/IBext_v8/5
dgx052:186:478 [4] NCCL INFO GPU Direct RDMA Disabled for GPU 9d000 / HCA 5 (distance 6 > 3)
dgx052:187:388 [5] NCCL INFO New proxy recv connection 5 from local rank 5, transport 2
dgx052:182:396 [0] NCCL INFO New proxy recv connection 4 from local rank 0, transport 2
dgx052:183:384 [1] NCCL INFO New proxy recv connection 12 from local rank 1, transport 2
dgx052:183:475 [1] NCCL INFO Connected to proxy localRank 1 -> connection 0x7f47fc0054e0
dgx052:184:390 [2] NCCL INFO New proxy recv connection 4 from local rank 2, transport 2
dgx052:187:471 [5] NCCL INFO Connected to proxy localRank 5 -> connection 0x7f5e78005198
dgx052:188:385 [6] NCCL INFO New proxy recv connection 3 from local rank 6, transport 2
dgx052:185:383 [3] NCCL INFO New proxy recv connection 4 from local rank 3, transport 2
dgx052:189:387 [7] NCCL INFO New proxy recv connection 3 from local rank 7, transport 2
dgx052:186:391 [4] NCCL INFO New proxy recv connection 5 from local rank 4, transport 2
dgx052:182:472 [0] NCCL INFO Connected to proxy localRank 0 -> connection 0x7fd848005120
dgx052:183:384 [1] NCCL INFO NET/IB : GPU Direct RDMA (DMABUF) enabled for HCA 1 'mlx5_1
dgx052:184:474 [2] NCCL INFO Connected to proxy localRank 2 -> connection 0x7f64dc005120
dgx052:183:475 [1] NCCL INFO Channel 11/0 : 9[1] -> 1[1] [receive] via NET/IBext_v8/1
dgx052:186:478 [4] NCCL INFO Connected to proxy localRank 4 -> connection 0x7f1b28005198
dgx052:183:475 [1] NCCL INFO GPU Direct RDMA Disabled for GPU 43000 / HCA 1 (distance 6 > 3)
dgx052:185:476 [3] NCCL INFO Connected to proxy localRank 3 -> connection 0x7fe504005120
dgx052:187:388 [5] NCCL INFO NET/IB : GPU Direct RDMA (DMABUF) enabled for HCA 8 'mlx5_10
dgx052:189:477 [7] NCCL INFO Connected to proxy localRank 7 -> connection 0x7fc39c0050a8
dgx052:188:473 [6] NCCL INFO Connected to proxy localRank 6 -> connection 0x7f75940050a8
dgx052:183:384 [1] NCCL INFO New proxy recv connection 13 from local rank 1, transport 2
dgx052:183:475 [1] NCCL INFO Connected to proxy localRank 1 -> connection 0x7f47fc005558
dgx052:187:471 [5] NCCL INFO Channel 04/0 : 13[5] -> 5[5] [receive] via NET/IBext_v8/8
dgx052:186:391 [4] NCCL INFO NET/IB : GPU Direct RDMA (DMABUF) enabled for HCA 5 'mlx5_6
dgx052:187:471 [5] NCCL INFO GPU Direct RDMA Disabled for GPU c3000 / HCA 8 (distance 6 > 3)
dgx052:182:396 [0] NCCL INFO NET/IB : GPU Direct RDMA (DMABUF) enabled for HCA 0 'mlx5_0
dgx052:185:383 [3] NCCL INFO NET/IB : GPU Direct RDMA (DMABUF) enabled for HCA 3 'mlx5_4
dgx052:183:384 [1] NCCL INFO NET/IB : GPU Direct RDMA (DMABUF) enabled for HCA 1 'mlx5_1
dgx052:184:390 [2] NCCL INFO NET/IB : GPU Direct RDMA (DMABUF) enabled for HCA 2 'mlx5_3
dgx052:183:475 [1] NCCL INFO Channel 12/0 : 9[1] -> 1[1] [receive] via NET/IBext_v8/1
dgx052:183:475 [1] NCCL INFO GPU Direct RDMA Disabled for GPU 43000 / HCA 1 (distance 6 > 3)
dgx052:188:385 [6] NCCL INFO NET/IB : GPU Direct RDMA (DMABUF) enabled for HCA 6 'mlx5_7
dgx052:187:388 [5] NCCL INFO New proxy recv connection 6 from local rank 5, transport 2
dgx052:189:387 [7] NCCL INFO NET/IB : GPU Direct RDMA (DMABUF) enabled for HCA 9 'mlx5_11
dgx052:186:478 [4] NCCL INFO Channel 04/0 : 12[4] -> 4[4] [receive] via NET/IBext_v8/5
dgx052:186:478 [4] NCCL INFO GPU Direct RDMA Disabled for GPU 9d000 / HCA 5 (distance 6 > 3)
dgx052:183:384 [1] NCCL INFO New proxy recv connection 14 from local rank 1, transport 2
dgx052:182:472 [0] NCCL INFO Channel 03/0 : 8[0] -> 0[0] [receive] via NET/IBext_v8/0
dgx052:185:476 [3] NCCL INFO Channel 03/0 : 11[3] -> 3[3] [receive] via NET/IBext_v8/3
dgx052:182:472 [0] NCCL INFO GPU Direct RDMA Disabled for GPU 1b000 / HCA 0 (distance 6 > 3)
dgx052:185:476 [3] NCCL INFO GPU Direct RDMA Disabled for GPU 61000 / HCA 3 (distance 6 > 3)
dgx052:183:475 [1] NCCL INFO Connected to proxy localRank 1 -> connection 0x7f47fc0055d0
dgx052:187:471 [5] NCCL INFO Connected to proxy localRank 5 -> connection 0x7f5e78005210
dgx052:184:474 [2] NCCL INFO Channel 03/0 : 10[2] -> 2[2] [receive] via NET/IBext_v8/2
dgx052:184:474 [2] NCCL INFO GPU Direct RDMA Disabled for GPU 52000 / HCA 2 (distance 6 > 3)
dgx052:186:391 [4] NCCL INFO New proxy recv connection 6 from local rank 4, transport 2
dgx052:183:384 [1] NCCL INFO NET/IB : GPU Direct RDMA (DMABUF) enabled for HCA 1 'mlx5_1
dgx052:188:473 [6] NCCL INFO Channel 02/0 : 14[6] -> 6[6] [receive] via NET/IBext_v8/6
dgx052:189:477 [7] NCCL INFO Channel 02/0 : 15[7] -> 7[7] [receive] via NET/IBext_v8/9
dgx052:185:383 [3] NCCL INFO New proxy recv connection 5 from local rank 3, transport 2
dgx052:188:473 [6] NCCL INFO GPU Direct RDMA Disabled for GPU d1000 / HCA 6 (distance 6 > 3)
dgx052:189:477 [7] NCCL INFO GPU Direct RDMA Disabled for GPU df000 / HCA 9 (distance 6 > 3)
dgx052:182:396 [0] NCCL INFO New proxy recv connection 5 from local rank 0, transport 2
dgx052:187:388 [5] NCCL INFO NET/IB : GPU Direct RDMA (DMABUF) enabled for HCA 8 'mlx5_10
dgx052:183:475 [1] NCCL INFO Channel 13/0 : 9[1] -> 1[1] [receive] via NET/IBext_v8/1
dgx052:186:478 [4] NCCL INFO Connected to proxy localRank 4 -> connection 0x7f1b28005210
dgx052:183:475 [1] NCCL INFO GPU Direct RDMA Disabled for GPU 43000 / HCA 1 (distance 6 > 3)
dgx052:184:390 [2] NCCL INFO New proxy recv connection 5 from local rank 2, transport 2
dgx052:185:476 [3] NCCL INFO Connected to proxy localRank 3 -> connection 0x7fe504005198
dgx052:183:384 [1] NCCL INFO New proxy recv connection 15 from local rank 1, transport 2
dgx052:182:472 [0] NCCL INFO Connected to proxy localRank 0 -> connection 0x7fd848005198
dgx052:183:475 [1] NCCL INFO Connected to proxy localRank 1 -> connection 0x7f47fc005648
dgx052:186:391 [4] NCCL INFO NET/IB : GPU Direct RDMA (DMABUF) enabled for HCA 5 'mlx5_6
dgx052:184:474 [2] NCCL INFO Connected to proxy localRank 2 -> connection 0x7f64dc005198
dgx052:187:471 [5] NCCL INFO Channel 05/0 : 13[5] -> 5[5] [receive] via NET/IBext_v8/8
dgx052:187:471 [5] NCCL INFO GPU Direct RDMA Disabled for GPU c3000 / HCA 8 (distance 6 > 3)
dgx052:183:384 [1] NCCL INFO NET/IB : GPU Direct RDMA (DMABUF) enabled for HCA 1 'mlx5_1
dgx052:185:383 [3] NCCL INFO NET/IB : GPU Direct RDMA (DMABUF) enabled for HCA 3 'mlx5_4
dgx052:182:396 [0] NCCL INFO NET/IB : GPU Direct RDMA (DMABUF) enabled for HCA 0 'mlx5_0
dgx052:183:475 [1] NCCL INFO Channel 14/0 : 9[1] -> 1[1] [receive] via NET/IBext_v8/1
dgx052:183:475 [1] NCCL INFO GPU Direct RDMA Disabled for GPU 43000 / HCA 1 (distance 6 > 3)
dgx052:187:388 [5] NCCL INFO New proxy recv connection 7 from local rank 5, transport 2
dgx052:186:478 [4] NCCL INFO Channel 05/0 : 12[4] -> 4[4] [receive] via NET/IBext_v8/5
dgx052:189:387 [7] NCCL INFO New proxy recv connection 4 from local rank 7, transport 2
dgx052:188:385 [6] NCCL INFO New proxy recv connection 4 from local rank 6, transport 2
dgx052:186:478 [4] NCCL INFO GPU Direct RDMA Disabled for GPU 9d000 / HCA 5 (distance 6 > 3)
dgx052:184:390 [2] NCCL INFO NET/IB : GPU Direct RDMA (DMABUF) enabled for HCA 2 'mlx5_3
dgx052:183:384 [1] NCCL INFO New proxy recv connection 16 from local rank 1, transport 2
dgx052:187:471 [5] NCCL INFO Connected to proxy localRank 5 -> connection 0x7f5e78005288
dgx052:183:475 [1] NCCL INFO Connected to proxy localRank 1 -> connection 0x7f47fc0056c0
dgx052:185:476 [3] NCCL INFO Channel 04/0 : 11[3] -> 3[3] [receive] via NET/IBext_v8/3
dgx052:185:476 [3] NCCL INFO GPU Direct RDMA Disabled for GPU 61000 / HCA 3 (distance 6 > 3)
dgx052:182:472 [0] NCCL INFO Channel 04/0 : 8[0] -> 0[0] [receive] via NET/IBext_v8/0
dgx052:182:472 [0] NCCL INFO GPU Direct RDMA Disabled for GPU 1b000 / HCA 0 (distance 6 > 3)
dgx052:186:391 [4] NCCL INFO New proxy recv connection 7 from local rank 4, transport 2
dgx052:189:477 [7] NCCL INFO Connected to proxy localRank 7 -> connection 0x7fc39c005120
dgx052:188:473 [6] NCCL INFO Connected to proxy localRank 6 -> connection 0x7f7594005120
dgx052:184:474 [2] NCCL INFO Channel 04/0 : 10[2] -> 2[2] [receive] via NET/IBext_v8/2
dgx052:184:474 [2] NCCL INFO GPU Direct RDMA Disabled for GPU 52000 / HCA 2 (distance 6 > 3)
dgx052:183:384 [1] NCCL INFO NET/IB : GPU Direct RDMA (DMABUF) enabled for HCA 1 'mlx5_1
dgx052:187:388 [5] NCCL INFO NET/IB : GPU Direct RDMA (DMABUF) enabled for HCA 8 'mlx5_10
dgx052:186:478 [4] NCCL INFO Connected to proxy localRank 4 -> connection 0x7f1b28005288
dgx052:183:475 [1] NCCL INFO Channel 15/0 : 9[1] -> 1[1] [receive] via NET/IBext_v8/1
dgx052:183:475 [1] NCCL INFO NCCL_NET_GDR_READ set by environment to 1.
dgx052:183:475 [1] NCCL INFO GPU Direct RDMA Disabled for GPU 43000 / HCA 1 (distance 6 > 3)
dgx052:185:383 [3] NCCL INFO New proxy recv connection 6 from local rank 3, transport 2
dgx052:182:396 [0] NCCL INFO New proxy recv connection 6 from local rank 0, transport 2
dgx052:183:384 [1] NCCL INFO New proxy send connection 17 from local rank 1, transport 2
dgx052:184:390 [2] NCCL INFO New proxy recv connection 6 from local rank 2, transport 2
dgx052:187:471 [5] NCCL INFO Channel 06/0 : 13[5] -> 5[5] [receive] via NET/IBext_v8/8
dgx052:187:471 [5] NCCL INFO GPU Direct RDMA Disabled for GPU c3000 / HCA 8 (distance 6 > 3)
dgx052:186:391 [4] NCCL INFO NET/IB : GPU Direct RDMA (DMABUF) enabled for HCA 5 'mlx5_6
dgx052:183:475 [1] NCCL INFO Connected to proxy localRank 1 -> connection 0x7f47fc005738
dgx052:185:476 [3] NCCL INFO Connected to proxy localRank 3 -> connection 0x7fe504005210
dgx052:182:472 [0] NCCL INFO Connected to proxy localRank 0 -> connection 0x7fd848005210
dgx052:188:385 [6] NCCL INFO NET/IB : GPU Direct RDMA (DMABUF) enabled for HCA 6 'mlx5_7
dgx052:189:387 [7] NCCL INFO NET/IB : GPU Direct RDMA (DMABUF) enabled for HCA 9 'mlx5_11
dgx052:184:474 [2] NCCL INFO Connected to proxy localRank 2 -> connection 0x7f64dc005210
dgx052:183:384 [1] NCCL INFO NET/IB : GPU Direct RDMA (DMABUF) enabled for HCA 1 'mlx5_1
dgx052:183:475 [1] NCCL INFO Channel 00/0 : 1[1] -> 9[1] [send] via NET/IBext_v8/1
dgx052:183:475 [1] NCCL INFO GPU Direct RDMA Disabled for GPU 43000 / HCA 1 (distance 6 > 3)
dgx052:187:388 [5] NCCL INFO New proxy recv connection 8 from local rank 5, transport 2
dgx052:186:478 [4] NCCL INFO Channel 06/0 : 12[4] -> 4[4] [receive] via NET/IBext_v8/5
dgx052:186:478 [4] NCCL INFO GPU Direct RDMA Disabled for GPU 9d000 / HCA 5 (distance 6 > 3)
dgx052:185:383 [3] NCCL INFO NET/IB : GPU Direct RDMA (DMABUF) enabled for HCA 3 'mlx5_4
dgx052:182:396 [0] NCCL INFO NET/IB : GPU Direct RDMA (DMABUF) enabled for HCA 0 'mlx5_0
dgx052:183:384 [1] NCCL INFO New proxy send connection 18 from local rank 1, transport 2
dgx052:187:471 [5] NCCL INFO Connected to proxy localRank 5 -> connection 0x7f5e78005300
dgx052:183:475 [1] NCCL INFO Connected to proxy localRank 1 -> connection 0x7f47fc0057b0
dgx052:184:390 [2] NCCL INFO NET/IB : GPU Direct RDMA (DMABUF) enabled for HCA 2 'mlx5_3
