dgx052:185:289 [3] NCCL INFO CollNetDirect channel 10 rank 3 down  0  1  2  4  5  6  7 nDown 7 up  0  1  2  4  5  6  7 heads  3  4  5  6  7  0  1  2 nUp 7 nHeads 8 headRank 3 out 16 shift 3
dgx052:189:293 [7] NCCL INFO CollNetDirect channel 12 rank 7 down  0  1  2  3  4  5  6 nDown 7 up  0  1  2  3  4  5  6 heads  7  0  1  2  3  4  5  6 nUp 7 nHeads 8 headRank 7 out 16 shift 7
dgx052:187:291 [5] NCCL INFO CollNetDirect channel 5 rank 5 down  0  1  2  3  4  6  7 nDown 7 up  0  1  2  3  4  6  7 heads  5  6  7  0  1  2  3  4 nUp 7 nHeads 8 headRank 5 out 16 shift 5
dgx052:188:292 [6] NCCL INFO CollNetDirect channel 10 rank 6 down  0  1  2  3  4  5  7 nDown 7 up  0  1  2  3  4  5  7 heads  6  7  0  1  2  3  4  5 nUp 7 nHeads 8 headRank 6 out 16 shift 6
dgx052:182:287 [0] NCCL INFO CollNetDirect channel 7 rank 0 down  1  2  3  4  5  6  7 nDown 7 up  1  2  3  4  5  6  7 heads  0  1  2  3  4  5  6  7 nUp 7 nHeads 8 headRank 0 out 16 shift 0
dgx052:184:290 [2] NCCL INFO CollNetDirect channel 6 rank 2 down  0  1  3  4  5  6  7 nDown 7 up  0  1  3  4  5  6  7 heads  2  3  4  5  6  7  0  1 nUp 7 nHeads 8 headRank 2 out 16 shift 2
dgx052:185:289 [3] NCCL INFO CollNetDirect channel 11 rank 3 down  0  1  2  4  5  6  7 nDown 7 up  0  1  2  4  5  6  7 heads  3  4  5  6  7  0  1  2 nUp 7 nHeads 8 headRank 3 out 16 shift 3
dgx052:183:294 [1] NCCL INFO CollNetDirect channel 10 rank 1 down  0  2  3  4  5  6  7 nDown 7 up  0  2  3  4  5  6  7 heads  1  2  3  4  5  6  7  0 nUp 7 nHeads 8 headRank 1 out 16 shift 1
dgx052:186:288 [4] NCCL INFO CollNetDirect channel 4 rank 4 down  0  1  2  3  5  6  7 nDown 7 up  0  1  2  3  5  6  7 heads  4  5  6  7  0  1  2  3 nUp 7 nHeads 8 headRank 4 out 16 shift 4
dgx052:189:293 [7] NCCL INFO CollNetDirect channel 13 rank 7 down  0  1  2  3  4  5  6 nDown 7 up  0  1  2  3  4  5  6 heads  7  0  1  2  3  4  5  6 nUp 7 nHeads 8 headRank 7 out 16 shift 7
dgx052:187:291 [5] NCCL INFO CollNetDirect channel 6 rank 5 down  0  1  2  3  4  6  7 nDown 7 up  0  1  2  3  4  6  7 heads  5  6  7  0  1  2  3  4 nUp 7 nHeads 8 headRank 5 out 16 shift 5
dgx052:188:292 [6] NCCL INFO CollNetDirect channel 11 rank 6 down  0  1  2  3  4  5  7 nDown 7 up  0  1  2  3  4  5  7 heads  6  7  0  1  2  3  4  5 nUp 7 nHeads 8 headRank 6 out 16 shift 6
dgx052:184:290 [2] NCCL INFO CollNetDirect channel 7 rank 2 down  0  1  3  4  5  6  7 nDown 7 up  0  1  3  4  5  6  7 heads  2  3  4  5  6  7  0  1 nUp 7 nHeads 8 headRank 2 out 16 shift 2
dgx052:185:289 [3] NCCL INFO CollNetDirect channel 12 rank 3 down  0  1  2  4  5  6  7 nDown 7 up  0  1  2  4  5  6  7 heads  3  4  5  6  7  0  1  2 nUp 7 nHeads 8 headRank 3 out 16 shift 3
dgx052:182:287 [0] NCCL INFO CollNetDirect channel 8 rank 0 down  1  2  3  4  5  6  7 nDown 7 up  1  2  3  4  5  6  7 heads  0  1  2  3  4  5  6  7 nUp 7 nHeads 8 headRank 0 out 16 shift 0
dgx052:183:294 [1] NCCL INFO CollNetDirect channel 11 rank 1 down  0  2  3  4  5  6  7 nDown 7 up  0  2  3  4  5  6  7 heads  1  2  3  4  5  6  7  0 nUp 7 nHeads 8 headRank 1 out 16 shift 1
dgx052:189:293 [7] NCCL INFO CollNetDirect channel 14 rank 7 down  0  1  2  3  4  5  6 nDown 7 up  0  1  2  3  4  5  6 heads  7  0  1  2  3  4  5  6 nUp 7 nHeads 8 headRank 7 out 16 shift 7
dgx052:188:292 [6] NCCL INFO CollNetDirect channel 12 rank 6 down  0  1  2  3  4  5  7 nDown 7 up  0  1  2  3  4  5  7 heads  6  7  0  1  2  3  4  5 nUp 7 nHeads 8 headRank 6 out 16 shift 6
dgx052:187:291 [5] NCCL INFO CollNetDirect channel 7 rank 5 down  0  1  2  3  4  6  7 nDown 7 up  0  1  2  3  4  6  7 heads  5  6  7  0  1  2  3  4 nUp 7 nHeads 8 headRank 5 out 16 shift 5
dgx052:184:290 [2] NCCL INFO CollNetDirect channel 8 rank 2 down  0  1  3  4  5  6  7 nDown 7 up  0  1  3  4  5  6  7 heads  2  3  4  5  6  7  0  1 nUp 7 nHeads 8 headRank 2 out 16 shift 2
dgx052:185:289 [3] NCCL INFO CollNetDirect channel 13 rank 3 down  0  1  2  4  5  6  7 nDown 7 up  0  1  2  4  5  6  7 heads  3  4  5  6  7  0  1  2 nUp 7 nHeads 8 headRank 3 out 16 shift 3
dgx052:186:288 [4] NCCL INFO CollNetDirect channel 5 rank 4 down  0  1  2  3  5  6  7 nDown 7 up  0  1  2  3  5  6  7 heads  4  5  6  7  0  1  2  3 nUp 7 nHeads 8 headRank 4 out 16 shift 4
dgx052:183:294 [1] NCCL INFO CollNetDirect channel 12 rank 1 down  0  2  3  4  5  6  7 nDown 7 up  0  2  3  4  5  6  7 heads  1  2  3  4  5  6  7  0 nUp 7 nHeads 8 headRank 1 out 16 shift 1
dgx052:189:293 [7] NCCL INFO NCCL_MAX_NCHANNELS set by environment to 32.
dgx052:188:292 [6] NCCL INFO CollNetDirect channel 13 rank 6 down  0  1  2  3  4  5  7 nDown 7 up  0  1  2  3  4  5  7 heads  6  7  0  1  2  3  4  5 nUp 7 nHeads 8 headRank 6 out 16 shift 6
dgx052:182:287 [0] NCCL INFO CollNetDirect channel 9 rank 0 down  1  2  3  4  5  6  7 nDown 7 up  1  2  3  4  5  6  7 heads  0  1  2  3  4  5  6  7 nUp 7 nHeads 8 headRank 0 out 16 shift 0
dgx052:187:291 [5] NCCL INFO CollNetDirect channel 8 rank 5 down  0  1  2  3  4  6  7 nDown 7 up  0  1  2  3  4  6  7 heads  5  6  7  0  1  2  3  4 nUp 7 nHeads 8 headRank 5 out 16 shift 5
dgx052:184:290 [2] NCCL INFO CollNetDirect channel 9 rank 2 down  0  1  3  4  5  6  7 nDown 7 up  0  1  3  4  5  6  7 heads  2  3  4  5  6  7  0  1 nUp 7 nHeads 8 headRank 2 out 16 shift 2
dgx052:185:289 [3] NCCL INFO CollNetDirect channel 14 rank 3 down  0  1  2  4  5  6  7 nDown 7 up  0  1  2  4  5  6  7 heads  3  4  5  6  7  0  1  2 nUp 7 nHeads 8 headRank 3 out 16 shift 3
dgx052:183:294 [1] NCCL INFO CollNetDirect channel 13 rank 1 down  0  2  3  4  5  6  7 nDown 7 up  0  2  3  4  5  6  7 heads  1  2  3  4  5  6  7  0 nUp 7 nHeads 8 headRank 1 out 16 shift 1
dgx052:189:293 [7] NCCL INFO NCCL_MIN_NCHANNELS set by environment to 16.
dgx052:186:288 [4] NCCL INFO CollNetDirect channel 6 rank 4 down  0  1  2  3  5  6  7 nDown 7 up  0  1  2  3  5  6  7 heads  4  5  6  7  0  1  2  3 nUp 7 nHeads 8 headRank 4 out 16 shift 4
dgx052:187:291 [5] NCCL INFO CollNetDirect channel 9 rank 5 down  0  1  2  3  4  6  7 nDown 7 up  0  1  2  3  4  6  7 heads  5  6  7  0  1  2  3  4 nUp 7 nHeads 8 headRank 5 out 16 shift 5
dgx052:185:289 [3] NCCL INFO NCCL_MAX_NCHANNELS set by environment to 32.
dgx052:184:290 [2] NCCL INFO CollNetDirect channel 10 rank 2 down  0  1  3  4  5  6  7 nDown 7 up  0  1  3  4  5  6  7 heads  2  3  4  5  6  7  0  1 nUp 7 nHeads 8 headRank 2 out 16 shift 2
dgx052:183:294 [1] NCCL INFO CollNetDirect channel 14 rank 1 down  0  2  3  4  5  6  7 nDown 7 up  0  2  3  4  5  6  7 heads  1  2  3  4  5  6  7  0 nUp 7 nHeads 8 headRank 1 out 16 shift 1
dgx052:188:292 [6] NCCL INFO CollNetDirect channel 14 rank 6 down  0  1  2  3  4  5  7 nDown 7 up  0  1  2  3  4  5  7 heads  6  7  0  1  2  3  4  5 nUp 7 nHeads 8 headRank 6 out 16 shift 6
dgx052:182:287 [0] NCCL INFO CollNetDirect channel 10 rank 0 down  1  2  3  4  5  6  7 nDown 7 up  1  2  3  4  5  6  7 heads  0  1  2  3  4  5  6  7 nUp 7 nHeads 8 headRank 0 out 16 shift 0
dgx052:189:293 [7] NCCL INFO NVLS Head  0:  0  8
dgx052:186:288 [4] NCCL INFO CollNetDirect channel 7 rank 4 down  0  1  2  3  5  6  7 nDown 7 up  0  1  2  3  5  6  7 heads  4  5  6  7  0  1  2  3 nUp 7 nHeads 8 headRank 4 out 16 shift 4
dgx052:188:292 [6] NCCL INFO NCCL_MAX_NCHANNELS set by environment to 32.
dgx052:187:291 [5] NCCL INFO CollNetDirect channel 10 rank 5 down  0  1  2  3  4  6  7 nDown 7 up  0  1  2  3  4  6  7 heads  5  6  7  0  1  2  3  4 nUp 7 nHeads 8 headRank 5 out 16 shift 5
dgx052:184:290 [2] NCCL INFO CollNetDirect channel 11 rank 2 down  0  1  3  4  5  6  7 nDown 7 up  0  1  3  4  5  6  7 heads  2  3  4  5  6  7  0  1 nUp 7 nHeads 8 headRank 2 out 16 shift 2
dgx052:185:289 [3] NCCL INFO NCCL_MIN_NCHANNELS set by environment to 16.
dgx052:182:287 [0] NCCL INFO CollNetDirect channel 11 rank 0 down  1  2  3  4  5  6  7 nDown 7 up  1  2  3  4  5  6  7 heads  0  1  2  3  4  5  6  7 nUp 7 nHeads 8 headRank 0 out 16 shift 0
dgx052:183:294 [1] NCCL INFO NCCL_MAX_NCHANNELS set by environment to 32.
dgx052:186:288 [4] NCCL INFO CollNetDirect channel 8 rank 4 down  0  1  2  3  5  6  7 nDown 7 up  0  1  2  3  5  6  7 heads  4  5  6  7  0  1  2  3 nUp 7 nHeads 8 headRank 4 out 16 shift 4
dgx052:189:293 [7] NCCL INFO NVLS Head  1:  1  9
dgx052:185:289 [3] NCCL INFO NVLS Head  0:  0  8
dgx052:188:292 [6] NCCL INFO NCCL_MIN_NCHANNELS set by environment to 16.
dgx052:187:291 [5] NCCL INFO CollNetDirect channel 11 rank 5 down  0  1  2  3  4  6  7 nDown 7 up  0  1  2  3  4  6  7 heads  5  6  7  0  1  2  3  4 nUp 7 nHeads 8 headRank 5 out 16 shift 5
dgx052:183:294 [1] NCCL INFO NCCL_MIN_NCHANNELS set by environment to 16.
dgx052:184:290 [2] NCCL INFO CollNetDirect channel 12 rank 2 down  0  1  3  4  5  6  7 nDown 7 up  0  1  3  4  5  6  7 heads  2  3  4  5  6  7  0  1 nUp 7 nHeads 8 headRank 2 out 16 shift 2
dgx052:185:289 [3] NCCL INFO NVLS Head  1:  1  9
dgx052:182:287 [0] NCCL INFO CollNetDirect channel 12 rank 0 down  1  2  3  4  5  6  7 nDown 7 up  1  2  3  4  5  6  7 heads  0  1  2  3  4  5  6  7 nUp 7 nHeads 8 headRank 0 out 16 shift 0
dgx052:186:288 [4] NCCL INFO CollNetDirect channel 9 rank 4 down  0  1  2  3  5  6  7 nDown 7 up  0  1  2  3  5  6  7 heads  4  5  6  7  0  1  2  3 nUp 7 nHeads 8 headRank 4 out 16 shift 4
dgx052:189:293 [7] NCCL INFO NVLS Head  2:  2 10
dgx052:188:292 [6] NCCL INFO NVLS Head  0:  0  8
dgx052:187:291 [5] NCCL INFO CollNetDirect channel 12 rank 5 down  0  1  2  3  4  6  7 nDown 7 up  0  1  2  3  4  6  7 heads  5  6  7  0  1  2  3  4 nUp 7 nHeads 8 headRank 5 out 16 shift 5
dgx052:183:294 [1] NCCL INFO NVLS Head  0:  0  8
dgx052:185:289 [3] NCCL INFO NVLS Head  2:  2 10
dgx052:184:290 [2] NCCL INFO CollNetDirect channel 13 rank 2 down  0  1  3  4  5  6  7 nDown 7 up  0  1  3  4  5  6  7 heads  2  3  4  5  6  7  0  1 nUp 7 nHeads 8 headRank 2 out 16 shift 2
dgx052:189:293 [7] NCCL INFO NVLS Head  3:  3 11
dgx052:188:292 [6] NCCL INFO NVLS Head  1:  1  9
dgx052:182:287 [0] NCCL INFO CollNetDirect channel 13 rank 0 down  1  2  3  4  5  6  7 nDown 7 up  1  2  3  4  5  6  7 heads  0  1  2  3  4  5  6  7 nUp 7 nHeads 8 headRank 0 out 16 shift 0
dgx052:183:294 [1] NCCL INFO NVLS Head  1:  1  9
dgx052:187:291 [5] NCCL INFO CollNetDirect channel 13 rank 5 down  0  1  2  3  4  6  7 nDown 7 up  0  1  2  3  4  6  7 heads  5  6  7  0  1  2  3  4 nUp 7 nHeads 8 headRank 5 out 16 shift 5
dgx052:186:288 [4] NCCL INFO CollNetDirect channel 10 rank 4 down  0  1  2  3  5  6  7 nDown 7 up  0  1  2  3  5  6  7 heads  4  5  6  7  0  1  2  3 nUp 7 nHeads 8 headRank 4 out 16 shift 4
dgx052:185:289 [3] NCCL INFO NVLS Head  3:  3 11
dgx052:189:293 [7] NCCL INFO NVLS Head  4:  4 12
dgx052:184:290 [2] NCCL INFO CollNetDirect channel 14 rank 2 down  0  1  3  4  5  6  7 nDown 7 up  0  1  3  4  5  6  7 heads  2  3  4  5  6  7  0  1 nUp 7 nHeads 8 headRank 2 out 16 shift 2
dgx052:183:294 [1] NCCL INFO NVLS Head  2:  2 10
dgx052:188:292 [6] NCCL INFO NVLS Head  2:  2 10
dgx052:182:287 [0] NCCL INFO CollNetDirect channel 14 rank 0 down  1  2  3  4  5  6  7 nDown 7 up  1  2  3  4  5  6  7 heads  0  1  2  3  4  5  6  7 nUp 7 nHeads 8 headRank 0 out 16 shift 0
dgx052:185:289 [3] NCCL INFO NVLS Head  4:  4 12
dgx052:187:291 [5] NCCL INFO CollNetDirect channel 14 rank 5 down  0  1  2  3  4  6  7 nDown 7 up  0  1  2  3  4  6  7 heads  5  6  7  0  1  2  3  4 nUp 7 nHeads 8 headRank 5 out 16 shift 5
dgx052:186:288 [4] NCCL INFO CollNetDirect channel 11 rank 4 down  0  1  2  3  5  6  7 nDown 7 up  0  1  2  3  5  6  7 heads  4  5  6  7  0  1  2  3 nUp 7 nHeads 8 headRank 4 out 16 shift 4
dgx052:183:294 [1] NCCL INFO NVLS Head  3:  3 11
dgx052:188:292 [6] NCCL INFO NVLS Head  3:  3 11
dgx052:189:293 [7] NCCL INFO NVLS Head  5:  5 13
dgx052:184:290 [2] NCCL INFO NCCL_MAX_NCHANNELS set by environment to 32.
dgx052:182:287 [0] NCCL INFO NCCL_MAX_NCHANNELS set by environment to 32.
dgx052:185:289 [3] NCCL INFO NVLS Head  5:  5 13
dgx052:183:294 [1] NCCL INFO NVLS Head  4:  4 12
dgx052:187:291 [5] NCCL INFO NCCL_MAX_NCHANNELS set by environment to 32.
dgx052:188:292 [6] NCCL INFO NVLS Head  4:  4 12
dgx052:189:293 [7] NCCL INFO NVLS Head  6:  6 14
dgx052:186:288 [4] NCCL INFO CollNetDirect channel 12 rank 4 down  0  1  2  3  5  6  7 nDown 7 up  0  1  2  3  5  6  7 heads  4  5  6  7  0  1  2  3 nUp 7 nHeads 8 headRank 4 out 16 shift 4
dgx052:184:290 [2] NCCL INFO NCCL_MIN_NCHANNELS set by environment to 16.
dgx052:185:289 [3] NCCL INFO NVLS Head  6:  6 14
dgx052:183:294 [1] NCCL INFO NVLS Head  5:  5 13
dgx052:182:287 [0] NCCL INFO NCCL_MIN_NCHANNELS set by environment to 16.
dgx052:188:292 [6] NCCL INFO NVLS Head  5:  5 13
dgx052:189:293 [7] NCCL INFO NVLS Head  7:  7 15
dgx052:187:291 [5] NCCL INFO NCCL_MIN_NCHANNELS set by environment to 16.
dgx052:185:289 [3] NCCL INFO NVLS Head  7:  7 15
dgx052:183:294 [1] NCCL INFO NVLS Head  6:  6 14
dgx052:184:290 [2] NCCL INFO NVLS Head  0:  0  8
dgx052:188:292 [6] NCCL INFO NVLS Head  6:  6 14
dgx052:185:289 [3] NCCL INFO NVLS Trees : 20/11/-1->3->-1 20/-1/-1->3->11
dgx052:186:288 [4] NCCL INFO CollNetDirect channel 13 rank 4 down  0  1  2  3  5  6  7 nDown 7 up  0  1  2  3  5  6  7 heads  4  5  6  7  0  1  2  3 nUp 7 nHeads 8 headRank 4 out 16 shift 4
dgx052:182:287 [0] NCCL INFO NVLS Head  0:  0  8
dgx052:187:291 [5] NCCL INFO NVLS Head  0:  0  8
dgx052:188:292 [6] NCCL INFO NVLS Head  7:  7 15
dgx052:189:293 [7] NCCL INFO NVLS Trees : 24/15/-1->7->-1 24/-1/-1->7->15
dgx052:183:294 [1] NCCL INFO NVLS Head  7:  7 15
dgx052:184:290 [2] NCCL INFO NVLS Head  1:  1  9
dgx052:187:291 [5] NCCL INFO NVLS Head  1:  1  9
dgx052:188:292 [6] NCCL INFO NVLS Trees : 23/14/-1->6->-1 23/-1/-1->6->14
dgx052:182:287 [0] NCCL INFO NVLS Head  1:  1  9
dgx052:184:290 [2] NCCL INFO NVLS Head  2:  2 10
dgx052:183:294 [1] NCCL INFO NVLS Trees : 18/9/-1->1->-1 18/-1/-1->1->9
dgx052:186:288 [4] NCCL INFO CollNetDirect channel 14 rank 4 down  0  1  2  3  5  6  7 nDown 7 up  0  1  2  3  5  6  7 heads  4  5  6  7  0  1  2  3 nUp 7 nHeads 8 headRank 4 out 16 shift 4
dgx052:189:293 [7] NCCL INFO Ring 00 : 0 -> 7 -> 6
dgx052:187:291 [5] NCCL INFO NVLS Head  2:  2 10
dgx052:185:289 [3] NCCL INFO Ring 00 : 4 -> 3 -> 2
dgx052:184:290 [2] NCCL INFO NVLS Head  3:  3 11
dgx052:188:292 [6] NCCL INFO Ring 00 : 7 -> 6 -> 5
dgx052:182:287 [0] NCCL INFO NVLS Head  2:  2 10
dgx052:187:291 [5] NCCL INFO NVLS Head  3:  3 11
dgx052:183:294 [1] NCCL INFO Ring 00 : 10 -> 1 -> 0
dgx052:189:293 [7] NCCL INFO Ring 01 : 0 -> 7 -> 6
dgx052:186:288 [4] NCCL INFO NCCL_MAX_NCHANNELS set by environment to 32.
dgx052:185:289 [3] NCCL INFO Ring 01 : 4 -> 3 -> 10
dgx052:189:293 [7] NCCL INFO Ring 02 : 0 -> 7 -> 6
dgx052:184:290 [2] NCCL INFO NVLS Head  4:  4 12
dgx052:188:292 [6] NCCL INFO Ring 01 : 7 -> 6 -> 5
dgx052:186:288 [4] NCCL INFO NCCL_MIN_NCHANNELS set by environment to 16.
dgx052:182:287 [0] NCCL INFO NVLS Head  3:  3 11
dgx052:183:294 [1] NCCL INFO Ring 01 : 2 -> 1 -> 0
dgx052:189:293 [7] NCCL INFO Ring 03 : 0 -> 7 -> 6
dgx052:188:292 [6] NCCL INFO Ring 02 : 7 -> 6 -> 5
dgx052:187:291 [5] NCCL INFO NVLS Head  4:  4 12
dgx052:185:289 [3] NCCL INFO Ring 02 : 4 -> 3 -> 2
dgx052:184:290 [2] NCCL INFO NVLS Head  5:  5 13
dgx052:183:294 [1] NCCL INFO Ring 02 : 2 -> 1 -> 0
dgx052:182:287 [0] NCCL INFO NVLS Head  4:  4 12
dgx052:186:288 [4] NCCL INFO NVLS Head  0:  0  8
dgx052:189:293 [7] NCCL INFO Ring 04 : 0 -> 7 -> 6
dgx052:188:292 [6] NCCL INFO Ring 03 : 7 -> 6 -> 13
dgx052:187:291 [5] NCCL INFO NVLS Head  5:  5 13
dgx052:185:289 [3] NCCL INFO Ring 03 : 4 -> 3 -> 2
dgx052:184:290 [2] NCCL INFO NVLS Head  6:  6 14
dgx052:186:288 [4] NCCL INFO NVLS Head  1:  1  9
dgx052:188:292 [6] NCCL INFO Ring 04 : 7 -> 6 -> 5
dgx052:189:293 [7] NCCL INFO Ring 05 : 0 -> 7 -> 6
dgx052:183:294 [1] NCCL INFO Ring 03 : 2 -> 1 -> 0
dgx052:185:289 [3] NCCL INFO Ring 04 : 12 -> 3 -> 2
dgx052:182:287 [0] NCCL INFO NVLS Head  5:  5 13
dgx052:189:293 [7] NCCL INFO Ring 06 : 0 -> 7 -> 6
dgx052:183:294 [1] NCCL INFO Ring 04 : 2 -> 1 -> 0
dgx052:187:291 [5] NCCL INFO NVLS Head  6:  6 14
dgx052:184:290 [2] NCCL INFO NVLS Head  7:  7 15
dgx052:182:287 [0] NCCL INFO NVLS Head  6:  6 14
dgx052:186:288 [4] NCCL INFO NVLS Head  2:  2 10
dgx052:188:292 [6] NCCL INFO Ring 05 : 7 -> 6 -> 5
dgx052:185:289 [3] NCCL INFO Ring 05 : 4 -> 3 -> 2
dgx052:183:294 [1] NCCL INFO Ring 05 : 10 -> 1 -> 0
dgx052:187:291 [5] NCCL INFO NVLS Head  7:  7 15
dgx052:186:288 [4] NCCL INFO NVLS Head  3:  3 11
dgx052:189:293 [7] NCCL INFO Ring 07 : 0 -> 7 -> 6
dgx052:185:289 [3] NCCL INFO Ring 06 : 4 -> 3 -> 10
dgx052:184:290 [2] NCCL INFO NVLS Trees : 19/10/-1->2->-1 19/-1/-1->2->10
dgx052:185:289 [3] NCCL INFO Ring 07 : 4 -> 3 -> 2
dgx052:182:287 [0] NCCL INFO NVLS Head  7:  7 15
dgx052:188:292 [6] NCCL INFO Ring 06 : 7 -> 6 -> 5
dgx052:183:294 [1] NCCL INFO Ring 06 : 2 -> 1 -> 0
dgx052:187:291 [5] NCCL INFO NVLS Trees : 22/13/-1->5->-1 22/-1/-1->5->13
dgx052:186:288 [4] NCCL INFO NVLS Head  4:  4 12
dgx052:189:293 [7] NCCL INFO Ring 08 : 0 -> 7 -> 6
dgx052:185:289 [3] NCCL INFO Ring 08 : 4 -> 3 -> 2
dgx052:184:290 [2] NCCL INFO Ring 00 : 3 -> 2 -> 9
dgx052:186:288 [4] NCCL INFO NVLS Head  5:  5 13
dgx052:188:292 [6] NCCL INFO Ring 07 : 7 -> 6 -> 5
dgx052:183:294 [1] NCCL INFO Ring 07 : 2 -> 1 -> 0
dgx052:183:294 [1] NCCL INFO Ring 08 : 2 -> 1 -> 0
dgx052:182:287 [0] NCCL INFO NVLS Trees : 17/8/-1->0->-1 17/-1/-1->0->8
dgx052:185:289 [3] NCCL INFO Ring 09 : 12 -> 3 -> 2
dgx052:189:293 [7] NCCL INFO Ring 09 : 0 -> 7 -> 6
dgx052:184:290 [2] NCCL INFO Ring 01 : 11 -> 2 -> 1
dgx052:187:291 [5] NCCL INFO Ring 00 : 6 -> 5 -> 4
dgx052:186:288 [4] NCCL INFO NVLS Head  6:  6 14
dgx052:188:292 [6] NCCL INFO Ring 08 : 7 -> 6 -> 13
dgx052:183:294 [1] NCCL INFO Ring 09 : 2 -> 1 -> 0
dgx052:185:289 [3] NCCL INFO Ring 10 : 4 -> 3 -> 2
dgx052:189:293 [7] NCCL INFO Ring 10 : 0 -> 7 -> 6
dgx052:184:290 [2] NCCL INFO Ring 02 : 3 -> 2 -> 1
dgx052:183:294 [1] NCCL INFO Ring 10 : 10 -> 1 -> 0
dgx052:187:291 [5] NCCL INFO Ring 01 : 6 -> 5 -> 4
dgx052:182:287 [0] NCCL INFO Channel 00/16 :    0   7   6   5   4   3   2   9   8  15  14  13  12  11  10   1
dgx052:183:294 [1] NCCL INFO Ring 11 : 2 -> 1 -> 0
dgx052:188:292 [6] NCCL INFO Ring 09 : 7 -> 6 -> 5
dgx052:186:288 [4] NCCL INFO NVLS Head  7:  7 15
dgx052:185:289 [3] NCCL INFO Ring 11 : 4 -> 3 -> 10
dgx052:183:294 [1] NCCL INFO Ring 12 : 2 -> 1 -> 0
dgx052:189:293 [7] NCCL INFO Ring 11 : 0 -> 7 -> 6
dgx052:185:289 [3] NCCL INFO Ring 12 : 4 -> 3 -> 2
dgx052:184:290 [2] NCCL INFO Ring 03 : 3 -> 2 -> 1
dgx052:187:291 [5] NCCL INFO Ring 02 : 6 -> 5 -> 12
dgx052:188:292 [6] NCCL INFO Ring 10 : 7 -> 6 -> 5
dgx052:186:288 [4] NCCL INFO NVLS Trees : 21/12/-1->4->-1 21/-1/-1->4->12
dgx052:184:290 [2] NCCL INFO Ring 04 : 3 -> 2 -> 1
dgx052:183:294 [1] NCCL INFO Ring 13 : 2 -> 1 -> 0
dgx052:182:287 [0] NCCL INFO Channel 01/16 :    0   7   6   5   4   3  10   9   8  15  14  13  12  11   2   1
dgx052:187:291 [5] NCCL INFO Ring 03 : 14 -> 5 -> 4
dgx052:189:293 [7] NCCL INFO Ring 12 : 0 -> 7 -> 6
dgx052:185:289 [3] NCCL INFO Ring 13 : 4 -> 3 -> 2
dgx052:184:290 [2] NCCL INFO Ring 05 : 3 -> 2 -> 9
dgx052:183:294 [1] NCCL INFO Ring 14 : 2 -> 1 -> 0
dgx052:187:291 [5] NCCL INFO Ring 04 : 6 -> 5 -> 4
dgx052:188:292 [6] NCCL INFO Ring 11 : 7 -> 6 -> 5
dgx052:183:294 [1] NCCL INFO Ring 15 : 10 -> 1 -> 0
dgx052:187:291 [5] NCCL INFO Ring 05 : 6 -> 5 -> 4
dgx052:182:287 [0] NCCL INFO Channel 02/16 :    0   7   6   5  12  11  10   9   8  15  14  13   4   3   2   1
dgx052:188:292 [6] NCCL INFO Ring 12 : 7 -> 6 -> 5
dgx052:189:293 [7] NCCL INFO Ring 13 : 0 -> 7 -> 6
dgx052:185:289 [3] NCCL INFO Ring 14 : 12 -> 3 -> 2
dgx052:184:290 [2] NCCL INFO Ring 06 : 11 -> 2 -> 1
dgx052:186:288 [4] NCCL INFO Ring 00 : 5 -> 4 -> 3
dgx052:183:294 [1] NCCL INFO Trees [0] 2/9/-1->1->-1 [1] 2/9/-1->1->-1 [2] -1/-1/-1->1->0 [3] 2/-1/-1->1->0 [4] 0/-1/-1->1->2 [5] 2/-1/-1->1->9 [6] 2/-1/-1->1->9 [7] -1/-1/-1->1->0 [8] 2/-1/-1->1->0 [9] 0/-1/-1->1->2 [10] 2/9/-1->1->-1 [11] 2/9/-1->1->-1 [12] -1/-1/-1->1->0 [13] 2/-1/-1->1->0 [14] 0/-1/-1->1->2 [15] 2/9/-1->1->-1
dgx052:185:289 [3] NCCL INFO Ring 15 : 4 -> 3 -> 2
dgx052:184:290 [2] NCCL INFO Ring 07 : 3 -> 2 -> 1
dgx052:187:291 [5] NCCL INFO Ring 06 : 6 -> 5 -> 4
dgx052:188:292 [6] NCCL INFO Ring 13 : 7 -> 6 -> 13
dgx052:186:288 [4] NCCL INFO Ring 01 : 5 -> 4 -> 3
dgx052:185:289 [3] NCCL INFO Trees [0] 4/-1/-1->3->2 [1] 4/-1/-1->3->2 [2] 4/-1/-1->3->2 [3] 4/-1/-1->3->2 [4] 2/-1/-1->3->4 [5] 4/-1/-1->3->2 [6] 4/-1/-1->3->2 [7] 4/-1/-1->3->2 [8] 4/-1/-1->3->2 [9] 2/-1/-1->3->4 [10] 4/-1/-1->3->2 [11] 4/-1/-1->3->2 [12] 4/-1/-1->3->2 [13] 4/-1/-1->3->2 [14] 2/-1/-1->3->4 [15] 4/-1/-1->3->2
dgx052:189:293 [7] NCCL INFO Ring 14 : 0 -> 7 -> 6
dgx052:182:287 [0] NCCL INFO Channel 03/16 :    0   7   6  13  12  11  10   9   8  15  14   5   4   3   2   1
dgx052:183:294 [1] NCCL INFO NCCL_BUFFSIZE set by environment to 16777216.
dgx052:184:290 [2] NCCL INFO Ring 08 : 3 -> 2 -> 1
dgx052:187:291 [5] NCCL INFO Ring 07 : 6 -> 5 -> 12
dgx052:188:292 [6] NCCL INFO Ring 14 : 7 -> 6 -> 5
dgx052:185:289 [3] NCCL INFO NCCL_BUFFSIZE set by environment to 16777216.
dgx052:183:294 [1] NCCL INFO NCCL_P2P_NET_CHUNKSIZE set by environment to 524288.
dgx052:186:288 [4] NCCL INFO Ring 02 : 13 -> 4 -> 3
dgx052:189:293 [7] NCCL INFO Ring 15 : 0 -> 7 -> 6
dgx052:182:287 [0] NCCL INFO Channel 04/16 :    0   7   6   5   4  11  10   9   8  15  14  13  12   3   2   1
dgx052:183:294 [1] NCCL INFO P2P Chunksize set to 524288
dgx052:187:291 [5] NCCL INFO Ring 08 : 14 -> 5 -> 4
dgx052:186:288 [4] NCCL INFO Ring 03 : 5 -> 4 -> 3
dgx052:188:292 [6] NCCL INFO Ring 15 : 7 -> 6 -> 5
dgx052:184:290 [2] NCCL INFO Ring 09 : 3 -> 2 -> 1
dgx052:185:289 [3] NCCL INFO NCCL_P2P_NET_CHUNKSIZE set by environment to 524288.
dgx052:189:293 [7] NCCL INFO Trees [0] 0/-1/-1->7->6 [1] 0/-1/-1->7->6 [2] 0/-1/-1->7->6 [3] 0/-1/-1->7->6 [4] 6/-1/-1->7->0 [5] 0/-1/-1->7->6 [6] 0/-1/-1->7->6 [7] 0/-1/-1->7->6 [8] 0/-1/-1->7->6 [9] 6/-1/-1->7->0 [10] 0/-1/-1->7->6 [11] 0/-1/-1->7->6 [12] 0/-1/-1->7->6 [13] 0/-1/-1->7->6 [14] 6/-1/-1->7->0 [15] 0/-1/-1->7->6
dgx052:186:288 [4] NCCL INFO Ring 04 : 5 -> 4 -> 11
dgx052:187:291 [5] NCCL INFO Ring 09 : 6 -> 5 -> 4
dgx052:188:292 [6] NCCL INFO Trees [0] 7/-1/-1->6->5 [1] 7/-1/-1->6->5 [2] 7/-1/-1->6->5 [3] 7/-1/-1->6->5 [4] -1/-1/-1->6->7 [5] 7/-1/-1->6->5 [6] 7/-1/-1->6->5 [7] 7/-1/-1->6->5 [8] 7/-1/-1->6->5 [9] -1/-1/-1->6->7 [10] 7/-1/-1->6->5 [11] 7/-1/-1->6->5 [12] 7/-1/-1->6->5 [13] 7/-1/-1->6->5 [14] -1/-1/-1->6->7 [15] 7/-1/-1->6->5
dgx052:182:287 [0] NCCL INFO Channel 05/16 :    0   7   6   5   4   3   2   9   8  15  14  13  12  11  10   1
dgx052:185:289 [3] NCCL INFO P2P Chunksize set to 524288
dgx052:184:290 [2] NCCL INFO Ring 10 : 3 -> 2 -> 9
dgx052:189:293 [7] NCCL INFO NCCL_BUFFSIZE set by environment to 16777216.
dgx052:187:291 [5] NCCL INFO Ring 10 : 6 -> 5 -> 4
dgx052:188:292 [6] NCCL INFO NCCL_BUFFSIZE set by environment to 16777216.
dgx052:186:288 [4] NCCL INFO Ring 05 : 5 -> 4 -> 3
dgx052:188:292 [6] NCCL INFO NCCL_P2P_NET_CHUNKSIZE set by environment to 524288.
dgx052:184:290 [2] NCCL INFO Ring 11 : 11 -> 2 -> 1
dgx052:189:293 [7] NCCL INFO NCCL_P2P_NET_CHUNKSIZE set by environment to 524288.
dgx052:182:287 [0] NCCL INFO Channel 06/16 :    0   7   6   5   4   3  10   9   8  15  14  13  12  11   2   1
dgx052:187:291 [5] NCCL INFO Ring 11 : 6 -> 5 -> 4
dgx052:186:288 [4] NCCL INFO Ring 06 : 5 -> 4 -> 3
dgx052:188:292 [6] NCCL INFO P2P Chunksize set to 524288
dgx052:184:290 [2] NCCL INFO Ring 12 : 3 -> 2 -> 1
dgx052:189:293 [7] NCCL INFO P2P Chunksize set to 524288
dgx052:182:287 [0] NCCL INFO Channel 07/16 :    0   7   6   5  12  11  10   9   8  15  14  13   4   3   2   1
dgx052:187:291 [5] NCCL INFO Ring 12 : 6 -> 5 -> 12
dgx052:186:288 [4] NCCL INFO Ring 07 : 13 -> 4 -> 3
dgx052:184:290 [2] NCCL INFO Ring 13 : 3 -> 2 -> 1
dgx052:187:291 [5] NCCL INFO Ring 13 : 14 -> 5 -> 4
dgx052:184:290 [2] NCCL INFO Ring 14 : 3 -> 2 -> 1
dgx052:186:288 [4] NCCL INFO Ring 08 : 5 -> 4 -> 3
dgx052:182:287 [0] NCCL INFO Channel 08/16 :    0   7   6  13  12  11  10   9   8  15  14   5   4   3   2   1
dgx052:187:291 [5] NCCL INFO Ring 14 : 6 -> 5 -> 4
dgx052:184:290 [2] NCCL INFO Ring 15 : 3 -> 2 -> 9
dgx052:186:288 [4] NCCL INFO Ring 09 : 5 -> 4 -> 11
dgx052:187:291 [5] NCCL INFO Ring 15 : 6 -> 5 -> 4
dgx052:184:290 [2] NCCL INFO Trees [0] 3/-1/-1->2->1 [1] 3/-1/-1->2->1 [2] 3/10/-1->2->-1 [3] 3/-1/-1->2->1 [4] 1/-1/-1->2->3 [5] 3/-1/-1->2->1 [6] 3/-1/-1->2->1 [7] 3/-1/-1->2->10 [8] 3/-1/-1->2->1 [9] 1/-1/-1->2->3 [10] 3/-1/-1->2->1 [11] 3/-1/-1->2->1 [12] 3/10/-1->2->-1 [13] 3/-1/-1->2->1 [14] 1/-1/-1->2->3 [15] 3/-1/-1->2->1
dgx052:182:287 [0] NCCL INFO Channel 09/16 :    0   7   6   5   4  11  10   9   8  15  14  13  12   3   2   1
dgx052:187:291 [5] NCCL INFO Trees [0] 6/-1/-1->5->4 [1] 6/-1/-1->5->4 [2] 6/-1/-1->5->4 [3] 6/13/-1->5->-1 [4] 4/13/-1->5->-1 [5] 6/-1/-1->5->4 [6] 6/-1/-1->5->4 [7] 6/-1/-1->5->4 [8] 6/-1/-1->5->13 [9] 4/-1/-1->5->13 [10] 6/-1/-1->5->4 [11] 6/-1/-1->5->4 [12] 6/-1/-1->5->4 [13] 6/13/-1->5->-1 [14] 4/13/-1->5->-1 [15] 6/-1/-1->5->4
dgx052:186:288 [4] NCCL INFO Ring 10 : 5 -> 4 -> 3
dgx052:184:290 [2] NCCL INFO NCCL_BUFFSIZE set by environment to 16777216.
dgx052:187:291 [5] NCCL INFO NCCL_BUFFSIZE set by environment to 16777216.
dgx052:184:290 [2] NCCL INFO NCCL_P2P_NET_CHUNKSIZE set by environment to 524288.
dgx052:186:288 [4] NCCL INFO Ring 11 : 5 -> 4 -> 3
dgx052:182:287 [0] NCCL INFO Channel 10/16 :    0   7   6   5   4   3   2   9   8  15  14  13  12  11  10   1
dgx052:184:290 [2] NCCL INFO P2P Chunksize set to 524288
dgx052:187:291 [5] NCCL INFO NCCL_P2P_NET_CHUNKSIZE set by environment to 524288.
dgx052:186:288 [4] NCCL INFO Ring 12 : 13 -> 4 -> 3
dgx052:187:291 [5] NCCL INFO P2P Chunksize set to 524288
dgx052:186:288 [4] NCCL INFO Ring 13 : 5 -> 4 -> 3
dgx052:182:287 [0] NCCL INFO Channel 11/16 :    0   7   6   5   4   3  10   9   8  15  14  13  12  11   2   1
dgx052:186:288 [4] NCCL INFO Ring 14 : 5 -> 4 -> 11
dgx052:186:288 [4] NCCL INFO Ring 15 : 5 -> 4 -> 3
dgx052:182:287 [0] NCCL INFO Channel 12/16 :    0   7   6   5  12  11  10   9   8  15  14  13   4   3   2   1
dgx052:186:288 [4] NCCL INFO Trees [0] 5/-1/-1->4->3 [1] 5/-1/-1->4->3 [2] 5/-1/-1->4->3 [3] -1/-1/-1->4->3 [4] 3/-1/-1->4->5 [5] 5/-1/-1->4->3 [6] 5/-1/-1->4->3 [7] 5/-1/-1->4->3 [8] -1/-1/-1->4->3 [9] 3/-1/-1->4->5 [10] 5/-1/-1->4->3 [11] 5/-1/-1->4->3 [12] 5/-1/-1->4->3 [13] -1/-1/-1->4->3 [14] 3/-1/-1->4->5 [15] 5/-1/-1->4->3
dgx052:186:288 [4] NCCL INFO NCCL_BUFFSIZE set by environment to 16777216.
dgx052:182:287 [0] NCCL INFO Channel 13/16 :    0   7   6  13  12  11  10   9   8  15  14   5   4   3   2   1
dgx052:186:288 [4] NCCL INFO NCCL_P2P_NET_CHUNKSIZE set by environment to 524288.
dgx052:186:288 [4] NCCL INFO P2P Chunksize set to 524288
dgx052:182:287 [0] NCCL INFO Channel 14/16 :    0   7   6   5   4  11  10   9   8  15  14  13  12   3   2   1
dgx052:182:287 [0] NCCL INFO Channel 15/16 :    0   7   6   5   4   3   2   9   8  15  14  13  12  11  10   1
dgx052:182:287 [0] NCCL INFO Ring 00 : 1 -> 0 -> 7
dgx052:182:287 [0] NCCL INFO Ring 01 : 1 -> 0 -> 7
dgx052:182:287 [0] NCCL INFO Ring 02 : 1 -> 0 -> 7
dgx052:182:287 [0] NCCL INFO Ring 03 : 1 -> 0 -> 7
dgx052:182:287 [0] NCCL INFO Ring 04 : 1 -> 0 -> 7
dgx052:182:287 [0] NCCL INFO Ring 05 : 1 -> 0 -> 7
dgx052:182:287 [0] NCCL INFO Ring 06 : 1 -> 0 -> 7
dgx052:182:287 [0] NCCL INFO Ring 07 : 1 -> 0 -> 7
dgx052:182:287 [0] NCCL INFO Ring 08 : 1 -> 0 -> 7
dgx052:182:287 [0] NCCL INFO Ring 09 : 1 -> 0 -> 7
dgx052:182:287 [0] NCCL INFO Ring 10 : 1 -> 0 -> 7
dgx052:182:287 [0] NCCL INFO Ring 11 : 1 -> 0 -> 7
dgx052:182:287 [0] NCCL INFO Ring 12 : 1 -> 0 -> 7
dgx052:182:287 [0] NCCL INFO Ring 13 : 1 -> 0 -> 7
dgx052:182:287 [0] NCCL INFO Ring 14 : 1 -> 0 -> 7
dgx052:182:287 [0] NCCL INFO Ring 15 : 1 -> 0 -> 7
dgx052:182:287 [0] NCCL INFO Trees [0] -1/-1/-1->0->7 [1] -1/-1/-1->0->7 [2] 1/-1/-1->0->7 [3] 1/-1/-1->0->7 [4] 7/-1/-1->0->1 [5] -1/-1/-1->0->7 [6] -1/-1/-1->0->7 [7] 1/-1/-1->0->7 [8] 1/-1/-1->0->7 [9] 7/-1/-1->0->1 [10] -1/-1/-1->0->7 [11] -1/-1/-1->0->7 [12] 1/-1/-1->0->7 [13] 1/-1/-1->0->7 [14] 7/-1/-1->0->1 [15] -1/-1/-1->0->7
dgx052:182:287 [0] NCCL INFO NCCL_BUFFSIZE set by environment to 16777216.
dgx052:182:287 [0] NCCL INFO NCCL_P2P_NET_CHUNKSIZE set by environment to 524288.
dgx052:182:287 [0] NCCL INFO P2P Chunksize set to 524288
dgx052:183:294 [1] NCCL INFO NCCL_NVLS_CHUNKSIZE set by environment to 524288.
dgx052:189:293 [7] NCCL INFO NCCL_NVLS_CHUNKSIZE set by environment to 524288.
dgx052:187:291 [5] NCCL INFO NCCL_NVLS_CHUNKSIZE set by environment to 524288.
dgx052:185:289 [3] NCCL INFO NCCL_NVLS_CHUNKSIZE set by environment to 524288.
dgx052:182:287 [0] NCCL INFO NCCL_NVLS_CHUNKSIZE set by environment to 524288.
dgx052:188:292 [6] NCCL INFO NCCL_NVLS_CHUNKSIZE set by environment to 524288.
dgx052:184:290 [2] NCCL INFO NCCL_NVLS_CHUNKSIZE set by environment to 524288.
dgx052:186:288 [4] NCCL INFO NCCL_NVLS_CHUNKSIZE set by environment to 524288.
dgx052:182:287 [0] NCCL INFO GPU Direct RDMA Disabled for GPU 1b000 / HCA 0 (distance 6 > 3)
dgx052:182:396 [0] NCCL INFO New proxy recv connection 0 from local rank 0, transport 3
dgx052:182:287 [0] NCCL INFO Connected to proxy localRank 0 -> connection 0x7fd848004f40
dgx052:182:396 [0] NCCL INFO NET/IB : GPU Direct RDMA (DMABUF) enabled for HCA 0 'mlx5_0
dgx052:182:287 [0] NCCL INFO CollNet 00/0 : 0 [receive] via COLLNET/SHARP/0
dgx052:183:294 [1] NCCL INFO GPU Direct RDMA Disabled for GPU 43000 / HCA 1 (distance 6 > 3)
dgx052:182:396 [0] NCCL INFO NCCL_IB_QPS_PER_CONNECTION set by environment to 8.
dgx052:183:384 [1] NCCL INFO New proxy recv connection 0 from local rank 1, transport 3
dgx052:182:396 [0] NCCL INFO NET/IB: NCCL Dev 0 IbDev 0 Port 1 qpn 7872 mtu 5 LID 412 subnet-prefix 33022  FLID 0 fifoRkey=0x17a05e fifoLkey=0x17a05e
dgx052:182:396 [0] NCCL INFO NET/IB: NCCL Dev 0 IbDev 0 Port 1 qpn 7873 mtu 5 LID 412 subnet-prefix 33022  FLID 0 fifoRkey=0x17a05e fifoLkey=0x17a05e
dgx052:182:396 [0] NCCL INFO NET/IB: NCCL Dev 0 IbDev 0 Port 1 qpn 7874 mtu 5 LID 412 subnet-prefix 33022  FLID 0 fifoRkey=0x17a05e fifoLkey=0x17a05e
dgx052:182:396 [0] NCCL INFO NET/IB: NCCL Dev 0 IbDev 0 Port 1 qpn 7875 mtu 5 LID 412 subnet-prefix 33022  FLID 0 fifoRkey=0x17a05e fifoLkey=0x17a05e
dgx052:182:396 [0] NCCL INFO NET/IB: NCCL Dev 0 IbDev 0 Port 1 qpn 7876 mtu 5 LID 412 subnet-prefix 33022  FLID 0 fifoRkey=0x17a05e fifoLkey=0x17a05e
dgx052:182:396 [0] NCCL INFO NET/IB: NCCL Dev 0 IbDev 0 Port 1 qpn 7877 mtu 5 LID 412 subnet-prefix 33022  FLID 0 fifoRkey=0x17a05e fifoLkey=0x17a05e
dgx052:182:396 [0] NCCL INFO NET/IB: NCCL Dev 0 IbDev 0 Port 1 qpn 7878 mtu 5 LID 412 subnet-prefix 33022  FLID 0 fifoRkey=0x17a05e fifoLkey=0x17a05e
dgx052:182:396 [0] NCCL INFO NET/IB: NCCL Dev 0 IbDev 0 Port 1 qpn 7879 mtu 5 LID 412 subnet-prefix 33022  FLID 0 fifoRkey=0x17a05e fifoLkey=0x17a05e
dgx052:182:396 [0] NCCL INFO NCCL_IB_SL set by environment to 0.
dgx052:182:396 [0] NCCL INFO NCCL_IB_TIMEOUT set by environment to 22.
dgx052:182:396 [0] NCCL INFO NCCL_IB_RETRY_CNT set by environment to 7.
dgx052:182:396 [0] NCCL INFO NCCL_IB_SPLIT_DATA_ON_QPS set by environment to 1.
dgx052:182:396 [0] NCCL INFO NCCL_IB_AR_THRESHOLD set by environment to 8192.
dgx052:182:396 [0] NCCL INFO NET/IB : GPU Direct RDMA (DMABUF) enabled for HCA 0 'mlx5_0
dgx052:183:294 [1] NCCL INFO Connected to proxy localRank 1 -> connection 0x7f47fc004f40
dgx052:183:384 [1] NCCL INFO NET/IB : GPU Direct RDMA (DMABUF) enabled for HCA 1 'mlx5_1
dgx052:183:294 [1] NCCL INFO CollNet 01/0 : 1 [receive] via COLLNET/SHARP/1
[dgx052:0:182 - context.c:670][2026-04-21 18:08:28] INFO job (ID: 723531284936424750) resource request quota: ( osts:0 user_data_per_ost:0 max_groups:0 max_qps:1 max_group_channels:1, num_trees:1)
[dgx052][Apr 21 18:08:30 719793][SR     ][396][error] - no AM service record found(SA query)
[dgx052][Apr 21 18:08:30 757022][RDMA_SR][396][error] - Error event recieved: event: RDMA_CM_EVENT_UNREACHABLE,  error: 1
[dgx052][Apr 21 18:08:30 757060][RDMA_SR][396][error] - Error occured during connection event handle
[dgx052][Apr 21 18:08:33 760070][RDMA_SR][396][error] - poll failed due to poll_timeout=3000.000000, stop
[dgx052][Apr 21 18:08:33 760184][RDMA_SR][396][error] - Poll failed
[dgx052][Apr 21 18:08:33 760217][RDMA_SR][396][error] - Failed to connect
[dgx052][Apr 21 18:08:33 763887][RDMA_SR][396][error] - rdma_resolve_addr failed with error: -1
[dgx052][Apr 21 18:08:33 763996][RDMA_SR][396][error] - rdma_resolve_addr failed with error: -1
[dgx052][Apr 21 18:08:33 764034][SR     ][396][error] - unable to query AM service record(AM query)
[dgx052][Apr 21 18:08:33 764063][GENERAL][396][error] - Could not query AM address, error: -52
[dgx052][Apr 21 18:08:33 764093][GENERAL][396][error] - failed to connect to AM - error -1 received
[dgx052][Apr 21 18:08:33 767233][GENERAL][396][error] - unable to connect to AM
[dgx052][Apr 21 18:08:33 767294][GENERAL][396][warn ] - SHARPD_OP_CREATE_JOB failed with status: 53
[dgx052:0:182 unique id 723531284936424750][2026-04-21 18:08:33] ERROR Failed to connect to Aggregation Manager (sharp_am) in sharp_create_job.

[dgx052:0:182 - context.c:693][2026-04-21 18:08:33] ERROR sharp_create_job failed: Failed to connect to Aggregation Manager (sharp_am)(-53)

dgx052:182:396 [0] sharp_plugin.c:337 NCCL WARN NET/IB : SHARP coll init error: Cannot create SHARP job(-11)

dgx052:182:287 [0] NCCL INFO transport.cc:331 -> 2
dgx052:184:290 [2] NCCL INFO GPU Direct RDMA Disabled for GPU 52000 / HCA 2 (distance 6 > 3)
dgx052:183:384 [1] NCCL INFO NCCL_IB_QPS_PER_CONNECTION set by environment to 8.
dgx052:184:390 [2] NCCL INFO New proxy recv connection 0 from local rank 2, transport 3
dgx052:183:384 [1] NCCL INFO NET/IB: NCCL Dev 1 IbDev 1 Port 1 qpn 435 mtu 5 LID 639 subnet-prefix 33022  FLID 0 fifoRkey=0x182be9 fifoLkey=0x182be9
dgx052:183:384 [1] NCCL INFO NET/IB: NCCL Dev 1 IbDev 1 Port 1 qpn 436 mtu 5 LID 639 subnet-prefix 33022  FLID 0 fifoRkey=0x182be9 fifoLkey=0x182be9
dgx052:183:384 [1] NCCL INFO NET/IB: NCCL Dev 1 IbDev 1 Port 1 qpn 437 mtu 5 LID 639 subnet-prefix 33022  FLID 0 fifoRkey=0x182be9 fifoLkey=0x182be9
dgx052:183:384 [1] NCCL INFO NET/IB: NCCL Dev 1 IbDev 1 Port 1 qpn 438 mtu 5 LID 639 subnet-prefix 33022  FLID 0 fifoRkey=0x182be9 fifoLkey=0x182be9
dgx052:183:384 [1] NCCL INFO NET/IB: NCCL Dev 1 IbDev 1 Port 1 qpn 439 mtu 5 LID 639 subnet-prefix 33022  FLID 0 fifoRkey=0x182be9 fifoLkey=0x182be9
dgx052:183:384 [1] NCCL INFO NET/IB: NCCL Dev 1 IbDev 1 Port 1 qpn 440 mtu 5 LID 639 subnet-prefix 33022  FLID 0 fifoRkey=0x182be9 fifoLkey=0x182be9
dgx052:183:384 [1] NCCL INFO NET/IB: NCCL Dev 1 IbDev 1 Port 1 qpn 441 mtu 5 LID 639 subnet-prefix 33022  FLID 0 fifoRkey=0x182be9 fifoLkey=0x182be9
dgx052:183:384 [1] NCCL INFO NET/IB: NCCL Dev 1 IbDev 1 Port 1 qpn 442 mtu 5 LID 639 subnet-prefix 33022  FLID 0 fifoRkey=0x182be9 fifoLkey=0x182be9
dgx052:183:384 [1] NCCL INFO NCCL_IB_SL set by environment to 0.
dgx052:183:384 [1] NCCL INFO NCCL_IB_TIMEOUT set by environment to 22.
dgx052:183:384 [1] NCCL INFO NCCL_IB_RETRY_CNT set by environment to 7.
dgx052:183:384 [1] NCCL INFO NCCL_IB_SPLIT_DATA_ON_QPS set by environment to 1.
dgx052:183:384 [1] NCCL INFO NCCL_IB_AR_THRESHOLD set by environment to 8192.
dgx052:183:384 [1] NCCL INFO NET/IB : GPU Direct RDMA (DMABUF) enabled for HCA 1 'mlx5_1
dgx052:184:290 [2] NCCL INFO Connected to proxy localRank 2 -> connection 0x7f64dc004f40
dgx052:184:390 [2] NCCL INFO NET/IB : GPU Direct RDMA (DMABUF) enabled for HCA 2 'mlx5_3
dgx052:184:290 [2] NCCL INFO CollNet 02/0 : 2 [receive] via COLLNET/SHARP/2
[dgx052:0:183 - context.c:670][2026-04-21 18:08:34] INFO job (ID: 723530663634134396) resource request quota: ( osts:0 user_data_per_ost:0 max_groups:0 max_qps:1 max_group_channels:1, num_trees:1)
[dgx052][Apr 21 18:08:36 357533][SR     ][384][error] - no AM service record found(SA query)
[dgx052][Apr 21 18:08:36 394213][RDMA_SR][384][error] - Error event recieved: event: RDMA_CM_EVENT_UNREACHABLE,  error: 1
[dgx052][Apr 21 18:08:36 394252][RDMA_SR][384][error] - Error occured during connection event handle
[dgx052][Apr 21 18:08:39 397315][RDMA_SR][384][error] - poll failed due to poll_timeout=3000.000000, stop
[dgx052][Apr 21 18:08:39 397432][RDMA_SR][384][error] - Poll failed
[dgx052][Apr 21 18:08:39 397466][RDMA_SR][384][error] - Failed to connect
[dgx052][Apr 21 18:08:39 401841][RDMA_SR][384][error] - rdma_resolve_addr failed with error: -1
[dgx052][Apr 21 18:08:39 401958][RDMA_SR][384][error] - rdma_resolve_addr failed with error: -1
[dgx052][Apr 21 18:08:39 401996][SR     ][384][error] - unable to query AM service record(AM query)
[dgx052][Apr 21 18:08:39 402025][GENERAL][384][error] - Could not query AM address, error: -52
[dgx052][Apr 21 18:08:39 402055][GENERAL][384][error] - failed to connect to AM - error -1 received
[dgx052][Apr 21 18:08:39 406019][GENERAL][384][error] - unable to connect to AM
[dgx052][Apr 21 18:08:39 406078][GENERAL][384][warn ] - SHARPD_OP_CREATE_JOB failed with status: 53
[dgx052:0:183 unique id 723530663634134396][2026-04-21 18:08:39] ERROR Failed to connect to Aggregation Manager (sharp_am) in sharp_create_job.

[dgx052:0:183 - context.c:693][2026-04-21 18:08:39] ERROR sharp_create_job failed: Failed to connect to Aggregation Manager (sharp_am)(-53)

dgx052:183:384 [1] sharp_plugin.c:337 NCCL WARN NET/IB : SHARP coll init error: Cannot create SHARP job(-11)

dgx052:183:294 [1] NCCL INFO transport.cc:331 -> 2
dgx052:185:289 [3] NCCL INFO GPU Direct RDMA Disabled for GPU 61000 / HCA 3 (distance 6 > 3)
dgx052:184:390 [2] NCCL INFO NCCL_IB_QPS_PER_CONNECTION set by environment to 8.
dgx052:185:383 [3] NCCL INFO New proxy recv connection 0 from local rank 3, transport 3
dgx052:184:390 [2] NCCL INFO NET/IB: NCCL Dev 2 IbDev 2 Port 1 qpn 7874 mtu 5 LID 414 subnet-prefix 33022  FLID 0 fifoRkey=0x165816 fifoLkey=0x165816
dgx052:184:390 [2] NCCL INFO NET/IB: NCCL Dev 2 IbDev 2 Port 1 qpn 7875 mtu 5 LID 414 subnet-prefix 33022  FLID 0 fifoRkey=0x165816 fifoLkey=0x165816
dgx052:184:390 [2] NCCL INFO NET/IB: NCCL Dev 2 IbDev 2 Port 1 qpn 7876 mtu 5 LID 414 subnet-prefix 33022  FLID 0 fifoRkey=0x165816 fifoLkey=0x165816
dgx052:184:390 [2] NCCL INFO NET/IB: NCCL Dev 2 IbDev 2 Port 1 qpn 7877 mtu 5 LID 414 subnet-prefix 33022  FLID 0 fifoRkey=0x165816 fifoLkey=0x165816
dgx052:184:390 [2] NCCL INFO NET/IB: NCCL Dev 2 IbDev 2 Port 1 qpn 7878 mtu 5 LID 414 subnet-prefix 33022  FLID 0 fifoRkey=0x165816 fifoLkey=0x165816
dgx052:184:390 [2] NCCL INFO NET/IB: NCCL Dev 2 IbDev 2 Port 1 qpn 7879 mtu 5 LID 414 subnet-prefix 33022  FLID 0 fifoRkey=0x165816 fifoLkey=0x165816
dgx052:184:390 [2] NCCL INFO NET/IB: NCCL Dev 2 IbDev 2 Port 1 qpn 7880 mtu 5 LID 414 subnet-prefix 33022  FLID 0 fifoRkey=0x165816 fifoLkey=0x165816
dgx052:184:390 [2] NCCL INFO NET/IB: NCCL Dev 2 IbDev 2 Port 1 qpn 7881 mtu 5 LID 414 subnet-prefix 33022  FLID 0 fifoRkey=0x165816 fifoLkey=0x165816
dgx052:184:390 [2] NCCL INFO NCCL_IB_SL set by environment to 0.
dgx052:184:390 [2] NCCL INFO NCCL_IB_TIMEOUT set by environment to 22.
dgx052:184:390 [2] NCCL INFO NCCL_IB_RETRY_CNT set by environment to 7.
dgx052:184:390 [2] NCCL INFO NCCL_IB_SPLIT_DATA_ON_QPS set by environment to 1.
dgx052:184:390 [2] NCCL INFO NCCL_IB_AR_THRESHOLD set by environment to 8192.
dgx052:184:390 [2] NCCL INFO NET/IB : GPU Direct RDMA (DMABUF) enabled for HCA 2 'mlx5_3
dgx052:185:289 [3] NCCL INFO Connected to proxy localRank 3 -> connection 0x7fe504004f40
dgx052:185:383 [3] NCCL INFO NET/IB : GPU Direct RDMA (DMABUF) enabled for HCA 3 'mlx5_4
dgx052:185:289 [3] NCCL INFO CollNet 03/0 : 3 [receive] via COLLNET/SHARP/3
[dgx052:0:184 - context.c:670][2026-04-21 18:08:40] INFO job (ID: 723530768786256444) resource request quota: ( osts:0 user_data_per_ost:0 max_groups:0 max_qps:1 max_group_channels:1, num_trees:1)
[dgx052][Apr 21 18:08:41 806824][SR     ][390][error] - no AM service record found(SA query)
[dgx052][Apr 21 18:08:41 845162][RDMA_SR][390][error] - Error event recieved: event: RDMA_CM_EVENT_UNREACHABLE,  error: 1
[dgx052][Apr 21 18:08:41 845202][RDMA_SR][390][error] - Error occured during connection event handle
[dgx052][Apr 21 18:08:44 848282][RDMA_SR][390][error] - poll failed due to poll_timeout=3000.000000, stop
[dgx052][Apr 21 18:08:44 848395][RDMA_SR][390][error] - Poll failed
[dgx052][Apr 21 18:08:44 848430][RDMA_SR][390][error] - Failed to connect
[dgx052][Apr 21 18:08:44 852933][RDMA_SR][390][error] - rdma_resolve_addr failed with error: -1
[dgx052][Apr 21 18:08:44 853054][RDMA_SR][390][error] - rdma_resolve_addr failed with error: -1
[dgx052][Apr 21 18:08:44 853093][SR     ][390][error] - unable to query AM service record(AM query)
[dgx052][Apr 21 18:08:44 853122][GENERAL][390][error] - Could not query AM address, error: -52
[dgx052][Apr 21 18:08:44 853151][GENERAL][390][error] - failed to connect to AM - error -1 received
[dgx052][Apr 21 18:08:44 856493][GENERAL][390][error] - unable to connect to AM
[dgx052][Apr 21 18:08:44 856554][GENERAL][390][warn ] - SHARPD_OP_CREATE_JOB failed with status: 53
[dgx052:0:184 unique id 723530768786256444][2026-04-21 18:08:44] ERROR Failed to connect to Aggregation Manager (sharp_am) in sharp_create_job.

[dgx052:0:184 - context.c:693][2026-04-21 18:08:44] ERROR sharp_create_job failed: Failed to connect to Aggregation Manager (sharp_am)(-53)

dgx052:184:390 [2] sharp_plugin.c:337 NCCL WARN NET/IB : SHARP coll init error: Cannot create SHARP job(-11)

dgx052:184:290 [2] NCCL INFO transport.cc:331 -> 2
dgx052:186:288 [4] NCCL INFO GPU Direct RDMA Disabled for GPU 9d000 / HCA 5 (distance 6 > 3)
dgx052:185:383 [3] NCCL INFO NCCL_IB_QPS_PER_CONNECTION set by environment to 8.
dgx052:186:391 [4] NCCL INFO New proxy recv connection 0 from local rank 4, transport 3
dgx052:185:383 [3] NCCL INFO NET/IB: NCCL Dev 3 IbDev 3 Port 1 qpn 7875 mtu 5 LID 413 subnet-prefix 33022  FLID 0 fifoRkey=0x1605c3 fifoLkey=0x1605c3
dgx052:185:383 [3] NCCL INFO NET/IB: NCCL Dev 3 IbDev 3 Port 1 qpn 7876 mtu 5 LID 413 subnet-prefix 33022  FLID 0 fifoRkey=0x1605c3 fifoLkey=0x1605c3
dgx052:185:383 [3] NCCL INFO NET/IB: NCCL Dev 3 IbDev 3 Port 1 qpn 7877 mtu 5 LID 413 subnet-prefix 33022  FLID 0 fifoRkey=0x1605c3 fifoLkey=0x1605c3
dgx052:185:383 [3] NCCL INFO NET/IB: NCCL Dev 3 IbDev 3 Port 1 qpn 7878 mtu 5 LID 413 subnet-prefix 33022  FLID 0 fifoRkey=0x1605c3 fifoLkey=0x1605c3
dgx052:185:383 [3] NCCL INFO NET/IB: NCCL Dev 3 IbDev 3 Port 1 qpn 7879 mtu 5 LID 413 subnet-prefix 33022  FLID 0 fifoRkey=0x1605c3 fifoLkey=0x1605c3
dgx052:185:383 [3] NCCL INFO NET/IB: NCCL Dev 3 IbDev 3 Port 1 qpn 7880 mtu 5 LID 413 subnet-prefix 33022  FLID 0 fifoRkey=0x1605c3 fifoLkey=0x1605c3
dgx052:185:383 [3] NCCL INFO NET/IB: NCCL Dev 3 IbDev 3 Port 1 qpn 7881 mtu 5 LID 413 subnet-prefix 33022  FLID 0 fifoRkey=0x1605c3 fifoLkey=0x1605c3
dgx052:185:383 [3] NCCL INFO NET/IB: NCCL Dev 3 IbDev 3 Port 1 qpn 7882 mtu 5 LID 413 subnet-prefix 33022  FLID 0 fifoRkey=0x1605c3 fifoLkey=0x1605c3
dgx052:185:383 [3] NCCL INFO NCCL_IB_SL set by environment to 0.
dgx052:185:383 [3] NCCL INFO NCCL_IB_TIMEOUT set by environment to 22.
dgx052:185:383 [3] NCCL INFO NCCL_IB_RETRY_CNT set by environment to 7.
dgx052:186:288 [4] NCCL INFO Connected to proxy localRank 4 -> connection 0x7f1b28004f40
dgx052:185:383 [3] NCCL INFO NCCL_IB_SPLIT_DATA_ON_QPS set by environment to 1.
dgx052:185:383 [3] NCCL INFO NCCL_IB_AR_THRESHOLD set by environment to 8192.
dgx052:185:383 [3] NCCL INFO NET/IB : GPU Direct RDMA (DMABUF) enabled for HCA 3 'mlx5_4
dgx052:186:391 [4] NCCL INFO NET/IB : GPU Direct RDMA (DMABUF) enabled for HCA 5 'mlx5_6
dgx052:186:288 [4] NCCL INFO CollNet 04/0 : 4 [receive] via COLLNET/SHARP/5
[dgx052:0:185 - context.c:670][2026-04-21 18:08:45] INFO job (ID: 723531321698262888) resource request quota: ( osts:0 user_data_per_ost:0 max_groups:0 max_qps:1 max_group_channels:1, num_trees:1)
[dgx052][Apr 21 18:08:47 305664][SR     ][383][error] - no AM service record found(SA query)
[dgx052][Apr 21 18:08:47 339668][RDMA_SR][383][error] - Error event recieved: event: RDMA_CM_EVENT_UNREACHABLE,  error: 1
[dgx052][Apr 21 18:08:47 339696][RDMA_SR][383][error] - Error occured during connection event handle
[dgx052][Apr 21 18:08:50 339917][RDMA_SR][383][error] - poll failed due to poll_timeout=3000.000000, stop
[dgx052][Apr 21 18:08:50 340028][RDMA_SR][383][error] - Poll failed
[dgx052][Apr 21 18:08:50 340060][RDMA_SR][383][error] - Failed to connect
[dgx052][Apr 21 18:08:50 343683][RDMA_SR][383][error] - rdma_resolve_addr failed with error: -1
[dgx052][Apr 21 18:08:50 343754][RDMA_SR][383][error] - rdma_resolve_addr failed with error: -1
[dgx052][Apr 21 18:08:50 343793][SR     ][383][error] - unable to query AM service record(AM query)
[dgx052][Apr 21 18:08:50 343813][GENERAL][383][error] - Could not query AM address, error: -52
[dgx052][Apr 21 18:08:50 343830][GENERAL][383][error] - failed to connect to AM - error -1 received
[dgx052][Apr 21 18:08:50 347140][GENERAL][383][error] - unable to connect to AM
[dgx052][Apr 21 18:08:50 347210][GENERAL][383][warn ] - SHARPD_OP_CREATE_JOB failed with status: 53
[dgx052:0:185 unique id 723531321698262888][2026-04-21 18:08:50] ERROR Failed to connect to Aggregation Manager (sharp_am) in sharp_create_job.

[dgx052:0:185 - context.c:693][2026-04-21 18:08:50] ERROR sharp_create_job failed: Failed to connect to Aggregation Manager (sharp_am)(-53)

dgx052:185:383 [3] sharp_plugin.c:337 NCCL WARN NET/IB : SHARP coll init error: Cannot create SHARP job(-11)

dgx052:185:289 [3] NCCL INFO transport.cc:331 -> 2
dgx052:187:291 [5] NCCL INFO GPU Direct RDMA Disabled for GPU c3000 / HCA 8 (distance 6 > 3)
dgx052:186:391 [4] NCCL INFO NCCL_IB_QPS_PER_CONNECTION set by environment to 8.
dgx052:187:388 [5] NCCL INFO New proxy recv connection 0 from local rank 5, transport 3
dgx052:186:391 [4] NCCL INFO NET/IB: NCCL Dev 5 IbDev 5 Port 1 qpn 7876 mtu 5 LID 415 subnet-prefix 33022  FLID 0 fifoRkey=0x171ad4 fifoLkey=0x171ad4
dgx052:186:391 [4] NCCL INFO NET/IB: NCCL Dev 5 IbDev 5 Port 1 qpn 7877 mtu 5 LID 415 subnet-prefix 33022  FLID 0 fifoRkey=0x171ad4 fifoLkey=0x171ad4
dgx052:186:391 [4] NCCL INFO NET/IB: NCCL Dev 5 IbDev 5 Port 1 qpn 7878 mtu 5 LID 415 subnet-prefix 33022  FLID 0 fifoRkey=0x171ad4 fifoLkey=0x171ad4
dgx052:186:391 [4] NCCL INFO NET/IB: NCCL Dev 5 IbDev 5 Port 1 qpn 7879 mtu 5 LID 415 subnet-prefix 33022  FLID 0 fifoRkey=0x171ad4 fifoLkey=0x171ad4
dgx052:186:391 [4] NCCL INFO NET/IB: NCCL Dev 5 IbDev 5 Port 1 qpn 7880 mtu 5 LID 415 subnet-prefix 33022  FLID 0 fifoRkey=0x171ad4 fifoLkey=0x171ad4
dgx052:186:391 [4] NCCL INFO NET/IB: NCCL Dev 5 IbDev 5 Port 1 qpn 7881 mtu 5 LID 415 subnet-prefix 33022  FLID 0 fifoRkey=0x171ad4 fifoLkey=0x171ad4
dgx052:186:391 [4] NCCL INFO NET/IB: NCCL Dev 5 IbDev 5 Port 1 qpn 7882 mtu 5 LID 415 subnet-prefix 33022  FLID 0 fifoRkey=0x171ad4 fifoLkey=0x171ad4
dgx052:186:391 [4] NCCL INFO NET/IB: NCCL Dev 5 IbDev 5 Port 1 qpn 7883 mtu 5 LID 415 subnet-prefix 33022  FLID 0 fifoRkey=0x171ad4 fifoLkey=0x171ad4
dgx052:186:391 [4] NCCL INFO NCCL_IB_SL set by environment to 0.
dgx052:186:391 [4] NCCL INFO NCCL_IB_TIMEOUT set by environment to 22.
dgx052:186:391 [4] NCCL INFO NCCL_IB_RETRY_CNT set by environment to 7.
dgx052:186:391 [4] NCCL INFO NCCL_IB_SPLIT_DATA_ON_QPS set by environment to 1.
dgx052:186:391 [4] NCCL INFO NCCL_IB_AR_THRESHOLD set by environment to 8192.
dgx052:186:391 [4] NCCL INFO NET/IB : GPU Direct RDMA (DMABUF) enabled for HCA 5 'mlx5_6
dgx052:187:291 [5] NCCL INFO Connected to proxy localRank 5 -> connection 0x7f5e78004f40
dgx052:187:388 [5] NCCL INFO NET/IB : GPU Direct RDMA (DMABUF) enabled for HCA 8 'mlx5_10
dgx052:187:291 [5] NCCL INFO CollNet 05/0 : 5 [receive] via COLLNET/SHARP/8
[dgx052:0:186 - context.c:670][2026-04-21 18:08:51] INFO job (ID: 723530462894398204) resource request quota: ( osts:0 user_data_per_ost:0 max_groups:0 max_qps:1 max_group_channels:1, num_trees:1)
[dgx052][Apr 21 18:08:52 681858][SR     ][391][error] - no AM service record found(SA query)
[dgx052][Apr 21 18:08:52 707723][RDMA_SR][391][error] - Error event recieved: event: RDMA_CM_EVENT_UNREACHABLE,  error: 1
[dgx052][Apr 21 18:08:52 707746][RDMA_SR][391][error] - Error occured during connection event handle
[dgx052][Apr 21 18:08:55 710793][RDMA_SR][391][error] - poll failed due to poll_timeout=3000.000000, stop
[dgx052][Apr 21 18:08:55 710906][RDMA_SR][391][error] - Poll failed
[dgx052][Apr 21 18:08:55 710939][RDMA_SR][391][error] - Failed to connect
[dgx052][Apr 21 18:08:55 714607][RDMA_SR][391][error] - rdma_resolve_addr failed with error: -1
[dgx052][Apr 21 18:08:55 714720][RDMA_SR][391][error] - rdma_resolve_addr failed with error: -1
[dgx052][Apr 21 18:08:55 714757][SR     ][391][error] - unable to query AM service record(AM query)
[dgx052][Apr 21 18:08:55 714787][GENERAL][391][error] - Could not query AM address, error: -52
[dgx052][Apr 21 18:08:55 714816][GENERAL][391][error] - failed to connect to AM - error -1 received
[dgx052][Apr 21 18:08:55 718936][GENERAL][391][error] - unable to connect to AM
[dgx052][Apr 21 18:08:55 719045][GENERAL][391][warn ] - SHARPD_OP_CREATE_JOB failed with status: 53
[dgx052:0:186 unique id 723530462894398204][2026-04-21 18:08:55] ERROR Failed to connect to Aggregation Manager (sharp_am) in sharp_create_job.

[dgx052:0:186 - context.c:693][2026-04-21 18:08:55] ERROR sharp_create_job failed: Failed to connect to Aggregation Manager (sharp_am)(-53)

dgx052:186:391 [4] sharp_plugin.c:337 NCCL WARN NET/IB : SHARP coll init error: Cannot create SHARP job(-11)

dgx052:186:288 [4] NCCL INFO transport.cc:331 -> 2
dgx052:188:292 [6] NCCL INFO GPU Direct RDMA Disabled for GPU d1000 / HCA 6 (distance 6 > 3)
dgx052:187:388 [5] NCCL INFO NCCL_IB_QPS_PER_CONNECTION set by environment to 8.
dgx052:188:385 [6] NCCL INFO New proxy recv connection 0 from local rank 6, transport 3
dgx052:187:388 [5] NCCL INFO NET/IB: NCCL Dev 8 IbDev 8 Port 1 qpn 7877 mtu 5 LID 416 subnet-prefix 33022  FLID 0 fifoRkey=0x1813d1 fifoLkey=0x1813d1
