nccl-intranode-dgx052-ppr62:185:394 [2] NCCL INFO New proxy send connection 46 from local rank 2, transport 0
nccl-intranode-dgx052-ppr62:185:402 [2] NCCL INFO Connected to proxy localRank 2 -> connection 0x7f3e040064d0
nccl-intranode-dgx052-ppr62:186:388 [3] NCCL INFO New proxy recv connection 20 from local rank 3, transport 0
nccl-intranode-dgx052-ppr62:186:406 [3] NCCL INFO Connected to proxy localRank 3 -> connection 0x7feaa00058a0
nccl-intranode-dgx052-ppr62:183:404 [0] NCCL INFO Channel 16/0 : 0[0] -> 1[1] via P2P/CUMEM
nccl-intranode-dgx052-ppr62:183:390 [0] NCCL INFO New proxy send connection 40 from local rank 0, transport 0
nccl-intranode-dgx052-ppr62:187:401 [4] NCCL INFO Channel 18/0 : 4[4] -> 5[5] via P2P/CUMEM
nccl-intranode-dgx052-ppr62:183:404 [0] NCCL INFO Connected to proxy localRank 0 -> connection 0x7feadc006200
nccl-intranode-dgx052-ppr62:187:392 [4] NCCL INFO New proxy send connection 42 from local rank 4, transport 0
nccl-intranode-dgx052-ppr62:189:400 [6] NCCL INFO Channel 19/0 : 6[6] -> 7[7] via P2P/CUMEM
nccl-intranode-dgx052-ppr62:187:401 [4] NCCL INFO Connected to proxy localRank 4 -> connection 0x7f17180062f0
nccl-intranode-dgx052-ppr62:189:384 [6] NCCL INFO New proxy send connection 43 from local rank 6, transport 0
nccl-intranode-dgx052-ppr62:189:400 [6] NCCL INFO Connected to proxy localRank 6 -> connection 0x7fceb4006368
nccl-intranode-dgx052-ppr62:187:401 [4] NCCL INFO Channel 19/0 : 4[4] -> 5[5] via P2P/CUMEM
nccl-intranode-dgx052-ppr62:187:392 [4] NCCL INFO New proxy send connection 43 from local rank 4, transport 0
nccl-intranode-dgx052-ppr62:187:401 [4] NCCL INFO Connected to proxy localRank 4 -> connection 0x7f1718006368
nccl-intranode-dgx052-ppr62:189:400 [6] NCCL INFO Channel 20/0 : 6[6] -> 7[7] via P2P/CUMEM
nccl-intranode-dgx052-ppr62:189:384 [6] NCCL INFO New proxy send connection 44 from local rank 6, transport 0
nccl-intranode-dgx052-ppr62:189:400 [6] NCCL INFO Connected to proxy localRank 6 -> connection 0x7fceb40063e0
nccl-intranode-dgx052-ppr62:189:400 [6] NCCL INFO Channel 21/0 : 6[6] -> 7[7] via P2P/CUMEM
nccl-intranode-dgx052-ppr62:189:384 [6] NCCL INFO New proxy send connection 45 from local rank 6, transport 0
nccl-intranode-dgx052-ppr62:189:400 [6] NCCL INFO Connected to proxy localRank 6 -> connection 0x7fceb4006458
nccl-intranode-dgx052-ppr62:189:400 [6] NCCL INFO Channel 22/0 : 6[6] -> 7[7] via P2P/CUMEM
nccl-intranode-dgx052-ppr62:189:384 [6] NCCL INFO New proxy send connection 46 from local rank 6, transport 0
nccl-intranode-dgx052-ppr62:189:400 [6] NCCL INFO Connected to proxy localRank 6 -> connection 0x7fceb40064d0
nccl-intranode-dgx052-ppr62:189:400 [6] NCCL INFO Channel 23/0 : 6[6] -> 7[7] via P2P/CUMEM
nccl-intranode-dgx052-ppr62:189:384 [6] NCCL INFO New proxy send connection 47 from local rank 6, transport 0
nccl-intranode-dgx052-ppr62:189:400 [6] NCCL INFO Connected to proxy localRank 6 -> connection 0x7fceb4006548
nccl-intranode-dgx052-ppr62:187:401 [4] NCCL INFO Channel 20/0 : 4[4] -> 5[5] via P2P/CUMEM
nccl-intranode-dgx052-ppr62:187:392 [4] NCCL INFO New proxy send connection 44 from local rank 4, transport 0
nccl-intranode-dgx052-ppr62:187:401 [4] NCCL INFO Connected to proxy localRank 4 -> connection 0x7f17180063e0
nccl-intranode-dgx052-ppr62:188:398 [5] NCCL INFO New proxy recv connection 22 from local rank 5, transport 0
nccl-intranode-dgx052-ppr62:188:407 [5] NCCL INFO Connected to proxy localRank 5 -> connection 0x7f3d74005990
nccl-intranode-dgx052-ppr62:185:402 [2] NCCL INFO Channel 23/0 : 2[2] -> 3[3] via P2P/CUMEM
nccl-intranode-dgx052-ppr62:184:405 [1] NCCL INFO Channel 12/0 : 1[1] -> 2[2] via P2P/CUMEM
nccl-intranode-dgx052-ppr62:185:394 [2] NCCL INFO New proxy send connection 47 from local rank 2, transport 0
nccl-intranode-dgx052-ppr62:185:402 [2] NCCL INFO Connected to proxy localRank 2 -> connection 0x7f3e04006548
nccl-intranode-dgx052-ppr62:184:396 [1] NCCL INFO New proxy send connection 36 from local rank 1, transport 0
nccl-intranode-dgx052-ppr62:184:405 [1] NCCL INFO Connected to proxy localRank 1 -> connection 0x7fd4fc006020
nccl-intranode-dgx052-ppr62:183:404 [0] NCCL INFO Channel 17/0 : 0[0] -> 1[1] via P2P/CUMEM
nccl-intranode-dgx052-ppr62:183:390 [0] NCCL INFO New proxy send connection 41 from local rank 0, transport 0
nccl-intranode-dgx052-ppr62:183:404 [0] NCCL INFO Connected to proxy localRank 0 -> connection 0x7feadc006278
nccl-intranode-dgx052-ppr62:187:401 [4] NCCL INFO Channel 21/0 : 4[4] -> 5[5] via P2P/CUMEM
nccl-intranode-dgx052-ppr62:187:392 [4] NCCL INFO New proxy send connection 45 from local rank 4, transport 0
nccl-intranode-dgx052-ppr62:186:388 [3] NCCL INFO New proxy recv connection 21 from local rank 3, transport 0
nccl-intranode-dgx052-ppr62:187:401 [4] NCCL INFO Connected to proxy localRank 4 -> connection 0x7f1718006458
nccl-intranode-dgx052-ppr62:186:406 [3] NCCL INFO Connected to proxy localRank 3 -> connection 0x7feaa0005918
nccl-intranode-dgx052-ppr62:188:398 [5] NCCL INFO New proxy recv connection 23 from local rank 5, transport 0
nccl-intranode-dgx052-ppr62:188:407 [5] NCCL INFO Connected to proxy localRank 5 -> connection 0x7f3d74005a08
nccl-intranode-dgx052-ppr62:184:405 [1] NCCL INFO Channel 13/0 : 1[1] -> 2[2] via P2P/CUMEM
nccl-intranode-dgx052-ppr62:184:396 [1] NCCL INFO New proxy send connection 37 from local rank 1, transport 0
nccl-intranode-dgx052-ppr62:184:405 [1] NCCL INFO Connected to proxy localRank 1 -> connection 0x7fd4fc006098
nccl-intranode-dgx052-ppr62:186:388 [3] NCCL INFO New proxy recv connection 22 from local rank 3, transport 0
nccl-intranode-dgx052-ppr62:186:406 [3] NCCL INFO Connected to proxy localRank 3 -> connection 0x7feaa0005990
nccl-intranode-dgx052-ppr62:183:404 [0] NCCL INFO Channel 18/0 : 0[0] -> 1[1] via P2P/CUMEM
nccl-intranode-dgx052-ppr62:183:390 [0] NCCL INFO New proxy send connection 42 from local rank 0, transport 0
nccl-intranode-dgx052-ppr62:187:401 [4] NCCL INFO Channel 22/0 : 4[4] -> 5[5] via P2P/CUMEM
nccl-intranode-dgx052-ppr62:183:404 [0] NCCL INFO Connected to proxy localRank 0 -> connection 0x7feadc0062f0
nccl-intranode-dgx052-ppr62:187:392 [4] NCCL INFO New proxy send connection 46 from local rank 4, transport 0
nccl-intranode-dgx052-ppr62:187:401 [4] NCCL INFO Connected to proxy localRank 4 -> connection 0x7f17180064d0
nccl-intranode-dgx052-ppr62:183:404 [0] NCCL INFO Channel 19/0 : 0[0] -> 1[1] via P2P/CUMEM
nccl-intranode-dgx052-ppr62:183:390 [0] NCCL INFO New proxy send connection 43 from local rank 0, transport 0
nccl-intranode-dgx052-ppr62:183:404 [0] NCCL INFO Connected to proxy localRank 0 -> connection 0x7feadc006368
nccl-intranode-dgx052-ppr62:188:407 [5] NCCL INFO Channel 00/0 : 5[5] -> 6[6] via P2P/CUMEM
nccl-intranode-dgx052-ppr62:188:398 [5] NCCL INFO New proxy send connection 24 from local rank 5, transport 0
nccl-intranode-dgx052-ppr62:188:407 [5] NCCL INFO Connected to proxy localRank 5 -> connection 0x7f3d74005a80
nccl-intranode-dgx052-ppr62:183:404 [0] NCCL INFO Channel 20/0 : 0[0] -> 1[1] via P2P/CUMEM
nccl-intranode-dgx052-ppr62:183:390 [0] NCCL INFO New proxy send connection 44 from local rank 0, transport 0
nccl-intranode-dgx052-ppr62:183:404 [0] NCCL INFO Connected to proxy localRank 0 -> connection 0x7feadc0063e0
nccl-intranode-dgx052-ppr62:183:404 [0] NCCL INFO Channel 21/0 : 0[0] -> 1[1] via P2P/CUMEM
nccl-intranode-dgx052-ppr62:183:390 [0] NCCL INFO New proxy send connection 45 from local rank 0, transport 0
nccl-intranode-dgx052-ppr62:183:404 [0] NCCL INFO Connected to proxy localRank 0 -> connection 0x7feadc006458
nccl-intranode-dgx052-ppr62:187:401 [4] NCCL INFO Channel 23/0 : 4[4] -> 5[5] via P2P/CUMEM
nccl-intranode-dgx052-ppr62:187:392 [4] NCCL INFO New proxy send connection 47 from local rank 4, transport 0
nccl-intranode-dgx052-ppr62:187:401 [4] NCCL INFO Connected to proxy localRank 4 -> connection 0x7f1718006548
nccl-intranode-dgx052-ppr62:184:405 [1] NCCL INFO Channel 14/0 : 1[1] -> 2[2] via P2P/CUMEM
nccl-intranode-dgx052-ppr62:184:396 [1] NCCL INFO New proxy send connection 38 from local rank 1, transport 0
nccl-intranode-dgx052-ppr62:188:407 [5] NCCL INFO Channel 01/0 : 5[5] -> 6[6] via P2P/CUMEM
nccl-intranode-dgx052-ppr62:184:405 [1] NCCL INFO Connected to proxy localRank 1 -> connection 0x7fd4fc006110
nccl-intranode-dgx052-ppr62:188:398 [5] NCCL INFO New proxy send connection 25 from local rank 5, transport 0
nccl-intranode-dgx052-ppr62:188:407 [5] NCCL INFO Connected to proxy localRank 5 -> connection 0x7f3d74005af8
nccl-intranode-dgx052-ppr62:183:404 [0] NCCL INFO Channel 22/0 : 0[0] -> 1[1] via P2P/CUMEM
nccl-intranode-dgx052-ppr62:186:388 [3] NCCL INFO New proxy recv connection 23 from local rank 3, transport 0
nccl-intranode-dgx052-ppr62:186:406 [3] NCCL INFO Connected to proxy localRank 3 -> connection 0x7feaa0005a08
nccl-intranode-dgx052-ppr62:183:390 [0] NCCL INFO New proxy send connection 46 from local rank 0, transport 0
nccl-intranode-dgx052-ppr62:183:404 [0] NCCL INFO Connected to proxy localRank 0 -> connection 0x7feadc0064d0
nccl-intranode-dgx052-ppr62:184:405 [1] NCCL INFO Channel 15/0 : 1[1] -> 2[2] via P2P/CUMEM
nccl-intranode-dgx052-ppr62:184:396 [1] NCCL INFO New proxy send connection 39 from local rank 1, transport 0
nccl-intranode-dgx052-ppr62:184:405 [1] NCCL INFO Connected to proxy localRank 1 -> connection 0x7fd4fc006188
nccl-intranode-dgx052-ppr62:188:407 [5] NCCL INFO Channel 02/0 : 5[5] -> 6[6] via P2P/CUMEM
nccl-intranode-dgx052-ppr62:188:398 [5] NCCL INFO New proxy send connection 26 from local rank 5, transport 0
nccl-intranode-dgx052-ppr62:188:407 [5] NCCL INFO Connected to proxy localRank 5 -> connection 0x7f3d74005b70
nccl-intranode-dgx052-ppr62:188:407 [5] NCCL INFO Channel 03/0 : 5[5] -> 6[6] via P2P/CUMEM
nccl-intranode-dgx052-ppr62:188:398 [5] NCCL INFO New proxy send connection 27 from local rank 5, transport 0
nccl-intranode-dgx052-ppr62:188:407 [5] NCCL INFO Connected to proxy localRank 5 -> connection 0x7f3d74005be8
nccl-intranode-dgx052-ppr62:183:404 [0] NCCL INFO Channel 23/0 : 0[0] -> 1[1] via P2P/CUMEM
nccl-intranode-dgx052-ppr62:183:390 [0] NCCL INFO New proxy send connection 47 from local rank 0, transport 0
nccl-intranode-dgx052-ppr62:183:404 [0] NCCL INFO Connected to proxy localRank 0 -> connection 0x7feadc006548
nccl-intranode-dgx052-ppr62:184:405 [1] NCCL INFO Channel 16/0 : 1[1] -> 2[2] via P2P/CUMEM
nccl-intranode-dgx052-ppr62:184:396 [1] NCCL INFO New proxy send connection 40 from local rank 1, transport 0
nccl-intranode-dgx052-ppr62:188:407 [5] NCCL INFO Channel 04/0 : 5[5] -> 6[6] via P2P/CUMEM
nccl-intranode-dgx052-ppr62:184:405 [1] NCCL INFO Connected to proxy localRank 1 -> connection 0x7fd4fc006200
nccl-intranode-dgx052-ppr62:188:398 [5] NCCL INFO New proxy send connection 28 from local rank 5, transport 0
nccl-intranode-dgx052-ppr62:188:407 [5] NCCL INFO Connected to proxy localRank 5 -> connection 0x7f3d74005c60
nccl-intranode-dgx052-ppr62:188:407 [5] NCCL INFO Channel 05/0 : 5[5] -> 6[6] via P2P/CUMEM
nccl-intranode-dgx052-ppr62:188:398 [5] NCCL INFO New proxy send connection 29 from local rank 5, transport 0
nccl-intranode-dgx052-ppr62:188:407 [5] NCCL INFO Connected to proxy localRank 5 -> connection 0x7f3d74005cd8
nccl-intranode-dgx052-ppr62:184:405 [1] NCCL INFO Channel 17/0 : 1[1] -> 2[2] via P2P/CUMEM
nccl-intranode-dgx052-ppr62:184:396 [1] NCCL INFO New proxy send connection 41 from local rank 1, transport 0
nccl-intranode-dgx052-ppr62:184:405 [1] NCCL INFO Connected to proxy localRank 1 -> connection 0x7fd4fc006278
nccl-intranode-dgx052-ppr62:186:406 [3] NCCL INFO Channel 00/0 : 3[3] -> 4[4] via P2P/CUMEM
nccl-intranode-dgx052-ppr62:186:388 [3] NCCL INFO New proxy send connection 24 from local rank 3, transport 0
nccl-intranode-dgx052-ppr62:186:406 [3] NCCL INFO Connected to proxy localRank 3 -> connection 0x7feaa0005a80
nccl-intranode-dgx052-ppr62:188:407 [5] NCCL INFO Channel 06/0 : 5[5] -> 6[6] via P2P/CUMEM
nccl-intranode-dgx052-ppr62:188:398 [5] NCCL INFO New proxy send connection 30 from local rank 5, transport 0
nccl-intranode-dgx052-ppr62:188:407 [5] NCCL INFO Connected to proxy localRank 5 -> connection 0x7f3d74005d50
nccl-intranode-dgx052-ppr62:188:407 [5] NCCL INFO Channel 07/0 : 5[5] -> 6[6] via P2P/CUMEM
nccl-intranode-dgx052-ppr62:188:398 [5] NCCL INFO New proxy send connection 31 from local rank 5, transport 0
nccl-intranode-dgx052-ppr62:188:407 [5] NCCL INFO Connected to proxy localRank 5 -> connection 0x7f3d74005dc8
nccl-intranode-dgx052-ppr62:188:407 [5] NCCL INFO Channel 08/0 : 5[5] -> 6[6] via P2P/CUMEM
nccl-intranode-dgx052-ppr62:188:398 [5] NCCL INFO New proxy send connection 32 from local rank 5, transport 0
nccl-intranode-dgx052-ppr62:188:407 [5] NCCL INFO Connected to proxy localRank 5 -> connection 0x7f3d74005e40
nccl-intranode-dgx052-ppr62:186:406 [3] NCCL INFO Channel 01/0 : 3[3] -> 4[4] via P2P/CUMEM
nccl-intranode-dgx052-ppr62:186:388 [3] NCCL INFO New proxy send connection 25 from local rank 3, transport 0
nccl-intranode-dgx052-ppr62:186:406 [3] NCCL INFO Connected to proxy localRank 3 -> connection 0x7feaa0005af8
nccl-intranode-dgx052-ppr62:188:407 [5] NCCL INFO Channel 09/0 : 5[5] -> 6[6] via P2P/CUMEM
nccl-intranode-dgx052-ppr62:188:398 [5] NCCL INFO New proxy send connection 33 from local rank 5, transport 0
nccl-intranode-dgx052-ppr62:188:407 [5] NCCL INFO Connected to proxy localRank 5 -> connection 0x7f3d74005eb8
nccl-intranode-dgx052-ppr62:184:405 [1] NCCL INFO Channel 18/0 : 1[1] -> 2[2] via P2P/CUMEM
nccl-intranode-dgx052-ppr62:184:396 [1] NCCL INFO New proxy send connection 42 from local rank 1, transport 0
nccl-intranode-dgx052-ppr62:184:405 [1] NCCL INFO Connected to proxy localRank 1 -> connection 0x7fd4fc0062f0
nccl-intranode-dgx052-ppr62:188:407 [5] NCCL INFO Channel 10/0 : 5[5] -> 6[6] via P2P/CUMEM
nccl-intranode-dgx052-ppr62:186:406 [3] NCCL INFO Channel 02/0 : 3[3] -> 4[4] via P2P/CUMEM
nccl-intranode-dgx052-ppr62:188:398 [5] NCCL INFO New proxy send connection 34 from local rank 5, transport 0
nccl-intranode-dgx052-ppr62:188:407 [5] NCCL INFO Connected to proxy localRank 5 -> connection 0x7f3d74005f30
nccl-intranode-dgx052-ppr62:186:388 [3] NCCL INFO New proxy send connection 26 from local rank 3, transport 0
nccl-intranode-dgx052-ppr62:186:406 [3] NCCL INFO Connected to proxy localRank 3 -> connection 0x7feaa0005b70
nccl-intranode-dgx052-ppr62:188:407 [5] NCCL INFO Channel 11/0 : 5[5] -> 6[6] via P2P/CUMEM
nccl-intranode-dgx052-ppr62:188:398 [5] NCCL INFO New proxy send connection 35 from local rank 5, transport 0
nccl-intranode-dgx052-ppr62:188:407 [5] NCCL INFO Connected to proxy localRank 5 -> connection 0x7f3d74005fa8
nccl-intranode-dgx052-ppr62:184:405 [1] NCCL INFO Channel 19/0 : 1[1] -> 2[2] via P2P/CUMEM
nccl-intranode-dgx052-ppr62:186:406 [3] NCCL INFO Channel 03/0 : 3[3] -> 4[4] via P2P/CUMEM
nccl-intranode-dgx052-ppr62:184:396 [1] NCCL INFO New proxy send connection 43 from local rank 1, transport 0
nccl-intranode-dgx052-ppr62:184:405 [1] NCCL INFO Connected to proxy localRank 1 -> connection 0x7fd4fc006368
nccl-intranode-dgx052-ppr62:186:388 [3] NCCL INFO New proxy send connection 27 from local rank 3, transport 0
nccl-intranode-dgx052-ppr62:186:406 [3] NCCL INFO Connected to proxy localRank 3 -> connection 0x7feaa0005be8
nccl-intranode-dgx052-ppr62:188:407 [5] NCCL INFO Channel 12/0 : 5[5] -> 6[6] via P2P/CUMEM
nccl-intranode-dgx052-ppr62:188:398 [5] NCCL INFO New proxy send connection 36 from local rank 5, transport 0
nccl-intranode-dgx052-ppr62:188:407 [5] NCCL INFO Connected to proxy localRank 5 -> connection 0x7f3d74006020
nccl-intranode-dgx052-ppr62:184:405 [1] NCCL INFO Channel 20/0 : 1[1] -> 2[2] via P2P/CUMEM
nccl-intranode-dgx052-ppr62:184:396 [1] NCCL INFO New proxy send connection 44 from local rank 1, transport 0
nccl-intranode-dgx052-ppr62:186:406 [3] NCCL INFO Channel 04/0 : 3[3] -> 4[4] via P2P/CUMEM
nccl-intranode-dgx052-ppr62:184:405 [1] NCCL INFO Connected to proxy localRank 1 -> connection 0x7fd4fc0063e0
nccl-intranode-dgx052-ppr62:186:388 [3] NCCL INFO New proxy send connection 28 from local rank 3, transport 0
nccl-intranode-dgx052-ppr62:186:406 [3] NCCL INFO Connected to proxy localRank 3 -> connection 0x7feaa0005c60
nccl-intranode-dgx052-ppr62:188:407 [5] NCCL INFO Channel 13/0 : 5[5] -> 6[6] via P2P/CUMEM
nccl-intranode-dgx052-ppr62:188:398 [5] NCCL INFO New proxy send connection 37 from local rank 5, transport 0
nccl-intranode-dgx052-ppr62:188:407 [5] NCCL INFO Connected to proxy localRank 5 -> connection 0x7f3d74006098
nccl-intranode-dgx052-ppr62:184:405 [1] NCCL INFO Channel 21/0 : 1[1] -> 2[2] via P2P/CUMEM
nccl-intranode-dgx052-ppr62:186:406 [3] NCCL INFO Channel 05/0 : 3[3] -> 4[4] via P2P/CUMEM
nccl-intranode-dgx052-ppr62:184:396 [1] NCCL INFO New proxy send connection 45 from local rank 1, transport 0
nccl-intranode-dgx052-ppr62:184:405 [1] NCCL INFO Connected to proxy localRank 1 -> connection 0x7fd4fc006458
nccl-intranode-dgx052-ppr62:186:388 [3] NCCL INFO New proxy send connection 29 from local rank 3, transport 0
nccl-intranode-dgx052-ppr62:186:406 [3] NCCL INFO Connected to proxy localRank 3 -> connection 0x7feaa0005cd8
nccl-intranode-dgx052-ppr62:188:407 [5] NCCL INFO Channel 14/0 : 5[5] -> 6[6] via P2P/CUMEM
nccl-intranode-dgx052-ppr62:188:398 [5] NCCL INFO New proxy send connection 38 from local rank 5, transport 0
nccl-intranode-dgx052-ppr62:188:407 [5] NCCL INFO Connected to proxy localRank 5 -> connection 0x7f3d74006110
nccl-intranode-dgx052-ppr62:184:405 [1] NCCL INFO Channel 22/0 : 1[1] -> 2[2] via P2P/CUMEM
nccl-intranode-dgx052-ppr62:186:406 [3] NCCL INFO Channel 06/0 : 3[3] -> 4[4] via P2P/CUMEM
nccl-intranode-dgx052-ppr62:184:396 [1] NCCL INFO New proxy send connection 46 from local rank 1, transport 0
nccl-intranode-dgx052-ppr62:184:405 [1] NCCL INFO Connected to proxy localRank 1 -> connection 0x7fd4fc0064d0
nccl-intranode-dgx052-ppr62:186:388 [3] NCCL INFO New proxy send connection 30 from local rank 3, transport 0
nccl-intranode-dgx052-ppr62:186:406 [3] NCCL INFO Connected to proxy localRank 3 -> connection 0x7feaa0005d50
nccl-intranode-dgx052-ppr62:188:407 [5] NCCL INFO Channel 15/0 : 5[5] -> 6[6] via P2P/CUMEM
nccl-intranode-dgx052-ppr62:188:398 [5] NCCL INFO New proxy send connection 39 from local rank 5, transport 0
nccl-intranode-dgx052-ppr62:188:407 [5] NCCL INFO Connected to proxy localRank 5 -> connection 0x7f3d74006188
nccl-intranode-dgx052-ppr62:184:405 [1] NCCL INFO Channel 23/0 : 1[1] -> 2[2] via P2P/CUMEM
nccl-intranode-dgx052-ppr62:186:406 [3] NCCL INFO Channel 07/0 : 3[3] -> 4[4] via P2P/CUMEM
nccl-intranode-dgx052-ppr62:184:396 [1] NCCL INFO New proxy send connection 47 from local rank 1, transport 0
nccl-intranode-dgx052-ppr62:184:405 [1] NCCL INFO Connected to proxy localRank 1 -> connection 0x7fd4fc006548
nccl-intranode-dgx052-ppr62:186:388 [3] NCCL INFO New proxy send connection 31 from local rank 3, transport 0
nccl-intranode-dgx052-ppr62:186:406 [3] NCCL INFO Connected to proxy localRank 3 -> connection 0x7feaa0005dc8
nccl-intranode-dgx052-ppr62:188:407 [5] NCCL INFO Channel 16/0 : 5[5] -> 6[6] via P2P/CUMEM
nccl-intranode-dgx052-ppr62:188:398 [5] NCCL INFO New proxy send connection 40 from local rank 5, transport 0
nccl-intranode-dgx052-ppr62:188:407 [5] NCCL INFO Connected to proxy localRank 5 -> connection 0x7f3d74006200
nccl-intranode-dgx052-ppr62:186:406 [3] NCCL INFO Channel 08/0 : 3[3] -> 4[4] via P2P/CUMEM
nccl-intranode-dgx052-ppr62:186:388 [3] NCCL INFO New proxy send connection 32 from local rank 3, transport 0
nccl-intranode-dgx052-ppr62:186:406 [3] NCCL INFO Connected to proxy localRank 3 -> connection 0x7feaa0005e40
nccl-intranode-dgx052-ppr62:188:407 [5] NCCL INFO Channel 17/0 : 5[5] -> 6[6] via P2P/CUMEM
nccl-intranode-dgx052-ppr62:188:398 [5] NCCL INFO New proxy send connection 41 from local rank 5, transport 0
nccl-intranode-dgx052-ppr62:188:407 [5] NCCL INFO Connected to proxy localRank 5 -> connection 0x7f3d74006278
nccl-intranode-dgx052-ppr62:188:407 [5] NCCL INFO Channel 18/0 : 5[5] -> 6[6] via P2P/CUMEM
nccl-intranode-dgx052-ppr62:186:406 [3] NCCL INFO Channel 09/0 : 3[3] -> 4[4] via P2P/CUMEM
nccl-intranode-dgx052-ppr62:188:398 [5] NCCL INFO New proxy send connection 42 from local rank 5, transport 0
nccl-intranode-dgx052-ppr62:188:407 [5] NCCL INFO Connected to proxy localRank 5 -> connection 0x7f3d740062f0
nccl-intranode-dgx052-ppr62:186:388 [3] NCCL INFO New proxy send connection 33 from local rank 3, transport 0
nccl-intranode-dgx052-ppr62:186:406 [3] NCCL INFO Connected to proxy localRank 3 -> connection 0x7feaa0005eb8
nccl-intranode-dgx052-ppr62:186:406 [3] NCCL INFO Channel 10/0 : 3[3] -> 4[4] via P2P/CUMEM
nccl-intranode-dgx052-ppr62:188:407 [5] NCCL INFO Channel 19/0 : 5[5] -> 6[6] via P2P/CUMEM
nccl-intranode-dgx052-ppr62:186:388 [3] NCCL INFO New proxy send connection 34 from local rank 3, transport 0
nccl-intranode-dgx052-ppr62:186:406 [3] NCCL INFO Connected to proxy localRank 3 -> connection 0x7feaa0005f30
nccl-intranode-dgx052-ppr62:188:398 [5] NCCL INFO New proxy send connection 43 from local rank 5, transport 0
nccl-intranode-dgx052-ppr62:188:407 [5] NCCL INFO Connected to proxy localRank 5 -> connection 0x7f3d74006368
nccl-intranode-dgx052-ppr62:188:407 [5] NCCL INFO Channel 20/0 : 5[5] -> 6[6] via P2P/CUMEM
nccl-intranode-dgx052-ppr62:188:398 [5] NCCL INFO New proxy send connection 44 from local rank 5, transport 0
nccl-intranode-dgx052-ppr62:186:406 [3] NCCL INFO Channel 11/0 : 3[3] -> 4[4] via P2P/CUMEM
nccl-intranode-dgx052-ppr62:188:407 [5] NCCL INFO Connected to proxy localRank 5 -> connection 0x7f3d740063e0
nccl-intranode-dgx052-ppr62:186:388 [3] NCCL INFO New proxy send connection 35 from local rank 3, transport 0
nccl-intranode-dgx052-ppr62:186:406 [3] NCCL INFO Connected to proxy localRank 3 -> connection 0x7feaa0005fa8
nccl-intranode-dgx052-ppr62:186:406 [3] NCCL INFO Channel 12/0 : 3[3] -> 4[4] via P2P/CUMEM
nccl-intranode-dgx052-ppr62:188:407 [5] NCCL INFO Channel 21/0 : 5[5] -> 6[6] via P2P/CUMEM
nccl-intranode-dgx052-ppr62:186:388 [3] NCCL INFO New proxy send connection 36 from local rank 3, transport 0
nccl-intranode-dgx052-ppr62:186:406 [3] NCCL INFO Connected to proxy localRank 3 -> connection 0x7feaa0006020
nccl-intranode-dgx052-ppr62:188:398 [5] NCCL INFO New proxy send connection 45 from local rank 5, transport 0
nccl-intranode-dgx052-ppr62:188:407 [5] NCCL INFO Connected to proxy localRank 5 -> connection 0x7f3d74006458
nccl-intranode-dgx052-ppr62:188:407 [5] NCCL INFO Channel 22/0 : 5[5] -> 6[6] via P2P/CUMEM
nccl-intranode-dgx052-ppr62:186:406 [3] NCCL INFO Channel 13/0 : 3[3] -> 4[4] via P2P/CUMEM
nccl-intranode-dgx052-ppr62:188:398 [5] NCCL INFO New proxy send connection 46 from local rank 5, transport 0
nccl-intranode-dgx052-ppr62:188:407 [5] NCCL INFO Connected to proxy localRank 5 -> connection 0x7f3d740064d0
nccl-intranode-dgx052-ppr62:186:388 [3] NCCL INFO New proxy send connection 37 from local rank 3, transport 0
nccl-intranode-dgx052-ppr62:186:406 [3] NCCL INFO Connected to proxy localRank 3 -> connection 0x7feaa0006098
nccl-intranode-dgx052-ppr62:186:406 [3] NCCL INFO Channel 14/0 : 3[3] -> 4[4] via P2P/CUMEM
nccl-intranode-dgx052-ppr62:188:407 [5] NCCL INFO Channel 23/0 : 5[5] -> 6[6] via P2P/CUMEM
nccl-intranode-dgx052-ppr62:186:388 [3] NCCL INFO New proxy send connection 38 from local rank 3, transport 0
nccl-intranode-dgx052-ppr62:186:406 [3] NCCL INFO Connected to proxy localRank 3 -> connection 0x7feaa0006110
nccl-intranode-dgx052-ppr62:188:398 [5] NCCL INFO New proxy send connection 47 from local rank 5, transport 0
nccl-intranode-dgx052-ppr62:188:407 [5] NCCL INFO Connected to proxy localRank 5 -> connection 0x7f3d74006548
nccl-intranode-dgx052-ppr62:186:406 [3] NCCL INFO Channel 15/0 : 3[3] -> 4[4] via P2P/CUMEM
nccl-intranode-dgx052-ppr62:186:388 [3] NCCL INFO New proxy send connection 39 from local rank 3, transport 0
nccl-intranode-dgx052-ppr62:186:406 [3] NCCL INFO Connected to proxy localRank 3 -> connection 0x7feaa0006188
nccl-intranode-dgx052-ppr62:186:406 [3] NCCL INFO Channel 16/0 : 3[3] -> 4[4] via P2P/CUMEM
nccl-intranode-dgx052-ppr62:186:388 [3] NCCL INFO New proxy send connection 40 from local rank 3, transport 0
nccl-intranode-dgx052-ppr62:186:406 [3] NCCL INFO Connected to proxy localRank 3 -> connection 0x7feaa0006200
nccl-intranode-dgx052-ppr62:186:406 [3] NCCL INFO Channel 17/0 : 3[3] -> 4[4] via P2P/CUMEM
nccl-intranode-dgx052-ppr62:186:388 [3] NCCL INFO New proxy send connection 41 from local rank 3, transport 0
nccl-intranode-dgx052-ppr62:186:406 [3] NCCL INFO Connected to proxy localRank 3 -> connection 0x7feaa0006278
nccl-intranode-dgx052-ppr62:186:406 [3] NCCL INFO Channel 18/0 : 3[3] -> 4[4] via P2P/CUMEM
nccl-intranode-dgx052-ppr62:186:388 [3] NCCL INFO New proxy send connection 42 from local rank 3, transport 0
nccl-intranode-dgx052-ppr62:186:406 [3] NCCL INFO Connected to proxy localRank 3 -> connection 0x7feaa00062f0
nccl-intranode-dgx052-ppr62:186:406 [3] NCCL INFO Channel 19/0 : 3[3] -> 4[4] via P2P/CUMEM
nccl-intranode-dgx052-ppr62:186:388 [3] NCCL INFO New proxy send connection 43 from local rank 3, transport 0
nccl-intranode-dgx052-ppr62:186:406 [3] NCCL INFO Connected to proxy localRank 3 -> connection 0x7feaa0006368
nccl-intranode-dgx052-ppr62:186:406 [3] NCCL INFO Channel 20/0 : 3[3] -> 4[4] via P2P/CUMEM
nccl-intranode-dgx052-ppr62:186:388 [3] NCCL INFO New proxy send connection 44 from local rank 3, transport 0
nccl-intranode-dgx052-ppr62:186:406 [3] NCCL INFO Connected to proxy localRank 3 -> connection 0x7feaa00063e0
nccl-intranode-dgx052-ppr62:186:406 [3] NCCL INFO Channel 21/0 : 3[3] -> 4[4] via P2P/CUMEM
nccl-intranode-dgx052-ppr62:186:388 [3] NCCL INFO New proxy send connection 45 from local rank 3, transport 0
nccl-intranode-dgx052-ppr62:186:406 [3] NCCL INFO Connected to proxy localRank 3 -> connection 0x7feaa0006458
nccl-intranode-dgx052-ppr62:186:406 [3] NCCL INFO Channel 22/0 : 3[3] -> 4[4] via P2P/CUMEM
nccl-intranode-dgx052-ppr62:186:388 [3] NCCL INFO New proxy send connection 46 from local rank 3, transport 0
nccl-intranode-dgx052-ppr62:186:406 [3] NCCL INFO Connected to proxy localRank 3 -> connection 0x7feaa00064d0
nccl-intranode-dgx052-ppr62:186:406 [3] NCCL INFO Channel 23/0 : 3[3] -> 4[4] via P2P/CUMEM
nccl-intranode-dgx052-ppr62:186:388 [3] NCCL INFO New proxy send connection 47 from local rank 3, transport 0
nccl-intranode-dgx052-ppr62:186:406 [3] NCCL INFO Connected to proxy localRank 3 -> connection 0x7feaa0006548
nccl-intranode-dgx052-ppr62:189:400 [6] NCCL INFO Connected all rings
nccl-intranode-dgx052-ppr62:187:401 [4] NCCL INFO Connected all rings
nccl-intranode-dgx052-ppr62:188:407 [5] NCCL INFO Connected all rings
nccl-intranode-dgx052-ppr62:183:404 [0] NCCL INFO Connected all rings
nccl-intranode-dgx052-ppr62:190:403 [7] NCCL INFO Connected all rings
nccl-intranode-dgx052-ppr62:186:406 [3] NCCL INFO Connected all rings
nccl-intranode-dgx052-ppr62:184:405 [1] NCCL INFO Connected all rings
nccl-intranode-dgx052-ppr62:185:402 [2] NCCL INFO Connected all rings
      1.00 MiB        0.05         22.88         40.04
nccl-intranode-dgx052-ppr62:185:412 [2] NCCL INFO NVLS comm 0x55e11ce6ab30 headRank 2 nHeads 8 buffSize 1048576 nvlsPerRankSize 33554432 nvlsTotalSize 268435456
nccl-intranode-dgx052-ppr62:184:410 [1] NCCL INFO NVLS comm 0x55ff6add3060 headRank 1 nHeads 8 buffSize 1048576 nvlsPerRankSize 33554432 nvlsTotalSize 268435456
nccl-intranode-dgx052-ppr62:183:413 [0] NCCL INFO NVLS comm 0x55ee4adf2730 headRank 0 nHeads 8 buffSize 1048576 nvlsPerRankSize 33554432 nvlsTotalSize 268435456
nccl-intranode-dgx052-ppr62:188:409 [5] NCCL INFO NVLS comm 0x55cd4496a0b0 headRank 5 nHeads 8 buffSize 1048576 nvlsPerRankSize 33554432 nvlsTotalSize 268435456
nccl-intranode-dgx052-ppr62:190:408 [7] NCCL INFO NVLS comm 0x55838b7a2bc0 headRank 7 nHeads 8 buffSize 1048576 nvlsPerRankSize 33554432 nvlsTotalSize 268435456
nccl-intranode-dgx052-ppr62:186:411 [3] NCCL INFO NVLS comm 0x564c60027990 headRank 3 nHeads 8 buffSize 1048576 nvlsPerRankSize 33554432 nvlsTotalSize 268435456
nccl-intranode-dgx052-ppr62:189:414 [6] NCCL INFO NVLS comm 0x5633e5f37530 headRank 6 nHeads 8 buffSize 1048576 nvlsPerRankSize 33554432 nvlsTotalSize 268435456
nccl-intranode-dgx052-ppr62:187:415 [4] NCCL INFO NVLS comm 0x55a72c9e4eb0 headRank 4 nHeads 8 buffSize 1048576 nvlsPerRankSize 33554432 nvlsTotalSize 268435456
      2.00 MiB        0.04         51.06         89.36
      4.00 MiB        0.05         77.57        135.74
      8.00 MiB        0.08        107.72        188.51
     16.00 MiB        0.12        137.43        240.50
     32.00 MiB        0.20        167.90        293.83
     64.00 MiB        0.33        205.67        359.92
    128.00 MiB        0.59        226.54        396.44
    256.00 MiB        1.12        238.63        417.60
    512.00 MiB        2.16        247.99        433.98
      1.00 GiB        4.07        263.54        461.19
      2.00 GiB        8.02        267.86        468.75
      4.00 GiB       15.85        270.91        474.10
      8.00 GiB       31.46        273.04        477.82
nccl-intranode-dgx052-ppr62:189:416 [6] NCCL INFO socketProgressOpt: abort called
nccl-intranode-dgx052-ppr62:189:416 [6] NCCL INFO misc/socket.cc:47 -> 3
nccl-intranode-dgx052-ppr62:189:416 [6] NCCL INFO misc/socket.cc:550 -> 3
nccl-intranode-dgx052-ppr62:189:416 [6] NCCL INFO misc/socket.cc:573 -> 3
nccl-intranode-dgx052-ppr62:189:416 [6] NCCL INFO misc/socket.cc:621 -> 3
nccl-intranode-dgx052-ppr62:189:416 [6] NCCL INFO socketProgressOpt: abort called
nccl-intranode-dgx052-ppr62:189:416 [6] NCCL INFO misc/socket.cc:47 -> 3
nccl-intranode-dgx052-ppr62:189:416 [6] NCCL INFO misc/socket.cc:58 -> 3
nccl-intranode-dgx052-ppr62:189:416 [6] NCCL INFO misc/socket.cc:775 -> 3
nccl-intranode-dgx052-ppr62:189:384 [6] NCCL INFO socketProgressOpt: abort called
nccl-intranode-dgx052-ppr62:189:384 [6] NCCL INFO misc/socket.cc:47 -> 3
nccl-intranode-dgx052-ppr62:189:384 [6] NCCL INFO misc/socket.cc:752 -> 3
nccl-intranode-dgx052-ppr62:189:384 [6] NCCL INFO misc/socket.cc:428 -> 3
nccl-intranode-dgx052-ppr62:189:384 [6] NCCL INFO misc/socket.cc:564 -> 3
nccl-intranode-dgx052-ppr62:189:384 [6] NCCL INFO misc/socket.cc:668 -> 3

nccl-intranode-dgx052-ppr62:189:384 [6] proxy.cc:1458 NCCL WARN [Service thread] Accept failed Resource temporarily unavailable
nccl-intranode-dgx052-ppr62:189:384 [6] NCCL INFO socketProgressOpt: abort called
nccl-intranode-dgx052-ppr62:189:384 [6] NCCL INFO misc/socket.cc:826 -> 3

nccl-intranode-dgx052-ppr62:189:384 [6] proxy.cc:1497 NCCL WARN [Service thread] Could not receive type from localRank 6, res=3, closed=0

nccl-intranode-dgx052-ppr62:189:384 [6] proxy.cc:1521 NCCL WARN [Proxy Service 6] Failed to execute operation Close from rank 6, retcode 3
nccl-intranode-dgx052-ppr62:186:417 [3] NCCL INFO socketProgressOpt: abort called
nccl-intranode-dgx052-ppr62:186:417 [3] NCCL INFO misc/socket.cc:47 -> 3
nccl-intranode-dgx052-ppr62:186:417 [3] NCCL INFO misc/socket.cc:550 -> 3
nccl-intranode-dgx052-ppr62:186:417 [3] NCCL INFO misc/socket.cc:573 -> 3
nccl-intranode-dgx052-ppr62:186:417 [3] NCCL INFO misc/socket.cc:621 -> 3
nccl-intranode-dgx052-ppr62:186:417 [3] NCCL INFO socketProgressOpt: abort called
nccl-intranode-dgx052-ppr62:186:417 [3] NCCL INFO misc/socket.cc:47 -> 3
nccl-intranode-dgx052-ppr62:186:417 [3] NCCL INFO misc/socket.cc:58 -> 3
nccl-intranode-dgx052-ppr62:186:417 [3] NCCL INFO misc/socket.cc:775 -> 3
nccl-intranode-dgx052-ppr62:186:388 [3] NCCL INFO socketProgressOpt: abort called
nccl-intranode-dgx052-ppr62:186:388 [3] NCCL INFO misc/socket.cc:47 -> 3
nccl-intranode-dgx052-ppr62:186:388 [3] NCCL INFO misc/socket.cc:752 -> 3
nccl-intranode-dgx052-ppr62:186:388 [3] NCCL INFO misc/socket.cc:428 -> 3
nccl-intranode-dgx052-ppr62:186:388 [3] NCCL INFO misc/socket.cc:564 -> 3
nccl-intranode-dgx052-ppr62:186:388 [3] NCCL INFO misc/socket.cc:668 -> 3

nccl-intranode-dgx052-ppr62:186:388 [3] proxy.cc:1458 NCCL WARN [Service thread] Accept failed Resource temporarily unavailable
nccl-intranode-dgx052-ppr62:186:388 [3] NCCL INFO socketProgressOpt: abort called
nccl-intranode-dgx052-ppr62:186:388 [3] NCCL INFO misc/socket.cc:826 -> 3

nccl-intranode-dgx052-ppr62:186:388 [3] proxy.cc:1497 NCCL WARN [Service thread] Could not receive type from localRank 3, res=3, closed=0

nccl-intranode-dgx052-ppr62:186:388 [3] proxy.cc:1521 NCCL WARN [Proxy Service 3] Failed to execute operation Close from rank 3, retcode 3
nccl-intranode-dgx052-ppr62:188:418 [5] NCCL INFO socketProgressOpt: abort called
nccl-intranode-dgx052-ppr62:188:418 [5] NCCL INFO misc/socket.cc:47 -> 3
nccl-intranode-dgx052-ppr62:188:418 [5] NCCL INFO misc/socket.cc:550 -> 3
nccl-intranode-dgx052-ppr62:188:418 [5] NCCL INFO misc/socket.cc:573 -> 3
nccl-intranode-dgx052-ppr62:188:418 [5] NCCL INFO misc/socket.cc:621 -> 3
nccl-intranode-dgx052-ppr62:188:418 [5] NCCL INFO socketProgressOpt: abort called
nccl-intranode-dgx052-ppr62:188:418 [5] NCCL INFO misc/socket.cc:47 -> 3
nccl-intranode-dgx052-ppr62:188:418 [5] NCCL INFO misc/socket.cc:58 -> 3
nccl-intranode-dgx052-ppr62:188:418 [5] NCCL INFO misc/socket.cc:775 -> 3
nccl-intranode-dgx052-ppr62:188:398 [5] NCCL INFO socketProgressOpt: abort called
nccl-intranode-dgx052-ppr62:188:398 [5] NCCL INFO misc/socket.cc:47 -> 3
nccl-intranode-dgx052-ppr62:188:398 [5] NCCL INFO misc/socket.cc:752 -> 3
nccl-intranode-dgx052-ppr62:188:398 [5] NCCL INFO misc/socket.cc:428 -> 3
nccl-intranode-dgx052-ppr62:188:398 [5] NCCL INFO misc/socket.cc:564 -> 3
nccl-intranode-dgx052-ppr62:188:398 [5] NCCL INFO misc/socket.cc:668 -> 3

nccl-intranode-dgx052-ppr62:188:398 [5] proxy.cc:1458 NCCL WARN [Service thread] Accept failed Resource temporarily unavailable
nccl-intranode-dgx052-ppr62:188:398 [5] NCCL INFO socketProgressOpt: abort called
nccl-intranode-dgx052-ppr62:188:398 [5] NCCL INFO misc/socket.cc:826 -> 3

nccl-intranode-dgx052-ppr62:188:398 [5] proxy.cc:1497 NCCL WARN [Service thread] Could not receive type from localRank 5, res=3, closed=0

nccl-intranode-dgx052-ppr62:188:398 [5] proxy.cc:1521 NCCL WARN [Proxy Service 5] Failed to execute operation Close from rank 5, retcode 3
nccl-intranode-dgx052-ppr62:190:419 [7] NCCL INFO socketProgressOpt: abort called
nccl-intranode-dgx052-ppr62:190:419 [7] NCCL INFO misc/socket.cc:47 -> 3
nccl-intranode-dgx052-ppr62:190:419 [7] NCCL INFO misc/socket.cc:550 -> 3
nccl-intranode-dgx052-ppr62:190:419 [7] NCCL INFO misc/socket.cc:573 -> 3
nccl-intranode-dgx052-ppr62:190:419 [7] NCCL INFO misc/socket.cc:621 -> 3
nccl-intranode-dgx052-ppr62:190:419 [7] NCCL INFO socketProgressOpt: abort called
nccl-intranode-dgx052-ppr62:190:419 [7] NCCL INFO misc/socket.cc:47 -> 3
nccl-intranode-dgx052-ppr62:190:419 [7] NCCL INFO misc/socket.cc:58 -> 3
nccl-intranode-dgx052-ppr62:190:419 [7] NCCL INFO misc/socket.cc:775 -> 3
nccl-intranode-dgx052-ppr62:190:386 [7] NCCL INFO socketProgressOpt: abort called
nccl-intranode-dgx052-ppr62:190:386 [7] NCCL INFO misc/socket.cc:47 -> 3
nccl-intranode-dgx052-ppr62:190:386 [7] NCCL INFO misc/socket.cc:752 -> 3
nccl-intranode-dgx052-ppr62:190:386 [7] NCCL INFO misc/socket.cc:428 -> 3
nccl-intranode-dgx052-ppr62:190:386 [7] NCCL INFO misc/socket.cc:564 -> 3
nccl-intranode-dgx052-ppr62:190:386 [7] NCCL INFO misc/socket.cc:668 -> 3

nccl-intranode-dgx052-ppr62:190:386 [7] proxy.cc:1458 NCCL WARN [Service thread] Accept failed Resource temporarily unavailable
nccl-intranode-dgx052-ppr62:190:386 [7] NCCL INFO socketProgressOpt: abort called
nccl-intranode-dgx052-ppr62:190:386 [7] NCCL INFO misc/socket.cc:826 -> 3

nccl-intranode-dgx052-ppr62:190:386 [7] proxy.cc:1497 NCCL WARN [Service thread] Could not receive type from localRank 7, res=3, closed=0

nccl-intranode-dgx052-ppr62:190:386 [7] proxy.cc:1521 NCCL WARN [Proxy Service 7] Failed to execute operation Close from rank 7, retcode 3
nccl-intranode-dgx052-ppr62:183:420 [0] NCCL INFO socketProgressOpt: abort called
nccl-intranode-dgx052-ppr62:183:420 [0] NCCL INFO misc/socket.cc:47 -> 3
nccl-intranode-dgx052-ppr62:183:420 [0] NCCL INFO misc/socket.cc:550 -> 3
nccl-intranode-dgx052-ppr62:183:420 [0] NCCL INFO misc/socket.cc:573 -> 3
nccl-intranode-dgx052-ppr62:183:420 [0] NCCL INFO misc/socket.cc:621 -> 3
nccl-intranode-dgx052-ppr62:183:420 [0] NCCL INFO socketProgressOpt: abort called
nccl-intranode-dgx052-ppr62:183:420 [0] NCCL INFO misc/socket.cc:47 -> 3
nccl-intranode-dgx052-ppr62:183:420 [0] NCCL INFO misc/socket.cc:58 -> 3
nccl-intranode-dgx052-ppr62:183:420 [0] NCCL INFO misc/socket.cc:775 -> 3
nccl-intranode-dgx052-ppr62:183:390 [0] NCCL INFO socketProgressOpt: abort called
nccl-intranode-dgx052-ppr62:183:390 [0] NCCL INFO misc/socket.cc:47 -> 3
nccl-intranode-dgx052-ppr62:183:390 [0] NCCL INFO misc/socket.cc:752 -> 3
nccl-intranode-dgx052-ppr62:183:390 [0] NCCL INFO misc/socket.cc:428 -> 3
nccl-intranode-dgx052-ppr62:183:390 [0] NCCL INFO misc/socket.cc:564 -> 3
nccl-intranode-dgx052-ppr62:183:390 [0] NCCL INFO misc/socket.cc:668 -> 3

nccl-intranode-dgx052-ppr62:183:390 [0] proxy.cc:1458 NCCL WARN [Service thread] Accept failed Resource temporarily unavailable
nccl-intranode-dgx052-ppr62:183:390 [0] NCCL INFO socketProgressOpt: abort called
nccl-intranode-dgx052-ppr62:183:390 [0] NCCL INFO misc/socket.cc:826 -> 3

nccl-intranode-dgx052-ppr62:183:390 [0] proxy.cc:1497 NCCL WARN [Service thread] Could not receive type from localRank 0, res=3, closed=0

nccl-intranode-dgx052-ppr62:183:390 [0] proxy.cc:1521 NCCL WARN [Proxy Service 0] Failed to execute operation Close from rank 0, retcode 3
nccl-intranode-dgx052-ppr62:187:421 [4] NCCL INFO socketProgressOpt: abort called
nccl-intranode-dgx052-ppr62:187:421 [4] NCCL INFO misc/socket.cc:47 -> 3
nccl-intranode-dgx052-ppr62:187:421 [4] NCCL INFO misc/socket.cc:550 -> 3
nccl-intranode-dgx052-ppr62:187:421 [4] NCCL INFO misc/socket.cc:573 -> 3
nccl-intranode-dgx052-ppr62:187:421 [4] NCCL INFO misc/socket.cc:621 -> 3
nccl-intranode-dgx052-ppr62:187:421 [4] NCCL INFO socketProgressOpt: abort called
nccl-intranode-dgx052-ppr62:187:421 [4] NCCL INFO misc/socket.cc:47 -> 3
nccl-intranode-dgx052-ppr62:187:421 [4] NCCL INFO misc/socket.cc:58 -> 3
nccl-intranode-dgx052-ppr62:187:421 [4] NCCL INFO misc/socket.cc:775 -> 3
nccl-intranode-dgx052-ppr62:187:392 [4] NCCL INFO socketProgressOpt: abort called
nccl-intranode-dgx052-ppr62:187:392 [4] NCCL INFO misc/socket.cc:47 -> 3
nccl-intranode-dgx052-ppr62:187:392 [4] NCCL INFO misc/socket.cc:752 -> 3
nccl-intranode-dgx052-ppr62:187:392 [4] NCCL INFO misc/socket.cc:428 -> 3
nccl-intranode-dgx052-ppr62:187:392 [4] NCCL INFO misc/socket.cc:564 -> 3
nccl-intranode-dgx052-ppr62:187:392 [4] NCCL INFO misc/socket.cc:668 -> 3

nccl-intranode-dgx052-ppr62:187:392 [4] proxy.cc:1458 NCCL WARN [Service thread] Accept failed Resource temporarily unavailable
nccl-intranode-dgx052-ppr62:187:392 [4] NCCL INFO socketProgressOpt: abort called
nccl-intranode-dgx052-ppr62:187:392 [4] NCCL INFO misc/socket.cc:826 -> 3

nccl-intranode-dgx052-ppr62:187:392 [4] proxy.cc:1497 NCCL WARN [Service thread] Could not receive type from localRank 4, res=3, closed=0

nccl-intranode-dgx052-ppr62:187:392 [4] proxy.cc:1521 NCCL WARN [Proxy Service 4] Failed to execute operation Close from rank 4, retcode 3
nccl-intranode-dgx052-ppr62:184:422 [1] NCCL INFO socketProgressOpt: abort called
nccl-intranode-dgx052-ppr62:184:422 [1] NCCL INFO misc/socket.cc:47 -> 3
nccl-intranode-dgx052-ppr62:184:422 [1] NCCL INFO misc/socket.cc:550 -> 3
nccl-intranode-dgx052-ppr62:184:422 [1] NCCL INFO misc/socket.cc:573 -> 3
nccl-intranode-dgx052-ppr62:184:422 [1] NCCL INFO misc/socket.cc:621 -> 3
nccl-intranode-dgx052-ppr62:184:422 [1] NCCL INFO socketProgressOpt: abort called
nccl-intranode-dgx052-ppr62:184:422 [1] NCCL INFO misc/socket.cc:47 -> 3
nccl-intranode-dgx052-ppr62:184:422 [1] NCCL INFO misc/socket.cc:58 -> 3
nccl-intranode-dgx052-ppr62:184:422 [1] NCCL INFO misc/socket.cc:775 -> 3
nccl-intranode-dgx052-ppr62:184:396 [1] NCCL INFO socketProgressOpt: abort called
nccl-intranode-dgx052-ppr62:184:396 [1] NCCL INFO misc/socket.cc:47 -> 3
nccl-intranode-dgx052-ppr62:184:396 [1] NCCL INFO misc/socket.cc:752 -> 3
nccl-intranode-dgx052-ppr62:184:396 [1] NCCL INFO misc/socket.cc:428 -> 3
nccl-intranode-dgx052-ppr62:184:396 [1] NCCL INFO misc/socket.cc:564 -> 3
nccl-intranode-dgx052-ppr62:184:396 [1] NCCL INFO misc/socket.cc:668 -> 3

nccl-intranode-dgx052-ppr62:184:396 [1] proxy.cc:1458 NCCL WARN [Service thread] Accept failed Resource temporarily unavailable
nccl-intranode-dgx052-ppr62:184:396 [1] NCCL INFO socketProgressOpt: abort called
nccl-intranode-dgx052-ppr62:184:396 [1] NCCL INFO misc/socket.cc:826 -> 3

nccl-intranode-dgx052-ppr62:184:396 [1] proxy.cc:1497 NCCL WARN [Service thread] Could not receive type from localRank 1, res=3, closed=0

nccl-intranode-dgx052-ppr62:184:396 [1] proxy.cc:1521 NCCL WARN [Proxy Service 1] Failed to execute operation Close from rank 1, retcode 3
nccl-intranode-dgx052-ppr62:185:423 [2] NCCL INFO socketProgressOpt: abort called
nccl-intranode-dgx052-ppr62:185:423 [2] NCCL INFO misc/socket.cc:47 -> 3
nccl-intranode-dgx052-ppr62:185:423 [2] NCCL INFO misc/socket.cc:550 -> 3
nccl-intranode-dgx052-ppr62:185:423 [2] NCCL INFO misc/socket.cc:573 -> 3
nccl-intranode-dgx052-ppr62:185:423 [2] NCCL INFO misc/socket.cc:621 -> 3
nccl-intranode-dgx052-ppr62:185:423 [2] NCCL INFO socketProgressOpt: abort called
nccl-intranode-dgx052-ppr62:185:423 [2] NCCL INFO misc/socket.cc:47 -> 3
nccl-intranode-dgx052-ppr62:185:423 [2] NCCL INFO misc/socket.cc:58 -> 3
nccl-intranode-dgx052-ppr62:185:423 [2] NCCL INFO misc/socket.cc:775 -> 3
nccl-intranode-dgx052-ppr62:185:394 [2] NCCL INFO socketProgressOpt: abort called
nccl-intranode-dgx052-ppr62:185:394 [2] NCCL INFO misc/socket.cc:47 -> 3
nccl-intranode-dgx052-ppr62:185:394 [2] NCCL INFO misc/socket.cc:752 -> 3
nccl-intranode-dgx052-ppr62:185:394 [2] NCCL INFO misc/socket.cc:428 -> 3
nccl-intranode-dgx052-ppr62:185:394 [2] NCCL INFO misc/socket.cc:564 -> 3
nccl-intranode-dgx052-ppr62:185:394 [2] NCCL INFO misc/socket.cc:668 -> 3

nccl-intranode-dgx052-ppr62:185:394 [2] proxy.cc:1458 NCCL WARN [Service thread] Accept failed Resource temporarily unavailable
nccl-intranode-dgx052-ppr62:185:394 [2] NCCL INFO socketProgressOpt: abort called
nccl-intranode-dgx052-ppr62:185:394 [2] NCCL INFO misc/socket.cc:826 -> 3

nccl-intranode-dgx052-ppr62:185:394 [2] proxy.cc:1497 NCCL WARN [Service thread] Could not receive type from localRank 2, res=3, closed=0

nccl-intranode-dgx052-ppr62:185:394 [2] proxy.cc:1521 NCCL WARN [Proxy Service 2] Failed to execute operation Close from rank 2, retcode 3
nccl-intranode-dgx052-ppr62:186:417 [3] NCCL INFO comm 0x564c60027990 rank 3 nranks 8 cudaDev 3 busId 61000 - Abort COMPLETE
nccl-intranode-dgx052-ppr62:186:417 [3] NCCL INFO NET/Plugin: Closing net plugin 'IBext_v8'
nccl-intranode-dgx052-ppr62:186:417 [3] NCCL INFO NET/Plugin: Closing collnet plugin 'SHARP'
nccl-intranode-dgx052-ppr62:189:416 [6] NCCL INFO comm 0x5633e5f37530 rank 6 nranks 8 cudaDev 6 busId d1000 - Abort COMPLETE
nccl-intranode-dgx052-ppr62:189:416 [6] NCCL INFO NET/Plugin: Closing net plugin 'IBext_v8'
nccl-intranode-dgx052-ppr62:189:416 [6] NCCL INFO NET/Plugin: Closing collnet plugin 'SHARP'
nccl-intranode-dgx052-ppr62:188:418 [5] NCCL INFO comm 0x55cd4496a0b0 rank 5 nranks 8 cudaDev 5 busId c3000 - Abort COMPLETE
nccl-intranode-dgx052-ppr62:188:418 [5] NCCL INFO NET/Plugin: Closing net plugin 'IBext_v8'
nccl-intranode-dgx052-ppr62:188:418 [5] NCCL INFO NET/Plugin: Closing collnet plugin 'SHARP'
nccl-intranode-dgx052-ppr62:187:421 [4] NCCL INFO comm 0x55a72c9e4eb0 rank 4 nranks 8 cudaDev 4 busId 9d000 - Abort COMPLETE
nccl-intranode-dgx052-ppr62:187:421 [4] NCCL INFO NET/Plugin: Closing net plugin 'IBext_v8'
nccl-intranode-dgx052-ppr62:187:421 [4] NCCL INFO NET/Plugin: Closing collnet plugin 'SHARP'
nccl-intranode-dgx052-ppr62:183:420 [0] NCCL INFO comm 0x55ee4adf2730 rank 0 nranks 8 cudaDev 0 busId 1b000 - Abort COMPLETE
nccl-intranode-dgx052-ppr62:183:420 [0] NCCL INFO NET/Plugin: Closing net plugin 'IBext_v8'
nccl-intranode-dgx052-ppr62:183:420 [0] NCCL INFO NET/Plugin: Closing collnet plugin 'SHARP'

  done.
nccl-intranode-dgx052-ppr62:190:419 [7] NCCL INFO comm 0x55838b7a2bc0 rank 7 nranks 8 cudaDev 7 busId df000 - Abort COMPLETE
nccl-intranode-dgx052-ppr62:190:419 [7] NCCL INFO NET/Plugin: Closing net plugin 'IBext_v8'
nccl-intranode-dgx052-ppr62:190:419 [7] NCCL INFO NET/Plugin: Closing collnet plugin 'SHARP'
nccl-intranode-dgx052-ppr62:185:423 [2] NCCL INFO comm 0x55e11ce6ab30 rank 2 nranks 8 cudaDev 2 busId 52000 - Abort COMPLETE
nccl-intranode-dgx052-ppr62:185:423 [2] NCCL INFO NET/Plugin: Closing net plugin 'IBext_v8'
nccl-intranode-dgx052-ppr62:185:423 [2] NCCL INFO NET/Plugin: Closing collnet plugin 'SHARP'
nccl-intranode-dgx052-ppr62:184:422 [1] NCCL INFO comm 0x55ff6add3060 rank 1 nranks 8 cudaDev 1 busId 43000 - Abort COMPLETE
nccl-intranode-dgx052-ppr62:184:422 [1] NCCL INFO NET/Plugin: Closing net plugin 'IBext_v8'
nccl-intranode-dgx052-ppr62:184:422 [1] NCCL INFO NET/Plugin: Closing collnet plugin 'SHARP'
ERROR: init 250 result=11