nccl-intranode-dgx052-ppr62:184:292 [1] NCCL INFO GPU Direct RDMA Enabled for GPU d1000 / HCA 3 (distance 4 <= 4), read 0
nccl-intranode-dgx052-ppr62:184:292 [1] NCCL INFO GPU Direct RDMA Enabled for GPU df000 / HCA 3 (distance 4 <= 4), read 0
nccl-intranode-dgx052-ppr62:184:292 [1] NCCL INFO GPU Direct RDMA Enabled for GPU 1b000 / HCA 4 (distance 4 <= 4), read 0
nccl-intranode-dgx052-ppr62:184:292 [1] NCCL INFO GPU Direct RDMA Enabled for GPU 43000 / HCA 4 (distance 4 <= 4), read 0
nccl-intranode-dgx052-ppr62:184:292 [1] NCCL INFO GPU Direct RDMA Enabled for GPU 52000 / HCA 4 (distance 4 <= 4), read 0
nccl-intranode-dgx052-ppr62:184:292 [1] NCCL INFO GPU Direct RDMA Enabled for GPU 61000 / HCA 4 (distance 4 <= 4), read 0
nccl-intranode-dgx052-ppr62:184:292 [1] NCCL INFO GPU Direct RDMA Enabled for GPU 9d000 / HCA 4 (distance 4 <= 4), read 0
nccl-intranode-dgx052-ppr62:184:292 [1] NCCL INFO GPU Direct RDMA Enabled for GPU c3000 / HCA 4 (distance 4 <= 4), read 0
nccl-intranode-dgx052-ppr62:184:292 [1] NCCL INFO GPU Direct RDMA Enabled for GPU d1000 / HCA 4 (distance 4 <= 4), read 0
nccl-intranode-dgx052-ppr62:184:292 [1] NCCL INFO GPU Direct RDMA Enabled for GPU df000 / HCA 4 (distance 4 <= 4), read 0
nccl-intranode-dgx052-ppr62:184:292 [1] NCCL INFO GPU Direct RDMA Enabled for GPU 1b000 / HCA 5 (distance 4 <= 4), read 0
nccl-intranode-dgx052-ppr62:184:292 [1] NCCL INFO GPU Direct RDMA Enabled for GPU 43000 / HCA 5 (distance 4 <= 4), read 0
nccl-intranode-dgx052-ppr62:184:292 [1] NCCL INFO GPU Direct RDMA Enabled for GPU 52000 / HCA 5 (distance 4 <= 4), read 0
nccl-intranode-dgx052-ppr62:184:292 [1] NCCL INFO GPU Direct RDMA Enabled for GPU 61000 / HCA 5 (distance 4 <= 4), read 0
nccl-intranode-dgx052-ppr62:184:292 [1] NCCL INFO GPU Direct RDMA Enabled for GPU 9d000 / HCA 5 (distance 4 <= 4), read 0
nccl-intranode-dgx052-ppr62:184:292 [1] NCCL INFO GPU Direct RDMA Enabled for GPU c3000 / HCA 5 (distance 4 <= 4), read 0
nccl-intranode-dgx052-ppr62:184:292 [1] NCCL INFO GPU Direct RDMA Enabled for GPU d1000 / HCA 5 (distance 4 <= 4), read 0
nccl-intranode-dgx052-ppr62:184:292 [1] NCCL INFO GPU Direct RDMA Enabled for GPU df000 / HCA 5 (distance 4 <= 4), read 0
nccl-intranode-dgx052-ppr62:184:292 [1] NCCL INFO GPU Direct RDMA Enabled for GPU c3000 / HCA 7 (distance 4 <= 4), read 0
nccl-intranode-dgx052-ppr62:184:292 [1] NCCL INFO GPU Direct RDMA Enabled for GPU 1b000 / HCA 8 (distance 4 <= 4), read 0
nccl-intranode-dgx052-ppr62:184:292 [1] NCCL INFO GPU Direct RDMA Enabled for GPU 43000 / HCA 8 (distance 4 <= 4), read 0
nccl-intranode-dgx052-ppr62:184:292 [1] NCCL INFO GPU Direct RDMA Enabled for GPU 52000 / HCA 8 (distance 4 <= 4), read 0
nccl-intranode-dgx052-ppr62:184:292 [1] NCCL INFO GPU Direct RDMA Enabled for GPU 61000 / HCA 8 (distance 4 <= 4), read 0
nccl-intranode-dgx052-ppr62:184:292 [1] NCCL INFO GPU Direct RDMA Enabled for GPU 9d000 / HCA 8 (distance 4 <= 4), read 0
nccl-intranode-dgx052-ppr62:184:292 [1] NCCL INFO GPU Direct RDMA Enabled for GPU c3000 / HCA 8 (distance 4 <= 4), read 0
nccl-intranode-dgx052-ppr62:184:292 [1] NCCL INFO GPU Direct RDMA Enabled for GPU d1000 / HCA 8 (distance 4 <= 4), read 0
nccl-intranode-dgx052-ppr62:184:292 [1] NCCL INFO GPU Direct RDMA Enabled for GPU df000 / HCA 8 (distance 4 <= 4), read 0
nccl-intranode-dgx052-ppr62:184:292 [1] NCCL INFO GPU Direct RDMA Enabled for GPU 1b000 / HCA 9 (distance 4 <= 4), read 0
nccl-intranode-dgx052-ppr62:184:292 [1] NCCL INFO GPU Direct RDMA Enabled for GPU 43000 / HCA 9 (distance 4 <= 4), read 0
nccl-intranode-dgx052-ppr62:184:292 [1] NCCL INFO GPU Direct RDMA Enabled for GPU 52000 / HCA 9 (distance 4 <= 4), read 0
nccl-intranode-dgx052-ppr62:184:292 [1] NCCL INFO GPU Direct RDMA Enabled for GPU 61000 / HCA 9 (distance 4 <= 4), read 0
nccl-intranode-dgx052-ppr62:184:292 [1] NCCL INFO GPU Direct RDMA Enabled for GPU 9d000 / HCA 9 (distance 4 <= 4), read 0
nccl-intranode-dgx052-ppr62:184:292 [1] NCCL INFO GPU Direct RDMA Enabled for GPU c3000 / HCA 9 (distance 4 <= 4), read 0
nccl-intranode-dgx052-ppr62:184:292 [1] NCCL INFO GPU Direct RDMA Enabled for GPU d1000 / HCA 9 (distance 4 <= 4), read 0
nccl-intranode-dgx052-ppr62:184:292 [1] NCCL INFO GPU Direct RDMA Enabled for GPU df000 / HCA 9 (distance 4 <= 4), read 0
nccl-intranode-dgx052-ppr62:190:295 [7] NCCL INFO Setting affinity for GPU 7 to ffffffff,ffffff00,00000000,0000ffff,ffffffff,ff000000,00000000
nccl-intranode-dgx052-ppr62:190:295 [7] NCCL INFO NCCL_NVLS_ENABLE set by environment to 1.
nccl-intranode-dgx052-ppr62:190:295 [7] NCCL INFO NVLS multicast support is available on dev 7
nccl-intranode-dgx052-ppr62:189:290 [6] NCCL INFO Setting affinity for GPU 6 to ffffffff,ffffff00,00000000,0000ffff,ffffffff,ff000000,00000000
nccl-intranode-dgx052-ppr62:187:289 [4] NCCL INFO Setting affinity for GPU 4 to ffffffff,ffffff00,00000000,0000ffff,ffffffff,ff000000,00000000
nccl-intranode-dgx052-ppr62:187:289 [4] NCCL INFO NCCL_NVLS_ENABLE set by environment to 1.
nccl-intranode-dgx052-ppr62:187:289 [4] NCCL INFO NVLS multicast support is available on dev 4
nccl-intranode-dgx052-ppr62:189:290 [6] NCCL INFO NCCL_NVLS_ENABLE set by environment to 1.
nccl-intranode-dgx052-ppr62:189:290 [6] NCCL INFO NVLS multicast support is available on dev 6
nccl-intranode-dgx052-ppr62:183:288 [0] NCCL INFO Setting affinity for GPU 0 to ff,ffffffff,ffff0000,00000000,00ffffff,ffffffff
nccl-intranode-dgx052-ppr62:183:288 [0] NCCL INFO NCCL_NVLS_ENABLE set by environment to 1.
nccl-intranode-dgx052-ppr62:183:288 [0] NCCL INFO NVLS multicast support is available on dev 0
nccl-intranode-dgx052-ppr62:185:293 [2] NCCL INFO Setting affinity for GPU 2 to ff,ffffffff,ffff0000,00000000,00ffffff,ffffffff
nccl-intranode-dgx052-ppr62:185:293 [2] NCCL INFO NCCL_NVLS_ENABLE set by environment to 1.
nccl-intranode-dgx052-ppr62:185:293 [2] NCCL INFO NVLS multicast support is available on dev 2
nccl-intranode-dgx052-ppr62:184:292 [1] NCCL INFO Setting affinity for GPU 1 to ff,ffffffff,ffff0000,00000000,00ffffff,ffffffff
nccl-intranode-dgx052-ppr62:184:292 [1] NCCL INFO NCCL_NVLS_ENABLE set by environment to 1.
nccl-intranode-dgx052-ppr62:184:292 [1] NCCL INFO NVLS multicast support is available on dev 1
nccl-intranode-dgx052-ppr62:184:292 [1] NCCL INFO comm 0x55ff6add3060 rank 1 nRanks 8 nNodes 1 localRanks 8 localRank 1 MNNVL 0
nccl-intranode-dgx052-ppr62:183:288 [0] NCCL INFO comm 0x55ee4adf2730 rank 0 nRanks 8 nNodes 1 localRanks 8 localRank 0 MNNVL 0
nccl-intranode-dgx052-ppr62:185:293 [2] NCCL INFO comm 0x55e11ce6ab30 rank 2 nRanks 8 nNodes 1 localRanks 8 localRank 2 MNNVL 0
nccl-intranode-dgx052-ppr62:190:295 [7] NCCL INFO comm 0x55838b7a2bc0 rank 7 nRanks 8 nNodes 1 localRanks 8 localRank 7 MNNVL 0
nccl-intranode-dgx052-ppr62:189:290 [6] NCCL INFO comm 0x5633e5f37530 rank 6 nRanks 8 nNodes 1 localRanks 8 localRank 6 MNNVL 0
nccl-intranode-dgx052-ppr62:190:295 [7] NCCL INFO NCCL_MAX_NCHANNELS set by environment to 32.
nccl-intranode-dgx052-ppr62:190:295 [7] NCCL INFO NCCL_MIN_NCHANNELS set by environment to 16.
nccl-intranode-dgx052-ppr62:188:294 [5] NCCL INFO comm 0x55cd4496a0b0 rank 5 nRanks 8 nNodes 1 localRanks 8 localRank 5 MNNVL 0
nccl-intranode-dgx052-ppr62:189:290 [6] NCCL INFO NCCL_MAX_NCHANNELS set by environment to 32.
nccl-intranode-dgx052-ppr62:189:290 [6] NCCL INFO NCCL_MIN_NCHANNELS set by environment to 16.
nccl-intranode-dgx052-ppr62:185:293 [2] NCCL INFO NCCL_MAX_NCHANNELS set by environment to 32.
nccl-intranode-dgx052-ppr62:183:288 [0] NCCL INFO NCCL_MAX_NCHANNELS set by environment to 32.
nccl-intranode-dgx052-ppr62:184:292 [1] NCCL INFO NCCL_MAX_NCHANNELS set by environment to 32.
nccl-intranode-dgx052-ppr62:188:294 [5] NCCL INFO NCCL_MAX_NCHANNELS set by environment to 32.
nccl-intranode-dgx052-ppr62:187:289 [4] NCCL INFO comm 0x55a72c9e4eb0 rank 4 nRanks 8 nNodes 1 localRanks 8 localRank 4 MNNVL 0
nccl-intranode-dgx052-ppr62:183:288 [0] NCCL INFO NCCL_MIN_NCHANNELS set by environment to 16.
nccl-intranode-dgx052-ppr62:185:293 [2] NCCL INFO NCCL_MIN_NCHANNELS set by environment to 16.
nccl-intranode-dgx052-ppr62:188:294 [5] NCCL INFO NCCL_MIN_NCHANNELS set by environment to 16.
nccl-intranode-dgx052-ppr62:184:292 [1] NCCL INFO NCCL_MIN_NCHANNELS set by environment to 16.
nccl-intranode-dgx052-ppr62:186:291 [3] NCCL INFO comm 0x564c60027990 rank 3 nRanks 8 nNodes 1 localRanks 8 localRank 3 MNNVL 0
nccl-intranode-dgx052-ppr62:190:295 [7] NCCL INFO Trees [0] -1/-1/-1->7->6 [1] -1/-1/-1->7->6 [2] -1/-1/-1->7->6 [3] -1/-1/-1->7->6 [4] -1/-1/-1->7->6 [5] -1/-1/-1->7->6 [6] -1/-1/-1->7->6 [7] -1/-1/-1->7->6 [8] -1/-1/-1->7->6 [9] -1/-1/-1->7->6 [10] -1/-1/-1->7->6 [11] -1/-1/-1->7->6 [12] -1/-1/-1->7->6 [13] -1/-1/-1->7->6 [14] -1/-1/-1->7->6 [15] -1/-1/-1->7->6 [16] -1/-1/-1->7->6 [17] -1/-1/-1->7->6 [18] -1/-1/-1->7->6 [19] -1/-1/-1->7->6 [20] -1/-1/-1->7->6 [21] -1/-1/-1->7->6 [22] -1/-1/-1->7->6 [23] -1/-1/-1->7->6
nccl-intranode-dgx052-ppr62:190:295 [7] NCCL INFO NCCL_BUFFSIZE set by environment to 16777216.
nccl-intranode-dgx052-ppr62:187:289 [4] NCCL INFO NCCL_MAX_NCHANNELS set by environment to 32.
nccl-intranode-dgx052-ppr62:189:290 [6] NCCL INFO Trees [0] 7/-1/-1->6->5 [1] 7/-1/-1->6->5 [2] 7/-1/-1->6->5 [3] 7/-1/-1->6->5 [4] 7/-1/-1->6->5 [5] 7/-1/-1->6->5 [6] 7/-1/-1->6->5 [7] 7/-1/-1->6->5 [8] 7/-1/-1->6->5 [9] 7/-1/-1->6->5 [10] 7/-1/-1->6->5 [11] 7/-1/-1->6->5 [12] 7/-1/-1->6->5 [13] 7/-1/-1->6->5 [14] 7/-1/-1->6->5 [15] 7/-1/-1->6->5 [16] 7/-1/-1->6->5 [17] 7/-1/-1->6->5 [18] 7/-1/-1->6->5 [19] 7/-1/-1->6->5 [20] 7/-1/-1->6->5 [21] 7/-1/-1->6->5 [22] 7/-1/-1->6->5 [23] 7/-1/-1->6->5
nccl-intranode-dgx052-ppr62:190:295 [7] NCCL INFO P2P Chunksize set to 524288
nccl-intranode-dgx052-ppr62:183:288 [0] NCCL INFO Channel 00/24 :    0   1   2   3   4   5   6   7
nccl-intranode-dgx052-ppr62:187:289 [4] NCCL INFO NCCL_MIN_NCHANNELS set by environment to 16.
nccl-intranode-dgx052-ppr62:189:290 [6] NCCL INFO NCCL_BUFFSIZE set by environment to 16777216.
nccl-intranode-dgx052-ppr62:189:290 [6] NCCL INFO P2P Chunksize set to 524288
nccl-intranode-dgx052-ppr62:186:291 [3] NCCL INFO NCCL_MAX_NCHANNELS set by environment to 32.
nccl-intranode-dgx052-ppr62:188:294 [5] NCCL INFO Trees [0] 6/-1/-1->5->4 [1] 6/-1/-1->5->4 [2] 6/-1/-1->5->4 [3] 6/-1/-1->5->4 [4] 6/-1/-1->5->4 [5] 6/-1/-1->5->4 [6] 6/-1/-1->5->4 [7] 6/-1/-1->5->4 [8] 6/-1/-1->5->4 [9] 6/-1/-1->5->4 [10] 6/-1/-1->5->4 [11] 6/-1/-1->5->4 [12] 6/-1/-1->5->4 [13] 6/-1/-1->5->4 [14] 6/-1/-1->5->4 [15] 6/-1/-1->5->4 [16] 6/-1/-1->5->4 [17] 6/-1/-1->5->4 [18] 6/-1/-1->5->4 [19] 6/-1/-1->5->4 [20] 6/-1/-1->5->4 [21] 6/-1/-1->5->4 [22] 6/-1/-1->5->4 [23] 6/-1/-1->5->4
nccl-intranode-dgx052-ppr62:183:288 [0] NCCL INFO Channel 01/24 :    0   1   2   3   4   5   6   7
nccl-intranode-dgx052-ppr62:188:294 [5] NCCL INFO NCCL_BUFFSIZE set by environment to 16777216.
nccl-intranode-dgx052-ppr62:186:291 [3] NCCL INFO NCCL_MIN_NCHANNELS set by environment to 16.
nccl-intranode-dgx052-ppr62:188:294 [5] NCCL INFO P2P Chunksize set to 524288
nccl-intranode-dgx052-ppr62:183:288 [0] NCCL INFO Channel 02/24 :    0   1   2   3   4   5   6   7
nccl-intranode-dgx052-ppr62:183:288 [0] NCCL INFO Channel 03/24 :    0   1   2   3   4   5   6   7
nccl-intranode-dgx052-ppr62:183:288 [0] NCCL INFO Channel 04/24 :    0   1   2   3   4   5   6   7
nccl-intranode-dgx052-ppr62:187:289 [4] NCCL INFO Trees [0] 5/-1/-1->4->3 [1] 5/-1/-1->4->3 [2] 5/-1/-1->4->3 [3] 5/-1/-1->4->3 [4] 5/-1/-1->4->3 [5] 5/-1/-1->4->3 [6] 5/-1/-1->4->3 [7] 5/-1/-1->4->3 [8] 5/-1/-1->4->3 [9] 5/-1/-1->4->3 [10] 5/-1/-1->4->3 [11] 5/-1/-1->4->3 [12] 5/-1/-1->4->3 [13] 5/-1/-1->4->3 [14] 5/-1/-1->4->3 [15] 5/-1/-1->4->3 [16] 5/-1/-1->4->3 [17] 5/-1/-1->4->3 [18] 5/-1/-1->4->3 [19] 5/-1/-1->4->3 [20] 5/-1/-1->4->3 [21] 5/-1/-1->4->3 [22] 5/-1/-1->4->3 [23] 5/-1/-1->4->3
nccl-intranode-dgx052-ppr62:185:293 [2] NCCL INFO Trees [0] 3/-1/-1->2->1 [1] 3/-1/-1->2->1 [2] 3/-1/-1->2->1 [3] 3/-1/-1->2->1 [4] 3/-1/-1->2->1 [5] 3/-1/-1->2->1 [6] 3/-1/-1->2->1 [7] 3/-1/-1->2->1 [8] 3/-1/-1->2->1 [9] 3/-1/-1->2->1 [10] 3/-1/-1->2->1 [11] 3/-1/-1->2->1 [12] 3/-1/-1->2->1 [13] 3/-1/-1->2->1 [14] 3/-1/-1->2->1 [15] 3/-1/-1->2->1 [16] 3/-1/-1->2->1 [17] 3/-1/-1->2->1 [18] 3/-1/-1->2->1 [19] 3/-1/-1->2->1 [20] 3/-1/-1->2->1 [21] 3/-1/-1->2->1 [22] 3/-1/-1->2->1 [23] 3/-1/-1->2->1
nccl-intranode-dgx052-ppr62:183:288 [0] NCCL INFO Channel 05/24 :    0   1   2   3   4   5   6   7
nccl-intranode-dgx052-ppr62:187:289 [4] NCCL INFO NCCL_BUFFSIZE set by environment to 16777216.
nccl-intranode-dgx052-ppr62:184:292 [1] NCCL INFO Trees [0] 2/-1/-1->1->0 [1] 2/-1/-1->1->0 [2] 2/-1/-1->1->0 [3] 2/-1/-1->1->0 [4] 2/-1/-1->1->0 [5] 2/-1/-1->1->0 [6] 2/-1/-1->1->0 [7] 2/-1/-1->1->0 [8] 2/-1/-1->1->0 [9] 2/-1/-1->1->0 [10] 2/-1/-1->1->0 [11] 2/-1/-1->1->0 [12] 2/-1/-1->1->0 [13] 2/-1/-1->1->0 [14] 2/-1/-1->1->0 [15] 2/-1/-1->1->0 [16] 2/-1/-1->1->0 [17] 2/-1/-1->1->0 [18] 2/-1/-1->1->0 [19] 2/-1/-1->1->0 [20] 2/-1/-1->1->0 [21] 2/-1/-1->1->0 [22] 2/-1/-1->1->0 [23] 2/-1/-1->1->0
nccl-intranode-dgx052-ppr62:185:293 [2] NCCL INFO NCCL_BUFFSIZE set by environment to 16777216.
nccl-intranode-dgx052-ppr62:187:289 [4] NCCL INFO P2P Chunksize set to 524288
nccl-intranode-dgx052-ppr62:184:292 [1] NCCL INFO NCCL_BUFFSIZE set by environment to 16777216.
nccl-intranode-dgx052-ppr62:183:288 [0] NCCL INFO Channel 06/24 :    0   1   2   3   4   5   6   7
nccl-intranode-dgx052-ppr62:185:293 [2] NCCL INFO P2P Chunksize set to 524288
nccl-intranode-dgx052-ppr62:184:292 [1] NCCL INFO P2P Chunksize set to 524288
nccl-intranode-dgx052-ppr62:183:288 [0] NCCL INFO Channel 07/24 :    0   1   2   3   4   5   6   7
nccl-intranode-dgx052-ppr62:183:288 [0] NCCL INFO Channel 08/24 :    0   1   2   3   4   5   6   7
nccl-intranode-dgx052-ppr62:186:291 [3] NCCL INFO Trees [0] 4/-1/-1->3->2 [1] 4/-1/-1->3->2 [2] 4/-1/-1->3->2 [3] 4/-1/-1->3->2 [4] 4/-1/-1->3->2 [5] 4/-1/-1->3->2 [6] 4/-1/-1->3->2 [7] 4/-1/-1->3->2 [8] 4/-1/-1->3->2 [9] 4/-1/-1->3->2 [10] 4/-1/-1->3->2 [11] 4/-1/-1->3->2 [12] 4/-1/-1->3->2 [13] 4/-1/-1->3->2 [14] 4/-1/-1->3->2 [15] 4/-1/-1->3->2 [16] 4/-1/-1->3->2 [17] 4/-1/-1->3->2 [18] 4/-1/-1->3->2 [19] 4/-1/-1->3->2 [20] 4/-1/-1->3->2 [21] 4/-1/-1->3->2 [22] 4/-1/-1->3->2 [23] 4/-1/-1->3->2
nccl-intranode-dgx052-ppr62:183:288 [0] NCCL INFO Channel 09/24 :    0   1   2   3   4   5   6   7
nccl-intranode-dgx052-ppr62:186:291 [3] NCCL INFO NCCL_BUFFSIZE set by environment to 16777216.
nccl-intranode-dgx052-ppr62:186:291 [3] NCCL INFO P2P Chunksize set to 524288
nccl-intranode-dgx052-ppr62:183:288 [0] NCCL INFO Channel 10/24 :    0   1   2   3   4   5   6   7
nccl-intranode-dgx052-ppr62:183:288 [0] NCCL INFO Channel 11/24 :    0   1   2   3   4   5   6   7
nccl-intranode-dgx052-ppr62:183:288 [0] NCCL INFO Channel 12/24 :    0   1   2   3   4   5   6   7
nccl-intranode-dgx052-ppr62:183:288 [0] NCCL INFO Channel 13/24 :    0   1   2   3   4   5   6   7
nccl-intranode-dgx052-ppr62:183:288 [0] NCCL INFO Channel 14/24 :    0   1   2   3   4   5   6   7
nccl-intranode-dgx052-ppr62:183:288 [0] NCCL INFO Channel 15/24 :    0   1   2   3   4   5   6   7
nccl-intranode-dgx052-ppr62:183:288 [0] NCCL INFO Channel 16/24 :    0   1   2   3   4   5   6   7
nccl-intranode-dgx052-ppr62:183:288 [0] NCCL INFO Channel 17/24 :    0   1   2   3   4   5   6   7
nccl-intranode-dgx052-ppr62:183:288 [0] NCCL INFO Channel 18/24 :    0   1   2   3   4   5   6   7
nccl-intranode-dgx052-ppr62:183:288 [0] NCCL INFO Channel 19/24 :    0   1   2   3   4   5   6   7
nccl-intranode-dgx052-ppr62:183:288 [0] NCCL INFO Channel 20/24 :    0   1   2   3   4   5   6   7
nccl-intranode-dgx052-ppr62:183:288 [0] NCCL INFO Channel 21/24 :    0   1   2   3   4   5   6   7
nccl-intranode-dgx052-ppr62:183:288 [0] NCCL INFO Channel 22/24 :    0   1   2   3   4   5   6   7
nccl-intranode-dgx052-ppr62:183:288 [0] NCCL INFO Channel 23/24 :    0   1   2   3   4   5   6   7
nccl-intranode-dgx052-ppr62:183:288 [0] NCCL INFO Trees [0] 1/-1/-1->0->-1 [1] 1/-1/-1->0->-1 [2] 1/-1/-1->0->-1 [3] 1/-1/-1->0->-1 [4] 1/-1/-1->0->-1 [5] 1/-1/-1->0->-1 [6] 1/-1/-1->0->-1 [7] 1/-1/-1->0->-1 [8] 1/-1/-1->0->-1 [9] 1/-1/-1->0->-1 [10] 1/-1/-1->0->-1 [11] 1/-1/-1->0->-1 [12] 1/-1/-1->0->-1 [13] 1/-1/-1->0->-1 [14] 1/-1/-1->0->-1 [15] 1/-1/-1->0->-1 [16] 1/-1/-1->0->-1 [17] 1/-1/-1->0->-1 [18] 1/-1/-1->0->-1 [19] 1/-1/-1->0->-1 [20] 1/-1/-1->0->-1 [21] 1/-1/-1->0->-1 [22] 1/-1/-1->0->-1 [23] 1/-1/-1->0->-1
nccl-intranode-dgx052-ppr62:183:288 [0] NCCL INFO NCCL_BUFFSIZE set by environment to 16777216.
nccl-intranode-dgx052-ppr62:183:288 [0] NCCL INFO P2P Chunksize set to 524288
nccl-intranode-dgx052-ppr62:189:290 [6] NCCL INFO NCCL_NTHREADS set by environment to 512.
nccl-intranode-dgx052-ppr62:189:290 [6] NCCL INFO threadThresholds 8/8/64 | 64/8/64 | 512 | 512
nccl-intranode-dgx052-ppr62:189:290 [6] NCCL INFO 24 coll channels, 24 collnet channels, 16 nvls channels, 32 p2p channels, 32 p2p channels per peer
nccl-intranode-dgx052-ppr62:183:288 [0] NCCL INFO NCCL_NTHREADS set by environment to 512.
nccl-intranode-dgx052-ppr62:190:295 [7] NCCL INFO NCCL_NTHREADS set by environment to 512.
nccl-intranode-dgx052-ppr62:190:295 [7] NCCL INFO threadThresholds 8/8/64 | 64/8/64 | 512 | 512
nccl-intranode-dgx052-ppr62:190:295 [7] NCCL INFO 24 coll channels, 24 collnet channels, 16 nvls channels, 32 p2p channels, 32 p2p channels per peer
nccl-intranode-dgx052-ppr62:183:288 [0] NCCL INFO threadThresholds 8/8/64 | 64/8/64 | 512 | 512
nccl-intranode-dgx052-ppr62:183:288 [0] NCCL INFO 24 coll channels, 24 collnet channels, 16 nvls channels, 32 p2p channels, 32 p2p channels per peer
nccl-intranode-dgx052-ppr62:185:293 [2] NCCL INFO NCCL_NTHREADS set by environment to 512.
nccl-intranode-dgx052-ppr62:185:293 [2] NCCL INFO threadThresholds 8/8/64 | 64/8/64 | 512 | 512
nccl-intranode-dgx052-ppr62:185:293 [2] NCCL INFO 24 coll channels, 24 collnet channels, 16 nvls channels, 32 p2p channels, 32 p2p channels per peer
nccl-intranode-dgx052-ppr62:183:288 [0] NCCL INFO CC Off, Multi-GPU CC Off, workFifoBytes 1048576
nccl-intranode-dgx052-ppr62:187:289 [4] NCCL INFO NCCL_NTHREADS set by environment to 512.
nccl-intranode-dgx052-ppr62:187:289 [4] NCCL INFO threadThresholds 8/8/64 | 64/8/64 | 512 | 512
nccl-intranode-dgx052-ppr62:187:289 [4] NCCL INFO 24 coll channels, 24 collnet channels, 16 nvls channels, 32 p2p channels, 32 p2p channels per peer
nccl-intranode-dgx052-ppr62:184:292 [1] NCCL INFO NCCL_NTHREADS set by environment to 512.
nccl-intranode-dgx052-ppr62:184:292 [1] NCCL INFO threadThresholds 8/8/64 | 64/8/64 | 512 | 512
nccl-intranode-dgx052-ppr62:184:292 [1] NCCL INFO 24 coll channels, 24 collnet channels, 16 nvls channels, 32 p2p channels, 32 p2p channels per peer
nccl-intranode-dgx052-ppr62:186:291 [3] NCCL INFO NCCL_NTHREADS set by environment to 512.
nccl-intranode-dgx052-ppr62:186:291 [3] NCCL INFO threadThresholds 8/8/64 | 64/8/64 | 512 | 512
nccl-intranode-dgx052-ppr62:186:291 [3] NCCL INFO 24 coll channels, 24 collnet channels, 16 nvls channels, 32 p2p channels, 32 p2p channels per peer
nccl-intranode-dgx052-ppr62:188:294 [5] NCCL INFO NCCL_NTHREADS set by environment to 512.
nccl-intranode-dgx052-ppr62:188:294 [5] NCCL INFO threadThresholds 8/8/64 | 64/8/64 | 512 | 512
nccl-intranode-dgx052-ppr62:188:294 [5] NCCL INFO 24 coll channels, 24 collnet channels, 16 nvls channels, 32 p2p channels, 32 p2p channels per peer
nccl-intranode-dgx052-ppr62:184:292 [1] NCCL INFO TUNER/Plugin: Failed to find ncclTunerPlugin_v3 symbol.
nccl-intranode-dgx052-ppr62:186:291 [3] NCCL INFO TUNER/Plugin: Failed to find ncclTunerPlugin_v3 symbol.
nccl-intranode-dgx052-ppr62:184:292 [1] NCCL INFO TUNER/Plugin: Failed to find ncclTunerPlugin_v2 symbol, using internal tuner instead.
nccl-intranode-dgx052-ppr62:187:289 [4] NCCL INFO TUNER/Plugin: Failed to find ncclTunerPlugin_v3 symbol.
nccl-intranode-dgx052-ppr62:186:291 [3] NCCL INFO TUNER/Plugin: Failed to find ncclTunerPlugin_v2 symbol, using internal tuner instead.
nccl-intranode-dgx052-ppr62:187:289 [4] NCCL INFO TUNER/Plugin: Failed to find ncclTunerPlugin_v2 symbol, using internal tuner instead.
nccl-intranode-dgx052-ppr62:184:292 [1] NCCL INFO ncclCommInitRank comm 0x55ff6add3060 rank 1 nranks 8 cudaDev 1 nvmlDev 1 busId 43000 commId 0x3388ebf9995fba1b - Init COMPLETE
nccl-intranode-dgx052-ppr62:186:291 [3] NCCL INFO ncclCommInitRank comm 0x564c60027990 rank 3 nranks 8 cudaDev 3 nvmlDev 3 busId 61000 commId 0x3388ebf9995fba1b - Init COMPLETE
nccl-intranode-dgx052-ppr62:187:289 [4] NCCL INFO ncclCommInitRank comm 0x55a72c9e4eb0 rank 4 nranks 8 cudaDev 4 nvmlDev 4 busId 9d000 commId 0x3388ebf9995fba1b - Init COMPLETE
nccl-intranode-dgx052-ppr62:184:292 [1] NCCL INFO Init timings: rank 1 nranks 8 total 1.77 (kernels 0.38, bootstrap 0.97, allgathers 0.00, topo 0.07, graphs 0.02, connections 0.29, rest 0.04)
nccl-intranode-dgx052-ppr62:186:291 [3] NCCL INFO Init timings: rank 3 nranks 8 total 1.78 (kernels 0.20, bootstrap 1.15, allgathers 0.01, topo 0.07, graphs 0.02, connections 0.30, rest 0.03)
nccl-intranode-dgx052-ppr62:187:289 [4] NCCL INFO Init timings: rank 4 nranks 8 total 1.79 (kernels 0.32, bootstrap 1.04, allgathers 0.01, topo 0.07, graphs 0.01, connections 0.30, rest 0.04)
nccl-intranode-dgx052-ppr62:183:288 [0] NCCL INFO TUNER/Plugin: Failed to find ncclTunerPlugin_v3 symbol.
nccl-intranode-dgx052-ppr62:188:294 [5] NCCL INFO TUNER/Plugin: Failed to find ncclTunerPlugin_v3 symbol.
nccl-intranode-dgx052-ppr62:183:288 [0] NCCL INFO TUNER/Plugin: Failed to find ncclTunerPlugin_v2 symbol, using internal tuner instead.
nccl-intranode-dgx052-ppr62:188:294 [5] NCCL INFO TUNER/Plugin: Failed to find ncclTunerPlugin_v2 symbol, using internal tuner instead.
nccl-intranode-dgx052-ppr62:183:288 [0] NCCL INFO ncclCommInitRank comm 0x55ee4adf2730 rank 0 nranks 8 cudaDev 0 nvmlDev 0 busId 1b000 commId 0x3388ebf9995fba1b - Init COMPLETE
nccl-intranode-dgx052-ppr62:189:290 [6] NCCL INFO TUNER/Plugin: Failed to find ncclTunerPlugin_v3 symbol.
nccl-intranode-dgx052-ppr62:188:294 [5] NCCL INFO ncclCommInitRank comm 0x55cd4496a0b0 rank 5 nranks 8 cudaDev 5 nvmlDev 5 busId c3000 commId 0x3388ebf9995fba1b - Init COMPLETE
nccl-intranode-dgx052-ppr62:189:290 [6] NCCL INFO TUNER/Plugin: Failed to find ncclTunerPlugin_v2 symbol, using internal tuner instead.
nccl-intranode-dgx052-ppr62:183:288 [0] NCCL INFO Init timings: rank 0 nranks 8 total 1.83 (kernels 0.31, bootstrap 1.09, allgathers 0.00, topo 0.07, graphs 0.02, connections 0.30, rest 0.03)
nccl-intranode-dgx052-ppr62:189:290 [6] NCCL INFO ncclCommInitRank comm 0x5633e5f37530 rank 6 nranks 8 cudaDev 6 nvmlDev 6 busId d1000 commId 0x3388ebf9995fba1b - Init COMPLETE
nccl-intranode-dgx052-ppr62:189:290 [6] NCCL INFO Init timings: rank 6 nranks 8 total 1.78 (kernels 0.32, bootstrap 1.04, allgathers 0.01, topo 0.07, graphs 0.01, connections 0.31, rest 0.02)
nccl-intranode-dgx052-ppr62:188:294 [5] NCCL INFO Init timings: rank 5 nranks 8 total 1.77 (kernels 0.19, bootstrap 1.14, allgathers 0.02, topo 0.07, graphs 0.01, connections 0.29, rest 0.05)
nccl-intranode-dgx052-ppr62:190:295 [7] NCCL INFO TUNER/Plugin: Failed to find ncclTunerPlugin_v3 symbol.
nccl-intranode-dgx052-ppr62:190:295 [7] NCCL INFO TUNER/Plugin: Failed to find ncclTunerPlugin_v2 symbol, using internal tuner instead.
nccl-intranode-dgx052-ppr62:190:295 [7] NCCL INFO ncclCommInitRank comm 0x55838b7a2bc0 rank 7 nranks 8 cudaDev 7 nvmlDev 7 busId df000 commId 0x3388ebf9995fba1b - Init COMPLETE
nccl-intranode-dgx052-ppr62:190:295 [7] NCCL INFO Init timings: rank 7 nranks 8 total 1.76 (kernels 0.43, bootstrap 0.90, allgathers 0.01, topo 0.07, graphs 0.01, connections 0.31, rest 0.03)
nccl-intranode-dgx052-ppr62:185:293 [2] NCCL INFO TUNER/Plugin: Failed to find ncclTunerPlugin_v3 symbol.
nccl-intranode-dgx052-ppr62:185:293 [2] NCCL INFO TUNER/Plugin: Failed to find ncclTunerPlugin_v2 symbol, using internal tuner instead.
nccl-intranode-dgx052-ppr62:185:293 [2] NCCL INFO ncclCommInitRank comm 0x55e11ce6ab30 rank 2 nranks 8 cudaDev 2 nvmlDev 2 busId 52000 commId 0x3388ebf9995fba1b - Init COMPLETE
nccl-intranode-dgx052-ppr62:185:293 [2] NCCL INFO Init timings: rank 2 nranks 8 total 1.77 (kernels 0.40, bootstrap 0.94, allgathers 0.00, topo 0.07, graphs 0.02, connections 0.29, rest 0.04)
nccl-intranode-dgx052-ppr62:189:384 [6] NCCL INFO New proxy recv connection 0 from local rank 6, transport 0
nccl-intranode-dgx052-ppr62:189:400 [6] NCCL INFO Connected to proxy localRank 6 -> connection 0x7fceb4004f40
nccl-intranode-dgx052-ppr62:189:384 [6] NCCL INFO New proxy recv connection 1 from local rank 6, transport 0
nccl-intranode-dgx052-ppr62:189:400 [6] NCCL INFO Connected to proxy localRank 6 -> connection 0x7fceb4004fb8
nccl-intranode-dgx052-ppr62:189:384 [6] NCCL INFO New proxy recv connection 2 from local rank 6, transport 0
nccl-intranode-dgx052-ppr62:189:400 [6] NCCL INFO Connected to proxy localRank 6 -> connection 0x7fceb4005030
nccl-intranode-dgx052-ppr62:187:392 [4] NCCL INFO New proxy recv connection 0 from local rank 4, transport 0
nccl-intranode-dgx052-ppr62:187:401 [4] NCCL INFO Connected to proxy localRank 4 -> connection 0x7f1718004f40
nccl-intranode-dgx052-ppr62:187:392 [4] NCCL INFO New proxy recv connection 1 from local rank 4, transport 0
nccl-intranode-dgx052-ppr62:187:401 [4] NCCL INFO Connected to proxy localRank 4 -> connection 0x7f1718004fb8
nccl-intranode-dgx052-ppr62:185:394 [2] NCCL INFO New proxy recv connection 0 from local rank 2, transport 0
nccl-intranode-dgx052-ppr62:185:402 [2] NCCL INFO Connected to proxy localRank 2 -> connection 0x7f3e04004f40
nccl-intranode-dgx052-ppr62:190:386 [7] NCCL INFO New proxy recv connection 0 from local rank 7, transport 0
nccl-intranode-dgx052-ppr62:190:403 [7] NCCL INFO Connected to proxy localRank 7 -> connection 0x7f1ce0004f40
nccl-intranode-dgx052-ppr62:185:394 [2] NCCL INFO New proxy recv connection 1 from local rank 2, transport 0
nccl-intranode-dgx052-ppr62:185:402 [2] NCCL INFO Connected to proxy localRank 2 -> connection 0x7f3e04004fb8
nccl-intranode-dgx052-ppr62:189:384 [6] NCCL INFO New proxy recv connection 3 from local rank 6, transport 0
nccl-intranode-dgx052-ppr62:189:400 [6] NCCL INFO Connected to proxy localRank 6 -> connection 0x7fceb40050a8
nccl-intranode-dgx052-ppr62:189:384 [6] NCCL INFO New proxy recv connection 4 from local rank 6, transport 0
nccl-intranode-dgx052-ppr62:189:400 [6] NCCL INFO Connected to proxy localRank 6 -> connection 0x7fceb4005120
nccl-intranode-dgx052-ppr62:189:384 [6] NCCL INFO New proxy recv connection 5 from local rank 6, transport 0
nccl-intranode-dgx052-ppr62:189:400 [6] NCCL INFO Connected to proxy localRank 6 -> connection 0x7fceb4005198
nccl-intranode-dgx052-ppr62:190:386 [7] NCCL INFO New proxy recv connection 1 from local rank 7, transport 0
nccl-intranode-dgx052-ppr62:190:403 [7] NCCL INFO Connected to proxy localRank 7 -> connection 0x7f1ce0004fb8
nccl-intranode-dgx052-ppr62:187:392 [4] NCCL INFO New proxy recv connection 2 from local rank 4, transport 0
nccl-intranode-dgx052-ppr62:187:401 [4] NCCL INFO Connected to proxy localRank 4 -> connection 0x7f1718005030
nccl-intranode-dgx052-ppr62:189:384 [6] NCCL INFO New proxy recv connection 6 from local rank 6, transport 0
nccl-intranode-dgx052-ppr62:189:400 [6] NCCL INFO Connected to proxy localRank 6 -> connection 0x7fceb4005210
nccl-intranode-dgx052-ppr62:187:392 [4] NCCL INFO New proxy recv connection 3 from local rank 4, transport 0
nccl-intranode-dgx052-ppr62:187:401 [4] NCCL INFO Connected to proxy localRank 4 -> connection 0x7f17180050a8
nccl-intranode-dgx052-ppr62:190:386 [7] NCCL INFO New proxy recv connection 2 from local rank 7, transport 0
nccl-intranode-dgx052-ppr62:190:403 [7] NCCL INFO Connected to proxy localRank 7 -> connection 0x7f1ce0005030
nccl-intranode-dgx052-ppr62:185:394 [2] NCCL INFO New proxy recv connection 2 from local rank 2, transport 0
nccl-intranode-dgx052-ppr62:185:402 [2] NCCL INFO Connected to proxy localRank 2 -> connection 0x7f3e04005030
nccl-intranode-dgx052-ppr62:190:386 [7] NCCL INFO New proxy recv connection 3 from local rank 7, transport 0
nccl-intranode-dgx052-ppr62:190:403 [7] NCCL INFO Connected to proxy localRank 7 -> connection 0x7f1ce00050a8
nccl-intranode-dgx052-ppr62:185:394 [2] NCCL INFO New proxy recv connection 3 from local rank 2, transport 0
nccl-intranode-dgx052-ppr62:185:402 [2] NCCL INFO Connected to proxy localRank 2 -> connection 0x7f3e040050a8
nccl-intranode-dgx052-ppr62:185:394 [2] NCCL INFO New proxy recv connection 4 from local rank 2, transport 0
nccl-intranode-dgx052-ppr62:185:402 [2] NCCL INFO Connected to proxy localRank 2 -> connection 0x7f3e04005120
nccl-intranode-dgx052-ppr62:185:394 [2] NCCL INFO New proxy recv connection 5 from local rank 2, transport 0
nccl-intranode-dgx052-ppr62:185:402 [2] NCCL INFO Connected to proxy localRank 2 -> connection 0x7f3e04005198
nccl-intranode-dgx052-ppr62:190:386 [7] NCCL INFO New proxy recv connection 4 from local rank 7, transport 0
nccl-intranode-dgx052-ppr62:190:403 [7] NCCL INFO Connected to proxy localRank 7 -> connection 0x7f1ce0005120
nccl-intranode-dgx052-ppr62:189:384 [6] NCCL INFO New proxy recv connection 7 from local rank 6, transport 0
nccl-intranode-dgx052-ppr62:189:400 [6] NCCL INFO Connected to proxy localRank 6 -> connection 0x7fceb4005288
nccl-intranode-dgx052-ppr62:189:384 [6] NCCL INFO New proxy recv connection 8 from local rank 6, transport 0
nccl-intranode-dgx052-ppr62:189:400 [6] NCCL INFO Connected to proxy localRank 6 -> connection 0x7fceb4005300
nccl-intranode-dgx052-ppr62:189:384 [6] NCCL INFO New proxy recv connection 9 from local rank 6, transport 0
nccl-intranode-dgx052-ppr62:189:400 [6] NCCL INFO Connected to proxy localRank 6 -> connection 0x7fceb4005378
nccl-intranode-dgx052-ppr62:187:392 [4] NCCL INFO New proxy recv connection 4 from local rank 4, transport 0
nccl-intranode-dgx052-ppr62:187:401 [4] NCCL INFO Connected to proxy localRank 4 -> connection 0x7f1718005120
nccl-intranode-dgx052-ppr62:187:392 [4] NCCL INFO New proxy recv connection 5 from local rank 4, transport 0
nccl-intranode-dgx052-ppr62:187:401 [4] NCCL INFO Connected to proxy localRank 4 -> connection 0x7f1718005198
nccl-intranode-dgx052-ppr62:185:394 [2] NCCL INFO New proxy recv connection 6 from local rank 2, transport 0
nccl-intranode-dgx052-ppr62:185:402 [2] NCCL INFO Connected to proxy localRank 2 -> connection 0x7f3e04005210
nccl-intranode-dgx052-ppr62:190:386 [7] NCCL INFO New proxy recv connection 5 from local rank 7, transport 0
nccl-intranode-dgx052-ppr62:190:403 [7] NCCL INFO Connected to proxy localRank 7 -> connection 0x7f1ce0005198
nccl-intranode-dgx052-ppr62:189:384 [6] NCCL INFO New proxy recv connection 10 from local rank 6, transport 0
nccl-intranode-dgx052-ppr62:189:400 [6] NCCL INFO Connected to proxy localRank 6 -> connection 0x7fceb40053f0
nccl-intranode-dgx052-ppr62:189:384 [6] NCCL INFO New proxy recv connection 11 from local rank 6, transport 0
nccl-intranode-dgx052-ppr62:189:400 [6] NCCL INFO Connected to proxy localRank 6 -> connection 0x7fceb4005468
nccl-intranode-dgx052-ppr62:190:386 [7] NCCL INFO New proxy recv connection 6 from local rank 7, transport 0
nccl-intranode-dgx052-ppr62:190:403 [7] NCCL INFO Connected to proxy localRank 7 -> connection 0x7f1ce0005210
nccl-intranode-dgx052-ppr62:190:386 [7] NCCL INFO New proxy recv connection 7 from local rank 7, transport 0
nccl-intranode-dgx052-ppr62:190:403 [7] NCCL INFO Connected to proxy localRank 7 -> connection 0x7f1ce0005288
nccl-intranode-dgx052-ppr62:187:392 [4] NCCL INFO New proxy recv connection 6 from local rank 4, transport 0
nccl-intranode-dgx052-ppr62:187:401 [4] NCCL INFO Connected to proxy localRank 4 -> connection 0x7f1718005210
nccl-intranode-dgx052-ppr62:183:390 [0] NCCL INFO New proxy recv connection 0 from local rank 0, transport 0
nccl-intranode-dgx052-ppr62:183:404 [0] NCCL INFO Connected to proxy localRank 0 -> connection 0x7feadc004f40
nccl-intranode-dgx052-ppr62:183:390 [0] NCCL INFO New proxy recv connection 1 from local rank 0, transport 0
nccl-intranode-dgx052-ppr62:183:404 [0] NCCL INFO Connected to proxy localRank 0 -> connection 0x7feadc004fb8
nccl-intranode-dgx052-ppr62:183:390 [0] NCCL INFO New proxy recv connection 2 from local rank 0, transport 0
nccl-intranode-dgx052-ppr62:183:404 [0] NCCL INFO Connected to proxy localRank 0 -> connection 0x7feadc005030
nccl-intranode-dgx052-ppr62:190:386 [7] NCCL INFO New proxy recv connection 8 from local rank 7, transport 0
nccl-intranode-dgx052-ppr62:190:403 [7] NCCL INFO Connected to proxy localRank 7 -> connection 0x7f1ce0005300
nccl-intranode-dgx052-ppr62:187:392 [4] NCCL INFO New proxy recv connection 7 from local rank 4, transport 0
nccl-intranode-dgx052-ppr62:187:401 [4] NCCL INFO Connected to proxy localRank 4 -> connection 0x7f1718005288
nccl-intranode-dgx052-ppr62:189:384 [6] NCCL INFO New proxy recv connection 12 from local rank 6, transport 0
nccl-intranode-dgx052-ppr62:189:400 [6] NCCL INFO Connected to proxy localRank 6 -> connection 0x7fceb40054e0
nccl-intranode-dgx052-ppr62:189:384 [6] NCCL INFO New proxy recv connection 13 from local rank 6, transport 0
nccl-intranode-dgx052-ppr62:189:400 [6] NCCL INFO Connected to proxy localRank 6 -> connection 0x7fceb4005558
nccl-intranode-dgx052-ppr62:189:384 [6] NCCL INFO New proxy recv connection 14 from local rank 6, transport 0
nccl-intranode-dgx052-ppr62:189:400 [6] NCCL INFO Connected to proxy localRank 6 -> connection 0x7fceb40055d0
nccl-intranode-dgx052-ppr62:189:384 [6] NCCL INFO New proxy recv connection 15 from local rank 6, transport 0
nccl-intranode-dgx052-ppr62:189:400 [6] NCCL INFO Connected to proxy localRank 6 -> connection 0x7fceb4005648
nccl-intranode-dgx052-ppr62:189:384 [6] NCCL INFO New proxy recv connection 16 from local rank 6, transport 0
nccl-intranode-dgx052-ppr62:189:400 [6] NCCL INFO Connected to proxy localRank 6 -> connection 0x7fceb40056c0
nccl-intranode-dgx052-ppr62:189:384 [6] NCCL INFO New proxy recv connection 17 from local rank 6, transport 0
nccl-intranode-dgx052-ppr62:189:400 [6] NCCL INFO Connected to proxy localRank 6 -> connection 0x7fceb4005738
nccl-intranode-dgx052-ppr62:185:394 [2] NCCL INFO New proxy recv connection 7 from local rank 2, transport 0
nccl-intranode-dgx052-ppr62:185:402 [2] NCCL INFO Connected to proxy localRank 2 -> connection 0x7f3e04005288
nccl-intranode-dgx052-ppr62:187:392 [4] NCCL INFO New proxy recv connection 8 from local rank 4, transport 0
nccl-intranode-dgx052-ppr62:187:401 [4] NCCL INFO Connected to proxy localRank 4 -> connection 0x7f1718005300
nccl-intranode-dgx052-ppr62:187:392 [4] NCCL INFO New proxy recv connection 9 from local rank 4, transport 0
nccl-intranode-dgx052-ppr62:187:401 [4] NCCL INFO Connected to proxy localRank 4 -> connection 0x7f1718005378
nccl-intranode-dgx052-ppr62:187:392 [4] NCCL INFO New proxy recv connection 10 from local rank 4, transport 0
nccl-intranode-dgx052-ppr62:187:401 [4] NCCL INFO Connected to proxy localRank 4 -> connection 0x7f17180053f0
nccl-intranode-dgx052-ppr62:189:384 [6] NCCL INFO New proxy recv connection 18 from local rank 6, transport 0
nccl-intranode-dgx052-ppr62:189:400 [6] NCCL INFO Connected to proxy localRank 6 -> connection 0x7fceb40057b0
nccl-intranode-dgx052-ppr62:190:386 [7] NCCL INFO New proxy recv connection 9 from local rank 7, transport 0
nccl-intranode-dgx052-ppr62:190:403 [7] NCCL INFO Connected to proxy localRank 7 -> connection 0x7f1ce0005378
nccl-intranode-dgx052-ppr62:183:390 [0] NCCL INFO New proxy recv connection 3 from local rank 0, transport 0
nccl-intranode-dgx052-ppr62:183:404 [0] NCCL INFO Connected to proxy localRank 0 -> connection 0x7feadc0050a8
nccl-intranode-dgx052-ppr62:187:392 [4] NCCL INFO New proxy recv connection 11 from local rank 4, transport 0
nccl-intranode-dgx052-ppr62:187:401 [4] NCCL INFO Connected to proxy localRank 4 -> connection 0x7f1718005468
nccl-intranode-dgx052-ppr62:185:394 [2] NCCL INFO New proxy recv connection 8 from local rank 2, transport 0
nccl-intranode-dgx052-ppr62:185:402 [2] NCCL INFO Connected to proxy localRank 2 -> connection 0x7f3e04005300
nccl-intranode-dgx052-ppr62:189:384 [6] NCCL INFO New proxy recv connection 19 from local rank 6, transport 0
nccl-intranode-dgx052-ppr62:189:400 [6] NCCL INFO Connected to proxy localRank 6 -> connection 0x7fceb4005828
nccl-intranode-dgx052-ppr62:184:396 [1] NCCL INFO New proxy recv connection 0 from local rank 1, transport 0
nccl-intranode-dgx052-ppr62:184:405 [1] NCCL INFO Connected to proxy localRank 1 -> connection 0x7fd4fc004f40
nccl-intranode-dgx052-ppr62:189:384 [6] NCCL INFO New proxy recv connection 20 from local rank 6, transport 0
nccl-intranode-dgx052-ppr62:189:400 [6] NCCL INFO Connected to proxy localRank 6 -> connection 0x7fceb40058a0
nccl-intranode-dgx052-ppr62:190:386 [7] NCCL INFO New proxy recv connection 10 from local rank 7, transport 0
nccl-intranode-dgx052-ppr62:190:403 [7] NCCL INFO Connected to proxy localRank 7 -> connection 0x7f1ce00053f0
nccl-intranode-dgx052-ppr62:183:390 [0] NCCL INFO New proxy recv connection 4 from local rank 0, transport 0
nccl-intranode-dgx052-ppr62:183:404 [0] NCCL INFO Connected to proxy localRank 0 -> connection 0x7feadc005120
nccl-intranode-dgx052-ppr62:185:394 [2] NCCL INFO New proxy recv connection 9 from local rank 2, transport 0
nccl-intranode-dgx052-ppr62:185:402 [2] NCCL INFO Connected to proxy localRank 2 -> connection 0x7f3e04005378
nccl-intranode-dgx052-ppr62:187:392 [4] NCCL INFO New proxy recv connection 12 from local rank 4, transport 0
nccl-intranode-dgx052-ppr62:187:401 [4] NCCL INFO Connected to proxy localRank 4 -> connection 0x7f17180054e0
nccl-intranode-dgx052-ppr62:187:392 [4] NCCL INFO New proxy recv connection 13 from local rank 4, transport 0
nccl-intranode-dgx052-ppr62:187:401 [4] NCCL INFO Connected to proxy localRank 4 -> connection 0x7f1718005558
nccl-intranode-dgx052-ppr62:185:394 [2] NCCL INFO New proxy recv connection 10 from local rank 2, transport 0
nccl-intranode-dgx052-ppr62:185:402 [2] NCCL INFO Connected to proxy localRank 2 -> connection 0x7f3e040053f0
nccl-intranode-dgx052-ppr62:185:394 [2] NCCL INFO New proxy recv connection 11 from local rank 2, transport 0
nccl-intranode-dgx052-ppr62:185:402 [2] NCCL INFO Connected to proxy localRank 2 -> connection 0x7f3e04005468
nccl-intranode-dgx052-ppr62:185:394 [2] NCCL INFO New proxy recv connection 12 from local rank 2, transport 0
nccl-intranode-dgx052-ppr62:185:402 [2] NCCL INFO Connected to proxy localRank 2 -> connection 0x7f3e040054e0
nccl-intranode-dgx052-ppr62:189:384 [6] NCCL INFO New proxy recv connection 21 from local rank 6, transport 0
nccl-intranode-dgx052-ppr62:189:400 [6] NCCL INFO Connected to proxy localRank 6 -> connection 0x7fceb4005918
nccl-intranode-dgx052-ppr62:190:386 [7] NCCL INFO New proxy recv connection 11 from local rank 7, transport 0
nccl-intranode-dgx052-ppr62:190:403 [7] NCCL INFO Connected to proxy localRank 7 -> connection 0x7f1ce0005468
nccl-intranode-dgx052-ppr62:187:392 [4] NCCL INFO New proxy recv connection 14 from local rank 4, transport 0
nccl-intranode-dgx052-ppr62:187:401 [4] NCCL INFO Connected to proxy localRank 4 -> connection 0x7f17180055d0
nccl-intranode-dgx052-ppr62:184:396 [1] NCCL INFO New proxy recv connection 1 from local rank 1, transport 0
nccl-intranode-dgx052-ppr62:184:405 [1] NCCL INFO Connected to proxy localRank 1 -> connection 0x7fd4fc004fb8
nccl-intranode-dgx052-ppr62:184:396 [1] NCCL INFO New proxy recv connection 2 from local rank 1, transport 0
nccl-intranode-dgx052-ppr62:184:405 [1] NCCL INFO Connected to proxy localRank 1 -> connection 0x7fd4fc005030
nccl-intranode-dgx052-ppr62:183:390 [0] NCCL INFO New proxy recv connection 5 from local rank 0, transport 0
nccl-intranode-dgx052-ppr62:183:404 [0] NCCL INFO Connected to proxy localRank 0 -> connection 0x7feadc005198
nccl-intranode-dgx052-ppr62:185:394 [2] NCCL INFO New proxy recv connection 13 from local rank 2, transport 0
nccl-intranode-dgx052-ppr62:185:402 [2] NCCL INFO Connected to proxy localRank 2 -> connection 0x7f3e04005558
nccl-intranode-dgx052-ppr62:190:386 [7] NCCL INFO New proxy recv connection 12 from local rank 7, transport 0
nccl-intranode-dgx052-ppr62:190:403 [7] NCCL INFO Connected to proxy localRank 7 -> connection 0x7f1ce00054e0
nccl-intranode-dgx052-ppr62:187:392 [4] NCCL INFO New proxy recv connection 15 from local rank 4, transport 0
nccl-intranode-dgx052-ppr62:187:401 [4] NCCL INFO Connected to proxy localRank 4 -> connection 0x7f1718005648
nccl-intranode-dgx052-ppr62:184:396 [1] NCCL INFO New proxy recv connection 3 from local rank 1, transport 0
nccl-intranode-dgx052-ppr62:184:405 [1] NCCL INFO Connected to proxy localRank 1 -> connection 0x7fd4fc0050a8
nccl-intranode-dgx052-ppr62:189:384 [6] NCCL INFO New proxy recv connection 22 from local rank 6, transport 0
nccl-intranode-dgx052-ppr62:189:400 [6] NCCL INFO Connected to proxy localRank 6 -> connection 0x7fceb4005990
nccl-intranode-dgx052-ppr62:184:396 [1] NCCL INFO New proxy recv connection 4 from local rank 1, transport 0
nccl-intranode-dgx052-ppr62:184:405 [1] NCCL INFO Connected to proxy localRank 1 -> connection 0x7fd4fc005120
nccl-intranode-dgx052-ppr62:184:396 [1] NCCL INFO New proxy recv connection 5 from local rank 1, transport 0
nccl-intranode-dgx052-ppr62:184:405 [1] NCCL INFO Connected to proxy localRank 1 -> connection 0x7fd4fc005198
nccl-intranode-dgx052-ppr62:190:386 [7] NCCL INFO New proxy recv connection 13 from local rank 7, transport 0
nccl-intranode-dgx052-ppr62:190:403 [7] NCCL INFO Connected to proxy localRank 7 -> connection 0x7f1ce0005558
nccl-intranode-dgx052-ppr62:186:388 [3] NCCL INFO New proxy recv connection 0 from local rank 3, transport 0
nccl-intranode-dgx052-ppr62:190:386 [7] NCCL INFO New proxy recv connection 14 from local rank 7, transport 0
nccl-intranode-dgx052-ppr62:190:403 [7] NCCL INFO Connected to proxy localRank 7 -> connection 0x7f1ce00055d0
nccl-intranode-dgx052-ppr62:186:406 [3] NCCL INFO Connected to proxy localRank 3 -> connection 0x7feaa0004f40
nccl-intranode-dgx052-ppr62:184:396 [1] NCCL INFO New proxy recv connection 6 from local rank 1, transport 0
nccl-intranode-dgx052-ppr62:184:405 [1] NCCL INFO Connected to proxy localRank 1 -> connection 0x7fd4fc005210
nccl-intranode-dgx052-ppr62:190:386 [7] NCCL INFO New proxy recv connection 15 from local rank 7, transport 0
nccl-intranode-dgx052-ppr62:190:403 [7] NCCL INFO Connected to proxy localRank 7 -> connection 0x7f1ce0005648
nccl-intranode-dgx052-ppr62:187:392 [4] NCCL INFO New proxy recv connection 16 from local rank 4, transport 0
nccl-intranode-dgx052-ppr62:187:401 [4] NCCL INFO Connected to proxy localRank 4 -> connection 0x7f17180056c0
nccl-intranode-dgx052-ppr62:185:394 [2] NCCL INFO New proxy recv connection 14 from local rank 2, transport 0
nccl-intranode-dgx052-ppr62:185:402 [2] NCCL INFO Connected to proxy localRank 2 -> connection 0x7f3e040055d0
nccl-intranode-dgx052-ppr62:183:390 [0] NCCL INFO New proxy recv connection 6 from local rank 0, transport 0
nccl-intranode-dgx052-ppr62:183:404 [0] NCCL INFO Connected to proxy localRank 0 -> connection 0x7feadc005210
nccl-intranode-dgx052-ppr62:188:398 [5] NCCL INFO New proxy recv connection 0 from local rank 5, transport 0
nccl-intranode-dgx052-ppr62:188:407 [5] NCCL INFO Connected to proxy localRank 5 -> connection 0x7f3d74004f40
nccl-intranode-dgx052-ppr62:186:388 [3] NCCL INFO New proxy recv connection 1 from local rank 3, transport 0
nccl-intranode-dgx052-ppr62:186:406 [3] NCCL INFO Connected to proxy localRank 3 -> connection 0x7feaa0004fb8
nccl-intranode-dgx052-ppr62:187:392 [4] NCCL INFO New proxy recv connection 17 from local rank 4, transport 0
nccl-intranode-dgx052-ppr62:187:401 [4] NCCL INFO Connected to proxy localRank 4 -> connection 0x7f1718005738
nccl-intranode-dgx052-ppr62:185:394 [2] NCCL INFO New proxy recv connection 15 from local rank 2, transport 0
nccl-intranode-dgx052-ppr62:185:402 [2] NCCL INFO Connected to proxy localRank 2 -> connection 0x7f3e04005648
nccl-intranode-dgx052-ppr62:185:394 [2] NCCL INFO New proxy recv connection 16 from local rank 2, transport 0
nccl-intranode-dgx052-ppr62:185:402 [2] NCCL INFO Connected to proxy localRank 2 -> connection 0x7f3e040056c0
nccl-intranode-dgx052-ppr62:189:384 [6] NCCL INFO New proxy recv connection 23 from local rank 6, transport 0
nccl-intranode-dgx052-ppr62:189:400 [6] NCCL INFO Connected to proxy localRank 6 -> connection 0x7fceb4005a08
nccl-intranode-dgx052-ppr62:190:386 [7] NCCL INFO New proxy recv connection 16 from local rank 7, transport 0
nccl-intranode-dgx052-ppr62:190:403 [7] NCCL INFO Connected to proxy localRank 7 -> connection 0x7f1ce00056c0
nccl-intranode-dgx052-ppr62:190:386 [7] NCCL INFO New proxy recv connection 17 from local rank 7, transport 0
nccl-intranode-dgx052-ppr62:190:403 [7] NCCL INFO Connected to proxy localRank 7 -> connection 0x7f1ce0005738
nccl-intranode-dgx052-ppr62:188:398 [5] NCCL INFO New proxy recv connection 1 from local rank 5, transport 0
nccl-intranode-dgx052-ppr62:188:407 [5] NCCL INFO Connected to proxy localRank 5 -> connection 0x7f3d74004fb8
nccl-intranode-dgx052-ppr62:189:400 [6] NCCL INFO Channel 00/0 : 6[6] -> 7[7] via P2P/CUMEM
nccl-intranode-dgx052-ppr62:189:384 [6] NCCL INFO New proxy send connection 24 from local rank 6, transport 0
nccl-intranode-dgx052-ppr62:189:400 [6] NCCL INFO Connected to proxy localRank 6 -> connection 0x7fceb4005a80
nccl-intranode-dgx052-ppr62:184:396 [1] NCCL INFO New proxy recv connection 7 from local rank 1, transport 0
nccl-intranode-dgx052-ppr62:184:405 [1] NCCL INFO Connected to proxy localRank 1 -> connection 0x7fd4fc005288
nccl-intranode-dgx052-ppr62:185:394 [2] NCCL INFO New proxy recv connection 17 from local rank 2, transport 0
nccl-intranode-dgx052-ppr62:185:402 [2] NCCL INFO Connected to proxy localRank 2 -> connection 0x7f3e04005738
nccl-intranode-dgx052-ppr62:186:388 [3] NCCL INFO New proxy recv connection 2 from local rank 3, transport 0
nccl-intranode-dgx052-ppr62:186:406 [3] NCCL INFO Connected to proxy localRank 3 -> connection 0x7feaa0005030
nccl-intranode-dgx052-ppr62:183:390 [0] NCCL INFO New proxy recv connection 7 from local rank 0, transport 0
nccl-intranode-dgx052-ppr62:183:404 [0] NCCL INFO Connected to proxy localRank 0 -> connection 0x7feadc005288
nccl-intranode-dgx052-ppr62:183:390 [0] NCCL INFO New proxy recv connection 8 from local rank 0, transport 0
nccl-intranode-dgx052-ppr62:183:404 [0] NCCL INFO Connected to proxy localRank 0 -> connection 0x7feadc005300
nccl-intranode-dgx052-ppr62:183:390 [0] NCCL INFO New proxy recv connection 9 from local rank 0, transport 0
nccl-intranode-dgx052-ppr62:183:404 [0] NCCL INFO Connected to proxy localRank 0 -> connection 0x7feadc005378
nccl-intranode-dgx052-ppr62:183:390 [0] NCCL INFO New proxy recv connection 10 from local rank 0, transport 0
nccl-intranode-dgx052-ppr62:183:404 [0] NCCL INFO Connected to proxy localRank 0 -> connection 0x7feadc0053f0
nccl-intranode-dgx052-ppr62:183:390 [0] NCCL INFO New proxy recv connection 11 from local rank 0, transport 0
nccl-intranode-dgx052-ppr62:183:404 [0] NCCL INFO Connected to proxy localRank 0 -> connection 0x7feadc005468
nccl-intranode-dgx052-ppr62:190:386 [7] NCCL INFO New proxy recv connection 18 from local rank 7, transport 0
nccl-intranode-dgx052-ppr62:189:400 [6] NCCL INFO Channel 01/0 : 6[6] -> 7[7] via P2P/CUMEM
nccl-intranode-dgx052-ppr62:190:403 [7] NCCL INFO Connected to proxy localRank 7 -> connection 0x7f1ce00057b0
nccl-intranode-dgx052-ppr62:187:392 [4] NCCL INFO New proxy recv connection 18 from local rank 4, transport 0
nccl-intranode-dgx052-ppr62:187:401 [4] NCCL INFO Connected to proxy localRank 4 -> connection 0x7f17180057b0
nccl-intranode-dgx052-ppr62:188:398 [5] NCCL INFO New proxy recv connection 2 from local rank 5, transport 0
nccl-intranode-dgx052-ppr62:188:407 [5] NCCL INFO Connected to proxy localRank 5 -> connection 0x7f3d74005030
nccl-intranode-dgx052-ppr62:189:384 [6] NCCL INFO New proxy send connection 25 from local rank 6, transport 0
nccl-intranode-dgx052-ppr62:189:400 [6] NCCL INFO Connected to proxy localRank 6 -> connection 0x7fceb4005af8
nccl-intranode-dgx052-ppr62:186:388 [3] NCCL INFO New proxy recv connection 3 from local rank 3, transport 0
nccl-intranode-dgx052-ppr62:186:406 [3] NCCL INFO Connected to proxy localRank 3 -> connection 0x7feaa00050a8
nccl-intranode-dgx052-ppr62:186:388 [3] NCCL INFO New proxy recv connection 4 from local rank 3, transport 0
nccl-intranode-dgx052-ppr62:186:406 [3] NCCL INFO Connected to proxy localRank 3 -> connection 0x7feaa0005120
nccl-intranode-dgx052-ppr62:183:390 [0] NCCL INFO New proxy recv connection 12 from local rank 0, transport 0
nccl-intranode-dgx052-ppr62:183:404 [0] NCCL INFO Connected to proxy localRank 0 -> connection 0x7feadc0054e0
nccl-intranode-dgx052-ppr62:185:394 [2] NCCL INFO New proxy recv connection 18 from local rank 2, transport 0
nccl-intranode-dgx052-ppr62:185:402 [2] NCCL INFO Connected to proxy localRank 2 -> connection 0x7f3e040057b0
nccl-intranode-dgx052-ppr62:183:390 [0] NCCL INFO New proxy recv connection 13 from local rank 0, transport 0
nccl-intranode-dgx052-ppr62:183:404 [0] NCCL INFO Connected to proxy localRank 0 -> connection 0x7feadc005558
nccl-intranode-dgx052-ppr62:185:394 [2] NCCL INFO New proxy recv connection 19 from local rank 2, transport 0
nccl-intranode-dgx052-ppr62:185:402 [2] NCCL INFO Connected to proxy localRank 2 -> connection 0x7f3e04005828
nccl-intranode-dgx052-ppr62:185:394 [2] NCCL INFO New proxy recv connection 20 from local rank 2, transport 0
nccl-intranode-dgx052-ppr62:185:402 [2] NCCL INFO Connected to proxy localRank 2 -> connection 0x7f3e040058a0
nccl-intranode-dgx052-ppr62:185:394 [2] NCCL INFO New proxy recv connection 21 from local rank 2, transport 0
nccl-intranode-dgx052-ppr62:185:402 [2] NCCL INFO Connected to proxy localRank 2 -> connection 0x7f3e04005918
