dgx052:183:398 [2] NCCL INFO Connected to proxy localRank 2 -> connection 0x7fd594005be8
dgx052:181:399 [0] NCCL INFO Channel 20/0 : 8[0] -> 0[0] [receive] via NET/IBext_v8/0/GDRDMA
dgx052:181:399 [0] NCCL INFO GPU Direct RDMA Enabled for GPU 1b000 / HCA 0 (distance 4 <= 4), read 0
dgx052:182:382 [1] NCCL INFO New proxy send connection 34 from local rank 1, transport 2
dgx052:182:401 [1] NCCL INFO Connected to proxy localRank 1 -> connection 0x7fe038005f30
dgx052:183:390 [2] NCCL INFO NET/IB : GPU Direct RDMA (DMABUF) enabled for HCA 3 'mlx5_4
dgx052:182:382 [1] NCCL INFO NET/IB : GPU Direct RDMA (DMABUF) enabled for HCA 2 'mlx5_3
dgx052:183:398 [2] NCCL INFO Channel 27/0 : 10[2] -> 2[2] [receive] via NET/IBext_v8/3/GDRDMA
dgx052:183:398 [2] NCCL INFO GPU Direct RDMA Enabled for GPU 52000 / HCA 3 (distance 4 <= 4), read 1
dgx052:182:401 [1] NCCL INFO Channel 06/0 : 1[1] -> 9[1] [send] via NET/IBext_v8/2/GDRDMA
dgx052:182:401 [1] NCCL INFO GPU Direct RDMA Enabled for GPU 43000 / HCA 2 (distance 4 <= 4), read 1
dgx052:182:382 [1] NCCL INFO New proxy send connection 35 from local rank 1, transport 2
dgx052:183:390 [2] NCCL INFO New proxy send connection 28 from local rank 2, transport 2
dgx052:182:401 [1] NCCL INFO Connected to proxy localRank 1 -> connection 0x7fe038005fa8
dgx052:183:398 [2] NCCL INFO Connected to proxy localRank 2 -> connection 0x7fd594005c60
dgx052:182:382 [1] NCCL INFO NET/IB : GPU Direct RDMA (DMABUF) enabled for HCA 2 'mlx5_3
dgx052:182:401 [1] NCCL INFO Channel 07/0 : 1[1] -> 9[1] [send] via NET/IBext_v8/2/GDRDMA
dgx052:182:401 [1] NCCL INFO GPU Direct RDMA Enabled for GPU 43000 / HCA 2 (distance 4 <= 4), read 1
dgx052:183:390 [2] NCCL INFO NET/IB : GPU Direct RDMA (DMABUF) enabled for HCA 3 'mlx5_4
dgx052:183:398 [2] NCCL INFO Channel 00/0 : 2[2] -> 10[2] [send] via NET/IBext_v8/3/GDRDMA
dgx052:183:398 [2] NCCL INFO GPU Direct RDMA Enabled for GPU 52000 / HCA 3 (distance 4 <= 4), read 1
dgx052:182:382 [1] NCCL INFO New proxy send connection 36 from local rank 1, transport 2
dgx052:182:401 [1] NCCL INFO Connected to proxy localRank 1 -> connection 0x7fe038006020
dgx052:183:390 [2] NCCL INFO New proxy send connection 29 from local rank 2, transport 2
dgx052:182:382 [1] NCCL INFO NET/IB : GPU Direct RDMA (DMABUF) enabled for HCA 2 'mlx5_3
dgx052:183:398 [2] NCCL INFO Connected to proxy localRank 2 -> connection 0x7fd594005cd8
dgx052:182:401 [1] NCCL INFO Channel 08/0 : 1[1] -> 9[1] [send] via NET/IBext_v8/2/GDRDMA
dgx052:182:401 [1] NCCL INFO GPU Direct RDMA Enabled for GPU 43000 / HCA 2 (distance 4 <= 4), read 1
dgx052:181:394 [0] NCCL INFO New proxy recv connection 21 from local rank 0, transport 2
dgx052:182:382 [1] NCCL INFO New proxy send connection 37 from local rank 1, transport 2
dgx052:181:399 [0] NCCL INFO Connected to proxy localRank 0 -> connection 0x7faca0005918
dgx052:183:390 [2] NCCL INFO NET/IB : GPU Direct RDMA (DMABUF) enabled for HCA 3 'mlx5_4
dgx052:182:401 [1] NCCL INFO Connected to proxy localRank 1 -> connection 0x7fe038006098
dgx052:183:398 [2] NCCL INFO Channel 01/0 : 2[2] -> 10[2] [send] via NET/IBext_v8/3/GDRDMA
dgx052:183:398 [2] NCCL INFO GPU Direct RDMA Enabled for GPU 52000 / HCA 3 (distance 4 <= 4), read 1
dgx052:182:382 [1] NCCL INFO NET/IB : GPU Direct RDMA (DMABUF) enabled for HCA 2 'mlx5_3
dgx052:181:394 [0] NCCL INFO NET/IB : GPU Direct RDMA (DMABUF) enabled for HCA 0 'mlx5_0
dgx052:182:401 [1] NCCL INFO Channel 09/0 : 1[1] -> 9[1] [send] via NET/IBext_v8/2/GDRDMA
dgx052:182:401 [1] NCCL INFO GPU Direct RDMA Enabled for GPU 43000 / HCA 2 (distance 4 <= 4), read 1
dgx052:183:390 [2] NCCL INFO New proxy send connection 30 from local rank 2, transport 2
dgx052:183:398 [2] NCCL INFO Connected to proxy localRank 2 -> connection 0x7fd594005d50
dgx052:181:399 [0] NCCL INFO Channel 21/0 : 8[0] -> 0[0] [receive] via NET/IBext_v8/0/GDRDMA
dgx052:182:382 [1] NCCL INFO New proxy send connection 38 from local rank 1, transport 2
dgx052:181:399 [0] NCCL INFO GPU Direct RDMA Enabled for GPU 1b000 / HCA 0 (distance 4 <= 4), read 0
dgx052:182:401 [1] NCCL INFO Connected to proxy localRank 1 -> connection 0x7fe038006110
dgx052:183:390 [2] NCCL INFO NET/IB : GPU Direct RDMA (DMABUF) enabled for HCA 3 'mlx5_4
dgx052:183:398 [2] NCCL INFO Channel 02/0 : 2[2] -> 10[2] [send] via NET/IBext_v8/3/GDRDMA
dgx052:181:394 [0] NCCL INFO New proxy recv connection 22 from local rank 0, transport 2
dgx052:183:398 [2] NCCL INFO GPU Direct RDMA Enabled for GPU 52000 / HCA 3 (distance 4 <= 4), read 1
dgx052:182:382 [1] NCCL INFO NET/IB : GPU Direct RDMA (DMABUF) enabled for HCA 2 'mlx5_3
dgx052:182:401 [1] NCCL INFO Channel 10/0 : 1[1] -> 9[1] [send] via NET/IBext_v8/2/GDRDMA
dgx052:182:401 [1] NCCL INFO GPU Direct RDMA Enabled for GPU 43000 / HCA 2 (distance 4 <= 4), read 1
dgx052:181:399 [0] NCCL INFO Connected to proxy localRank 0 -> connection 0x7faca0005990
dgx052:182:382 [1] NCCL INFO New proxy send connection 39 from local rank 1, transport 2
dgx052:183:390 [2] NCCL INFO New proxy send connection 31 from local rank 2, transport 2
dgx052:182:401 [1] NCCL INFO Connected to proxy localRank 1 -> connection 0x7fe038006188
dgx052:183:398 [2] NCCL INFO Connected to proxy localRank 2 -> connection 0x7fd594005dc8
dgx052:181:394 [0] NCCL INFO NET/IB : GPU Direct RDMA (DMABUF) enabled for HCA 0 'mlx5_0
dgx052:181:399 [0] NCCL INFO Channel 22/0 : 8[0] -> 0[0] [receive] via NET/IBext_v8/0/GDRDMA
dgx052:181:399 [0] NCCL INFO GPU Direct RDMA Enabled for GPU 1b000 / HCA 0 (distance 4 <= 4), read 0
dgx052:182:382 [1] NCCL INFO NET/IB : GPU Direct RDMA (DMABUF) enabled for HCA 2 'mlx5_3
dgx052:182:401 [1] NCCL INFO Channel 11/0 : 1[1] -> 9[1] [send] via NET/IBext_v8/2/GDRDMA
dgx052:182:401 [1] NCCL INFO GPU Direct RDMA Enabled for GPU 43000 / HCA 2 (distance 4 <= 4), read 1
dgx052:183:390 [2] NCCL INFO NET/IB : GPU Direct RDMA (DMABUF) enabled for HCA 3 'mlx5_4
dgx052:183:398 [2] NCCL INFO Channel 03/0 : 2[2] -> 10[2] [send] via NET/IBext_v8/3/GDRDMA
dgx052:183:398 [2] NCCL INFO GPU Direct RDMA Enabled for GPU 52000 / HCA 3 (distance 4 <= 4), read 1
dgx052:181:394 [0] NCCL INFO New proxy recv connection 23 from local rank 0, transport 2
dgx052:182:382 [1] NCCL INFO New proxy send connection 40 from local rank 1, transport 2
dgx052:182:401 [1] NCCL INFO Connected to proxy localRank 1 -> connection 0x7fe038006200
dgx052:181:399 [0] NCCL INFO Connected to proxy localRank 0 -> connection 0x7faca0005a08
dgx052:183:390 [2] NCCL INFO New proxy send connection 32 from local rank 2, transport 2
dgx052:183:398 [2] NCCL INFO Connected to proxy localRank 2 -> connection 0x7fd594005e40
dgx052:182:382 [1] NCCL INFO NET/IB : GPU Direct RDMA (DMABUF) enabled for HCA 2 'mlx5_3
dgx052:182:401 [1] NCCL INFO Channel 12/0 : 1[1] -> 9[1] [send] via NET/IBext_v8/2/GDRDMA
dgx052:182:401 [1] NCCL INFO GPU Direct RDMA Enabled for GPU 43000 / HCA 2 (distance 4 <= 4), read 1
dgx052:181:394 [0] NCCL INFO NET/IB : GPU Direct RDMA (DMABUF) enabled for HCA 0 'mlx5_0
dgx052:181:399 [0] NCCL INFO Channel 23/0 : 8[0] -> 0[0] [receive] via NET/IBext_v8/0/GDRDMA
dgx052:181:399 [0] NCCL INFO GPU Direct RDMA Enabled for GPU 1b000 / HCA 0 (distance 4 <= 4), read 0
dgx052:182:382 [1] NCCL INFO New proxy send connection 41 from local rank 1, transport 2
dgx052:183:390 [2] NCCL INFO NET/IB : GPU Direct RDMA (DMABUF) enabled for HCA 3 'mlx5_4
dgx052:183:398 [2] NCCL INFO Channel 04/0 : 2[2] -> 10[2] [send] via NET/IBext_v8/3/GDRDMA
dgx052:183:398 [2] NCCL INFO GPU Direct RDMA Enabled for GPU 52000 / HCA 3 (distance 4 <= 4), read 1
dgx052:182:401 [1] NCCL INFO Connected to proxy localRank 1 -> connection 0x7fe038006278
dgx052:184:392 [3] NCCL INFO NCCL_IB_QPS_PER_CONNECTION set by environment to 8.
dgx052:181:394 [0] NCCL INFO New proxy recv connection 24 from local rank 0, transport 2
dgx052:182:382 [1] NCCL INFO NET/IB : GPU Direct RDMA (DMABUF) enabled for HCA 2 'mlx5_3
dgx052:183:390 [2] NCCL INFO New proxy send connection 33 from local rank 2, transport 2
dgx052:181:399 [0] NCCL INFO Connected to proxy localRank 0 -> connection 0x7faca0005a80
dgx052:182:401 [1] NCCL INFO Channel 13/0 : 1[1] -> 9[1] [send] via NET/IBext_v8/2/GDRDMA
dgx052:182:401 [1] NCCL INFO GPU Direct RDMA Enabled for GPU 43000 / HCA 2 (distance 4 <= 4), read 1
dgx052:183:398 [2] NCCL INFO Connected to proxy localRank 2 -> connection 0x7fd594005eb8
dgx052:182:382 [1] NCCL INFO New proxy send connection 42 from local rank 1, transport 2
dgx052:181:394 [0] NCCL INFO NET/IB : GPU Direct RDMA (DMABUF) enabled for HCA 0 'mlx5_0
dgx052:182:401 [1] NCCL INFO Connected to proxy localRank 1 -> connection 0x7fe0380062f0
dgx052:183:390 [2] NCCL INFO NET/IB : GPU Direct RDMA (DMABUF) enabled for HCA 3 'mlx5_4
dgx052:181:399 [0] NCCL INFO Channel 24/0 : 8[0] -> 0[0] [receive] via NET/IBext_v8/0/GDRDMA
dgx052:183:398 [2] NCCL INFO Channel 05/0 : 2[2] -> 10[2] [send] via NET/IBext_v8/3/GDRDMA
dgx052:181:399 [0] NCCL INFO GPU Direct RDMA Enabled for GPU 1b000 / HCA 0 (distance 4 <= 4), read 0
dgx052:183:398 [2] NCCL INFO GPU Direct RDMA Enabled for GPU 52000 / HCA 3 (distance 4 <= 4), read 1
dgx052:182:382 [1] NCCL INFO NET/IB : GPU Direct RDMA (DMABUF) enabled for HCA 2 'mlx5_3
dgx052:182:401 [1] NCCL INFO Channel 14/0 : 1[1] -> 9[1] [send] via NET/IBext_v8/2/GDRDMA
dgx052:182:401 [1] NCCL INFO GPU Direct RDMA Enabled for GPU 43000 / HCA 2 (distance 4 <= 4), read 1
dgx052:181:394 [0] NCCL INFO New proxy recv connection 25 from local rank 0, transport 2
dgx052:183:390 [2] NCCL INFO New proxy send connection 34 from local rank 2, transport 2
dgx052:182:382 [1] NCCL INFO New proxy send connection 43 from local rank 1, transport 2
dgx052:181:399 [0] NCCL INFO Connected to proxy localRank 0 -> connection 0x7faca0005af8
dgx052:183:398 [2] NCCL INFO Connected to proxy localRank 2 -> connection 0x7fd594005f30
dgx052:182:401 [1] NCCL INFO Connected to proxy localRank 1 -> connection 0x7fe038006368
dgx052:181:394 [0] NCCL INFO NET/IB : GPU Direct RDMA (DMABUF) enabled for HCA 0 'mlx5_0
dgx052:182:382 [1] NCCL INFO NET/IB : GPU Direct RDMA (DMABUF) enabled for HCA 2 'mlx5_3
dgx052:183:390 [2] NCCL INFO NET/IB : GPU Direct RDMA (DMABUF) enabled for HCA 3 'mlx5_4
dgx052:182:401 [1] NCCL INFO Channel 15/0 : 1[1] -> 9[1] [send] via NET/IBext_v8/2/GDRDMA
dgx052:183:398 [2] NCCL INFO Channel 06/0 : 2[2] -> 10[2] [send] via NET/IBext_v8/3/GDRDMA
dgx052:182:401 [1] NCCL INFO GPU Direct RDMA Enabled for GPU 43000 / HCA 2 (distance 4 <= 4), read 1
dgx052:183:398 [2] NCCL INFO GPU Direct RDMA Enabled for GPU 52000 / HCA 3 (distance 4 <= 4), read 1
dgx052:181:399 [0] NCCL INFO Channel 25/0 : 8[0] -> 0[0] [receive] via NET/IBext_v8/0/GDRDMA
dgx052:181:399 [0] NCCL INFO GPU Direct RDMA Enabled for GPU 1b000 / HCA 0 (distance 4 <= 4), read 0
dgx052:182:382 [1] NCCL INFO New proxy send connection 44 from local rank 1, transport 2
dgx052:183:390 [2] NCCL INFO New proxy send connection 35 from local rank 2, transport 2
dgx052:182:401 [1] NCCL INFO Connected to proxy localRank 1 -> connection 0x7fe0380063e0
dgx052:181:394 [0] NCCL INFO New proxy recv connection 26 from local rank 0, transport 2
dgx052:183:398 [2] NCCL INFO Connected to proxy localRank 2 -> connection 0x7fd594005fa8
dgx052:181:399 [0] NCCL INFO Connected to proxy localRank 0 -> connection 0x7faca0005b70
dgx052:182:382 [1] NCCL INFO NET/IB : GPU Direct RDMA (DMABUF) enabled for HCA 2 'mlx5_3
dgx052:182:401 [1] NCCL INFO Channel 16/0 : 1[1] -> 9[1] [send] via NET/IBext_v8/2/GDRDMA
dgx052:182:401 [1] NCCL INFO GPU Direct RDMA Enabled for GPU 43000 / HCA 2 (distance 4 <= 4), read 1
dgx052:183:390 [2] NCCL INFO NET/IB : GPU Direct RDMA (DMABUF) enabled for HCA 3 'mlx5_4
dgx052:183:398 [2] NCCL INFO Channel 07/0 : 2[2] -> 10[2] [send] via NET/IBext_v8/3/GDRDMA
dgx052:183:398 [2] NCCL INFO GPU Direct RDMA Enabled for GPU 52000 / HCA 3 (distance 4 <= 4), read 1
dgx052:181:394 [0] NCCL INFO NET/IB : GPU Direct RDMA (DMABUF) enabled for HCA 0 'mlx5_0
dgx052:182:382 [1] NCCL INFO New proxy send connection 45 from local rank 1, transport 2
dgx052:182:401 [1] NCCL INFO Connected to proxy localRank 1 -> connection 0x7fe038006458
dgx052:181:399 [0] NCCL INFO Channel 26/0 : 8[0] -> 0[0] [receive] via NET/IBext_v8/0/GDRDMA
dgx052:181:399 [0] NCCL INFO GPU Direct RDMA Enabled for GPU 1b000 / HCA 0 (distance 4 <= 4), read 0
dgx052:183:390 [2] NCCL INFO New proxy send connection 36 from local rank 2, transport 2
dgx052:182:382 [1] NCCL INFO NET/IB : GPU Direct RDMA (DMABUF) enabled for HCA 2 'mlx5_3
dgx052:183:398 [2] NCCL INFO Connected to proxy localRank 2 -> connection 0x7fd594006020
dgx052:182:401 [1] NCCL INFO Channel 17/0 : 1[1] -> 9[1] [send] via NET/IBext_v8/2/GDRDMA
dgx052:182:401 [1] NCCL INFO GPU Direct RDMA Enabled for GPU 43000 / HCA 2 (distance 4 <= 4), read 1
dgx052:181:394 [0] NCCL INFO New proxy recv connection 27 from local rank 0, transport 2
dgx052:181:399 [0] NCCL INFO Connected to proxy localRank 0 -> connection 0x7faca0005be8
dgx052:182:382 [1] NCCL INFO New proxy send connection 46 from local rank 1, transport 2
dgx052:183:390 [2] NCCL INFO NET/IB : GPU Direct RDMA (DMABUF) enabled for HCA 3 'mlx5_4
dgx052:182:401 [1] NCCL INFO Connected to proxy localRank 1 -> connection 0x7fe0380064d0
dgx052:183:398 [2] NCCL INFO Channel 08/0 : 2[2] -> 10[2] [send] via NET/IBext_v8/3/GDRDMA
dgx052:183:398 [2] NCCL INFO GPU Direct RDMA Enabled for GPU 52000 / HCA 3 (distance 4 <= 4), read 1
dgx052:181:394 [0] NCCL INFO NET/IB : GPU Direct RDMA (DMABUF) enabled for HCA 0 'mlx5_0
dgx052:182:382 [1] NCCL INFO NET/IB : GPU Direct RDMA (DMABUF) enabled for HCA 2 'mlx5_3
dgx052:182:401 [1] NCCL INFO Channel 18/0 : 1[1] -> 9[1] [send] via NET/IBext_v8/2/GDRDMA
dgx052:182:401 [1] NCCL INFO GPU Direct RDMA Enabled for GPU 43000 / HCA 2 (distance 4 <= 4), read 1
dgx052:181:399 [0] NCCL INFO Channel 27/0 : 8[0] -> 0[0] [receive] via NET/IBext_v8/0/GDRDMA
dgx052:183:390 [2] NCCL INFO New proxy send connection 37 from local rank 2, transport 2
dgx052:181:399 [0] NCCL INFO GPU Direct RDMA Enabled for GPU 1b000 / HCA 0 (distance 4 <= 4), read 1
dgx052:183:398 [2] NCCL INFO Connected to proxy localRank 2 -> connection 0x7fd594006098
dgx052:182:382 [1] NCCL INFO New proxy send connection 47 from local rank 1, transport 2
dgx052:182:401 [1] NCCL INFO Connected to proxy localRank 1 -> connection 0x7fe038006548
dgx052:181:394 [0] NCCL INFO New proxy send connection 28 from local rank 0, transport 2
dgx052:181:399 [0] NCCL INFO Connected to proxy localRank 0 -> connection 0x7faca0005c60
dgx052:183:390 [2] NCCL INFO NET/IB : GPU Direct RDMA (DMABUF) enabled for HCA 3 'mlx5_4
dgx052:183:398 [2] NCCL INFO Channel 09/0 : 2[2] -> 10[2] [send] via NET/IBext_v8/3/GDRDMA
dgx052:183:398 [2] NCCL INFO GPU Direct RDMA Enabled for GPU 52000 / HCA 3 (distance 4 <= 4), read 1
dgx052:182:382 [1] NCCL INFO NET/IB : GPU Direct RDMA (DMABUF) enabled for HCA 2 'mlx5_3
dgx052:182:401 [1] NCCL INFO Channel 19/0 : 1[1] -> 9[1] [send] via NET/IBext_v8/2/GDRDMA
dgx052:182:401 [1] NCCL INFO GPU Direct RDMA Enabled for GPU 43000 / HCA 2 (distance 4 <= 4), read 1
dgx052:181:394 [0] NCCL INFO NET/IB : GPU Direct RDMA (DMABUF) enabled for HCA 0 'mlx5_0
dgx052:181:399 [0] NCCL INFO Channel 00/0 : 0[0] -> 8[0] [send] via NET/IBext_v8/0/GDRDMA
dgx052:182:382 [1] NCCL INFO New proxy send connection 48 from local rank 1, transport 2
dgx052:181:399 [0] NCCL INFO GPU Direct RDMA Enabled for GPU 1b000 / HCA 0 (distance 4 <= 4), read 1
dgx052:183:390 [2] NCCL INFO New proxy send connection 38 from local rank 2, transport 2
dgx052:182:401 [1] NCCL INFO Connected to proxy localRank 1 -> connection 0x7fe0380065c0
dgx052:183:398 [2] NCCL INFO Connected to proxy localRank 2 -> connection 0x7fd594006110
dgx052:181:394 [0] NCCL INFO New proxy send connection 29 from local rank 0, transport 2
dgx052:182:382 [1] NCCL INFO NET/IB : GPU Direct RDMA (DMABUF) enabled for HCA 2 'mlx5_3
dgx052:182:401 [1] NCCL INFO Channel 20/0 : 1[1] -> 9[1] [send] via NET/IBext_v8/2/GDRDMA
dgx052:182:401 [1] NCCL INFO GPU Direct RDMA Enabled for GPU 43000 / HCA 2 (distance 4 <= 4), read 1
dgx052:181:399 [0] NCCL INFO Connected to proxy localRank 0 -> connection 0x7faca0005cd8
dgx052:183:390 [2] NCCL INFO NET/IB : GPU Direct RDMA (DMABUF) enabled for HCA 3 'mlx5_4
dgx052:183:398 [2] NCCL INFO Channel 10/0 : 2[2] -> 10[2] [send] via NET/IBext_v8/3/GDRDMA
dgx052:183:398 [2] NCCL INFO GPU Direct RDMA Enabled for GPU 52000 / HCA 3 (distance 4 <= 4), read 1
dgx052:182:382 [1] NCCL INFO New proxy send connection 49 from local rank 1, transport 2
dgx052:182:401 [1] NCCL INFO Connected to proxy localRank 1 -> connection 0x7fe038006638
dgx052:181:394 [0] NCCL INFO NET/IB : GPU Direct RDMA (DMABUF) enabled for HCA 0 'mlx5_0
dgx052:181:399 [0] NCCL INFO Channel 01/0 : 0[0] -> 8[0] [send] via NET/IBext_v8/0/GDRDMA
dgx052:181:399 [0] NCCL INFO GPU Direct RDMA Enabled for GPU 1b000 / HCA 0 (distance 4 <= 4), read 1
dgx052:183:390 [2] NCCL INFO New proxy send connection 39 from local rank 2, transport 2
dgx052:182:382 [1] NCCL INFO NET/IB : GPU Direct RDMA (DMABUF) enabled for HCA 2 'mlx5_3
dgx052:183:398 [2] NCCL INFO Connected to proxy localRank 2 -> connection 0x7fd594006188
dgx052:182:401 [1] NCCL INFO Channel 21/0 : 1[1] -> 9[1] [send] via NET/IBext_v8/2/GDRDMA
dgx052:182:401 [1] NCCL INFO GPU Direct RDMA Enabled for GPU 43000 / HCA 2 (distance 4 <= 4), read 1
dgx052:181:394 [0] NCCL INFO New proxy send connection 30 from local rank 0, transport 2
dgx052:181:399 [0] NCCL INFO Connected to proxy localRank 0 -> connection 0x7faca0005d50
dgx052:182:382 [1] NCCL INFO New proxy send connection 50 from local rank 1, transport 2
dgx052:183:390 [2] NCCL INFO NET/IB : GPU Direct RDMA (DMABUF) enabled for HCA 3 'mlx5_4
dgx052:182:401 [1] NCCL INFO Connected to proxy localRank 1 -> connection 0x7fe0380066b0
dgx052:183:398 [2] NCCL INFO Channel 11/0 : 2[2] -> 10[2] [send] via NET/IBext_v8/3/GDRDMA
dgx052:183:398 [2] NCCL INFO GPU Direct RDMA Enabled for GPU 52000 / HCA 3 (distance 4 <= 4), read 1
dgx052:181:394 [0] NCCL INFO NET/IB : GPU Direct RDMA (DMABUF) enabled for HCA 0 'mlx5_0
dgx052:182:382 [1] NCCL INFO NET/IB : GPU Direct RDMA (DMABUF) enabled for HCA 2 'mlx5_3
dgx052:181:399 [0] NCCL INFO Channel 02/0 : 0[0] -> 8[0] [send] via NET/IBext_v8/0/GDRDMA
dgx052:182:401 [1] NCCL INFO Channel 22/0 : 1[1] -> 9[1] [send] via NET/IBext_v8/2/GDRDMA
dgx052:181:399 [0] NCCL INFO GPU Direct RDMA Enabled for GPU 1b000 / HCA 0 (distance 4 <= 4), read 1
dgx052:182:401 [1] NCCL INFO GPU Direct RDMA Enabled for GPU 43000 / HCA 2 (distance 4 <= 4), read 1
dgx052:183:390 [2] NCCL INFO New proxy send connection 40 from local rank 2, transport 2
dgx052:183:398 [2] NCCL INFO Connected to proxy localRank 2 -> connection 0x7fd594006200
dgx052:182:382 [1] NCCL INFO New proxy send connection 51 from local rank 1, transport 2
dgx052:181:394 [0] NCCL INFO New proxy send connection 31 from local rank 0, transport 2
dgx052:182:401 [1] NCCL INFO Connected to proxy localRank 1 -> connection 0x7fe038006728
dgx052:181:399 [0] NCCL INFO Connected to proxy localRank 0 -> connection 0x7faca0005dc8
dgx052:183:390 [2] NCCL INFO NET/IB : GPU Direct RDMA (DMABUF) enabled for HCA 3 'mlx5_4
dgx052:183:398 [2] NCCL INFO Channel 12/0 : 2[2] -> 10[2] [send] via NET/IBext_v8/3/GDRDMA
dgx052:183:398 [2] NCCL INFO GPU Direct RDMA Enabled for GPU 52000 / HCA 3 (distance 4 <= 4), read 1
dgx052:182:382 [1] NCCL INFO NET/IB : GPU Direct RDMA (DMABUF) enabled for HCA 2 'mlx5_3
dgx052:182:401 [1] NCCL INFO Channel 23/0 : 1[1] -> 9[1] [send] via NET/IBext_v8/2/GDRDMA
dgx052:182:401 [1] NCCL INFO GPU Direct RDMA Enabled for GPU 43000 / HCA 2 (distance 4 <= 4), read 1
dgx052:181:394 [0] NCCL INFO NET/IB : GPU Direct RDMA (DMABUF) enabled for HCA 0 'mlx5_0
dgx052:181:399 [0] NCCL INFO Channel 03/0 : 0[0] -> 8[0] [send] via NET/IBext_v8/0/GDRDMA
dgx052:181:399 [0] NCCL INFO GPU Direct RDMA Enabled for GPU 1b000 / HCA 0 (distance 4 <= 4), read 1
dgx052:183:390 [2] NCCL INFO New proxy send connection 41 from local rank 2, transport 2
dgx052:182:382 [1] NCCL INFO New proxy send connection 52 from local rank 1, transport 2
dgx052:183:398 [2] NCCL INFO Connected to proxy localRank 2 -> connection 0x7fd594006278
dgx052:182:401 [1] NCCL INFO Connected to proxy localRank 1 -> connection 0x7fe0380067a0
dgx052:181:394 [0] NCCL INFO New proxy send connection 32 from local rank 0, transport 2
dgx052:182:382 [1] NCCL INFO NET/IB : GPU Direct RDMA (DMABUF) enabled for HCA 2 'mlx5_3
dgx052:181:399 [0] NCCL INFO Connected to proxy localRank 0 -> connection 0x7faca0005e40
dgx052:182:401 [1] NCCL INFO Channel 24/0 : 1[1] -> 9[1] [send] via NET/IBext_v8/2/GDRDMA
dgx052:182:401 [1] NCCL INFO GPU Direct RDMA Enabled for GPU 43000 / HCA 2 (distance 4 <= 4), read 1
dgx052:183:390 [2] NCCL INFO NET/IB : GPU Direct RDMA (DMABUF) enabled for HCA 3 'mlx5_4
dgx052:183:398 [2] NCCL INFO Channel 13/0 : 2[2] -> 10[2] [send] via NET/IBext_v8/3/GDRDMA
dgx052:183:398 [2] NCCL INFO GPU Direct RDMA Enabled for GPU 52000 / HCA 3 (distance 4 <= 4), read 1
dgx052:182:382 [1] NCCL INFO New proxy send connection 53 from local rank 1, transport 2
dgx052:181:394 [0] NCCL INFO NET/IB : GPU Direct RDMA (DMABUF) enabled for HCA 0 'mlx5_0
dgx052:181:399 [0] NCCL INFO Channel 04/0 : 0[0] -> 8[0] [send] via NET/IBext_v8/0/GDRDMA
dgx052:182:401 [1] NCCL INFO Connected to proxy localRank 1 -> connection 0x7fe038006818
dgx052:181:399 [0] NCCL INFO GPU Direct RDMA Enabled for GPU 1b000 / HCA 0 (distance 4 <= 4), read 1
dgx052:183:390 [2] NCCL INFO New proxy send connection 42 from local rank 2, transport 2
dgx052:183:398 [2] NCCL INFO Connected to proxy localRank 2 -> connection 0x7fd5940062f0
dgx052:182:382 [1] NCCL INFO NET/IB : GPU Direct RDMA (DMABUF) enabled for HCA 2 'mlx5_3
dgx052:182:401 [1] NCCL INFO Channel 25/0 : 1[1] -> 9[1] [send] via NET/IBext_v8/2/GDRDMA
dgx052:182:401 [1] NCCL INFO GPU Direct RDMA Enabled for GPU 43000 / HCA 2 (distance 4 <= 4), read 1
dgx052:181:394 [0] NCCL INFO New proxy send connection 33 from local rank 0, transport 2
dgx052:181:399 [0] NCCL INFO Connected to proxy localRank 0 -> connection 0x7faca0005eb8
dgx052:183:390 [2] NCCL INFO NET/IB : GPU Direct RDMA (DMABUF) enabled for HCA 3 'mlx5_4
dgx052:182:382 [1] NCCL INFO New proxy send connection 54 from local rank 1, transport 2
dgx052:183:398 [2] NCCL INFO Channel 14/0 : 2[2] -> 10[2] [send] via NET/IBext_v8/3/GDRDMA
dgx052:183:398 [2] NCCL INFO GPU Direct RDMA Enabled for GPU 52000 / HCA 3 (distance 4 <= 4), read 1
dgx052:182:401 [1] NCCL INFO Connected to proxy localRank 1 -> connection 0x7fe038006890
dgx052:181:394 [0] NCCL INFO NET/IB : GPU Direct RDMA (DMABUF) enabled for HCA 0 'mlx5_0
dgx052:181:399 [0] NCCL INFO Channel 05/0 : 0[0] -> 8[0] [send] via NET/IBext_v8/0/GDRDMA
dgx052:181:399 [0] NCCL INFO GPU Direct RDMA Enabled for GPU 1b000 / HCA 0 (distance 4 <= 4), read 1
dgx052:183:390 [2] NCCL INFO New proxy send connection 43 from local rank 2, transport 2
dgx052:182:382 [1] NCCL INFO NET/IB : GPU Direct RDMA (DMABUF) enabled for HCA 2 'mlx5_3
dgx052:182:401 [1] NCCL INFO Channel 26/0 : 1[1] -> 9[1] [send] via NET/IBext_v8/2/GDRDMA
dgx052:182:401 [1] NCCL INFO GPU Direct RDMA Enabled for GPU 43000 / HCA 2 (distance 4 <= 4), read 1
dgx052:183:398 [2] NCCL INFO Connected to proxy localRank 2 -> connection 0x7fd594006368
dgx052:181:394 [0] NCCL INFO New proxy send connection 34 from local rank 0, transport 2
dgx052:182:382 [1] NCCL INFO New proxy send connection 55 from local rank 1, transport 2
dgx052:181:399 [0] NCCL INFO Connected to proxy localRank 0 -> connection 0x7faca0005f30
dgx052:182:401 [1] NCCL INFO Connected to proxy localRank 1 -> connection 0x7fe038006908
dgx052:183:390 [2] NCCL INFO NET/IB : GPU Direct RDMA (DMABUF) enabled for HCA 3 'mlx5_4
dgx052:183:398 [2] NCCL INFO Channel 15/0 : 2[2] -> 10[2] [send] via NET/IBext_v8/3/GDRDMA
dgx052:183:398 [2] NCCL INFO GPU Direct RDMA Enabled for GPU 52000 / HCA 3 (distance 4 <= 4), read 1
dgx052:182:382 [1] NCCL INFO NET/IB : GPU Direct RDMA (DMABUF) enabled for HCA 2 'mlx5_3
dgx052:182:401 [1] NCCL INFO Channel 27/0 : 1[1] -> 9[1] [send] via NET/IBext_v8/2/GDRDMA
dgx052:181:394 [0] NCCL INFO NET/IB : GPU Direct RDMA (DMABUF) enabled for HCA 0 'mlx5_0
dgx052:181:399 [0] NCCL INFO Channel 06/0 : 0[0] -> 8[0] [send] via NET/IBext_v8/0/GDRDMA
dgx052:181:399 [0] NCCL INFO GPU Direct RDMA Enabled for GPU 1b000 / HCA 0 (distance 4 <= 4), read 1
dgx052:183:390 [2] NCCL INFO New proxy send connection 44 from local rank 2, transport 2
dgx052:183:398 [2] NCCL INFO Connected to proxy localRank 2 -> connection 0x7fd5940063e0
dgx052:181:394 [0] NCCL INFO New proxy send connection 35 from local rank 0, transport 2
dgx052:181:399 [0] NCCL INFO Connected to proxy localRank 0 -> connection 0x7faca0005fa8
dgx052:183:390 [2] NCCL INFO NET/IB : GPU Direct RDMA (DMABUF) enabled for HCA 3 'mlx5_4
dgx052:183:398 [2] NCCL INFO Channel 16/0 : 2[2] -> 10[2] [send] via NET/IBext_v8/3/GDRDMA
dgx052:183:398 [2] NCCL INFO GPU Direct RDMA Enabled for GPU 52000 / HCA 3 (distance 4 <= 4), read 1
dgx052:181:394 [0] NCCL INFO NET/IB : GPU Direct RDMA (DMABUF) enabled for HCA 0 'mlx5_0
dgx052:181:399 [0] NCCL INFO Channel 07/0 : 0[0] -> 8[0] [send] via NET/IBext_v8/0/GDRDMA
dgx052:181:399 [0] NCCL INFO GPU Direct RDMA Enabled for GPU 1b000 / HCA 0 (distance 4 <= 4), read 1
dgx052:183:390 [2] NCCL INFO New proxy send connection 45 from local rank 2, transport 2
dgx052:183:398 [2] NCCL INFO Connected to proxy localRank 2 -> connection 0x7fd594006458
dgx052:181:394 [0] NCCL INFO New proxy send connection 36 from local rank 0, transport 2
dgx052:181:399 [0] NCCL INFO Connected to proxy localRank 0 -> connection 0x7faca0006020
dgx052:183:390 [2] NCCL INFO NET/IB : GPU Direct RDMA (DMABUF) enabled for HCA 3 'mlx5_4
dgx052:183:398 [2] NCCL INFO Channel 17/0 : 2[2] -> 10[2] [send] via NET/IBext_v8/3/GDRDMA
dgx052:183:398 [2] NCCL INFO GPU Direct RDMA Enabled for GPU 52000 / HCA 3 (distance 4 <= 4), read 1
dgx052:181:394 [0] NCCL INFO NET/IB : GPU Direct RDMA (DMABUF) enabled for HCA 0 'mlx5_0
dgx052:181:399 [0] NCCL INFO Channel 08/0 : 0[0] -> 8[0] [send] via NET/IBext_v8/0/GDRDMA
dgx052:181:399 [0] NCCL INFO GPU Direct RDMA Enabled for GPU 1b000 / HCA 0 (distance 4 <= 4), read 1
dgx052:183:390 [2] NCCL INFO New proxy send connection 46 from local rank 2, transport 2
dgx052:183:398 [2] NCCL INFO Connected to proxy localRank 2 -> connection 0x7fd5940064d0
dgx052:181:394 [0] NCCL INFO New proxy send connection 37 from local rank 0, transport 2
dgx052:181:399 [0] NCCL INFO Connected to proxy localRank 0 -> connection 0x7faca0006098
dgx052:183:390 [2] NCCL INFO NET/IB : GPU Direct RDMA (DMABUF) enabled for HCA 3 'mlx5_4
dgx052:183:398 [2] NCCL INFO Channel 18/0 : 2[2] -> 10[2] [send] via NET/IBext_v8/3/GDRDMA
dgx052:183:398 [2] NCCL INFO GPU Direct RDMA Enabled for GPU 52000 / HCA 3 (distance 4 <= 4), read 1
dgx052:181:394 [0] NCCL INFO NET/IB : GPU Direct RDMA (DMABUF) enabled for HCA 0 'mlx5_0
dgx052:181:399 [0] NCCL INFO Channel 09/0 : 0[0] -> 8[0] [send] via NET/IBext_v8/0/GDRDMA
dgx052:181:399 [0] NCCL INFO GPU Direct RDMA Enabled for GPU 1b000 / HCA 0 (distance 4 <= 4), read 1
dgx052:183:390 [2] NCCL INFO New proxy send connection 47 from local rank 2, transport 2
dgx052:183:398 [2] NCCL INFO Connected to proxy localRank 2 -> connection 0x7fd594006548
dgx052:181:394 [0] NCCL INFO New proxy send connection 38 from local rank 0, transport 2
dgx052:181:399 [0] NCCL INFO Connected to proxy localRank 0 -> connection 0x7faca0006110
dgx052:183:390 [2] NCCL INFO NET/IB : GPU Direct RDMA (DMABUF) enabled for HCA 3 'mlx5_4
dgx052:183:398 [2] NCCL INFO Channel 19/0 : 2[2] -> 10[2] [send] via NET/IBext_v8/3/GDRDMA
dgx052:183:398 [2] NCCL INFO GPU Direct RDMA Enabled for GPU 52000 / HCA 3 (distance 4 <= 4), read 1
dgx052:181:394 [0] NCCL INFO NET/IB : GPU Direct RDMA (DMABUF) enabled for HCA 0 'mlx5_0
dgx052:181:399 [0] NCCL INFO Channel 10/0 : 0[0] -> 8[0] [send] via NET/IBext_v8/0/GDRDMA
dgx052:181:399 [0] NCCL INFO GPU Direct RDMA Enabled for GPU 1b000 / HCA 0 (distance 4 <= 4), read 1
dgx052:183:390 [2] NCCL INFO New proxy send connection 48 from local rank 2, transport 2
dgx052:183:398 [2] NCCL INFO Connected to proxy localRank 2 -> connection 0x7fd5940065c0
dgx052:181:394 [0] NCCL INFO New proxy send connection 39 from local rank 0, transport 2
dgx052:181:399 [0] NCCL INFO Connected to proxy localRank 0 -> connection 0x7faca0006188
dgx052:183:390 [2] NCCL INFO NET/IB : GPU Direct RDMA (DMABUF) enabled for HCA 3 'mlx5_4
dgx052:183:398 [2] NCCL INFO Channel 20/0 : 2[2] -> 10[2] [send] via NET/IBext_v8/3/GDRDMA
dgx052:183:398 [2] NCCL INFO GPU Direct RDMA Enabled for GPU 52000 / HCA 3 (distance 4 <= 4), read 1
dgx052:181:394 [0] NCCL INFO NET/IB : GPU Direct RDMA (DMABUF) enabled for HCA 0 'mlx5_0
dgx052:181:399 [0] NCCL INFO Channel 11/0 : 0[0] -> 8[0] [send] via NET/IBext_v8/0/GDRDMA
dgx052:181:399 [0] NCCL INFO GPU Direct RDMA Enabled for GPU 1b000 / HCA 0 (distance 4 <= 4), read 1
dgx052:183:390 [2] NCCL INFO New proxy send connection 49 from local rank 2, transport 2
dgx052:183:398 [2] NCCL INFO Connected to proxy localRank 2 -> connection 0x7fd594006638
dgx052:181:394 [0] NCCL INFO New proxy send connection 40 from local rank 0, transport 2
dgx052:181:399 [0] NCCL INFO Connected to proxy localRank 0 -> connection 0x7faca0006200
dgx052:183:390 [2] NCCL INFO NET/IB : GPU Direct RDMA (DMABUF) enabled for HCA 3 'mlx5_4
dgx052:183:398 [2] NCCL INFO Channel 21/0 : 2[2] -> 10[2] [send] via NET/IBext_v8/3/GDRDMA
dgx052:183:398 [2] NCCL INFO GPU Direct RDMA Enabled for GPU 52000 / HCA 3 (distance 4 <= 4), read 1
dgx052:181:394 [0] NCCL INFO NET/IB : GPU Direct RDMA (DMABUF) enabled for HCA 0 'mlx5_0
dgx052:181:399 [0] NCCL INFO Channel 12/0 : 0[0] -> 8[0] [send] via NET/IBext_v8/0/GDRDMA
dgx052:181:399 [0] NCCL INFO GPU Direct RDMA Enabled for GPU 1b000 / HCA 0 (distance 4 <= 4), read 1
dgx052:183:390 [2] NCCL INFO New proxy send connection 50 from local rank 2, transport 2
dgx052:183:398 [2] NCCL INFO Connected to proxy localRank 2 -> connection 0x7fd5940066b0
dgx052:181:394 [0] NCCL INFO New proxy send connection 41 from local rank 0, transport 2
dgx052:181:399 [0] NCCL INFO Connected to proxy localRank 0 -> connection 0x7faca0006278
dgx052:183:390 [2] NCCL INFO NET/IB : GPU Direct RDMA (DMABUF) enabled for HCA 3 'mlx5_4
dgx052:183:398 [2] NCCL INFO Channel 22/0 : 2[2] -> 10[2] [send] via NET/IBext_v8/3/GDRDMA
dgx052:183:398 [2] NCCL INFO GPU Direct RDMA Enabled for GPU 52000 / HCA 3 (distance 4 <= 4), read 1
dgx052:181:394 [0] NCCL INFO NET/IB : GPU Direct RDMA (DMABUF) enabled for HCA 0 'mlx5_0
dgx052:181:399 [0] NCCL INFO Channel 13/0 : 0[0] -> 8[0] [send] via NET/IBext_v8/0/GDRDMA
dgx052:181:399 [0] NCCL INFO GPU Direct RDMA Enabled for GPU 1b000 / HCA 0 (distance 4 <= 4), read 1
dgx052:183:390 [2] NCCL INFO New proxy send connection 51 from local rank 2, transport 2
dgx052:183:398 [2] NCCL INFO Connected to proxy localRank 2 -> connection 0x7fd594006728
dgx052:181:394 [0] NCCL INFO New proxy send connection 42 from local rank 0, transport 2
dgx052:181:399 [0] NCCL INFO Connected to proxy localRank 0 -> connection 0x7faca00062f0
dgx052:183:390 [2] NCCL INFO NET/IB : GPU Direct RDMA (DMABUF) enabled for HCA 3 'mlx5_4
dgx052:183:398 [2] NCCL INFO Channel 23/0 : 2[2] -> 10[2] [send] via NET/IBext_v8/3/GDRDMA
dgx052:183:398 [2] NCCL INFO GPU Direct RDMA Enabled for GPU 52000 / HCA 3 (distance 4 <= 4), read 1
dgx052:181:394 [0] NCCL INFO NET/IB : GPU Direct RDMA (DMABUF) enabled for HCA 0 'mlx5_0
dgx052:181:399 [0] NCCL INFO Channel 14/0 : 0[0] -> 8[0] [send] via NET/IBext_v8/0/GDRDMA
dgx052:181:399 [0] NCCL INFO GPU Direct RDMA Enabled for GPU 1b000 / HCA 0 (distance 4 <= 4), read 1
dgx052:183:390 [2] NCCL INFO New proxy send connection 52 from local rank 2, transport 2
dgx052:183:398 [2] NCCL INFO Connected to proxy localRank 2 -> connection 0x7fd5940067a0
dgx052:182:382 [1] NCCL INFO NCCL_IB_QPS_PER_CONNECTION set by environment to 8.
dgx052:181:394 [0] NCCL INFO New proxy send connection 43 from local rank 0, transport 2
dgx052:181:399 [0] NCCL INFO Connected to proxy localRank 0 -> connection 0x7faca0006368
dgx052:183:390 [2] NCCL INFO NET/IB : GPU Direct RDMA (DMABUF) enabled for HCA 3 'mlx5_4
dgx052:183:398 [2] NCCL INFO Channel 24/0 : 2[2] -> 10[2] [send] via NET/IBext_v8/3/GDRDMA
dgx052:183:398 [2] NCCL INFO GPU Direct RDMA Enabled for GPU 52000 / HCA 3 (distance 4 <= 4), read 1
dgx052:181:394 [0] NCCL INFO NET/IB : GPU Direct RDMA (DMABUF) enabled for HCA 0 'mlx5_0
dgx052:181:399 [0] NCCL INFO Channel 15/0 : 0[0] -> 8[0] [send] via NET/IBext_v8/0/GDRDMA
dgx052:181:399 [0] NCCL INFO GPU Direct RDMA Enabled for GPU 1b000 / HCA 0 (distance 4 <= 4), read 1
dgx052:183:390 [2] NCCL INFO New proxy send connection 53 from local rank 2, transport 2
dgx052:183:398 [2] NCCL INFO Connected to proxy localRank 2 -> connection 0x7fd594006818
dgx052:181:394 [0] NCCL INFO New proxy send connection 44 from local rank 0, transport 2
dgx052:181:399 [0] NCCL INFO Connected to proxy localRank 0 -> connection 0x7faca00063e0
dgx052:183:390 [2] NCCL INFO NET/IB : GPU Direct RDMA (DMABUF) enabled for HCA 3 'mlx5_4
dgx052:183:398 [2] NCCL INFO Channel 25/0 : 2[2] -> 10[2] [send] via NET/IBext_v8/3/GDRDMA
dgx052:183:398 [2] NCCL INFO GPU Direct RDMA Enabled for GPU 52000 / HCA 3 (distance 4 <= 4), read 1
dgx052:181:394 [0] NCCL INFO NET/IB : GPU Direct RDMA (DMABUF) enabled for HCA 0 'mlx5_0
dgx052:181:399 [0] NCCL INFO Channel 16/0 : 0[0] -> 8[0] [send] via NET/IBext_v8/0/GDRDMA
dgx052:181:399 [0] NCCL INFO GPU Direct RDMA Enabled for GPU 1b000 / HCA 0 (distance 4 <= 4), read 1
dgx052:183:390 [2] NCCL INFO New proxy send connection 54 from local rank 2, transport 2
dgx052:183:398 [2] NCCL INFO Connected to proxy localRank 2 -> connection 0x7fd594006890
dgx052:181:394 [0] NCCL INFO New proxy send connection 45 from local rank 0, transport 2
dgx052:181:399 [0] NCCL INFO Connected to proxy localRank 0 -> connection 0x7faca0006458
dgx052:183:390 [2] NCCL INFO NET/IB : GPU Direct RDMA (DMABUF) enabled for HCA 3 'mlx5_4
dgx052:183:398 [2] NCCL INFO Channel 26/0 : 2[2] -> 10[2] [send] via NET/IBext_v8/3/GDRDMA
dgx052:183:398 [2] NCCL INFO GPU Direct RDMA Enabled for GPU 52000 / HCA 3 (distance 4 <= 4), read 1
dgx052:181:394 [0] NCCL INFO NET/IB : GPU Direct RDMA (DMABUF) enabled for HCA 0 'mlx5_0
dgx052:181:399 [0] NCCL INFO Channel 17/0 : 0[0] -> 8[0] [send] via NET/IBext_v8/0/GDRDMA
dgx052:183:390 [2] NCCL INFO New proxy send connection 55 from local rank 2, transport 2
dgx052:181:399 [0] NCCL INFO GPU Direct RDMA Enabled for GPU 1b000 / HCA 0 (distance 4 <= 4), read 1
dgx052:183:398 [2] NCCL INFO Connected to proxy localRank 2 -> connection 0x7fd594006908
dgx052:181:394 [0] NCCL INFO New proxy send connection 46 from local rank 0, transport 2
dgx052:181:399 [0] NCCL INFO Connected to proxy localRank 0 -> connection 0x7faca00064d0
dgx052:183:390 [2] NCCL INFO NET/IB : GPU Direct RDMA (DMABUF) enabled for HCA 3 'mlx5_4
dgx052:183:398 [2] NCCL INFO Channel 27/0 : 2[2] -> 10[2] [send] via NET/IBext_v8/3/GDRDMA
dgx052:181:394 [0] NCCL INFO NET/IB : GPU Direct RDMA (DMABUF) enabled for HCA 0 'mlx5_0
dgx052:181:399 [0] NCCL INFO Channel 18/0 : 0[0] -> 8[0] [send] via NET/IBext_v8/0/GDRDMA
dgx052:181:399 [0] NCCL INFO GPU Direct RDMA Enabled for GPU 1b000 / HCA 0 (distance 4 <= 4), read 1
dgx052:181:394 [0] NCCL INFO New proxy send connection 47 from local rank 0, transport 2
dgx052:181:399 [0] NCCL INFO Connected to proxy localRank 0 -> connection 0x7faca0006548
dgx052:181:394 [0] NCCL INFO NET/IB : GPU Direct RDMA (DMABUF) enabled for HCA 0 'mlx5_0
dgx052:181:399 [0] NCCL INFO Channel 19/0 : 0[0] -> 8[0] [send] via NET/IBext_v8/0/GDRDMA
dgx052:181:399 [0] NCCL INFO GPU Direct RDMA Enabled for GPU 1b000 / HCA 0 (distance 4 <= 4), read 1
dgx052:181:394 [0] NCCL INFO New proxy send connection 48 from local rank 0, transport 2
dgx052:181:399 [0] NCCL INFO Connected to proxy localRank 0 -> connection 0x7faca00065c0
dgx052:181:394 [0] NCCL INFO NET/IB : GPU Direct RDMA (DMABUF) enabled for HCA 0 'mlx5_0
dgx052:181:399 [0] NCCL INFO Channel 20/0 : 0[0] -> 8[0] [send] via NET/IBext_v8/0/GDRDMA
dgx052:181:399 [0] NCCL INFO GPU Direct RDMA Enabled for GPU 1b000 / HCA 0 (distance 4 <= 4), read 1
dgx052:181:394 [0] NCCL INFO New proxy send connection 49 from local rank 0, transport 2
dgx052:181:399 [0] NCCL INFO Connected to proxy localRank 0 -> connection 0x7faca0006638
dgx052:181:394 [0] NCCL INFO NET/IB : GPU Direct RDMA (DMABUF) enabled for HCA 0 'mlx5_0
dgx052:181:399 [0] NCCL INFO Channel 21/0 : 0[0] -> 8[0] [send] via NET/IBext_v8/0/GDRDMA
dgx052:181:399 [0] NCCL INFO GPU Direct RDMA Enabled for GPU 1b000 / HCA 0 (distance 4 <= 4), read 1
dgx052:181:394 [0] NCCL INFO New proxy send connection 50 from local rank 0, transport 2
dgx052:181:399 [0] NCCL INFO Connected to proxy localRank 0 -> connection 0x7faca00066b0
dgx052:181:394 [0] NCCL INFO NET/IB : GPU Direct RDMA (DMABUF) enabled for HCA 0 'mlx5_0
dgx052:181:399 [0] NCCL INFO Channel 22/0 : 0[0] -> 8[0] [send] via NET/IBext_v8/0/GDRDMA
dgx052:181:399 [0] NCCL INFO GPU Direct RDMA Enabled for GPU 1b000 / HCA 0 (distance 4 <= 4), read 1
dgx052:181:394 [0] NCCL INFO New proxy send connection 51 from local rank 0, transport 2
dgx052:183:390 [2] NCCL INFO NCCL_IB_QPS_PER_CONNECTION set by environment to 8.
dgx052:181:399 [0] NCCL INFO Connected to proxy localRank 0 -> connection 0x7faca0006728
dgx052:181:394 [0] NCCL INFO NET/IB : GPU Direct RDMA (DMABUF) enabled for HCA 0 'mlx5_0
dgx052:181:399 [0] NCCL INFO Channel 23/0 : 0[0] -> 8[0] [send] via NET/IBext_v8/0/GDRDMA
dgx052:181:399 [0] NCCL INFO GPU Direct RDMA Enabled for GPU 1b000 / HCA 0 (distance 4 <= 4), read 1
dgx052:181:394 [0] NCCL INFO New proxy send connection 52 from local rank 0, transport 2
dgx052:181:399 [0] NCCL INFO Connected to proxy localRank 0 -> connection 0x7faca00067a0
dgx052:181:394 [0] NCCL INFO NET/IB : GPU Direct RDMA (DMABUF) enabled for HCA 0 'mlx5_0
dgx052:181:399 [0] NCCL INFO Channel 24/0 : 0[0] -> 8[0] [send] via NET/IBext_v8/0/GDRDMA
dgx052:181:399 [0] NCCL INFO GPU Direct RDMA Enabled for GPU 1b000 / HCA 0 (distance 4 <= 4), read 1
dgx052:181:394 [0] NCCL INFO New proxy send connection 53 from local rank 0, transport 2
dgx052:181:399 [0] NCCL INFO Connected to proxy localRank 0 -> connection 0x7faca0006818
dgx052:181:394 [0] NCCL INFO NET/IB : GPU Direct RDMA (DMABUF) enabled for HCA 0 'mlx5_0
dgx052:181:399 [0] NCCL INFO Channel 25/0 : 0[0] -> 8[0] [send] via NET/IBext_v8/0/GDRDMA
dgx052:181:399 [0] NCCL INFO GPU Direct RDMA Enabled for GPU 1b000 / HCA 0 (distance 4 <= 4), read 1
dgx052:181:394 [0] NCCL INFO New proxy send connection 54 from local rank 0, transport 2
dgx052:181:399 [0] NCCL INFO Connected to proxy localRank 0 -> connection 0x7faca0006890
dgx052:181:394 [0] NCCL INFO NET/IB : GPU Direct RDMA (DMABUF) enabled for HCA 0 'mlx5_0
dgx052:181:399 [0] NCCL INFO Channel 26/0 : 0[0] -> 8[0] [send] via NET/IBext_v8/0/GDRDMA
dgx052:181:399 [0] NCCL INFO GPU Direct RDMA Enabled for GPU 1b000 / HCA 0 (distance 4 <= 4), read 1
dgx052:181:394 [0] NCCL INFO New proxy send connection 55 from local rank 0, transport 2
dgx052:181:399 [0] NCCL INFO Connected to proxy localRank 0 -> connection 0x7faca0006908
dgx052:181:394 [0] NCCL INFO NET/IB : GPU Direct RDMA (DMABUF) enabled for HCA 0 'mlx5_0
dgx052:181:399 [0] NCCL INFO Channel 27/0 : 0[0] -> 8[0] [send] via NET/IBext_v8/0/GDRDMA
dgx052:185:384 [4] NCCL INFO NET/IB: NCCL Dev 5 IbDev 5 Port 1 qpn 633 mtu 5 LID 415 subnet-prefix 33022  FLID 0 fifoRkey=0x169a58 fifoLkey=0x169a58
dgx052:185:384 [4] NCCL INFO NET/IB: NCCL Dev 5 IbDev 5 Port 1 qpn 634 mtu 5 LID 415 subnet-prefix 33022  FLID 0 fifoRkey=0x169a58 fifoLkey=0x169a58
dgx052:185:384 [4] NCCL INFO NET/IB: NCCL Dev 5 IbDev 5 Port 1 qpn 635 mtu 5 LID 415 subnet-prefix 33022  FLID 0 fifoRkey=0x169a58 fifoLkey=0x169a58
dgx052:185:384 [4] NCCL INFO NET/IB: NCCL Dev 5 IbDev 5 Port 1 qpn 636 mtu 5 LID 415 subnet-prefix 33022  FLID 0 fifoRkey=0x169a58 fifoLkey=0x169a58
dgx052:185:384 [4] NCCL INFO NET/IB: NCCL Dev 5 IbDev 5 Port 1 qpn 637 mtu 5 LID 415 subnet-prefix 33022  FLID 0 fifoRkey=0x169a58 fifoLkey=0x169a58
dgx052:185:384 [4] NCCL INFO NET/IB: NCCL Dev 5 IbDev 5 Port 1 qpn 638 mtu 5 LID 415 subnet-prefix 33022  FLID 0 fifoRkey=0x169a58 fifoLkey=0x169a58
dgx052:185:384 [4] NCCL INFO NET/IB: NCCL Dev 5 IbDev 5 Port 1 qpn 639 mtu 5 LID 415 subnet-prefix 33022  FLID 0 fifoRkey=0x169a58 fifoLkey=0x169a58
dgx052:185:384 [4] NCCL INFO NET/IB: NCCL Dev 5 IbDev 5 Port 1 qpn 640 mtu 5 LID 415 subnet-prefix 33022  FLID 0 fifoRkey=0x169a58 fifoLkey=0x169a58
dgx052:181:394 [0] NCCL INFO NCCL_IB_QPS_PER_CONNECTION set by environment to 8.
dgx052:188:396 [7] NCCL INFO NET/IB: NCCL Dev 9 IbDev 9 Port 1 qpn 633 mtu 5 LID 419 subnet-prefix 33022  FLID 0 fifoRkey=0x1730ee fifoLkey=0x1730ee
dgx052:188:396 [7] NCCL INFO NET/IB: NCCL Dev 9 IbDev 9 Port 1 qpn 634 mtu 5 LID 419 subnet-prefix 33022  FLID 0 fifoRkey=0x1730ee fifoLkey=0x1730ee
dgx052:188:396 [7] NCCL INFO NET/IB: NCCL Dev 9 IbDev 9 Port 1 qpn 635 mtu 5 LID 419 subnet-prefix 33022  FLID 0 fifoRkey=0x1730ee fifoLkey=0x1730ee
dgx052:188:396 [7] NCCL INFO NET/IB: NCCL Dev 9 IbDev 9 Port 1 qpn 636 mtu 5 LID 419 subnet-prefix 33022  FLID 0 fifoRkey=0x1730ee fifoLkey=0x1730ee
dgx052:188:396 [7] NCCL INFO NET/IB: NCCL Dev 9 IbDev 9 Port 1 qpn 637 mtu 5 LID 419 subnet-prefix 33022  FLID 0 fifoRkey=0x1730ee fifoLkey=0x1730ee
dgx052:188:396 [7] NCCL INFO NET/IB: NCCL Dev 9 IbDev 9 Port 1 qpn 638 mtu 5 LID 419 subnet-prefix 33022  FLID 0 fifoRkey=0x1730ee fifoLkey=0x1730ee
dgx052:188:396 [7] NCCL INFO NET/IB: NCCL Dev 9 IbDev 9 Port 1 qpn 639 mtu 5 LID 419 subnet-prefix 33022  FLID 0 fifoRkey=0x1730ee fifoLkey=0x1730ee
dgx052:188:396 [7] NCCL INFO NET/IB: NCCL Dev 9 IbDev 9 Port 1 qpn 640 mtu 5 LID 419 subnet-prefix 33022  FLID 0 fifoRkey=0x1730ee fifoLkey=0x1730ee
dgx052:185:384 [4] NCCL INFO NCCL_IB_SL set by environment to 0.
dgx052:185:384 [4] NCCL INFO NCCL_IB_TIMEOUT set by environment to 22.
dgx052:185:384 [4] NCCL INFO NCCL_IB_RETRY_CNT set by environment to 7.
dgx052:187:386 [6] NCCL INFO NET/IB: NCCL Dev 8 IbDev 8 Port 1 qpn 633 mtu 5 LID 416 subnet-prefix 33022  FLID 0 fifoRkey=0x17e19f fifoLkey=0x17e19f
dgx052:187:386 [6] NCCL INFO NET/IB: NCCL Dev 8 IbDev 8 Port 1 qpn 634 mtu 5 LID 416 subnet-prefix 33022  FLID 0 fifoRkey=0x17e19f fifoLkey=0x17e19f
dgx052:187:386 [6] NCCL INFO NET/IB: NCCL Dev 8 IbDev 8 Port 1 qpn 635 mtu 5 LID 416 subnet-prefix 33022  FLID 0 fifoRkey=0x17e19f fifoLkey=0x17e19f
dgx052:187:386 [6] NCCL INFO NET/IB: NCCL Dev 8 IbDev 8 Port 1 qpn 636 mtu 5 LID 416 subnet-prefix 33022  FLID 0 fifoRkey=0x17e19f fifoLkey=0x17e19f
dgx052:187:386 [6] NCCL INFO NET/IB: NCCL Dev 8 IbDev 8 Port 1 qpn 637 mtu 5 LID 416 subnet-prefix 33022  FLID 0 fifoRkey=0x17e19f fifoLkey=0x17e19f
dgx052:187:386 [6] NCCL INFO NET/IB: NCCL Dev 8 IbDev 8 Port 1 qpn 638 mtu 5 LID 416 subnet-prefix 33022  FLID 0 fifoRkey=0x17e19f fifoLkey=0x17e19f
dgx052:187:386 [6] NCCL INFO NET/IB: NCCL Dev 8 IbDev 8 Port 1 qpn 639 mtu 5 LID 416 subnet-prefix 33022  FLID 0 fifoRkey=0x17e19f fifoLkey=0x17e19f
dgx052:187:386 [6] NCCL INFO NET/IB: NCCL Dev 8 IbDev 8 Port 1 qpn 640 mtu 5 LID 416 subnet-prefix 33022  FLID 0 fifoRkey=0x17e19f fifoLkey=0x17e19f
dgx052:184:392 [3] NCCL INFO NET/IB: NCCL Dev 4 IbDev 4 Port 1 qpn 633 mtu 5 LID 417 subnet-prefix 33022  FLID 0 fifoRkey=0x17fab8 fifoLkey=0x17fab8
dgx052:184:392 [3] NCCL INFO NET/IB: NCCL Dev 4 IbDev 4 Port 1 qpn 634 mtu 5 LID 417 subnet-prefix 33022  FLID 0 fifoRkey=0x17fab8 fifoLkey=0x17fab8
dgx052:184:392 [3] NCCL INFO NET/IB: NCCL Dev 4 IbDev 4 Port 1 qpn 635 mtu 5 LID 417 subnet-prefix 33022  FLID 0 fifoRkey=0x17fab8 fifoLkey=0x17fab8
dgx052:184:392 [3] NCCL INFO NET/IB: NCCL Dev 4 IbDev 4 Port 1 qpn 636 mtu 5 LID 417 subnet-prefix 33022  FLID 0 fifoRkey=0x17fab8 fifoLkey=0x17fab8
dgx052:184:392 [3] NCCL INFO NET/IB: NCCL Dev 4 IbDev 4 Port 1 qpn 637 mtu 5 LID 417 subnet-prefix 33022  FLID 0 fifoRkey=0x17fab8 fifoLkey=0x17fab8
dgx052:184:392 [3] NCCL INFO NET/IB: NCCL Dev 4 IbDev 4 Port 1 qpn 638 mtu 5 LID 417 subnet-prefix 33022  FLID 0 fifoRkey=0x17fab8 fifoLkey=0x17fab8
dgx052:184:392 [3] NCCL INFO NET/IB: NCCL Dev 4 IbDev 4 Port 1 qpn 639 mtu 5 LID 417 subnet-prefix 33022  FLID 0 fifoRkey=0x17fab8 fifoLkey=0x17fab8
dgx052:184:392 [3] NCCL INFO NET/IB: NCCL Dev 4 IbDev 4 Port 1 qpn 640 mtu 5 LID 417 subnet-prefix 33022  FLID 0 fifoRkey=0x17fab8 fifoLkey=0x17fab8
dgx052:187:386 [6] NCCL INFO NCCL_IB_SL set by environment to 0.
dgx052:187:386 [6] NCCL INFO NCCL_IB_TIMEOUT set by environment to 22.
dgx052:187:386 [6] NCCL INFO NCCL_IB_RETRY_CNT set by environment to 7.
dgx052:181:394 [0] NCCL INFO NET/IB: NCCL Dev 0 IbDev 0 Port 1 qpn 633 mtu 5 LID 412 subnet-prefix 33022  FLID 0 fifoRkey=0x180bc9 fifoLkey=0x180bc9
dgx052:181:394 [0] NCCL INFO NET/IB: NCCL Dev 0 IbDev 0 Port 1 qpn 634 mtu 5 LID 412 subnet-prefix 33022  FLID 0 fifoRkey=0x180bc9 fifoLkey=0x180bc9
dgx052:181:394 [0] NCCL INFO NET/IB: NCCL Dev 0 IbDev 0 Port 1 qpn 635 mtu 5 LID 412 subnet-prefix 33022  FLID 0 fifoRkey=0x180bc9 fifoLkey=0x180bc9
dgx052:181:394 [0] NCCL INFO NET/IB: NCCL Dev 0 IbDev 0 Port 1 qpn 636 mtu 5 LID 412 subnet-prefix 33022  FLID 0 fifoRkey=0x180bc9 fifoLkey=0x180bc9
dgx052:181:394 [0] NCCL INFO NET/IB: NCCL Dev 0 IbDev 0 Port 1 qpn 637 mtu 5 LID 412 subnet-prefix 33022  FLID 0 fifoRkey=0x180bc9 fifoLkey=0x180bc9
dgx052:181:394 [0] NCCL INFO NET/IB: NCCL Dev 0 IbDev 0 Port 1 qpn 638 mtu 5 LID 412 subnet-prefix 33022  FLID 0 fifoRkey=0x180bc9 fifoLkey=0x180bc9
dgx052:181:394 [0] NCCL INFO NET/IB: NCCL Dev 0 IbDev 0 Port 1 qpn 639 mtu 5 LID 412 subnet-prefix 33022  FLID 0 fifoRkey=0x180bc9 fifoLkey=0x180bc9
dgx052:181:394 [0] NCCL INFO NET/IB: NCCL Dev 0 IbDev 0 Port 1 qpn 640 mtu 5 LID 412 subnet-prefix 33022  FLID 0 fifoRkey=0x180bc9 fifoLkey=0x180bc9
dgx052:182:382 [1] NCCL INFO NET/IB: NCCL Dev 2 IbDev 2 Port 1 qpn 633 mtu 5 LID 414 subnet-prefix 33022  FLID 0 fifoRkey=0x17d18f fifoLkey=0x17d18f
dgx052:182:382 [1] NCCL INFO NET/IB: NCCL Dev 2 IbDev 2 Port 1 qpn 634 mtu 5 LID 414 subnet-prefix 33022  FLID 0 fifoRkey=0x17d18f fifoLkey=0x17d18f
dgx052:182:382 [1] NCCL INFO NET/IB: NCCL Dev 2 IbDev 2 Port 1 qpn 635 mtu 5 LID 414 subnet-prefix 33022  FLID 0 fifoRkey=0x17d18f fifoLkey=0x17d18f
dgx052:182:382 [1] NCCL INFO NET/IB: NCCL Dev 2 IbDev 2 Port 1 qpn 636 mtu 5 LID 414 subnet-prefix 33022  FLID 0 fifoRkey=0x17d18f fifoLkey=0x17d18f
dgx052:182:382 [1] NCCL INFO NET/IB: NCCL Dev 2 IbDev 2 Port 1 qpn 637 mtu 5 LID 414 subnet-prefix 33022  FLID 0 fifoRkey=0x17d18f fifoLkey=0x17d18f
dgx052:182:382 [1] NCCL INFO NET/IB: NCCL Dev 2 IbDev 2 Port 1 qpn 638 mtu 5 LID 414 subnet-prefix 33022  FLID 0 fifoRkey=0x17d18f fifoLkey=0x17d18f
dgx052:182:382 [1] NCCL INFO NET/IB: NCCL Dev 2 IbDev 2 Port 1 qpn 639 mtu 5 LID 414 subnet-prefix 33022  FLID 0 fifoRkey=0x17d18f fifoLkey=0x17d18f
dgx052:182:382 [1] NCCL INFO NET/IB: NCCL Dev 2 IbDev 2 Port 1 qpn 640 mtu 5 LID 414 subnet-prefix 33022  FLID 0 fifoRkey=0x17d18f fifoLkey=0x17d18f
dgx052:183:390 [2] NCCL INFO NET/IB: NCCL Dev 3 IbDev 3 Port 1 qpn 633 mtu 5 LID 413 subnet-prefix 33022  FLID 0 fifoRkey=0x17c785 fifoLkey=0x17c785
dgx052:183:390 [2] NCCL INFO NET/IB: NCCL Dev 3 IbDev 3 Port 1 qpn 634 mtu 5 LID 413 subnet-prefix 33022  FLID 0 fifoRkey=0x17c785 fifoLkey=0x17c785
dgx052:183:390 [2] NCCL INFO NET/IB: NCCL Dev 3 IbDev 3 Port 1 qpn 635 mtu 5 LID 413 subnet-prefix 33022  FLID 0 fifoRkey=0x17c785 fifoLkey=0x17c785
dgx052:183:390 [2] NCCL INFO NET/IB: NCCL Dev 3 IbDev 3 Port 1 qpn 636 mtu 5 LID 413 subnet-prefix 33022  FLID 0 fifoRkey=0x17c785 fifoLkey=0x17c785
dgx052:183:390 [2] NCCL INFO NET/IB: NCCL Dev 3 IbDev 3 Port 1 qpn 637 mtu 5 LID 413 subnet-prefix 33022  FLID 0 fifoRkey=0x17c785 fifoLkey=0x17c785
dgx052:183:390 [2] NCCL INFO NET/IB: NCCL Dev 3 IbDev 3 Port 1 qpn 638 mtu 5 LID 413 subnet-prefix 33022  FLID 0 fifoRkey=0x17c785 fifoLkey=0x17c785
dgx052:183:390 [2] NCCL INFO NET/IB: NCCL Dev 3 IbDev 3 Port 1 qpn 639 mtu 5 LID 413 subnet-prefix 33022  FLID 0 fifoRkey=0x17c785 fifoLkey=0x17c785
dgx052:183:390 [2] NCCL INFO NET/IB: NCCL Dev 3 IbDev 3 Port 1 qpn 640 mtu 5 LID 413 subnet-prefix 33022  FLID 0 fifoRkey=0x17c785 fifoLkey=0x17c785
dgx052:188:396 [7] NCCL INFO NET/IB: NCCL Dev 9 IbDev 9 Port 1 qpn 641 mtu 5 LID 419 subnet-prefix 33022  FLID 0 fifoRkey=0x1718d6 fifoLkey=0x1718d6
dgx052:188:396 [7] NCCL INFO NET/IB: NCCL Dev 9 IbDev 9 Port 1 qpn 642 mtu 5 LID 419 subnet-prefix 33022  FLID 0 fifoRkey=0x1718d6 fifoLkey=0x1718d6
dgx052:188:396 [7] NCCL INFO NET/IB: NCCL Dev 9 IbDev 9 Port 1 qpn 643 mtu 5 LID 419 subnet-prefix 33022  FLID 0 fifoRkey=0x1718d6 fifoLkey=0x1718d6
dgx052:188:396 [7] NCCL INFO NET/IB: NCCL Dev 9 IbDev 9 Port 1 qpn 644 mtu 5 LID 419 subnet-prefix 33022  FLID 0 fifoRkey=0x1718d6 fifoLkey=0x1718d6
dgx052:188:396 [7] NCCL INFO NET/IB: NCCL Dev 9 IbDev 9 Port 1 qpn 645 mtu 5 LID 419 subnet-prefix 33022  FLID 0 fifoRkey=0x1718d6 fifoLkey=0x1718d6
dgx052:182:382 [1] NCCL INFO NCCL_IB_SL set by environment to 0.
dgx052:188:396 [7] NCCL INFO NET/IB: NCCL Dev 9 IbDev 9 Port 1 qpn 646 mtu 5 LID 419 subnet-prefix 33022  FLID 0 fifoRkey=0x1718d6 fifoLkey=0x1718d6
dgx052:188:396 [7] NCCL INFO NET/IB: NCCL Dev 9 IbDev 9 Port 1 qpn 647 mtu 5 LID 419 subnet-prefix 33022  FLID 0 fifoRkey=0x1718d6 fifoLkey=0x1718d6
dgx052:188:396 [7] NCCL INFO NET/IB: NCCL Dev 9 IbDev 9 Port 1 qpn 648 mtu 5 LID 419 subnet-prefix 33022  FLID 0 fifoRkey=0x1718d6 fifoLkey=0x1718d6
dgx052:182:382 [1] NCCL INFO NCCL_IB_TIMEOUT set by environment to 22.
dgx052:182:382 [1] NCCL INFO NCCL_IB_RETRY_CNT set by environment to 7.
dgx052:188:396 [7] NCCL INFO NCCL_IB_SL set by environment to 0.
dgx052:183:390 [2] NCCL INFO NCCL_IB_SL set by environment to 0.
dgx052:188:396 [7] NCCL INFO NCCL_IB_TIMEOUT set by environment to 22.
dgx052:188:396 [7] NCCL INFO NCCL_IB_RETRY_CNT set by environment to 7.
