dgx052:181:285 [0] NCCL INFO Trees [0] 1/8/-1->0->-1 [1] -1/-1/-1->0->7 [2] 1/-1/-1->0->7 [3] 1/-1/-1->0->7 [4] 1/-1/-1->0->7 [5] 1/-1/-1->0->7 [6] 1/-1/-1->0->7 [7] 1/-1/-1->0->8 [8] -1/-1/-1->0->7 [9] 1/-1/-1->0->7 [10] 1/-1/-1->0->7 [11] 1/-1/-1->0->7 [12] 1/-1/-1->0->7 [13] 1/-1/-1->0->7 [14] 1/8/-1->0->-1 [15] -1/-1/-1->0->7 [16] 1/-1/-1->0->7 [17] 1/-1/-1->0->7 [18] 1/-1/-1->0->7 [19] 1/-1/-1->0->7 [20] 1/-1/-1->0->7 [21] 1/-1/-1->0->8 [22] -1/-1/-1->0->7 [23] 1/-1/-1->0->7 [24] 1/-1/-1->0->7 [25] 1/-1/-1->0->7 [26] 1/-1/-1->0->7 [27] 1/-1/-1->0->7
dgx052:181:285 [0] NCCL INFO NCCL_BUFFSIZE set by environment to 16777216.
dgx052:181:285 [0] NCCL INFO NCCL_P2P_NET_CHUNKSIZE set by environment to 524288.
dgx052:181:285 [0] NCCL INFO P2P Chunksize set to 524288
dgx052:182:287 [1] NCCL INFO NCCL_NTHREADS set by environment to 512.
dgx052:182:287 [1] NCCL INFO threadThresholds 8/8/64 | 128/8/64 | 512 | 512
dgx052:182:287 [1] NCCL INFO 28 coll channels, 28 collnet channels, 16 nvls channels, 32 p2p channels, 2 p2p channels per peer
dgx052:183:289 [2] NCCL INFO NCCL_NTHREADS set by environment to 512.
dgx052:183:289 [2] NCCL INFO threadThresholds 8/8/64 | 128/8/64 | 512 | 512
dgx052:183:289 [2] NCCL INFO 28 coll channels, 28 collnet channels, 16 nvls channels, 32 p2p channels, 2 p2p channels per peer
dgx052:185:293 [4] NCCL INFO NCCL_NTHREADS set by environment to 512.
dgx052:185:293 [4] NCCL INFO threadThresholds 8/8/64 | 128/8/64 | 512 | 512
dgx052:185:293 [4] NCCL INFO 28 coll channels, 28 collnet channels, 16 nvls channels, 32 p2p channels, 2 p2p channels per peer
dgx052:186:290 [5] NCCL INFO NCCL_NTHREADS set by environment to 512.
dgx052:186:290 [5] NCCL INFO threadThresholds 8/8/64 | 128/8/64 | 512 | 512
dgx052:186:290 [5] NCCL INFO 28 coll channels, 28 collnet channels, 16 nvls channels, 32 p2p channels, 2 p2p channels per peer
dgx052:181:285 [0] NCCL INFO NCCL_NTHREADS set by environment to 512.
dgx052:188:291 [7] NCCL INFO NCCL_NTHREADS set by environment to 512.
dgx052:188:291 [7] NCCL INFO threadThresholds 8/8/64 | 128/8/64 | 512 | 512
dgx052:188:291 [7] NCCL INFO 28 coll channels, 28 collnet channels, 16 nvls channels, 32 p2p channels, 2 p2p channels per peer
dgx052:181:285 [0] NCCL INFO threadThresholds 8/8/64 | 128/8/64 | 512 | 512
dgx052:181:285 [0] NCCL INFO 28 coll channels, 28 collnet channels, 16 nvls channels, 32 p2p channels, 2 p2p channels per peer
dgx052:181:285 [0] NCCL INFO CC Off, Multi-GPU CC Off, workFifoBytes 1048576
dgx052:187:292 [6] NCCL INFO NCCL_NTHREADS set by environment to 512.
dgx052:187:292 [6] NCCL INFO threadThresholds 8/8/64 | 128/8/64 | 512 | 512
dgx052:187:292 [6] NCCL INFO 28 coll channels, 28 collnet channels, 16 nvls channels, 32 p2p channels, 2 p2p channels per peer
dgx052:184:288 [3] NCCL INFO NCCL_NTHREADS set by environment to 512.
dgx052:184:288 [3] NCCL INFO threadThresholds 8/8/64 | 128/8/64 | 512 | 512
dgx052:184:288 [3] NCCL INFO 28 coll channels, 28 collnet channels, 16 nvls channels, 32 p2p channels, 2 p2p channels per peer
dgx052:185:293 [4] NCCL INFO TUNER/Plugin: Failed to find ncclTunerPlugin_v3 symbol.
dgx052:185:293 [4] NCCL INFO TUNER/Plugin: Failed to find ncclTunerPlugin_v2 symbol, using internal tuner instead.
dgx052:185:293 [4] NCCL INFO ncclCommInitRank comm 0x55724cb3bca0 rank 4 nranks 16 cudaDev 4 nvmlDev 4 busId 9d000 commId 0x51b2adb59b4ac06f - Init COMPLETE
dgx052:185:293 [4] NCCL INFO Init timings: rank 4 nranks 16 total 2.18 (kernels 0.82, bootstrap 0.68, allgathers 0.09, topo 0.07, graphs 0.18, connections 0.32, rest 0.01)
dgx052:187:292 [6] NCCL INFO TUNER/Plugin: Failed to find ncclTunerPlugin_v3 symbol.
dgx052:187:292 [6] NCCL INFO TUNER/Plugin: Failed to find ncclTunerPlugin_v2 symbol, using internal tuner instead.
dgx052:187:292 [6] NCCL INFO ncclCommInitRank comm 0x55bc33c7eb30 rank 6 nranks 16 cudaDev 6 nvmlDev 6 busId d1000 commId 0x51b2adb59b4ac06f - Init COMPLETE
dgx052:187:292 [6] NCCL INFO Init timings: rank 6 nranks 16 total 2.19 (kernels 0.79, bootstrap 0.72, allgathers 0.15, topo 0.07, graphs 0.11, connections 0.32, rest 0.02)
dgx052:188:291 [7] NCCL INFO TUNER/Plugin: Failed to find ncclTunerPlugin_v3 symbol.
dgx052:188:291 [7] NCCL INFO TUNER/Plugin: Failed to find ncclTunerPlugin_v2 symbol, using internal tuner instead.
dgx052:188:291 [7] NCCL INFO ncclCommInitRank comm 0x55ba6d6e8b40 rank 7 nranks 16 cudaDev 7 nvmlDev 7 busId df000 commId 0x51b2adb59b4ac06f - Init COMPLETE
dgx052:188:291 [7] NCCL INFO Init timings: rank 7 nranks 16 total 2.22 (kernels 0.19, bootstrap 1.35, allgathers 0.16, topo 0.07, graphs 0.11, connections 0.31, rest 0.03)
dgx052:183:289 [2] NCCL INFO TUNER/Plugin: Failed to find ncclTunerPlugin_v3 symbol.
dgx052:181:285 [0] NCCL INFO TUNER/Plugin: Failed to find ncclTunerPlugin_v3 symbol.
dgx052:183:289 [2] NCCL INFO TUNER/Plugin: Failed to find ncclTunerPlugin_v2 symbol, using internal tuner instead.
dgx052:181:285 [0] NCCL INFO TUNER/Plugin: Failed to find ncclTunerPlugin_v2 symbol, using internal tuner instead.
dgx052:183:289 [2] NCCL INFO ncclCommInitRank comm 0x560e76877460 rank 2 nranks 16 cudaDev 2 nvmlDev 2 busId 52000 commId 0x51b2adb59b4ac06f - Init COMPLETE
dgx052:181:285 [0] NCCL INFO ncclCommInitRank comm 0x55ebbe546be0 rank 0 nranks 16 cudaDev 0 nvmlDev 0 busId 1b000 commId 0x51b2adb59b4ac06f - Init COMPLETE
dgx052:183:289 [2] NCCL INFO Init timings: rank 2 nranks 16 total 2.26 (kernels 0.49, bootstrap 1.09, allgathers 0.05, topo 0.07, graphs 0.21, connections 0.31, rest 0.02)
dgx052:181:285 [0] NCCL INFO Init timings: rank 0 nranks 16 total 2.40 (kernels 0.32, bootstrap 1.40, allgathers 0.06, topo 0.07, graphs 0.21, connections 0.31, rest 0.03)
dgx052:182:287 [1] NCCL INFO TUNER/Plugin: Failed to find ncclTunerPlugin_v3 symbol.
dgx052:184:288 [3] NCCL INFO TUNER/Plugin: Failed to find ncclTunerPlugin_v3 symbol.
dgx052:184:288 [3] NCCL INFO TUNER/Plugin: Failed to find ncclTunerPlugin_v2 symbol, using internal tuner instead.
dgx052:182:287 [1] NCCL INFO TUNER/Plugin: Failed to find ncclTunerPlugin_v2 symbol, using internal tuner instead.
dgx052:184:288 [3] NCCL INFO ncclCommInitRank comm 0x556c9f15c7c0 rank 3 nranks 16 cudaDev 3 nvmlDev 3 busId 61000 commId 0x51b2adb59b4ac06f - Init COMPLETE
dgx052:182:287 [1] NCCL INFO ncclCommInitRank comm 0x56183d6abbe0 rank 1 nranks 16 cudaDev 1 nvmlDev 1 busId 43000 commId 0x51b2adb59b4ac06f - Init COMPLETE
dgx052:182:287 [1] NCCL INFO Init timings: rank 1 nranks 16 total 2.32 (kernels 0.21, bootstrap 1.43, allgathers 0.01, topo 0.07, graphs 0.27, connections 0.32, rest 0.01)
dgx052:184:288 [3] NCCL INFO Init timings: rank 3 nranks 16 total 2.27 (kernels 0.40, bootstrap 1.20, allgathers 0.00, topo 0.07, graphs 0.26, connections 0.31, rest 0.02)
dgx052:186:290 [5] NCCL INFO TUNER/Plugin: Failed to find ncclTunerPlugin_v3 symbol.
dgx052:186:290 [5] NCCL INFO TUNER/Plugin: Failed to find ncclTunerPlugin_v2 symbol, using internal tuner instead.
dgx052:186:290 [5] NCCL INFO ncclCommInitRank comm 0x5647ce632e60 rank 5 nranks 16 cudaDev 5 nvmlDev 5 busId c3000 commId 0x51b2adb59b4ac06f - Init COMPLETE
dgx052:186:290 [5] NCCL INFO Init timings: rank 5 nranks 16 total 2.24 (kernels 0.58, bootstrap 0.98, allgathers 0.05, topo 0.07, graphs 0.21, connections 0.32, rest 0.02)
dgx052:186:400 [5] NCCL INFO NVLS comm 0x5647ce632e60 headRank -1 nHeads 7 buffSize 1048576 nvlsPerRankSize 33554432 nvlsTotalSize 234881024
dgx052:182:401 [1] NCCL INFO NVLS comm 0x56183d6abbe0 headRank 1 nHeads 7 buffSize 1048576 nvlsPerRankSize 33554432 nvlsTotalSize 234881024
dgx052:183:398 [2] NCCL INFO NVLS comm 0x560e76877460 headRank 2 nHeads 7 buffSize 1048576 nvlsPerRankSize 33554432 nvlsTotalSize 234881024
dgx052:181:399 [0] NCCL INFO NVLS comm 0x55ebbe546be0 headRank 0 nHeads 7 buffSize 1048576 nvlsPerRankSize 33554432 nvlsTotalSize 234881024
dgx052:185:404 [4] NCCL INFO NVLS comm 0x55724cb3bca0 headRank 4 nHeads 7 buffSize 1048576 nvlsPerRankSize 33554432 nvlsTotalSize 234881024
dgx052:187:402 [6] NCCL INFO NVLS comm 0x55bc33c7eb30 headRank 5 nHeads 7 buffSize 1048576 nvlsPerRankSize 33554432 nvlsTotalSize 234881024
dgx052:184:405 [3] NCCL INFO NVLS comm 0x556c9f15c7c0 headRank 3 nHeads 7 buffSize 1048576 nvlsPerRankSize 33554432 nvlsTotalSize 234881024
dgx052:188:403 [7] NCCL INFO NVLS comm 0x55ba6d6e8b40 headRank 6 nHeads 7 buffSize 1048576 nvlsPerRankSize 33554432 nvlsTotalSize 234881024
dgx052:188:403 [7] NCCL INFO GPU Direct RDMA Enabled for GPU df000 / HCA 9 (distance 4 <= 4), read 0
dgx052:184:405 [3] NCCL INFO GPU Direct RDMA Enabled for GPU 61000 / HCA 4 (distance 4 <= 4), read 0
dgx052:186:400 [5] NCCL INFO Connected NVLS tree
dgx052:182:401 [1] NCCL INFO GPU Direct RDMA Enabled for GPU 43000 / HCA 2 (distance 4 <= 4), read 0
dgx052:187:402 [6] NCCL INFO GPU Direct RDMA Enabled for GPU d1000 / HCA 8 (distance 4 <= 4), read 0
dgx052:185:404 [4] NCCL INFO GPU Direct RDMA Enabled for GPU 9d000 / HCA 5 (distance 4 <= 4), read 0
dgx052:183:398 [2] NCCL INFO GPU Direct RDMA Enabled for GPU 52000 / HCA 3 (distance 4 <= 4), read 0
dgx052:181:399 [0] NCCL INFO GPU Direct RDMA Enabled for GPU 1b000 / HCA 0 (distance 4 <= 4), read 0
dgx052:188:396 [7] NCCL INFO New proxy recv connection 0 from local rank 7, transport 2
dgx052:187:386 [6] NCCL INFO New proxy recv connection 0 from local rank 6, transport 2
dgx052:183:390 [2] NCCL INFO New proxy recv connection 0 from local rank 2, transport 2
dgx052:182:382 [1] NCCL INFO New proxy recv connection 0 from local rank 1, transport 2
dgx052:184:392 [3] NCCL INFO New proxy recv connection 0 from local rank 3, transport 2
dgx052:181:394 [0] NCCL INFO New proxy recv connection 0 from local rank 0, transport 2
dgx052:185:384 [4] NCCL INFO New proxy recv connection 0 from local rank 4, transport 2
dgx052:181:399 [0] NCCL INFO Connected to proxy localRank 0 -> connection 0x7faca0004f40
dgx052:183:398 [2] NCCL INFO Connected to proxy localRank 2 -> connection 0x7fd594004f40
dgx052:185:404 [4] NCCL INFO Connected to proxy localRank 4 -> connection 0x7f95dc004f40
dgx052:182:401 [1] NCCL INFO Connected to proxy localRank 1 -> connection 0x7fe038004f40
dgx052:184:405 [3] NCCL INFO Connected to proxy localRank 3 -> connection 0x7f73dc004f40
dgx052:181:394 [0] NCCL INFO NET/IB : GPU Direct RDMA (DMABUF) enabled for HCA 0 'mlx5_0
dgx052:183:390 [2] NCCL INFO NET/IB : GPU Direct RDMA (DMABUF) enabled for HCA 3 'mlx5_4
dgx052:188:403 [7] NCCL INFO Connected to proxy localRank 7 -> connection 0x7f8120004f40
dgx052:181:399 [0] NCCL INFO Channel 00/0 : 8[0] -> 0[0] [receive] via NET/IBext_v8/0/GDRDMA
dgx052:183:398 [2] NCCL INFO Channel 00/0 : 10[2] -> 2[2] [receive] via NET/IBext_v8/3/GDRDMA
dgx052:183:398 [2] NCCL INFO GPU Direct RDMA Enabled for GPU 52000 / HCA 3 (distance 4 <= 4), read 0
dgx052:181:399 [0] NCCL INFO GPU Direct RDMA Enabled for GPU 1b000 / HCA 0 (distance 4 <= 4), read 0
dgx052:188:396 [7] NCCL INFO NET/IB : GPU Direct RDMA (DMABUF) enabled for HCA 9 'mlx5_11
dgx052:188:403 [7] NCCL INFO Channel 00/0 : 15[7] -> 7[7] [receive] via NET/IBext_v8/9/GDRDMA
dgx052:188:403 [7] NCCL INFO GPU Direct RDMA Enabled for GPU df000 / HCA 9 (distance 4 <= 4), read 0
dgx052:185:384 [4] NCCL INFO NET/IB : GPU Direct RDMA (DMABUF) enabled for HCA 5 'mlx5_6
dgx052:182:382 [1] NCCL INFO NET/IB : GPU Direct RDMA (DMABUF) enabled for HCA 2 'mlx5_3
dgx052:184:392 [3] NCCL INFO NET/IB : GPU Direct RDMA (DMABUF) enabled for HCA 4 'mlx5_5
dgx052:188:396 [7] NCCL INFO New proxy recv connection 1 from local rank 7, transport 2
dgx052:188:403 [7] NCCL INFO Connected to proxy localRank 7 -> connection 0x7f8120004fb8
dgx052:185:404 [4] NCCL INFO Channel 00/0 : 12[4] -> 4[4] [receive] via NET/IBext_v8/5/GDRDMA
dgx052:185:404 [4] NCCL INFO GPU Direct RDMA Enabled for GPU 9d000 / HCA 5 (distance 4 <= 4), read 0
dgx052:182:401 [1] NCCL INFO Channel 00/0 : 9[1] -> 1[1] [receive] via NET/IBext_v8/2/GDRDMA
dgx052:184:405 [3] NCCL INFO Channel 00/0 : 11[3] -> 3[3] [receive] via NET/IBext_v8/4/GDRDMA
dgx052:182:401 [1] NCCL INFO GPU Direct RDMA Enabled for GPU 43000 / HCA 2 (distance 4 <= 4), read 0
dgx052:187:402 [6] NCCL INFO Connected to proxy localRank 6 -> connection 0x7f3a34004f40
dgx052:184:405 [3] NCCL INFO GPU Direct RDMA Enabled for GPU 61000 / HCA 4 (distance 4 <= 4), read 0
dgx052:181:394 [0] NCCL INFO New proxy recv connection 1 from local rank 0, transport 2
dgx052:183:390 [2] NCCL INFO New proxy recv connection 1 from local rank 2, transport 2
dgx052:188:396 [7] NCCL INFO NET/IB : GPU Direct RDMA (DMABUF) enabled for HCA 9 'mlx5_11
dgx052:188:403 [7] NCCL INFO Channel 01/0 : 15[7] -> 7[7] [receive] via NET/IBext_v8/9/GDRDMA
dgx052:188:403 [7] NCCL INFO GPU Direct RDMA Enabled for GPU df000 / HCA 9 (distance 4 <= 4), read 0
dgx052:181:399 [0] NCCL INFO Connected to proxy localRank 0 -> connection 0x7faca0004fb8
dgx052:183:398 [2] NCCL INFO Connected to proxy localRank 2 -> connection 0x7fd594004fb8
dgx052:188:396 [7] NCCL INFO New proxy recv connection 2 from local rank 7, transport 2
dgx052:188:403 [7] NCCL INFO Connected to proxy localRank 7 -> connection 0x7f8120005030
dgx052:181:394 [0] NCCL INFO NET/IB : GPU Direct RDMA (DMABUF) enabled for HCA 0 'mlx5_0
dgx052:183:390 [2] NCCL INFO NET/IB : GPU Direct RDMA (DMABUF) enabled for HCA 3 'mlx5_4
dgx052:188:396 [7] NCCL INFO NET/IB : GPU Direct RDMA (DMABUF) enabled for HCA 9 'mlx5_11
dgx052:187:386 [6] NCCL INFO NET/IB : GPU Direct RDMA (DMABUF) enabled for HCA 8 'mlx5_10
dgx052:185:384 [4] NCCL INFO New proxy recv connection 1 from local rank 4, transport 2
dgx052:184:392 [3] NCCL INFO New proxy recv connection 1 from local rank 3, transport 2
dgx052:188:403 [7] NCCL INFO Channel 02/0 : 15[7] -> 7[7] [receive] via NET/IBext_v8/9/GDRDMA
dgx052:182:382 [1] NCCL INFO New proxy recv connection 1 from local rank 1, transport 2
dgx052:188:403 [7] NCCL INFO GPU Direct RDMA Enabled for GPU df000 / HCA 9 (distance 4 <= 4), read 0
dgx052:185:404 [4] NCCL INFO Connected to proxy localRank 4 -> connection 0x7f95dc004fb8
dgx052:181:399 [0] NCCL INFO Channel 01/0 : 8[0] -> 0[0] [receive] via NET/IBext_v8/0/GDRDMA
dgx052:181:399 [0] NCCL INFO GPU Direct RDMA Enabled for GPU 1b000 / HCA 0 (distance 4 <= 4), read 0
dgx052:183:398 [2] NCCL INFO Channel 01/0 : 10[2] -> 2[2] [receive] via NET/IBext_v8/3/GDRDMA
dgx052:183:398 [2] NCCL INFO GPU Direct RDMA Enabled for GPU 52000 / HCA 3 (distance 4 <= 4), read 0
dgx052:184:405 [3] NCCL INFO Connected to proxy localRank 3 -> connection 0x7f73dc004fb8
dgx052:182:401 [1] NCCL INFO Connected to proxy localRank 1 -> connection 0x7fe038004fb8
dgx052:187:402 [6] NCCL INFO Channel 00/0 : 14[6] -> 6[6] [receive] via NET/IBext_v8/8/GDRDMA
dgx052:188:396 [7] NCCL INFO New proxy recv connection 3 from local rank 7, transport 2
dgx052:187:402 [6] NCCL INFO GPU Direct RDMA Enabled for GPU d1000 / HCA 8 (distance 4 <= 4), read 0
dgx052:188:403 [7] NCCL INFO Connected to proxy localRank 7 -> connection 0x7f81200050a8
dgx052:185:384 [4] NCCL INFO NET/IB : GPU Direct RDMA (DMABUF) enabled for HCA 5 'mlx5_6
dgx052:184:392 [3] NCCL INFO NET/IB : GPU Direct RDMA (DMABUF) enabled for HCA 4 'mlx5_5
dgx052:182:382 [1] NCCL INFO NET/IB : GPU Direct RDMA (DMABUF) enabled for HCA 2 'mlx5_3
dgx052:188:396 [7] NCCL INFO NET/IB : GPU Direct RDMA (DMABUF) enabled for HCA 9 'mlx5_11
dgx052:188:403 [7] NCCL INFO Channel 03/0 : 15[7] -> 7[7] [receive] via NET/IBext_v8/9/GDRDMA
dgx052:188:403 [7] NCCL INFO GPU Direct RDMA Enabled for GPU df000 / HCA 9 (distance 4 <= 4), read 0
dgx052:185:404 [4] NCCL INFO Channel 01/0 : 12[4] -> 4[4] [receive] via NET/IBext_v8/5/GDRDMA
dgx052:185:404 [4] NCCL INFO GPU Direct RDMA Enabled for GPU 9d000 / HCA 5 (distance 4 <= 4), read 0
dgx052:184:405 [3] NCCL INFO Channel 01/0 : 11[3] -> 3[3] [receive] via NET/IBext_v8/4/GDRDMA
dgx052:184:405 [3] NCCL INFO GPU Direct RDMA Enabled for GPU 61000 / HCA 4 (distance 4 <= 4), read 0
dgx052:182:401 [1] NCCL INFO Channel 01/0 : 9[1] -> 1[1] [receive] via NET/IBext_v8/2/GDRDMA
dgx052:182:401 [1] NCCL INFO GPU Direct RDMA Enabled for GPU 43000 / HCA 2 (distance 4 <= 4), read 0
dgx052:188:396 [7] NCCL INFO New proxy recv connection 4 from local rank 7, transport 2
dgx052:181:394 [0] NCCL INFO New proxy recv connection 2 from local rank 0, transport 2
dgx052:188:403 [7] NCCL INFO Connected to proxy localRank 7 -> connection 0x7f8120005120
dgx052:183:390 [2] NCCL INFO New proxy recv connection 2 from local rank 2, transport 2
dgx052:187:386 [6] NCCL INFO New proxy recv connection 1 from local rank 6, transport 2
dgx052:181:399 [0] NCCL INFO Connected to proxy localRank 0 -> connection 0x7faca0005030
dgx052:188:396 [7] NCCL INFO NET/IB : GPU Direct RDMA (DMABUF) enabled for HCA 9 'mlx5_11
dgx052:187:402 [6] NCCL INFO Connected to proxy localRank 6 -> connection 0x7f3a34004fb8
dgx052:183:398 [2] NCCL INFO Connected to proxy localRank 2 -> connection 0x7fd594005030
dgx052:188:403 [7] NCCL INFO Channel 04/0 : 15[7] -> 7[7] [receive] via NET/IBext_v8/9/GDRDMA
dgx052:188:403 [7] NCCL INFO GPU Direct RDMA Enabled for GPU df000 / HCA 9 (distance 4 <= 4), read 0
dgx052:185:384 [4] NCCL INFO New proxy recv connection 2 from local rank 4, transport 2
dgx052:188:396 [7] NCCL INFO New proxy recv connection 5 from local rank 7, transport 2
dgx052:184:392 [3] NCCL INFO New proxy recv connection 2 from local rank 3, transport 2
dgx052:181:394 [0] NCCL INFO NET/IB : GPU Direct RDMA (DMABUF) enabled for HCA 0 'mlx5_0
dgx052:185:404 [4] NCCL INFO Connected to proxy localRank 4 -> connection 0x7f95dc005030
dgx052:188:403 [7] NCCL INFO Connected to proxy localRank 7 -> connection 0x7f8120005198
dgx052:187:386 [6] NCCL INFO NET/IB : GPU Direct RDMA (DMABUF) enabled for HCA 8 'mlx5_10
dgx052:183:390 [2] NCCL INFO NET/IB : GPU Direct RDMA (DMABUF) enabled for HCA 3 'mlx5_4
dgx052:182:382 [1] NCCL INFO New proxy recv connection 2 from local rank 1, transport 2
dgx052:184:405 [3] NCCL INFO Connected to proxy localRank 3 -> connection 0x7f73dc005030
dgx052:181:399 [0] NCCL INFO Channel 02/0 : 8[0] -> 0[0] [receive] via NET/IBext_v8/0/GDRDMA
dgx052:181:399 [0] NCCL INFO GPU Direct RDMA Enabled for GPU 1b000 / HCA 0 (distance 4 <= 4), read 0
dgx052:188:396 [7] NCCL INFO NET/IB : GPU Direct RDMA (DMABUF) enabled for HCA 9 'mlx5_11
dgx052:182:401 [1] NCCL INFO Connected to proxy localRank 1 -> connection 0x7fe038005030
dgx052:187:402 [6] NCCL INFO Channel 01/0 : 14[6] -> 6[6] [receive] via NET/IBext_v8/8/GDRDMA
dgx052:187:402 [6] NCCL INFO GPU Direct RDMA Enabled for GPU d1000 / HCA 8 (distance 4 <= 4), read 0
dgx052:188:403 [7] NCCL INFO Channel 05/0 : 15[7] -> 7[7] [receive] via NET/IBext_v8/9/GDRDMA
dgx052:188:403 [7] NCCL INFO GPU Direct RDMA Enabled for GPU df000 / HCA 9 (distance 4 <= 4), read 0
dgx052:183:398 [2] NCCL INFO Channel 02/0 : 10[2] -> 2[2] [receive] via NET/IBext_v8/3/GDRDMA
dgx052:183:398 [2] NCCL INFO GPU Direct RDMA Enabled for GPU 52000 / HCA 3 (distance 4 <= 4), read 0
dgx052:184:392 [3] NCCL INFO NET/IB : GPU Direct RDMA (DMABUF) enabled for HCA 4 'mlx5_5
dgx052:188:396 [7] NCCL INFO New proxy recv connection 6 from local rank 7, transport 2
dgx052:182:382 [1] NCCL INFO NET/IB : GPU Direct RDMA (DMABUF) enabled for HCA 2 'mlx5_3
dgx052:188:403 [7] NCCL INFO Connected to proxy localRank 7 -> connection 0x7f8120005210
dgx052:184:405 [3] NCCL INFO Channel 02/0 : 11[3] -> 3[3] [receive] via NET/IBext_v8/4/GDRDMA
dgx052:184:405 [3] NCCL INFO GPU Direct RDMA Enabled for GPU 61000 / HCA 4 (distance 4 <= 4), read 0
dgx052:185:384 [4] NCCL INFO NET/IB : GPU Direct RDMA (DMABUF) enabled for HCA 5 'mlx5_6
dgx052:182:401 [1] NCCL INFO Channel 02/0 : 9[1] -> 1[1] [receive] via NET/IBext_v8/2/GDRDMA
dgx052:188:396 [7] NCCL INFO NET/IB : GPU Direct RDMA (DMABUF) enabled for HCA 9 'mlx5_11
dgx052:182:401 [1] NCCL INFO GPU Direct RDMA Enabled for GPU 43000 / HCA 2 (distance 4 <= 4), read 0
dgx052:185:404 [4] NCCL INFO Channel 02/0 : 12[4] -> 4[4] [receive] via NET/IBext_v8/5/GDRDMA
dgx052:185:404 [4] NCCL INFO GPU Direct RDMA Enabled for GPU 9d000 / HCA 5 (distance 4 <= 4), read 0
dgx052:188:403 [7] NCCL INFO Channel 06/0 : 15[7] -> 7[7] [receive] via NET/IBext_v8/9/GDRDMA
dgx052:188:403 [7] NCCL INFO GPU Direct RDMA Enabled for GPU df000 / HCA 9 (distance 4 <= 4), read 0
dgx052:183:390 [2] NCCL INFO New proxy recv connection 3 from local rank 2, transport 2
dgx052:187:386 [6] NCCL INFO New proxy recv connection 2 from local rank 6, transport 2
dgx052:181:394 [0] NCCL INFO New proxy recv connection 3 from local rank 0, transport 2
dgx052:188:396 [7] NCCL INFO New proxy recv connection 7 from local rank 7, transport 2
dgx052:188:403 [7] NCCL INFO Connected to proxy localRank 7 -> connection 0x7f8120005288
dgx052:187:402 [6] NCCL INFO Connected to proxy localRank 6 -> connection 0x7f3a34005030
dgx052:183:398 [2] NCCL INFO Connected to proxy localRank 2 -> connection 0x7fd5940050a8
dgx052:181:399 [0] NCCL INFO Connected to proxy localRank 0 -> connection 0x7faca00050a8
dgx052:188:396 [7] NCCL INFO NET/IB : GPU Direct RDMA (DMABUF) enabled for HCA 9 'mlx5_11
dgx052:188:403 [7] NCCL INFO Channel 07/0 : 15[7] -> 7[7] [receive] via NET/IBext_v8/9/GDRDMA
dgx052:188:403 [7] NCCL INFO GPU Direct RDMA Enabled for GPU df000 / HCA 9 (distance 4 <= 4), read 0
dgx052:184:392 [3] NCCL INFO New proxy recv connection 3 from local rank 3, transport 2
dgx052:187:386 [6] NCCL INFO NET/IB : GPU Direct RDMA (DMABUF) enabled for HCA 8 'mlx5_10
dgx052:185:384 [4] NCCL INFO New proxy recv connection 3 from local rank 4, transport 2
dgx052:182:382 [1] NCCL INFO New proxy recv connection 3 from local rank 1, transport 2
dgx052:184:405 [3] NCCL INFO Connected to proxy localRank 3 -> connection 0x7f73dc0050a8
dgx052:185:404 [4] NCCL INFO Connected to proxy localRank 4 -> connection 0x7f95dc0050a8
dgx052:181:394 [0] NCCL INFO NET/IB : GPU Direct RDMA (DMABUF) enabled for HCA 0 'mlx5_0
dgx052:188:396 [7] NCCL INFO New proxy recv connection 8 from local rank 7, transport 2
dgx052:183:390 [2] NCCL INFO NET/IB : GPU Direct RDMA (DMABUF) enabled for HCA 3 'mlx5_4
dgx052:182:401 [1] NCCL INFO Connected to proxy localRank 1 -> connection 0x7fe0380050a8
dgx052:188:403 [7] NCCL INFO Connected to proxy localRank 7 -> connection 0x7f8120005300
dgx052:187:402 [6] NCCL INFO Channel 02/0 : 14[6] -> 6[6] [receive] via NET/IBext_v8/8/GDRDMA
dgx052:187:402 [6] NCCL INFO GPU Direct RDMA Enabled for GPU d1000 / HCA 8 (distance 4 <= 4), read 0
dgx052:181:399 [0] NCCL INFO Channel 03/0 : 8[0] -> 0[0] [receive] via NET/IBext_v8/0/GDRDMA
dgx052:183:398 [2] NCCL INFO Channel 03/0 : 10[2] -> 2[2] [receive] via NET/IBext_v8/3/GDRDMA
dgx052:181:399 [0] NCCL INFO GPU Direct RDMA Enabled for GPU 1b000 / HCA 0 (distance 4 <= 4), read 0
dgx052:188:396 [7] NCCL INFO NET/IB : GPU Direct RDMA (DMABUF) enabled for HCA 9 'mlx5_11
dgx052:183:398 [2] NCCL INFO GPU Direct RDMA Enabled for GPU 52000 / HCA 3 (distance 4 <= 4), read 0
dgx052:184:392 [3] NCCL INFO NET/IB : GPU Direct RDMA (DMABUF) enabled for HCA 4 'mlx5_5
dgx052:188:403 [7] NCCL INFO Channel 08/0 : 15[7] -> 7[7] [receive] via NET/IBext_v8/9/GDRDMA
dgx052:188:403 [7] NCCL INFO GPU Direct RDMA Enabled for GPU df000 / HCA 9 (distance 4 <= 4), read 0
dgx052:182:382 [1] NCCL INFO NET/IB : GPU Direct RDMA (DMABUF) enabled for HCA 2 'mlx5_3
dgx052:184:405 [3] NCCL INFO Channel 03/0 : 11[3] -> 3[3] [receive] via NET/IBext_v8/4/GDRDMA
dgx052:184:405 [3] NCCL INFO GPU Direct RDMA Enabled for GPU 61000 / HCA 4 (distance 4 <= 4), read 0
dgx052:185:384 [4] NCCL INFO NET/IB : GPU Direct RDMA (DMABUF) enabled for HCA 5 'mlx5_6
dgx052:188:396 [7] NCCL INFO New proxy recv connection 9 from local rank 7, transport 2
dgx052:182:401 [1] NCCL INFO Channel 03/0 : 9[1] -> 1[1] [receive] via NET/IBext_v8/2/GDRDMA
dgx052:182:401 [1] NCCL INFO GPU Direct RDMA Enabled for GPU 43000 / HCA 2 (distance 4 <= 4), read 0
dgx052:188:403 [7] NCCL INFO Connected to proxy localRank 7 -> connection 0x7f8120005378
dgx052:185:404 [4] NCCL INFO Channel 03/0 : 12[4] -> 4[4] [receive] via NET/IBext_v8/5/GDRDMA
dgx052:185:404 [4] NCCL INFO GPU Direct RDMA Enabled for GPU 9d000 / HCA 5 (distance 4 <= 4), read 0
dgx052:188:396 [7] NCCL INFO NET/IB : GPU Direct RDMA (DMABUF) enabled for HCA 9 'mlx5_11
dgx052:187:386 [6] NCCL INFO New proxy recv connection 3 from local rank 6, transport 2
dgx052:188:403 [7] NCCL INFO Channel 09/0 : 15[7] -> 7[7] [receive] via NET/IBext_v8/9/GDRDMA
dgx052:188:403 [7] NCCL INFO GPU Direct RDMA Enabled for GPU df000 / HCA 9 (distance 4 <= 4), read 0
dgx052:181:394 [0] NCCL INFO New proxy recv connection 4 from local rank 0, transport 2
dgx052:187:402 [6] NCCL INFO Connected to proxy localRank 6 -> connection 0x7f3a340050a8
dgx052:188:396 [7] NCCL INFO New proxy recv connection 10 from local rank 7, transport 2
dgx052:183:390 [2] NCCL INFO New proxy recv connection 4 from local rank 2, transport 2
dgx052:188:403 [7] NCCL INFO Connected to proxy localRank 7 -> connection 0x7f81200053f0
dgx052:181:399 [0] NCCL INFO Connected to proxy localRank 0 -> connection 0x7faca0005120
dgx052:185:384 [4] NCCL INFO New proxy recv connection 4 from local rank 4, transport 2
dgx052:183:398 [2] NCCL INFO Connected to proxy localRank 2 -> connection 0x7fd594005120
dgx052:185:404 [4] NCCL INFO Connected to proxy localRank 4 -> connection 0x7f95dc005120
dgx052:187:386 [6] NCCL INFO NET/IB : GPU Direct RDMA (DMABUF) enabled for HCA 8 'mlx5_10
dgx052:188:396 [7] NCCL INFO NET/IB : GPU Direct RDMA (DMABUF) enabled for HCA 9 'mlx5_11
dgx052:184:392 [3] NCCL INFO New proxy recv connection 4 from local rank 3, transport 2
dgx052:182:382 [1] NCCL INFO New proxy recv connection 4 from local rank 1, transport 2
dgx052:188:403 [7] NCCL INFO Channel 10/0 : 15[7] -> 7[7] [receive] via NET/IBext_v8/9/GDRDMA
dgx052:188:403 [7] NCCL INFO GPU Direct RDMA Enabled for GPU df000 / HCA 9 (distance 4 <= 4), read 0
dgx052:187:402 [6] NCCL INFO Channel 03/0 : 14[6] -> 6[6] [receive] via NET/IBext_v8/8/GDRDMA
dgx052:184:405 [3] NCCL INFO Connected to proxy localRank 3 -> connection 0x7f73dc005120
dgx052:182:401 [1] NCCL INFO Connected to proxy localRank 1 -> connection 0x7fe038005120
dgx052:187:402 [6] NCCL INFO GPU Direct RDMA Enabled for GPU d1000 / HCA 8 (distance 4 <= 4), read 0
dgx052:185:384 [4] NCCL INFO NET/IB : GPU Direct RDMA (DMABUF) enabled for HCA 5 'mlx5_6
dgx052:181:394 [0] NCCL INFO NET/IB : GPU Direct RDMA (DMABUF) enabled for HCA 0 'mlx5_0
dgx052:188:396 [7] NCCL INFO New proxy recv connection 11 from local rank 7, transport 2
dgx052:188:403 [7] NCCL INFO Connected to proxy localRank 7 -> connection 0x7f8120005468
dgx052:185:404 [4] NCCL INFO Channel 04/0 : 12[4] -> 4[4] [receive] via NET/IBext_v8/5/GDRDMA
dgx052:185:404 [4] NCCL INFO GPU Direct RDMA Enabled for GPU 9d000 / HCA 5 (distance 4 <= 4), read 0
dgx052:183:390 [2] NCCL INFO NET/IB : GPU Direct RDMA (DMABUF) enabled for HCA 3 'mlx5_4
dgx052:187:386 [6] NCCL INFO New proxy recv connection 4 from local rank 6, transport 2
dgx052:188:396 [7] NCCL INFO NET/IB : GPU Direct RDMA (DMABUF) enabled for HCA 9 'mlx5_11
dgx052:185:384 [4] NCCL INFO New proxy recv connection 5 from local rank 4, transport 2
dgx052:181:399 [0] NCCL INFO Channel 04/0 : 8[0] -> 0[0] [receive] via NET/IBext_v8/0/GDRDMA
dgx052:181:399 [0] NCCL INFO GPU Direct RDMA Enabled for GPU 1b000 / HCA 0 (distance 4 <= 4), read 0
dgx052:187:402 [6] NCCL INFO Connected to proxy localRank 6 -> connection 0x7f3a34005120
dgx052:185:404 [4] NCCL INFO Connected to proxy localRank 4 -> connection 0x7f95dc005198
dgx052:188:403 [7] NCCL INFO Channel 11/0 : 15[7] -> 7[7] [receive] via NET/IBext_v8/9/GDRDMA
dgx052:188:403 [7] NCCL INFO GPU Direct RDMA Enabled for GPU df000 / HCA 9 (distance 4 <= 4), read 0
dgx052:184:392 [3] NCCL INFO NET/IB : GPU Direct RDMA (DMABUF) enabled for HCA 4 'mlx5_5
dgx052:182:382 [1] NCCL INFO NET/IB : GPU Direct RDMA (DMABUF) enabled for HCA 2 'mlx5_3
dgx052:185:384 [4] NCCL INFO NET/IB : GPU Direct RDMA (DMABUF) enabled for HCA 5 'mlx5_6
dgx052:188:396 [7] NCCL INFO New proxy recv connection 12 from local rank 7, transport 2
dgx052:183:398 [2] NCCL INFO Channel 04/0 : 10[2] -> 2[2] [receive] via NET/IBext_v8/3/GDRDMA
dgx052:183:398 [2] NCCL INFO GPU Direct RDMA Enabled for GPU 52000 / HCA 3 (distance 4 <= 4), read 0
dgx052:185:404 [4] NCCL INFO Channel 05/0 : 12[4] -> 4[4] [receive] via NET/IBext_v8/5/GDRDMA
dgx052:188:403 [7] NCCL INFO Connected to proxy localRank 7 -> connection 0x7f81200054e0
dgx052:185:404 [4] NCCL INFO GPU Direct RDMA Enabled for GPU 9d000 / HCA 5 (distance 4 <= 4), read 0
dgx052:187:386 [6] NCCL INFO NET/IB : GPU Direct RDMA (DMABUF) enabled for HCA 8 'mlx5_10
dgx052:184:405 [3] NCCL INFO Channel 04/0 : 11[3] -> 3[3] [receive] via NET/IBext_v8/4/GDRDMA
dgx052:184:405 [3] NCCL INFO GPU Direct RDMA Enabled for GPU 61000 / HCA 4 (distance 4 <= 4), read 0
dgx052:182:401 [1] NCCL INFO Channel 04/0 : 9[1] -> 1[1] [receive] via NET/IBext_v8/2/GDRDMA
dgx052:182:401 [1] NCCL INFO GPU Direct RDMA Enabled for GPU 43000 / HCA 2 (distance 4 <= 4), read 0
dgx052:185:384 [4] NCCL INFO New proxy recv connection 6 from local rank 4, transport 2
dgx052:187:402 [6] NCCL INFO Channel 04/0 : 14[6] -> 6[6] [receive] via NET/IBext_v8/8/GDRDMA
dgx052:187:402 [6] NCCL INFO GPU Direct RDMA Enabled for GPU d1000 / HCA 8 (distance 4 <= 4), read 0
dgx052:188:396 [7] NCCL INFO NET/IB : GPU Direct RDMA (DMABUF) enabled for HCA 9 'mlx5_11
dgx052:185:404 [4] NCCL INFO Connected to proxy localRank 4 -> connection 0x7f95dc005210
dgx052:188:403 [7] NCCL INFO Channel 12/0 : 15[7] -> 7[7] [receive] via NET/IBext_v8/9/GDRDMA
dgx052:188:403 [7] NCCL INFO GPU Direct RDMA Enabled for GPU df000 / HCA 9 (distance 4 <= 4), read 0
dgx052:187:386 [6] NCCL INFO New proxy recv connection 5 from local rank 6, transport 2
dgx052:185:384 [4] NCCL INFO NET/IB : GPU Direct RDMA (DMABUF) enabled for HCA 5 'mlx5_6
dgx052:187:402 [6] NCCL INFO Connected to proxy localRank 6 -> connection 0x7f3a34005198
dgx052:182:382 [1] NCCL INFO New proxy recv connection 5 from local rank 1, transport 2
dgx052:185:404 [4] NCCL INFO Channel 06/0 : 12[4] -> 4[4] [receive] via NET/IBext_v8/5/GDRDMA
dgx052:185:404 [4] NCCL INFO GPU Direct RDMA Enabled for GPU 9d000 / HCA 5 (distance 4 <= 4), read 0
dgx052:188:396 [7] NCCL INFO New proxy recv connection 13 from local rank 7, transport 2
dgx052:188:403 [7] NCCL INFO Connected to proxy localRank 7 -> connection 0x7f8120005558
dgx052:182:401 [1] NCCL INFO Connected to proxy localRank 1 -> connection 0x7fe038005198
dgx052:187:386 [6] NCCL INFO NET/IB : GPU Direct RDMA (DMABUF) enabled for HCA 8 'mlx5_10
dgx052:185:384 [4] NCCL INFO New proxy recv connection 7 from local rank 4, transport 2
dgx052:181:394 [0] NCCL INFO New proxy recv connection 5 from local rank 0, transport 2
dgx052:185:404 [4] NCCL INFO Connected to proxy localRank 4 -> connection 0x7f95dc005288
dgx052:187:402 [6] NCCL INFO Channel 05/0 : 14[6] -> 6[6] [receive] via NET/IBext_v8/8/GDRDMA
dgx052:187:402 [6] NCCL INFO GPU Direct RDMA Enabled for GPU d1000 / HCA 8 (distance 4 <= 4), read 0
dgx052:188:396 [7] NCCL INFO NET/IB : GPU Direct RDMA (DMABUF) enabled for HCA 9 'mlx5_11
dgx052:185:384 [4] NCCL INFO NET/IB : GPU Direct RDMA (DMABUF) enabled for HCA 5 'mlx5_6
dgx052:181:399 [0] NCCL INFO Connected to proxy localRank 0 -> connection 0x7faca0005198
dgx052:188:403 [7] NCCL INFO Channel 13/0 : 15[7] -> 7[7] [receive] via NET/IBext_v8/9/GDRDMA
dgx052:188:403 [7] NCCL INFO GPU Direct RDMA Enabled for GPU df000 / HCA 9 (distance 4 <= 4), read 0
dgx052:185:404 [4] NCCL INFO Channel 07/0 : 12[4] -> 4[4] [receive] via NET/IBext_v8/5/GDRDMA
dgx052:185:404 [4] NCCL INFO GPU Direct RDMA Enabled for GPU 9d000 / HCA 5 (distance 4 <= 4), read 0
dgx052:182:382 [1] NCCL INFO NET/IB : GPU Direct RDMA (DMABUF) enabled for HCA 2 'mlx5_3
dgx052:187:386 [6] NCCL INFO New proxy recv connection 6 from local rank 6, transport 2
dgx052:185:384 [4] NCCL INFO New proxy recv connection 8 from local rank 4, transport 2
dgx052:187:402 [6] NCCL INFO Connected to proxy localRank 6 -> connection 0x7f3a34005210
dgx052:188:396 [7] NCCL INFO New proxy recv connection 14 from local rank 7, transport 2
dgx052:185:404 [4] NCCL INFO Connected to proxy localRank 4 -> connection 0x7f95dc005300
dgx052:188:403 [7] NCCL INFO Connected to proxy localRank 7 -> connection 0x7f81200055d0
dgx052:182:401 [1] NCCL INFO Channel 05/0 : 9[1] -> 1[1] [receive] via NET/IBext_v8/2/GDRDMA
dgx052:182:401 [1] NCCL INFO GPU Direct RDMA Enabled for GPU 43000 / HCA 2 (distance 4 <= 4), read 0
dgx052:185:384 [4] NCCL INFO NET/IB : GPU Direct RDMA (DMABUF) enabled for HCA 5 'mlx5_6
dgx052:183:390 [2] NCCL INFO New proxy recv connection 5 from local rank 2, transport 2
dgx052:184:392 [3] NCCL INFO New proxy recv connection 5 from local rank 3, transport 2
dgx052:188:396 [7] NCCL INFO NET/IB : GPU Direct RDMA (DMABUF) enabled for HCA 9 'mlx5_11
dgx052:185:404 [4] NCCL INFO Channel 08/0 : 12[4] -> 4[4] [receive] via NET/IBext_v8/5/GDRDMA
dgx052:185:404 [4] NCCL INFO GPU Direct RDMA Enabled for GPU 9d000 / HCA 5 (distance 4 <= 4), read 0
dgx052:187:386 [6] NCCL INFO NET/IB : GPU Direct RDMA (DMABUF) enabled for HCA 8 'mlx5_10
dgx052:181:394 [0] NCCL INFO NET/IB : GPU Direct RDMA (DMABUF) enabled for HCA 0 'mlx5_0
dgx052:188:403 [7] NCCL INFO Channel 14/0 : 15[7] -> 7[7] [receive] via NET/IBext_v8/9/GDRDMA
dgx052:188:403 [7] NCCL INFO GPU Direct RDMA Enabled for GPU df000 / HCA 9 (distance 4 <= 4), read 0
dgx052:185:384 [4] NCCL INFO New proxy recv connection 9 from local rank 4, transport 2
dgx052:183:398 [2] NCCL INFO Connected to proxy localRank 2 -> connection 0x7fd594005198
dgx052:184:405 [3] NCCL INFO Connected to proxy localRank 3 -> connection 0x7f73dc005198
dgx052:185:404 [4] NCCL INFO Connected to proxy localRank 4 -> connection 0x7f95dc005378
dgx052:187:402 [6] NCCL INFO Channel 06/0 : 14[6] -> 6[6] [receive] via NET/IBext_v8/8/GDRDMA
dgx052:187:402 [6] NCCL INFO GPU Direct RDMA Enabled for GPU d1000 / HCA 8 (distance 4 <= 4), read 0
dgx052:188:396 [7] NCCL INFO New proxy recv connection 15 from local rank 7, transport 2
dgx052:185:384 [4] NCCL INFO NET/IB : GPU Direct RDMA (DMABUF) enabled for HCA 5 'mlx5_6
dgx052:181:399 [0] NCCL INFO Channel 05/0 : 8[0] -> 0[0] [receive] via NET/IBext_v8/0/GDRDMA
dgx052:187:386 [6] NCCL INFO New proxy recv connection 7 from local rank 6, transport 2
dgx052:188:403 [7] NCCL INFO Connected to proxy localRank 7 -> connection 0x7f8120005648
dgx052:181:399 [0] NCCL INFO GPU Direct RDMA Enabled for GPU 1b000 / HCA 0 (distance 4 <= 4), read 0
dgx052:185:404 [4] NCCL INFO Channel 09/0 : 12[4] -> 4[4] [receive] via NET/IBext_v8/5/GDRDMA
dgx052:185:404 [4] NCCL INFO GPU Direct RDMA Enabled for GPU 9d000 / HCA 5 (distance 4 <= 4), read 0
dgx052:187:402 [6] NCCL INFO Connected to proxy localRank 6 -> connection 0x7f3a34005288
dgx052:185:384 [4] NCCL INFO New proxy recv connection 10 from local rank 4, transport 2
dgx052:188:396 [7] NCCL INFO NET/IB : GPU Direct RDMA (DMABUF) enabled for HCA 9 'mlx5_11
dgx052:184:392 [3] NCCL INFO NET/IB : GPU Direct RDMA (DMABUF) enabled for HCA 4 'mlx5_5
dgx052:185:404 [4] NCCL INFO Connected to proxy localRank 4 -> connection 0x7f95dc0053f0
dgx052:187:386 [6] NCCL INFO NET/IB : GPU Direct RDMA (DMABUF) enabled for HCA 8 'mlx5_10
dgx052:188:403 [7] NCCL INFO Channel 15/0 : 15[7] -> 7[7] [receive] via NET/IBext_v8/9/GDRDMA
dgx052:188:403 [7] NCCL INFO GPU Direct RDMA Enabled for GPU df000 / HCA 9 (distance 4 <= 4), read 0
dgx052:185:384 [4] NCCL INFO NET/IB : GPU Direct RDMA (DMABUF) enabled for HCA 5 'mlx5_6
dgx052:183:390 [2] NCCL INFO NET/IB : GPU Direct RDMA (DMABUF) enabled for HCA 3 'mlx5_4
dgx052:182:382 [1] NCCL INFO New proxy recv connection 6 from local rank 1, transport 2
dgx052:187:402 [6] NCCL INFO Channel 07/0 : 14[6] -> 6[6] [receive] via NET/IBext_v8/8/GDRDMA
dgx052:187:402 [6] NCCL INFO GPU Direct RDMA Enabled for GPU d1000 / HCA 8 (distance 4 <= 4), read 0
dgx052:185:404 [4] NCCL INFO Channel 10/0 : 12[4] -> 4[4] [receive] via NET/IBext_v8/5/GDRDMA
dgx052:185:404 [4] NCCL INFO GPU Direct RDMA Enabled for GPU 9d000 / HCA 5 (distance 4 <= 4), read 0
dgx052:188:396 [7] NCCL INFO New proxy recv connection 16 from local rank 7, transport 2
dgx052:184:405 [3] NCCL INFO Channel 05/0 : 11[3] -> 3[3] [receive] via NET/IBext_v8/4/GDRDMA
dgx052:184:405 [3] NCCL INFO GPU Direct RDMA Enabled for GPU 61000 / HCA 4 (distance 4 <= 4), read 0
dgx052:185:384 [4] NCCL INFO New proxy recv connection 11 from local rank 4, transport 2
dgx052:182:401 [1] NCCL INFO Connected to proxy localRank 1 -> connection 0x7fe038005210
dgx052:188:403 [7] NCCL INFO Connected to proxy localRank 7 -> connection 0x7f81200056c0
dgx052:187:386 [6] NCCL INFO New proxy recv connection 8 from local rank 6, transport 2
dgx052:185:404 [4] NCCL INFO Connected to proxy localRank 4 -> connection 0x7f95dc005468
dgx052:187:402 [6] NCCL INFO Connected to proxy localRank 6 -> connection 0x7f3a34005300
dgx052:183:398 [2] NCCL INFO Channel 05/0 : 10[2] -> 2[2] [receive] via NET/IBext_v8/3/GDRDMA
dgx052:183:398 [2] NCCL INFO GPU Direct RDMA Enabled for GPU 52000 / HCA 3 (distance 4 <= 4), read 0
dgx052:185:384 [4] NCCL INFO NET/IB : GPU Direct RDMA (DMABUF) enabled for HCA 5 'mlx5_6
dgx052:188:396 [7] NCCL INFO NET/IB : GPU Direct RDMA (DMABUF) enabled for HCA 9 'mlx5_11
dgx052:185:404 [4] NCCL INFO Channel 11/0 : 12[4] -> 4[4] [receive] via NET/IBext_v8/5/GDRDMA
dgx052:185:404 [4] NCCL INFO GPU Direct RDMA Enabled for GPU 9d000 / HCA 5 (distance 4 <= 4), read 0
dgx052:188:403 [7] NCCL INFO Channel 16/0 : 15[7] -> 7[7] [receive] via NET/IBext_v8/9/GDRDMA
dgx052:181:394 [0] NCCL INFO New proxy recv connection 6 from local rank 0, transport 2
dgx052:187:386 [6] NCCL INFO NET/IB : GPU Direct RDMA (DMABUF) enabled for HCA 8 'mlx5_10
dgx052:188:403 [7] NCCL INFO GPU Direct RDMA Enabled for GPU df000 / HCA 9 (distance 4 <= 4), read 0
dgx052:185:384 [4] NCCL INFO New proxy recv connection 12 from local rank 4, transport 2
dgx052:182:382 [1] NCCL INFO NET/IB : GPU Direct RDMA (DMABUF) enabled for HCA 2 'mlx5_3
dgx052:185:404 [4] NCCL INFO Connected to proxy localRank 4 -> connection 0x7f95dc0054e0
dgx052:187:402 [6] NCCL INFO Channel 08/0 : 14[6] -> 6[6] [receive] via NET/IBext_v8/8/GDRDMA
dgx052:187:402 [6] NCCL INFO GPU Direct RDMA Enabled for GPU d1000 / HCA 8 (distance 4 <= 4), read 0
dgx052:188:396 [7] NCCL INFO New proxy recv connection 17 from local rank 7, transport 2
dgx052:181:399 [0] NCCL INFO Connected to proxy localRank 0 -> connection 0x7faca0005210
dgx052:185:384 [4] NCCL INFO NET/IB : GPU Direct RDMA (DMABUF) enabled for HCA 5 'mlx5_6
dgx052:188:403 [7] NCCL INFO Connected to proxy localRank 7 -> connection 0x7f8120005738
dgx052:187:386 [6] NCCL INFO New proxy recv connection 9 from local rank 6, transport 2
dgx052:185:404 [4] NCCL INFO Channel 12/0 : 12[4] -> 4[4] [receive] via NET/IBext_v8/5/GDRDMA
dgx052:185:404 [4] NCCL INFO GPU Direct RDMA Enabled for GPU 9d000 / HCA 5 (distance 4 <= 4), read 0
dgx052:182:401 [1] NCCL INFO Channel 06/0 : 9[1] -> 1[1] [receive] via NET/IBext_v8/2/GDRDMA
dgx052:182:401 [1] NCCL INFO GPU Direct RDMA Enabled for GPU 43000 / HCA 2 (distance 4 <= 4), read 0
dgx052:187:402 [6] NCCL INFO Connected to proxy localRank 6 -> connection 0x7f3a34005378
dgx052:185:384 [4] NCCL INFO New proxy recv connection 13 from local rank 4, transport 2
dgx052:188:396 [7] NCCL INFO NET/IB : GPU Direct RDMA (DMABUF) enabled for HCA 9 'mlx5_11
dgx052:185:404 [4] NCCL INFO Connected to proxy localRank 4 -> connection 0x7f95dc005558
dgx052:188:403 [7] NCCL INFO Channel 17/0 : 15[7] -> 7[7] [receive] via NET/IBext_v8/9/GDRDMA
dgx052:188:403 [7] NCCL INFO GPU Direct RDMA Enabled for GPU df000 / HCA 9 (distance 4 <= 4), read 0
dgx052:187:386 [6] NCCL INFO NET/IB : GPU Direct RDMA (DMABUF) enabled for HCA 8 'mlx5_10
dgx052:185:384 [4] NCCL INFO NET/IB : GPU Direct RDMA (DMABUF) enabled for HCA 5 'mlx5_6
dgx052:184:392 [3] NCCL INFO New proxy recv connection 6 from local rank 3, transport 2
dgx052:181:394 [0] NCCL INFO NET/IB : GPU Direct RDMA (DMABUF) enabled for HCA 0 'mlx5_0
dgx052:185:404 [4] NCCL INFO Channel 13/0 : 12[4] -> 4[4] [receive] via NET/IBext_v8/5/GDRDMA
dgx052:185:404 [4] NCCL INFO GPU Direct RDMA Enabled for GPU 9d000 / HCA 5 (distance 4 <= 4), read 0
dgx052:188:396 [7] NCCL INFO New proxy recv connection 18 from local rank 7, transport 2
dgx052:187:402 [6] NCCL INFO Channel 09/0 : 14[6] -> 6[6] [receive] via NET/IBext_v8/8/GDRDMA
dgx052:187:402 [6] NCCL INFO GPU Direct RDMA Enabled for GPU d1000 / HCA 8 (distance 4 <= 4), read 0
dgx052:188:403 [7] NCCL INFO Connected to proxy localRank 7 -> connection 0x7f81200057b0
dgx052:184:405 [3] NCCL INFO Connected to proxy localRank 3 -> connection 0x7f73dc005210
dgx052:185:384 [4] NCCL INFO New proxy recv connection 14 from local rank 4, transport 2
dgx052:187:386 [6] NCCL INFO New proxy recv connection 10 from local rank 6, transport 2
dgx052:185:404 [4] NCCL INFO Connected to proxy localRank 4 -> connection 0x7f95dc0055d0
dgx052:183:390 [2] NCCL INFO New proxy recv connection 6 from local rank 2, transport 2
dgx052:187:402 [6] NCCL INFO Connected to proxy localRank 6 -> connection 0x7f3a340053f0
dgx052:188:396 [7] NCCL INFO NET/IB : GPU Direct RDMA (DMABUF) enabled for HCA 9 'mlx5_11
dgx052:181:399 [0] NCCL INFO Channel 06/0 : 8[0] -> 0[0] [receive] via NET/IBext_v8/0/GDRDMA
dgx052:181:399 [0] NCCL INFO GPU Direct RDMA Enabled for GPU 1b000 / HCA 0 (distance 4 <= 4), read 0
dgx052:185:384 [4] NCCL INFO NET/IB : GPU Direct RDMA (DMABUF) enabled for HCA 5 'mlx5_6
dgx052:188:403 [7] NCCL INFO Channel 18/0 : 15[7] -> 7[7] [receive] via NET/IBext_v8/9/GDRDMA
dgx052:188:403 [7] NCCL INFO GPU Direct RDMA Enabled for GPU df000 / HCA 9 (distance 4 <= 4), read 0
dgx052:185:404 [4] NCCL INFO Channel 14/0 : 12[4] -> 4[4] [receive] via NET/IBext_v8/5/GDRDMA
dgx052:185:404 [4] NCCL INFO GPU Direct RDMA Enabled for GPU 9d000 / HCA 5 (distance 4 <= 4), read 0
dgx052:187:386 [6] NCCL INFO NET/IB : GPU Direct RDMA (DMABUF) enabled for HCA 8 'mlx5_10
dgx052:183:398 [2] NCCL INFO Connected to proxy localRank 2 -> connection 0x7fd594005210
dgx052:184:392 [3] NCCL INFO NET/IB : GPU Direct RDMA (DMABUF) enabled for HCA 4 'mlx5_5
dgx052:185:384 [4] NCCL INFO New proxy recv connection 15 from local rank 4, transport 2
dgx052:188:396 [7] NCCL INFO New proxy recv connection 19 from local rank 7, transport 2
dgx052:185:404 [4] NCCL INFO Connected to proxy localRank 4 -> connection 0x7f95dc005648
dgx052:182:382 [1] NCCL INFO New proxy recv connection 7 from local rank 1, transport 2
dgx052:187:402 [6] NCCL INFO Channel 10/0 : 14[6] -> 6[6] [receive] via NET/IBext_v8/8/GDRDMA
dgx052:187:402 [6] NCCL INFO GPU Direct RDMA Enabled for GPU d1000 / HCA 8 (distance 4 <= 4), read 0
dgx052:188:403 [7] NCCL INFO Connected to proxy localRank 7 -> connection 0x7f8120005828
dgx052:185:384 [4] NCCL INFO NET/IB : GPU Direct RDMA (DMABUF) enabled for HCA 5 'mlx5_6
dgx052:187:386 [6] NCCL INFO New proxy recv connection 11 from local rank 6, transport 2
dgx052:182:401 [1] NCCL INFO Connected to proxy localRank 1 -> connection 0x7fe038005288
dgx052:184:405 [3] NCCL INFO Channel 06/0 : 11[3] -> 3[3] [receive] via NET/IBext_v8/4/GDRDMA
dgx052:185:404 [4] NCCL INFO Channel 15/0 : 12[4] -> 4[4] [receive] via NET/IBext_v8/5/GDRDMA
dgx052:185:404 [4] NCCL INFO GPU Direct RDMA Enabled for GPU 9d000 / HCA 5 (distance 4 <= 4), read 0
dgx052:184:405 [3] NCCL INFO GPU Direct RDMA Enabled for GPU 61000 / HCA 4 (distance 4 <= 4), read 0
dgx052:188:396 [7] NCCL INFO NET/IB : GPU Direct RDMA (DMABUF) enabled for HCA 9 'mlx5_11
dgx052:187:402 [6] NCCL INFO Connected to proxy localRank 6 -> connection 0x7f3a34005468
dgx052:185:384 [4] NCCL INFO New proxy recv connection 16 from local rank 4, transport 2
dgx052:188:403 [7] NCCL INFO Channel 19/0 : 15[7] -> 7[7] [receive] via NET/IBext_v8/9/GDRDMA
dgx052:188:403 [7] NCCL INFO GPU Direct RDMA Enabled for GPU df000 / HCA 9 (distance 4 <= 4), read 0
dgx052:185:404 [4] NCCL INFO Connected to proxy localRank 4 -> connection 0x7f95dc0056c0
dgx052:183:390 [2] NCCL INFO NET/IB : GPU Direct RDMA (DMABUF) enabled for HCA 3 'mlx5_4
dgx052:187:386 [6] NCCL INFO NET/IB : GPU Direct RDMA (DMABUF) enabled for HCA 8 'mlx5_10
dgx052:185:384 [4] NCCL INFO NET/IB : GPU Direct RDMA (DMABUF) enabled for HCA 5 'mlx5_6
dgx052:188:396 [7] NCCL INFO New proxy recv connection 20 from local rank 7, transport 2
dgx052:185:404 [4] NCCL INFO Channel 16/0 : 12[4] -> 4[4] [receive] via NET/IBext_v8/5/GDRDMA
dgx052:185:404 [4] NCCL INFO GPU Direct RDMA Enabled for GPU 9d000 / HCA 5 (distance 4 <= 4), read 0
dgx052:182:382 [1] NCCL INFO NET/IB : GPU Direct RDMA (DMABUF) enabled for HCA 2 'mlx5_3
dgx052:188:403 [7] NCCL INFO Connected to proxy localRank 7 -> connection 0x7f81200058a0
dgx052:187:402 [6] NCCL INFO Channel 11/0 : 14[6] -> 6[6] [receive] via NET/IBext_v8/8/GDRDMA
dgx052:187:402 [6] NCCL INFO GPU Direct RDMA Enabled for GPU d1000 / HCA 8 (distance 4 <= 4), read 0
dgx052:181:394 [0] NCCL INFO New proxy recv connection 7 from local rank 0, transport 2
dgx052:185:384 [4] NCCL INFO New proxy recv connection 17 from local rank 4, transport 2
dgx052:183:398 [2] NCCL INFO Channel 06/0 : 10[2] -> 2[2] [receive] via NET/IBext_v8/3/GDRDMA
dgx052:183:398 [2] NCCL INFO GPU Direct RDMA Enabled for GPU 52000 / HCA 3 (distance 4 <= 4), read 0
dgx052:185:404 [4] NCCL INFO Connected to proxy localRank 4 -> connection 0x7f95dc005738
dgx052:187:386 [6] NCCL INFO New proxy recv connection 12 from local rank 6, transport 2
dgx052:188:396 [7] NCCL INFO NET/IB : GPU Direct RDMA (DMABUF) enabled for HCA 9 'mlx5_11
dgx052:187:402 [6] NCCL INFO Connected to proxy localRank 6 -> connection 0x7f3a340054e0
dgx052:181:399 [0] NCCL INFO Connected to proxy localRank 0 -> connection 0x7faca0005288
dgx052:188:403 [7] NCCL INFO Channel 20/0 : 15[7] -> 7[7] [receive] via NET/IBext_v8/9/GDRDMA
dgx052:182:401 [1] NCCL INFO Channel 07/0 : 9[1] -> 1[1] [receive] via NET/IBext_v8/2/GDRDMA
dgx052:185:384 [4] NCCL INFO NET/IB : GPU Direct RDMA (DMABUF) enabled for HCA 5 'mlx5_6
dgx052:188:403 [7] NCCL INFO GPU Direct RDMA Enabled for GPU df000 / HCA 9 (distance 4 <= 4), read 0
dgx052:182:401 [1] NCCL INFO GPU Direct RDMA Enabled for GPU 43000 / HCA 2 (distance 4 <= 4), read 0
dgx052:185:404 [4] NCCL INFO Channel 17/0 : 12[4] -> 4[4] [receive] via NET/IBext_v8/5/GDRDMA
dgx052:185:404 [4] NCCL INFO GPU Direct RDMA Enabled for GPU 9d000 / HCA 5 (distance 4 <= 4), read 0
dgx052:187:386 [6] NCCL INFO NET/IB : GPU Direct RDMA (DMABUF) enabled for HCA 8 'mlx5_10
dgx052:185:384 [4] NCCL INFO New proxy recv connection 18 from local rank 4, transport 2
dgx052:188:396 [7] NCCL INFO New proxy recv connection 21 from local rank 7, transport 2
dgx052:185:404 [4] NCCL INFO Connected to proxy localRank 4 -> connection 0x7f95dc0057b0
dgx052:188:403 [7] NCCL INFO Connected to proxy localRank 7 -> connection 0x7f8120005918
dgx052:187:402 [6] NCCL INFO Channel 12/0 : 14[6] -> 6[6] [receive] via NET/IBext_v8/8/GDRDMA
dgx052:187:402 [6] NCCL INFO GPU Direct RDMA Enabled for GPU d1000 / HCA 8 (distance 4 <= 4), read 0
dgx052:184:392 [3] NCCL INFO New proxy recv connection 7 from local rank 3, transport 2
dgx052:185:384 [4] NCCL INFO NET/IB : GPU Direct RDMA (DMABUF) enabled for HCA 5 'mlx5_6
dgx052:187:386 [6] NCCL INFO New proxy recv connection 13 from local rank 6, transport 2
dgx052:185:404 [4] NCCL INFO Channel 18/0 : 12[4] -> 4[4] [receive] via NET/IBext_v8/5/GDRDMA
dgx052:188:396 [7] NCCL INFO NET/IB : GPU Direct RDMA (DMABUF) enabled for HCA 9 'mlx5_11
dgx052:185:404 [4] NCCL INFO GPU Direct RDMA Enabled for GPU 9d000 / HCA 5 (distance 4 <= 4), read 0
dgx052:184:405 [3] NCCL INFO Connected to proxy localRank 3 -> connection 0x7f73dc005288
dgx052:181:394 [0] NCCL INFO NET/IB : GPU Direct RDMA (DMABUF) enabled for HCA 0 'mlx5_0
dgx052:187:402 [6] NCCL INFO Connected to proxy localRank 6 -> connection 0x7f3a34005558
dgx052:188:403 [7] NCCL INFO Channel 21/0 : 15[7] -> 7[7] [receive] via NET/IBext_v8/9/GDRDMA
dgx052:188:403 [7] NCCL INFO GPU Direct RDMA Enabled for GPU df000 / HCA 9 (distance 4 <= 4), read 0
dgx052:185:384 [4] NCCL INFO New proxy recv connection 19 from local rank 4, transport 2
dgx052:185:404 [4] NCCL INFO Connected to proxy localRank 4 -> connection 0x7f95dc005828
dgx052:187:386 [6] NCCL INFO NET/IB : GPU Direct RDMA (DMABUF) enabled for HCA 8 'mlx5_10
dgx052:188:396 [7] NCCL INFO New proxy recv connection 22 from local rank 7, transport 2
dgx052:185:384 [4] NCCL INFO NET/IB : GPU Direct RDMA (DMABUF) enabled for HCA 5 'mlx5_6
dgx052:181:399 [0] NCCL INFO Channel 07/0 : 8[0] -> 0[0] [receive] via NET/IBext_v8/0/GDRDMA
dgx052:188:403 [7] NCCL INFO Connected to proxy localRank 7 -> connection 0x7f8120005990
dgx052:181:399 [0] NCCL INFO GPU Direct RDMA Enabled for GPU 1b000 / HCA 0 (distance 4 <= 4), read 0
dgx052:187:402 [6] NCCL INFO Channel 13/0 : 14[6] -> 6[6] [receive] via NET/IBext_v8/8/GDRDMA
dgx052:185:404 [4] NCCL INFO Channel 19/0 : 12[4] -> 4[4] [receive] via NET/IBext_v8/5/GDRDMA
dgx052:187:402 [6] NCCL INFO GPU Direct RDMA Enabled for GPU d1000 / HCA 8 (distance 4 <= 4), read 0
dgx052:185:404 [4] NCCL INFO GPU Direct RDMA Enabled for GPU 9d000 / HCA 5 (distance 4 <= 4), read 0
dgx052:184:392 [3] NCCL INFO NET/IB : GPU Direct RDMA (DMABUF) enabled for HCA 4 'mlx5_5
dgx052:183:390 [2] NCCL INFO New proxy recv connection 7 from local rank 2, transport 2
dgx052:182:382 [1] NCCL INFO New proxy recv connection 8 from local rank 1, transport 2
dgx052:185:384 [4] NCCL INFO New proxy recv connection 20 from local rank 4, transport 2
dgx052:187:386 [6] NCCL INFO New proxy recv connection 14 from local rank 6, transport 2
dgx052:188:396 [7] NCCL INFO NET/IB : GPU Direct RDMA (DMABUF) enabled for HCA 9 'mlx5_11
dgx052:185:404 [4] NCCL INFO Connected to proxy localRank 4 -> connection 0x7f95dc0058a0
dgx052:188:403 [7] NCCL INFO Channel 22/0 : 15[7] -> 7[7] [receive] via NET/IBext_v8/9/GDRDMA
dgx052:187:402 [6] NCCL INFO Connected to proxy localRank 6 -> connection 0x7f3a340055d0
