dgx052:184:289 [0] NCCL INFO Trees [0] 1/8/-1->0->-1 [1] -1/-1/-1->0->7 [2] 1/-1/-1->0->7 [3] 1/-1/-1->0->7 [4] 1/-1/-1->0->7 [5] 1/-1/-1->0->7 [6] 1/-1/-1->0->7 [7] 1/-1/-1->0->8 [8] -1/-1/-1->0->7 [9] 1/-1/-1->0->7 [10] 1/-1/-1->0->7 [11] 1/-1/-1->0->7 [12] 1/-1/-1->0->7 [13] 1/-1/-1->0->7 [14] 1/8/-1->0->-1 [15] -1/-1/-1->0->7 [16] 1/-1/-1->0->7 [17] 1/-1/-1->0->7 [18] 1/-1/-1->0->7 [19] 1/-1/-1->0->7 [20] 1/-1/-1->0->7 [21] 1/-1/-1->0->8 [22] -1/-1/-1->0->7 [23] 1/-1/-1->0->7 [24] 1/-1/-1->0->7 [25] 1/-1/-1->0->7 [26] 1/-1/-1->0->7 [27] 1/-1/-1->0->7
dgx052:184:289 [0] NCCL INFO NCCL_BUFFSIZE set by environment to 16777216.
dgx052:184:289 [0] NCCL INFO NCCL_P2P_NET_CHUNKSIZE set by environment to 524288.
dgx052:184:289 [0] NCCL INFO P2P Chunksize set to 524288
dgx052:187:294 [3] NCCL INFO NCCL_NTHREADS set by environment to 512.
dgx052:187:294 [3] NCCL INFO threadThresholds 8/8/64 | 128/8/64 | 512 | 512
dgx052:187:294 [3] NCCL INFO 28 coll channels, 28 collnet channels, 16 nvls channels, 32 p2p channels, 2 p2p channels per peer
dgx052:188:296 [4] NCCL INFO NCCL_NTHREADS set by environment to 512.
dgx052:188:296 [4] NCCL INFO threadThresholds 8/8/64 | 128/8/64 | 512 | 512
dgx052:188:296 [4] NCCL INFO 28 coll channels, 28 collnet channels, 16 nvls channels, 32 p2p channels, 2 p2p channels per peer
dgx052:189:292 [5] NCCL INFO NCCL_NTHREADS set by environment to 512.
dgx052:189:292 [5] NCCL INFO threadThresholds 8/8/64 | 128/8/64 | 512 | 512
dgx052:189:292 [5] NCCL INFO 28 coll channels, 28 collnet channels, 16 nvls channels, 32 p2p channels, 2 p2p channels per peer
dgx052:190:295 [6] NCCL INFO NCCL_NTHREADS set by environment to 512.
dgx052:190:295 [6] NCCL INFO threadThresholds 8/8/64 | 128/8/64 | 512 | 512
dgx052:190:295 [6] NCCL INFO 28 coll channels, 28 collnet channels, 16 nvls channels, 32 p2p channels, 2 p2p channels per peer
dgx052:184:289 [0] NCCL INFO NCCL_NTHREADS set by environment to 512.
dgx052:191:290 [7] NCCL INFO NCCL_NTHREADS set by environment to 512.
dgx052:191:290 [7] NCCL INFO threadThresholds 8/8/64 | 128/8/64 | 512 | 512
dgx052:191:290 [7] NCCL INFO 28 coll channels, 28 collnet channels, 16 nvls channels, 32 p2p channels, 2 p2p channels per peer
dgx052:184:289 [0] NCCL INFO threadThresholds 8/8/64 | 128/8/64 | 512 | 512
dgx052:184:289 [0] NCCL INFO 28 coll channels, 28 collnet channels, 16 nvls channels, 32 p2p channels, 2 p2p channels per peer
dgx052:186:293 [2] NCCL INFO NCCL_NTHREADS set by environment to 512.
dgx052:186:293 [2] NCCL INFO threadThresholds 8/8/64 | 128/8/64 | 512 | 512
dgx052:186:293 [2] NCCL INFO 28 coll channels, 28 collnet channels, 16 nvls channels, 32 p2p channels, 2 p2p channels per peer
dgx052:184:289 [0] NCCL INFO CC Off, Multi-GPU CC Off, workFifoBytes 1048576
dgx052:185:291 [1] NCCL INFO NCCL_NTHREADS set by environment to 512.
dgx052:185:291 [1] NCCL INFO threadThresholds 8/8/64 | 128/8/64 | 512 | 512
dgx052:185:291 [1] NCCL INFO 28 coll channels, 28 collnet channels, 16 nvls channels, 32 p2p channels, 2 p2p channels per peer
dgx052:190:295 [6] NCCL INFO TUNER/Plugin: Failed to find ncclTunerPlugin_v3 symbol.
dgx052:187:294 [3] NCCL INFO TUNER/Plugin: Failed to find ncclTunerPlugin_v3 symbol.
dgx052:190:295 [6] NCCL INFO TUNER/Plugin: Failed to find ncclTunerPlugin_v2 symbol, using internal tuner instead.
dgx052:187:294 [3] NCCL INFO TUNER/Plugin: Failed to find ncclTunerPlugin_v2 symbol, using internal tuner instead.
dgx052:190:295 [6] NCCL INFO ncclCommInitRank comm 0x55f953f73870 rank 6 nranks 16 cudaDev 6 nvmlDev 6 busId d1000 commId 0x6761c29f5fe6918f - Init COMPLETE
dgx052:187:294 [3] NCCL INFO ncclCommInitRank comm 0x5560b48f43d0 rank 3 nranks 16 cudaDev 3 nvmlDev 3 busId 61000 commId 0x6761c29f5fe6918f - Init COMPLETE
dgx052:190:295 [6] NCCL INFO Init timings: rank 6 nranks 16 total 1.99 (kernels 0.38, bootstrap 0.97, allgathers 0.11, topo 0.08, graphs 0.11, connections 0.33, rest 0.02)
dgx052:187:294 [3] NCCL INFO Init timings: rank 3 nranks 16 total 1.99 (kernels 0.20, bootstrap 1.15, allgathers 0.04, topo 0.07, graphs 0.19, connections 0.33, rest 0.02)
dgx052:189:292 [5] NCCL INFO TUNER/Plugin: Failed to find ncclTunerPlugin_v3 symbol.
dgx052:189:292 [5] NCCL INFO TUNER/Plugin: Failed to find ncclTunerPlugin_v2 symbol, using internal tuner instead.
dgx052:189:292 [5] NCCL INFO ncclCommInitRank comm 0x557e1cbfeb30 rank 5 nranks 16 cudaDev 5 nvmlDev 5 busId c3000 commId 0x6761c29f5fe6918f - Init COMPLETE
dgx052:189:292 [5] NCCL INFO Init timings: rank 5 nranks 16 total 2.00 (kernels 0.33, bootstrap 1.03, allgathers 0.10, topo 0.08, graphs 0.12, connections 0.31, rest 0.03)
dgx052:184:289 [0] NCCL INFO TUNER/Plugin: Failed to find ncclTunerPlugin_v3 symbol.
dgx052:184:289 [0] NCCL INFO TUNER/Plugin: Failed to find ncclTunerPlugin_v2 symbol, using internal tuner instead.
dgx052:184:289 [0] NCCL INFO ncclCommInitRank comm 0x55dfd09c8090 rank 0 nranks 16 cudaDev 0 nvmlDev 0 busId 1b000 commId 0x6761c29f5fe6918f - Init COMPLETE
dgx052:184:289 [0] NCCL INFO Init timings: rank 0 nranks 16 total 2.05 (kernels 0.28, bootstrap 1.13, allgathers 0.11, topo 0.07, graphs 0.11, connections 0.33, rest 0.01)
dgx052:186:293 [2] NCCL INFO TUNER/Plugin: Failed to find ncclTunerPlugin_v3 symbol.
dgx052:186:293 [2] NCCL INFO TUNER/Plugin: Failed to find ncclTunerPlugin_v2 symbol, using internal tuner instead.
dgx052:186:293 [2] NCCL INFO ncclCommInitRank comm 0x55bfbd707e60 rank 2 nranks 16 cudaDev 2 nvmlDev 2 busId 52000 commId 0x6761c29f5fe6918f - Init COMPLETE
dgx052:191:290 [7] NCCL INFO TUNER/Plugin: Failed to find ncclTunerPlugin_v3 symbol.
dgx052:185:291 [1] NCCL INFO TUNER/Plugin: Failed to find ncclTunerPlugin_v3 symbol.
dgx052:191:290 [7] NCCL INFO TUNER/Plugin: Failed to find ncclTunerPlugin_v2 symbol, using internal tuner instead.
dgx052:185:291 [1] NCCL INFO TUNER/Plugin: Failed to find ncclTunerPlugin_v2 symbol, using internal tuner instead.
dgx052:186:293 [2] NCCL INFO Init timings: rank 2 nranks 16 total 2.00 (kernels 0.33, bootstrap 1.02, allgathers 0.00, topo 0.08, graphs 0.22, connections 0.32, rest 0.03)
dgx052:191:290 [7] NCCL INFO ncclCommInitRank comm 0x555d9a2cba40 rank 7 nranks 16 cudaDev 7 nvmlDev 7 busId df000 commId 0x6761c29f5fe6918f - Init COMPLETE
dgx052:185:291 [1] NCCL INFO ncclCommInitRank comm 0x562f85410000 rank 1 nranks 16 cudaDev 1 nvmlDev 1 busId 43000 commId 0x6761c29f5fe6918f - Init COMPLETE
dgx052:191:290 [7] NCCL INFO Init timings: rank 7 nranks 16 total 2.02 (kernels 0.31, bootstrap 1.07, allgathers 0.01, topo 0.08, graphs 0.21, connections 0.32, rest 0.02)
dgx052:185:291 [1] NCCL INFO Init timings: rank 1 nranks 16 total 2.01 (kernels 0.31, bootstrap 1.06, allgathers 0.01, topo 0.08, graphs 0.21, connections 0.33, rest 0.02)
dgx052:188:296 [4] NCCL INFO TUNER/Plugin: Failed to find ncclTunerPlugin_v3 symbol.
dgx052:188:296 [4] NCCL INFO TUNER/Plugin: Failed to find ncclTunerPlugin_v2 symbol, using internal tuner instead.
dgx052:188:296 [4] NCCL INFO ncclCommInitRank comm 0x55b970134850 rank 4 nranks 16 cudaDev 4 nvmlDev 4 busId 9d000 commId 0x6761c29f5fe6918f - Init COMPLETE
dgx052:188:296 [4] NCCL INFO Init timings: rank 4 nranks 16 total 1.99 (kernels 0.38, bootstrap 0.97, allgathers 0.01, topo 0.08, graphs 0.21, connections 0.32, rest 0.03)
dgx052:185:403 [1] NCCL INFO NVLS comm 0x562f85410000 headRank 1 nHeads 7 buffSize 1048576 nvlsPerRankSize 33554432 nvlsTotalSize 234881024
dgx052:187:407 [3] NCCL INFO NVLS comm 0x5560b48f43d0 headRank 3 nHeads 7 buffSize 1048576 nvlsPerRankSize 33554432 nvlsTotalSize 234881024
dgx052:186:404 [2] NCCL INFO NVLS comm 0x55bfbd707e60 headRank 2 nHeads 7 buffSize 1048576 nvlsPerRankSize 33554432 nvlsTotalSize 234881024
dgx052:189:408 [5] NCCL INFO NVLS comm 0x557e1cbfeb30 headRank -1 nHeads 7 buffSize 1048576 nvlsPerRankSize 33554432 nvlsTotalSize 234881024
dgx052:190:406 [6] NCCL INFO NVLS comm 0x55f953f73870 headRank 5 nHeads 7 buffSize 1048576 nvlsPerRankSize 33554432 nvlsTotalSize 234881024
dgx052:184:401 [0] NCCL INFO NVLS comm 0x55dfd09c8090 headRank 0 nHeads 7 buffSize 1048576 nvlsPerRankSize 33554432 nvlsTotalSize 234881024
dgx052:188:402 [4] NCCL INFO NVLS comm 0x55b970134850 headRank 4 nHeads 7 buffSize 1048576 nvlsPerRankSize 33554432 nvlsTotalSize 234881024
dgx052:191:405 [7] NCCL INFO NVLS comm 0x555d9a2cba40 headRank 6 nHeads 7 buffSize 1048576 nvlsPerRankSize 33554432 nvlsTotalSize 234881024
dgx052:188:402 [4] NCCL INFO GPU Direct RDMA Enabled for GPU 9d000 / HCA 5 (distance 4 <= 4), read 0
dgx052:185:403 [1] NCCL INFO GPU Direct RDMA Enabled for GPU 43000 / HCA 2 (distance 4 <= 4), read 0
dgx052:184:401 [0] NCCL INFO GPU Direct RDMA Enabled for GPU 1b000 / HCA 0 (distance 4 <= 4), read 0
dgx052:189:408 [5] NCCL INFO Connected NVLS tree
dgx052:190:406 [6] NCCL INFO GPU Direct RDMA Enabled for GPU d1000 / HCA 8 (distance 4 <= 4), read 0
dgx052:191:405 [7] NCCL INFO GPU Direct RDMA Enabled for GPU df000 / HCA 9 (distance 4 <= 4), read 0
dgx052:186:404 [2] NCCL INFO GPU Direct RDMA Enabled for GPU 52000 / HCA 3 (distance 4 <= 4), read 0
dgx052:187:407 [3] NCCL INFO GPU Direct RDMA Enabled for GPU 61000 / HCA 4 (distance 4 <= 4), read 0
dgx052:190:387 [6] NCCL INFO New proxy recv connection 0 from local rank 6, transport 2
dgx052:186:397 [2] NCCL INFO New proxy recv connection 0 from local rank 2, transport 2
dgx052:187:391 [3] NCCL INFO New proxy recv connection 0 from local rank 3, transport 2
dgx052:184:385 [0] NCCL INFO New proxy recv connection 0 from local rank 0, transport 2
dgx052:185:389 [1] NCCL INFO New proxy recv connection 0 from local rank 1, transport 2
dgx052:188:395 [4] NCCL INFO New proxy recv connection 0 from local rank 4, transport 2
dgx052:191:393 [7] NCCL INFO New proxy recv connection 0 from local rank 7, transport 2
dgx052:187:407 [3] NCCL INFO Connected to proxy localRank 3 -> connection 0x7fa630004f40
dgx052:186:404 [2] NCCL INFO Connected to proxy localRank 2 -> connection 0x7f37fc004f40
dgx052:187:391 [3] NCCL INFO NET/IB : GPU Direct RDMA (DMABUF) enabled for HCA 4 'mlx5_5
dgx052:186:397 [2] NCCL INFO NET/IB : GPU Direct RDMA (DMABUF) enabled for HCA 3 'mlx5_4
dgx052:191:405 [7] NCCL INFO Connected to proxy localRank 7 -> connection 0x7f8e80004f40
dgx052:187:407 [3] NCCL INFO Channel 00/0 : 11[3] -> 3[3] [receive] via NET/IBext_v8/4/GDRDMA
dgx052:186:404 [2] NCCL INFO Channel 00/0 : 10[2] -> 2[2] [receive] via NET/IBext_v8/3/GDRDMA
dgx052:187:407 [3] NCCL INFO GPU Direct RDMA Enabled for GPU 61000 / HCA 4 (distance 4 <= 4), read 0
dgx052:186:404 [2] NCCL INFO GPU Direct RDMA Enabled for GPU 52000 / HCA 3 (distance 4 <= 4), read 0
dgx052:185:403 [1] NCCL INFO Connected to proxy localRank 1 -> connection 0x7fd490004f40
dgx052:191:393 [7] NCCL INFO NET/IB : GPU Direct RDMA (DMABUF) enabled for HCA 9 'mlx5_11
dgx052:190:406 [6] NCCL INFO Connected to proxy localRank 6 -> connection 0x7f02e8004f40
dgx052:191:405 [7] NCCL INFO Channel 00/0 : 15[7] -> 7[7] [receive] via NET/IBext_v8/9/GDRDMA
dgx052:191:405 [7] NCCL INFO GPU Direct RDMA Enabled for GPU df000 / HCA 9 (distance 4 <= 4), read 0
dgx052:187:391 [3] NCCL INFO New proxy recv connection 1 from local rank 3, transport 2
dgx052:186:397 [2] NCCL INFO New proxy recv connection 1 from local rank 2, transport 2
dgx052:187:407 [3] NCCL INFO Connected to proxy localRank 3 -> connection 0x7fa630004fb8
dgx052:186:404 [2] NCCL INFO Connected to proxy localRank 2 -> connection 0x7f37fc004fb8
dgx052:191:393 [7] NCCL INFO New proxy recv connection 1 from local rank 7, transport 2
dgx052:185:389 [1] NCCL INFO NET/IB : GPU Direct RDMA (DMABUF) enabled for HCA 2 'mlx5_3
dgx052:191:405 [7] NCCL INFO Connected to proxy localRank 7 -> connection 0x7f8e80004fb8
dgx052:190:387 [6] NCCL INFO NET/IB : GPU Direct RDMA (DMABUF) enabled for HCA 8 'mlx5_10
dgx052:185:403 [1] NCCL INFO Channel 00/0 : 9[1] -> 1[1] [receive] via NET/IBext_v8/2/GDRDMA
dgx052:186:397 [2] NCCL INFO NET/IB : GPU Direct RDMA (DMABUF) enabled for HCA 3 'mlx5_4
dgx052:185:403 [1] NCCL INFO GPU Direct RDMA Enabled for GPU 43000 / HCA 2 (distance 4 <= 4), read 0
dgx052:191:393 [7] NCCL INFO NET/IB : GPU Direct RDMA (DMABUF) enabled for HCA 9 'mlx5_11
dgx052:190:406 [6] NCCL INFO Channel 00/0 : 14[6] -> 6[6] [receive] via NET/IBext_v8/8/GDRDMA
dgx052:190:406 [6] NCCL INFO GPU Direct RDMA Enabled for GPU d1000 / HCA 8 (distance 4 <= 4), read 0
dgx052:186:404 [2] NCCL INFO Channel 01/0 : 10[2] -> 2[2] [receive] via NET/IBext_v8/3/GDRDMA
dgx052:186:404 [2] NCCL INFO GPU Direct RDMA Enabled for GPU 52000 / HCA 3 (distance 4 <= 4), read 0
dgx052:191:405 [7] NCCL INFO Channel 01/0 : 15[7] -> 7[7] [receive] via NET/IBext_v8/9/GDRDMA
dgx052:191:405 [7] NCCL INFO GPU Direct RDMA Enabled for GPU df000 / HCA 9 (distance 4 <= 4), read 0
dgx052:191:393 [7] NCCL INFO New proxy recv connection 2 from local rank 7, transport 2
dgx052:187:391 [3] NCCL INFO NET/IB : GPU Direct RDMA (DMABUF) enabled for HCA 4 'mlx5_5
dgx052:185:389 [1] NCCL INFO New proxy recv connection 1 from local rank 1, transport 2
dgx052:191:405 [7] NCCL INFO Connected to proxy localRank 7 -> connection 0x7f8e80005030
dgx052:185:403 [1] NCCL INFO Connected to proxy localRank 1 -> connection 0x7fd490004fb8
dgx052:186:397 [2] NCCL INFO New proxy recv connection 2 from local rank 2, transport 2
dgx052:187:407 [3] NCCL INFO Channel 01/0 : 11[3] -> 3[3] [receive] via NET/IBext_v8/4/GDRDMA
dgx052:187:407 [3] NCCL INFO GPU Direct RDMA Enabled for GPU 61000 / HCA 4 (distance 4 <= 4), read 0
dgx052:190:387 [6] NCCL INFO New proxy recv connection 1 from local rank 6, transport 2
dgx052:186:404 [2] NCCL INFO Connected to proxy localRank 2 -> connection 0x7f37fc005030
dgx052:190:406 [6] NCCL INFO Connected to proxy localRank 6 -> connection 0x7f02e8004fb8
dgx052:185:389 [1] NCCL INFO NET/IB : GPU Direct RDMA (DMABUF) enabled for HCA 2 'mlx5_3
dgx052:191:393 [7] NCCL INFO NET/IB : GPU Direct RDMA (DMABUF) enabled for HCA 9 'mlx5_11
dgx052:191:405 [7] NCCL INFO Channel 02/0 : 15[7] -> 7[7] [receive] via NET/IBext_v8/9/GDRDMA
dgx052:185:403 [1] NCCL INFO Channel 01/0 : 9[1] -> 1[1] [receive] via NET/IBext_v8/2/GDRDMA
dgx052:191:405 [7] NCCL INFO GPU Direct RDMA Enabled for GPU df000 / HCA 9 (distance 4 <= 4), read 0
dgx052:185:403 [1] NCCL INFO GPU Direct RDMA Enabled for GPU 43000 / HCA 2 (distance 4 <= 4), read 0
dgx052:190:387 [6] NCCL INFO NET/IB : GPU Direct RDMA (DMABUF) enabled for HCA 8 'mlx5_10
dgx052:186:397 [2] NCCL INFO NET/IB : GPU Direct RDMA (DMABUF) enabled for HCA 3 'mlx5_4
dgx052:187:391 [3] NCCL INFO New proxy recv connection 2 from local rank 3, transport 2
dgx052:191:393 [7] NCCL INFO New proxy recv connection 3 from local rank 7, transport 2
dgx052:190:406 [6] NCCL INFO Channel 01/0 : 14[6] -> 6[6] [receive] via NET/IBext_v8/8/GDRDMA
dgx052:186:404 [2] NCCL INFO Channel 02/0 : 10[2] -> 2[2] [receive] via NET/IBext_v8/3/GDRDMA
dgx052:190:406 [6] NCCL INFO GPU Direct RDMA Enabled for GPU d1000 / HCA 8 (distance 4 <= 4), read 0
dgx052:186:404 [2] NCCL INFO GPU Direct RDMA Enabled for GPU 52000 / HCA 3 (distance 4 <= 4), read 0
dgx052:187:407 [3] NCCL INFO Connected to proxy localRank 3 -> connection 0x7fa630005030
dgx052:191:405 [7] NCCL INFO Connected to proxy localRank 7 -> connection 0x7f8e800050a8
dgx052:185:389 [1] NCCL INFO New proxy recv connection 2 from local rank 1, transport 2
dgx052:185:403 [1] NCCL INFO Connected to proxy localRank 1 -> connection 0x7fd490005030
dgx052:187:391 [3] NCCL INFO NET/IB : GPU Direct RDMA (DMABUF) enabled for HCA 4 'mlx5_5
dgx052:191:393 [7] NCCL INFO NET/IB : GPU Direct RDMA (DMABUF) enabled for HCA 9 'mlx5_11
dgx052:186:397 [2] NCCL INFO New proxy recv connection 3 from local rank 2, transport 2
dgx052:191:405 [7] NCCL INFO Channel 03/0 : 15[7] -> 7[7] [receive] via NET/IBext_v8/9/GDRDMA
dgx052:191:405 [7] NCCL INFO GPU Direct RDMA Enabled for GPU df000 / HCA 9 (distance 4 <= 4), read 0
dgx052:187:407 [3] NCCL INFO Channel 02/0 : 11[3] -> 3[3] [receive] via NET/IBext_v8/4/GDRDMA
dgx052:187:407 [3] NCCL INFO GPU Direct RDMA Enabled for GPU 61000 / HCA 4 (distance 4 <= 4), read 0
dgx052:185:389 [1] NCCL INFO NET/IB : GPU Direct RDMA (DMABUF) enabled for HCA 2 'mlx5_3
dgx052:190:387 [6] NCCL INFO New proxy recv connection 2 from local rank 6, transport 2
dgx052:186:404 [2] NCCL INFO Connected to proxy localRank 2 -> connection 0x7f37fc0050a8
dgx052:190:406 [6] NCCL INFO Connected to proxy localRank 6 -> connection 0x7f02e8005030
dgx052:191:393 [7] NCCL INFO New proxy recv connection 4 from local rank 7, transport 2
dgx052:185:403 [1] NCCL INFO Channel 02/0 : 9[1] -> 1[1] [receive] via NET/IBext_v8/2/GDRDMA
dgx052:185:403 [1] NCCL INFO GPU Direct RDMA Enabled for GPU 43000 / HCA 2 (distance 4 <= 4), read 0
dgx052:191:405 [7] NCCL INFO Connected to proxy localRank 7 -> connection 0x7f8e80005120
dgx052:185:389 [1] NCCL INFO New proxy recv connection 3 from local rank 1, transport 2
dgx052:186:397 [2] NCCL INFO NET/IB : GPU Direct RDMA (DMABUF) enabled for HCA 3 'mlx5_4
dgx052:190:387 [6] NCCL INFO NET/IB : GPU Direct RDMA (DMABUF) enabled for HCA 8 'mlx5_10
dgx052:187:391 [3] NCCL INFO New proxy recv connection 3 from local rank 3, transport 2
dgx052:185:403 [1] NCCL INFO Connected to proxy localRank 1 -> connection 0x7fd4900050a8
dgx052:186:404 [2] NCCL INFO Channel 03/0 : 10[2] -> 2[2] [receive] via NET/IBext_v8/3/GDRDMA
dgx052:187:407 [3] NCCL INFO Connected to proxy localRank 3 -> connection 0x7fa6300050a8
dgx052:191:393 [7] NCCL INFO NET/IB : GPU Direct RDMA (DMABUF) enabled for HCA 9 'mlx5_11
dgx052:186:404 [2] NCCL INFO GPU Direct RDMA Enabled for GPU 52000 / HCA 3 (distance 4 <= 4), read 0
dgx052:190:406 [6] NCCL INFO Channel 02/0 : 14[6] -> 6[6] [receive] via NET/IBext_v8/8/GDRDMA
dgx052:190:406 [6] NCCL INFO GPU Direct RDMA Enabled for GPU d1000 / HCA 8 (distance 4 <= 4), read 0
dgx052:185:389 [1] NCCL INFO NET/IB : GPU Direct RDMA (DMABUF) enabled for HCA 2 'mlx5_3
dgx052:191:405 [7] NCCL INFO Channel 04/0 : 15[7] -> 7[7] [receive] via NET/IBext_v8/9/GDRDMA
dgx052:191:405 [7] NCCL INFO GPU Direct RDMA Enabled for GPU df000 / HCA 9 (distance 4 <= 4), read 0
dgx052:185:403 [1] NCCL INFO Channel 03/0 : 9[1] -> 1[1] [receive] via NET/IBext_v8/2/GDRDMA
dgx052:185:403 [1] NCCL INFO GPU Direct RDMA Enabled for GPU 43000 / HCA 2 (distance 4 <= 4), read 0
dgx052:191:393 [7] NCCL INFO New proxy recv connection 5 from local rank 7, transport 2
dgx052:185:389 [1] NCCL INFO New proxy recv connection 4 from local rank 1, transport 2
dgx052:191:405 [7] NCCL INFO Connected to proxy localRank 7 -> connection 0x7f8e80005198
dgx052:185:403 [1] NCCL INFO Connected to proxy localRank 1 -> connection 0x7fd490005120
dgx052:190:387 [6] NCCL INFO New proxy recv connection 3 from local rank 6, transport 2
dgx052:186:397 [2] NCCL INFO New proxy recv connection 4 from local rank 2, transport 2
dgx052:190:406 [6] NCCL INFO Connected to proxy localRank 6 -> connection 0x7f02e80050a8
dgx052:187:391 [3] NCCL INFO NET/IB : GPU Direct RDMA (DMABUF) enabled for HCA 4 'mlx5_5
dgx052:185:389 [1] NCCL INFO NET/IB : GPU Direct RDMA (DMABUF) enabled for HCA 2 'mlx5_3
dgx052:191:393 [7] NCCL INFO NET/IB : GPU Direct RDMA (DMABUF) enabled for HCA 9 'mlx5_11
dgx052:186:404 [2] NCCL INFO Connected to proxy localRank 2 -> connection 0x7f37fc005120
dgx052:185:403 [1] NCCL INFO Channel 04/0 : 9[1] -> 1[1] [receive] via NET/IBext_v8/2/GDRDMA
dgx052:185:403 [1] NCCL INFO GPU Direct RDMA Enabled for GPU 43000 / HCA 2 (distance 4 <= 4), read 0
dgx052:191:405 [7] NCCL INFO Channel 05/0 : 15[7] -> 7[7] [receive] via NET/IBext_v8/9/GDRDMA
dgx052:191:405 [7] NCCL INFO GPU Direct RDMA Enabled for GPU df000 / HCA 9 (distance 4 <= 4), read 0
dgx052:187:407 [3] NCCL INFO Channel 03/0 : 11[3] -> 3[3] [receive] via NET/IBext_v8/4/GDRDMA
dgx052:187:407 [3] NCCL INFO GPU Direct RDMA Enabled for GPU 61000 / HCA 4 (distance 4 <= 4), read 0
dgx052:190:387 [6] NCCL INFO NET/IB : GPU Direct RDMA (DMABUF) enabled for HCA 8 'mlx5_10
dgx052:185:389 [1] NCCL INFO New proxy recv connection 5 from local rank 1, transport 2
dgx052:186:397 [2] NCCL INFO NET/IB : GPU Direct RDMA (DMABUF) enabled for HCA 3 'mlx5_4
dgx052:185:403 [1] NCCL INFO Connected to proxy localRank 1 -> connection 0x7fd490005198
dgx052:190:406 [6] NCCL INFO Channel 03/0 : 14[6] -> 6[6] [receive] via NET/IBext_v8/8/GDRDMA
dgx052:190:406 [6] NCCL INFO GPU Direct RDMA Enabled for GPU d1000 / HCA 8 (distance 4 <= 4), read 0
dgx052:191:393 [7] NCCL INFO New proxy recv connection 6 from local rank 7, transport 2
dgx052:186:404 [2] NCCL INFO Channel 04/0 : 10[2] -> 2[2] [receive] via NET/IBext_v8/3/GDRDMA
dgx052:186:404 [2] NCCL INFO GPU Direct RDMA Enabled for GPU 52000 / HCA 3 (distance 4 <= 4), read 0
dgx052:191:405 [7] NCCL INFO Connected to proxy localRank 7 -> connection 0x7f8e80005210
dgx052:185:389 [1] NCCL INFO NET/IB : GPU Direct RDMA (DMABUF) enabled for HCA 2 'mlx5_3
dgx052:190:387 [6] NCCL INFO New proxy recv connection 4 from local rank 6, transport 2
dgx052:190:406 [6] NCCL INFO Connected to proxy localRank 6 -> connection 0x7f02e8005120
dgx052:185:403 [1] NCCL INFO Channel 05/0 : 9[1] -> 1[1] [receive] via NET/IBext_v8/2/GDRDMA
dgx052:187:391 [3] NCCL INFO New proxy recv connection 4 from local rank 3, transport 2
dgx052:185:403 [1] NCCL INFO GPU Direct RDMA Enabled for GPU 43000 / HCA 2 (distance 4 <= 4), read 0
dgx052:187:407 [3] NCCL INFO Connected to proxy localRank 3 -> connection 0x7fa630005120
dgx052:191:393 [7] NCCL INFO NET/IB : GPU Direct RDMA (DMABUF) enabled for HCA 9 'mlx5_11
dgx052:191:405 [7] NCCL INFO Channel 06/0 : 15[7] -> 7[7] [receive] via NET/IBext_v8/9/GDRDMA
dgx052:190:387 [6] NCCL INFO NET/IB : GPU Direct RDMA (DMABUF) enabled for HCA 8 'mlx5_10
dgx052:191:405 [7] NCCL INFO GPU Direct RDMA Enabled for GPU df000 / HCA 9 (distance 4 <= 4), read 0
dgx052:186:397 [2] NCCL INFO New proxy recv connection 5 from local rank 2, transport 2
dgx052:187:391 [3] NCCL INFO NET/IB : GPU Direct RDMA (DMABUF) enabled for HCA 4 'mlx5_5
dgx052:190:406 [6] NCCL INFO Channel 04/0 : 14[6] -> 6[6] [receive] via NET/IBext_v8/8/GDRDMA
dgx052:190:406 [6] NCCL INFO GPU Direct RDMA Enabled for GPU d1000 / HCA 8 (distance 4 <= 4), read 0
dgx052:186:404 [2] NCCL INFO Connected to proxy localRank 2 -> connection 0x7f37fc005198
dgx052:187:407 [3] NCCL INFO Channel 04/0 : 11[3] -> 3[3] [receive] via NET/IBext_v8/4/GDRDMA
dgx052:185:389 [1] NCCL INFO New proxy recv connection 6 from local rank 1, transport 2
dgx052:187:407 [3] NCCL INFO GPU Direct RDMA Enabled for GPU 61000 / HCA 4 (distance 4 <= 4), read 0
dgx052:191:393 [7] NCCL INFO New proxy recv connection 7 from local rank 7, transport 2
dgx052:185:403 [1] NCCL INFO Connected to proxy localRank 1 -> connection 0x7fd490005210
dgx052:191:405 [7] NCCL INFO Connected to proxy localRank 7 -> connection 0x7f8e80005288
dgx052:185:389 [1] NCCL INFO NET/IB : GPU Direct RDMA (DMABUF) enabled for HCA 2 'mlx5_3
dgx052:191:393 [7] NCCL INFO NET/IB : GPU Direct RDMA (DMABUF) enabled for HCA 9 'mlx5_11
dgx052:187:391 [3] NCCL INFO New proxy recv connection 5 from local rank 3, transport 2
dgx052:186:397 [2] NCCL INFO NET/IB : GPU Direct RDMA (DMABUF) enabled for HCA 3 'mlx5_4
dgx052:191:405 [7] NCCL INFO Channel 07/0 : 15[7] -> 7[7] [receive] via NET/IBext_v8/9/GDRDMA
dgx052:185:403 [1] NCCL INFO Channel 06/0 : 9[1] -> 1[1] [receive] via NET/IBext_v8/2/GDRDMA
dgx052:191:405 [7] NCCL INFO GPU Direct RDMA Enabled for GPU df000 / HCA 9 (distance 4 <= 4), read 0
dgx052:185:403 [1] NCCL INFO GPU Direct RDMA Enabled for GPU 43000 / HCA 2 (distance 4 <= 4), read 0
dgx052:187:407 [3] NCCL INFO Connected to proxy localRank 3 -> connection 0x7fa630005198
dgx052:190:387 [6] NCCL INFO New proxy recv connection 5 from local rank 6, transport 2
dgx052:186:404 [2] NCCL INFO Channel 05/0 : 10[2] -> 2[2] [receive] via NET/IBext_v8/3/GDRDMA
dgx052:186:404 [2] NCCL INFO GPU Direct RDMA Enabled for GPU 52000 / HCA 3 (distance 4 <= 4), read 0
dgx052:190:406 [6] NCCL INFO Connected to proxy localRank 6 -> connection 0x7f02e8005198
dgx052:191:393 [7] NCCL INFO New proxy recv connection 8 from local rank 7, transport 2
dgx052:191:405 [7] NCCL INFO Connected to proxy localRank 7 -> connection 0x7f8e80005300
dgx052:187:391 [3] NCCL INFO NET/IB : GPU Direct RDMA (DMABUF) enabled for HCA 4 'mlx5_5
dgx052:186:397 [2] NCCL INFO New proxy recv connection 6 from local rank 2, transport 2
dgx052:191:393 [7] NCCL INFO NET/IB : GPU Direct RDMA (DMABUF) enabled for HCA 9 'mlx5_11
dgx052:190:387 [6] NCCL INFO NET/IB : GPU Direct RDMA (DMABUF) enabled for HCA 8 'mlx5_10
dgx052:187:407 [3] NCCL INFO Channel 05/0 : 11[3] -> 3[3] [receive] via NET/IBext_v8/4/GDRDMA
dgx052:186:404 [2] NCCL INFO Connected to proxy localRank 2 -> connection 0x7f37fc005210
dgx052:187:407 [3] NCCL INFO GPU Direct RDMA Enabled for GPU 61000 / HCA 4 (distance 4 <= 4), read 0
dgx052:185:389 [1] NCCL INFO New proxy recv connection 7 from local rank 1, transport 2
dgx052:190:406 [6] NCCL INFO Channel 05/0 : 14[6] -> 6[6] [receive] via NET/IBext_v8/8/GDRDMA
dgx052:191:405 [7] NCCL INFO Channel 08/0 : 15[7] -> 7[7] [receive] via NET/IBext_v8/9/GDRDMA
dgx052:190:406 [6] NCCL INFO GPU Direct RDMA Enabled for GPU d1000 / HCA 8 (distance 4 <= 4), read 0
dgx052:191:405 [7] NCCL INFO GPU Direct RDMA Enabled for GPU df000 / HCA 9 (distance 4 <= 4), read 0
dgx052:185:403 [1] NCCL INFO Connected to proxy localRank 1 -> connection 0x7fd490005288
dgx052:187:391 [3] NCCL INFO New proxy recv connection 6 from local rank 3, transport 2
dgx052:187:407 [3] NCCL INFO Connected to proxy localRank 3 -> connection 0x7fa630005210
dgx052:191:393 [7] NCCL INFO New proxy recv connection 9 from local rank 7, transport 2
dgx052:185:389 [1] NCCL INFO NET/IB : GPU Direct RDMA (DMABUF) enabled for HCA 2 'mlx5_3
dgx052:191:405 [7] NCCL INFO Connected to proxy localRank 7 -> connection 0x7f8e80005378
dgx052:186:397 [2] NCCL INFO NET/IB : GPU Direct RDMA (DMABUF) enabled for HCA 3 'mlx5_4
dgx052:186:404 [2] NCCL INFO Channel 06/0 : 10[2] -> 2[2] [receive] via NET/IBext_v8/3/GDRDMA
dgx052:190:387 [6] NCCL INFO New proxy recv connection 6 from local rank 6, transport 2
dgx052:186:404 [2] NCCL INFO GPU Direct RDMA Enabled for GPU 52000 / HCA 3 (distance 4 <= 4), read 0
dgx052:185:403 [1] NCCL INFO Channel 07/0 : 9[1] -> 1[1] [receive] via NET/IBext_v8/2/GDRDMA
dgx052:185:403 [1] NCCL INFO GPU Direct RDMA Enabled for GPU 43000 / HCA 2 (distance 4 <= 4), read 0
dgx052:190:406 [6] NCCL INFO Connected to proxy localRank 6 -> connection 0x7f02e8005210
dgx052:191:393 [7] NCCL INFO NET/IB : GPU Direct RDMA (DMABUF) enabled for HCA 9 'mlx5_11
dgx052:190:387 [6] NCCL INFO NET/IB : GPU Direct RDMA (DMABUF) enabled for HCA 8 'mlx5_10
dgx052:191:405 [7] NCCL INFO Channel 09/0 : 15[7] -> 7[7] [receive] via NET/IBext_v8/9/GDRDMA
dgx052:191:405 [7] NCCL INFO GPU Direct RDMA Enabled for GPU df000 / HCA 9 (distance 4 <= 4), read 0
dgx052:187:391 [3] NCCL INFO NET/IB : GPU Direct RDMA (DMABUF) enabled for HCA 4 'mlx5_5
dgx052:190:406 [6] NCCL INFO Channel 06/0 : 14[6] -> 6[6] [receive] via NET/IBext_v8/8/GDRDMA
dgx052:190:406 [6] NCCL INFO GPU Direct RDMA Enabled for GPU d1000 / HCA 8 (distance 4 <= 4), read 0
dgx052:187:407 [3] NCCL INFO Channel 06/0 : 11[3] -> 3[3] [receive] via NET/IBext_v8/4/GDRDMA
dgx052:187:407 [3] NCCL INFO GPU Direct RDMA Enabled for GPU 61000 / HCA 4 (distance 4 <= 4), read 0
dgx052:186:397 [2] NCCL INFO New proxy recv connection 7 from local rank 2, transport 2
dgx052:191:393 [7] NCCL INFO New proxy recv connection 10 from local rank 7, transport 2
dgx052:190:387 [6] NCCL INFO New proxy recv connection 7 from local rank 6, transport 2
dgx052:186:404 [2] NCCL INFO Connected to proxy localRank 2 -> connection 0x7f37fc005288
dgx052:190:406 [6] NCCL INFO Connected to proxy localRank 6 -> connection 0x7f02e8005288
dgx052:185:389 [1] NCCL INFO New proxy recv connection 8 from local rank 1, transport 2
dgx052:191:405 [7] NCCL INFO Connected to proxy localRank 7 -> connection 0x7f8e800053f0
dgx052:187:391 [3] NCCL INFO New proxy recv connection 7 from local rank 3, transport 2
dgx052:185:403 [1] NCCL INFO Connected to proxy localRank 1 -> connection 0x7fd490005300
dgx052:187:407 [3] NCCL INFO Connected to proxy localRank 3 -> connection 0x7fa630005288
dgx052:190:387 [6] NCCL INFO NET/IB : GPU Direct RDMA (DMABUF) enabled for HCA 8 'mlx5_10
dgx052:190:406 [6] NCCL INFO Channel 07/0 : 14[6] -> 6[6] [receive] via NET/IBext_v8/8/GDRDMA
dgx052:190:406 [6] NCCL INFO GPU Direct RDMA Enabled for GPU d1000 / HCA 8 (distance 4 <= 4), read 0
dgx052:191:393 [7] NCCL INFO NET/IB : GPU Direct RDMA (DMABUF) enabled for HCA 9 'mlx5_11
dgx052:190:387 [6] NCCL INFO New proxy recv connection 8 from local rank 6, transport 2
dgx052:191:405 [7] NCCL INFO Channel 10/0 : 15[7] -> 7[7] [receive] via NET/IBext_v8/9/GDRDMA
dgx052:191:405 [7] NCCL INFO GPU Direct RDMA Enabled for GPU df000 / HCA 9 (distance 4 <= 4), read 0
dgx052:190:406 [6] NCCL INFO Connected to proxy localRank 6 -> connection 0x7f02e8005300
dgx052:185:389 [1] NCCL INFO NET/IB : GPU Direct RDMA (DMABUF) enabled for HCA 2 'mlx5_3
dgx052:187:391 [3] NCCL INFO NET/IB : GPU Direct RDMA (DMABUF) enabled for HCA 4 'mlx5_5
dgx052:186:397 [2] NCCL INFO NET/IB : GPU Direct RDMA (DMABUF) enabled for HCA 3 'mlx5_4
dgx052:191:393 [7] NCCL INFO New proxy recv connection 11 from local rank 7, transport 2
dgx052:187:407 [3] NCCL INFO Channel 07/0 : 11[3] -> 3[3] [receive] via NET/IBext_v8/4/GDRDMA
dgx052:190:387 [6] NCCL INFO NET/IB : GPU Direct RDMA (DMABUF) enabled for HCA 8 'mlx5_10
dgx052:187:407 [3] NCCL INFO GPU Direct RDMA Enabled for GPU 61000 / HCA 4 (distance 4 <= 4), read 0
dgx052:191:405 [7] NCCL INFO Connected to proxy localRank 7 -> connection 0x7f8e80005468
dgx052:186:404 [2] NCCL INFO Channel 07/0 : 10[2] -> 2[2] [receive] via NET/IBext_v8/3/GDRDMA
dgx052:190:406 [6] NCCL INFO Channel 08/0 : 14[6] -> 6[6] [receive] via NET/IBext_v8/8/GDRDMA
dgx052:190:406 [6] NCCL INFO GPU Direct RDMA Enabled for GPU d1000 / HCA 8 (distance 4 <= 4), read 0
dgx052:186:404 [2] NCCL INFO GPU Direct RDMA Enabled for GPU 52000 / HCA 3 (distance 4 <= 4), read 0
dgx052:185:403 [1] NCCL INFO Channel 08/0 : 9[1] -> 1[1] [receive] via NET/IBext_v8/2/GDRDMA
dgx052:190:387 [6] NCCL INFO New proxy recv connection 9 from local rank 6, transport 2
dgx052:185:403 [1] NCCL INFO GPU Direct RDMA Enabled for GPU 43000 / HCA 2 (distance 4 <= 4), read 0
dgx052:190:406 [6] NCCL INFO Connected to proxy localRank 6 -> connection 0x7f02e8005378
dgx052:191:393 [7] NCCL INFO NET/IB : GPU Direct RDMA (DMABUF) enabled for HCA 9 'mlx5_11
dgx052:190:387 [6] NCCL INFO NET/IB : GPU Direct RDMA (DMABUF) enabled for HCA 8 'mlx5_10
dgx052:191:405 [7] NCCL INFO Channel 11/0 : 15[7] -> 7[7] [receive] via NET/IBext_v8/9/GDRDMA
dgx052:185:389 [1] NCCL INFO New proxy recv connection 9 from local rank 1, transport 2
dgx052:191:405 [7] NCCL INFO GPU Direct RDMA Enabled for GPU df000 / HCA 9 (distance 4 <= 4), read 0
dgx052:190:406 [6] NCCL INFO Channel 09/0 : 14[6] -> 6[6] [receive] via NET/IBext_v8/8/GDRDMA
dgx052:190:406 [6] NCCL INFO GPU Direct RDMA Enabled for GPU d1000 / HCA 8 (distance 4 <= 4), read 0
dgx052:190:387 [6] NCCL INFO New proxy recv connection 10 from local rank 6, transport 2
dgx052:185:403 [1] NCCL INFO Connected to proxy localRank 1 -> connection 0x7fd490005378
dgx052:190:406 [6] NCCL INFO Connected to proxy localRank 6 -> connection 0x7f02e80053f0
dgx052:191:393 [7] NCCL INFO New proxy recv connection 12 from local rank 7, transport 2
dgx052:190:387 [6] NCCL INFO NET/IB : GPU Direct RDMA (DMABUF) enabled for HCA 8 'mlx5_10
dgx052:191:405 [7] NCCL INFO Connected to proxy localRank 7 -> connection 0x7f8e800054e0
dgx052:190:406 [6] NCCL INFO Channel 10/0 : 14[6] -> 6[6] [receive] via NET/IBext_v8/8/GDRDMA
dgx052:190:406 [6] NCCL INFO GPU Direct RDMA Enabled for GPU d1000 / HCA 8 (distance 4 <= 4), read 0
dgx052:190:387 [6] NCCL INFO New proxy recv connection 11 from local rank 6, transport 2
dgx052:187:391 [3] NCCL INFO New proxy recv connection 8 from local rank 3, transport 2
dgx052:190:406 [6] NCCL INFO Connected to proxy localRank 6 -> connection 0x7f02e8005468
dgx052:191:393 [7] NCCL INFO NET/IB : GPU Direct RDMA (DMABUF) enabled for HCA 9 'mlx5_11
dgx052:185:389 [1] NCCL INFO NET/IB : GPU Direct RDMA (DMABUF) enabled for HCA 2 'mlx5_3
dgx052:187:407 [3] NCCL INFO Connected to proxy localRank 3 -> connection 0x7fa630005300
dgx052:190:387 [6] NCCL INFO NET/IB : GPU Direct RDMA (DMABUF) enabled for HCA 8 'mlx5_10
dgx052:186:397 [2] NCCL INFO New proxy recv connection 8 from local rank 2, transport 2
dgx052:191:405 [7] NCCL INFO Channel 12/0 : 15[7] -> 7[7] [receive] via NET/IBext_v8/9/GDRDMA
dgx052:191:405 [7] NCCL INFO GPU Direct RDMA Enabled for GPU df000 / HCA 9 (distance 4 <= 4), read 0
dgx052:190:406 [6] NCCL INFO Channel 11/0 : 14[6] -> 6[6] [receive] via NET/IBext_v8/8/GDRDMA
dgx052:190:406 [6] NCCL INFO GPU Direct RDMA Enabled for GPU d1000 / HCA 8 (distance 4 <= 4), read 0
dgx052:186:404 [2] NCCL INFO Connected to proxy localRank 2 -> connection 0x7f37fc005300
dgx052:185:403 [1] NCCL INFO Channel 09/0 : 9[1] -> 1[1] [receive] via NET/IBext_v8/2/GDRDMA
dgx052:185:403 [1] NCCL INFO GPU Direct RDMA Enabled for GPU 43000 / HCA 2 (distance 4 <= 4), read 0
dgx052:190:387 [6] NCCL INFO New proxy recv connection 12 from local rank 6, transport 2
dgx052:191:393 [7] NCCL INFO New proxy recv connection 13 from local rank 7, transport 2
dgx052:187:391 [3] NCCL INFO NET/IB : GPU Direct RDMA (DMABUF) enabled for HCA 4 'mlx5_5
dgx052:190:406 [6] NCCL INFO Connected to proxy localRank 6 -> connection 0x7f02e80054e0
dgx052:185:389 [1] NCCL INFO New proxy recv connection 10 from local rank 1, transport 2
dgx052:191:405 [7] NCCL INFO Connected to proxy localRank 7 -> connection 0x7f8e80005558
dgx052:190:387 [6] NCCL INFO NET/IB : GPU Direct RDMA (DMABUF) enabled for HCA 8 'mlx5_10
dgx052:186:397 [2] NCCL INFO NET/IB : GPU Direct RDMA (DMABUF) enabled for HCA 3 'mlx5_4
dgx052:187:407 [3] NCCL INFO Channel 08/0 : 11[3] -> 3[3] [receive] via NET/IBext_v8/4/GDRDMA
dgx052:185:403 [1] NCCL INFO Connected to proxy localRank 1 -> connection 0x7fd4900053f0
dgx052:187:407 [3] NCCL INFO GPU Direct RDMA Enabled for GPU 61000 / HCA 4 (distance 4 <= 4), read 0
dgx052:190:406 [6] NCCL INFO Channel 12/0 : 14[6] -> 6[6] [receive] via NET/IBext_v8/8/GDRDMA
dgx052:190:406 [6] NCCL INFO GPU Direct RDMA Enabled for GPU d1000 / HCA 8 (distance 4 <= 4), read 0
dgx052:191:393 [7] NCCL INFO NET/IB : GPU Direct RDMA (DMABUF) enabled for HCA 9 'mlx5_11
dgx052:186:404 [2] NCCL INFO Channel 08/0 : 10[2] -> 2[2] [receive] via NET/IBext_v8/3/GDRDMA
dgx052:190:387 [6] NCCL INFO New proxy recv connection 13 from local rank 6, transport 2
dgx052:186:404 [2] NCCL INFO GPU Direct RDMA Enabled for GPU 52000 / HCA 3 (distance 4 <= 4), read 0
dgx052:190:406 [6] NCCL INFO Connected to proxy localRank 6 -> connection 0x7f02e8005558
dgx052:191:405 [7] NCCL INFO Channel 13/0 : 15[7] -> 7[7] [receive] via NET/IBext_v8/9/GDRDMA
dgx052:191:405 [7] NCCL INFO GPU Direct RDMA Enabled for GPU df000 / HCA 9 (distance 4 <= 4), read 0
dgx052:185:389 [1] NCCL INFO NET/IB : GPU Direct RDMA (DMABUF) enabled for HCA 2 'mlx5_3
dgx052:190:387 [6] NCCL INFO NET/IB : GPU Direct RDMA (DMABUF) enabled for HCA 8 'mlx5_10
dgx052:186:397 [2] NCCL INFO New proxy recv connection 9 from local rank 2, transport 2
dgx052:190:406 [6] NCCL INFO Channel 13/0 : 14[6] -> 6[6] [receive] via NET/IBext_v8/8/GDRDMA
dgx052:190:406 [6] NCCL INFO GPU Direct RDMA Enabled for GPU d1000 / HCA 8 (distance 4 <= 4), read 0
dgx052:191:393 [7] NCCL INFO New proxy recv connection 14 from local rank 7, transport 2
dgx052:186:404 [2] NCCL INFO Connected to proxy localRank 2 -> connection 0x7f37fc005378
dgx052:185:403 [1] NCCL INFO Channel 10/0 : 9[1] -> 1[1] [receive] via NET/IBext_v8/2/GDRDMA
dgx052:185:403 [1] NCCL INFO GPU Direct RDMA Enabled for GPU 43000 / HCA 2 (distance 4 <= 4), read 0
dgx052:190:387 [6] NCCL INFO New proxy recv connection 14 from local rank 6, transport 2
dgx052:191:405 [7] NCCL INFO Connected to proxy localRank 7 -> connection 0x7f8e800055d0
dgx052:190:406 [6] NCCL INFO Connected to proxy localRank 6 -> connection 0x7f02e80055d0
dgx052:190:387 [6] NCCL INFO NET/IB : GPU Direct RDMA (DMABUF) enabled for HCA 8 'mlx5_10
dgx052:185:389 [1] NCCL INFO New proxy recv connection 11 from local rank 1, transport 2
dgx052:186:397 [2] NCCL INFO NET/IB : GPU Direct RDMA (DMABUF) enabled for HCA 3 'mlx5_4
dgx052:191:393 [7] NCCL INFO NET/IB : GPU Direct RDMA (DMABUF) enabled for HCA 9 'mlx5_11
dgx052:187:391 [3] NCCL INFO New proxy recv connection 9 from local rank 3, transport 2
dgx052:190:406 [6] NCCL INFO Channel 14/0 : 14[6] -> 6[6] [receive] via NET/IBext_v8/8/GDRDMA
dgx052:190:406 [6] NCCL INFO GPU Direct RDMA Enabled for GPU d1000 / HCA 8 (distance 4 <= 4), read 0
dgx052:185:403 [1] NCCL INFO Connected to proxy localRank 1 -> connection 0x7fd490005468
dgx052:186:404 [2] NCCL INFO Channel 09/0 : 10[2] -> 2[2] [receive] via NET/IBext_v8/3/GDRDMA
dgx052:186:404 [2] NCCL INFO GPU Direct RDMA Enabled for GPU 52000 / HCA 3 (distance 4 <= 4), read 0
dgx052:191:405 [7] NCCL INFO Channel 14/0 : 15[7] -> 7[7] [receive] via NET/IBext_v8/9/GDRDMA
dgx052:191:405 [7] NCCL INFO GPU Direct RDMA Enabled for GPU df000 / HCA 9 (distance 4 <= 4), read 0
dgx052:190:387 [6] NCCL INFO New proxy recv connection 15 from local rank 6, transport 2
dgx052:187:407 [3] NCCL INFO Connected to proxy localRank 3 -> connection 0x7fa630005378
dgx052:190:406 [6] NCCL INFO Connected to proxy localRank 6 -> connection 0x7f02e8005648
dgx052:190:387 [6] NCCL INFO NET/IB : GPU Direct RDMA (DMABUF) enabled for HCA 8 'mlx5_10
dgx052:191:393 [7] NCCL INFO New proxy recv connection 15 from local rank 7, transport 2
dgx052:185:389 [1] NCCL INFO NET/IB : GPU Direct RDMA (DMABUF) enabled for HCA 2 'mlx5_3
dgx052:190:406 [6] NCCL INFO Channel 15/0 : 14[6] -> 6[6] [receive] via NET/IBext_v8/8/GDRDMA
dgx052:190:406 [6] NCCL INFO GPU Direct RDMA Enabled for GPU d1000 / HCA 8 (distance 4 <= 4), read 0
dgx052:187:391 [3] NCCL INFO NET/IB : GPU Direct RDMA (DMABUF) enabled for HCA 4 'mlx5_5
dgx052:191:405 [7] NCCL INFO Connected to proxy localRank 7 -> connection 0x7f8e80005648
dgx052:190:387 [6] NCCL INFO New proxy recv connection 16 from local rank 6, transport 2
dgx052:185:403 [1] NCCL INFO Channel 11/0 : 9[1] -> 1[1] [receive] via NET/IBext_v8/2/GDRDMA
dgx052:185:403 [1] NCCL INFO GPU Direct RDMA Enabled for GPU 43000 / HCA 2 (distance 4 <= 4), read 0
dgx052:190:406 [6] NCCL INFO Connected to proxy localRank 6 -> connection 0x7f02e80056c0
dgx052:187:407 [3] NCCL INFO Channel 09/0 : 11[3] -> 3[3] [receive] via NET/IBext_v8/4/GDRDMA
dgx052:187:407 [3] NCCL INFO GPU Direct RDMA Enabled for GPU 61000 / HCA 4 (distance 4 <= 4), read 0
dgx052:191:393 [7] NCCL INFO NET/IB : GPU Direct RDMA (DMABUF) enabled for HCA 9 'mlx5_11
dgx052:190:387 [6] NCCL INFO NET/IB : GPU Direct RDMA (DMABUF) enabled for HCA 8 'mlx5_10
dgx052:185:389 [1] NCCL INFO New proxy recv connection 12 from local rank 1, transport 2
dgx052:190:406 [6] NCCL INFO Channel 16/0 : 14[6] -> 6[6] [receive] via NET/IBext_v8/8/GDRDMA
dgx052:190:406 [6] NCCL INFO GPU Direct RDMA Enabled for GPU d1000 / HCA 8 (distance 4 <= 4), read 0
dgx052:191:405 [7] NCCL INFO Channel 15/0 : 15[7] -> 7[7] [receive] via NET/IBext_v8/9/GDRDMA
dgx052:191:405 [7] NCCL INFO GPU Direct RDMA Enabled for GPU df000 / HCA 9 (distance 4 <= 4), read 0
dgx052:185:403 [1] NCCL INFO Connected to proxy localRank 1 -> connection 0x7fd4900054e0
dgx052:190:387 [6] NCCL INFO New proxy recv connection 17 from local rank 6, transport 2
dgx052:190:406 [6] NCCL INFO Connected to proxy localRank 6 -> connection 0x7f02e8005738
dgx052:191:393 [7] NCCL INFO New proxy recv connection 16 from local rank 7, transport 2
dgx052:186:397 [2] NCCL INFO New proxy recv connection 10 from local rank 2, transport 2
dgx052:190:387 [6] NCCL INFO NET/IB : GPU Direct RDMA (DMABUF) enabled for HCA 8 'mlx5_10
dgx052:191:405 [7] NCCL INFO Connected to proxy localRank 7 -> connection 0x7f8e800056c0
dgx052:185:389 [1] NCCL INFO NET/IB : GPU Direct RDMA (DMABUF) enabled for HCA 2 'mlx5_3
dgx052:190:406 [6] NCCL INFO Channel 17/0 : 14[6] -> 6[6] [receive] via NET/IBext_v8/8/GDRDMA
dgx052:186:404 [2] NCCL INFO Connected to proxy localRank 2 -> connection 0x7f37fc0053f0
dgx052:190:406 [6] NCCL INFO GPU Direct RDMA Enabled for GPU d1000 / HCA 8 (distance 4 <= 4), read 0
dgx052:190:387 [6] NCCL INFO New proxy recv connection 18 from local rank 6, transport 2
dgx052:185:403 [1] NCCL INFO Channel 12/0 : 9[1] -> 1[1] [receive] via NET/IBext_v8/2/GDRDMA
dgx052:185:403 [1] NCCL INFO GPU Direct RDMA Enabled for GPU 43000 / HCA 2 (distance 4 <= 4), read 0
dgx052:191:393 [7] NCCL INFO NET/IB : GPU Direct RDMA (DMABUF) enabled for HCA 9 'mlx5_11
dgx052:190:406 [6] NCCL INFO Connected to proxy localRank 6 -> connection 0x7f02e80057b0
dgx052:190:387 [6] NCCL INFO NET/IB : GPU Direct RDMA (DMABUF) enabled for HCA 8 'mlx5_10
dgx052:191:405 [7] NCCL INFO Channel 16/0 : 15[7] -> 7[7] [receive] via NET/IBext_v8/9/GDRDMA
dgx052:191:405 [7] NCCL INFO GPU Direct RDMA Enabled for GPU df000 / HCA 9 (distance 4 <= 4), read 0
dgx052:185:389 [1] NCCL INFO New proxy recv connection 13 from local rank 1, transport 2
dgx052:190:406 [6] NCCL INFO Channel 18/0 : 14[6] -> 6[6] [receive] via NET/IBext_v8/8/GDRDMA
dgx052:190:406 [6] NCCL INFO GPU Direct RDMA Enabled for GPU d1000 / HCA 8 (distance 4 <= 4), read 0
dgx052:185:403 [1] NCCL INFO Connected to proxy localRank 1 -> connection 0x7fd490005558
dgx052:190:387 [6] NCCL INFO New proxy recv connection 19 from local rank 6, transport 2
dgx052:191:393 [7] NCCL INFO New proxy recv connection 17 from local rank 7, transport 2
dgx052:190:406 [6] NCCL INFO Connected to proxy localRank 6 -> connection 0x7f02e8005828
dgx052:187:391 [3] NCCL INFO New proxy recv connection 10 from local rank 3, transport 2
dgx052:191:405 [7] NCCL INFO Connected to proxy localRank 7 -> connection 0x7f8e80005738
dgx052:190:387 [6] NCCL INFO NET/IB : GPU Direct RDMA (DMABUF) enabled for HCA 8 'mlx5_10
dgx052:185:389 [1] NCCL INFO NET/IB : GPU Direct RDMA (DMABUF) enabled for HCA 2 'mlx5_3
dgx052:187:407 [3] NCCL INFO Connected to proxy localRank 3 -> connection 0x7fa6300053f0
dgx052:190:406 [6] NCCL INFO Channel 19/0 : 14[6] -> 6[6] [receive] via NET/IBext_v8/8/GDRDMA
dgx052:190:406 [6] NCCL INFO GPU Direct RDMA Enabled for GPU d1000 / HCA 8 (distance 4 <= 4), read 0
dgx052:191:393 [7] NCCL INFO NET/IB : GPU Direct RDMA (DMABUF) enabled for HCA 9 'mlx5_11
dgx052:190:387 [6] NCCL INFO New proxy recv connection 20 from local rank 6, transport 2
dgx052:185:403 [1] NCCL INFO Channel 13/0 : 9[1] -> 1[1] [receive] via NET/IBext_v8/2/GDRDMA
dgx052:185:403 [1] NCCL INFO GPU Direct RDMA Enabled for GPU 43000 / HCA 2 (distance 4 <= 4), read 0
dgx052:190:406 [6] NCCL INFO Connected to proxy localRank 6 -> connection 0x7f02e80058a0
dgx052:191:405 [7] NCCL INFO Channel 17/0 : 15[7] -> 7[7] [receive] via NET/IBext_v8/9/GDRDMA
dgx052:191:405 [7] NCCL INFO GPU Direct RDMA Enabled for GPU df000 / HCA 9 (distance 4 <= 4), read 0
dgx052:187:391 [3] NCCL INFO NET/IB : GPU Direct RDMA (DMABUF) enabled for HCA 4 'mlx5_5
dgx052:190:387 [6] NCCL INFO NET/IB : GPU Direct RDMA (DMABUF) enabled for HCA 8 'mlx5_10
dgx052:186:397 [2] NCCL INFO NET/IB : GPU Direct RDMA (DMABUF) enabled for HCA 3 'mlx5_4
dgx052:185:389 [1] NCCL INFO New proxy recv connection 14 from local rank 1, transport 2
dgx052:190:406 [6] NCCL INFO Channel 20/0 : 14[6] -> 6[6] [receive] via NET/IBext_v8/8/GDRDMA
dgx052:190:406 [6] NCCL INFO GPU Direct RDMA Enabled for GPU d1000 / HCA 8 (distance 4 <= 4), read 0
dgx052:191:393 [7] NCCL INFO New proxy recv connection 18 from local rank 7, transport 2
dgx052:185:403 [1] NCCL INFO Connected to proxy localRank 1 -> connection 0x7fd4900055d0
dgx052:187:407 [3] NCCL INFO Channel 10/0 : 11[3] -> 3[3] [receive] via NET/IBext_v8/4/GDRDMA
dgx052:187:407 [3] NCCL INFO GPU Direct RDMA Enabled for GPU 61000 / HCA 4 (distance 4 <= 4), read 0
dgx052:190:387 [6] NCCL INFO New proxy recv connection 21 from local rank 6, transport 2
dgx052:186:404 [2] NCCL INFO Channel 10/0 : 10[2] -> 2[2] [receive] via NET/IBext_v8/3/GDRDMA
dgx052:186:404 [2] NCCL INFO GPU Direct RDMA Enabled for GPU 52000 / HCA 3 (distance 4 <= 4), read 0
dgx052:191:405 [7] NCCL INFO Connected to proxy localRank 7 -> connection 0x7f8e800057b0
dgx052:190:406 [6] NCCL INFO Connected to proxy localRank 6 -> connection 0x7f02e8005918
dgx052:190:387 [6] NCCL INFO NET/IB : GPU Direct RDMA (DMABUF) enabled for HCA 8 'mlx5_10
dgx052:185:389 [1] NCCL INFO NET/IB : GPU Direct RDMA (DMABUF) enabled for HCA 2 'mlx5_3
dgx052:190:406 [6] NCCL INFO Channel 21/0 : 14[6] -> 6[6] [receive] via NET/IBext_v8/8/GDRDMA
dgx052:190:406 [6] NCCL INFO GPU Direct RDMA Enabled for GPU d1000 / HCA 8 (distance 4 <= 4), read 0
dgx052:191:393 [7] NCCL INFO NET/IB : GPU Direct RDMA (DMABUF) enabled for HCA 9 'mlx5_11
dgx052:190:387 [6] NCCL INFO New proxy recv connection 22 from local rank 6, transport 2
dgx052:185:403 [1] NCCL INFO Channel 14/0 : 9[1] -> 1[1] [receive] via NET/IBext_v8/2/GDRDMA
dgx052:185:403 [1] NCCL INFO GPU Direct RDMA Enabled for GPU 43000 / HCA 2 (distance 4 <= 4), read 0
dgx052:191:405 [7] NCCL INFO Channel 18/0 : 15[7] -> 7[7] [receive] via NET/IBext_v8/9/GDRDMA
dgx052:191:405 [7] NCCL INFO GPU Direct RDMA Enabled for GPU df000 / HCA 9 (distance 4 <= 4), read 0
dgx052:190:406 [6] NCCL INFO Connected to proxy localRank 6 -> connection 0x7f02e8005990
dgx052:190:387 [6] NCCL INFO NET/IB : GPU Direct RDMA (DMABUF) enabled for HCA 8 'mlx5_10
dgx052:185:389 [1] NCCL INFO New proxy recv connection 15 from local rank 1, transport 2
dgx052:191:393 [7] NCCL INFO New proxy recv connection 19 from local rank 7, transport 2
dgx052:190:406 [6] NCCL INFO Channel 22/0 : 14[6] -> 6[6] [receive] via NET/IBext_v8/8/GDRDMA
dgx052:190:406 [6] NCCL INFO GPU Direct RDMA Enabled for GPU d1000 / HCA 8 (distance 4 <= 4), read 0
dgx052:185:403 [1] NCCL INFO Connected to proxy localRank 1 -> connection 0x7fd490005648
dgx052:191:405 [7] NCCL INFO Connected to proxy localRank 7 -> connection 0x7f8e80005828
dgx052:190:387 [6] NCCL INFO New proxy recv connection 23 from local rank 6, transport 2
dgx052:190:406 [6] NCCL INFO Connected to proxy localRank 6 -> connection 0x7f02e8005a08
dgx052:190:387 [6] NCCL INFO NET/IB : GPU Direct RDMA (DMABUF) enabled for HCA 8 'mlx5_10
dgx052:185:389 [1] NCCL INFO NET/IB : GPU Direct RDMA (DMABUF) enabled for HCA 2 'mlx5_3
dgx052:191:393 [7] NCCL INFO NET/IB : GPU Direct RDMA (DMABUF) enabled for HCA 9 'mlx5_11
dgx052:187:391 [3] NCCL INFO New proxy recv connection 11 from local rank 3, transport 2
dgx052:190:406 [6] NCCL INFO Channel 23/0 : 14[6] -> 6[6] [receive] via NET/IBext_v8/8/GDRDMA
dgx052:190:406 [6] NCCL INFO GPU Direct RDMA Enabled for GPU d1000 / HCA 8 (distance 4 <= 4), read 0
dgx052:191:405 [7] NCCL INFO Channel 19/0 : 15[7] -> 7[7] [receive] via NET/IBext_v8/9/GDRDMA
dgx052:187:407 [3] NCCL INFO Connected to proxy localRank 3 -> connection 0x7fa630005468
dgx052:191:405 [7] NCCL INFO GPU Direct RDMA Enabled for GPU df000 / HCA 9 (distance 4 <= 4), read 0
dgx052:190:387 [6] NCCL INFO New proxy recv connection 24 from local rank 6, transport 2
dgx052:185:403 [1] NCCL INFO Channel 15/0 : 9[1] -> 1[1] [receive] via NET/IBext_v8/2/GDRDMA
dgx052:185:403 [1] NCCL INFO GPU Direct RDMA Enabled for GPU 43000 / HCA 2 (distance 4 <= 4), read 0
dgx052:190:406 [6] NCCL INFO Connected to proxy localRank 6 -> connection 0x7f02e8005a80
dgx052:186:397 [2] NCCL INFO New proxy recv connection 11 from local rank 2, transport 2
dgx052:190:387 [6] NCCL INFO NET/IB : GPU Direct RDMA (DMABUF) enabled for HCA 8 'mlx5_10
dgx052:191:393 [7] NCCL INFO New proxy recv connection 20 from local rank 7, transport 2
dgx052:186:404 [2] NCCL INFO Connected to proxy localRank 2 -> connection 0x7f37fc005468
dgx052:185:389 [1] NCCL INFO New proxy recv connection 16 from local rank 1, transport 2
dgx052:190:406 [6] NCCL INFO Channel 24/0 : 14[6] -> 6[6] [receive] via NET/IBext_v8/8/GDRDMA
dgx052:190:406 [6] NCCL INFO GPU Direct RDMA Enabled for GPU d1000 / HCA 8 (distance 4 <= 4), read 0
dgx052:187:391 [3] NCCL INFO NET/IB : GPU Direct RDMA (DMABUF) enabled for HCA 4 'mlx5_5
dgx052:191:405 [7] NCCL INFO Connected to proxy localRank 7 -> connection 0x7f8e800058a0
dgx052:185:403 [1] NCCL INFO Connected to proxy localRank 1 -> connection 0x7fd4900056c0
dgx052:190:387 [6] NCCL INFO New proxy recv connection 25 from local rank 6, transport 2
dgx052:190:406 [6] NCCL INFO Connected to proxy localRank 6 -> connection 0x7f02e8005af8
dgx052:187:407 [3] NCCL INFO Channel 11/0 : 11[3] -> 3[3] [receive] via NET/IBext_v8/4/GDRDMA
dgx052:186:397 [2] NCCL INFO NET/IB : GPU Direct RDMA (DMABUF) enabled for HCA 3 'mlx5_4
dgx052:187:407 [3] NCCL INFO GPU Direct RDMA Enabled for GPU 61000 / HCA 4 (distance 4 <= 4), read 0
dgx052:190:387 [6] NCCL INFO NET/IB : GPU Direct RDMA (DMABUF) enabled for HCA 8 'mlx5_10
dgx052:191:393 [7] NCCL INFO NET/IB : GPU Direct RDMA (DMABUF) enabled for HCA 9 'mlx5_11
dgx052:185:389 [1] NCCL INFO NET/IB : GPU Direct RDMA (DMABUF) enabled for HCA 2 'mlx5_3
dgx052:190:406 [6] NCCL INFO Channel 25/0 : 14[6] -> 6[6] [receive] via NET/IBext_v8/8/GDRDMA
dgx052:190:406 [6] NCCL INFO GPU Direct RDMA Enabled for GPU d1000 / HCA 8 (distance 4 <= 4), read 0
dgx052:191:405 [7] NCCL INFO Channel 20/0 : 15[7] -> 7[7] [receive] via NET/IBext_v8/9/GDRDMA
dgx052:191:405 [7] NCCL INFO GPU Direct RDMA Enabled for GPU df000 / HCA 9 (distance 4 <= 4), read 0
dgx052:186:404 [2] NCCL INFO Channel 11/0 : 10[2] -> 2[2] [receive] via NET/IBext_v8/3/GDRDMA
dgx052:186:404 [2] NCCL INFO GPU Direct RDMA Enabled for GPU 52000 / HCA 3 (distance 4 <= 4), read 0
dgx052:190:387 [6] NCCL INFO New proxy recv connection 26 from local rank 6, transport 2
dgx052:187:391 [3] NCCL INFO New proxy recv connection 12 from local rank 3, transport 2
