dgx052:188:395 [4] NCCL INFO NET/IB : GPU Direct RDMA (DMABUF) enabled for HCA 5 'mlx5_6
dgx052:188:402 [4] NCCL INFO Channel 14/0 : 12[4] -> 4[4] [receive] via NET/IBext_v8/5/GDRDMA
dgx052:188:402 [4] NCCL INFO GPU Direct RDMA Enabled for GPU 9d000 / HCA 5 (distance 4 <= 4), read 0
dgx052:188:395 [4] NCCL INFO New proxy recv connection 15 from local rank 4, transport 2
dgx052:188:402 [4] NCCL INFO Connected to proxy localRank 4 -> connection 0x7f44cc005648
dgx052:184:385 [0] NCCL INFO NET/IB : GPU Direct RDMA (DMABUF) enabled for HCA 0 'mlx5_0
dgx052:188:395 [4] NCCL INFO NET/IB : GPU Direct RDMA (DMABUF) enabled for HCA 5 'mlx5_6
dgx052:184:401 [0] NCCL INFO Channel 11/0 : 8[0] -> 0[0] [receive] via NET/IBext_v8/0/GDRDMA
dgx052:184:401 [0] NCCL INFO GPU Direct RDMA Enabled for GPU 1b000 / HCA 0 (distance 4 <= 4), read 0
dgx052:188:402 [4] NCCL INFO Channel 15/0 : 12[4] -> 4[4] [receive] via NET/IBext_v8/5/GDRDMA
dgx052:188:402 [4] NCCL INFO GPU Direct RDMA Enabled for GPU 9d000 / HCA 5 (distance 4 <= 4), read 0
dgx052:184:385 [0] NCCL INFO New proxy recv connection 12 from local rank 0, transport 2
dgx052:188:395 [4] NCCL INFO New proxy recv connection 16 from local rank 4, transport 2
dgx052:184:401 [0] NCCL INFO Connected to proxy localRank 0 -> connection 0x7fd28c0054e0
dgx052:188:402 [4] NCCL INFO Connected to proxy localRank 4 -> connection 0x7f44cc0056c0
dgx052:188:395 [4] NCCL INFO NET/IB : GPU Direct RDMA (DMABUF) enabled for HCA 5 'mlx5_6
dgx052:188:402 [4] NCCL INFO Channel 16/0 : 12[4] -> 4[4] [receive] via NET/IBext_v8/5/GDRDMA
dgx052:188:402 [4] NCCL INFO GPU Direct RDMA Enabled for GPU 9d000 / HCA 5 (distance 4 <= 4), read 0
dgx052:188:395 [4] NCCL INFO New proxy recv connection 17 from local rank 4, transport 2
dgx052:188:402 [4] NCCL INFO Connected to proxy localRank 4 -> connection 0x7f44cc005738
dgx052:184:385 [0] NCCL INFO NET/IB : GPU Direct RDMA (DMABUF) enabled for HCA 0 'mlx5_0
dgx052:188:395 [4] NCCL INFO NET/IB : GPU Direct RDMA (DMABUF) enabled for HCA 5 'mlx5_6
dgx052:184:401 [0] NCCL INFO Channel 12/0 : 8[0] -> 0[0] [receive] via NET/IBext_v8/0/GDRDMA
dgx052:184:401 [0] NCCL INFO GPU Direct RDMA Enabled for GPU 1b000 / HCA 0 (distance 4 <= 4), read 0
dgx052:188:402 [4] NCCL INFO Channel 17/0 : 12[4] -> 4[4] [receive] via NET/IBext_v8/5/GDRDMA
dgx052:188:402 [4] NCCL INFO GPU Direct RDMA Enabled for GPU 9d000 / HCA 5 (distance 4 <= 4), read 0
dgx052:188:395 [4] NCCL INFO New proxy recv connection 18 from local rank 4, transport 2
dgx052:184:385 [0] NCCL INFO New proxy recv connection 13 from local rank 0, transport 2
dgx052:188:402 [4] NCCL INFO Connected to proxy localRank 4 -> connection 0x7f44cc0057b0
dgx052:184:401 [0] NCCL INFO Connected to proxy localRank 0 -> connection 0x7fd28c005558
dgx052:188:395 [4] NCCL INFO NET/IB : GPU Direct RDMA (DMABUF) enabled for HCA 5 'mlx5_6
dgx052:188:402 [4] NCCL INFO Channel 18/0 : 12[4] -> 4[4] [receive] via NET/IBext_v8/5/GDRDMA
dgx052:188:402 [4] NCCL INFO GPU Direct RDMA Enabled for GPU 9d000 / HCA 5 (distance 4 <= 4), read 0
dgx052:184:385 [0] NCCL INFO NET/IB : GPU Direct RDMA (DMABUF) enabled for HCA 0 'mlx5_0
dgx052:184:401 [0] NCCL INFO Channel 13/0 : 8[0] -> 0[0] [receive] via NET/IBext_v8/0/GDRDMA
dgx052:188:395 [4] NCCL INFO New proxy recv connection 19 from local rank 4, transport 2
dgx052:184:401 [0] NCCL INFO GPU Direct RDMA Enabled for GPU 1b000 / HCA 0 (distance 4 <= 4), read 0
dgx052:190:387 [6] NCCL INFO NET/IB: NCCL Dev 8 IbDev 8 Port 1 qpn 5642 mtu 5 LID 416 subnet-prefix 33022  FLID 0 fifoRkey=0x164201 fifoLkey=0x164201
dgx052:190:387 [6] NCCL INFO NET/IB: NCCL Dev 8 IbDev 8 Port 1 qpn 5643 mtu 5 LID 416 subnet-prefix 33022  FLID 0 fifoRkey=0x164201 fifoLkey=0x164201
dgx052:190:387 [6] NCCL INFO NET/IB: NCCL Dev 8 IbDev 8 Port 1 qpn 5644 mtu 5 LID 416 subnet-prefix 33022  FLID 0 fifoRkey=0x164201 fifoLkey=0x164201
dgx052:190:387 [6] NCCL INFO NET/IB: NCCL Dev 8 IbDev 8 Port 1 qpn 5645 mtu 5 LID 416 subnet-prefix 33022  FLID 0 fifoRkey=0x164201 fifoLkey=0x164201
dgx052:190:387 [6] NCCL INFO NET/IB: NCCL Dev 8 IbDev 8 Port 1 qpn 5646 mtu 5 LID 416 subnet-prefix 33022  FLID 0 fifoRkey=0x164201 fifoLkey=0x164201
dgx052:190:387 [6] NCCL INFO NET/IB: NCCL Dev 8 IbDev 8 Port 1 qpn 5647 mtu 5 LID 416 subnet-prefix 33022  FLID 0 fifoRkey=0x164201 fifoLkey=0x164201
dgx052:190:387 [6] NCCL INFO NET/IB: NCCL Dev 8 IbDev 8 Port 1 qpn 5648 mtu 5 LID 416 subnet-prefix 33022  FLID 0 fifoRkey=0x164201 fifoLkey=0x164201
dgx052:190:387 [6] NCCL INFO NET/IB: NCCL Dev 8 IbDev 8 Port 1 qpn 5649 mtu 5 LID 416 subnet-prefix 33022  FLID 0 fifoRkey=0x164201 fifoLkey=0x164201
dgx052:188:402 [4] NCCL INFO Connected to proxy localRank 4 -> connection 0x7f44cc005828
dgx052:188:395 [4] NCCL INFO NET/IB : GPU Direct RDMA (DMABUF) enabled for HCA 5 'mlx5_6
dgx052:188:402 [4] NCCL INFO Channel 19/0 : 12[4] -> 4[4] [receive] via NET/IBext_v8/5/GDRDMA
dgx052:188:402 [4] NCCL INFO GPU Direct RDMA Enabled for GPU 9d000 / HCA 5 (distance 4 <= 4), read 0
dgx052:188:395 [4] NCCL INFO New proxy recv connection 20 from local rank 4, transport 2
dgx052:188:402 [4] NCCL INFO Connected to proxy localRank 4 -> connection 0x7f44cc0058a0
dgx052:184:385 [0] NCCL INFO New proxy recv connection 14 from local rank 0, transport 2
dgx052:188:395 [4] NCCL INFO NET/IB : GPU Direct RDMA (DMABUF) enabled for HCA 5 'mlx5_6
dgx052:184:401 [0] NCCL INFO Connected to proxy localRank 0 -> connection 0x7fd28c0055d0
dgx052:188:402 [4] NCCL INFO Channel 20/0 : 12[4] -> 4[4] [receive] via NET/IBext_v8/5/GDRDMA
dgx052:188:402 [4] NCCL INFO GPU Direct RDMA Enabled for GPU 9d000 / HCA 5 (distance 4 <= 4), read 0
dgx052:188:395 [4] NCCL INFO New proxy recv connection 21 from local rank 4, transport 2
dgx052:188:402 [4] NCCL INFO Connected to proxy localRank 4 -> connection 0x7f44cc005918
dgx052:188:395 [4] NCCL INFO NET/IB : GPU Direct RDMA (DMABUF) enabled for HCA 5 'mlx5_6
dgx052:188:402 [4] NCCL INFO Channel 21/0 : 12[4] -> 4[4] [receive] via NET/IBext_v8/5/GDRDMA
dgx052:188:402 [4] NCCL INFO GPU Direct RDMA Enabled for GPU 9d000 / HCA 5 (distance 4 <= 4), read 0
dgx052:188:395 [4] NCCL INFO New proxy recv connection 22 from local rank 4, transport 2
dgx052:188:402 [4] NCCL INFO Connected to proxy localRank 4 -> connection 0x7f44cc005990
dgx052:184:385 [0] NCCL INFO NET/IB : GPU Direct RDMA (DMABUF) enabled for HCA 0 'mlx5_0
dgx052:188:395 [4] NCCL INFO NET/IB : GPU Direct RDMA (DMABUF) enabled for HCA 5 'mlx5_6
dgx052:184:401 [0] NCCL INFO Channel 14/0 : 8[0] -> 0[0] [receive] via NET/IBext_v8/0/GDRDMA
dgx052:184:401 [0] NCCL INFO GPU Direct RDMA Enabled for GPU 1b000 / HCA 0 (distance 4 <= 4), read 0
dgx052:188:402 [4] NCCL INFO Channel 22/0 : 12[4] -> 4[4] [receive] via NET/IBext_v8/5/GDRDMA
dgx052:188:402 [4] NCCL INFO GPU Direct RDMA Enabled for GPU 9d000 / HCA 5 (distance 4 <= 4), read 0
dgx052:188:395 [4] NCCL INFO New proxy recv connection 23 from local rank 4, transport 2
dgx052:188:402 [4] NCCL INFO Connected to proxy localRank 4 -> connection 0x7f44cc005a08
dgx052:188:395 [4] NCCL INFO NET/IB : GPU Direct RDMA (DMABUF) enabled for HCA 5 'mlx5_6
dgx052:191:393 [7] NCCL INFO NET/IB: NCCL Dev 9 IbDev 9 Port 1 qpn 5608 mtu 5 LID 419 subnet-prefix 33022  FLID 0 fifoRkey=0x166f2d fifoLkey=0x166f2d
dgx052:191:393 [7] NCCL INFO NET/IB: NCCL Dev 9 IbDev 9 Port 1 qpn 5609 mtu 5 LID 419 subnet-prefix 33022  FLID 0 fifoRkey=0x166f2d fifoLkey=0x166f2d
dgx052:191:393 [7] NCCL INFO NET/IB: NCCL Dev 9 IbDev 9 Port 1 qpn 5610 mtu 5 LID 419 subnet-prefix 33022  FLID 0 fifoRkey=0x166f2d fifoLkey=0x166f2d
dgx052:191:393 [7] NCCL INFO NET/IB: NCCL Dev 9 IbDev 9 Port 1 qpn 5611 mtu 5 LID 419 subnet-prefix 33022  FLID 0 fifoRkey=0x166f2d fifoLkey=0x166f2d
dgx052:191:393 [7] NCCL INFO NET/IB: NCCL Dev 9 IbDev 9 Port 1 qpn 5612 mtu 5 LID 419 subnet-prefix 33022  FLID 0 fifoRkey=0x166f2d fifoLkey=0x166f2d
dgx052:191:393 [7] NCCL INFO NET/IB: NCCL Dev 9 IbDev 9 Port 1 qpn 5613 mtu 5 LID 419 subnet-prefix 33022  FLID 0 fifoRkey=0x166f2d fifoLkey=0x166f2d
dgx052:191:393 [7] NCCL INFO NET/IB: NCCL Dev 9 IbDev 9 Port 1 qpn 5614 mtu 5 LID 419 subnet-prefix 33022  FLID 0 fifoRkey=0x166f2d fifoLkey=0x166f2d
dgx052:191:393 [7] NCCL INFO NET/IB: NCCL Dev 9 IbDev 9 Port 1 qpn 5615 mtu 5 LID 419 subnet-prefix 33022  FLID 0 fifoRkey=0x166f2d fifoLkey=0x166f2d
dgx052:188:402 [4] NCCL INFO Channel 23/0 : 12[4] -> 4[4] [receive] via NET/IBext_v8/5/GDRDMA
dgx052:188:402 [4] NCCL INFO GPU Direct RDMA Enabled for GPU 9d000 / HCA 5 (distance 4 <= 4), read 0
dgx052:188:395 [4] NCCL INFO New proxy recv connection 24 from local rank 4, transport 2
dgx052:184:385 [0] NCCL INFO New proxy recv connection 15 from local rank 0, transport 2
dgx052:188:402 [4] NCCL INFO Connected to proxy localRank 4 -> connection 0x7f44cc005a80
dgx052:184:401 [0] NCCL INFO Connected to proxy localRank 0 -> connection 0x7fd28c005648
dgx052:188:395 [4] NCCL INFO NET/IB : GPU Direct RDMA (DMABUF) enabled for HCA 5 'mlx5_6
dgx052:188:402 [4] NCCL INFO Channel 24/0 : 12[4] -> 4[4] [receive] via NET/IBext_v8/5/GDRDMA
dgx052:188:402 [4] NCCL INFO GPU Direct RDMA Enabled for GPU 9d000 / HCA 5 (distance 4 <= 4), read 0
dgx052:188:395 [4] NCCL INFO New proxy recv connection 25 from local rank 4, transport 2
dgx052:188:402 [4] NCCL INFO Connected to proxy localRank 4 -> connection 0x7f44cc005af8
dgx052:188:395 [4] NCCL INFO NET/IB : GPU Direct RDMA (DMABUF) enabled for HCA 5 'mlx5_6
dgx052:188:402 [4] NCCL INFO Channel 25/0 : 12[4] -> 4[4] [receive] via NET/IBext_v8/5/GDRDMA
dgx052:184:385 [0] NCCL INFO NET/IB : GPU Direct RDMA (DMABUF) enabled for HCA 0 'mlx5_0
dgx052:188:402 [4] NCCL INFO GPU Direct RDMA Enabled for GPU 9d000 / HCA 5 (distance 4 <= 4), read 0
dgx052:188:395 [4] NCCL INFO New proxy recv connection 26 from local rank 4, transport 2
dgx052:184:401 [0] NCCL INFO Channel 15/0 : 8[0] -> 0[0] [receive] via NET/IBext_v8/0/GDRDMA
dgx052:184:401 [0] NCCL INFO GPU Direct RDMA Enabled for GPU 1b000 / HCA 0 (distance 4 <= 4), read 0
dgx052:188:402 [4] NCCL INFO Connected to proxy localRank 4 -> connection 0x7f44cc005b70
dgx052:188:395 [4] NCCL INFO NET/IB : GPU Direct RDMA (DMABUF) enabled for HCA 5 'mlx5_6
dgx052:188:402 [4] NCCL INFO Channel 26/0 : 12[4] -> 4[4] [receive] via NET/IBext_v8/5/GDRDMA
dgx052:188:402 [4] NCCL INFO GPU Direct RDMA Enabled for GPU 9d000 / HCA 5 (distance 4 <= 4), read 0
dgx052:188:395 [4] NCCL INFO New proxy recv connection 27 from local rank 4, transport 2
dgx052:188:402 [4] NCCL INFO Connected to proxy localRank 4 -> connection 0x7f44cc005be8
dgx052:184:385 [0] NCCL INFO New proxy recv connection 16 from local rank 0, transport 2
dgx052:184:401 [0] NCCL INFO Connected to proxy localRank 0 -> connection 0x7fd28c0056c0
dgx052:188:395 [4] NCCL INFO NET/IB : GPU Direct RDMA (DMABUF) enabled for HCA 5 'mlx5_6
dgx052:188:402 [4] NCCL INFO Channel 27/0 : 12[4] -> 4[4] [receive] via NET/IBext_v8/5/GDRDMA
dgx052:188:402 [4] NCCL INFO GPU Direct RDMA Enabled for GPU 9d000 / HCA 5 (distance 4 <= 4), read 1
dgx052:188:395 [4] NCCL INFO New proxy send connection 28 from local rank 4, transport 2
dgx052:188:402 [4] NCCL INFO Connected to proxy localRank 4 -> connection 0x7f44cc005c60
dgx052:188:395 [4] NCCL INFO NET/IB : GPU Direct RDMA (DMABUF) enabled for HCA 5 'mlx5_6
dgx052:188:402 [4] NCCL INFO Channel 00/0 : 4[4] -> 12[4] [send] via NET/IBext_v8/5/GDRDMA
dgx052:184:385 [0] NCCL INFO NET/IB : GPU Direct RDMA (DMABUF) enabled for HCA 0 'mlx5_0
dgx052:188:402 [4] NCCL INFO GPU Direct RDMA Enabled for GPU 9d000 / HCA 5 (distance 4 <= 4), read 1
dgx052:188:395 [4] NCCL INFO New proxy send connection 29 from local rank 4, transport 2
dgx052:184:401 [0] NCCL INFO Channel 16/0 : 8[0] -> 0[0] [receive] via NET/IBext_v8/0/GDRDMA
dgx052:184:401 [0] NCCL INFO GPU Direct RDMA Enabled for GPU 1b000 / HCA 0 (distance 4 <= 4), read 0
dgx052:188:402 [4] NCCL INFO Connected to proxy localRank 4 -> connection 0x7f44cc005cd8
dgx052:184:385 [0] NCCL INFO New proxy recv connection 17 from local rank 0, transport 2
dgx052:188:395 [4] NCCL INFO NET/IB : GPU Direct RDMA (DMABUF) enabled for HCA 5 'mlx5_6
dgx052:188:402 [4] NCCL INFO Channel 01/0 : 4[4] -> 12[4] [send] via NET/IBext_v8/5/GDRDMA
dgx052:188:402 [4] NCCL INFO GPU Direct RDMA Enabled for GPU 9d000 / HCA 5 (distance 4 <= 4), read 1
dgx052:184:401 [0] NCCL INFO Connected to proxy localRank 0 -> connection 0x7fd28c005738
dgx052:188:395 [4] NCCL INFO New proxy send connection 30 from local rank 4, transport 2
dgx052:185:389 [1] NCCL INFO NET/IB: NCCL Dev 2 IbDev 2 Port 1 qpn 5642 mtu 5 LID 414 subnet-prefix 33022  FLID 0 fifoRkey=0x17b977 fifoLkey=0x17b977
dgx052:185:389 [1] NCCL INFO NET/IB: NCCL Dev 2 IbDev 2 Port 1 qpn 5643 mtu 5 LID 414 subnet-prefix 33022  FLID 0 fifoRkey=0x17b977 fifoLkey=0x17b977
dgx052:185:389 [1] NCCL INFO NET/IB: NCCL Dev 2 IbDev 2 Port 1 qpn 5644 mtu 5 LID 414 subnet-prefix 33022  FLID 0 fifoRkey=0x17b977 fifoLkey=0x17b977
dgx052:185:389 [1] NCCL INFO NET/IB: NCCL Dev 2 IbDev 2 Port 1 qpn 5645 mtu 5 LID 414 subnet-prefix 33022  FLID 0 fifoRkey=0x17b977 fifoLkey=0x17b977
dgx052:185:389 [1] NCCL INFO NET/IB: NCCL Dev 2 IbDev 2 Port 1 qpn 5646 mtu 5 LID 414 subnet-prefix 33022  FLID 0 fifoRkey=0x17b977 fifoLkey=0x17b977
dgx052:185:389 [1] NCCL INFO NET/IB: NCCL Dev 2 IbDev 2 Port 1 qpn 5647 mtu 5 LID 414 subnet-prefix 33022  FLID 0 fifoRkey=0x17b977 fifoLkey=0x17b977
dgx052:185:389 [1] NCCL INFO NET/IB: NCCL Dev 2 IbDev 2 Port 1 qpn 5648 mtu 5 LID 414 subnet-prefix 33022  FLID 0 fifoRkey=0x17b977 fifoLkey=0x17b977
dgx052:188:402 [4] NCCL INFO Connected to proxy localRank 4 -> connection 0x7f44cc005d50
dgx052:185:389 [1] NCCL INFO NET/IB: NCCL Dev 2 IbDev 2 Port 1 qpn 5649 mtu 5 LID 414 subnet-prefix 33022  FLID 0 fifoRkey=0x17b977 fifoLkey=0x17b977
dgx052:184:385 [0] NCCL INFO NET/IB : GPU Direct RDMA (DMABUF) enabled for HCA 0 'mlx5_0
dgx052:184:401 [0] NCCL INFO Channel 17/0 : 8[0] -> 0[0] [receive] via NET/IBext_v8/0/GDRDMA
dgx052:184:401 [0] NCCL INFO GPU Direct RDMA Enabled for GPU 1b000 / HCA 0 (distance 4 <= 4), read 0
dgx052:188:395 [4] NCCL INFO NET/IB : GPU Direct RDMA (DMABUF) enabled for HCA 5 'mlx5_6
dgx052:188:402 [4] NCCL INFO Channel 02/0 : 4[4] -> 12[4] [send] via NET/IBext_v8/5/GDRDMA
dgx052:188:402 [4] NCCL INFO GPU Direct RDMA Enabled for GPU 9d000 / HCA 5 (distance 4 <= 4), read 1
dgx052:184:385 [0] NCCL INFO New proxy recv connection 18 from local rank 0, transport 2
dgx052:184:401 [0] NCCL INFO Connected to proxy localRank 0 -> connection 0x7fd28c0057b0
dgx052:188:395 [4] NCCL INFO New proxy send connection 31 from local rank 4, transport 2
dgx052:188:402 [4] NCCL INFO Connected to proxy localRank 4 -> connection 0x7f44cc005dc8
dgx052:188:395 [4] NCCL INFO NET/IB : GPU Direct RDMA (DMABUF) enabled for HCA 5 'mlx5_6
dgx052:188:402 [4] NCCL INFO Channel 03/0 : 4[4] -> 12[4] [send] via NET/IBext_v8/5/GDRDMA
dgx052:188:402 [4] NCCL INFO GPU Direct RDMA Enabled for GPU 9d000 / HCA 5 (distance 4 <= 4), read 1
dgx052:188:395 [4] NCCL INFO New proxy send connection 32 from local rank 4, transport 2
dgx052:188:402 [4] NCCL INFO Connected to proxy localRank 4 -> connection 0x7f44cc005e40
dgx052:188:395 [4] NCCL INFO NET/IB : GPU Direct RDMA (DMABUF) enabled for HCA 5 'mlx5_6
dgx052:188:402 [4] NCCL INFO Channel 04/0 : 4[4] -> 12[4] [send] via NET/IBext_v8/5/GDRDMA
dgx052:188:402 [4] NCCL INFO GPU Direct RDMA Enabled for GPU 9d000 / HCA 5 (distance 4 <= 4), read 1
dgx052:184:385 [0] NCCL INFO NET/IB : GPU Direct RDMA (DMABUF) enabled for HCA 0 'mlx5_0
dgx052:188:395 [4] NCCL INFO New proxy send connection 33 from local rank 4, transport 2
dgx052:184:401 [0] NCCL INFO Channel 18/0 : 8[0] -> 0[0] [receive] via NET/IBext_v8/0/GDRDMA
dgx052:184:401 [0] NCCL INFO GPU Direct RDMA Enabled for GPU 1b000 / HCA 0 (distance 4 <= 4), read 0
dgx052:188:402 [4] NCCL INFO Connected to proxy localRank 4 -> connection 0x7f44cc005eb8
dgx052:188:395 [4] NCCL INFO NET/IB : GPU Direct RDMA (DMABUF) enabled for HCA 5 'mlx5_6
dgx052:188:402 [4] NCCL INFO Channel 05/0 : 4[4] -> 12[4] [send] via NET/IBext_v8/5/GDRDMA
dgx052:188:402 [4] NCCL INFO GPU Direct RDMA Enabled for GPU 9d000 / HCA 5 (distance 4 <= 4), read 1
dgx052:188:395 [4] NCCL INFO New proxy send connection 34 from local rank 4, transport 2
dgx052:188:402 [4] NCCL INFO Connected to proxy localRank 4 -> connection 0x7f44cc005f30
dgx052:188:395 [4] NCCL INFO NET/IB : GPU Direct RDMA (DMABUF) enabled for HCA 5 'mlx5_6
dgx052:188:402 [4] NCCL INFO Channel 06/0 : 4[4] -> 12[4] [send] via NET/IBext_v8/5/GDRDMA
dgx052:188:402 [4] NCCL INFO GPU Direct RDMA Enabled for GPU 9d000 / HCA 5 (distance 4 <= 4), read 1
dgx052:191:393 [7] NCCL INFO NCCL_IB_TIMEOUT set by environment to 22.
dgx052:184:385 [0] NCCL INFO New proxy recv connection 19 from local rank 0, transport 2
dgx052:188:395 [4] NCCL INFO New proxy send connection 35 from local rank 4, transport 2
dgx052:184:401 [0] NCCL INFO Connected to proxy localRank 0 -> connection 0x7fd28c005828
dgx052:188:402 [4] NCCL INFO Connected to proxy localRank 4 -> connection 0x7f44cc005fa8
dgx052:188:395 [4] NCCL INFO NET/IB : GPU Direct RDMA (DMABUF) enabled for HCA 5 'mlx5_6
dgx052:188:402 [4] NCCL INFO Channel 07/0 : 4[4] -> 12[4] [send] via NET/IBext_v8/5/GDRDMA
dgx052:188:402 [4] NCCL INFO GPU Direct RDMA Enabled for GPU 9d000 / HCA 5 (distance 4 <= 4), read 1
dgx052:188:395 [4] NCCL INFO New proxy send connection 36 from local rank 4, transport 2
dgx052:188:402 [4] NCCL INFO Connected to proxy localRank 4 -> connection 0x7f44cc006020
dgx052:188:395 [4] NCCL INFO NET/IB : GPU Direct RDMA (DMABUF) enabled for HCA 5 'mlx5_6
dgx052:184:385 [0] NCCL INFO NET/IB : GPU Direct RDMA (DMABUF) enabled for HCA 0 'mlx5_0
dgx052:188:402 [4] NCCL INFO Channel 08/0 : 4[4] -> 12[4] [send] via NET/IBext_v8/5/GDRDMA
dgx052:188:402 [4] NCCL INFO GPU Direct RDMA Enabled for GPU 9d000 / HCA 5 (distance 4 <= 4), read 1
dgx052:184:401 [0] NCCL INFO Channel 19/0 : 8[0] -> 0[0] [receive] via NET/IBext_v8/0/GDRDMA
dgx052:184:401 [0] NCCL INFO GPU Direct RDMA Enabled for GPU 1b000 / HCA 0 (distance 4 <= 4), read 0
dgx052:188:395 [4] NCCL INFO New proxy send connection 37 from local rank 4, transport 2
dgx052:188:402 [4] NCCL INFO Connected to proxy localRank 4 -> connection 0x7f44cc006098
dgx052:188:395 [4] NCCL INFO NET/IB : GPU Direct RDMA (DMABUF) enabled for HCA 5 'mlx5_6
dgx052:188:402 [4] NCCL INFO Channel 09/0 : 4[4] -> 12[4] [send] via NET/IBext_v8/5/GDRDMA
dgx052:188:402 [4] NCCL INFO GPU Direct RDMA Enabled for GPU 9d000 / HCA 5 (distance 4 <= 4), read 1
dgx052:188:395 [4] NCCL INFO New proxy send connection 38 from local rank 4, transport 2
dgx052:188:402 [4] NCCL INFO Connected to proxy localRank 4 -> connection 0x7f44cc006110
dgx052:188:395 [4] NCCL INFO NET/IB : GPU Direct RDMA (DMABUF) enabled for HCA 5 'mlx5_6
dgx052:188:402 [4] NCCL INFO Channel 10/0 : 4[4] -> 12[4] [send] via NET/IBext_v8/5/GDRDMA
dgx052:188:402 [4] NCCL INFO GPU Direct RDMA Enabled for GPU 9d000 / HCA 5 (distance 4 <= 4), read 1
dgx052:184:385 [0] NCCL INFO New proxy recv connection 20 from local rank 0, transport 2
dgx052:188:395 [4] NCCL INFO New proxy send connection 39 from local rank 4, transport 2
dgx052:184:401 [0] NCCL INFO Connected to proxy localRank 0 -> connection 0x7fd28c0058a0
dgx052:188:402 [4] NCCL INFO Connected to proxy localRank 4 -> connection 0x7f44cc006188
dgx052:184:385 [0] NCCL INFO NET/IB : GPU Direct RDMA (DMABUF) enabled for HCA 0 'mlx5_0
dgx052:188:395 [4] NCCL INFO NET/IB : GPU Direct RDMA (DMABUF) enabled for HCA 5 'mlx5_6
dgx052:188:402 [4] NCCL INFO Channel 11/0 : 4[4] -> 12[4] [send] via NET/IBext_v8/5/GDRDMA
dgx052:188:402 [4] NCCL INFO GPU Direct RDMA Enabled for GPU 9d000 / HCA 5 (distance 4 <= 4), read 1
dgx052:184:401 [0] NCCL INFO Channel 20/0 : 8[0] -> 0[0] [receive] via NET/IBext_v8/0/GDRDMA
dgx052:184:401 [0] NCCL INFO GPU Direct RDMA Enabled for GPU 1b000 / HCA 0 (distance 4 <= 4), read 0
dgx052:188:395 [4] NCCL INFO New proxy send connection 40 from local rank 4, transport 2
dgx052:188:402 [4] NCCL INFO Connected to proxy localRank 4 -> connection 0x7f44cc006200
dgx052:188:395 [4] NCCL INFO NET/IB : GPU Direct RDMA (DMABUF) enabled for HCA 5 'mlx5_6
dgx052:188:402 [4] NCCL INFO Channel 12/0 : 4[4] -> 12[4] [send] via NET/IBext_v8/5/GDRDMA
dgx052:188:402 [4] NCCL INFO GPU Direct RDMA Enabled for GPU 9d000 / HCA 5 (distance 4 <= 4), read 1
dgx052:188:395 [4] NCCL INFO New proxy send connection 41 from local rank 4, transport 2
dgx052:188:402 [4] NCCL INFO Connected to proxy localRank 4 -> connection 0x7f44cc006278
dgx052:186:397 [2] NCCL INFO NET/IB: NCCL Dev 3 IbDev 3 Port 1 qpn 5642 mtu 5 LID 413 subnet-prefix 33022  FLID 0 fifoRkey=0x1819d7 fifoLkey=0x1819d7
dgx052:186:397 [2] NCCL INFO NET/IB: NCCL Dev 3 IbDev 3 Port 1 qpn 5643 mtu 5 LID 413 subnet-prefix 33022  FLID 0 fifoRkey=0x1819d7 fifoLkey=0x1819d7
dgx052:184:385 [0] NCCL INFO New proxy recv connection 21 from local rank 0, transport 2
dgx052:186:397 [2] NCCL INFO NET/IB: NCCL Dev 3 IbDev 3 Port 1 qpn 5644 mtu 5 LID 413 subnet-prefix 33022  FLID 0 fifoRkey=0x1819d7 fifoLkey=0x1819d7
dgx052:186:397 [2] NCCL INFO NET/IB: NCCL Dev 3 IbDev 3 Port 1 qpn 5645 mtu 5 LID 413 subnet-prefix 33022  FLID 0 fifoRkey=0x1819d7 fifoLkey=0x1819d7
dgx052:186:397 [2] NCCL INFO NET/IB: NCCL Dev 3 IbDev 3 Port 1 qpn 5646 mtu 5 LID 413 subnet-prefix 33022  FLID 0 fifoRkey=0x1819d7 fifoLkey=0x1819d7
dgx052:186:397 [2] NCCL INFO NET/IB: NCCL Dev 3 IbDev 3 Port 1 qpn 5647 mtu 5 LID 413 subnet-prefix 33022  FLID 0 fifoRkey=0x1819d7 fifoLkey=0x1819d7
dgx052:186:397 [2] NCCL INFO NET/IB: NCCL Dev 3 IbDev 3 Port 1 qpn 5648 mtu 5 LID 413 subnet-prefix 33022  FLID 0 fifoRkey=0x1819d7 fifoLkey=0x1819d7
dgx052:186:397 [2] NCCL INFO NET/IB: NCCL Dev 3 IbDev 3 Port 1 qpn 5649 mtu 5 LID 413 subnet-prefix 33022  FLID 0 fifoRkey=0x1819d7 fifoLkey=0x1819d7
dgx052:184:401 [0] NCCL INFO Connected to proxy localRank 0 -> connection 0x7fd28c005918
dgx052:188:395 [4] NCCL INFO NET/IB : GPU Direct RDMA (DMABUF) enabled for HCA 5 'mlx5_6
dgx052:188:402 [4] NCCL INFO Channel 13/0 : 4[4] -> 12[4] [send] via NET/IBext_v8/5/GDRDMA
dgx052:188:402 [4] NCCL INFO GPU Direct RDMA Enabled for GPU 9d000 / HCA 5 (distance 4 <= 4), read 1
dgx052:184:385 [0] NCCL INFO NET/IB : GPU Direct RDMA (DMABUF) enabled for HCA 0 'mlx5_0
dgx052:188:395 [4] NCCL INFO New proxy send connection 42 from local rank 4, transport 2
dgx052:184:401 [0] NCCL INFO Channel 21/0 : 8[0] -> 0[0] [receive] via NET/IBext_v8/0/GDRDMA
dgx052:184:401 [0] NCCL INFO GPU Direct RDMA Enabled for GPU 1b000 / HCA 0 (distance 4 <= 4), read 0
dgx052:188:402 [4] NCCL INFO Connected to proxy localRank 4 -> connection 0x7f44cc0062f0
dgx052:188:395 [4] NCCL INFO NET/IB : GPU Direct RDMA (DMABUF) enabled for HCA 5 'mlx5_6
dgx052:188:402 [4] NCCL INFO Channel 14/0 : 4[4] -> 12[4] [send] via NET/IBext_v8/5/GDRDMA
dgx052:188:402 [4] NCCL INFO GPU Direct RDMA Enabled for GPU 9d000 / HCA 5 (distance 4 <= 4), read 1
dgx052:188:395 [4] NCCL INFO New proxy send connection 43 from local rank 4, transport 2
dgx052:188:402 [4] NCCL INFO Connected to proxy localRank 4 -> connection 0x7f44cc006368
dgx052:184:385 [0] NCCL INFO New proxy recv connection 22 from local rank 0, transport 2
dgx052:184:401 [0] NCCL INFO Connected to proxy localRank 0 -> connection 0x7fd28c005990
dgx052:188:395 [4] NCCL INFO NET/IB : GPU Direct RDMA (DMABUF) enabled for HCA 5 'mlx5_6
dgx052:187:391 [3] NCCL INFO NET/IB: NCCL Dev 4 IbDev 4 Port 1 qpn 5642 mtu 5 LID 417 subnet-prefix 33022  FLID 0 fifoRkey=0x147937 fifoLkey=0x147937
dgx052:188:402 [4] NCCL INFO Channel 15/0 : 4[4] -> 12[4] [send] via NET/IBext_v8/5/GDRDMA
dgx052:188:402 [4] NCCL INFO GPU Direct RDMA Enabled for GPU 9d000 / HCA 5 (distance 4 <= 4), read 1
dgx052:187:391 [3] NCCL INFO NET/IB: NCCL Dev 4 IbDev 4 Port 1 qpn 5643 mtu 5 LID 417 subnet-prefix 33022  FLID 0 fifoRkey=0x147937 fifoLkey=0x147937
dgx052:187:391 [3] NCCL INFO NET/IB: NCCL Dev 4 IbDev 4 Port 1 qpn 5644 mtu 5 LID 417 subnet-prefix 33022  FLID 0 fifoRkey=0x147937 fifoLkey=0x147937
dgx052:187:391 [3] NCCL INFO NET/IB: NCCL Dev 4 IbDev 4 Port 1 qpn 5645 mtu 5 LID 417 subnet-prefix 33022  FLID 0 fifoRkey=0x147937 fifoLkey=0x147937
dgx052:187:391 [3] NCCL INFO NET/IB: NCCL Dev 4 IbDev 4 Port 1 qpn 5646 mtu 5 LID 417 subnet-prefix 33022  FLID 0 fifoRkey=0x147937 fifoLkey=0x147937
dgx052:187:391 [3] NCCL INFO NET/IB: NCCL Dev 4 IbDev 4 Port 1 qpn 5647 mtu 5 LID 417 subnet-prefix 33022  FLID 0 fifoRkey=0x147937 fifoLkey=0x147937
dgx052:187:391 [3] NCCL INFO NET/IB: NCCL Dev 4 IbDev 4 Port 1 qpn 5648 mtu 5 LID 417 subnet-prefix 33022  FLID 0 fifoRkey=0x147937 fifoLkey=0x147937
dgx052:187:391 [3] NCCL INFO NET/IB: NCCL Dev 4 IbDev 4 Port 1 qpn 5649 mtu 5 LID 417 subnet-prefix 33022  FLID 0 fifoRkey=0x147937 fifoLkey=0x147937
dgx052:184:385 [0] NCCL INFO NET/IB : GPU Direct RDMA (DMABUF) enabled for HCA 0 'mlx5_0
dgx052:188:395 [4] NCCL INFO New proxy send connection 44 from local rank 4, transport 2
dgx052:184:401 [0] NCCL INFO Channel 22/0 : 8[0] -> 0[0] [receive] via NET/IBext_v8/0/GDRDMA
dgx052:184:401 [0] NCCL INFO GPU Direct RDMA Enabled for GPU 1b000 / HCA 0 (distance 4 <= 4), read 0
dgx052:188:402 [4] NCCL INFO Connected to proxy localRank 4 -> connection 0x7f44cc0063e0
dgx052:188:395 [4] NCCL INFO NET/IB : GPU Direct RDMA (DMABUF) enabled for HCA 5 'mlx5_6
dgx052:188:402 [4] NCCL INFO Channel 16/0 : 4[4] -> 12[4] [send] via NET/IBext_v8/5/GDRDMA
dgx052:188:402 [4] NCCL INFO GPU Direct RDMA Enabled for GPU 9d000 / HCA 5 (distance 4 <= 4), read 1
dgx052:188:395 [4] NCCL INFO New proxy send connection 45 from local rank 4, transport 2
dgx052:188:402 [4] NCCL INFO Connected to proxy localRank 4 -> connection 0x7f44cc006458
dgx052:184:385 [0] NCCL INFO New proxy recv connection 23 from local rank 0, transport 2
dgx052:188:395 [4] NCCL INFO NET/IB : GPU Direct RDMA (DMABUF) enabled for HCA 5 'mlx5_6
dgx052:188:402 [4] NCCL INFO Channel 17/0 : 4[4] -> 12[4] [send] via NET/IBext_v8/5/GDRDMA
dgx052:188:402 [4] NCCL INFO GPU Direct RDMA Enabled for GPU 9d000 / HCA 5 (distance 4 <= 4), read 1
dgx052:184:401 [0] NCCL INFO Connected to proxy localRank 0 -> connection 0x7fd28c005a08
dgx052:188:395 [4] NCCL INFO New proxy send connection 46 from local rank 4, transport 2
dgx052:184:385 [0] NCCL INFO NET/IB : GPU Direct RDMA (DMABUF) enabled for HCA 0 'mlx5_0
dgx052:188:402 [4] NCCL INFO Connected to proxy localRank 4 -> connection 0x7f44cc0064d0
dgx052:184:401 [0] NCCL INFO Channel 23/0 : 8[0] -> 0[0] [receive] via NET/IBext_v8/0/GDRDMA
dgx052:184:401 [0] NCCL INFO GPU Direct RDMA Enabled for GPU 1b000 / HCA 0 (distance 4 <= 4), read 0
dgx052:188:395 [4] NCCL INFO NET/IB : GPU Direct RDMA (DMABUF) enabled for HCA 5 'mlx5_6
dgx052:184:385 [0] NCCL INFO New proxy recv connection 24 from local rank 0, transport 2
dgx052:188:402 [4] NCCL INFO Channel 18/0 : 4[4] -> 12[4] [send] via NET/IBext_v8/5/GDRDMA
dgx052:188:402 [4] NCCL INFO GPU Direct RDMA Enabled for GPU 9d000 / HCA 5 (distance 4 <= 4), read 1
dgx052:184:401 [0] NCCL INFO Connected to proxy localRank 0 -> connection 0x7fd28c005a80
dgx052:188:395 [4] NCCL INFO New proxy send connection 47 from local rank 4, transport 2
dgx052:184:385 [0] NCCL INFO NET/IB : GPU Direct RDMA (DMABUF) enabled for HCA 0 'mlx5_0
dgx052:184:401 [0] NCCL INFO Channel 24/0 : 8[0] -> 0[0] [receive] via NET/IBext_v8/0/GDRDMA
dgx052:184:401 [0] NCCL INFO GPU Direct RDMA Enabled for GPU 1b000 / HCA 0 (distance 4 <= 4), read 0
dgx052:188:402 [4] NCCL INFO Connected to proxy localRank 4 -> connection 0x7f44cc006548
dgx052:184:385 [0] NCCL INFO New proxy recv connection 25 from local rank 0, transport 2
dgx052:184:401 [0] NCCL INFO Connected to proxy localRank 0 -> connection 0x7fd28c005af8
dgx052:188:395 [4] NCCL INFO NET/IB : GPU Direct RDMA (DMABUF) enabled for HCA 5 'mlx5_6
dgx052:188:402 [4] NCCL INFO Channel 19/0 : 4[4] -> 12[4] [send] via NET/IBext_v8/5/GDRDMA
dgx052:188:402 [4] NCCL INFO GPU Direct RDMA Enabled for GPU 9d000 / HCA 5 (distance 4 <= 4), read 1
dgx052:184:385 [0] NCCL INFO NET/IB : GPU Direct RDMA (DMABUF) enabled for HCA 0 'mlx5_0
dgx052:188:395 [4] NCCL INFO New proxy send connection 48 from local rank 4, transport 2
dgx052:184:401 [0] NCCL INFO Channel 25/0 : 8[0] -> 0[0] [receive] via NET/IBext_v8/0/GDRDMA
dgx052:184:401 [0] NCCL INFO GPU Direct RDMA Enabled for GPU 1b000 / HCA 0 (distance 4 <= 4), read 0
dgx052:188:402 [4] NCCL INFO Connected to proxy localRank 4 -> connection 0x7f44cc0065c0
dgx052:184:385 [0] NCCL INFO New proxy recv connection 26 from local rank 0, transport 2
dgx052:184:401 [0] NCCL INFO Connected to proxy localRank 0 -> connection 0x7fd28c005b70
dgx052:188:395 [4] NCCL INFO NET/IB : GPU Direct RDMA (DMABUF) enabled for HCA 5 'mlx5_6
dgx052:188:402 [4] NCCL INFO Channel 20/0 : 4[4] -> 12[4] [send] via NET/IBext_v8/5/GDRDMA
dgx052:184:385 [0] NCCL INFO NET/IB : GPU Direct RDMA (DMABUF) enabled for HCA 0 'mlx5_0
dgx052:188:402 [4] NCCL INFO GPU Direct RDMA Enabled for GPU 9d000 / HCA 5 (distance 4 <= 4), read 1
dgx052:184:401 [0] NCCL INFO Channel 26/0 : 8[0] -> 0[0] [receive] via NET/IBext_v8/0/GDRDMA
dgx052:184:401 [0] NCCL INFO GPU Direct RDMA Enabled for GPU 1b000 / HCA 0 (distance 4 <= 4), read 0
dgx052:188:395 [4] NCCL INFO New proxy send connection 49 from local rank 4, transport 2
dgx052:184:385 [0] NCCL INFO New proxy recv connection 27 from local rank 0, transport 2
dgx052:188:402 [4] NCCL INFO Connected to proxy localRank 4 -> connection 0x7f44cc006638
dgx052:184:401 [0] NCCL INFO Connected to proxy localRank 0 -> connection 0x7fd28c005be8
dgx052:184:385 [0] NCCL INFO NET/IB : GPU Direct RDMA (DMABUF) enabled for HCA 0 'mlx5_0
dgx052:188:395 [4] NCCL INFO NET/IB : GPU Direct RDMA (DMABUF) enabled for HCA 5 'mlx5_6
dgx052:188:402 [4] NCCL INFO Channel 21/0 : 4[4] -> 12[4] [send] via NET/IBext_v8/5/GDRDMA
dgx052:188:402 [4] NCCL INFO GPU Direct RDMA Enabled for GPU 9d000 / HCA 5 (distance 4 <= 4), read 1
dgx052:184:401 [0] NCCL INFO Channel 27/0 : 8[0] -> 0[0] [receive] via NET/IBext_v8/0/GDRDMA
dgx052:184:401 [0] NCCL INFO GPU Direct RDMA Enabled for GPU 1b000 / HCA 0 (distance 4 <= 4), read 1
dgx052:184:385 [0] NCCL INFO New proxy send connection 28 from local rank 0, transport 2
dgx052:188:395 [4] NCCL INFO New proxy send connection 50 from local rank 4, transport 2
dgx052:184:401 [0] NCCL INFO Connected to proxy localRank 0 -> connection 0x7fd28c005c60
dgx052:188:402 [4] NCCL INFO Connected to proxy localRank 4 -> connection 0x7f44cc0066b0
dgx052:184:385 [0] NCCL INFO NET/IB : GPU Direct RDMA (DMABUF) enabled for HCA 0 'mlx5_0
dgx052:184:401 [0] NCCL INFO Channel 00/0 : 0[0] -> 8[0] [send] via NET/IBext_v8/0/GDRDMA
dgx052:184:401 [0] NCCL INFO GPU Direct RDMA Enabled for GPU 1b000 / HCA 0 (distance 4 <= 4), read 1
dgx052:188:395 [4] NCCL INFO NET/IB : GPU Direct RDMA (DMABUF) enabled for HCA 5 'mlx5_6
dgx052:186:397 [2] NCCL INFO NCCL_IB_TIMEOUT set by environment to 22.
dgx052:188:402 [4] NCCL INFO Channel 22/0 : 4[4] -> 12[4] [send] via NET/IBext_v8/5/GDRDMA
dgx052:188:402 [4] NCCL INFO GPU Direct RDMA Enabled for GPU 9d000 / HCA 5 (distance 4 <= 4), read 1
dgx052:184:385 [0] NCCL INFO New proxy send connection 29 from local rank 0, transport 2
dgx052:184:401 [0] NCCL INFO Connected to proxy localRank 0 -> connection 0x7fd28c005cd8
dgx052:188:395 [4] NCCL INFO New proxy send connection 51 from local rank 4, transport 2
dgx052:184:385 [0] NCCL INFO NET/IB : GPU Direct RDMA (DMABUF) enabled for HCA 0 'mlx5_0
dgx052:188:402 [4] NCCL INFO Connected to proxy localRank 4 -> connection 0x7f44cc006728
dgx052:184:401 [0] NCCL INFO Channel 01/0 : 0[0] -> 8[0] [send] via NET/IBext_v8/0/GDRDMA
dgx052:184:401 [0] NCCL INFO GPU Direct RDMA Enabled for GPU 1b000 / HCA 0 (distance 4 <= 4), read 1
dgx052:184:385 [0] NCCL INFO New proxy send connection 30 from local rank 0, transport 2
dgx052:188:395 [4] NCCL INFO NET/IB : GPU Direct RDMA (DMABUF) enabled for HCA 5 'mlx5_6
dgx052:184:401 [0] NCCL INFO Connected to proxy localRank 0 -> connection 0x7fd28c005d50
dgx052:188:402 [4] NCCL INFO Channel 23/0 : 4[4] -> 12[4] [send] via NET/IBext_v8/5/GDRDMA
dgx052:188:402 [4] NCCL INFO GPU Direct RDMA Enabled for GPU 9d000 / HCA 5 (distance 4 <= 4), read 1
dgx052:184:385 [0] NCCL INFO NET/IB : GPU Direct RDMA (DMABUF) enabled for HCA 0 'mlx5_0
dgx052:184:401 [0] NCCL INFO Channel 02/0 : 0[0] -> 8[0] [send] via NET/IBext_v8/0/GDRDMA
dgx052:184:401 [0] NCCL INFO GPU Direct RDMA Enabled for GPU 1b000 / HCA 0 (distance 4 <= 4), read 1
dgx052:188:395 [4] NCCL INFO New proxy send connection 52 from local rank 4, transport 2
dgx052:184:385 [0] NCCL INFO New proxy send connection 31 from local rank 0, transport 2
dgx052:188:402 [4] NCCL INFO Connected to proxy localRank 4 -> connection 0x7f44cc0067a0
dgx052:184:401 [0] NCCL INFO Connected to proxy localRank 0 -> connection 0x7fd28c005dc8
dgx052:190:387 [6] NCCL INFO NET/IB: NCCL Dev 8 IbDev 8 Port 1 qpn 5650 mtu 5 LID 416 subnet-prefix 33022  FLID 0 fifoRkey=0x17e19f fifoLkey=0x17e19f
dgx052:190:387 [6] NCCL INFO NET/IB: NCCL Dev 8 IbDev 8 Port 1 qpn 5651 mtu 5 LID 416 subnet-prefix 33022  FLID 0 fifoRkey=0x17e19f fifoLkey=0x17e19f
dgx052:190:387 [6] NCCL INFO NET/IB: NCCL Dev 8 IbDev 8 Port 1 qpn 5652 mtu 5 LID 416 subnet-prefix 33022  FLID 0 fifoRkey=0x17e19f fifoLkey=0x17e19f
dgx052:190:387 [6] NCCL INFO NET/IB: NCCL Dev 8 IbDev 8 Port 1 qpn 5653 mtu 5 LID 416 subnet-prefix 33022  FLID 0 fifoRkey=0x17e19f fifoLkey=0x17e19f
dgx052:190:387 [6] NCCL INFO NET/IB: NCCL Dev 8 IbDev 8 Port 1 qpn 5654 mtu 5 LID 416 subnet-prefix 33022  FLID 0 fifoRkey=0x17e19f fifoLkey=0x17e19f
dgx052:190:387 [6] NCCL INFO NET/IB: NCCL Dev 8 IbDev 8 Port 1 qpn 5655 mtu 5 LID 416 subnet-prefix 33022  FLID 0 fifoRkey=0x17e19f fifoLkey=0x17e19f
dgx052:190:387 [6] NCCL INFO NET/IB: NCCL Dev 8 IbDev 8 Port 1 qpn 5656 mtu 5 LID 416 subnet-prefix 33022  FLID 0 fifoRkey=0x17e19f fifoLkey=0x17e19f
dgx052:190:387 [6] NCCL INFO NET/IB: NCCL Dev 8 IbDev 8 Port 1 qpn 5657 mtu 5 LID 416 subnet-prefix 33022  FLID 0 fifoRkey=0x17e19f fifoLkey=0x17e19f
dgx052:188:395 [4] NCCL INFO NET/IB : GPU Direct RDMA (DMABUF) enabled for HCA 5 'mlx5_6
dgx052:184:385 [0] NCCL INFO NET/IB : GPU Direct RDMA (DMABUF) enabled for HCA 0 'mlx5_0
dgx052:184:401 [0] NCCL INFO Channel 03/0 : 0[0] -> 8[0] [send] via NET/IBext_v8/0/GDRDMA
dgx052:184:401 [0] NCCL INFO GPU Direct RDMA Enabled for GPU 1b000 / HCA 0 (distance 4 <= 4), read 1
dgx052:188:402 [4] NCCL INFO Channel 24/0 : 4[4] -> 12[4] [send] via NET/IBext_v8/5/GDRDMA
dgx052:188:402 [4] NCCL INFO GPU Direct RDMA Enabled for GPU 9d000 / HCA 5 (distance 4 <= 4), read 1
dgx052:184:385 [0] NCCL INFO New proxy send connection 32 from local rank 0, transport 2
dgx052:188:395 [4] NCCL INFO New proxy send connection 53 from local rank 4, transport 2
dgx052:184:401 [0] NCCL INFO Connected to proxy localRank 0 -> connection 0x7fd28c005e40
dgx052:188:402 [4] NCCL INFO Connected to proxy localRank 4 -> connection 0x7f44cc006818
dgx052:184:385 [0] NCCL INFO NET/IB : GPU Direct RDMA (DMABUF) enabled for HCA 0 'mlx5_0
dgx052:184:401 [0] NCCL INFO Channel 04/0 : 0[0] -> 8[0] [send] via NET/IBext_v8/0/GDRDMA
dgx052:184:401 [0] NCCL INFO GPU Direct RDMA Enabled for GPU 1b000 / HCA 0 (distance 4 <= 4), read 1
dgx052:188:395 [4] NCCL INFO NET/IB : GPU Direct RDMA (DMABUF) enabled for HCA 5 'mlx5_6
dgx052:184:385 [0] NCCL INFO New proxy send connection 33 from local rank 0, transport 2
dgx052:188:402 [4] NCCL INFO Channel 25/0 : 4[4] -> 12[4] [send] via NET/IBext_v8/5/GDRDMA
dgx052:188:402 [4] NCCL INFO GPU Direct RDMA Enabled for GPU 9d000 / HCA 5 (distance 4 <= 4), read 1
dgx052:184:401 [0] NCCL INFO Connected to proxy localRank 0 -> connection 0x7fd28c005eb8
dgx052:188:395 [4] NCCL INFO New proxy send connection 54 from local rank 4, transport 2
dgx052:184:385 [0] NCCL INFO NET/IB : GPU Direct RDMA (DMABUF) enabled for HCA 0 'mlx5_0
dgx052:184:401 [0] NCCL INFO Channel 05/0 : 0[0] -> 8[0] [send] via NET/IBext_v8/0/GDRDMA
dgx052:184:401 [0] NCCL INFO GPU Direct RDMA Enabled for GPU 1b000 / HCA 0 (distance 4 <= 4), read 1
dgx052:188:402 [4] NCCL INFO Connected to proxy localRank 4 -> connection 0x7f44cc006890
dgx052:184:385 [0] NCCL INFO New proxy send connection 34 from local rank 0, transport 2
dgx052:184:401 [0] NCCL INFO Connected to proxy localRank 0 -> connection 0x7fd28c005f30
dgx052:188:395 [4] NCCL INFO NET/IB : GPU Direct RDMA (DMABUF) enabled for HCA 5 'mlx5_6
dgx052:188:402 [4] NCCL INFO Channel 26/0 : 4[4] -> 12[4] [send] via NET/IBext_v8/5/GDRDMA
dgx052:188:402 [4] NCCL INFO GPU Direct RDMA Enabled for GPU 9d000 / HCA 5 (distance 4 <= 4), read 1
dgx052:184:385 [0] NCCL INFO NET/IB : GPU Direct RDMA (DMABUF) enabled for HCA 0 'mlx5_0
dgx052:184:401 [0] NCCL INFO Channel 06/0 : 0[0] -> 8[0] [send] via NET/IBext_v8/0/GDRDMA
dgx052:184:401 [0] NCCL INFO GPU Direct RDMA Enabled for GPU 1b000 / HCA 0 (distance 4 <= 4), read 1
dgx052:188:395 [4] NCCL INFO New proxy send connection 55 from local rank 4, transport 2
dgx052:184:385 [0] NCCL INFO New proxy send connection 35 from local rank 0, transport 2
dgx052:188:402 [4] NCCL INFO Connected to proxy localRank 4 -> connection 0x7f44cc006908
dgx052:184:401 [0] NCCL INFO Connected to proxy localRank 0 -> connection 0x7fd28c005fa8
dgx052:184:385 [0] NCCL INFO NET/IB : GPU Direct RDMA (DMABUF) enabled for HCA 0 'mlx5_0
dgx052:188:395 [4] NCCL INFO NET/IB : GPU Direct RDMA (DMABUF) enabled for HCA 5 'mlx5_6
dgx052:184:401 [0] NCCL INFO Channel 07/0 : 0[0] -> 8[0] [send] via NET/IBext_v8/0/GDRDMA
dgx052:184:401 [0] NCCL INFO GPU Direct RDMA Enabled for GPU 1b000 / HCA 0 (distance 4 <= 4), read 1
dgx052:188:402 [4] NCCL INFO Channel 27/0 : 4[4] -> 12[4] [send] via NET/IBext_v8/5/GDRDMA
dgx052:184:385 [0] NCCL INFO New proxy send connection 36 from local rank 0, transport 2
dgx052:184:401 [0] NCCL INFO Connected to proxy localRank 0 -> connection 0x7fd28c006020
dgx052:184:385 [0] NCCL INFO NET/IB : GPU Direct RDMA (DMABUF) enabled for HCA 0 'mlx5_0
dgx052:184:401 [0] NCCL INFO Channel 08/0 : 0[0] -> 8[0] [send] via NET/IBext_v8/0/GDRDMA
dgx052:184:401 [0] NCCL INFO GPU Direct RDMA Enabled for GPU 1b000 / HCA 0 (distance 4 <= 4), read 1
dgx052:184:385 [0] NCCL INFO New proxy send connection 37 from local rank 0, transport 2
dgx052:184:401 [0] NCCL INFO Connected to proxy localRank 0 -> connection 0x7fd28c006098
dgx052:184:385 [0] NCCL INFO NET/IB : GPU Direct RDMA (DMABUF) enabled for HCA 0 'mlx5_0
dgx052:184:401 [0] NCCL INFO Channel 09/0 : 0[0] -> 8[0] [send] via NET/IBext_v8/0/GDRDMA
dgx052:184:401 [0] NCCL INFO GPU Direct RDMA Enabled for GPU 1b000 / HCA 0 (distance 4 <= 4), read 1
dgx052:184:385 [0] NCCL INFO New proxy send connection 38 from local rank 0, transport 2
dgx052:184:401 [0] NCCL INFO Connected to proxy localRank 0 -> connection 0x7fd28c006110
dgx052:184:385 [0] NCCL INFO NET/IB : GPU Direct RDMA (DMABUF) enabled for HCA 0 'mlx5_0
dgx052:184:401 [0] NCCL INFO Channel 10/0 : 0[0] -> 8[0] [send] via NET/IBext_v8/0/GDRDMA
dgx052:184:401 [0] NCCL INFO GPU Direct RDMA Enabled for GPU 1b000 / HCA 0 (distance 4 <= 4), read 1
dgx052:184:385 [0] NCCL INFO New proxy send connection 39 from local rank 0, transport 2
dgx052:184:401 [0] NCCL INFO Connected to proxy localRank 0 -> connection 0x7fd28c006188
dgx052:184:385 [0] NCCL INFO NET/IB : GPU Direct RDMA (DMABUF) enabled for HCA 0 'mlx5_0
dgx052:184:401 [0] NCCL INFO Channel 11/0 : 0[0] -> 8[0] [send] via NET/IBext_v8/0/GDRDMA
dgx052:184:401 [0] NCCL INFO GPU Direct RDMA Enabled for GPU 1b000 / HCA 0 (distance 4 <= 4), read 1
dgx052:184:385 [0] NCCL INFO New proxy send connection 40 from local rank 0, transport 2
dgx052:184:401 [0] NCCL INFO Connected to proxy localRank 0 -> connection 0x7fd28c006200
dgx052:184:385 [0] NCCL INFO NET/IB : GPU Direct RDMA (DMABUF) enabled for HCA 0 'mlx5_0
dgx052:184:401 [0] NCCL INFO Channel 12/0 : 0[0] -> 8[0] [send] via NET/IBext_v8/0/GDRDMA
dgx052:184:401 [0] NCCL INFO GPU Direct RDMA Enabled for GPU 1b000 / HCA 0 (distance 4 <= 4), read 1
dgx052:184:385 [0] NCCL INFO New proxy send connection 41 from local rank 0, transport 2
dgx052:184:401 [0] NCCL INFO Connected to proxy localRank 0 -> connection 0x7fd28c006278
dgx052:184:385 [0] NCCL INFO NET/IB : GPU Direct RDMA (DMABUF) enabled for HCA 0 'mlx5_0
dgx052:184:401 [0] NCCL INFO Channel 13/0 : 0[0] -> 8[0] [send] via NET/IBext_v8/0/GDRDMA
dgx052:184:401 [0] NCCL INFO GPU Direct RDMA Enabled for GPU 1b000 / HCA 0 (distance 4 <= 4), read 1
dgx052:188:395 [4] NCCL INFO NCCL_IB_QPS_PER_CONNECTION set by environment to 8.
dgx052:184:385 [0] NCCL INFO New proxy send connection 42 from local rank 0, transport 2
dgx052:184:401 [0] NCCL INFO Connected to proxy localRank 0 -> connection 0x7fd28c0062f0
dgx052:184:385 [0] NCCL INFO NET/IB : GPU Direct RDMA (DMABUF) enabled for HCA 0 'mlx5_0
dgx052:184:401 [0] NCCL INFO Channel 14/0 : 0[0] -> 8[0] [send] via NET/IBext_v8/0/GDRDMA
dgx052:184:401 [0] NCCL INFO GPU Direct RDMA Enabled for GPU 1b000 / HCA 0 (distance 4 <= 4), read 1
dgx052:184:385 [0] NCCL INFO New proxy send connection 43 from local rank 0, transport 2
dgx052:184:401 [0] NCCL INFO Connected to proxy localRank 0 -> connection 0x7fd28c006368
dgx052:190:387 [6] NCCL INFO NCCL_IB_TIMEOUT set by environment to 22.
dgx052:184:385 [0] NCCL INFO NET/IB : GPU Direct RDMA (DMABUF) enabled for HCA 0 'mlx5_0
dgx052:184:401 [0] NCCL INFO Channel 15/0 : 0[0] -> 8[0] [send] via NET/IBext_v8/0/GDRDMA
dgx052:184:401 [0] NCCL INFO GPU Direct RDMA Enabled for GPU 1b000 / HCA 0 (distance 4 <= 4), read 1
dgx052:184:385 [0] NCCL INFO New proxy send connection 44 from local rank 0, transport 2
dgx052:184:401 [0] NCCL INFO Connected to proxy localRank 0 -> connection 0x7fd28c0063e0
dgx052:184:385 [0] NCCL INFO NET/IB : GPU Direct RDMA (DMABUF) enabled for HCA 0 'mlx5_0
dgx052:184:401 [0] NCCL INFO Channel 16/0 : 0[0] -> 8[0] [send] via NET/IBext_v8/0/GDRDMA
dgx052:184:401 [0] NCCL INFO GPU Direct RDMA Enabled for GPU 1b000 / HCA 0 (distance 4 <= 4), read 1
dgx052:184:385 [0] NCCL INFO New proxy send connection 45 from local rank 0, transport 2
dgx052:184:401 [0] NCCL INFO Connected to proxy localRank 0 -> connection 0x7fd28c006458
dgx052:185:389 [1] NCCL INFO NET/IB: NCCL Dev 2 IbDev 2 Port 1 qpn 5650 mtu 5 LID 414 subnet-prefix 33022  FLID 0 fifoRkey=0x1707c5 fifoLkey=0x1707c5
dgx052:185:389 [1] NCCL INFO NET/IB: NCCL Dev 2 IbDev 2 Port 1 qpn 5651 mtu 5 LID 414 subnet-prefix 33022  FLID 0 fifoRkey=0x1707c5 fifoLkey=0x1707c5
dgx052:185:389 [1] NCCL INFO NET/IB: NCCL Dev 2 IbDev 2 Port 1 qpn 5652 mtu 5 LID 414 subnet-prefix 33022  FLID 0 fifoRkey=0x1707c5 fifoLkey=0x1707c5
dgx052:185:389 [1] NCCL INFO NET/IB: NCCL Dev 2 IbDev 2 Port 1 qpn 5653 mtu 5 LID 414 subnet-prefix 33022  FLID 0 fifoRkey=0x1707c5 fifoLkey=0x1707c5
dgx052:185:389 [1] NCCL INFO NET/IB: NCCL Dev 2 IbDev 2 Port 1 qpn 5654 mtu 5 LID 414 subnet-prefix 33022  FLID 0 fifoRkey=0x1707c5 fifoLkey=0x1707c5
dgx052:185:389 [1] NCCL INFO NET/IB: NCCL Dev 2 IbDev 2 Port 1 qpn 5655 mtu 5 LID 414 subnet-prefix 33022  FLID 0 fifoRkey=0x1707c5 fifoLkey=0x1707c5
dgx052:185:389 [1] NCCL INFO NET/IB: NCCL Dev 2 IbDev 2 Port 1 qpn 5656 mtu 5 LID 414 subnet-prefix 33022  FLID 0 fifoRkey=0x1707c5 fifoLkey=0x1707c5
dgx052:185:389 [1] NCCL INFO NET/IB: NCCL Dev 2 IbDev 2 Port 1 qpn 5657 mtu 5 LID 414 subnet-prefix 33022  FLID 0 fifoRkey=0x1707c5 fifoLkey=0x1707c5
dgx052:184:385 [0] NCCL INFO NET/IB : GPU Direct RDMA (DMABUF) enabled for HCA 0 'mlx5_0
dgx052:184:401 [0] NCCL INFO Channel 17/0 : 0[0] -> 8[0] [send] via NET/IBext_v8/0/GDRDMA
dgx052:184:401 [0] NCCL INFO GPU Direct RDMA Enabled for GPU 1b000 / HCA 0 (distance 4 <= 4), read 1
dgx052:184:385 [0] NCCL INFO New proxy send connection 46 from local rank 0, transport 2
dgx052:184:401 [0] NCCL INFO Connected to proxy localRank 0 -> connection 0x7fd28c0064d0
dgx052:184:385 [0] NCCL INFO NET/IB : GPU Direct RDMA (DMABUF) enabled for HCA 0 'mlx5_0
dgx052:184:401 [0] NCCL INFO Channel 18/0 : 0[0] -> 8[0] [send] via NET/IBext_v8/0/GDRDMA
dgx052:184:401 [0] NCCL INFO GPU Direct RDMA Enabled for GPU 1b000 / HCA 0 (distance 4 <= 4), read 1
dgx052:184:385 [0] NCCL INFO New proxy send connection 47 from local rank 0, transport 2
dgx052:184:401 [0] NCCL INFO Connected to proxy localRank 0 -> connection 0x7fd28c006548
dgx052:184:385 [0] NCCL INFO NET/IB : GPU Direct RDMA (DMABUF) enabled for HCA 0 'mlx5_0
dgx052:184:401 [0] NCCL INFO Channel 19/0 : 0[0] -> 8[0] [send] via NET/IBext_v8/0/GDRDMA
dgx052:184:401 [0] NCCL INFO GPU Direct RDMA Enabled for GPU 1b000 / HCA 0 (distance 4 <= 4), read 1
dgx052:184:385 [0] NCCL INFO New proxy send connection 48 from local rank 0, transport 2
dgx052:184:401 [0] NCCL INFO Connected to proxy localRank 0 -> connection 0x7fd28c0065c0
dgx052:184:385 [0] NCCL INFO NET/IB : GPU Direct RDMA (DMABUF) enabled for HCA 0 'mlx5_0
dgx052:184:401 [0] NCCL INFO Channel 20/0 : 0[0] -> 8[0] [send] via NET/IBext_v8/0/GDRDMA
dgx052:184:401 [0] NCCL INFO GPU Direct RDMA Enabled for GPU 1b000 / HCA 0 (distance 4 <= 4), read 1
dgx052:184:385 [0] NCCL INFO New proxy send connection 49 from local rank 0, transport 2
dgx052:184:401 [0] NCCL INFO Connected to proxy localRank 0 -> connection 0x7fd28c006638
dgx052:184:385 [0] NCCL INFO NET/IB : GPU Direct RDMA (DMABUF) enabled for HCA 0 'mlx5_0
dgx052:184:401 [0] NCCL INFO Channel 21/0 : 0[0] -> 8[0] [send] via NET/IBext_v8/0/GDRDMA
dgx052:184:401 [0] NCCL INFO GPU Direct RDMA Enabled for GPU 1b000 / HCA 0 (distance 4 <= 4), read 1
dgx052:184:385 [0] NCCL INFO New proxy send connection 50 from local rank 0, transport 2
dgx052:184:401 [0] NCCL INFO Connected to proxy localRank 0 -> connection 0x7fd28c0066b0
dgx052:184:385 [0] NCCL INFO NET/IB : GPU Direct RDMA (DMABUF) enabled for HCA 0 'mlx5_0
dgx052:184:401 [0] NCCL INFO Channel 22/0 : 0[0] -> 8[0] [send] via NET/IBext_v8/0/GDRDMA
dgx052:184:401 [0] NCCL INFO GPU Direct RDMA Enabled for GPU 1b000 / HCA 0 (distance 4 <= 4), read 1
dgx052:184:385 [0] NCCL INFO New proxy send connection 51 from local rank 0, transport 2
dgx052:184:401 [0] NCCL INFO Connected to proxy localRank 0 -> connection 0x7fd28c006728
dgx052:184:385 [0] NCCL INFO NET/IB : GPU Direct RDMA (DMABUF) enabled for HCA 0 'mlx5_0
dgx052:184:401 [0] NCCL INFO Channel 23/0 : 0[0] -> 8[0] [send] via NET/IBext_v8/0/GDRDMA
dgx052:184:401 [0] NCCL INFO GPU Direct RDMA Enabled for GPU 1b000 / HCA 0 (distance 4 <= 4), read 1
dgx052:184:385 [0] NCCL INFO New proxy send connection 52 from local rank 0, transport 2
dgx052:184:401 [0] NCCL INFO Connected to proxy localRank 0 -> connection 0x7fd28c0067a0
dgx052:184:385 [0] NCCL INFO NET/IB : GPU Direct RDMA (DMABUF) enabled for HCA 0 'mlx5_0
dgx052:184:401 [0] NCCL INFO Channel 24/0 : 0[0] -> 8[0] [send] via NET/IBext_v8/0/GDRDMA
dgx052:184:401 [0] NCCL INFO GPU Direct RDMA Enabled for GPU 1b000 / HCA 0 (distance 4 <= 4), read 1
dgx052:184:385 [0] NCCL INFO New proxy send connection 53 from local rank 0, transport 2
dgx052:184:401 [0] NCCL INFO Connected to proxy localRank 0 -> connection 0x7fd28c006818
dgx052:184:385 [0] NCCL INFO NET/IB : GPU Direct RDMA (DMABUF) enabled for HCA 0 'mlx5_0
dgx052:184:401 [0] NCCL INFO Channel 25/0 : 0[0] -> 8[0] [send] via NET/IBext_v8/0/GDRDMA
dgx052:184:401 [0] NCCL INFO GPU Direct RDMA Enabled for GPU 1b000 / HCA 0 (distance 4 <= 4), read 1
dgx052:184:385 [0] NCCL INFO New proxy send connection 54 from local rank 0, transport 2
dgx052:184:401 [0] NCCL INFO Connected to proxy localRank 0 -> connection 0x7fd28c006890
dgx052:185:389 [1] NCCL INFO NCCL_IB_TIMEOUT set by environment to 22.
dgx052:184:385 [0] NCCL INFO NET/IB : GPU Direct RDMA (DMABUF) enabled for HCA 0 'mlx5_0
dgx052:184:401 [0] NCCL INFO Channel 26/0 : 0[0] -> 8[0] [send] via NET/IBext_v8/0/GDRDMA
dgx052:184:401 [0] NCCL INFO GPU Direct RDMA Enabled for GPU 1b000 / HCA 0 (distance 4 <= 4), read 1
dgx052:184:385 [0] NCCL INFO New proxy send connection 55 from local rank 0, transport 2
dgx052:184:401 [0] NCCL INFO Connected to proxy localRank 0 -> connection 0x7fd28c006908
dgx052:184:385 [0] NCCL INFO NET/IB : GPU Direct RDMA (DMABUF) enabled for HCA 0 'mlx5_0
dgx052:184:401 [0] NCCL INFO Channel 27/0 : 0[0] -> 8[0] [send] via NET/IBext_v8/0/GDRDMA
dgx052:184:385 [0] NCCL INFO NCCL_IB_QPS_PER_CONNECTION set by environment to 8.
dgx052:187:391 [3] NCCL INFO NET/IB: NCCL Dev 4 IbDev 4 Port 1 qpn 5650 mtu 5 LID 417 subnet-prefix 33022  FLID 0 fifoRkey=0x1822e0 fifoLkey=0x1822e0
dgx052:187:391 [3] NCCL INFO NET/IB: NCCL Dev 4 IbDev 4 Port 1 qpn 5651 mtu 5 LID 417 subnet-prefix 33022  FLID 0 fifoRkey=0x1822e0 fifoLkey=0x1822e0
dgx052:187:391 [3] NCCL INFO NET/IB: NCCL Dev 4 IbDev 4 Port 1 qpn 5652 mtu 5 LID 417 subnet-prefix 33022  FLID 0 fifoRkey=0x1822e0 fifoLkey=0x1822e0
dgx052:187:391 [3] NCCL INFO NET/IB: NCCL Dev 4 IbDev 4 Port 1 qpn 5653 mtu 5 LID 417 subnet-prefix 33022  FLID 0 fifoRkey=0x1822e0 fifoLkey=0x1822e0
dgx052:187:391 [3] NCCL INFO NET/IB: NCCL Dev 4 IbDev 4 Port 1 qpn 5654 mtu 5 LID 417 subnet-prefix 33022  FLID 0 fifoRkey=0x1822e0 fifoLkey=0x1822e0
dgx052:187:391 [3] NCCL INFO NET/IB: NCCL Dev 4 IbDev 4 Port 1 qpn 5655 mtu 5 LID 417 subnet-prefix 33022  FLID 0 fifoRkey=0x1822e0 fifoLkey=0x1822e0
dgx052:187:391 [3] NCCL INFO NET/IB: NCCL Dev 4 IbDev 4 Port 1 qpn 5656 mtu 5 LID 417 subnet-prefix 33022  FLID 0 fifoRkey=0x1822e0 fifoLkey=0x1822e0
dgx052:187:391 [3] NCCL INFO NET/IB: NCCL Dev 4 IbDev 4 Port 1 qpn 5657 mtu 5 LID 417 subnet-prefix 33022  FLID 0 fifoRkey=0x1822e0 fifoLkey=0x1822e0
dgx052:187:391 [3] NCCL INFO NCCL_IB_TIMEOUT set by environment to 22.
dgx052:184:385 [0] NCCL INFO NET/IB: NCCL Dev 0 IbDev 0 Port 1 qpn 5642 mtu 5 LID 412 subnet-prefix 33022  FLID 0 fifoRkey=0x17b877 fifoLkey=0x17b877
dgx052:184:385 [0] NCCL INFO NET/IB: NCCL Dev 0 IbDev 0 Port 1 qpn 5643 mtu 5 LID 412 subnet-prefix 33022  FLID 0 fifoRkey=0x17b877 fifoLkey=0x17b877
dgx052:184:385 [0] NCCL INFO NET/IB: NCCL Dev 0 IbDev 0 Port 1 qpn 5644 mtu 5 LID 412 subnet-prefix 33022  FLID 0 fifoRkey=0x17b877 fifoLkey=0x17b877
