nccl-intranode-dgx052-rf5c4:184:395 [2] NCCL INFO New proxy send connection 30 from local rank 2, transport 0
nccl-intranode-dgx052-rf5c4:184:405 [2] NCCL INFO Connected to proxy localRank 2 -> connection 0x7f30d8005d50
nccl-intranode-dgx052-rf5c4:184:405 [2] NCCL INFO Channel 07/0 : 2[2] -> 3[3] via P2P/CUMEM
nccl-intranode-dgx052-rf5c4:184:395 [2] NCCL INFO New proxy send connection 31 from local rank 2, transport 0
nccl-intranode-dgx052-rf5c4:184:405 [2] NCCL INFO Connected to proxy localRank 2 -> connection 0x7f30d8005dc8
nccl-intranode-dgx052-rf5c4:184:405 [2] NCCL INFO Channel 08/0 : 2[2] -> 3[3] via P2P/CUMEM
nccl-intranode-dgx052-rf5c4:184:395 [2] NCCL INFO New proxy send connection 32 from local rank 2, transport 0
nccl-intranode-dgx052-rf5c4:184:405 [2] NCCL INFO Connected to proxy localRank 2 -> connection 0x7f30d8005e40
nccl-intranode-dgx052-rf5c4:184:405 [2] NCCL INFO Channel 09/0 : 2[2] -> 3[3] via P2P/CUMEM
nccl-intranode-dgx052-rf5c4:184:395 [2] NCCL INFO New proxy send connection 33 from local rank 2, transport 0
nccl-intranode-dgx052-rf5c4:184:405 [2] NCCL INFO Connected to proxy localRank 2 -> connection 0x7f30d8005eb8
nccl-intranode-dgx052-rf5c4:185:400 [3] NCCL INFO Channel 22/0 : 3[3] -> 4[4] via P2P/CUMEM
nccl-intranode-dgx052-rf5c4:185:387 [3] NCCL INFO New proxy send connection 46 from local rank 3, transport 0
nccl-intranode-dgx052-rf5c4:188:391 [6] NCCL INFO New proxy recv connection 17 from local rank 6, transport 0
nccl-intranode-dgx052-rf5c4:185:400 [3] NCCL INFO Connected to proxy localRank 3 -> connection 0x7fe7080064d0
nccl-intranode-dgx052-rf5c4:188:406 [6] NCCL INFO Connected to proxy localRank 6 -> connection 0x7f6b70005738
nccl-intranode-dgx052-rf5c4:189:404 [7] NCCL INFO Channel 21/0 : 7[7] -> 0[0] via P2P/CUMEM
nccl-intranode-dgx052-rf5c4:189:393 [7] NCCL INFO New proxy send connection 45 from local rank 7, transport 0
nccl-intranode-dgx052-rf5c4:183:402 [1] NCCL INFO Channel 21/0 : 1[1] -> 2[2] via P2P/CUMEM
nccl-intranode-dgx052-rf5c4:189:404 [7] NCCL INFO Connected to proxy localRank 7 -> connection 0x7fce24006458
nccl-intranode-dgx052-rf5c4:183:383 [1] NCCL INFO New proxy send connection 45 from local rank 1, transport 0
nccl-intranode-dgx052-rf5c4:183:402 [1] NCCL INFO Connected to proxy localRank 1 -> connection 0x7f9060006458
nccl-intranode-dgx052-rf5c4:187:401 [5] NCCL INFO Channel 13/0 : 5[5] -> 6[6] via P2P/CUMEM
nccl-intranode-dgx052-rf5c4:187:385 [5] NCCL INFO New proxy send connection 37 from local rank 5, transport 0
nccl-intranode-dgx052-rf5c4:187:401 [5] NCCL INFO Connected to proxy localRank 5 -> connection 0x7fad88006098
nccl-intranode-dgx052-rf5c4:186:403 [4] NCCL INFO Channel 05/0 : 4[4] -> 5[5] via P2P/CUMEM
nccl-intranode-dgx052-rf5c4:186:389 [4] NCCL INFO New proxy send connection 29 from local rank 4, transport 0
nccl-intranode-dgx052-rf5c4:186:403 [4] NCCL INFO Connected to proxy localRank 4 -> connection 0x7f2be8005cd8
nccl-intranode-dgx052-rf5c4:185:400 [3] NCCL INFO Channel 23/0 : 3[3] -> 4[4] via P2P/CUMEM
nccl-intranode-dgx052-rf5c4:185:387 [3] NCCL INFO New proxy send connection 47 from local rank 3, transport 0
nccl-intranode-dgx052-rf5c4:185:400 [3] NCCL INFO Connected to proxy localRank 3 -> connection 0x7fe708006548
nccl-intranode-dgx052-rf5c4:189:404 [7] NCCL INFO Channel 22/0 : 7[7] -> 0[0] via P2P/CUMEM
nccl-intranode-dgx052-rf5c4:189:393 [7] NCCL INFO New proxy send connection 46 from local rank 7, transport 0
nccl-intranode-dgx052-rf5c4:184:405 [2] NCCL INFO Channel 10/0 : 2[2] -> 3[3] via P2P/CUMEM
nccl-intranode-dgx052-rf5c4:189:404 [7] NCCL INFO Connected to proxy localRank 7 -> connection 0x7fce240064d0
nccl-intranode-dgx052-rf5c4:187:401 [5] NCCL INFO Channel 14/0 : 5[5] -> 6[6] via P2P/CUMEM
nccl-intranode-dgx052-rf5c4:184:395 [2] NCCL INFO New proxy send connection 34 from local rank 2, transport 0
nccl-intranode-dgx052-rf5c4:184:405 [2] NCCL INFO Connected to proxy localRank 2 -> connection 0x7f30d8005f30
nccl-intranode-dgx052-rf5c4:183:402 [1] NCCL INFO Channel 22/0 : 1[1] -> 2[2] via P2P/CUMEM
nccl-intranode-dgx052-rf5c4:183:383 [1] NCCL INFO New proxy send connection 46 from local rank 1, transport 0
nccl-intranode-dgx052-rf5c4:183:402 [1] NCCL INFO Connected to proxy localRank 1 -> connection 0x7f90600064d0
nccl-intranode-dgx052-rf5c4:187:385 [5] NCCL INFO New proxy send connection 38 from local rank 5, transport 0
nccl-intranode-dgx052-rf5c4:187:401 [5] NCCL INFO Connected to proxy localRank 5 -> connection 0x7fad88006110
nccl-intranode-dgx052-rf5c4:187:401 [5] NCCL INFO Channel 15/0 : 5[5] -> 6[6] via P2P/CUMEM
nccl-intranode-dgx052-rf5c4:187:385 [5] NCCL INFO New proxy send connection 39 from local rank 5, transport 0
nccl-intranode-dgx052-rf5c4:187:401 [5] NCCL INFO Connected to proxy localRank 5 -> connection 0x7fad88006188
nccl-intranode-dgx052-rf5c4:186:403 [4] NCCL INFO Channel 06/0 : 4[4] -> 5[5] via P2P/CUMEM
nccl-intranode-dgx052-rf5c4:186:389 [4] NCCL INFO New proxy send connection 30 from local rank 4, transport 0
nccl-intranode-dgx052-rf5c4:186:403 [4] NCCL INFO Connected to proxy localRank 4 -> connection 0x7f2be8005d50
nccl-intranode-dgx052-rf5c4:184:405 [2] NCCL INFO Channel 11/0 : 2[2] -> 3[3] via P2P/CUMEM
nccl-intranode-dgx052-rf5c4:184:395 [2] NCCL INFO New proxy send connection 35 from local rank 2, transport 0
nccl-intranode-dgx052-rf5c4:184:405 [2] NCCL INFO Connected to proxy localRank 2 -> connection 0x7f30d8005fa8
nccl-intranode-dgx052-rf5c4:183:402 [1] NCCL INFO Channel 23/0 : 1[1] -> 2[2] via P2P/CUMEM
nccl-intranode-dgx052-rf5c4:183:383 [1] NCCL INFO New proxy send connection 47 from local rank 1, transport 0
nccl-intranode-dgx052-rf5c4:183:402 [1] NCCL INFO Connected to proxy localRank 1 -> connection 0x7f9060006548
nccl-intranode-dgx052-rf5c4:189:404 [7] NCCL INFO Channel 23/0 : 7[7] -> 0[0] via P2P/CUMEM
nccl-intranode-dgx052-rf5c4:189:393 [7] NCCL INFO New proxy send connection 47 from local rank 7, transport 0
nccl-intranode-dgx052-rf5c4:189:404 [7] NCCL INFO Connected to proxy localRank 7 -> connection 0x7fce24006548
nccl-intranode-dgx052-rf5c4:184:405 [2] NCCL INFO Channel 12/0 : 2[2] -> 3[3] via P2P/CUMEM
nccl-intranode-dgx052-rf5c4:184:395 [2] NCCL INFO New proxy send connection 36 from local rank 2, transport 0
nccl-intranode-dgx052-rf5c4:184:405 [2] NCCL INFO Connected to proxy localRank 2 -> connection 0x7f30d8006020
nccl-intranode-dgx052-rf5c4:184:405 [2] NCCL INFO Channel 13/0 : 2[2] -> 3[3] via P2P/CUMEM
nccl-intranode-dgx052-rf5c4:184:395 [2] NCCL INFO New proxy send connection 37 from local rank 2, transport 0
nccl-intranode-dgx052-rf5c4:184:405 [2] NCCL INFO Connected to proxy localRank 2 -> connection 0x7f30d8006098
nccl-intranode-dgx052-rf5c4:186:403 [4] NCCL INFO Channel 07/0 : 4[4] -> 5[5] via P2P/CUMEM
nccl-intranode-dgx052-rf5c4:186:389 [4] NCCL INFO New proxy send connection 31 from local rank 4, transport 0
nccl-intranode-dgx052-rf5c4:186:403 [4] NCCL INFO Connected to proxy localRank 4 -> connection 0x7f2be8005dc8
nccl-intranode-dgx052-rf5c4:188:391 [6] NCCL INFO New proxy recv connection 18 from local rank 6, transport 0
nccl-intranode-dgx052-rf5c4:188:406 [6] NCCL INFO Connected to proxy localRank 6 -> connection 0x7f6b700057b0
nccl-intranode-dgx052-rf5c4:187:401 [5] NCCL INFO Channel 16/0 : 5[5] -> 6[6] via P2P/CUMEM
nccl-intranode-dgx052-rf5c4:187:385 [5] NCCL INFO New proxy send connection 40 from local rank 5, transport 0
nccl-intranode-dgx052-rf5c4:187:401 [5] NCCL INFO Connected to proxy localRank 5 -> connection 0x7fad88006200
nccl-intranode-dgx052-rf5c4:186:403 [4] NCCL INFO Channel 08/0 : 4[4] -> 5[5] via P2P/CUMEM
nccl-intranode-dgx052-rf5c4:186:389 [4] NCCL INFO New proxy send connection 32 from local rank 4, transport 0
nccl-intranode-dgx052-rf5c4:186:403 [4] NCCL INFO Connected to proxy localRank 4 -> connection 0x7f2be8005e40
nccl-intranode-dgx052-rf5c4:186:403 [4] NCCL INFO Channel 09/0 : 4[4] -> 5[5] via P2P/CUMEM
nccl-intranode-dgx052-rf5c4:186:389 [4] NCCL INFO New proxy send connection 33 from local rank 4, transport 0
nccl-intranode-dgx052-rf5c4:186:403 [4] NCCL INFO Connected to proxy localRank 4 -> connection 0x7f2be8005eb8
nccl-intranode-dgx052-rf5c4:188:391 [6] NCCL INFO New proxy recv connection 19 from local rank 6, transport 0
nccl-intranode-dgx052-rf5c4:188:406 [6] NCCL INFO Connected to proxy localRank 6 -> connection 0x7f6b70005828
nccl-intranode-dgx052-rf5c4:186:403 [4] NCCL INFO Channel 10/0 : 4[4] -> 5[5] via P2P/CUMEM
nccl-intranode-dgx052-rf5c4:186:389 [4] NCCL INFO New proxy send connection 34 from local rank 4, transport 0
nccl-intranode-dgx052-rf5c4:186:403 [4] NCCL INFO Connected to proxy localRank 4 -> connection 0x7f2be8005f30
nccl-intranode-dgx052-rf5c4:187:401 [5] NCCL INFO Channel 17/0 : 5[5] -> 6[6] via P2P/CUMEM
nccl-intranode-dgx052-rf5c4:187:385 [5] NCCL INFO New proxy send connection 41 from local rank 5, transport 0
nccl-intranode-dgx052-rf5c4:187:401 [5] NCCL INFO Connected to proxy localRank 5 -> connection 0x7fad88006278
nccl-intranode-dgx052-rf5c4:184:405 [2] NCCL INFO Channel 14/0 : 2[2] -> 3[3] via P2P/CUMEM
nccl-intranode-dgx052-rf5c4:188:391 [6] NCCL INFO New proxy recv connection 20 from local rank 6, transport 0
nccl-intranode-dgx052-rf5c4:188:406 [6] NCCL INFO Connected to proxy localRank 6 -> connection 0x7f6b700058a0
nccl-intranode-dgx052-rf5c4:186:403 [4] NCCL INFO Channel 11/0 : 4[4] -> 5[5] via P2P/CUMEM
nccl-intranode-dgx052-rf5c4:184:395 [2] NCCL INFO New proxy send connection 38 from local rank 2, transport 0
nccl-intranode-dgx052-rf5c4:184:405 [2] NCCL INFO Connected to proxy localRank 2 -> connection 0x7f30d8006110
nccl-intranode-dgx052-rf5c4:186:389 [4] NCCL INFO New proxy send connection 35 from local rank 4, transport 0
nccl-intranode-dgx052-rf5c4:186:403 [4] NCCL INFO Connected to proxy localRank 4 -> connection 0x7f2be8005fa8
nccl-intranode-dgx052-rf5c4:186:403 [4] NCCL INFO Channel 12/0 : 4[4] -> 5[5] via P2P/CUMEM
nccl-intranode-dgx052-rf5c4:187:401 [5] NCCL INFO Channel 18/0 : 5[5] -> 6[6] via P2P/CUMEM
nccl-intranode-dgx052-rf5c4:186:389 [4] NCCL INFO New proxy send connection 36 from local rank 4, transport 0
nccl-intranode-dgx052-rf5c4:186:403 [4] NCCL INFO Connected to proxy localRank 4 -> connection 0x7f2be8006020
nccl-intranode-dgx052-rf5c4:187:385 [5] NCCL INFO New proxy send connection 42 from local rank 5, transport 0
nccl-intranode-dgx052-rf5c4:187:401 [5] NCCL INFO Connected to proxy localRank 5 -> connection 0x7fad880062f0
nccl-intranode-dgx052-rf5c4:184:405 [2] NCCL INFO Channel 15/0 : 2[2] -> 3[3] via P2P/CUMEM
nccl-intranode-dgx052-rf5c4:188:391 [6] NCCL INFO New proxy recv connection 21 from local rank 6, transport 0
nccl-intranode-dgx052-rf5c4:188:406 [6] NCCL INFO Connected to proxy localRank 6 -> connection 0x7f6b70005918
nccl-intranode-dgx052-rf5c4:184:395 [2] NCCL INFO New proxy send connection 39 from local rank 2, transport 0
nccl-intranode-dgx052-rf5c4:184:405 [2] NCCL INFO Connected to proxy localRank 2 -> connection 0x7f30d8006188
nccl-intranode-dgx052-rf5c4:184:405 [2] NCCL INFO Channel 16/0 : 2[2] -> 3[3] via P2P/CUMEM
nccl-intranode-dgx052-rf5c4:186:403 [4] NCCL INFO Channel 13/0 : 4[4] -> 5[5] via P2P/CUMEM
nccl-intranode-dgx052-rf5c4:184:395 [2] NCCL INFO New proxy send connection 40 from local rank 2, transport 0
nccl-intranode-dgx052-rf5c4:184:405 [2] NCCL INFO Connected to proxy localRank 2 -> connection 0x7f30d8006200
nccl-intranode-dgx052-rf5c4:187:401 [5] NCCL INFO Channel 19/0 : 5[5] -> 6[6] via P2P/CUMEM
nccl-intranode-dgx052-rf5c4:186:389 [4] NCCL INFO New proxy send connection 37 from local rank 4, transport 0
nccl-intranode-dgx052-rf5c4:187:385 [5] NCCL INFO New proxy send connection 43 from local rank 5, transport 0
nccl-intranode-dgx052-rf5c4:186:403 [4] NCCL INFO Connected to proxy localRank 4 -> connection 0x7f2be8006098
nccl-intranode-dgx052-rf5c4:187:401 [5] NCCL INFO Connected to proxy localRank 5 -> connection 0x7fad88006368
nccl-intranode-dgx052-rf5c4:188:391 [6] NCCL INFO New proxy recv connection 22 from local rank 6, transport 0
nccl-intranode-dgx052-rf5c4:188:406 [6] NCCL INFO Connected to proxy localRank 6 -> connection 0x7f6b70005990
nccl-intranode-dgx052-rf5c4:184:405 [2] NCCL INFO Channel 17/0 : 2[2] -> 3[3] via P2P/CUMEM
nccl-intranode-dgx052-rf5c4:187:401 [5] NCCL INFO Channel 20/0 : 5[5] -> 6[6] via P2P/CUMEM
nccl-intranode-dgx052-rf5c4:184:395 [2] NCCL INFO New proxy send connection 41 from local rank 2, transport 0
nccl-intranode-dgx052-rf5c4:187:385 [5] NCCL INFO New proxy send connection 44 from local rank 5, transport 0
nccl-intranode-dgx052-rf5c4:187:401 [5] NCCL INFO Connected to proxy localRank 5 -> connection 0x7fad880063e0
nccl-intranode-dgx052-rf5c4:184:405 [2] NCCL INFO Connected to proxy localRank 2 -> connection 0x7f30d8006278
nccl-intranode-dgx052-rf5c4:186:403 [4] NCCL INFO Channel 14/0 : 4[4] -> 5[5] via P2P/CUMEM
nccl-intranode-dgx052-rf5c4:186:389 [4] NCCL INFO New proxy send connection 38 from local rank 4, transport 0
nccl-intranode-dgx052-rf5c4:186:403 [4] NCCL INFO Connected to proxy localRank 4 -> connection 0x7f2be8006110
nccl-intranode-dgx052-rf5c4:188:391 [6] NCCL INFO New proxy recv connection 23 from local rank 6, transport 0
nccl-intranode-dgx052-rf5c4:188:406 [6] NCCL INFO Connected to proxy localRank 6 -> connection 0x7f6b70005a08
nccl-intranode-dgx052-rf5c4:187:401 [5] NCCL INFO Channel 21/0 : 5[5] -> 6[6] via P2P/CUMEM
nccl-intranode-dgx052-rf5c4:187:385 [5] NCCL INFO New proxy send connection 45 from local rank 5, transport 0
nccl-intranode-dgx052-rf5c4:187:401 [5] NCCL INFO Connected to proxy localRank 5 -> connection 0x7fad88006458
nccl-intranode-dgx052-rf5c4:184:405 [2] NCCL INFO Channel 18/0 : 2[2] -> 3[3] via P2P/CUMEM
nccl-intranode-dgx052-rf5c4:184:395 [2] NCCL INFO New proxy send connection 42 from local rank 2, transport 0
nccl-intranode-dgx052-rf5c4:184:405 [2] NCCL INFO Connected to proxy localRank 2 -> connection 0x7f30d80062f0
nccl-intranode-dgx052-rf5c4:186:403 [4] NCCL INFO Channel 15/0 : 4[4] -> 5[5] via P2P/CUMEM
nccl-intranode-dgx052-rf5c4:186:389 [4] NCCL INFO New proxy send connection 39 from local rank 4, transport 0
nccl-intranode-dgx052-rf5c4:186:403 [4] NCCL INFO Connected to proxy localRank 4 -> connection 0x7f2be8006188
nccl-intranode-dgx052-rf5c4:188:406 [6] NCCL INFO Channel 00/0 : 6[6] -> 7[7] via P2P/CUMEM
nccl-intranode-dgx052-rf5c4:187:401 [5] NCCL INFO Channel 22/0 : 5[5] -> 6[6] via P2P/CUMEM
nccl-intranode-dgx052-rf5c4:187:385 [5] NCCL INFO New proxy send connection 46 from local rank 5, transport 0
nccl-intranode-dgx052-rf5c4:188:391 [6] NCCL INFO New proxy send connection 24 from local rank 6, transport 0
nccl-intranode-dgx052-rf5c4:187:401 [5] NCCL INFO Connected to proxy localRank 5 -> connection 0x7fad880064d0
nccl-intranode-dgx052-rf5c4:188:406 [6] NCCL INFO Connected to proxy localRank 6 -> connection 0x7f6b70005a80
nccl-intranode-dgx052-rf5c4:184:405 [2] NCCL INFO Channel 19/0 : 2[2] -> 3[3] via P2P/CUMEM
nccl-intranode-dgx052-rf5c4:184:395 [2] NCCL INFO New proxy send connection 43 from local rank 2, transport 0
nccl-intranode-dgx052-rf5c4:184:405 [2] NCCL INFO Connected to proxy localRank 2 -> connection 0x7f30d8006368
nccl-intranode-dgx052-rf5c4:186:403 [4] NCCL INFO Channel 16/0 : 4[4] -> 5[5] via P2P/CUMEM
nccl-intranode-dgx052-rf5c4:186:389 [4] NCCL INFO New proxy send connection 40 from local rank 4, transport 0
nccl-intranode-dgx052-rf5c4:186:403 [4] NCCL INFO Connected to proxy localRank 4 -> connection 0x7f2be8006200
nccl-intranode-dgx052-rf5c4:188:406 [6] NCCL INFO Channel 01/0 : 6[6] -> 7[7] via P2P/CUMEM
nccl-intranode-dgx052-rf5c4:188:391 [6] NCCL INFO New proxy send connection 25 from local rank 6, transport 0
nccl-intranode-dgx052-rf5c4:188:406 [6] NCCL INFO Connected to proxy localRank 6 -> connection 0x7f6b70005af8
nccl-intranode-dgx052-rf5c4:187:401 [5] NCCL INFO Channel 23/0 : 5[5] -> 6[6] via P2P/CUMEM
nccl-intranode-dgx052-rf5c4:187:385 [5] NCCL INFO New proxy send connection 47 from local rank 5, transport 0
nccl-intranode-dgx052-rf5c4:187:401 [5] NCCL INFO Connected to proxy localRank 5 -> connection 0x7fad88006548
nccl-intranode-dgx052-rf5c4:186:403 [4] NCCL INFO Channel 17/0 : 4[4] -> 5[5] via P2P/CUMEM
nccl-intranode-dgx052-rf5c4:184:405 [2] NCCL INFO Channel 20/0 : 2[2] -> 3[3] via P2P/CUMEM
nccl-intranode-dgx052-rf5c4:186:389 [4] NCCL INFO New proxy send connection 41 from local rank 4, transport 0
nccl-intranode-dgx052-rf5c4:186:403 [4] NCCL INFO Connected to proxy localRank 4 -> connection 0x7f2be8006278
nccl-intranode-dgx052-rf5c4:184:395 [2] NCCL INFO New proxy send connection 44 from local rank 2, transport 0
nccl-intranode-dgx052-rf5c4:184:405 [2] NCCL INFO Connected to proxy localRank 2 -> connection 0x7f30d80063e0
nccl-intranode-dgx052-rf5c4:188:406 [6] NCCL INFO Channel 02/0 : 6[6] -> 7[7] via P2P/CUMEM
nccl-intranode-dgx052-rf5c4:188:391 [6] NCCL INFO New proxy send connection 26 from local rank 6, transport 0
nccl-intranode-dgx052-rf5c4:188:406 [6] NCCL INFO Connected to proxy localRank 6 -> connection 0x7f6b70005b70
nccl-intranode-dgx052-rf5c4:184:405 [2] NCCL INFO Channel 21/0 : 2[2] -> 3[3] via P2P/CUMEM
nccl-intranode-dgx052-rf5c4:184:395 [2] NCCL INFO New proxy send connection 45 from local rank 2, transport 0
nccl-intranode-dgx052-rf5c4:184:405 [2] NCCL INFO Connected to proxy localRank 2 -> connection 0x7f30d8006458
nccl-intranode-dgx052-rf5c4:186:403 [4] NCCL INFO Channel 18/0 : 4[4] -> 5[5] via P2P/CUMEM
nccl-intranode-dgx052-rf5c4:186:389 [4] NCCL INFO New proxy send connection 42 from local rank 4, transport 0
nccl-intranode-dgx052-rf5c4:186:403 [4] NCCL INFO Connected to proxy localRank 4 -> connection 0x7f2be80062f0
nccl-intranode-dgx052-rf5c4:188:406 [6] NCCL INFO Channel 03/0 : 6[6] -> 7[7] via P2P/CUMEM
nccl-intranode-dgx052-rf5c4:188:391 [6] NCCL INFO New proxy send connection 27 from local rank 6, transport 0
nccl-intranode-dgx052-rf5c4:188:406 [6] NCCL INFO Connected to proxy localRank 6 -> connection 0x7f6b70005be8
nccl-intranode-dgx052-rf5c4:184:405 [2] NCCL INFO Channel 22/0 : 2[2] -> 3[3] via P2P/CUMEM
nccl-intranode-dgx052-rf5c4:184:395 [2] NCCL INFO New proxy send connection 46 from local rank 2, transport 0
nccl-intranode-dgx052-rf5c4:184:405 [2] NCCL INFO Connected to proxy localRank 2 -> connection 0x7f30d80064d0
nccl-intranode-dgx052-rf5c4:186:403 [4] NCCL INFO Channel 19/0 : 4[4] -> 5[5] via P2P/CUMEM
nccl-intranode-dgx052-rf5c4:186:389 [4] NCCL INFO New proxy send connection 43 from local rank 4, transport 0
nccl-intranode-dgx052-rf5c4:186:403 [4] NCCL INFO Connected to proxy localRank 4 -> connection 0x7f2be8006368
nccl-intranode-dgx052-rf5c4:188:406 [6] NCCL INFO Channel 04/0 : 6[6] -> 7[7] via P2P/CUMEM
nccl-intranode-dgx052-rf5c4:188:391 [6] NCCL INFO New proxy send connection 28 from local rank 6, transport 0
nccl-intranode-dgx052-rf5c4:188:406 [6] NCCL INFO Connected to proxy localRank 6 -> connection 0x7f6b70005c60
nccl-intranode-dgx052-rf5c4:184:405 [2] NCCL INFO Channel 23/0 : 2[2] -> 3[3] via P2P/CUMEM
nccl-intranode-dgx052-rf5c4:184:395 [2] NCCL INFO New proxy send connection 47 from local rank 2, transport 0
nccl-intranode-dgx052-rf5c4:184:405 [2] NCCL INFO Connected to proxy localRank 2 -> connection 0x7f30d8006548
nccl-intranode-dgx052-rf5c4:186:403 [4] NCCL INFO Channel 20/0 : 4[4] -> 5[5] via P2P/CUMEM
nccl-intranode-dgx052-rf5c4:186:389 [4] NCCL INFO New proxy send connection 44 from local rank 4, transport 0
nccl-intranode-dgx052-rf5c4:186:403 [4] NCCL INFO Connected to proxy localRank 4 -> connection 0x7f2be80063e0
nccl-intranode-dgx052-rf5c4:188:406 [6] NCCL INFO Channel 05/0 : 6[6] -> 7[7] via P2P/CUMEM
nccl-intranode-dgx052-rf5c4:188:391 [6] NCCL INFO New proxy send connection 29 from local rank 6, transport 0
nccl-intranode-dgx052-rf5c4:188:406 [6] NCCL INFO Connected to proxy localRank 6 -> connection 0x7f6b70005cd8
nccl-intranode-dgx052-rf5c4:186:403 [4] NCCL INFO Channel 21/0 : 4[4] -> 5[5] via P2P/CUMEM
nccl-intranode-dgx052-rf5c4:186:389 [4] NCCL INFO New proxy send connection 45 from local rank 4, transport 0
nccl-intranode-dgx052-rf5c4:186:403 [4] NCCL INFO Connected to proxy localRank 4 -> connection 0x7f2be8006458
nccl-intranode-dgx052-rf5c4:188:406 [6] NCCL INFO Channel 06/0 : 6[6] -> 7[7] via P2P/CUMEM
nccl-intranode-dgx052-rf5c4:188:391 [6] NCCL INFO New proxy send connection 30 from local rank 6, transport 0
nccl-intranode-dgx052-rf5c4:188:406 [6] NCCL INFO Connected to proxy localRank 6 -> connection 0x7f6b70005d50
nccl-intranode-dgx052-rf5c4:186:403 [4] NCCL INFO Channel 22/0 : 4[4] -> 5[5] via P2P/CUMEM
nccl-intranode-dgx052-rf5c4:186:389 [4] NCCL INFO New proxy send connection 46 from local rank 4, transport 0
nccl-intranode-dgx052-rf5c4:186:403 [4] NCCL INFO Connected to proxy localRank 4 -> connection 0x7f2be80064d0
nccl-intranode-dgx052-rf5c4:188:406 [6] NCCL INFO Channel 07/0 : 6[6] -> 7[7] via P2P/CUMEM
nccl-intranode-dgx052-rf5c4:188:391 [6] NCCL INFO New proxy send connection 31 from local rank 6, transport 0
nccl-intranode-dgx052-rf5c4:188:406 [6] NCCL INFO Connected to proxy localRank 6 -> connection 0x7f6b70005dc8
nccl-intranode-dgx052-rf5c4:186:403 [4] NCCL INFO Channel 23/0 : 4[4] -> 5[5] via P2P/CUMEM
nccl-intranode-dgx052-rf5c4:186:389 [4] NCCL INFO New proxy send connection 47 from local rank 4, transport 0
nccl-intranode-dgx052-rf5c4:186:403 [4] NCCL INFO Connected to proxy localRank 4 -> connection 0x7f2be8006548
nccl-intranode-dgx052-rf5c4:188:406 [6] NCCL INFO Channel 08/0 : 6[6] -> 7[7] via P2P/CUMEM
nccl-intranode-dgx052-rf5c4:188:391 [6] NCCL INFO New proxy send connection 32 from local rank 6, transport 0
nccl-intranode-dgx052-rf5c4:188:406 [6] NCCL INFO Connected to proxy localRank 6 -> connection 0x7f6b70005e40
nccl-intranode-dgx052-rf5c4:188:406 [6] NCCL INFO Channel 09/0 : 6[6] -> 7[7] via P2P/CUMEM
nccl-intranode-dgx052-rf5c4:188:391 [6] NCCL INFO New proxy send connection 33 from local rank 6, transport 0
nccl-intranode-dgx052-rf5c4:188:406 [6] NCCL INFO Connected to proxy localRank 6 -> connection 0x7f6b70005eb8
nccl-intranode-dgx052-rf5c4:188:406 [6] NCCL INFO Channel 10/0 : 6[6] -> 7[7] via P2P/CUMEM
nccl-intranode-dgx052-rf5c4:188:391 [6] NCCL INFO New proxy send connection 34 from local rank 6, transport 0
nccl-intranode-dgx052-rf5c4:188:406 [6] NCCL INFO Connected to proxy localRank 6 -> connection 0x7f6b70005f30
nccl-intranode-dgx052-rf5c4:188:406 [6] NCCL INFO Channel 11/0 : 6[6] -> 7[7] via P2P/CUMEM
nccl-intranode-dgx052-rf5c4:188:391 [6] NCCL INFO New proxy send connection 35 from local rank 6, transport 0
nccl-intranode-dgx052-rf5c4:188:406 [6] NCCL INFO Connected to proxy localRank 6 -> connection 0x7f6b70005fa8
nccl-intranode-dgx052-rf5c4:188:406 [6] NCCL INFO Channel 12/0 : 6[6] -> 7[7] via P2P/CUMEM
nccl-intranode-dgx052-rf5c4:188:391 [6] NCCL INFO New proxy send connection 36 from local rank 6, transport 0
nccl-intranode-dgx052-rf5c4:188:406 [6] NCCL INFO Connected to proxy localRank 6 -> connection 0x7f6b70006020
nccl-intranode-dgx052-rf5c4:188:406 [6] NCCL INFO Channel 13/0 : 6[6] -> 7[7] via P2P/CUMEM
nccl-intranode-dgx052-rf5c4:188:391 [6] NCCL INFO New proxy send connection 37 from local rank 6, transport 0
nccl-intranode-dgx052-rf5c4:188:406 [6] NCCL INFO Connected to proxy localRank 6 -> connection 0x7f6b70006098
nccl-intranode-dgx052-rf5c4:188:406 [6] NCCL INFO Channel 14/0 : 6[6] -> 7[7] via P2P/CUMEM
nccl-intranode-dgx052-rf5c4:188:391 [6] NCCL INFO New proxy send connection 38 from local rank 6, transport 0
nccl-intranode-dgx052-rf5c4:188:406 [6] NCCL INFO Connected to proxy localRank 6 -> connection 0x7f6b70006110
nccl-intranode-dgx052-rf5c4:188:406 [6] NCCL INFO Channel 15/0 : 6[6] -> 7[7] via P2P/CUMEM
nccl-intranode-dgx052-rf5c4:188:391 [6] NCCL INFO New proxy send connection 39 from local rank 6, transport 0
nccl-intranode-dgx052-rf5c4:188:406 [6] NCCL INFO Connected to proxy localRank 6 -> connection 0x7f6b70006188
nccl-intranode-dgx052-rf5c4:188:406 [6] NCCL INFO Channel 16/0 : 6[6] -> 7[7] via P2P/CUMEM
nccl-intranode-dgx052-rf5c4:188:391 [6] NCCL INFO New proxy send connection 40 from local rank 6, transport 0
nccl-intranode-dgx052-rf5c4:188:406 [6] NCCL INFO Connected to proxy localRank 6 -> connection 0x7f6b70006200
nccl-intranode-dgx052-rf5c4:188:406 [6] NCCL INFO Channel 17/0 : 6[6] -> 7[7] via P2P/CUMEM
nccl-intranode-dgx052-rf5c4:188:391 [6] NCCL INFO New proxy send connection 41 from local rank 6, transport 0
nccl-intranode-dgx052-rf5c4:188:406 [6] NCCL INFO Connected to proxy localRank 6 -> connection 0x7f6b70006278
nccl-intranode-dgx052-rf5c4:188:406 [6] NCCL INFO Channel 18/0 : 6[6] -> 7[7] via P2P/CUMEM
nccl-intranode-dgx052-rf5c4:188:391 [6] NCCL INFO New proxy send connection 42 from local rank 6, transport 0
nccl-intranode-dgx052-rf5c4:188:406 [6] NCCL INFO Connected to proxy localRank 6 -> connection 0x7f6b700062f0
nccl-intranode-dgx052-rf5c4:188:406 [6] NCCL INFO Channel 19/0 : 6[6] -> 7[7] via P2P/CUMEM
nccl-intranode-dgx052-rf5c4:188:391 [6] NCCL INFO New proxy send connection 43 from local rank 6, transport 0
nccl-intranode-dgx052-rf5c4:188:406 [6] NCCL INFO Connected to proxy localRank 6 -> connection 0x7f6b70006368
nccl-intranode-dgx052-rf5c4:188:406 [6] NCCL INFO Channel 20/0 : 6[6] -> 7[7] via P2P/CUMEM
nccl-intranode-dgx052-rf5c4:188:391 [6] NCCL INFO New proxy send connection 44 from local rank 6, transport 0
nccl-intranode-dgx052-rf5c4:188:406 [6] NCCL INFO Connected to proxy localRank 6 -> connection 0x7f6b700063e0
nccl-intranode-dgx052-rf5c4:188:406 [6] NCCL INFO Channel 21/0 : 6[6] -> 7[7] via P2P/CUMEM
nccl-intranode-dgx052-rf5c4:188:391 [6] NCCL INFO New proxy send connection 45 from local rank 6, transport 0
nccl-intranode-dgx052-rf5c4:188:406 [6] NCCL INFO Connected to proxy localRank 6 -> connection 0x7f6b70006458
nccl-intranode-dgx052-rf5c4:188:406 [6] NCCL INFO Channel 22/0 : 6[6] -> 7[7] via P2P/CUMEM
nccl-intranode-dgx052-rf5c4:188:391 [6] NCCL INFO New proxy send connection 46 from local rank 6, transport 0
nccl-intranode-dgx052-rf5c4:188:406 [6] NCCL INFO Connected to proxy localRank 6 -> connection 0x7f6b700064d0
nccl-intranode-dgx052-rf5c4:188:406 [6] NCCL INFO Channel 23/0 : 6[6] -> 7[7] via P2P/CUMEM
nccl-intranode-dgx052-rf5c4:188:391 [6] NCCL INFO New proxy send connection 47 from local rank 6, transport 0
nccl-intranode-dgx052-rf5c4:188:406 [6] NCCL INFO Connected to proxy localRank 6 -> connection 0x7f6b70006548
nccl-intranode-dgx052-rf5c4:183:402 [1] NCCL INFO Connected all rings
nccl-intranode-dgx052-rf5c4:184:405 [2] NCCL INFO Connected all rings
nccl-intranode-dgx052-rf5c4:185:400 [3] NCCL INFO Connected all rings
nccl-intranode-dgx052-rf5c4:187:401 [5] NCCL INFO Connected all rings
nccl-intranode-dgx052-rf5c4:186:403 [4] NCCL INFO Connected all rings
nccl-intranode-dgx052-rf5c4:189:404 [7] NCCL INFO Connected all rings
nccl-intranode-dgx052-rf5c4:182:399 [0] NCCL INFO Connected all rings
nccl-intranode-dgx052-rf5c4:188:406 [6] NCCL INFO Connected all rings
      1.00 MiB        0.03         31.65         55.38
nccl-intranode-dgx052-rf5c4:183:414 [1] NCCL INFO NVLS comm 0x55a5ac1cddc0 headRank 1 nHeads 8 buffSize 1048576 nvlsPerRankSize 33554432 nvlsTotalSize 268435456
nccl-intranode-dgx052-rf5c4:188:410 [6] NCCL INFO NVLS comm 0x55e7b0922600 headRank 6 nHeads 8 buffSize 1048576 nvlsPerRankSize 33554432 nvlsTotalSize 268435456
nccl-intranode-dgx052-rf5c4:185:412 [3] NCCL INFO NVLS comm 0x556979fe11a0 headRank 3 nHeads 8 buffSize 1048576 nvlsPerRankSize 33554432 nvlsTotalSize 268435456
nccl-intranode-dgx052-rf5c4:187:407 [5] NCCL INFO NVLS comm 0x558451916820 headRank 5 nHeads 8 buffSize 1048576 nvlsPerRankSize 33554432 nvlsTotalSize 268435456
nccl-intranode-dgx052-rf5c4:189:413 [7] NCCL INFO NVLS comm 0x560c1f6fec80 headRank 7 nHeads 8 buffSize 1048576 nvlsPerRankSize 33554432 nvlsTotalSize 268435456
nccl-intranode-dgx052-rf5c4:184:408 [2] NCCL INFO NVLS comm 0x55c889446a80 headRank 2 nHeads 8 buffSize 1048576 nvlsPerRankSize 33554432 nvlsTotalSize 268435456
nccl-intranode-dgx052-rf5c4:186:409 [4] NCCL INFO NVLS comm 0x55b094317970 headRank 4 nHeads 8 buffSize 1048576 nvlsPerRankSize 33554432 nvlsTotalSize 268435456
nccl-intranode-dgx052-rf5c4:182:411 [0] NCCL INFO NVLS comm 0x55bff242dc60 headRank 0 nHeads 8 buffSize 1048576 nvlsPerRankSize 33554432 nvlsTotalSize 268435456
      2.00 MiB        0.04         51.19         89.58
      4.00 MiB        0.05         78.00        136.50
      8.00 MiB        0.08        108.08        189.14
     16.00 MiB        0.12        140.30        245.52
     32.00 MiB        0.20        167.97        293.95
     64.00 MiB        0.33        205.77        360.10
    128.00 MiB        0.59        226.38        396.16
    256.00 MiB        1.12        239.88        419.80
    512.00 MiB        2.16        248.41        434.72
      1.00 GiB        4.07        263.87        461.77
      2.00 GiB        8.02        267.86        468.75
      4.00 GiB       15.86        270.72        473.76
      8.00 GiB       31.48        272.88        477.54
nccl-intranode-dgx052-rf5c4:183:415 [1] NCCL INFO socketProgressOpt: abort called
nccl-intranode-dgx052-rf5c4:183:415 [1] NCCL INFO misc/socket.cc:47 -> 3
nccl-intranode-dgx052-rf5c4:183:415 [1] NCCL INFO misc/socket.cc:550 -> 3
nccl-intranode-dgx052-rf5c4:183:415 [1] NCCL INFO misc/socket.cc:573 -> 3
nccl-intranode-dgx052-rf5c4:183:415 [1] NCCL INFO misc/socket.cc:621 -> 3
nccl-intranode-dgx052-rf5c4:183:415 [1] NCCL INFO socketProgressOpt: abort called
nccl-intranode-dgx052-rf5c4:183:415 [1] NCCL INFO misc/socket.cc:47 -> 3
nccl-intranode-dgx052-rf5c4:183:415 [1] NCCL INFO misc/socket.cc:58 -> 3
nccl-intranode-dgx052-rf5c4:183:415 [1] NCCL INFO misc/socket.cc:775 -> 3
nccl-intranode-dgx052-rf5c4:183:383 [1] NCCL INFO socketProgressOpt: abort called
nccl-intranode-dgx052-rf5c4:183:383 [1] NCCL INFO misc/socket.cc:47 -> 3
nccl-intranode-dgx052-rf5c4:183:383 [1] NCCL INFO misc/socket.cc:752 -> 3
nccl-intranode-dgx052-rf5c4:183:383 [1] NCCL INFO misc/socket.cc:428 -> 3
nccl-intranode-dgx052-rf5c4:183:383 [1] NCCL INFO misc/socket.cc:564 -> 3
nccl-intranode-dgx052-rf5c4:183:383 [1] NCCL INFO misc/socket.cc:668 -> 3

nccl-intranode-dgx052-rf5c4:183:383 [1] proxy.cc:1458 NCCL WARN [Service thread] Accept failed Resource temporarily unavailable
nccl-intranode-dgx052-rf5c4:183:383 [1] NCCL INFO socketProgressOpt: abort called
nccl-intranode-dgx052-rf5c4:183:383 [1] NCCL INFO misc/socket.cc:826 -> 3

nccl-intranode-dgx052-rf5c4:183:383 [1] proxy.cc:1497 NCCL WARN [Service thread] Could not receive type from localRank 1, res=3, closed=0

nccl-intranode-dgx052-rf5c4:183:383 [1] proxy.cc:1521 NCCL WARN [Proxy Service 1] Failed to execute operation Close from rank 1, retcode 3
nccl-intranode-dgx052-rf5c4:182:416 [0] NCCL INFO socketProgressOpt: abort called
nccl-intranode-dgx052-rf5c4:182:416 [0] NCCL INFO misc/socket.cc:47 -> 3
nccl-intranode-dgx052-rf5c4:182:416 [0] NCCL INFO misc/socket.cc:550 -> 3
nccl-intranode-dgx052-rf5c4:182:416 [0] NCCL INFO misc/socket.cc:573 -> 3
nccl-intranode-dgx052-rf5c4:182:416 [0] NCCL INFO misc/socket.cc:621 -> 3
nccl-intranode-dgx052-rf5c4:182:416 [0] NCCL INFO socketProgressOpt: abort called
nccl-intranode-dgx052-rf5c4:182:416 [0] NCCL INFO misc/socket.cc:47 -> 3
nccl-intranode-dgx052-rf5c4:182:416 [0] NCCL INFO misc/socket.cc:58 -> 3
nccl-intranode-dgx052-rf5c4:182:416 [0] NCCL INFO misc/socket.cc:775 -> 3
nccl-intranode-dgx052-rf5c4:182:397 [0] NCCL INFO socketProgressOpt: abort called
nccl-intranode-dgx052-rf5c4:182:397 [0] NCCL INFO misc/socket.cc:47 -> 3
nccl-intranode-dgx052-rf5c4:182:397 [0] NCCL INFO misc/socket.cc:752 -> 3
nccl-intranode-dgx052-rf5c4:182:397 [0] NCCL INFO misc/socket.cc:428 -> 3
nccl-intranode-dgx052-rf5c4:182:397 [0] NCCL INFO misc/socket.cc:564 -> 3
nccl-intranode-dgx052-rf5c4:182:397 [0] NCCL INFO misc/socket.cc:668 -> 3

nccl-intranode-dgx052-rf5c4:182:397 [0] proxy.cc:1458 NCCL WARN [Service thread] Accept failed Resource temporarily unavailable
nccl-intranode-dgx052-rf5c4:182:397 [0] NCCL INFO socketProgressOpt: abort called
nccl-intranode-dgx052-rf5c4:182:397 [0] NCCL INFO misc/socket.cc:826 -> 3

nccl-intranode-dgx052-rf5c4:182:397 [0] proxy.cc:1497 NCCL WARN [Service thread] Could not receive type from localRank 0, res=3, closed=0

nccl-intranode-dgx052-rf5c4:182:397 [0] proxy.cc:1521 NCCL WARN [Proxy Service 0] Failed to execute operation Close from rank 0, retcode 3
nccl-intranode-dgx052-rf5c4:186:417 [4] NCCL INFO socketProgressOpt: abort called
nccl-intranode-dgx052-rf5c4:186:417 [4] NCCL INFO misc/socket.cc:47 -> 3
nccl-intranode-dgx052-rf5c4:186:417 [4] NCCL INFO misc/socket.cc:550 -> 3
nccl-intranode-dgx052-rf5c4:186:417 [4] NCCL INFO misc/socket.cc:573 -> 3
nccl-intranode-dgx052-rf5c4:186:417 [4] NCCL INFO misc/socket.cc:621 -> 3
nccl-intranode-dgx052-rf5c4:186:417 [4] NCCL INFO socketProgressOpt: abort called
nccl-intranode-dgx052-rf5c4:186:417 [4] NCCL INFO misc/socket.cc:47 -> 3
nccl-intranode-dgx052-rf5c4:186:417 [4] NCCL INFO misc/socket.cc:58 -> 3
nccl-intranode-dgx052-rf5c4:186:417 [4] NCCL INFO misc/socket.cc:775 -> 3
nccl-intranode-dgx052-rf5c4:186:389 [4] NCCL INFO socketProgressOpt: abort called
nccl-intranode-dgx052-rf5c4:186:389 [4] NCCL INFO misc/socket.cc:47 -> 3
nccl-intranode-dgx052-rf5c4:186:389 [4] NCCL INFO misc/socket.cc:752 -> 3
nccl-intranode-dgx052-rf5c4:186:389 [4] NCCL INFO misc/socket.cc:428 -> 3
nccl-intranode-dgx052-rf5c4:186:389 [4] NCCL INFO misc/socket.cc:564 -> 3
nccl-intranode-dgx052-rf5c4:186:389 [4] NCCL INFO misc/socket.cc:668 -> 3

nccl-intranode-dgx052-rf5c4:186:389 [4] proxy.cc:1458 NCCL WARN [Service thread] Accept failed Resource temporarily unavailable
nccl-intranode-dgx052-rf5c4:186:389 [4] NCCL INFO socketProgressOpt: abort called
nccl-intranode-dgx052-rf5c4:186:389 [4] NCCL INFO misc/socket.cc:826 -> 3

nccl-intranode-dgx052-rf5c4:186:389 [4] proxy.cc:1497 NCCL WARN [Service thread] Could not receive type from localRank 4, res=3, closed=0

nccl-intranode-dgx052-rf5c4:186:389 [4] proxy.cc:1521 NCCL WARN [Proxy Service 4] Failed to execute operation Close from rank 4, retcode 3
nccl-intranode-dgx052-rf5c4:185:418 [3] NCCL INFO socketProgressOpt: abort called
nccl-intranode-dgx052-rf5c4:185:418 [3] NCCL INFO misc/socket.cc:47 -> 3
nccl-intranode-dgx052-rf5c4:185:418 [3] NCCL INFO misc/socket.cc:550 -> 3
nccl-intranode-dgx052-rf5c4:185:418 [3] NCCL INFO misc/socket.cc:573 -> 3
nccl-intranode-dgx052-rf5c4:185:418 [3] NCCL INFO misc/socket.cc:621 -> 3
nccl-intranode-dgx052-rf5c4:185:418 [3] NCCL INFO socketProgressOpt: abort called
nccl-intranode-dgx052-rf5c4:185:418 [3] NCCL INFO misc/socket.cc:47 -> 3
nccl-intranode-dgx052-rf5c4:185:418 [3] NCCL INFO misc/socket.cc:58 -> 3
nccl-intranode-dgx052-rf5c4:185:418 [3] NCCL INFO misc/socket.cc:775 -> 3
nccl-intranode-dgx052-rf5c4:185:387 [3] NCCL INFO socketProgressOpt: abort called
nccl-intranode-dgx052-rf5c4:185:387 [3] NCCL INFO misc/socket.cc:47 -> 3
nccl-intranode-dgx052-rf5c4:185:387 [3] NCCL INFO misc/socket.cc:752 -> 3
nccl-intranode-dgx052-rf5c4:185:387 [3] NCCL INFO misc/socket.cc:428 -> 3
nccl-intranode-dgx052-rf5c4:185:387 [3] NCCL INFO misc/socket.cc:564 -> 3
nccl-intranode-dgx052-rf5c4:185:387 [3] NCCL INFO misc/socket.cc:668 -> 3

nccl-intranode-dgx052-rf5c4:185:387 [3] proxy.cc:1458 NCCL WARN [Service thread] Accept failed Resource temporarily unavailable
nccl-intranode-dgx052-rf5c4:185:387 [3] NCCL INFO socketProgressOpt: abort called
nccl-intranode-dgx052-rf5c4:185:387 [3] NCCL INFO misc/socket.cc:826 -> 3

nccl-intranode-dgx052-rf5c4:185:387 [3] proxy.cc:1497 NCCL WARN [Service thread] Could not receive type from localRank 3, res=3, closed=0

nccl-intranode-dgx052-rf5c4:185:387 [3] proxy.cc:1521 NCCL WARN [Proxy Service 3] Failed to execute operation Close from rank 3, retcode 3
nccl-intranode-dgx052-rf5c4:184:419 [2] NCCL INFO socketProgressOpt: abort called
nccl-intranode-dgx052-rf5c4:184:419 [2] NCCL INFO misc/socket.cc:47 -> 3
nccl-intranode-dgx052-rf5c4:184:419 [2] NCCL INFO misc/socket.cc:550 -> 3
nccl-intranode-dgx052-rf5c4:184:419 [2] NCCL INFO misc/socket.cc:573 -> 3
nccl-intranode-dgx052-rf5c4:184:419 [2] NCCL INFO misc/socket.cc:621 -> 3
nccl-intranode-dgx052-rf5c4:184:419 [2] NCCL INFO socketProgressOpt: abort called
nccl-intranode-dgx052-rf5c4:184:419 [2] NCCL INFO misc/socket.cc:47 -> 3
nccl-intranode-dgx052-rf5c4:184:419 [2] NCCL INFO misc/socket.cc:58 -> 3
nccl-intranode-dgx052-rf5c4:184:419 [2] NCCL INFO misc/socket.cc:775 -> 3
nccl-intranode-dgx052-rf5c4:184:395 [2] NCCL INFO socketProgressOpt: abort called
nccl-intranode-dgx052-rf5c4:184:395 [2] NCCL INFO misc/socket.cc:47 -> 3
nccl-intranode-dgx052-rf5c4:184:395 [2] NCCL INFO misc/socket.cc:752 -> 3
nccl-intranode-dgx052-rf5c4:184:395 [2] NCCL INFO misc/socket.cc:428 -> 3
nccl-intranode-dgx052-rf5c4:184:395 [2] NCCL INFO misc/socket.cc:564 -> 3
nccl-intranode-dgx052-rf5c4:184:395 [2] NCCL INFO misc/socket.cc:668 -> 3

nccl-intranode-dgx052-rf5c4:184:395 [2] proxy.cc:1458 NCCL WARN [Service thread] Accept failed Resource temporarily unavailable
nccl-intranode-dgx052-rf5c4:184:395 [2] NCCL INFO socketProgressOpt: abort called
nccl-intranode-dgx052-rf5c4:184:395 [2] NCCL INFO misc/socket.cc:826 -> 3

nccl-intranode-dgx052-rf5c4:184:395 [2] proxy.cc:1497 NCCL WARN [Service thread] Could not receive type from localRank 2, res=3, closed=0

nccl-intranode-dgx052-rf5c4:184:395 [2] proxy.cc:1521 NCCL WARN [Proxy Service 2] Failed to execute operation Close from rank 2, retcode 3
nccl-intranode-dgx052-rf5c4:189:420 [7] NCCL INFO socketProgressOpt: abort called
nccl-intranode-dgx052-rf5c4:189:420 [7] NCCL INFO misc/socket.cc:47 -> 3
nccl-intranode-dgx052-rf5c4:189:420 [7] NCCL INFO misc/socket.cc:550 -> 3
nccl-intranode-dgx052-rf5c4:189:420 [7] NCCL INFO misc/socket.cc:573 -> 3
nccl-intranode-dgx052-rf5c4:189:420 [7] NCCL INFO misc/socket.cc:621 -> 3
nccl-intranode-dgx052-rf5c4:189:420 [7] NCCL INFO socketProgressOpt: abort called
nccl-intranode-dgx052-rf5c4:189:420 [7] NCCL INFO misc/socket.cc:47 -> 3
nccl-intranode-dgx052-rf5c4:189:420 [7] NCCL INFO misc/socket.cc:58 -> 3
nccl-intranode-dgx052-rf5c4:189:420 [7] NCCL INFO misc/socket.cc:775 -> 3
nccl-intranode-dgx052-rf5c4:189:393 [7] NCCL INFO socketProgressOpt: abort called
nccl-intranode-dgx052-rf5c4:189:393 [7] NCCL INFO misc/socket.cc:47 -> 3
nccl-intranode-dgx052-rf5c4:189:393 [7] NCCL INFO misc/socket.cc:752 -> 3
nccl-intranode-dgx052-rf5c4:189:393 [7] NCCL INFO misc/socket.cc:428 -> 3
nccl-intranode-dgx052-rf5c4:189:393 [7] NCCL INFO misc/socket.cc:564 -> 3
nccl-intranode-dgx052-rf5c4:189:393 [7] NCCL INFO misc/socket.cc:668 -> 3

nccl-intranode-dgx052-rf5c4:189:393 [7] proxy.cc:1458 NCCL WARN [Service thread] Accept failed Success
nccl-intranode-dgx052-rf5c4:189:393 [7] NCCL INFO socketProgressOpt: abort called
nccl-intranode-dgx052-rf5c4:189:393 [7] NCCL INFO misc/socket.cc:826 -> 3

nccl-intranode-dgx052-rf5c4:189:393 [7] proxy.cc:1497 NCCL WARN [Service thread] Could not receive type from localRank 7, res=3, closed=0

nccl-intranode-dgx052-rf5c4:189:393 [7] proxy.cc:1521 NCCL WARN [Proxy Service 7] Failed to execute operation Close from rank 7, retcode 3
nccl-intranode-dgx052-rf5c4:187:421 [5] NCCL INFO socketProgressOpt: abort called
nccl-intranode-dgx052-rf5c4:187:421 [5] NCCL INFO misc/socket.cc:47 -> 3
nccl-intranode-dgx052-rf5c4:187:421 [5] NCCL INFO misc/socket.cc:550 -> 3
nccl-intranode-dgx052-rf5c4:187:421 [5] NCCL INFO misc/socket.cc:573 -> 3
nccl-intranode-dgx052-rf5c4:187:421 [5] NCCL INFO misc/socket.cc:621 -> 3
nccl-intranode-dgx052-rf5c4:187:421 [5] NCCL INFO socketProgressOpt: abort called
nccl-intranode-dgx052-rf5c4:187:421 [5] NCCL INFO misc/socket.cc:47 -> 3
nccl-intranode-dgx052-rf5c4:187:421 [5] NCCL INFO misc/socket.cc:58 -> 3
nccl-intranode-dgx052-rf5c4:187:421 [5] NCCL INFO misc/socket.cc:775 -> 3
nccl-intranode-dgx052-rf5c4:187:385 [5] NCCL INFO socketProgressOpt: abort called
nccl-intranode-dgx052-rf5c4:187:385 [5] NCCL INFO misc/socket.cc:47 -> 3
nccl-intranode-dgx052-rf5c4:187:385 [5] NCCL INFO misc/socket.cc:752 -> 3
nccl-intranode-dgx052-rf5c4:187:385 [5] NCCL INFO misc/socket.cc:428 -> 3
nccl-intranode-dgx052-rf5c4:187:385 [5] NCCL INFO misc/socket.cc:564 -> 3
nccl-intranode-dgx052-rf5c4:187:385 [5] NCCL INFO misc/socket.cc:668 -> 3

nccl-intranode-dgx052-rf5c4:187:385 [5] proxy.cc:1458 NCCL WARN [Service thread] Accept failed Success
nccl-intranode-dgx052-rf5c4:187:385 [5] NCCL INFO socketProgressOpt: abort called
nccl-intranode-dgx052-rf5c4:187:385 [5] NCCL INFO misc/socket.cc:826 -> 3

nccl-intranode-dgx052-rf5c4:187:385 [5] proxy.cc:1497 NCCL WARN [Service thread] Could not receive type from localRank 5, res=3, closed=0

nccl-intranode-dgx052-rf5c4:187:385 [5] proxy.cc:1521 NCCL WARN [Proxy Service 5] Failed to execute operation Close from rank 5, retcode 3
nccl-intranode-dgx052-rf5c4:188:422 [6] NCCL INFO socketProgressOpt: abort called
nccl-intranode-dgx052-rf5c4:188:422 [6] NCCL INFO misc/socket.cc:47 -> 3
nccl-intranode-dgx052-rf5c4:188:422 [6] NCCL INFO misc/socket.cc:550 -> 3
nccl-intranode-dgx052-rf5c4:188:422 [6] NCCL INFO misc/socket.cc:573 -> 3
nccl-intranode-dgx052-rf5c4:188:422 [6] NCCL INFO misc/socket.cc:621 -> 3
nccl-intranode-dgx052-rf5c4:188:422 [6] NCCL INFO socketProgressOpt: abort called
nccl-intranode-dgx052-rf5c4:188:422 [6] NCCL INFO misc/socket.cc:47 -> 3
nccl-intranode-dgx052-rf5c4:188:422 [6] NCCL INFO misc/socket.cc:58 -> 3
nccl-intranode-dgx052-rf5c4:188:422 [6] NCCL INFO misc/socket.cc:775 -> 3
nccl-intranode-dgx052-rf5c4:188:391 [6] NCCL INFO socketProgressOpt: abort called
nccl-intranode-dgx052-rf5c4:188:391 [6] NCCL INFO misc/socket.cc:47 -> 3
nccl-intranode-dgx052-rf5c4:188:391 [6] NCCL INFO misc/socket.cc:752 -> 3
nccl-intranode-dgx052-rf5c4:188:391 [6] NCCL INFO misc/socket.cc:428 -> 3
nccl-intranode-dgx052-rf5c4:188:391 [6] NCCL INFO misc/socket.cc:564 -> 3
nccl-intranode-dgx052-rf5c4:188:391 [6] NCCL INFO misc/socket.cc:668 -> 3

nccl-intranode-dgx052-rf5c4:188:391 [6] proxy.cc:1458 NCCL WARN [Service thread] Accept failed Resource temporarily unavailable
nccl-intranode-dgx052-rf5c4:188:391 [6] NCCL INFO socketProgressOpt: abort called
nccl-intranode-dgx052-rf5c4:188:391 [6] NCCL INFO misc/socket.cc:826 -> 3

nccl-intranode-dgx052-rf5c4:188:391 [6] proxy.cc:1497 NCCL WARN [Service thread] Could not receive type from localRank 6, res=3, closed=0

nccl-intranode-dgx052-rf5c4:188:391 [6] proxy.cc:1521 NCCL WARN [Proxy Service 6] Failed to execute operation Close from rank 6, retcode 3
nccl-intranode-dgx052-rf5c4:185:418 [3] NCCL INFO comm 0x556979fe11a0 rank 3 nranks 8 cudaDev 3 busId 61000 - Abort COMPLETE
nccl-intranode-dgx052-rf5c4:185:418 [3] NCCL INFO NET/Plugin: Closing net plugin 'IBext_v8'
nccl-intranode-dgx052-rf5c4:185:418 [3] NCCL INFO NET/Plugin: Closing collnet plugin 'SHARP'
nccl-intranode-dgx052-rf5c4:188:422 [6] NCCL INFO comm 0x55e7b0922600 rank 6 nranks 8 cudaDev 6 busId d1000 - Abort COMPLETE
nccl-intranode-dgx052-rf5c4:188:422 [6] NCCL INFO NET/Plugin: Closing net plugin 'IBext_v8'
nccl-intranode-dgx052-rf5c4:188:422 [6] NCCL INFO NET/Plugin: Closing collnet plugin 'SHARP'
nccl-intranode-dgx052-rf5c4:183:415 [1] NCCL INFO comm 0x55a5ac1cddc0 rank 1 nranks 8 cudaDev 1 busId 43000 - Abort COMPLETE
nccl-intranode-dgx052-rf5c4:183:415 [1] NCCL INFO NET/Plugin: Closing net plugin 'IBext_v8'
nccl-intranode-dgx052-rf5c4:183:415 [1] NCCL INFO NET/Plugin: Closing collnet plugin 'SHARP'
nccl-intranode-dgx052-rf5c4:182:416 [0] NCCL INFO comm 0x55bff242dc60 rank 0 nranks 8 cudaDev 0 busId 1b000 - Abort COMPLETE
nccl-intranode-dgx052-rf5c4:182:416 [0] NCCL INFO NET/Plugin: Closing net plugin 'IBext_v8'
nccl-intranode-dgx052-rf5c4:182:416 [0] NCCL INFO NET/Plugin: Closing collnet plugin 'SHARP'

  done.
nccl-intranode-dgx052-rf5c4:187:421 [5] NCCL INFO comm 0x558451916820 rank 5 nranks 8 cudaDev 5 busId c3000 - Abort COMPLETE
nccl-intranode-dgx052-rf5c4:187:421 [5] NCCL INFO NET/Plugin: Closing net plugin 'IBext_v8'
nccl-intranode-dgx052-rf5c4:187:421 [5] NCCL INFO NET/Plugin: Closing collnet plugin 'SHARP'
nccl-intranode-dgx052-rf5c4:184:419 [2] NCCL INFO comm 0x55c889446a80 rank 2 nranks 8 cudaDev 2 busId 52000 - Abort COMPLETE
nccl-intranode-dgx052-rf5c4:184:419 [2] NCCL INFO NET/Plugin: Closing net plugin 'IBext_v8'
nccl-intranode-dgx052-rf5c4:184:419 [2] NCCL INFO NET/Plugin: Closing collnet plugin 'SHARP'
nccl-intranode-dgx052-rf5c4:186:417 [4] NCCL INFO comm 0x55b094317970 rank 4 nranks 8 cudaDev 4 busId 9d000 - Abort COMPLETE
nccl-intranode-dgx052-rf5c4:186:417 [4] NCCL INFO NET/Plugin: Closing net plugin 'IBext_v8'
nccl-intranode-dgx052-rf5c4:186:417 [4] NCCL INFO NET/Plugin: Closing collnet plugin 'SHARP'
nccl-intranode-dgx052-rf5c4:189:420 [7] NCCL INFO comm 0x560c1f6fec80 rank 7 nranks 8 cudaDev 7 busId df000 - Abort COMPLETE
nccl-intranode-dgx052-rf5c4:189:420 [7] NCCL INFO NET/Plugin: Closing net plugin 'IBext_v8'
nccl-intranode-dgx052-rf5c4:189:420 [7] NCCL INFO NET/Plugin: Closing collnet plugin 'SHARP'
ERROR: init 250 result=11