nccl-intranode-dgx052-rf5c4:187:293 [5] NCCL INFO GPU Direct RDMA Enabled for GPU 52000 / HCA 5 (distance 4 <= 4), read 0
nccl-intranode-dgx052-rf5c4:187:293 [5] NCCL INFO GPU Direct RDMA Enabled for GPU 61000 / HCA 5 (distance 4 <= 4), read 0
nccl-intranode-dgx052-rf5c4:187:293 [5] NCCL INFO GPU Direct RDMA Enabled for GPU 9d000 / HCA 5 (distance 4 <= 4), read 0
nccl-intranode-dgx052-rf5c4:187:293 [5] NCCL INFO GPU Direct RDMA Enabled for GPU c3000 / HCA 5 (distance 4 <= 4), read 0
nccl-intranode-dgx052-rf5c4:187:293 [5] NCCL INFO GPU Direct RDMA Enabled for GPU d1000 / HCA 5 (distance 4 <= 4), read 0
nccl-intranode-dgx052-rf5c4:187:293 [5] NCCL INFO GPU Direct RDMA Enabled for GPU df000 / HCA 5 (distance 4 <= 4), read 0
nccl-intranode-dgx052-rf5c4:186:288 [4] NCCL INFO GPU Direct RDMA Enabled for GPU c3000 / HCA 7 (distance 4 <= 4), read 0
nccl-intranode-dgx052-rf5c4:186:288 [4] NCCL INFO GPU Direct RDMA Enabled for GPU 1b000 / HCA 8 (distance 4 <= 4), read 0
nccl-intranode-dgx052-rf5c4:186:288 [4] NCCL INFO GPU Direct RDMA Enabled for GPU 43000 / HCA 8 (distance 4 <= 4), read 0
nccl-intranode-dgx052-rf5c4:186:288 [4] NCCL INFO GPU Direct RDMA Enabled for GPU 52000 / HCA 8 (distance 4 <= 4), read 0
nccl-intranode-dgx052-rf5c4:186:288 [4] NCCL INFO GPU Direct RDMA Enabled for GPU 61000 / HCA 8 (distance 4 <= 4), read 0
nccl-intranode-dgx052-rf5c4:186:288 [4] NCCL INFO GPU Direct RDMA Enabled for GPU 9d000 / HCA 8 (distance 4 <= 4), read 0
nccl-intranode-dgx052-rf5c4:186:288 [4] NCCL INFO GPU Direct RDMA Enabled for GPU c3000 / HCA 8 (distance 4 <= 4), read 0
nccl-intranode-dgx052-rf5c4:186:288 [4] NCCL INFO GPU Direct RDMA Enabled for GPU d1000 / HCA 8 (distance 4 <= 4), read 0
nccl-intranode-dgx052-rf5c4:186:288 [4] NCCL INFO GPU Direct RDMA Enabled for GPU df000 / HCA 8 (distance 4 <= 4), read 0
nccl-intranode-dgx052-rf5c4:186:288 [4] NCCL INFO GPU Direct RDMA Enabled for GPU 1b000 / HCA 9 (distance 4 <= 4), read 0
nccl-intranode-dgx052-rf5c4:186:288 [4] NCCL INFO GPU Direct RDMA Enabled for GPU 43000 / HCA 9 (distance 4 <= 4), read 0
nccl-intranode-dgx052-rf5c4:186:288 [4] NCCL INFO GPU Direct RDMA Enabled for GPU 52000 / HCA 9 (distance 4 <= 4), read 0
nccl-intranode-dgx052-rf5c4:186:288 [4] NCCL INFO GPU Direct RDMA Enabled for GPU 61000 / HCA 9 (distance 4 <= 4), read 0
nccl-intranode-dgx052-rf5c4:186:288 [4] NCCL INFO GPU Direct RDMA Enabled for GPU 9d000 / HCA 9 (distance 4 <= 4), read 0
nccl-intranode-dgx052-rf5c4:186:288 [4] NCCL INFO GPU Direct RDMA Enabled for GPU c3000 / HCA 9 (distance 4 <= 4), read 0
nccl-intranode-dgx052-rf5c4:186:288 [4] NCCL INFO GPU Direct RDMA Enabled for GPU d1000 / HCA 9 (distance 4 <= 4), read 0
nccl-intranode-dgx052-rf5c4:186:288 [4] NCCL INFO GPU Direct RDMA Enabled for GPU df000 / HCA 9 (distance 4 <= 4), read 0
nccl-intranode-dgx052-rf5c4:187:293 [5] NCCL INFO GPU Direct RDMA Enabled for GPU c3000 / HCA 7 (distance 4 <= 4), read 0
nccl-intranode-dgx052-rf5c4:187:293 [5] NCCL INFO GPU Direct RDMA Enabled for GPU 1b000 / HCA 8 (distance 4 <= 4), read 0
nccl-intranode-dgx052-rf5c4:187:293 [5] NCCL INFO GPU Direct RDMA Enabled for GPU 43000 / HCA 8 (distance 4 <= 4), read 0
nccl-intranode-dgx052-rf5c4:187:293 [5] NCCL INFO GPU Direct RDMA Enabled for GPU 52000 / HCA 8 (distance 4 <= 4), read 0
nccl-intranode-dgx052-rf5c4:187:293 [5] NCCL INFO GPU Direct RDMA Enabled for GPU 61000 / HCA 8 (distance 4 <= 4), read 0
nccl-intranode-dgx052-rf5c4:187:293 [5] NCCL INFO GPU Direct RDMA Enabled for GPU 9d000 / HCA 8 (distance 4 <= 4), read 0
nccl-intranode-dgx052-rf5c4:187:293 [5] NCCL INFO GPU Direct RDMA Enabled for GPU c3000 / HCA 8 (distance 4 <= 4), read 0
nccl-intranode-dgx052-rf5c4:187:293 [5] NCCL INFO GPU Direct RDMA Enabled for GPU d1000 / HCA 8 (distance 4 <= 4), read 0
nccl-intranode-dgx052-rf5c4:187:293 [5] NCCL INFO GPU Direct RDMA Enabled for GPU df000 / HCA 8 (distance 4 <= 4), read 0
nccl-intranode-dgx052-rf5c4:187:293 [5] NCCL INFO GPU Direct RDMA Enabled for GPU 1b000 / HCA 9 (distance 4 <= 4), read 0
nccl-intranode-dgx052-rf5c4:187:293 [5] NCCL INFO GPU Direct RDMA Enabled for GPU 43000 / HCA 9 (distance 4 <= 4), read 0
nccl-intranode-dgx052-rf5c4:187:293 [5] NCCL INFO GPU Direct RDMA Enabled for GPU 52000 / HCA 9 (distance 4 <= 4), read 0
nccl-intranode-dgx052-rf5c4:187:293 [5] NCCL INFO GPU Direct RDMA Enabled for GPU 61000 / HCA 9 (distance 4 <= 4), read 0
nccl-intranode-dgx052-rf5c4:187:293 [5] NCCL INFO GPU Direct RDMA Enabled for GPU 9d000 / HCA 9 (distance 4 <= 4), read 0
nccl-intranode-dgx052-rf5c4:187:293 [5] NCCL INFO GPU Direct RDMA Enabled for GPU c3000 / HCA 9 (distance 4 <= 4), read 0
nccl-intranode-dgx052-rf5c4:187:293 [5] NCCL INFO GPU Direct RDMA Enabled for GPU d1000 / HCA 9 (distance 4 <= 4), read 0
nccl-intranode-dgx052-rf5c4:187:293 [5] NCCL INFO GPU Direct RDMA Enabled for GPU df000 / HCA 9 (distance 4 <= 4), read 0
nccl-intranode-dgx052-rf5c4:185:289 [3] NCCL INFO Setting affinity for GPU 3 to ff,ffffffff,ffff0000,00000000,00ffffff,ffffffff
nccl-intranode-dgx052-rf5c4:185:289 [3] NCCL INFO NCCL_NVLS_ENABLE set by environment to 1.
nccl-intranode-dgx052-rf5c4:185:289 [3] NCCL INFO NVLS multicast support is available on dev 3
nccl-intranode-dgx052-rf5c4:188:294 [6] NCCL INFO Setting affinity for GPU 6 to ffffffff,ffffff00,00000000,0000ffff,ffffffff,ff000000,00000000
nccl-intranode-dgx052-rf5c4:188:294 [6] NCCL INFO NCCL_NVLS_ENABLE set by environment to 1.
nccl-intranode-dgx052-rf5c4:188:294 [6] NCCL INFO NVLS multicast support is available on dev 6
nccl-intranode-dgx052-rf5c4:186:288 [4] NCCL INFO Setting affinity for GPU 4 to ffffffff,ffffff00,00000000,0000ffff,ffffffff,ff000000,00000000
nccl-intranode-dgx052-rf5c4:187:293 [5] NCCL INFO Setting affinity for GPU 5 to ffffffff,ffffff00,00000000,0000ffff,ffffffff,ff000000,00000000
nccl-intranode-dgx052-rf5c4:186:288 [4] NCCL INFO NCCL_NVLS_ENABLE set by environment to 1.
nccl-intranode-dgx052-rf5c4:186:288 [4] NCCL INFO NVLS multicast support is available on dev 4
nccl-intranode-dgx052-rf5c4:187:293 [5] NCCL INFO NCCL_NVLS_ENABLE set by environment to 1.
nccl-intranode-dgx052-rf5c4:187:293 [5] NCCL INFO NVLS multicast support is available on dev 5
nccl-intranode-dgx052-rf5c4:188:294 [6] NCCL INFO comm 0x55e7b0922600 rank 6 nRanks 8 nNodes 1 localRanks 8 localRank 6 MNNVL 0
nccl-intranode-dgx052-rf5c4:189:292 [7] NCCL INFO comm 0x560c1f6fec80 rank 7 nRanks 8 nNodes 1 localRanks 8 localRank 7 MNNVL 0
nccl-intranode-dgx052-rf5c4:184:291 [2] NCCL INFO comm 0x55c889446a80 rank 2 nRanks 8 nNodes 1 localRanks 8 localRank 2 MNNVL 0
nccl-intranode-dgx052-rf5c4:187:293 [5] NCCL INFO comm 0x558451916820 rank 5 nRanks 8 nNodes 1 localRanks 8 localRank 5 MNNVL 0
nccl-intranode-dgx052-rf5c4:182:287 [0] NCCL INFO comm 0x55bff242dc60 rank 0 nRanks 8 nNodes 1 localRanks 8 localRank 0 MNNVL 0
nccl-intranode-dgx052-rf5c4:185:289 [3] NCCL INFO comm 0x556979fe11a0 rank 3 nRanks 8 nNodes 1 localRanks 8 localRank 3 MNNVL 0
nccl-intranode-dgx052-rf5c4:183:290 [1] NCCL INFO comm 0x55a5ac1cddc0 rank 1 nRanks 8 nNodes 1 localRanks 8 localRank 1 MNNVL 0
nccl-intranode-dgx052-rf5c4:189:292 [7] NCCL INFO NCCL_MAX_NCHANNELS set by environment to 32.
nccl-intranode-dgx052-rf5c4:186:288 [4] NCCL INFO comm 0x55b094317970 rank 4 nRanks 8 nNodes 1 localRanks 8 localRank 4 MNNVL 0
nccl-intranode-dgx052-rf5c4:188:294 [6] NCCL INFO NCCL_MAX_NCHANNELS set by environment to 32.
nccl-intranode-dgx052-rf5c4:187:293 [5] NCCL INFO NCCL_MAX_NCHANNELS set by environment to 32.
nccl-intranode-dgx052-rf5c4:189:292 [7] NCCL INFO NCCL_MIN_NCHANNELS set by environment to 16.
nccl-intranode-dgx052-rf5c4:184:291 [2] NCCL INFO NCCL_MAX_NCHANNELS set by environment to 32.
nccl-intranode-dgx052-rf5c4:187:293 [5] NCCL INFO NCCL_MIN_NCHANNELS set by environment to 16.
nccl-intranode-dgx052-rf5c4:188:294 [6] NCCL INFO NCCL_MIN_NCHANNELS set by environment to 16.
nccl-intranode-dgx052-rf5c4:186:288 [4] NCCL INFO NCCL_MAX_NCHANNELS set by environment to 32.
nccl-intranode-dgx052-rf5c4:185:289 [3] NCCL INFO NCCL_MAX_NCHANNELS set by environment to 32.
nccl-intranode-dgx052-rf5c4:182:287 [0] NCCL INFO NCCL_MAX_NCHANNELS set by environment to 32.
nccl-intranode-dgx052-rf5c4:184:291 [2] NCCL INFO NCCL_MIN_NCHANNELS set by environment to 16.
nccl-intranode-dgx052-rf5c4:186:288 [4] NCCL INFO NCCL_MIN_NCHANNELS set by environment to 16.
nccl-intranode-dgx052-rf5c4:185:289 [3] NCCL INFO NCCL_MIN_NCHANNELS set by environment to 16.
nccl-intranode-dgx052-rf5c4:182:287 [0] NCCL INFO NCCL_MIN_NCHANNELS set by environment to 16.
nccl-intranode-dgx052-rf5c4:183:290 [1] NCCL INFO NCCL_MAX_NCHANNELS set by environment to 32.
nccl-intranode-dgx052-rf5c4:189:292 [7] NCCL INFO Trees [0] -1/-1/-1->7->6 [1] -1/-1/-1->7->6 [2] -1/-1/-1->7->6 [3] -1/-1/-1->7->6 [4] -1/-1/-1->7->6 [5] -1/-1/-1->7->6 [6] -1/-1/-1->7->6 [7] -1/-1/-1->7->6 [8] -1/-1/-1->7->6 [9] -1/-1/-1->7->6 [10] -1/-1/-1->7->6 [11] -1/-1/-1->7->6 [12] -1/-1/-1->7->6 [13] -1/-1/-1->7->6 [14] -1/-1/-1->7->6 [15] -1/-1/-1->7->6 [16] -1/-1/-1->7->6 [17] -1/-1/-1->7->6 [18] -1/-1/-1->7->6 [19] -1/-1/-1->7->6 [20] -1/-1/-1->7->6 [21] -1/-1/-1->7->6 [22] -1/-1/-1->7->6 [23] -1/-1/-1->7->6
nccl-intranode-dgx052-rf5c4:183:290 [1] NCCL INFO NCCL_MIN_NCHANNELS set by environment to 16.
nccl-intranode-dgx052-rf5c4:187:293 [5] NCCL INFO Trees [0] 6/-1/-1->5->4 [1] 6/-1/-1->5->4 [2] 6/-1/-1->5->4 [3] 6/-1/-1->5->4 [4] 6/-1/-1->5->4 [5] 6/-1/-1->5->4 [6] 6/-1/-1->5->4 [7] 6/-1/-1->5->4 [8] 6/-1/-1->5->4 [9] 6/-1/-1->5->4 [10] 6/-1/-1->5->4 [11] 6/-1/-1->5->4 [12] 6/-1/-1->5->4 [13] 6/-1/-1->5->4 [14] 6/-1/-1->5->4 [15] 6/-1/-1->5->4 [16] 6/-1/-1->5->4 [17] 6/-1/-1->5->4 [18] 6/-1/-1->5->4 [19] 6/-1/-1->5->4 [20] 6/-1/-1->5->4 [21] 6/-1/-1->5->4 [22] 6/-1/-1->5->4 [23] 6/-1/-1->5->4
nccl-intranode-dgx052-rf5c4:189:292 [7] NCCL INFO NCCL_BUFFSIZE set by environment to 16777216.
nccl-intranode-dgx052-rf5c4:182:287 [0] NCCL INFO Channel 00/24 :    0   1   2   3   4   5   6   7
nccl-intranode-dgx052-rf5c4:187:293 [5] NCCL INFO NCCL_BUFFSIZE set by environment to 16777216.
nccl-intranode-dgx052-rf5c4:186:288 [4] NCCL INFO Trees [0] 5/-1/-1->4->3 [1] 5/-1/-1->4->3 [2] 5/-1/-1->4->3 [3] 5/-1/-1->4->3 [4] 5/-1/-1->4->3 [5] 5/-1/-1->4->3 [6] 5/-1/-1->4->3 [7] 5/-1/-1->4->3 [8] 5/-1/-1->4->3 [9] 5/-1/-1->4->3 [10] 5/-1/-1->4->3 [11] 5/-1/-1->4->3 [12] 5/-1/-1->4->3 [13] 5/-1/-1->4->3 [14] 5/-1/-1->4->3 [15] 5/-1/-1->4->3 [16] 5/-1/-1->4->3 [17] 5/-1/-1->4->3 [18] 5/-1/-1->4->3 [19] 5/-1/-1->4->3 [20] 5/-1/-1->4->3 [21] 5/-1/-1->4->3 [22] 5/-1/-1->4->3 [23] 5/-1/-1->4->3
nccl-intranode-dgx052-rf5c4:189:292 [7] NCCL INFO P2P Chunksize set to 524288
nccl-intranode-dgx052-rf5c4:188:294 [6] NCCL INFO Trees [0] 7/-1/-1->6->5 [1] 7/-1/-1->6->5 [2] 7/-1/-1->6->5 [3] 7/-1/-1->6->5 [4] 7/-1/-1->6->5 [5] 7/-1/-1->6->5 [6] 7/-1/-1->6->5 [7] 7/-1/-1->6->5 [8] 7/-1/-1->6->5 [9] 7/-1/-1->6->5 [10] 7/-1/-1->6->5 [11] 7/-1/-1->6->5 [12] 7/-1/-1->6->5 [13] 7/-1/-1->6->5 [14] 7/-1/-1->6->5 [15] 7/-1/-1->6->5 [16] 7/-1/-1->6->5 [17] 7/-1/-1->6->5 [18] 7/-1/-1->6->5 [19] 7/-1/-1->6->5 [20] 7/-1/-1->6->5 [21] 7/-1/-1->6->5 [22] 7/-1/-1->6->5 [23] 7/-1/-1->6->5
nccl-intranode-dgx052-rf5c4:187:293 [5] NCCL INFO P2P Chunksize set to 524288
nccl-intranode-dgx052-rf5c4:186:288 [4] NCCL INFO NCCL_BUFFSIZE set by environment to 16777216.
nccl-intranode-dgx052-rf5c4:182:287 [0] NCCL INFO Channel 01/24 :    0   1   2   3   4   5   6   7
nccl-intranode-dgx052-rf5c4:188:294 [6] NCCL INFO NCCL_BUFFSIZE set by environment to 16777216.
nccl-intranode-dgx052-rf5c4:186:288 [4] NCCL INFO P2P Chunksize set to 524288
nccl-intranode-dgx052-rf5c4:185:289 [3] NCCL INFO Trees [0] 4/-1/-1->3->2 [1] 4/-1/-1->3->2 [2] 4/-1/-1->3->2 [3] 4/-1/-1->3->2 [4] 4/-1/-1->3->2 [5] 4/-1/-1->3->2 [6] 4/-1/-1->3->2 [7] 4/-1/-1->3->2 [8] 4/-1/-1->3->2 [9] 4/-1/-1->3->2 [10] 4/-1/-1->3->2 [11] 4/-1/-1->3->2 [12] 4/-1/-1->3->2 [13] 4/-1/-1->3->2 [14] 4/-1/-1->3->2 [15] 4/-1/-1->3->2 [16] 4/-1/-1->3->2 [17] 4/-1/-1->3->2 [18] 4/-1/-1->3->2 [19] 4/-1/-1->3->2 [20] 4/-1/-1->3->2 [21] 4/-1/-1->3->2 [22] 4/-1/-1->3->2 [23] 4/-1/-1->3->2
nccl-intranode-dgx052-rf5c4:182:287 [0] NCCL INFO Channel 02/24 :    0   1   2   3   4   5   6   7
nccl-intranode-dgx052-rf5c4:188:294 [6] NCCL INFO P2P Chunksize set to 524288
nccl-intranode-dgx052-rf5c4:185:289 [3] NCCL INFO NCCL_BUFFSIZE set by environment to 16777216.
nccl-intranode-dgx052-rf5c4:182:287 [0] NCCL INFO Channel 03/24 :    0   1   2   3   4   5   6   7
nccl-intranode-dgx052-rf5c4:185:289 [3] NCCL INFO P2P Chunksize set to 524288
nccl-intranode-dgx052-rf5c4:184:291 [2] NCCL INFO Trees [0] 3/-1/-1->2->1 [1] 3/-1/-1->2->1 [2] 3/-1/-1->2->1 [3] 3/-1/-1->2->1 [4] 3/-1/-1->2->1 [5] 3/-1/-1->2->1 [6] 3/-1/-1->2->1 [7] 3/-1/-1->2->1 [8] 3/-1/-1->2->1 [9] 3/-1/-1->2->1 [10] 3/-1/-1->2->1 [11] 3/-1/-1->2->1 [12] 3/-1/-1->2->1 [13] 3/-1/-1->2->1 [14] 3/-1/-1->2->1 [15] 3/-1/-1->2->1 [16] 3/-1/-1->2->1 [17] 3/-1/-1->2->1 [18] 3/-1/-1->2->1 [19] 3/-1/-1->2->1 [20] 3/-1/-1->2->1 [21] 3/-1/-1->2->1 [22] 3/-1/-1->2->1 [23] 3/-1/-1->2->1
nccl-intranode-dgx052-rf5c4:182:287 [0] NCCL INFO Channel 04/24 :    0   1   2   3   4   5   6   7
nccl-intranode-dgx052-rf5c4:184:291 [2] NCCL INFO NCCL_BUFFSIZE set by environment to 16777216.
nccl-intranode-dgx052-rf5c4:182:287 [0] NCCL INFO Channel 05/24 :    0   1   2   3   4   5   6   7
nccl-intranode-dgx052-rf5c4:183:290 [1] NCCL INFO Trees [0] 2/-1/-1->1->0 [1] 2/-1/-1->1->0 [2] 2/-1/-1->1->0 [3] 2/-1/-1->1->0 [4] 2/-1/-1->1->0 [5] 2/-1/-1->1->0 [6] 2/-1/-1->1->0 [7] 2/-1/-1->1->0 [8] 2/-1/-1->1->0 [9] 2/-1/-1->1->0 [10] 2/-1/-1->1->0 [11] 2/-1/-1->1->0 [12] 2/-1/-1->1->0 [13] 2/-1/-1->1->0 [14] 2/-1/-1->1->0 [15] 2/-1/-1->1->0 [16] 2/-1/-1->1->0 [17] 2/-1/-1->1->0 [18] 2/-1/-1->1->0 [19] 2/-1/-1->1->0 [20] 2/-1/-1->1->0 [21] 2/-1/-1->1->0 [22] 2/-1/-1->1->0 [23] 2/-1/-1->1->0
nccl-intranode-dgx052-rf5c4:184:291 [2] NCCL INFO P2P Chunksize set to 524288
nccl-intranode-dgx052-rf5c4:182:287 [0] NCCL INFO Channel 06/24 :    0   1   2   3   4   5   6   7
nccl-intranode-dgx052-rf5c4:183:290 [1] NCCL INFO NCCL_BUFFSIZE set by environment to 16777216.
nccl-intranode-dgx052-rf5c4:182:287 [0] NCCL INFO Channel 07/24 :    0   1   2   3   4   5   6   7
nccl-intranode-dgx052-rf5c4:183:290 [1] NCCL INFO P2P Chunksize set to 524288
nccl-intranode-dgx052-rf5c4:182:287 [0] NCCL INFO Channel 08/24 :    0   1   2   3   4   5   6   7
nccl-intranode-dgx052-rf5c4:182:287 [0] NCCL INFO Channel 09/24 :    0   1   2   3   4   5   6   7
nccl-intranode-dgx052-rf5c4:182:287 [0] NCCL INFO Channel 10/24 :    0   1   2   3   4   5   6   7
nccl-intranode-dgx052-rf5c4:182:287 [0] NCCL INFO Channel 11/24 :    0   1   2   3   4   5   6   7
nccl-intranode-dgx052-rf5c4:182:287 [0] NCCL INFO Channel 12/24 :    0   1   2   3   4   5   6   7
nccl-intranode-dgx052-rf5c4:182:287 [0] NCCL INFO Channel 13/24 :    0   1   2   3   4   5   6   7
nccl-intranode-dgx052-rf5c4:182:287 [0] NCCL INFO Channel 14/24 :    0   1   2   3   4   5   6   7
nccl-intranode-dgx052-rf5c4:182:287 [0] NCCL INFO Channel 15/24 :    0   1   2   3   4   5   6   7
nccl-intranode-dgx052-rf5c4:182:287 [0] NCCL INFO Channel 16/24 :    0   1   2   3   4   5   6   7
nccl-intranode-dgx052-rf5c4:182:287 [0] NCCL INFO Channel 17/24 :    0   1   2   3   4   5   6   7
nccl-intranode-dgx052-rf5c4:182:287 [0] NCCL INFO Channel 18/24 :    0   1   2   3   4   5   6   7
nccl-intranode-dgx052-rf5c4:182:287 [0] NCCL INFO Channel 19/24 :    0   1   2   3   4   5   6   7
nccl-intranode-dgx052-rf5c4:182:287 [0] NCCL INFO Channel 20/24 :    0   1   2   3   4   5   6   7
nccl-intranode-dgx052-rf5c4:182:287 [0] NCCL INFO Channel 21/24 :    0   1   2   3   4   5   6   7
nccl-intranode-dgx052-rf5c4:182:287 [0] NCCL INFO Channel 22/24 :    0   1   2   3   4   5   6   7
nccl-intranode-dgx052-rf5c4:182:287 [0] NCCL INFO Channel 23/24 :    0   1   2   3   4   5   6   7
nccl-intranode-dgx052-rf5c4:182:287 [0] NCCL INFO Trees [0] 1/-1/-1->0->-1 [1] 1/-1/-1->0->-1 [2] 1/-1/-1->0->-1 [3] 1/-1/-1->0->-1 [4] 1/-1/-1->0->-1 [5] 1/-1/-1->0->-1 [6] 1/-1/-1->0->-1 [7] 1/-1/-1->0->-1 [8] 1/-1/-1->0->-1 [9] 1/-1/-1->0->-1 [10] 1/-1/-1->0->-1 [11] 1/-1/-1->0->-1 [12] 1/-1/-1->0->-1 [13] 1/-1/-1->0->-1 [14] 1/-1/-1->0->-1 [15] 1/-1/-1->0->-1 [16] 1/-1/-1->0->-1 [17] 1/-1/-1->0->-1 [18] 1/-1/-1->0->-1 [19] 1/-1/-1->0->-1 [20] 1/-1/-1->0->-1 [21] 1/-1/-1->0->-1 [22] 1/-1/-1->0->-1 [23] 1/-1/-1->0->-1
nccl-intranode-dgx052-rf5c4:182:287 [0] NCCL INFO NCCL_BUFFSIZE set by environment to 16777216.
nccl-intranode-dgx052-rf5c4:182:287 [0] NCCL INFO P2P Chunksize set to 524288
nccl-intranode-dgx052-rf5c4:187:293 [5] NCCL INFO NCCL_NTHREADS set by environment to 512.
nccl-intranode-dgx052-rf5c4:187:293 [5] NCCL INFO threadThresholds 8/8/64 | 64/8/64 | 512 | 512
nccl-intranode-dgx052-rf5c4:187:293 [5] NCCL INFO 24 coll channels, 24 collnet channels, 16 nvls channels, 32 p2p channels, 32 p2p channels per peer
nccl-intranode-dgx052-rf5c4:182:287 [0] NCCL INFO NCCL_NTHREADS set by environment to 512.
nccl-intranode-dgx052-rf5c4:182:287 [0] NCCL INFO threadThresholds 8/8/64 | 64/8/64 | 512 | 512
nccl-intranode-dgx052-rf5c4:182:287 [0] NCCL INFO 24 coll channels, 24 collnet channels, 16 nvls channels, 32 p2p channels, 32 p2p channels per peer
nccl-intranode-dgx052-rf5c4:189:292 [7] NCCL INFO NCCL_NTHREADS set by environment to 512.
nccl-intranode-dgx052-rf5c4:189:292 [7] NCCL INFO threadThresholds 8/8/64 | 64/8/64 | 512 | 512
nccl-intranode-dgx052-rf5c4:189:292 [7] NCCL INFO 24 coll channels, 24 collnet channels, 16 nvls channels, 32 p2p channels, 32 p2p channels per peer
nccl-intranode-dgx052-rf5c4:182:287 [0] NCCL INFO CC Off, Multi-GPU CC Off, workFifoBytes 1048576
nccl-intranode-dgx052-rf5c4:188:294 [6] NCCL INFO NCCL_NTHREADS set by environment to 512.
nccl-intranode-dgx052-rf5c4:188:294 [6] NCCL INFO threadThresholds 8/8/64 | 64/8/64 | 512 | 512
nccl-intranode-dgx052-rf5c4:188:294 [6] NCCL INFO 24 coll channels, 24 collnet channels, 16 nvls channels, 32 p2p channels, 32 p2p channels per peer
nccl-intranode-dgx052-rf5c4:186:288 [4] NCCL INFO NCCL_NTHREADS set by environment to 512.
nccl-intranode-dgx052-rf5c4:186:288 [4] NCCL INFO threadThresholds 8/8/64 | 64/8/64 | 512 | 512
nccl-intranode-dgx052-rf5c4:186:288 [4] NCCL INFO 24 coll channels, 24 collnet channels, 16 nvls channels, 32 p2p channels, 32 p2p channels per peer
nccl-intranode-dgx052-rf5c4:185:289 [3] NCCL INFO NCCL_NTHREADS set by environment to 512.
nccl-intranode-dgx052-rf5c4:185:289 [3] NCCL INFO threadThresholds 8/8/64 | 64/8/64 | 512 | 512
nccl-intranode-dgx052-rf5c4:185:289 [3] NCCL INFO 24 coll channels, 24 collnet channels, 16 nvls channels, 32 p2p channels, 32 p2p channels per peer
nccl-intranode-dgx052-rf5c4:183:290 [1] NCCL INFO NCCL_NTHREADS set by environment to 512.
nccl-intranode-dgx052-rf5c4:184:291 [2] NCCL INFO NCCL_NTHREADS set by environment to 512.
nccl-intranode-dgx052-rf5c4:183:290 [1] NCCL INFO threadThresholds 8/8/64 | 64/8/64 | 512 | 512
nccl-intranode-dgx052-rf5c4:183:290 [1] NCCL INFO 24 coll channels, 24 collnet channels, 16 nvls channels, 32 p2p channels, 32 p2p channels per peer
nccl-intranode-dgx052-rf5c4:184:291 [2] NCCL INFO threadThresholds 8/8/64 | 64/8/64 | 512 | 512
nccl-intranode-dgx052-rf5c4:184:291 [2] NCCL INFO 24 coll channels, 24 collnet channels, 16 nvls channels, 32 p2p channels, 32 p2p channels per peer
nccl-intranode-dgx052-rf5c4:187:293 [5] NCCL INFO TUNER/Plugin: Failed to find ncclTunerPlugin_v3 symbol.
nccl-intranode-dgx052-rf5c4:187:293 [5] NCCL INFO TUNER/Plugin: Failed to find ncclTunerPlugin_v2 symbol, using internal tuner instead.
nccl-intranode-dgx052-rf5c4:187:293 [5] NCCL INFO ncclCommInitRank comm 0x558451916820 rank 5 nranks 8 cudaDev 5 nvmlDev 5 busId c3000 commId 0xa0c2ce021ee78f17 - Init COMPLETE
nccl-intranode-dgx052-rf5c4:187:293 [5] NCCL INFO Init timings: rank 5 nranks 8 total 1.71 (kernels 0.20, bootstrap 1.09, allgathers 0.01, topo 0.07, graphs 0.01, connections 0.30, rest 0.03)
nccl-intranode-dgx052-rf5c4:189:292 [7] NCCL INFO TUNER/Plugin: Failed to find ncclTunerPlugin_v3 symbol.
nccl-intranode-dgx052-rf5c4:189:292 [7] NCCL INFO TUNER/Plugin: Failed to find ncclTunerPlugin_v2 symbol, using internal tuner instead.
nccl-intranode-dgx052-rf5c4:189:292 [7] NCCL INFO ncclCommInitRank comm 0x560c1f6fec80 rank 7 nranks 8 cudaDev 7 nvmlDev 7 busId df000 commId 0xa0c2ce021ee78f17 - Init COMPLETE
nccl-intranode-dgx052-rf5c4:189:292 [7] NCCL INFO Init timings: rank 7 nranks 8 total 1.71 (kernels 0.46, bootstrap 0.84, allgathers 0.01, topo 0.06, graphs 0.01, connections 0.29, rest 0.05)
nccl-intranode-dgx052-rf5c4:182:287 [0] NCCL INFO TUNER/Plugin: Failed to find ncclTunerPlugin_v3 symbol.
nccl-intranode-dgx052-rf5c4:185:289 [3] NCCL INFO TUNER/Plugin: Failed to find ncclTunerPlugin_v3 symbol.
nccl-intranode-dgx052-rf5c4:186:288 [4] NCCL INFO TUNER/Plugin: Failed to find ncclTunerPlugin_v3 symbol.
nccl-intranode-dgx052-rf5c4:182:287 [0] NCCL INFO TUNER/Plugin: Failed to find ncclTunerPlugin_v2 symbol, using internal tuner instead.
nccl-intranode-dgx052-rf5c4:185:289 [3] NCCL INFO TUNER/Plugin: Failed to find ncclTunerPlugin_v2 symbol, using internal tuner instead.
nccl-intranode-dgx052-rf5c4:186:288 [4] NCCL INFO TUNER/Plugin: Failed to find ncclTunerPlugin_v2 symbol, using internal tuner instead.
nccl-intranode-dgx052-rf5c4:186:288 [4] NCCL INFO ncclCommInitRank comm 0x55b094317970 rank 4 nranks 8 cudaDev 4 nvmlDev 4 busId 9d000 commId 0xa0c2ce021ee78f17 - Init COMPLETE
nccl-intranode-dgx052-rf5c4:185:289 [3] NCCL INFO ncclCommInitRank comm 0x556979fe11a0 rank 3 nranks 8 cudaDev 3 nvmlDev 3 busId 61000 commId 0xa0c2ce021ee78f17 - Init COMPLETE
nccl-intranode-dgx052-rf5c4:182:287 [0] NCCL INFO ncclCommInitRank comm 0x55bff242dc60 rank 0 nranks 8 cudaDev 0 nvmlDev 0 busId 1b000 commId 0xa0c2ce021ee78f17 - Init COMPLETE
nccl-intranode-dgx052-rf5c4:186:288 [4] NCCL INFO Init timings: rank 4 nranks 8 total 1.72 (kernels 0.40, bootstrap 0.90, allgathers 0.01, topo 0.07, graphs 0.01, connections 0.29, rest 0.04)
nccl-intranode-dgx052-rf5c4:185:289 [3] NCCL INFO Init timings: rank 3 nranks 8 total 1.72 (kernels 0.42, bootstrap 0.88, allgathers 0.00, topo 0.06, graphs 0.01, connections 0.30, rest 0.04)
nccl-intranode-dgx052-rf5c4:182:287 [0] NCCL INFO Init timings: rank 0 nranks 8 total 1.75 (kernels 0.20, bootstrap 1.14, allgathers 0.01, topo 0.06, graphs 0.01, connections 0.28, rest 0.06)
nccl-intranode-dgx052-rf5c4:188:294 [6] NCCL INFO TUNER/Plugin: Failed to find ncclTunerPlugin_v3 symbol.
nccl-intranode-dgx052-rf5c4:188:294 [6] NCCL INFO TUNER/Plugin: Failed to find ncclTunerPlugin_v2 symbol, using internal tuner instead.
nccl-intranode-dgx052-rf5c4:188:294 [6] NCCL INFO ncclCommInitRank comm 0x55e7b0922600 rank 6 nranks 8 cudaDev 6 nvmlDev 6 busId d1000 commId 0xa0c2ce021ee78f17 - Init COMPLETE
nccl-intranode-dgx052-rf5c4:188:294 [6] NCCL INFO Init timings: rank 6 nranks 8 total 1.71 (kernels 0.45, bootstrap 0.83, allgathers 0.00, topo 0.07, graphs 0.01, connections 0.29, rest 0.04)
nccl-intranode-dgx052-rf5c4:183:290 [1] NCCL INFO TUNER/Plugin: Failed to find ncclTunerPlugin_v3 symbol.
nccl-intranode-dgx052-rf5c4:183:290 [1] NCCL INFO TUNER/Plugin: Failed to find ncclTunerPlugin_v2 symbol, using internal tuner instead.
nccl-intranode-dgx052-rf5c4:183:290 [1] NCCL INFO ncclCommInitRank comm 0x55a5ac1cddc0 rank 1 nranks 8 cudaDev 1 nvmlDev 1 busId 43000 commId 0xa0c2ce021ee78f17 - Init COMPLETE
nccl-intranode-dgx052-rf5c4:183:290 [1] NCCL INFO Init timings: rank 1 nranks 8 total 1.72 (kernels 0.41, bootstrap 0.88, allgathers 0.00, topo 0.06, graphs 0.02, connections 0.32, rest 0.02)
nccl-intranode-dgx052-rf5c4:184:291 [2] NCCL INFO TUNER/Plugin: Failed to find ncclTunerPlugin_v3 symbol.
nccl-intranode-dgx052-rf5c4:184:291 [2] NCCL INFO TUNER/Plugin: Failed to find ncclTunerPlugin_v2 symbol, using internal tuner instead.
nccl-intranode-dgx052-rf5c4:184:291 [2] NCCL INFO ncclCommInitRank comm 0x55c889446a80 rank 2 nranks 8 cudaDev 2 nvmlDev 2 busId 52000 commId 0xa0c2ce021ee78f17 - Init COMPLETE
nccl-intranode-dgx052-rf5c4:184:291 [2] NCCL INFO Init timings: rank 2 nranks 8 total 1.71 (kernels 0.48, bootstrap 0.81, allgathers 0.00, topo 0.06, graphs 0.02, connections 0.29, rest 0.05)
nccl-intranode-dgx052-rf5c4:182:397 [0] NCCL INFO New proxy recv connection 0 from local rank 0, transport 0
nccl-intranode-dgx052-rf5c4:182:399 [0] NCCL INFO Connected to proxy localRank 0 -> connection 0x7f9018004f40
nccl-intranode-dgx052-rf5c4:182:397 [0] NCCL INFO New proxy recv connection 1 from local rank 0, transport 0
nccl-intranode-dgx052-rf5c4:182:399 [0] NCCL INFO Connected to proxy localRank 0 -> connection 0x7f9018004fb8
nccl-intranode-dgx052-rf5c4:185:387 [3] NCCL INFO New proxy recv connection 0 from local rank 3, transport 0
nccl-intranode-dgx052-rf5c4:185:400 [3] NCCL INFO Connected to proxy localRank 3 -> connection 0x7fe708004f40
nccl-intranode-dgx052-rf5c4:185:387 [3] NCCL INFO New proxy recv connection 1 from local rank 3, transport 0
nccl-intranode-dgx052-rf5c4:185:400 [3] NCCL INFO Connected to proxy localRank 3 -> connection 0x7fe708004fb8
nccl-intranode-dgx052-rf5c4:185:387 [3] NCCL INFO New proxy recv connection 2 from local rank 3, transport 0
nccl-intranode-dgx052-rf5c4:185:400 [3] NCCL INFO Connected to proxy localRank 3 -> connection 0x7fe708005030
nccl-intranode-dgx052-rf5c4:185:387 [3] NCCL INFO New proxy recv connection 3 from local rank 3, transport 0
nccl-intranode-dgx052-rf5c4:185:400 [3] NCCL INFO Connected to proxy localRank 3 -> connection 0x7fe7080050a8
nccl-intranode-dgx052-rf5c4:182:397 [0] NCCL INFO New proxy recv connection 2 from local rank 0, transport 0
nccl-intranode-dgx052-rf5c4:182:399 [0] NCCL INFO Connected to proxy localRank 0 -> connection 0x7f9018005030
nccl-intranode-dgx052-rf5c4:185:387 [3] NCCL INFO New proxy recv connection 4 from local rank 3, transport 0
nccl-intranode-dgx052-rf5c4:185:400 [3] NCCL INFO Connected to proxy localRank 3 -> connection 0x7fe708005120
nccl-intranode-dgx052-rf5c4:182:397 [0] NCCL INFO New proxy recv connection 3 from local rank 0, transport 0
nccl-intranode-dgx052-rf5c4:182:399 [0] NCCL INFO Connected to proxy localRank 0 -> connection 0x7f90180050a8
nccl-intranode-dgx052-rf5c4:185:387 [3] NCCL INFO New proxy recv connection 5 from local rank 3, transport 0
nccl-intranode-dgx052-rf5c4:185:400 [3] NCCL INFO Connected to proxy localRank 3 -> connection 0x7fe708005198
nccl-intranode-dgx052-rf5c4:182:397 [0] NCCL INFO New proxy recv connection 4 from local rank 0, transport 0
nccl-intranode-dgx052-rf5c4:182:399 [0] NCCL INFO Connected to proxy localRank 0 -> connection 0x7f9018005120
nccl-intranode-dgx052-rf5c4:187:385 [5] NCCL INFO New proxy recv connection 0 from local rank 5, transport 0
nccl-intranode-dgx052-rf5c4:187:401 [5] NCCL INFO Connected to proxy localRank 5 -> connection 0x7fad88004f40
nccl-intranode-dgx052-rf5c4:182:397 [0] NCCL INFO New proxy recv connection 5 from local rank 0, transport 0
nccl-intranode-dgx052-rf5c4:182:399 [0] NCCL INFO Connected to proxy localRank 0 -> connection 0x7f9018005198
nccl-intranode-dgx052-rf5c4:187:385 [5] NCCL INFO New proxy recv connection 1 from local rank 5, transport 0
nccl-intranode-dgx052-rf5c4:187:401 [5] NCCL INFO Connected to proxy localRank 5 -> connection 0x7fad88004fb8
nccl-intranode-dgx052-rf5c4:185:387 [3] NCCL INFO New proxy recv connection 6 from local rank 3, transport 0
nccl-intranode-dgx052-rf5c4:185:400 [3] NCCL INFO Connected to proxy localRank 3 -> connection 0x7fe708005210
nccl-intranode-dgx052-rf5c4:182:397 [0] NCCL INFO New proxy recv connection 6 from local rank 0, transport 0
nccl-intranode-dgx052-rf5c4:182:399 [0] NCCL INFO Connected to proxy localRank 0 -> connection 0x7f9018005210
nccl-intranode-dgx052-rf5c4:182:397 [0] NCCL INFO New proxy recv connection 7 from local rank 0, transport 0
nccl-intranode-dgx052-rf5c4:182:399 [0] NCCL INFO Connected to proxy localRank 0 -> connection 0x7f9018005288
nccl-intranode-dgx052-rf5c4:183:383 [1] NCCL INFO New proxy recv connection 0 from local rank 1, transport 0
nccl-intranode-dgx052-rf5c4:183:402 [1] NCCL INFO Connected to proxy localRank 1 -> connection 0x7f9060004f40
nccl-intranode-dgx052-rf5c4:187:385 [5] NCCL INFO New proxy recv connection 2 from local rank 5, transport 0
nccl-intranode-dgx052-rf5c4:187:401 [5] NCCL INFO Connected to proxy localRank 5 -> connection 0x7fad88005030
nccl-intranode-dgx052-rf5c4:182:397 [0] NCCL INFO New proxy recv connection 8 from local rank 0, transport 0
nccl-intranode-dgx052-rf5c4:182:399 [0] NCCL INFO Connected to proxy localRank 0 -> connection 0x7f9018005300
nccl-intranode-dgx052-rf5c4:185:387 [3] NCCL INFO New proxy recv connection 7 from local rank 3, transport 0
nccl-intranode-dgx052-rf5c4:185:400 [3] NCCL INFO Connected to proxy localRank 3 -> connection 0x7fe708005288
nccl-intranode-dgx052-rf5c4:183:383 [1] NCCL INFO New proxy recv connection 1 from local rank 1, transport 0
nccl-intranode-dgx052-rf5c4:183:402 [1] NCCL INFO Connected to proxy localRank 1 -> connection 0x7f9060004fb8
nccl-intranode-dgx052-rf5c4:187:385 [5] NCCL INFO New proxy recv connection 3 from local rank 5, transport 0
nccl-intranode-dgx052-rf5c4:187:401 [5] NCCL INFO Connected to proxy localRank 5 -> connection 0x7fad880050a8
nccl-intranode-dgx052-rf5c4:187:385 [5] NCCL INFO New proxy recv connection 4 from local rank 5, transport 0
nccl-intranode-dgx052-rf5c4:187:401 [5] NCCL INFO Connected to proxy localRank 5 -> connection 0x7fad88005120
nccl-intranode-dgx052-rf5c4:187:385 [5] NCCL INFO New proxy recv connection 5 from local rank 5, transport 0
nccl-intranode-dgx052-rf5c4:187:401 [5] NCCL INFO Connected to proxy localRank 5 -> connection 0x7fad88005198
nccl-intranode-dgx052-rf5c4:187:385 [5] NCCL INFO New proxy recv connection 6 from local rank 5, transport 0
nccl-intranode-dgx052-rf5c4:187:401 [5] NCCL INFO Connected to proxy localRank 5 -> connection 0x7fad88005210
nccl-intranode-dgx052-rf5c4:182:397 [0] NCCL INFO New proxy recv connection 9 from local rank 0, transport 0
nccl-intranode-dgx052-rf5c4:182:399 [0] NCCL INFO Connected to proxy localRank 0 -> connection 0x7f9018005378
nccl-intranode-dgx052-rf5c4:183:383 [1] NCCL INFO New proxy recv connection 2 from local rank 1, transport 0
nccl-intranode-dgx052-rf5c4:183:402 [1] NCCL INFO Connected to proxy localRank 1 -> connection 0x7f9060005030
nccl-intranode-dgx052-rf5c4:185:387 [3] NCCL INFO New proxy recv connection 8 from local rank 3, transport 0
nccl-intranode-dgx052-rf5c4:185:400 [3] NCCL INFO Connected to proxy localRank 3 -> connection 0x7fe708005300
nccl-intranode-dgx052-rf5c4:182:397 [0] NCCL INFO New proxy recv connection 10 from local rank 0, transport 0
nccl-intranode-dgx052-rf5c4:182:399 [0] NCCL INFO Connected to proxy localRank 0 -> connection 0x7f90180053f0
nccl-intranode-dgx052-rf5c4:182:397 [0] NCCL INFO New proxy recv connection 11 from local rank 0, transport 0
nccl-intranode-dgx052-rf5c4:182:399 [0] NCCL INFO Connected to proxy localRank 0 -> connection 0x7f9018005468
nccl-intranode-dgx052-rf5c4:182:397 [0] NCCL INFO New proxy recv connection 12 from local rank 0, transport 0
nccl-intranode-dgx052-rf5c4:182:399 [0] NCCL INFO Connected to proxy localRank 0 -> connection 0x7f90180054e0
nccl-intranode-dgx052-rf5c4:183:383 [1] NCCL INFO New proxy recv connection 3 from local rank 1, transport 0
nccl-intranode-dgx052-rf5c4:183:402 [1] NCCL INFO Connected to proxy localRank 1 -> connection 0x7f90600050a8
nccl-intranode-dgx052-rf5c4:182:397 [0] NCCL INFO New proxy recv connection 13 from local rank 0, transport 0
nccl-intranode-dgx052-rf5c4:182:399 [0] NCCL INFO Connected to proxy localRank 0 -> connection 0x7f9018005558
nccl-intranode-dgx052-rf5c4:182:397 [0] NCCL INFO New proxy recv connection 14 from local rank 0, transport 0
nccl-intranode-dgx052-rf5c4:182:399 [0] NCCL INFO Connected to proxy localRank 0 -> connection 0x7f90180055d0
nccl-intranode-dgx052-rf5c4:185:387 [3] NCCL INFO New proxy recv connection 9 from local rank 3, transport 0
nccl-intranode-dgx052-rf5c4:185:400 [3] NCCL INFO Connected to proxy localRank 3 -> connection 0x7fe708005378
nccl-intranode-dgx052-rf5c4:182:397 [0] NCCL INFO New proxy recv connection 15 from local rank 0, transport 0
nccl-intranode-dgx052-rf5c4:182:399 [0] NCCL INFO Connected to proxy localRank 0 -> connection 0x7f9018005648
nccl-intranode-dgx052-rf5c4:187:385 [5] NCCL INFO New proxy recv connection 7 from local rank 5, transport 0
nccl-intranode-dgx052-rf5c4:187:401 [5] NCCL INFO Connected to proxy localRank 5 -> connection 0x7fad88005288
nccl-intranode-dgx052-rf5c4:183:383 [1] NCCL INFO New proxy recv connection 4 from local rank 1, transport 0
nccl-intranode-dgx052-rf5c4:183:402 [1] NCCL INFO Connected to proxy localRank 1 -> connection 0x7f9060005120
nccl-intranode-dgx052-rf5c4:183:383 [1] NCCL INFO New proxy recv connection 5 from local rank 1, transport 0
nccl-intranode-dgx052-rf5c4:183:402 [1] NCCL INFO Connected to proxy localRank 1 -> connection 0x7f9060005198
nccl-intranode-dgx052-rf5c4:187:385 [5] NCCL INFO New proxy recv connection 8 from local rank 5, transport 0
nccl-intranode-dgx052-rf5c4:187:401 [5] NCCL INFO Connected to proxy localRank 5 -> connection 0x7fad88005300
nccl-intranode-dgx052-rf5c4:187:385 [5] NCCL INFO New proxy recv connection 9 from local rank 5, transport 0
nccl-intranode-dgx052-rf5c4:187:401 [5] NCCL INFO Connected to proxy localRank 5 -> connection 0x7fad88005378
nccl-intranode-dgx052-rf5c4:187:385 [5] NCCL INFO New proxy recv connection 10 from local rank 5, transport 0
nccl-intranode-dgx052-rf5c4:187:401 [5] NCCL INFO Connected to proxy localRank 5 -> connection 0x7fad880053f0
nccl-intranode-dgx052-rf5c4:182:397 [0] NCCL INFO New proxy recv connection 16 from local rank 0, transport 0
nccl-intranode-dgx052-rf5c4:182:399 [0] NCCL INFO Connected to proxy localRank 0 -> connection 0x7f90180056c0
nccl-intranode-dgx052-rf5c4:185:387 [3] NCCL INFO New proxy recv connection 10 from local rank 3, transport 0
nccl-intranode-dgx052-rf5c4:185:400 [3] NCCL INFO Connected to proxy localRank 3 -> connection 0x7fe7080053f0
nccl-intranode-dgx052-rf5c4:183:383 [1] NCCL INFO New proxy recv connection 6 from local rank 1, transport 0
nccl-intranode-dgx052-rf5c4:183:402 [1] NCCL INFO Connected to proxy localRank 1 -> connection 0x7f9060005210
nccl-intranode-dgx052-rf5c4:186:389 [4] NCCL INFO New proxy recv connection 0 from local rank 4, transport 0
nccl-intranode-dgx052-rf5c4:186:403 [4] NCCL INFO Connected to proxy localRank 4 -> connection 0x7f2be8004f40
nccl-intranode-dgx052-rf5c4:183:383 [1] NCCL INFO New proxy recv connection 7 from local rank 1, transport 0
nccl-intranode-dgx052-rf5c4:183:402 [1] NCCL INFO Connected to proxy localRank 1 -> connection 0x7f9060005288
nccl-intranode-dgx052-rf5c4:189:393 [7] NCCL INFO New proxy recv connection 0 from local rank 7, transport 0
nccl-intranode-dgx052-rf5c4:189:404 [7] NCCL INFO Connected to proxy localRank 7 -> connection 0x7fce24004f40
nccl-intranode-dgx052-rf5c4:187:385 [5] NCCL INFO New proxy recv connection 11 from local rank 5, transport 0
nccl-intranode-dgx052-rf5c4:187:401 [5] NCCL INFO Connected to proxy localRank 5 -> connection 0x7fad88005468
nccl-intranode-dgx052-rf5c4:182:397 [0] NCCL INFO New proxy recv connection 17 from local rank 0, transport 0
nccl-intranode-dgx052-rf5c4:182:399 [0] NCCL INFO Connected to proxy localRank 0 -> connection 0x7f9018005738
nccl-intranode-dgx052-rf5c4:183:383 [1] NCCL INFO New proxy recv connection 8 from local rank 1, transport 0
nccl-intranode-dgx052-rf5c4:183:402 [1] NCCL INFO Connected to proxy localRank 1 -> connection 0x7f9060005300
nccl-intranode-dgx052-rf5c4:186:389 [4] NCCL INFO New proxy recv connection 1 from local rank 4, transport 0
nccl-intranode-dgx052-rf5c4:186:403 [4] NCCL INFO Connected to proxy localRank 4 -> connection 0x7f2be8004fb8
nccl-intranode-dgx052-rf5c4:184:395 [2] NCCL INFO New proxy recv connection 0 from local rank 2, transport 0
nccl-intranode-dgx052-rf5c4:184:405 [2] NCCL INFO Connected to proxy localRank 2 -> connection 0x7f30d8004f40
nccl-intranode-dgx052-rf5c4:186:389 [4] NCCL INFO New proxy recv connection 2 from local rank 4, transport 0
nccl-intranode-dgx052-rf5c4:186:403 [4] NCCL INFO Connected to proxy localRank 4 -> connection 0x7f2be8005030
nccl-intranode-dgx052-rf5c4:186:389 [4] NCCL INFO New proxy recv connection 3 from local rank 4, transport 0
nccl-intranode-dgx052-rf5c4:186:403 [4] NCCL INFO Connected to proxy localRank 4 -> connection 0x7f2be80050a8
nccl-intranode-dgx052-rf5c4:187:385 [5] NCCL INFO New proxy recv connection 12 from local rank 5, transport 0
nccl-intranode-dgx052-rf5c4:187:401 [5] NCCL INFO Connected to proxy localRank 5 -> connection 0x7fad880054e0
nccl-intranode-dgx052-rf5c4:186:389 [4] NCCL INFO New proxy recv connection 4 from local rank 4, transport 0
nccl-intranode-dgx052-rf5c4:186:403 [4] NCCL INFO Connected to proxy localRank 4 -> connection 0x7f2be8005120
nccl-intranode-dgx052-rf5c4:185:387 [3] NCCL INFO New proxy recv connection 11 from local rank 3, transport 0
nccl-intranode-dgx052-rf5c4:185:400 [3] NCCL INFO Connected to proxy localRank 3 -> connection 0x7fe708005468
nccl-intranode-dgx052-rf5c4:182:397 [0] NCCL INFO New proxy recv connection 18 from local rank 0, transport 0
nccl-intranode-dgx052-rf5c4:182:399 [0] NCCL INFO Connected to proxy localRank 0 -> connection 0x7f90180057b0
nccl-intranode-dgx052-rf5c4:189:393 [7] NCCL INFO New proxy recv connection 1 from local rank 7, transport 0
nccl-intranode-dgx052-rf5c4:189:404 [7] NCCL INFO Connected to proxy localRank 7 -> connection 0x7fce24004fb8
nccl-intranode-dgx052-rf5c4:184:395 [2] NCCL INFO New proxy recv connection 1 from local rank 2, transport 0
nccl-intranode-dgx052-rf5c4:184:405 [2] NCCL INFO Connected to proxy localRank 2 -> connection 0x7f30d8004fb8
nccl-intranode-dgx052-rf5c4:183:383 [1] NCCL INFO New proxy recv connection 9 from local rank 1, transport 0
nccl-intranode-dgx052-rf5c4:183:402 [1] NCCL INFO Connected to proxy localRank 1 -> connection 0x7f9060005378
nccl-intranode-dgx052-rf5c4:183:383 [1] NCCL INFO New proxy recv connection 10 from local rank 1, transport 0
nccl-intranode-dgx052-rf5c4:183:402 [1] NCCL INFO Connected to proxy localRank 1 -> connection 0x7f90600053f0
nccl-intranode-dgx052-rf5c4:183:383 [1] NCCL INFO New proxy recv connection 11 from local rank 1, transport 0
nccl-intranode-dgx052-rf5c4:183:402 [1] NCCL INFO Connected to proxy localRank 1 -> connection 0x7f9060005468
nccl-intranode-dgx052-rf5c4:183:383 [1] NCCL INFO New proxy recv connection 12 from local rank 1, transport 0
nccl-intranode-dgx052-rf5c4:183:402 [1] NCCL INFO Connected to proxy localRank 1 -> connection 0x7f90600054e0
nccl-intranode-dgx052-rf5c4:186:389 [4] NCCL INFO New proxy recv connection 5 from local rank 4, transport 0
nccl-intranode-dgx052-rf5c4:183:383 [1] NCCL INFO New proxy recv connection 13 from local rank 1, transport 0
nccl-intranode-dgx052-rf5c4:186:403 [4] NCCL INFO Connected to proxy localRank 4 -> connection 0x7f2be8005198
nccl-intranode-dgx052-rf5c4:183:402 [1] NCCL INFO Connected to proxy localRank 1 -> connection 0x7f9060005558
nccl-intranode-dgx052-rf5c4:182:397 [0] NCCL INFO New proxy recv connection 19 from local rank 0, transport 0
nccl-intranode-dgx052-rf5c4:182:399 [0] NCCL INFO Connected to proxy localRank 0 -> connection 0x7f9018005828
nccl-intranode-dgx052-rf5c4:185:387 [3] NCCL INFO New proxy recv connection 12 from local rank 3, transport 0
nccl-intranode-dgx052-rf5c4:185:400 [3] NCCL INFO Connected to proxy localRank 3 -> connection 0x7fe7080054e0
nccl-intranode-dgx052-rf5c4:189:393 [7] NCCL INFO New proxy recv connection 2 from local rank 7, transport 0
nccl-intranode-dgx052-rf5c4:189:404 [7] NCCL INFO Connected to proxy localRank 7 -> connection 0x7fce24005030
nccl-intranode-dgx052-rf5c4:187:385 [5] NCCL INFO New proxy recv connection 13 from local rank 5, transport 0
nccl-intranode-dgx052-rf5c4:187:401 [5] NCCL INFO Connected to proxy localRank 5 -> connection 0x7fad88005558
nccl-intranode-dgx052-rf5c4:185:387 [3] NCCL INFO New proxy recv connection 13 from local rank 3, transport 0
nccl-intranode-dgx052-rf5c4:185:400 [3] NCCL INFO Connected to proxy localRank 3 -> connection 0x7fe708005558
nccl-intranode-dgx052-rf5c4:189:393 [7] NCCL INFO New proxy recv connection 3 from local rank 7, transport 0
nccl-intranode-dgx052-rf5c4:189:404 [7] NCCL INFO Connected to proxy localRank 7 -> connection 0x7fce240050a8
nccl-intranode-dgx052-rf5c4:185:387 [3] NCCL INFO New proxy recv connection 14 from local rank 3, transport 0
nccl-intranode-dgx052-rf5c4:185:400 [3] NCCL INFO Connected to proxy localRank 3 -> connection 0x7fe7080055d0
nccl-intranode-dgx052-rf5c4:183:383 [1] NCCL INFO New proxy recv connection 14 from local rank 1, transport 0
nccl-intranode-dgx052-rf5c4:183:402 [1] NCCL INFO Connected to proxy localRank 1 -> connection 0x7f90600055d0
nccl-intranode-dgx052-rf5c4:185:387 [3] NCCL INFO New proxy recv connection 15 from local rank 3, transport 0
nccl-intranode-dgx052-rf5c4:185:400 [3] NCCL INFO Connected to proxy localRank 3 -> connection 0x7fe708005648
nccl-intranode-dgx052-rf5c4:183:383 [1] NCCL INFO New proxy recv connection 15 from local rank 1, transport 0
nccl-intranode-dgx052-rf5c4:183:402 [1] NCCL INFO Connected to proxy localRank 1 -> connection 0x7f9060005648
nccl-intranode-dgx052-rf5c4:182:397 [0] NCCL INFO New proxy recv connection 20 from local rank 0, transport 0
nccl-intranode-dgx052-rf5c4:182:399 [0] NCCL INFO Connected to proxy localRank 0 -> connection 0x7f90180058a0
nccl-intranode-dgx052-rf5c4:185:387 [3] NCCL INFO New proxy recv connection 16 from local rank 3, transport 0
nccl-intranode-dgx052-rf5c4:185:400 [3] NCCL INFO Connected to proxy localRank 3 -> connection 0x7fe7080056c0
nccl-intranode-dgx052-rf5c4:183:383 [1] NCCL INFO New proxy recv connection 16 from local rank 1, transport 0
nccl-intranode-dgx052-rf5c4:183:402 [1] NCCL INFO Connected to proxy localRank 1 -> connection 0x7f90600056c0
nccl-intranode-dgx052-rf5c4:184:395 [2] NCCL INFO New proxy recv connection 2 from local rank 2, transport 0
nccl-intranode-dgx052-rf5c4:184:405 [2] NCCL INFO Connected to proxy localRank 2 -> connection 0x7f30d8005030
nccl-intranode-dgx052-rf5c4:186:389 [4] NCCL INFO New proxy recv connection 6 from local rank 4, transport 0
nccl-intranode-dgx052-rf5c4:186:403 [4] NCCL INFO Connected to proxy localRank 4 -> connection 0x7f2be8005210
nccl-intranode-dgx052-rf5c4:189:393 [7] NCCL INFO New proxy recv connection 4 from local rank 7, transport 0
nccl-intranode-dgx052-rf5c4:182:397 [0] NCCL INFO New proxy recv connection 21 from local rank 0, transport 0
nccl-intranode-dgx052-rf5c4:189:404 [7] NCCL INFO Connected to proxy localRank 7 -> connection 0x7fce24005120
nccl-intranode-dgx052-rf5c4:182:399 [0] NCCL INFO Connected to proxy localRank 0 -> connection 0x7f9018005918
nccl-intranode-dgx052-rf5c4:189:393 [7] NCCL INFO New proxy recv connection 5 from local rank 7, transport 0
nccl-intranode-dgx052-rf5c4:189:404 [7] NCCL INFO Connected to proxy localRank 7 -> connection 0x7fce24005198
nccl-intranode-dgx052-rf5c4:189:393 [7] NCCL INFO New proxy recv connection 6 from local rank 7, transport 0
nccl-intranode-dgx052-rf5c4:189:404 [7] NCCL INFO Connected to proxy localRank 7 -> connection 0x7fce24005210
nccl-intranode-dgx052-rf5c4:189:393 [7] NCCL INFO New proxy recv connection 7 from local rank 7, transport 0
nccl-intranode-dgx052-rf5c4:189:404 [7] NCCL INFO Connected to proxy localRank 7 -> connection 0x7fce24005288
nccl-intranode-dgx052-rf5c4:184:395 [2] NCCL INFO New proxy recv connection 3 from local rank 2, transport 0
nccl-intranode-dgx052-rf5c4:184:405 [2] NCCL INFO Connected to proxy localRank 2 -> connection 0x7f30d80050a8
nccl-intranode-dgx052-rf5c4:189:393 [7] NCCL INFO New proxy recv connection 8 from local rank 7, transport 0
nccl-intranode-dgx052-rf5c4:189:404 [7] NCCL INFO Connected to proxy localRank 7 -> connection 0x7fce24005300
nccl-intranode-dgx052-rf5c4:184:395 [2] NCCL INFO New proxy recv connection 4 from local rank 2, transport 0
nccl-intranode-dgx052-rf5c4:184:405 [2] NCCL INFO Connected to proxy localRank 2 -> connection 0x7f30d8005120
nccl-intranode-dgx052-rf5c4:182:397 [0] NCCL INFO New proxy recv connection 22 from local rank 0, transport 0
nccl-intranode-dgx052-rf5c4:189:393 [7] NCCL INFO New proxy recv connection 9 from local rank 7, transport 0
nccl-intranode-dgx052-rf5c4:189:404 [7] NCCL INFO Connected to proxy localRank 7 -> connection 0x7fce24005378
nccl-intranode-dgx052-rf5c4:182:399 [0] NCCL INFO Connected to proxy localRank 0 -> connection 0x7f9018005990
nccl-intranode-dgx052-rf5c4:185:387 [3] NCCL INFO New proxy recv connection 17 from local rank 3, transport 0
nccl-intranode-dgx052-rf5c4:185:400 [3] NCCL INFO Connected to proxy localRank 3 -> connection 0x7fe708005738
nccl-intranode-dgx052-rf5c4:183:383 [1] NCCL INFO New proxy recv connection 17 from local rank 1, transport 0
nccl-intranode-dgx052-rf5c4:183:402 [1] NCCL INFO Connected to proxy localRank 1 -> connection 0x7f9060005738
nccl-intranode-dgx052-rf5c4:187:385 [5] NCCL INFO New proxy recv connection 14 from local rank 5, transport 0
nccl-intranode-dgx052-rf5c4:187:401 [5] NCCL INFO Connected to proxy localRank 5 -> connection 0x7fad880055d0
nccl-intranode-dgx052-rf5c4:189:393 [7] NCCL INFO New proxy recv connection 10 from local rank 7, transport 0
nccl-intranode-dgx052-rf5c4:189:404 [7] NCCL INFO Connected to proxy localRank 7 -> connection 0x7fce240053f0
nccl-intranode-dgx052-rf5c4:185:387 [3] NCCL INFO New proxy recv connection 18 from local rank 3, transport 0
nccl-intranode-dgx052-rf5c4:185:400 [3] NCCL INFO Connected to proxy localRank 3 -> connection 0x7fe7080057b0
nccl-intranode-dgx052-rf5c4:189:393 [7] NCCL INFO New proxy recv connection 11 from local rank 7, transport 0
nccl-intranode-dgx052-rf5c4:189:404 [7] NCCL INFO Connected to proxy localRank 7 -> connection 0x7fce24005468
nccl-intranode-dgx052-rf5c4:182:397 [0] NCCL INFO New proxy recv connection 23 from local rank 0, transport 0
nccl-intranode-dgx052-rf5c4:182:399 [0] NCCL INFO Connected to proxy localRank 0 -> connection 0x7f9018005a08
nccl-intranode-dgx052-rf5c4:184:395 [2] NCCL INFO New proxy recv connection 5 from local rank 2, transport 0
nccl-intranode-dgx052-rf5c4:184:405 [2] NCCL INFO Connected to proxy localRank 2 -> connection 0x7f30d8005198
nccl-intranode-dgx052-rf5c4:187:385 [5] NCCL INFO New proxy recv connection 15 from local rank 5, transport 0
nccl-intranode-dgx052-rf5c4:187:401 [5] NCCL INFO Connected to proxy localRank 5 -> connection 0x7fad88005648
nccl-intranode-dgx052-rf5c4:186:389 [4] NCCL INFO New proxy recv connection 7 from local rank 4, transport 0
nccl-intranode-dgx052-rf5c4:186:403 [4] NCCL INFO Connected to proxy localRank 4 -> connection 0x7f2be8005288
nccl-intranode-dgx052-rf5c4:186:389 [4] NCCL INFO New proxy recv connection 8 from local rank 4, transport 0
nccl-intranode-dgx052-rf5c4:186:403 [4] NCCL INFO Connected to proxy localRank 4 -> connection 0x7f2be8005300
nccl-intranode-dgx052-rf5c4:189:393 [7] NCCL INFO New proxy recv connection 12 from local rank 7, transport 0
nccl-intranode-dgx052-rf5c4:189:404 [7] NCCL INFO Connected to proxy localRank 7 -> connection 0x7fce240054e0
nccl-intranode-dgx052-rf5c4:189:393 [7] NCCL INFO New proxy recv connection 13 from local rank 7, transport 0
nccl-intranode-dgx052-rf5c4:189:404 [7] NCCL INFO Connected to proxy localRank 7 -> connection 0x7fce24005558
nccl-intranode-dgx052-rf5c4:189:393 [7] NCCL INFO New proxy recv connection 14 from local rank 7, transport 0
nccl-intranode-dgx052-rf5c4:189:404 [7] NCCL INFO Connected to proxy localRank 7 -> connection 0x7fce240055d0
nccl-intranode-dgx052-rf5c4:189:393 [7] NCCL INFO New proxy recv connection 15 from local rank 7, transport 0
nccl-intranode-dgx052-rf5c4:189:404 [7] NCCL INFO Connected to proxy localRank 7 -> connection 0x7fce24005648
nccl-intranode-dgx052-rf5c4:183:383 [1] NCCL INFO New proxy recv connection 18 from local rank 1, transport 0
nccl-intranode-dgx052-rf5c4:183:402 [1] NCCL INFO Connected to proxy localRank 1 -> connection 0x7f90600057b0
nccl-intranode-dgx052-rf5c4:182:399 [0] NCCL INFO Channel 00/0 : 0[0] -> 1[1] via P2P/CUMEM
nccl-intranode-dgx052-rf5c4:182:397 [0] NCCL INFO New proxy send connection 24 from local rank 0, transport 0
nccl-intranode-dgx052-rf5c4:182:399 [0] NCCL INFO Connected to proxy localRank 0 -> connection 0x7f9018005a80
nccl-intranode-dgx052-rf5c4:185:387 [3] NCCL INFO New proxy recv connection 19 from local rank 3, transport 0
nccl-intranode-dgx052-rf5c4:185:400 [3] NCCL INFO Connected to proxy localRank 3 -> connection 0x7fe708005828
nccl-intranode-dgx052-rf5c4:187:385 [5] NCCL INFO New proxy recv connection 16 from local rank 5, transport 0
nccl-intranode-dgx052-rf5c4:187:401 [5] NCCL INFO Connected to proxy localRank 5 -> connection 0x7fad880056c0
nccl-intranode-dgx052-rf5c4:189:393 [7] NCCL INFO New proxy recv connection 16 from local rank 7, transport 0
nccl-intranode-dgx052-rf5c4:189:404 [7] NCCL INFO Connected to proxy localRank 7 -> connection 0x7fce240056c0
nccl-intranode-dgx052-rf5c4:189:393 [7] NCCL INFO New proxy recv connection 17 from local rank 7, transport 0
nccl-intranode-dgx052-rf5c4:189:404 [7] NCCL INFO Connected to proxy localRank 7 -> connection 0x7fce24005738
nccl-intranode-dgx052-rf5c4:189:393 [7] NCCL INFO New proxy recv connection 18 from local rank 7, transport 0
nccl-intranode-dgx052-rf5c4:189:404 [7] NCCL INFO Connected to proxy localRank 7 -> connection 0x7fce240057b0
nccl-intranode-dgx052-rf5c4:188:391 [6] NCCL INFO New proxy recv connection 0 from local rank 6, transport 0
nccl-intranode-dgx052-rf5c4:188:406 [6] NCCL INFO Connected to proxy localRank 6 -> connection 0x7f6b70004f40
nccl-intranode-dgx052-rf5c4:189:393 [7] NCCL INFO New proxy recv connection 19 from local rank 7, transport 0
