dgx052:186:408 [2] NCCL INFO Connected to proxy localRank 2 -> connection 0x7f058c0057b0
dgx052:185:389 [1] NCCL INFO New proxy send connection 53 from local rank 1, transport 2
dgx052:184:393 [0] NCCL INFO New proxy recv connection 25 from local rank 0, transport 2
dgx052:185:401 [1] NCCL INFO Connected to proxy localRank 1 -> connection 0x7f018c006818
dgx052:184:404 [0] NCCL INFO Connected to proxy localRank 0 -> connection 0x7faf80005af8
dgx052:185:389 [1] NCCL INFO NET/IB : GPU Direct RDMA (DMABUF) enabled for HCA 2 'mlx5_3
dgx052:187:387 [3] NCCL INFO NET/IB : GPU Direct RDMA (DMABUF) enabled for HCA 4 'mlx5_5
dgx052:185:401 [1] NCCL INFO Channel 25/0 : 1[1] -> 9[1] [send] via NET/IBext_v8/2/GDRDMA
dgx052:185:401 [1] NCCL INFO GPU Direct RDMA Enabled for GPU 43000 / HCA 2 (distance 4 <= 4), read 1
dgx052:187:403 [3] NCCL INFO Channel 13/0 : 3[3] -> 11[3] [send] via NET/IBext_v8/4/GDRDMA
dgx052:187:403 [3] NCCL INFO GPU Direct RDMA Enabled for GPU 61000 / HCA 4 (distance 4 <= 4), read 1
dgx052:185:389 [1] NCCL INFO New proxy send connection 54 from local rank 1, transport 2
dgx052:185:401 [1] NCCL INFO Connected to proxy localRank 1 -> connection 0x7f018c006890
dgx052:187:387 [3] NCCL INFO New proxy send connection 42 from local rank 3, transport 2
dgx052:184:393 [0] NCCL INFO NET/IB : GPU Direct RDMA (DMABUF) enabled for HCA 0 'mlx5_0
dgx052:185:389 [1] NCCL INFO NET/IB : GPU Direct RDMA (DMABUF) enabled for HCA 2 'mlx5_3
dgx052:185:401 [1] NCCL INFO Channel 26/0 : 1[1] -> 9[1] [send] via NET/IBext_v8/2/GDRDMA
dgx052:185:401 [1] NCCL INFO GPU Direct RDMA Enabled for GPU 43000 / HCA 2 (distance 4 <= 4), read 1
dgx052:187:403 [3] NCCL INFO Connected to proxy localRank 3 -> connection 0x7fedb40062f0
dgx052:184:404 [0] NCCL INFO Channel 25/0 : 8[0] -> 0[0] [receive] via NET/IBext_v8/0/GDRDMA
dgx052:184:404 [0] NCCL INFO GPU Direct RDMA Enabled for GPU 1b000 / HCA 0 (distance 4 <= 4), read 0
dgx052:185:389 [1] NCCL INFO New proxy send connection 55 from local rank 1, transport 2
dgx052:185:401 [1] NCCL INFO Connected to proxy localRank 1 -> connection 0x7f018c006908
dgx052:187:387 [3] NCCL INFO NET/IB : GPU Direct RDMA (DMABUF) enabled for HCA 4 'mlx5_5
dgx052:187:403 [3] NCCL INFO Channel 14/0 : 3[3] -> 11[3] [send] via NET/IBext_v8/4/GDRDMA
dgx052:187:403 [3] NCCL INFO GPU Direct RDMA Enabled for GPU 61000 / HCA 4 (distance 4 <= 4), read 1
dgx052:185:389 [1] NCCL INFO NET/IB : GPU Direct RDMA (DMABUF) enabled for HCA 2 'mlx5_3
dgx052:185:401 [1] NCCL INFO Channel 27/0 : 1[1] -> 9[1] [send] via NET/IBext_v8/2/GDRDMA
dgx052:184:393 [0] NCCL INFO New proxy recv connection 26 from local rank 0, transport 2
dgx052:184:404 [0] NCCL INFO Connected to proxy localRank 0 -> connection 0x7faf80005b70
dgx052:187:387 [3] NCCL INFO New proxy send connection 43 from local rank 3, transport 2
dgx052:186:397 [2] NCCL INFO NET/IB : GPU Direct RDMA (DMABUF) enabled for HCA 3 'mlx5_4
dgx052:187:403 [3] NCCL INFO Connected to proxy localRank 3 -> connection 0x7fedb4006368
dgx052:184:393 [0] NCCL INFO NET/IB : GPU Direct RDMA (DMABUF) enabled for HCA 0 'mlx5_0
dgx052:186:408 [2] NCCL INFO Channel 18/0 : 10[2] -> 2[2] [receive] via NET/IBext_v8/3/GDRDMA
dgx052:187:387 [3] NCCL INFO NET/IB : GPU Direct RDMA (DMABUF) enabled for HCA 4 'mlx5_5
dgx052:186:408 [2] NCCL INFO GPU Direct RDMA Enabled for GPU 52000 / HCA 3 (distance 4 <= 4), read 0
dgx052:187:403 [3] NCCL INFO Channel 15/0 : 3[3] -> 11[3] [send] via NET/IBext_v8/4/GDRDMA
dgx052:187:403 [3] NCCL INFO GPU Direct RDMA Enabled for GPU 61000 / HCA 4 (distance 4 <= 4), read 1
dgx052:184:404 [0] NCCL INFO Channel 26/0 : 8[0] -> 0[0] [receive] via NET/IBext_v8/0/GDRDMA
dgx052:184:404 [0] NCCL INFO GPU Direct RDMA Enabled for GPU 1b000 / HCA 0 (distance 4 <= 4), read 0
dgx052:187:387 [3] NCCL INFO New proxy send connection 44 from local rank 3, transport 2
dgx052:187:403 [3] NCCL INFO Connected to proxy localRank 3 -> connection 0x7fedb40063e0
dgx052:184:393 [0] NCCL INFO New proxy recv connection 27 from local rank 0, transport 2
dgx052:184:404 [0] NCCL INFO Connected to proxy localRank 0 -> connection 0x7faf80005be8
dgx052:187:387 [3] NCCL INFO NET/IB : GPU Direct RDMA (DMABUF) enabled for HCA 4 'mlx5_5
dgx052:187:403 [3] NCCL INFO Channel 16/0 : 3[3] -> 11[3] [send] via NET/IBext_v8/4/GDRDMA
dgx052:187:403 [3] NCCL INFO GPU Direct RDMA Enabled for GPU 61000 / HCA 4 (distance 4 <= 4), read 1
dgx052:184:393 [0] NCCL INFO NET/IB : GPU Direct RDMA (DMABUF) enabled for HCA 0 'mlx5_0
dgx052:187:387 [3] NCCL INFO New proxy send connection 45 from local rank 3, transport 2
dgx052:187:403 [3] NCCL INFO Connected to proxy localRank 3 -> connection 0x7fedb4006458
dgx052:184:404 [0] NCCL INFO Channel 27/0 : 8[0] -> 0[0] [receive] via NET/IBext_v8/0/GDRDMA
dgx052:184:404 [0] NCCL INFO GPU Direct RDMA Enabled for GPU 1b000 / HCA 0 (distance 4 <= 4), read 1
dgx052:186:397 [2] NCCL INFO New proxy recv connection 19 from local rank 2, transport 2
dgx052:187:387 [3] NCCL INFO NET/IB : GPU Direct RDMA (DMABUF) enabled for HCA 4 'mlx5_5
dgx052:186:408 [2] NCCL INFO Connected to proxy localRank 2 -> connection 0x7f058c005828
dgx052:187:403 [3] NCCL INFO Channel 17/0 : 3[3] -> 11[3] [send] via NET/IBext_v8/4/GDRDMA
dgx052:187:403 [3] NCCL INFO GPU Direct RDMA Enabled for GPU 61000 / HCA 4 (distance 4 <= 4), read 1
dgx052:184:393 [0] NCCL INFO New proxy send connection 28 from local rank 0, transport 2
dgx052:184:404 [0] NCCL INFO Connected to proxy localRank 0 -> connection 0x7faf80005c60
dgx052:187:387 [3] NCCL INFO New proxy send connection 46 from local rank 3, transport 2
dgx052:187:403 [3] NCCL INFO Connected to proxy localRank 3 -> connection 0x7fedb40064d0
dgx052:186:397 [2] NCCL INFO NET/IB : GPU Direct RDMA (DMABUF) enabled for HCA 3 'mlx5_4
dgx052:184:393 [0] NCCL INFO NET/IB : GPU Direct RDMA (DMABUF) enabled for HCA 0 'mlx5_0
dgx052:184:404 [0] NCCL INFO Channel 00/0 : 0[0] -> 8[0] [send] via NET/IBext_v8/0/GDRDMA
dgx052:187:387 [3] NCCL INFO NET/IB : GPU Direct RDMA (DMABUF) enabled for HCA 4 'mlx5_5
dgx052:184:404 [0] NCCL INFO GPU Direct RDMA Enabled for GPU 1b000 / HCA 0 (distance 4 <= 4), read 1
dgx052:186:408 [2] NCCL INFO Channel 19/0 : 10[2] -> 2[2] [receive] via NET/IBext_v8/3/GDRDMA
dgx052:187:403 [3] NCCL INFO Channel 18/0 : 3[3] -> 11[3] [send] via NET/IBext_v8/4/GDRDMA
dgx052:186:408 [2] NCCL INFO GPU Direct RDMA Enabled for GPU 52000 / HCA 3 (distance 4 <= 4), read 0
dgx052:187:403 [3] NCCL INFO GPU Direct RDMA Enabled for GPU 61000 / HCA 4 (distance 4 <= 4), read 1
dgx052:187:387 [3] NCCL INFO New proxy send connection 47 from local rank 3, transport 2
dgx052:184:393 [0] NCCL INFO New proxy send connection 29 from local rank 0, transport 2
dgx052:186:397 [2] NCCL INFO New proxy recv connection 20 from local rank 2, transport 2
dgx052:187:403 [3] NCCL INFO Connected to proxy localRank 3 -> connection 0x7fedb4006548
dgx052:184:404 [0] NCCL INFO Connected to proxy localRank 0 -> connection 0x7faf80005cd8
dgx052:186:408 [2] NCCL INFO Connected to proxy localRank 2 -> connection 0x7f058c0058a0
dgx052:187:387 [3] NCCL INFO NET/IB : GPU Direct RDMA (DMABUF) enabled for HCA 4 'mlx5_5
dgx052:187:403 [3] NCCL INFO Channel 19/0 : 3[3] -> 11[3] [send] via NET/IBext_v8/4/GDRDMA
dgx052:187:403 [3] NCCL INFO GPU Direct RDMA Enabled for GPU 61000 / HCA 4 (distance 4 <= 4), read 1
dgx052:184:393 [0] NCCL INFO NET/IB : GPU Direct RDMA (DMABUF) enabled for HCA 0 'mlx5_0
dgx052:184:404 [0] NCCL INFO Channel 01/0 : 0[0] -> 8[0] [send] via NET/IBext_v8/0/GDRDMA
dgx052:184:404 [0] NCCL INFO GPU Direct RDMA Enabled for GPU 1b000 / HCA 0 (distance 4 <= 4), read 1
dgx052:187:387 [3] NCCL INFO New proxy send connection 48 from local rank 3, transport 2
dgx052:187:403 [3] NCCL INFO Connected to proxy localRank 3 -> connection 0x7fedb40065c0
dgx052:184:393 [0] NCCL INFO New proxy send connection 30 from local rank 0, transport 2
dgx052:184:404 [0] NCCL INFO Connected to proxy localRank 0 -> connection 0x7faf80005d50
dgx052:187:387 [3] NCCL INFO NET/IB : GPU Direct RDMA (DMABUF) enabled for HCA 4 'mlx5_5
dgx052:187:403 [3] NCCL INFO Channel 20/0 : 3[3] -> 11[3] [send] via NET/IBext_v8/4/GDRDMA
dgx052:187:403 [3] NCCL INFO GPU Direct RDMA Enabled for GPU 61000 / HCA 4 (distance 4 <= 4), read 1
dgx052:187:387 [3] NCCL INFO New proxy send connection 49 from local rank 3, transport 2
dgx052:184:393 [0] NCCL INFO NET/IB : GPU Direct RDMA (DMABUF) enabled for HCA 0 'mlx5_0
dgx052:184:404 [0] NCCL INFO Channel 02/0 : 0[0] -> 8[0] [send] via NET/IBext_v8/0/GDRDMA
dgx052:187:403 [3] NCCL INFO Connected to proxy localRank 3 -> connection 0x7fedb4006638
dgx052:184:404 [0] NCCL INFO GPU Direct RDMA Enabled for GPU 1b000 / HCA 0 (distance 4 <= 4), read 1
dgx052:186:397 [2] NCCL INFO NET/IB : GPU Direct RDMA (DMABUF) enabled for HCA 3 'mlx5_4
dgx052:187:387 [3] NCCL INFO NET/IB : GPU Direct RDMA (DMABUF) enabled for HCA 4 'mlx5_5
dgx052:187:403 [3] NCCL INFO Channel 21/0 : 3[3] -> 11[3] [send] via NET/IBext_v8/4/GDRDMA
dgx052:187:403 [3] NCCL INFO GPU Direct RDMA Enabled for GPU 61000 / HCA 4 (distance 4 <= 4), read 1
dgx052:184:393 [0] NCCL INFO New proxy send connection 31 from local rank 0, transport 2
dgx052:186:408 [2] NCCL INFO Channel 20/0 : 10[2] -> 2[2] [receive] via NET/IBext_v8/3/GDRDMA
dgx052:186:408 [2] NCCL INFO GPU Direct RDMA Enabled for GPU 52000 / HCA 3 (distance 4 <= 4), read 0
dgx052:184:404 [0] NCCL INFO Connected to proxy localRank 0 -> connection 0x7faf80005dc8
dgx052:187:387 [3] NCCL INFO New proxy send connection 50 from local rank 3, transport 2
dgx052:187:403 [3] NCCL INFO Connected to proxy localRank 3 -> connection 0x7fedb40066b0
dgx052:186:397 [2] NCCL INFO New proxy recv connection 21 from local rank 2, transport 2
dgx052:184:393 [0] NCCL INFO NET/IB : GPU Direct RDMA (DMABUF) enabled for HCA 0 'mlx5_0
dgx052:184:404 [0] NCCL INFO Channel 03/0 : 0[0] -> 8[0] [send] via NET/IBext_v8/0/GDRDMA
dgx052:184:404 [0] NCCL INFO GPU Direct RDMA Enabled for GPU 1b000 / HCA 0 (distance 4 <= 4), read 1
dgx052:186:408 [2] NCCL INFO Connected to proxy localRank 2 -> connection 0x7f058c005918
dgx052:187:387 [3] NCCL INFO NET/IB : GPU Direct RDMA (DMABUF) enabled for HCA 4 'mlx5_5
dgx052:187:403 [3] NCCL INFO Channel 22/0 : 3[3] -> 11[3] [send] via NET/IBext_v8/4/GDRDMA
dgx052:187:403 [3] NCCL INFO GPU Direct RDMA Enabled for GPU 61000 / HCA 4 (distance 4 <= 4), read 1
dgx052:185:389 [1] NCCL INFO NCCL_IB_QPS_PER_CONNECTION set by environment to 8.
dgx052:184:393 [0] NCCL INFO New proxy send connection 32 from local rank 0, transport 2
dgx052:187:387 [3] NCCL INFO New proxy send connection 51 from local rank 3, transport 2
dgx052:184:404 [0] NCCL INFO Connected to proxy localRank 0 -> connection 0x7faf80005e40
dgx052:187:403 [3] NCCL INFO Connected to proxy localRank 3 -> connection 0x7fedb4006728
dgx052:187:387 [3] NCCL INFO NET/IB : GPU Direct RDMA (DMABUF) enabled for HCA 4 'mlx5_5
dgx052:184:393 [0] NCCL INFO NET/IB : GPU Direct RDMA (DMABUF) enabled for HCA 0 'mlx5_0
dgx052:187:403 [3] NCCL INFO Channel 23/0 : 3[3] -> 11[3] [send] via NET/IBext_v8/4/GDRDMA
dgx052:187:403 [3] NCCL INFO GPU Direct RDMA Enabled for GPU 61000 / HCA 4 (distance 4 <= 4), read 1
dgx052:184:404 [0] NCCL INFO Channel 04/0 : 0[0] -> 8[0] [send] via NET/IBext_v8/0/GDRDMA
dgx052:184:404 [0] NCCL INFO GPU Direct RDMA Enabled for GPU 1b000 / HCA 0 (distance 4 <= 4), read 1
dgx052:187:387 [3] NCCL INFO New proxy send connection 52 from local rank 3, transport 2
dgx052:187:403 [3] NCCL INFO Connected to proxy localRank 3 -> connection 0x7fedb40067a0
dgx052:184:393 [0] NCCL INFO New proxy send connection 33 from local rank 0, transport 2
dgx052:186:397 [2] NCCL INFO NET/IB : GPU Direct RDMA (DMABUF) enabled for HCA 3 'mlx5_4
dgx052:184:404 [0] NCCL INFO Connected to proxy localRank 0 -> connection 0x7faf80005eb8
dgx052:187:387 [3] NCCL INFO NET/IB : GPU Direct RDMA (DMABUF) enabled for HCA 4 'mlx5_5
dgx052:187:403 [3] NCCL INFO Channel 24/0 : 3[3] -> 11[3] [send] via NET/IBext_v8/4/GDRDMA
dgx052:187:403 [3] NCCL INFO GPU Direct RDMA Enabled for GPU 61000 / HCA 4 (distance 4 <= 4), read 1
dgx052:186:408 [2] NCCL INFO Channel 21/0 : 10[2] -> 2[2] [receive] via NET/IBext_v8/3/GDRDMA
dgx052:186:408 [2] NCCL INFO GPU Direct RDMA Enabled for GPU 52000 / HCA 3 (distance 4 <= 4), read 0
dgx052:184:393 [0] NCCL INFO NET/IB : GPU Direct RDMA (DMABUF) enabled for HCA 0 'mlx5_0
dgx052:184:404 [0] NCCL INFO Channel 05/0 : 0[0] -> 8[0] [send] via NET/IBext_v8/0/GDRDMA
dgx052:184:404 [0] NCCL INFO GPU Direct RDMA Enabled for GPU 1b000 / HCA 0 (distance 4 <= 4), read 1
dgx052:187:387 [3] NCCL INFO New proxy send connection 53 from local rank 3, transport 2
dgx052:187:403 [3] NCCL INFO Connected to proxy localRank 3 -> connection 0x7fedb4006818
dgx052:186:397 [2] NCCL INFO New proxy recv connection 22 from local rank 2, transport 2
dgx052:186:408 [2] NCCL INFO Connected to proxy localRank 2 -> connection 0x7f058c005990
dgx052:184:393 [0] NCCL INFO New proxy send connection 34 from local rank 0, transport 2
dgx052:187:387 [3] NCCL INFO NET/IB : GPU Direct RDMA (DMABUF) enabled for HCA 4 'mlx5_5
dgx052:187:403 [3] NCCL INFO Channel 25/0 : 3[3] -> 11[3] [send] via NET/IBext_v8/4/GDRDMA
dgx052:184:404 [0] NCCL INFO Connected to proxy localRank 0 -> connection 0x7faf80005f30
dgx052:187:403 [3] NCCL INFO GPU Direct RDMA Enabled for GPU 61000 / HCA 4 (distance 4 <= 4), read 1
dgx052:186:397 [2] NCCL INFO NET/IB : GPU Direct RDMA (DMABUF) enabled for HCA 3 'mlx5_4
dgx052:187:387 [3] NCCL INFO New proxy send connection 54 from local rank 3, transport 2
dgx052:184:393 [0] NCCL INFO NET/IB : GPU Direct RDMA (DMABUF) enabled for HCA 0 'mlx5_0
dgx052:187:403 [3] NCCL INFO Connected to proxy localRank 3 -> connection 0x7fedb4006890
dgx052:184:404 [0] NCCL INFO Channel 06/0 : 0[0] -> 8[0] [send] via NET/IBext_v8/0/GDRDMA
dgx052:184:404 [0] NCCL INFO GPU Direct RDMA Enabled for GPU 1b000 / HCA 0 (distance 4 <= 4), read 1
dgx052:186:408 [2] NCCL INFO Channel 22/0 : 10[2] -> 2[2] [receive] via NET/IBext_v8/3/GDRDMA
dgx052:186:408 [2] NCCL INFO GPU Direct RDMA Enabled for GPU 52000 / HCA 3 (distance 4 <= 4), read 0
dgx052:187:387 [3] NCCL INFO NET/IB : GPU Direct RDMA (DMABUF) enabled for HCA 4 'mlx5_5
dgx052:187:403 [3] NCCL INFO Channel 26/0 : 3[3] -> 11[3] [send] via NET/IBext_v8/4/GDRDMA
dgx052:187:403 [3] NCCL INFO GPU Direct RDMA Enabled for GPU 61000 / HCA 4 (distance 4 <= 4), read 1
dgx052:184:393 [0] NCCL INFO New proxy send connection 35 from local rank 0, transport 2
dgx052:186:397 [2] NCCL INFO New proxy recv connection 23 from local rank 2, transport 2
dgx052:184:404 [0] NCCL INFO Connected to proxy localRank 0 -> connection 0x7faf80005fa8
dgx052:186:408 [2] NCCL INFO Connected to proxy localRank 2 -> connection 0x7f058c005a08
dgx052:187:387 [3] NCCL INFO New proxy send connection 55 from local rank 3, transport 2
dgx052:187:403 [3] NCCL INFO Connected to proxy localRank 3 -> connection 0x7fedb4006908
dgx052:184:393 [0] NCCL INFO NET/IB : GPU Direct RDMA (DMABUF) enabled for HCA 0 'mlx5_0
dgx052:186:397 [2] NCCL INFO NET/IB : GPU Direct RDMA (DMABUF) enabled for HCA 3 'mlx5_4
dgx052:184:404 [0] NCCL INFO Channel 07/0 : 0[0] -> 8[0] [send] via NET/IBext_v8/0/GDRDMA
dgx052:184:404 [0] NCCL INFO GPU Direct RDMA Enabled for GPU 1b000 / HCA 0 (distance 4 <= 4), read 1
dgx052:187:387 [3] NCCL INFO NET/IB : GPU Direct RDMA (DMABUF) enabled for HCA 4 'mlx5_5
dgx052:187:403 [3] NCCL INFO Channel 27/0 : 3[3] -> 11[3] [send] via NET/IBext_v8/4/GDRDMA
dgx052:186:408 [2] NCCL INFO Channel 23/0 : 10[2] -> 2[2] [receive] via NET/IBext_v8/3/GDRDMA
dgx052:186:408 [2] NCCL INFO GPU Direct RDMA Enabled for GPU 52000 / HCA 3 (distance 4 <= 4), read 0
dgx052:184:393 [0] NCCL INFO New proxy send connection 36 from local rank 0, transport 2
dgx052:186:397 [2] NCCL INFO New proxy recv connection 24 from local rank 2, transport 2
dgx052:184:404 [0] NCCL INFO Connected to proxy localRank 0 -> connection 0x7faf80006020
dgx052:186:408 [2] NCCL INFO Connected to proxy localRank 2 -> connection 0x7f058c005a80
dgx052:184:393 [0] NCCL INFO NET/IB : GPU Direct RDMA (DMABUF) enabled for HCA 0 'mlx5_0
dgx052:184:404 [0] NCCL INFO Channel 08/0 : 0[0] -> 8[0] [send] via NET/IBext_v8/0/GDRDMA
dgx052:184:404 [0] NCCL INFO GPU Direct RDMA Enabled for GPU 1b000 / HCA 0 (distance 4 <= 4), read 1
dgx052:186:397 [2] NCCL INFO NET/IB : GPU Direct RDMA (DMABUF) enabled for HCA 3 'mlx5_4
dgx052:186:408 [2] NCCL INFO Channel 24/0 : 10[2] -> 2[2] [receive] via NET/IBext_v8/3/GDRDMA
dgx052:186:408 [2] NCCL INFO GPU Direct RDMA Enabled for GPU 52000 / HCA 3 (distance 4 <= 4), read 0
dgx052:184:393 [0] NCCL INFO New proxy send connection 37 from local rank 0, transport 2
dgx052:184:404 [0] NCCL INFO Connected to proxy localRank 0 -> connection 0x7faf80006098
dgx052:186:397 [2] NCCL INFO New proxy recv connection 25 from local rank 2, transport 2
dgx052:186:408 [2] NCCL INFO Connected to proxy localRank 2 -> connection 0x7f058c005af8
dgx052:184:393 [0] NCCL INFO NET/IB : GPU Direct RDMA (DMABUF) enabled for HCA 0 'mlx5_0
dgx052:184:404 [0] NCCL INFO Channel 09/0 : 0[0] -> 8[0] [send] via NET/IBext_v8/0/GDRDMA
dgx052:184:404 [0] NCCL INFO GPU Direct RDMA Enabled for GPU 1b000 / HCA 0 (distance 4 <= 4), read 1
dgx052:186:397 [2] NCCL INFO NET/IB : GPU Direct RDMA (DMABUF) enabled for HCA 3 'mlx5_4
dgx052:186:408 [2] NCCL INFO Channel 25/0 : 10[2] -> 2[2] [receive] via NET/IBext_v8/3/GDRDMA
dgx052:186:408 [2] NCCL INFO GPU Direct RDMA Enabled for GPU 52000 / HCA 3 (distance 4 <= 4), read 0
dgx052:184:393 [0] NCCL INFO New proxy send connection 38 from local rank 0, transport 2
dgx052:184:404 [0] NCCL INFO Connected to proxy localRank 0 -> connection 0x7faf80006110
dgx052:186:397 [2] NCCL INFO New proxy recv connection 26 from local rank 2, transport 2
dgx052:186:408 [2] NCCL INFO Connected to proxy localRank 2 -> connection 0x7f058c005b70
dgx052:184:393 [0] NCCL INFO NET/IB : GPU Direct RDMA (DMABUF) enabled for HCA 0 'mlx5_0
dgx052:184:404 [0] NCCL INFO Channel 10/0 : 0[0] -> 8[0] [send] via NET/IBext_v8/0/GDRDMA
dgx052:184:404 [0] NCCL INFO GPU Direct RDMA Enabled for GPU 1b000 / HCA 0 (distance 4 <= 4), read 1
dgx052:186:397 [2] NCCL INFO NET/IB : GPU Direct RDMA (DMABUF) enabled for HCA 3 'mlx5_4
dgx052:184:393 [0] NCCL INFO New proxy send connection 39 from local rank 0, transport 2
dgx052:186:408 [2] NCCL INFO Channel 26/0 : 10[2] -> 2[2] [receive] via NET/IBext_v8/3/GDRDMA
dgx052:186:408 [2] NCCL INFO GPU Direct RDMA Enabled for GPU 52000 / HCA 3 (distance 4 <= 4), read 0
dgx052:184:404 [0] NCCL INFO Connected to proxy localRank 0 -> connection 0x7faf80006188
dgx052:186:397 [2] NCCL INFO New proxy recv connection 27 from local rank 2, transport 2
dgx052:184:393 [0] NCCL INFO NET/IB : GPU Direct RDMA (DMABUF) enabled for HCA 0 'mlx5_0
dgx052:184:404 [0] NCCL INFO Channel 11/0 : 0[0] -> 8[0] [send] via NET/IBext_v8/0/GDRDMA
dgx052:186:408 [2] NCCL INFO Connected to proxy localRank 2 -> connection 0x7f058c005be8
dgx052:184:404 [0] NCCL INFO GPU Direct RDMA Enabled for GPU 1b000 / HCA 0 (distance 4 <= 4), read 1
dgx052:184:393 [0] NCCL INFO New proxy send connection 40 from local rank 0, transport 2
dgx052:186:397 [2] NCCL INFO NET/IB : GPU Direct RDMA (DMABUF) enabled for HCA 3 'mlx5_4
dgx052:184:404 [0] NCCL INFO Connected to proxy localRank 0 -> connection 0x7faf80006200
dgx052:186:408 [2] NCCL INFO Channel 27/0 : 10[2] -> 2[2] [receive] via NET/IBext_v8/3/GDRDMA
dgx052:186:408 [2] NCCL INFO GPU Direct RDMA Enabled for GPU 52000 / HCA 3 (distance 4 <= 4), read 1
dgx052:184:393 [0] NCCL INFO NET/IB : GPU Direct RDMA (DMABUF) enabled for HCA 0 'mlx5_0
dgx052:184:404 [0] NCCL INFO Channel 12/0 : 0[0] -> 8[0] [send] via NET/IBext_v8/0/GDRDMA
dgx052:184:404 [0] NCCL INFO GPU Direct RDMA Enabled for GPU 1b000 / HCA 0 (distance 4 <= 4), read 1
dgx052:186:397 [2] NCCL INFO New proxy send connection 28 from local rank 2, transport 2
dgx052:186:408 [2] NCCL INFO Connected to proxy localRank 2 -> connection 0x7f058c005c60
dgx052:184:393 [0] NCCL INFO New proxy send connection 41 from local rank 0, transport 2
dgx052:184:404 [0] NCCL INFO Connected to proxy localRank 0 -> connection 0x7faf80006278
dgx052:186:397 [2] NCCL INFO NET/IB : GPU Direct RDMA (DMABUF) enabled for HCA 3 'mlx5_4
dgx052:186:408 [2] NCCL INFO Channel 00/0 : 2[2] -> 10[2] [send] via NET/IBext_v8/3/GDRDMA
dgx052:186:408 [2] NCCL INFO GPU Direct RDMA Enabled for GPU 52000 / HCA 3 (distance 4 <= 4), read 1
dgx052:184:393 [0] NCCL INFO NET/IB : GPU Direct RDMA (DMABUF) enabled for HCA 0 'mlx5_0
dgx052:184:404 [0] NCCL INFO Channel 13/0 : 0[0] -> 8[0] [send] via NET/IBext_v8/0/GDRDMA
dgx052:184:404 [0] NCCL INFO GPU Direct RDMA Enabled for GPU 1b000 / HCA 0 (distance 4 <= 4), read 1
dgx052:186:397 [2] NCCL INFO New proxy send connection 29 from local rank 2, transport 2
dgx052:186:408 [2] NCCL INFO Connected to proxy localRank 2 -> connection 0x7f058c005cd8
dgx052:184:393 [0] NCCL INFO New proxy send connection 42 from local rank 0, transport 2
dgx052:184:404 [0] NCCL INFO Connected to proxy localRank 0 -> connection 0x7faf800062f0
dgx052:186:397 [2] NCCL INFO NET/IB : GPU Direct RDMA (DMABUF) enabled for HCA 3 'mlx5_4
dgx052:186:408 [2] NCCL INFO Channel 01/0 : 2[2] -> 10[2] [send] via NET/IBext_v8/3/GDRDMA
dgx052:186:408 [2] NCCL INFO GPU Direct RDMA Enabled for GPU 52000 / HCA 3 (distance 4 <= 4), read 1
dgx052:184:393 [0] NCCL INFO NET/IB : GPU Direct RDMA (DMABUF) enabled for HCA 0 'mlx5_0
dgx052:184:404 [0] NCCL INFO Channel 14/0 : 0[0] -> 8[0] [send] via NET/IBext_v8/0/GDRDMA
dgx052:184:404 [0] NCCL INFO GPU Direct RDMA Enabled for GPU 1b000 / HCA 0 (distance 4 <= 4), read 1
dgx052:186:397 [2] NCCL INFO New proxy send connection 30 from local rank 2, transport 2
dgx052:186:408 [2] NCCL INFO Connected to proxy localRank 2 -> connection 0x7f058c005d50
dgx052:184:393 [0] NCCL INFO New proxy send connection 43 from local rank 0, transport 2
dgx052:184:404 [0] NCCL INFO Connected to proxy localRank 0 -> connection 0x7faf80006368
dgx052:187:387 [3] NCCL INFO NCCL_IB_QPS_PER_CONNECTION set by environment to 8.
dgx052:186:397 [2] NCCL INFO NET/IB : GPU Direct RDMA (DMABUF) enabled for HCA 3 'mlx5_4
dgx052:186:408 [2] NCCL INFO Channel 02/0 : 2[2] -> 10[2] [send] via NET/IBext_v8/3/GDRDMA
dgx052:186:408 [2] NCCL INFO GPU Direct RDMA Enabled for GPU 52000 / HCA 3 (distance 4 <= 4), read 1
dgx052:184:393 [0] NCCL INFO NET/IB : GPU Direct RDMA (DMABUF) enabled for HCA 0 'mlx5_0
dgx052:184:404 [0] NCCL INFO Channel 15/0 : 0[0] -> 8[0] [send] via NET/IBext_v8/0/GDRDMA
dgx052:184:404 [0] NCCL INFO GPU Direct RDMA Enabled for GPU 1b000 / HCA 0 (distance 4 <= 4), read 1
dgx052:186:397 [2] NCCL INFO New proxy send connection 31 from local rank 2, transport 2
dgx052:186:408 [2] NCCL INFO Connected to proxy localRank 2 -> connection 0x7f058c005dc8
dgx052:184:393 [0] NCCL INFO New proxy send connection 44 from local rank 0, transport 2
dgx052:184:404 [0] NCCL INFO Connected to proxy localRank 0 -> connection 0x7faf800063e0
dgx052:186:397 [2] NCCL INFO NET/IB : GPU Direct RDMA (DMABUF) enabled for HCA 3 'mlx5_4
dgx052:186:408 [2] NCCL INFO Channel 03/0 : 2[2] -> 10[2] [send] via NET/IBext_v8/3/GDRDMA
dgx052:186:408 [2] NCCL INFO GPU Direct RDMA Enabled for GPU 52000 / HCA 3 (distance 4 <= 4), read 1
dgx052:184:393 [0] NCCL INFO NET/IB : GPU Direct RDMA (DMABUF) enabled for HCA 0 'mlx5_0
dgx052:184:404 [0] NCCL INFO Channel 16/0 : 0[0] -> 8[0] [send] via NET/IBext_v8/0/GDRDMA
dgx052:184:404 [0] NCCL INFO GPU Direct RDMA Enabled for GPU 1b000 / HCA 0 (distance 4 <= 4), read 1
dgx052:186:397 [2] NCCL INFO New proxy send connection 32 from local rank 2, transport 2
dgx052:186:408 [2] NCCL INFO Connected to proxy localRank 2 -> connection 0x7f058c005e40
dgx052:184:393 [0] NCCL INFO New proxy send connection 45 from local rank 0, transport 2
dgx052:184:404 [0] NCCL INFO Connected to proxy localRank 0 -> connection 0x7faf80006458
dgx052:191:385 [7] NCCL INFO NET/IB: NCCL Dev 9 IbDev 9 Port 1 qpn 3673 mtu 5 LID 419 subnet-prefix 33022  FLID 0 fifoRkey=0x17c987 fifoLkey=0x17c987
dgx052:186:397 [2] NCCL INFO NET/IB : GPU Direct RDMA (DMABUF) enabled for HCA 3 'mlx5_4
dgx052:191:385 [7] NCCL INFO NET/IB: NCCL Dev 9 IbDev 9 Port 1 qpn 3674 mtu 5 LID 419 subnet-prefix 33022  FLID 0 fifoRkey=0x17c987 fifoLkey=0x17c987
dgx052:191:385 [7] NCCL INFO NET/IB: NCCL Dev 9 IbDev 9 Port 1 qpn 3675 mtu 5 LID 419 subnet-prefix 33022  FLID 0 fifoRkey=0x17c987 fifoLkey=0x17c987
dgx052:191:385 [7] NCCL INFO NET/IB: NCCL Dev 9 IbDev 9 Port 1 qpn 3676 mtu 5 LID 419 subnet-prefix 33022  FLID 0 fifoRkey=0x17c987 fifoLkey=0x17c987
dgx052:191:385 [7] NCCL INFO NET/IB: NCCL Dev 9 IbDev 9 Port 1 qpn 3677 mtu 5 LID 419 subnet-prefix 33022  FLID 0 fifoRkey=0x17c987 fifoLkey=0x17c987
dgx052:191:385 [7] NCCL INFO NET/IB: NCCL Dev 9 IbDev 9 Port 1 qpn 3678 mtu 5 LID 419 subnet-prefix 33022  FLID 0 fifoRkey=0x17c987 fifoLkey=0x17c987
dgx052:191:385 [7] NCCL INFO NET/IB: NCCL Dev 9 IbDev 9 Port 1 qpn 3679 mtu 5 LID 419 subnet-prefix 33022  FLID 0 fifoRkey=0x17c987 fifoLkey=0x17c987
dgx052:191:385 [7] NCCL INFO NET/IB: NCCL Dev 9 IbDev 9 Port 1 qpn 3680 mtu 5 LID 419 subnet-prefix 33022  FLID 0 fifoRkey=0x17c987 fifoLkey=0x17c987
dgx052:186:408 [2] NCCL INFO Channel 04/0 : 2[2] -> 10[2] [send] via NET/IBext_v8/3/GDRDMA
dgx052:186:408 [2] NCCL INFO GPU Direct RDMA Enabled for GPU 52000 / HCA 3 (distance 4 <= 4), read 1
dgx052:184:393 [0] NCCL INFO NET/IB : GPU Direct RDMA (DMABUF) enabled for HCA 0 'mlx5_0
dgx052:184:404 [0] NCCL INFO Channel 17/0 : 0[0] -> 8[0] [send] via NET/IBext_v8/0/GDRDMA
dgx052:184:404 [0] NCCL INFO GPU Direct RDMA Enabled for GPU 1b000 / HCA 0 (distance 4 <= 4), read 1
dgx052:186:397 [2] NCCL INFO New proxy send connection 33 from local rank 2, transport 2
dgx052:186:408 [2] NCCL INFO Connected to proxy localRank 2 -> connection 0x7f058c005eb8
dgx052:184:393 [0] NCCL INFO New proxy send connection 46 from local rank 0, transport 2
dgx052:184:404 [0] NCCL INFO Connected to proxy localRank 0 -> connection 0x7faf800064d0
dgx052:186:397 [2] NCCL INFO NET/IB : GPU Direct RDMA (DMABUF) enabled for HCA 3 'mlx5_4
dgx052:186:408 [2] NCCL INFO Channel 05/0 : 2[2] -> 10[2] [send] via NET/IBext_v8/3/GDRDMA
dgx052:186:408 [2] NCCL INFO GPU Direct RDMA Enabled for GPU 52000 / HCA 3 (distance 4 <= 4), read 1
dgx052:184:393 [0] NCCL INFO NET/IB : GPU Direct RDMA (DMABUF) enabled for HCA 0 'mlx5_0
dgx052:184:404 [0] NCCL INFO Channel 18/0 : 0[0] -> 8[0] [send] via NET/IBext_v8/0/GDRDMA
dgx052:184:404 [0] NCCL INFO GPU Direct RDMA Enabled for GPU 1b000 / HCA 0 (distance 4 <= 4), read 1
dgx052:186:397 [2] NCCL INFO New proxy send connection 34 from local rank 2, transport 2
dgx052:186:408 [2] NCCL INFO Connected to proxy localRank 2 -> connection 0x7f058c005f30
dgx052:184:393 [0] NCCL INFO New proxy send connection 47 from local rank 0, transport 2
dgx052:184:404 [0] NCCL INFO Connected to proxy localRank 0 -> connection 0x7faf80006548
dgx052:186:397 [2] NCCL INFO NET/IB : GPU Direct RDMA (DMABUF) enabled for HCA 3 'mlx5_4
dgx052:186:408 [2] NCCL INFO Channel 06/0 : 2[2] -> 10[2] [send] via NET/IBext_v8/3/GDRDMA
dgx052:186:408 [2] NCCL INFO GPU Direct RDMA Enabled for GPU 52000 / HCA 3 (distance 4 <= 4), read 1
dgx052:184:393 [0] NCCL INFO NET/IB : GPU Direct RDMA (DMABUF) enabled for HCA 0 'mlx5_0
dgx052:184:404 [0] NCCL INFO Channel 19/0 : 0[0] -> 8[0] [send] via NET/IBext_v8/0/GDRDMA
dgx052:184:404 [0] NCCL INFO GPU Direct RDMA Enabled for GPU 1b000 / HCA 0 (distance 4 <= 4), read 1
dgx052:186:397 [2] NCCL INFO New proxy send connection 35 from local rank 2, transport 2
dgx052:186:408 [2] NCCL INFO Connected to proxy localRank 2 -> connection 0x7f058c005fa8
dgx052:184:393 [0] NCCL INFO New proxy send connection 48 from local rank 0, transport 2
dgx052:184:404 [0] NCCL INFO Connected to proxy localRank 0 -> connection 0x7faf800065c0
dgx052:186:397 [2] NCCL INFO NET/IB : GPU Direct RDMA (DMABUF) enabled for HCA 3 'mlx5_4
dgx052:186:408 [2] NCCL INFO Channel 07/0 : 2[2] -> 10[2] [send] via NET/IBext_v8/3/GDRDMA
dgx052:186:408 [2] NCCL INFO GPU Direct RDMA Enabled for GPU 52000 / HCA 3 (distance 4 <= 4), read 1
dgx052:184:393 [0] NCCL INFO NET/IB : GPU Direct RDMA (DMABUF) enabled for HCA 0 'mlx5_0
dgx052:184:404 [0] NCCL INFO Channel 20/0 : 0[0] -> 8[0] [send] via NET/IBext_v8/0/GDRDMA
dgx052:184:404 [0] NCCL INFO GPU Direct RDMA Enabled for GPU 1b000 / HCA 0 (distance 4 <= 4), read 1
dgx052:186:397 [2] NCCL INFO New proxy send connection 36 from local rank 2, transport 2
dgx052:186:408 [2] NCCL INFO Connected to proxy localRank 2 -> connection 0x7f058c006020
dgx052:184:393 [0] NCCL INFO New proxy send connection 49 from local rank 0, transport 2
dgx052:184:404 [0] NCCL INFO Connected to proxy localRank 0 -> connection 0x7faf80006638
dgx052:186:397 [2] NCCL INFO NET/IB : GPU Direct RDMA (DMABUF) enabled for HCA 3 'mlx5_4
dgx052:186:408 [2] NCCL INFO Channel 08/0 : 2[2] -> 10[2] [send] via NET/IBext_v8/3/GDRDMA
dgx052:186:408 [2] NCCL INFO GPU Direct RDMA Enabled for GPU 52000 / HCA 3 (distance 4 <= 4), read 1
dgx052:184:393 [0] NCCL INFO NET/IB : GPU Direct RDMA (DMABUF) enabled for HCA 0 'mlx5_0
dgx052:184:404 [0] NCCL INFO Channel 21/0 : 0[0] -> 8[0] [send] via NET/IBext_v8/0/GDRDMA
dgx052:184:404 [0] NCCL INFO GPU Direct RDMA Enabled for GPU 1b000 / HCA 0 (distance 4 <= 4), read 1
dgx052:186:397 [2] NCCL INFO New proxy send connection 37 from local rank 2, transport 2
dgx052:186:408 [2] NCCL INFO Connected to proxy localRank 2 -> connection 0x7f058c006098
dgx052:184:393 [0] NCCL INFO New proxy send connection 50 from local rank 0, transport 2
dgx052:184:404 [0] NCCL INFO Connected to proxy localRank 0 -> connection 0x7faf800066b0
dgx052:186:397 [2] NCCL INFO NET/IB : GPU Direct RDMA (DMABUF) enabled for HCA 3 'mlx5_4
dgx052:186:408 [2] NCCL INFO Channel 09/0 : 2[2] -> 10[2] [send] via NET/IBext_v8/3/GDRDMA
dgx052:186:408 [2] NCCL INFO GPU Direct RDMA Enabled for GPU 52000 / HCA 3 (distance 4 <= 4), read 1
dgx052:184:393 [0] NCCL INFO NET/IB : GPU Direct RDMA (DMABUF) enabled for HCA 0 'mlx5_0
dgx052:184:404 [0] NCCL INFO Channel 22/0 : 0[0] -> 8[0] [send] via NET/IBext_v8/0/GDRDMA
dgx052:184:404 [0] NCCL INFO GPU Direct RDMA Enabled for GPU 1b000 / HCA 0 (distance 4 <= 4), read 1
dgx052:186:397 [2] NCCL INFO New proxy send connection 38 from local rank 2, transport 2
dgx052:186:408 [2] NCCL INFO Connected to proxy localRank 2 -> connection 0x7f058c006110
dgx052:184:393 [0] NCCL INFO New proxy send connection 51 from local rank 0, transport 2
dgx052:184:404 [0] NCCL INFO Connected to proxy localRank 0 -> connection 0x7faf80006728
dgx052:186:397 [2] NCCL INFO NET/IB : GPU Direct RDMA (DMABUF) enabled for HCA 3 'mlx5_4
dgx052:186:408 [2] NCCL INFO Channel 10/0 : 2[2] -> 10[2] [send] via NET/IBext_v8/3/GDRDMA
dgx052:186:408 [2] NCCL INFO GPU Direct RDMA Enabled for GPU 52000 / HCA 3 (distance 4 <= 4), read 1
dgx052:184:393 [0] NCCL INFO NET/IB : GPU Direct RDMA (DMABUF) enabled for HCA 0 'mlx5_0
dgx052:184:404 [0] NCCL INFO Channel 23/0 : 0[0] -> 8[0] [send] via NET/IBext_v8/0/GDRDMA
dgx052:184:404 [0] NCCL INFO GPU Direct RDMA Enabled for GPU 1b000 / HCA 0 (distance 4 <= 4), read 1
dgx052:186:397 [2] NCCL INFO New proxy send connection 39 from local rank 2, transport 2
dgx052:186:408 [2] NCCL INFO Connected to proxy localRank 2 -> connection 0x7f058c006188
dgx052:184:393 [0] NCCL INFO New proxy send connection 52 from local rank 0, transport 2
dgx052:184:404 [0] NCCL INFO Connected to proxy localRank 0 -> connection 0x7faf800067a0
dgx052:186:397 [2] NCCL INFO NET/IB : GPU Direct RDMA (DMABUF) enabled for HCA 3 'mlx5_4
dgx052:186:408 [2] NCCL INFO Channel 11/0 : 2[2] -> 10[2] [send] via NET/IBext_v8/3/GDRDMA
dgx052:186:408 [2] NCCL INFO GPU Direct RDMA Enabled for GPU 52000 / HCA 3 (distance 4 <= 4), read 1
dgx052:184:393 [0] NCCL INFO NET/IB : GPU Direct RDMA (DMABUF) enabled for HCA 0 'mlx5_0
dgx052:184:404 [0] NCCL INFO Channel 24/0 : 0[0] -> 8[0] [send] via NET/IBext_v8/0/GDRDMA
dgx052:184:404 [0] NCCL INFO GPU Direct RDMA Enabled for GPU 1b000 / HCA 0 (distance 4 <= 4), read 1
dgx052:186:397 [2] NCCL INFO New proxy send connection 40 from local rank 2, transport 2
dgx052:186:408 [2] NCCL INFO Connected to proxy localRank 2 -> connection 0x7f058c006200
dgx052:184:393 [0] NCCL INFO New proxy send connection 53 from local rank 0, transport 2
dgx052:184:404 [0] NCCL INFO Connected to proxy localRank 0 -> connection 0x7faf80006818
dgx052:186:397 [2] NCCL INFO NET/IB : GPU Direct RDMA (DMABUF) enabled for HCA 3 'mlx5_4
dgx052:186:408 [2] NCCL INFO Channel 12/0 : 2[2] -> 10[2] [send] via NET/IBext_v8/3/GDRDMA
dgx052:186:408 [2] NCCL INFO GPU Direct RDMA Enabled for GPU 52000 / HCA 3 (distance 4 <= 4), read 1
dgx052:184:393 [0] NCCL INFO NET/IB : GPU Direct RDMA (DMABUF) enabled for HCA 0 'mlx5_0
dgx052:184:404 [0] NCCL INFO Channel 25/0 : 0[0] -> 8[0] [send] via NET/IBext_v8/0/GDRDMA
dgx052:186:397 [2] NCCL INFO New proxy send connection 41 from local rank 2, transport 2
dgx052:184:404 [0] NCCL INFO GPU Direct RDMA Enabled for GPU 1b000 / HCA 0 (distance 4 <= 4), read 1
dgx052:186:408 [2] NCCL INFO Connected to proxy localRank 2 -> connection 0x7f058c006278
dgx052:184:393 [0] NCCL INFO New proxy send connection 54 from local rank 0, transport 2
dgx052:186:397 [2] NCCL INFO NET/IB : GPU Direct RDMA (DMABUF) enabled for HCA 3 'mlx5_4
dgx052:184:404 [0] NCCL INFO Connected to proxy localRank 0 -> connection 0x7faf80006890
dgx052:186:408 [2] NCCL INFO Channel 13/0 : 2[2] -> 10[2] [send] via NET/IBext_v8/3/GDRDMA
dgx052:186:408 [2] NCCL INFO GPU Direct RDMA Enabled for GPU 52000 / HCA 3 (distance 4 <= 4), read 1
dgx052:184:393 [0] NCCL INFO NET/IB : GPU Direct RDMA (DMABUF) enabled for HCA 0 'mlx5_0
dgx052:186:397 [2] NCCL INFO New proxy send connection 42 from local rank 2, transport 2
dgx052:184:404 [0] NCCL INFO Channel 26/0 : 0[0] -> 8[0] [send] via NET/IBext_v8/0/GDRDMA
dgx052:184:404 [0] NCCL INFO GPU Direct RDMA Enabled for GPU 1b000 / HCA 0 (distance 4 <= 4), read 1
dgx052:186:408 [2] NCCL INFO Connected to proxy localRank 2 -> connection 0x7f058c0062f0
dgx052:184:393 [0] NCCL INFO New proxy send connection 55 from local rank 0, transport 2
dgx052:186:397 [2] NCCL INFO NET/IB : GPU Direct RDMA (DMABUF) enabled for HCA 3 'mlx5_4
dgx052:184:404 [0] NCCL INFO Connected to proxy localRank 0 -> connection 0x7faf80006908
dgx052:186:408 [2] NCCL INFO Channel 14/0 : 2[2] -> 10[2] [send] via NET/IBext_v8/3/GDRDMA
dgx052:186:408 [2] NCCL INFO GPU Direct RDMA Enabled for GPU 52000 / HCA 3 (distance 4 <= 4), read 1
dgx052:184:393 [0] NCCL INFO NET/IB : GPU Direct RDMA (DMABUF) enabled for HCA 0 'mlx5_0
dgx052:184:404 [0] NCCL INFO Channel 27/0 : 0[0] -> 8[0] [send] via NET/IBext_v8/0/GDRDMA
dgx052:186:397 [2] NCCL INFO New proxy send connection 43 from local rank 2, transport 2
dgx052:186:408 [2] NCCL INFO Connected to proxy localRank 2 -> connection 0x7f058c006368
dgx052:186:397 [2] NCCL INFO NET/IB : GPU Direct RDMA (DMABUF) enabled for HCA 3 'mlx5_4
dgx052:186:408 [2] NCCL INFO Channel 15/0 : 2[2] -> 10[2] [send] via NET/IBext_v8/3/GDRDMA
dgx052:186:408 [2] NCCL INFO GPU Direct RDMA Enabled for GPU 52000 / HCA 3 (distance 4 <= 4), read 1
dgx052:186:397 [2] NCCL INFO New proxy send connection 44 from local rank 2, transport 2
dgx052:186:408 [2] NCCL INFO Connected to proxy localRank 2 -> connection 0x7f058c0063e0
dgx052:186:397 [2] NCCL INFO NET/IB : GPU Direct RDMA (DMABUF) enabled for HCA 3 'mlx5_4
dgx052:186:408 [2] NCCL INFO Channel 16/0 : 2[2] -> 10[2] [send] via NET/IBext_v8/3/GDRDMA
dgx052:186:408 [2] NCCL INFO GPU Direct RDMA Enabled for GPU 52000 / HCA 3 (distance 4 <= 4), read 1
dgx052:186:397 [2] NCCL INFO New proxy send connection 45 from local rank 2, transport 2
dgx052:186:408 [2] NCCL INFO Connected to proxy localRank 2 -> connection 0x7f058c006458
dgx052:186:397 [2] NCCL INFO NET/IB : GPU Direct RDMA (DMABUF) enabled for HCA 3 'mlx5_4
dgx052:186:408 [2] NCCL INFO Channel 17/0 : 2[2] -> 10[2] [send] via NET/IBext_v8/3/GDRDMA
dgx052:186:408 [2] NCCL INFO GPU Direct RDMA Enabled for GPU 52000 / HCA 3 (distance 4 <= 4), read 1
dgx052:186:397 [2] NCCL INFO New proxy send connection 46 from local rank 2, transport 2
dgx052:186:408 [2] NCCL INFO Connected to proxy localRank 2 -> connection 0x7f058c0064d0
dgx052:186:397 [2] NCCL INFO NET/IB : GPU Direct RDMA (DMABUF) enabled for HCA 3 'mlx5_4
dgx052:186:408 [2] NCCL INFO Channel 18/0 : 2[2] -> 10[2] [send] via NET/IBext_v8/3/GDRDMA
dgx052:186:408 [2] NCCL INFO GPU Direct RDMA Enabled for GPU 52000 / HCA 3 (distance 4 <= 4), read 1
dgx052:186:397 [2] NCCL INFO New proxy send connection 47 from local rank 2, transport 2
dgx052:186:408 [2] NCCL INFO Connected to proxy localRank 2 -> connection 0x7f058c006548
dgx052:186:397 [2] NCCL INFO NET/IB : GPU Direct RDMA (DMABUF) enabled for HCA 3 'mlx5_4
dgx052:186:408 [2] NCCL INFO Channel 19/0 : 2[2] -> 10[2] [send] via NET/IBext_v8/3/GDRDMA
dgx052:186:408 [2] NCCL INFO GPU Direct RDMA Enabled for GPU 52000 / HCA 3 (distance 4 <= 4), read 1
dgx052:186:397 [2] NCCL INFO New proxy send connection 48 from local rank 2, transport 2
dgx052:186:408 [2] NCCL INFO Connected to proxy localRank 2 -> connection 0x7f058c0065c0
dgx052:186:397 [2] NCCL INFO NET/IB : GPU Direct RDMA (DMABUF) enabled for HCA 3 'mlx5_4
dgx052:186:408 [2] NCCL INFO Channel 20/0 : 2[2] -> 10[2] [send] via NET/IBext_v8/3/GDRDMA
dgx052:186:408 [2] NCCL INFO GPU Direct RDMA Enabled for GPU 52000 / HCA 3 (distance 4 <= 4), read 1
dgx052:186:397 [2] NCCL INFO New proxy send connection 49 from local rank 2, transport 2
dgx052:184:393 [0] NCCL INFO NCCL_IB_QPS_PER_CONNECTION set by environment to 8.
dgx052:186:408 [2] NCCL INFO Connected to proxy localRank 2 -> connection 0x7f058c006638
dgx052:186:397 [2] NCCL INFO NET/IB : GPU Direct RDMA (DMABUF) enabled for HCA 3 'mlx5_4
dgx052:186:408 [2] NCCL INFO Channel 21/0 : 2[2] -> 10[2] [send] via NET/IBext_v8/3/GDRDMA
dgx052:186:408 [2] NCCL INFO GPU Direct RDMA Enabled for GPU 52000 / HCA 3 (distance 4 <= 4), read 1
dgx052:186:397 [2] NCCL INFO New proxy send connection 50 from local rank 2, transport 2
dgx052:186:408 [2] NCCL INFO Connected to proxy localRank 2 -> connection 0x7f058c0066b0
dgx052:186:397 [2] NCCL INFO NET/IB : GPU Direct RDMA (DMABUF) enabled for HCA 3 'mlx5_4
dgx052:186:408 [2] NCCL INFO Channel 22/0 : 2[2] -> 10[2] [send] via NET/IBext_v8/3/GDRDMA
dgx052:186:408 [2] NCCL INFO GPU Direct RDMA Enabled for GPU 52000 / HCA 3 (distance 4 <= 4), read 1
dgx052:186:397 [2] NCCL INFO New proxy send connection 51 from local rank 2, transport 2
dgx052:186:408 [2] NCCL INFO Connected to proxy localRank 2 -> connection 0x7f058c006728
dgx052:186:397 [2] NCCL INFO NET/IB : GPU Direct RDMA (DMABUF) enabled for HCA 3 'mlx5_4
dgx052:186:408 [2] NCCL INFO Channel 23/0 : 2[2] -> 10[2] [send] via NET/IBext_v8/3/GDRDMA
dgx052:186:408 [2] NCCL INFO GPU Direct RDMA Enabled for GPU 52000 / HCA 3 (distance 4 <= 4), read 1
dgx052:186:397 [2] NCCL INFO New proxy send connection 52 from local rank 2, transport 2
dgx052:186:408 [2] NCCL INFO Connected to proxy localRank 2 -> connection 0x7f058c0067a0
dgx052:186:397 [2] NCCL INFO NET/IB : GPU Direct RDMA (DMABUF) enabled for HCA 3 'mlx5_4
dgx052:186:408 [2] NCCL INFO Channel 24/0 : 2[2] -> 10[2] [send] via NET/IBext_v8/3/GDRDMA
dgx052:186:408 [2] NCCL INFO GPU Direct RDMA Enabled for GPU 52000 / HCA 3 (distance 4 <= 4), read 1
dgx052:186:397 [2] NCCL INFO New proxy send connection 53 from local rank 2, transport 2
dgx052:186:408 [2] NCCL INFO Connected to proxy localRank 2 -> connection 0x7f058c006818
dgx052:186:397 [2] NCCL INFO NET/IB : GPU Direct RDMA (DMABUF) enabled for HCA 3 'mlx5_4
dgx052:186:408 [2] NCCL INFO Channel 25/0 : 2[2] -> 10[2] [send] via NET/IBext_v8/3/GDRDMA
dgx052:186:408 [2] NCCL INFO GPU Direct RDMA Enabled for GPU 52000 / HCA 3 (distance 4 <= 4), read 1
dgx052:186:397 [2] NCCL INFO New proxy send connection 54 from local rank 2, transport 2
dgx052:186:408 [2] NCCL INFO Connected to proxy localRank 2 -> connection 0x7f058c006890
dgx052:186:397 [2] NCCL INFO NET/IB : GPU Direct RDMA (DMABUF) enabled for HCA 3 'mlx5_4
dgx052:186:408 [2] NCCL INFO Channel 26/0 : 2[2] -> 10[2] [send] via NET/IBext_v8/3/GDRDMA
dgx052:186:408 [2] NCCL INFO GPU Direct RDMA Enabled for GPU 52000 / HCA 3 (distance 4 <= 4), read 1
dgx052:186:397 [2] NCCL INFO New proxy send connection 55 from local rank 2, transport 2
dgx052:186:408 [2] NCCL INFO Connected to proxy localRank 2 -> connection 0x7f058c006908
dgx052:186:397 [2] NCCL INFO NET/IB : GPU Direct RDMA (DMABUF) enabled for HCA 3 'mlx5_4
dgx052:186:408 [2] NCCL INFO Channel 27/0 : 2[2] -> 10[2] [send] via NET/IBext_v8/3/GDRDMA
dgx052:188:391 [4] NCCL INFO NET/IB: NCCL Dev 5 IbDev 5 Port 1 qpn 3707 mtu 5 LID 415 subnet-prefix 33022  FLID 0 fifoRkey=0x178847 fifoLkey=0x178847
dgx052:188:391 [4] NCCL INFO NET/IB: NCCL Dev 5 IbDev 5 Port 1 qpn 3708 mtu 5 LID 415 subnet-prefix 33022  FLID 0 fifoRkey=0x178847 fifoLkey=0x178847
dgx052:188:391 [4] NCCL INFO NET/IB: NCCL Dev 5 IbDev 5 Port 1 qpn 3709 mtu 5 LID 415 subnet-prefix 33022  FLID 0 fifoRkey=0x178847 fifoLkey=0x178847
dgx052:188:391 [4] NCCL INFO NET/IB: NCCL Dev 5 IbDev 5 Port 1 qpn 3710 mtu 5 LID 415 subnet-prefix 33022  FLID 0 fifoRkey=0x178847 fifoLkey=0x178847
dgx052:188:391 [4] NCCL INFO NET/IB: NCCL Dev 5 IbDev 5 Port 1 qpn 3711 mtu 5 LID 415 subnet-prefix 33022  FLID 0 fifoRkey=0x178847 fifoLkey=0x178847
dgx052:188:391 [4] NCCL INFO NET/IB: NCCL Dev 5 IbDev 5 Port 1 qpn 3712 mtu 5 LID 415 subnet-prefix 33022  FLID 0 fifoRkey=0x178847 fifoLkey=0x178847
dgx052:188:391 [4] NCCL INFO NET/IB: NCCL Dev 5 IbDev 5 Port 1 qpn 3713 mtu 5 LID 415 subnet-prefix 33022  FLID 0 fifoRkey=0x178847 fifoLkey=0x178847
dgx052:188:391 [4] NCCL INFO NET/IB: NCCL Dev 5 IbDev 5 Port 1 qpn 3714 mtu 5 LID 415 subnet-prefix 33022  FLID 0 fifoRkey=0x178847 fifoLkey=0x178847
dgx052:186:397 [2] NCCL INFO NCCL_IB_QPS_PER_CONNECTION set by environment to 8.
dgx052:190:399 [6] NCCL INFO NET/IB: NCCL Dev 8 IbDev 8 Port 1 qpn 3707 mtu 5 LID 416 subnet-prefix 33022  FLID 0 fifoRkey=0x17b270 fifoLkey=0x17b270
dgx052:190:399 [6] NCCL INFO NET/IB: NCCL Dev 8 IbDev 8 Port 1 qpn 3708 mtu 5 LID 416 subnet-prefix 33022  FLID 0 fifoRkey=0x17b270 fifoLkey=0x17b270
dgx052:190:399 [6] NCCL INFO NET/IB: NCCL Dev 8 IbDev 8 Port 1 qpn 3709 mtu 5 LID 416 subnet-prefix 33022  FLID 0 fifoRkey=0x17b270 fifoLkey=0x17b270
dgx052:190:399 [6] NCCL INFO NET/IB: NCCL Dev 8 IbDev 8 Port 1 qpn 3710 mtu 5 LID 416 subnet-prefix 33022  FLID 0 fifoRkey=0x17b270 fifoLkey=0x17b270
dgx052:190:399 [6] NCCL INFO NET/IB: NCCL Dev 8 IbDev 8 Port 1 qpn 3711 mtu 5 LID 416 subnet-prefix 33022  FLID 0 fifoRkey=0x17b270 fifoLkey=0x17b270
dgx052:190:399 [6] NCCL INFO NET/IB: NCCL Dev 8 IbDev 8 Port 1 qpn 3712 mtu 5 LID 416 subnet-prefix 33022  FLID 0 fifoRkey=0x17b270 fifoLkey=0x17b270
dgx052:190:399 [6] NCCL INFO NET/IB: NCCL Dev 8 IbDev 8 Port 1 qpn 3713 mtu 5 LID 416 subnet-prefix 33022  FLID 0 fifoRkey=0x17b270 fifoLkey=0x17b270
dgx052:190:399 [6] NCCL INFO NET/IB: NCCL Dev 8 IbDev 8 Port 1 qpn 3714 mtu 5 LID 416 subnet-prefix 33022  FLID 0 fifoRkey=0x17b270 fifoLkey=0x17b270
dgx052:191:385 [7] NCCL INFO NET/IB: NCCL Dev 9 IbDev 9 Port 1 qpn 3681 mtu 5 LID 419 subnet-prefix 33022  FLID 0 fifoRkey=0x16db99 fifoLkey=0x16db99
dgx052:191:385 [7] NCCL INFO NET/IB: NCCL Dev 9 IbDev 9 Port 1 qpn 3682 mtu 5 LID 419 subnet-prefix 33022  FLID 0 fifoRkey=0x16db99 fifoLkey=0x16db99
dgx052:191:385 [7] NCCL INFO NET/IB: NCCL Dev 9 IbDev 9 Port 1 qpn 3683 mtu 5 LID 419 subnet-prefix 33022  FLID 0 fifoRkey=0x16db99 fifoLkey=0x16db99
dgx052:191:385 [7] NCCL INFO NET/IB: NCCL Dev 9 IbDev 9 Port 1 qpn 3684 mtu 5 LID 419 subnet-prefix 33022  FLID 0 fifoRkey=0x16db99 fifoLkey=0x16db99
dgx052:191:385 [7] NCCL INFO NET/IB: NCCL Dev 9 IbDev 9 Port 1 qpn 3685 mtu 5 LID 419 subnet-prefix 33022  FLID 0 fifoRkey=0x16db99 fifoLkey=0x16db99
dgx052:191:385 [7] NCCL INFO NET/IB: NCCL Dev 9 IbDev 9 Port 1 qpn 3686 mtu 5 LID 419 subnet-prefix 33022  FLID 0 fifoRkey=0x16db99 fifoLkey=0x16db99
dgx052:191:385 [7] NCCL INFO NET/IB: NCCL Dev 9 IbDev 9 Port 1 qpn 3687 mtu 5 LID 419 subnet-prefix 33022  FLID 0 fifoRkey=0x16db99 fifoLkey=0x16db99
dgx052:191:385 [7] NCCL INFO NET/IB: NCCL Dev 9 IbDev 9 Port 1 qpn 3688 mtu 5 LID 419 subnet-prefix 33022  FLID 0 fifoRkey=0x16db99 fifoLkey=0x16db99
dgx052:185:389 [1] NCCL INFO NET/IB: NCCL Dev 2 IbDev 2 Port 1 qpn 3707 mtu 5 LID 414 subnet-prefix 33022  FLID 0 fifoRkey=0x179654 fifoLkey=0x179654
dgx052:185:389 [1] NCCL INFO NET/IB: NCCL Dev 2 IbDev 2 Port 1 qpn 3708 mtu 5 LID 414 subnet-prefix 33022  FLID 0 fifoRkey=0x179654 fifoLkey=0x179654
dgx052:185:389 [1] NCCL INFO NET/IB: NCCL Dev 2 IbDev 2 Port 1 qpn 3709 mtu 5 LID 414 subnet-prefix 33022  FLID 0 fifoRkey=0x179654 fifoLkey=0x179654
dgx052:185:389 [1] NCCL INFO NET/IB: NCCL Dev 2 IbDev 2 Port 1 qpn 3710 mtu 5 LID 414 subnet-prefix 33022  FLID 0 fifoRkey=0x179654 fifoLkey=0x179654
dgx052:185:389 [1] NCCL INFO NET/IB: NCCL Dev 2 IbDev 2 Port 1 qpn 3711 mtu 5 LID 414 subnet-prefix 33022  FLID 0 fifoRkey=0x179654 fifoLkey=0x179654
dgx052:185:389 [1] NCCL INFO NET/IB: NCCL Dev 2 IbDev 2 Port 1 qpn 3712 mtu 5 LID 414 subnet-prefix 33022  FLID 0 fifoRkey=0x179654 fifoLkey=0x179654
dgx052:185:389 [1] NCCL INFO NET/IB: NCCL Dev 2 IbDev 2 Port 1 qpn 3713 mtu 5 LID 414 subnet-prefix 33022  FLID 0 fifoRkey=0x179654 fifoLkey=0x179654
dgx052:185:389 [1] NCCL INFO NET/IB: NCCL Dev 2 IbDev 2 Port 1 qpn 3714 mtu 5 LID 414 subnet-prefix 33022  FLID 0 fifoRkey=0x179654 fifoLkey=0x179654
dgx052:191:385 [7] NCCL INFO NCCL_IB_TIMEOUT set by environment to 22.
dgx052:187:387 [3] NCCL INFO NET/IB: NCCL Dev 4 IbDev 4 Port 1 qpn 3707 mtu 5 LID 417 subnet-prefix 33022  FLID 0 fifoRkey=0x173bf9 fifoLkey=0x173bf9
dgx052:187:387 [3] NCCL INFO NET/IB: NCCL Dev 4 IbDev 4 Port 1 qpn 3708 mtu 5 LID 417 subnet-prefix 33022  FLID 0 fifoRkey=0x173bf9 fifoLkey=0x173bf9
dgx052:187:387 [3] NCCL INFO NET/IB: NCCL Dev 4 IbDev 4 Port 1 qpn 3709 mtu 5 LID 417 subnet-prefix 33022  FLID 0 fifoRkey=0x173bf9 fifoLkey=0x173bf9
dgx052:187:387 [3] NCCL INFO NET/IB: NCCL Dev 4 IbDev 4 Port 1 qpn 3710 mtu 5 LID 417 subnet-prefix 33022  FLID 0 fifoRkey=0x173bf9 fifoLkey=0x173bf9
dgx052:187:387 [3] NCCL INFO NET/IB: NCCL Dev 4 IbDev 4 Port 1 qpn 3711 mtu 5 LID 417 subnet-prefix 33022  FLID 0 fifoRkey=0x173bf9 fifoLkey=0x173bf9
dgx052:187:387 [3] NCCL INFO NET/IB: NCCL Dev 4 IbDev 4 Port 1 qpn 3712 mtu 5 LID 417 subnet-prefix 33022  FLID 0 fifoRkey=0x173bf9 fifoLkey=0x173bf9
dgx052:187:387 [3] NCCL INFO NET/IB: NCCL Dev 4 IbDev 4 Port 1 qpn 3713 mtu 5 LID 417 subnet-prefix 33022  FLID 0 fifoRkey=0x173bf9 fifoLkey=0x173bf9
dgx052:187:387 [3] NCCL INFO NET/IB: NCCL Dev 4 IbDev 4 Port 1 qpn 3714 mtu 5 LID 417 subnet-prefix 33022  FLID 0 fifoRkey=0x173bf9 fifoLkey=0x173bf9
dgx052:184:393 [0] NCCL INFO NET/IB: NCCL Dev 0 IbDev 0 Port 1 qpn 3707 mtu 5 LID 412 subnet-prefix 33022  FLID 0 fifoRkey=0x1741fd fifoLkey=0x1741fd
dgx052:184:393 [0] NCCL INFO NET/IB: NCCL Dev 0 IbDev 0 Port 1 qpn 3708 mtu 5 LID 412 subnet-prefix 33022  FLID 0 fifoRkey=0x1741fd fifoLkey=0x1741fd
dgx052:184:393 [0] NCCL INFO NET/IB: NCCL Dev 0 IbDev 0 Port 1 qpn 3709 mtu 5 LID 412 subnet-prefix 33022  FLID 0 fifoRkey=0x1741fd fifoLkey=0x1741fd
dgx052:184:393 [0] NCCL INFO NET/IB: NCCL Dev 0 IbDev 0 Port 1 qpn 3710 mtu 5 LID 412 subnet-prefix 33022  FLID 0 fifoRkey=0x1741fd fifoLkey=0x1741fd
dgx052:184:393 [0] NCCL INFO NET/IB: NCCL Dev 0 IbDev 0 Port 1 qpn 3711 mtu 5 LID 412 subnet-prefix 33022  FLID 0 fifoRkey=0x1741fd fifoLkey=0x1741fd
dgx052:184:393 [0] NCCL INFO NET/IB: NCCL Dev 0 IbDev 0 Port 1 qpn 3712 mtu 5 LID 412 subnet-prefix 33022  FLID 0 fifoRkey=0x1741fd fifoLkey=0x1741fd
dgx052:184:393 [0] NCCL INFO NET/IB: NCCL Dev 0 IbDev 0 Port 1 qpn 3713 mtu 5 LID 412 subnet-prefix 33022  FLID 0 fifoRkey=0x1741fd fifoLkey=0x1741fd
dgx052:184:393 [0] NCCL INFO NET/IB: NCCL Dev 0 IbDev 0 Port 1 qpn 3714 mtu 5 LID 412 subnet-prefix 33022  FLID 0 fifoRkey=0x1741fd fifoLkey=0x1741fd
dgx052:188:391 [4] NCCL INFO NET/IB: NCCL Dev 5 IbDev 5 Port 1 qpn 3715 mtu 5 LID 415 subnet-prefix 33022  FLID 0 fifoRkey=0x175614 fifoLkey=0x175614
dgx052:188:391 [4] NCCL INFO NET/IB: NCCL Dev 5 IbDev 5 Port 1 qpn 3716 mtu 5 LID 415 subnet-prefix 33022  FLID 0 fifoRkey=0x175614 fifoLkey=0x175614
dgx052:188:391 [4] NCCL INFO NET/IB: NCCL Dev 5 IbDev 5 Port 1 qpn 3717 mtu 5 LID 415 subnet-prefix 33022  FLID 0 fifoRkey=0x175614 fifoLkey=0x175614
dgx052:188:391 [4] NCCL INFO NET/IB: NCCL Dev 5 IbDev 5 Port 1 qpn 3718 mtu 5 LID 415 subnet-prefix 33022  FLID 0 fifoRkey=0x175614 fifoLkey=0x175614
dgx052:188:391 [4] NCCL INFO NET/IB: NCCL Dev 5 IbDev 5 Port 1 qpn 3719 mtu 5 LID 415 subnet-prefix 33022  FLID 0 fifoRkey=0x175614 fifoLkey=0x175614
dgx052:188:391 [4] NCCL INFO NET/IB: NCCL Dev 5 IbDev 5 Port 1 qpn 3720 mtu 5 LID 415 subnet-prefix 33022  FLID 0 fifoRkey=0x175614 fifoLkey=0x175614
dgx052:188:391 [4] NCCL INFO NET/IB: NCCL Dev 5 IbDev 5 Port 1 qpn 3721 mtu 5 LID 415 subnet-prefix 33022  FLID 0 fifoRkey=0x175614 fifoLkey=0x175614
dgx052:188:391 [4] NCCL INFO NET/IB: NCCL Dev 5 IbDev 5 Port 1 qpn 3722 mtu 5 LID 415 subnet-prefix 33022  FLID 0 fifoRkey=0x175614 fifoLkey=0x175614
dgx052:187:387 [3] NCCL INFO NCCL_IB_TIMEOUT set by environment to 22.
dgx052:190:399 [6] NCCL INFO NET/IB: NCCL Dev 8 IbDev 8 Port 1 qpn 3715 mtu 5 LID 416 subnet-prefix 33022  FLID 0 fifoRkey=0x175e1c fifoLkey=0x175e1c
dgx052:190:399 [6] NCCL INFO NET/IB: NCCL Dev 8 IbDev 8 Port 1 qpn 3716 mtu 5 LID 416 subnet-prefix 33022  FLID 0 fifoRkey=0x175e1c fifoLkey=0x175e1c
dgx052:190:399 [6] NCCL INFO NET/IB: NCCL Dev 8 IbDev 8 Port 1 qpn 3717 mtu 5 LID 416 subnet-prefix 33022  FLID 0 fifoRkey=0x175e1c fifoLkey=0x175e1c
dgx052:190:399 [6] NCCL INFO NET/IB: NCCL Dev 8 IbDev 8 Port 1 qpn 3718 mtu 5 LID 416 subnet-prefix 33022  FLID 0 fifoRkey=0x175e1c fifoLkey=0x175e1c
