dgx052:184:287 [0] NCCL INFO Trees [0] 1/8/-1->0->-1 [1] -1/-1/-1->0->7 [2] 1/-1/-1->0->7 [3] 1/-1/-1->0->7 [4] 1/-1/-1->0->7 [5] 1/-1/-1->0->7 [6] 1/-1/-1->0->7 [7] 1/-1/-1->0->8 [8] -1/-1/-1->0->7 [9] 1/-1/-1->0->7 [10] 1/-1/-1->0->7 [11] 1/-1/-1->0->7 [12] 1/-1/-1->0->7 [13] 1/-1/-1->0->7 [14] 1/8/-1->0->-1 [15] -1/-1/-1->0->7 [16] 1/-1/-1->0->7 [17] 1/-1/-1->0->7 [18] 1/-1/-1->0->7 [19] 1/-1/-1->0->7 [20] 1/-1/-1->0->7 [21] 1/-1/-1->0->8 [22] -1/-1/-1->0->7 [23] 1/-1/-1->0->7 [24] 1/-1/-1->0->7 [25] 1/-1/-1->0->7 [26] 1/-1/-1->0->7 [27] 1/-1/-1->0->7
dgx052:184:287 [0] NCCL INFO NCCL_BUFFSIZE set by environment to 16777216.
dgx052:184:287 [0] NCCL INFO NCCL_P2P_NET_CHUNKSIZE set by environment to 524288.
dgx052:184:287 [0] NCCL INFO P2P Chunksize set to 524288
dgx052:186:296 [2] NCCL INFO NCCL_NTHREADS set by environment to 512.
dgx052:186:296 [2] NCCL INFO threadThresholds 8/8/64 | 128/8/64 | 512 | 512
dgx052:186:296 [2] NCCL INFO 28 coll channels, 28 collnet channels, 16 nvls channels, 32 p2p channels, 2 p2p channels per peer
dgx052:187:292 [3] NCCL INFO NCCL_NTHREADS set by environment to 512.
dgx052:187:292 [3] NCCL INFO threadThresholds 8/8/64 | 128/8/64 | 512 | 512
dgx052:187:292 [3] NCCL INFO 28 coll channels, 28 collnet channels, 16 nvls channels, 32 p2p channels, 2 p2p channels per peer
dgx052:184:287 [0] NCCL INFO NCCL_NTHREADS set by environment to 512.
dgx052:191:291 [7] NCCL INFO NCCL_NTHREADS set by environment to 512.
dgx052:191:291 [7] NCCL INFO threadThresholds 8/8/64 | 128/8/64 | 512 | 512
dgx052:191:291 [7] NCCL INFO 28 coll channels, 28 collnet channels, 16 nvls channels, 32 p2p channels, 2 p2p channels per peer
dgx052:184:287 [0] NCCL INFO threadThresholds 8/8/64 | 128/8/64 | 512 | 512
dgx052:184:287 [0] NCCL INFO 28 coll channels, 28 collnet channels, 16 nvls channels, 32 p2p channels, 2 p2p channels per peer
dgx052:190:295 [6] NCCL INFO NCCL_NTHREADS set by environment to 512.
dgx052:190:295 [6] NCCL INFO threadThresholds 8/8/64 | 128/8/64 | 512 | 512
dgx052:190:295 [6] NCCL INFO 28 coll channels, 28 collnet channels, 16 nvls channels, 32 p2p channels, 2 p2p channels per peer
dgx052:184:287 [0] NCCL INFO CC Off, Multi-GPU CC Off, workFifoBytes 1048576
dgx052:188:293 [4] NCCL INFO NCCL_NTHREADS set by environment to 512.
dgx052:188:293 [4] NCCL INFO threadThresholds 8/8/64 | 128/8/64 | 512 | 512
dgx052:188:293 [4] NCCL INFO 28 coll channels, 28 collnet channels, 16 nvls channels, 32 p2p channels, 2 p2p channels per peer
dgx052:189:294 [5] NCCL INFO NCCL_NTHREADS set by environment to 512.
dgx052:189:294 [5] NCCL INFO threadThresholds 8/8/64 | 128/8/64 | 512 | 512
dgx052:189:294 [5] NCCL INFO 28 coll channels, 28 collnet channels, 16 nvls channels, 32 p2p channels, 2 p2p channels per peer
dgx052:185:289 [1] NCCL INFO NCCL_NTHREADS set by environment to 512.
dgx052:185:289 [1] NCCL INFO threadThresholds 8/8/64 | 128/8/64 | 512 | 512
dgx052:185:289 [1] NCCL INFO 28 coll channels, 28 collnet channels, 16 nvls channels, 32 p2p channels, 2 p2p channels per peer
dgx052:188:293 [4] NCCL INFO TUNER/Plugin: Failed to find ncclTunerPlugin_v3 symbol.
dgx052:188:293 [4] NCCL INFO TUNER/Plugin: Failed to find ncclTunerPlugin_v2 symbol, using internal tuner instead.
dgx052:188:293 [4] NCCL INFO ncclCommInitRank comm 0x55b8091f9cc0 rank 4 nranks 16 cudaDev 4 nvmlDev 4 busId 9d000 commId 0x60f6c0c4a2e4e977 - Init COMPLETE
dgx052:188:293 [4] NCCL INFO Init timings: rank 4 nranks 16 total 2.13 (kernels 0.44, bootstrap 0.93, allgathers 0.24, topo 0.06, graphs 0.12, connections 0.32, rest 0.02)
dgx052:191:291 [7] NCCL INFO TUNER/Plugin: Failed to find ncclTunerPlugin_v3 symbol.
dgx052:191:291 [7] NCCL INFO TUNER/Plugin: Failed to find ncclTunerPlugin_v2 symbol, using internal tuner instead.
dgx052:191:291 [7] NCCL INFO ncclCommInitRank comm 0x55a20a645950 rank 7 nranks 16 cudaDev 7 nvmlDev 7 busId df000 commId 0x60f6c0c4a2e4e977 - Init COMPLETE
dgx052:187:292 [3] NCCL INFO TUNER/Plugin: Failed to find ncclTunerPlugin_v3 symbol.
dgx052:187:292 [3] NCCL INFO TUNER/Plugin: Failed to find ncclTunerPlugin_v2 symbol, using internal tuner instead.
dgx052:191:291 [7] NCCL INFO Init timings: rank 7 nranks 16 total 2.17 (kernels 0.29, bootstrap 1.12, allgathers 0.16, topo 0.07, graphs 0.20, connections 0.33, rest 0.01)
dgx052:187:292 [3] NCCL INFO ncclCommInitRank comm 0x56317f07a5a0 rank 3 nranks 16 cudaDev 3 nvmlDev 3 busId 61000 commId 0x60f6c0c4a2e4e977 - Init COMPLETE
dgx052:184:287 [0] NCCL INFO TUNER/Plugin: Failed to find ncclTunerPlugin_v3 symbol.
dgx052:187:292 [3] NCCL INFO Init timings: rank 3 nranks 16 total 2.17 (kernels 0.31, bootstrap 1.09, allgathers 0.14, topo 0.07, graphs 0.22, connections 0.32, rest 0.02)
dgx052:184:287 [0] NCCL INFO TUNER/Plugin: Failed to find ncclTunerPlugin_v2 symbol, using internal tuner instead.
dgx052:184:287 [0] NCCL INFO ncclCommInitRank comm 0x5578fb709310 rank 0 nranks 16 cudaDev 0 nvmlDev 0 busId 1b000 commId 0x60f6c0c4a2e4e977 - Init COMPLETE
dgx052:184:287 [0] NCCL INFO Init timings: rank 0 nranks 16 total 2.32 (kernels 0.33, bootstrap 1.22, allgathers 0.14, topo 0.07, graphs 0.21, connections 0.32, rest 0.02)
dgx052:186:296 [2] NCCL INFO TUNER/Plugin: Failed to find ncclTunerPlugin_v3 symbol.
dgx052:186:296 [2] NCCL INFO TUNER/Plugin: Failed to find ncclTunerPlugin_v2 symbol, using internal tuner instead.
dgx052:186:296 [2] NCCL INFO ncclCommInitRank comm 0x564912a952e0 rank 2 nranks 16 cudaDev 2 nvmlDev 2 busId 52000 commId 0x60f6c0c4a2e4e977 - Init COMPLETE
dgx052:186:296 [2] NCCL INFO Init timings: rank 2 nranks 16 total 2.08 (kernels 0.20, bootstrap 1.11, allgathers 0.14, topo 0.06, graphs 0.21, connections 0.31, rest 0.03)
dgx052:185:289 [1] NCCL INFO TUNER/Plugin: Failed to find ncclTunerPlugin_v3 symbol.
dgx052:185:289 [1] NCCL INFO TUNER/Plugin: Failed to find ncclTunerPlugin_v2 symbol, using internal tuner instead.
dgx052:185:289 [1] NCCL INFO ncclCommInitRank comm 0x5648e0f201e0 rank 1 nranks 16 cudaDev 1 nvmlDev 1 busId 43000 commId 0x60f6c0c4a2e4e977 - Init COMPLETE
dgx052:185:289 [1] NCCL INFO Init timings: rank 1 nranks 16 total 2.23 (kernels 0.28, bootstrap 1.19, allgathers 0.25, topo 0.06, graphs 0.11, connections 0.32, rest 0.01)
dgx052:189:294 [5] NCCL INFO TUNER/Plugin: Failed to find ncclTunerPlugin_v3 symbol.
dgx052:189:294 [5] NCCL INFO TUNER/Plugin: Failed to find ncclTunerPlugin_v2 symbol, using internal tuner instead.
dgx052:189:294 [5] NCCL INFO ncclCommInitRank comm 0x555c1ece4030 rank 5 nranks 16 cudaDev 5 nvmlDev 5 busId c3000 commId 0x60f6c0c4a2e4e977 - Init COMPLETE
dgx052:189:294 [5] NCCL INFO Init timings: rank 5 nranks 16 total 2.09 (kernels 0.53, bootstrap 0.80, allgathers 0.25, topo 0.06, graphs 0.11, connections 0.32, rest 0.02)
dgx052:190:295 [6] NCCL INFO TUNER/Plugin: Failed to find ncclTunerPlugin_v3 symbol.
dgx052:190:295 [6] NCCL INFO TUNER/Plugin: Failed to find ncclTunerPlugin_v2 symbol, using internal tuner instead.
dgx052:190:295 [6] NCCL INFO ncclCommInitRank comm 0x5648dea0fd90 rank 6 nranks 16 cudaDev 6 nvmlDev 6 busId d1000 commId 0x60f6c0c4a2e4e977 - Init COMPLETE
dgx052:190:295 [6] NCCL INFO Init timings: rank 6 nranks 16 total 2.08 (kernels 0.69, bootstrap 0.64, allgathers 0.15, topo 0.07, graphs 0.20, connections 0.31, rest 0.03)
dgx052:185:401 [1] NCCL INFO NVLS comm 0x5648e0f201e0 headRank 1 nHeads 7 buffSize 1048576 nvlsPerRankSize 33554432 nvlsTotalSize 234881024
dgx052:188:407 [4] NCCL INFO NVLS comm 0x55b8091f9cc0 headRank 4 nHeads 7 buffSize 1048576 nvlsPerRankSize 33554432 nvlsTotalSize 234881024
dgx052:191:405 [7] NCCL INFO NVLS comm 0x55a20a645950 headRank 6 nHeads 7 buffSize 1048576 nvlsPerRankSize 33554432 nvlsTotalSize 234881024
dgx052:187:403 [3] NCCL INFO NVLS comm 0x56317f07a5a0 headRank 3 nHeads 7 buffSize 1048576 nvlsPerRankSize 33554432 nvlsTotalSize 234881024
dgx052:186:408 [2] NCCL INFO NVLS comm 0x564912a952e0 headRank 2 nHeads 7 buffSize 1048576 nvlsPerRankSize 33554432 nvlsTotalSize 234881024
dgx052:189:406 [5] NCCL INFO NVLS comm 0x555c1ece4030 headRank -1 nHeads 7 buffSize 1048576 nvlsPerRankSize 33554432 nvlsTotalSize 234881024
dgx052:190:402 [6] NCCL INFO NVLS comm 0x5648dea0fd90 headRank 5 nHeads 7 buffSize 1048576 nvlsPerRankSize 33554432 nvlsTotalSize 234881024
dgx052:184:404 [0] NCCL INFO NVLS comm 0x5578fb709310 headRank 0 nHeads 7 buffSize 1048576 nvlsPerRankSize 33554432 nvlsTotalSize 234881024
dgx052:185:401 [1] NCCL INFO GPU Direct RDMA Enabled for GPU 43000 / HCA 2 (distance 4 <= 4), read 0
dgx052:191:405 [7] NCCL INFO GPU Direct RDMA Enabled for GPU df000 / HCA 9 (distance 4 <= 4), read 0
dgx052:189:406 [5] NCCL INFO Connected NVLS tree
dgx052:187:403 [3] NCCL INFO GPU Direct RDMA Enabled for GPU 61000 / HCA 4 (distance 4 <= 4), read 0
dgx052:188:407 [4] NCCL INFO GPU Direct RDMA Enabled for GPU 9d000 / HCA 5 (distance 4 <= 4), read 0
dgx052:184:404 [0] NCCL INFO GPU Direct RDMA Enabled for GPU 1b000 / HCA 0 (distance 4 <= 4), read 0
dgx052:190:402 [6] NCCL INFO GPU Direct RDMA Enabled for GPU d1000 / HCA 8 (distance 4 <= 4), read 0
dgx052:186:408 [2] NCCL INFO GPU Direct RDMA Enabled for GPU 52000 / HCA 3 (distance 4 <= 4), read 0
dgx052:191:385 [7] NCCL INFO New proxy recv connection 0 from local rank 7, transport 2
dgx052:185:389 [1] NCCL INFO New proxy recv connection 0 from local rank 1, transport 2
dgx052:187:387 [3] NCCL INFO New proxy recv connection 0 from local rank 3, transport 2
dgx052:186:397 [2] NCCL INFO New proxy recv connection 0 from local rank 2, transport 2
dgx052:184:393 [0] NCCL INFO New proxy recv connection 0 from local rank 0, transport 2
dgx052:188:391 [4] NCCL INFO New proxy recv connection 0 from local rank 4, transport 2
dgx052:190:399 [6] NCCL INFO New proxy recv connection 0 from local rank 6, transport 2
dgx052:188:407 [4] NCCL INFO Connected to proxy localRank 4 -> connection 0x7f92ac004f40
dgx052:190:402 [6] NCCL INFO Connected to proxy localRank 6 -> connection 0x7f7e30004f40
dgx052:191:405 [7] NCCL INFO Connected to proxy localRank 7 -> connection 0x7faa18004f40
dgx052:187:403 [3] NCCL INFO Connected to proxy localRank 3 -> connection 0x7fedb4004f40
dgx052:185:401 [1] NCCL INFO Connected to proxy localRank 1 -> connection 0x7f018c004f40
dgx052:184:404 [0] NCCL INFO Connected to proxy localRank 0 -> connection 0x7faf80004f40
dgx052:186:408 [2] NCCL INFO Connected to proxy localRank 2 -> connection 0x7f058c004f40
dgx052:191:385 [7] NCCL INFO NET/IB : GPU Direct RDMA (DMABUF) enabled for HCA 9 'mlx5_11
dgx052:190:399 [6] NCCL INFO NET/IB : GPU Direct RDMA (DMABUF) enabled for HCA 8 'mlx5_10
dgx052:188:391 [4] NCCL INFO NET/IB : GPU Direct RDMA (DMABUF) enabled for HCA 5 'mlx5_6
dgx052:191:405 [7] NCCL INFO Channel 00/0 : 15[7] -> 7[7] [receive] via NET/IBext_v8/9/GDRDMA
dgx052:191:405 [7] NCCL INFO GPU Direct RDMA Enabled for GPU df000 / HCA 9 (distance 4 <= 4), read 0
dgx052:187:387 [3] NCCL INFO NET/IB : GPU Direct RDMA (DMABUF) enabled for HCA 4 'mlx5_5
dgx052:191:385 [7] NCCL INFO New proxy recv connection 1 from local rank 7, transport 2
dgx052:188:407 [4] NCCL INFO Channel 00/0 : 12[4] -> 4[4] [receive] via NET/IBext_v8/5/GDRDMA
dgx052:190:402 [6] NCCL INFO Channel 00/0 : 14[6] -> 6[6] [receive] via NET/IBext_v8/8/GDRDMA
dgx052:188:407 [4] NCCL INFO GPU Direct RDMA Enabled for GPU 9d000 / HCA 5 (distance 4 <= 4), read 0
dgx052:190:402 [6] NCCL INFO GPU Direct RDMA Enabled for GPU d1000 / HCA 8 (distance 4 <= 4), read 0
dgx052:191:405 [7] NCCL INFO Connected to proxy localRank 7 -> connection 0x7faa18004fb8
dgx052:185:389 [1] NCCL INFO NET/IB : GPU Direct RDMA (DMABUF) enabled for HCA 2 'mlx5_3
dgx052:184:393 [0] NCCL INFO NET/IB : GPU Direct RDMA (DMABUF) enabled for HCA 0 'mlx5_0
dgx052:186:397 [2] NCCL INFO NET/IB : GPU Direct RDMA (DMABUF) enabled for HCA 3 'mlx5_4
dgx052:188:391 [4] NCCL INFO New proxy recv connection 1 from local rank 4, transport 2
dgx052:190:399 [6] NCCL INFO New proxy recv connection 1 from local rank 6, transport 2
dgx052:188:407 [4] NCCL INFO Connected to proxy localRank 4 -> connection 0x7f92ac004fb8
dgx052:190:402 [6] NCCL INFO Connected to proxy localRank 6 -> connection 0x7f7e30004fb8
dgx052:187:403 [3] NCCL INFO Channel 00/0 : 11[3] -> 3[3] [receive] via NET/IBext_v8/4/GDRDMA
dgx052:191:385 [7] NCCL INFO NET/IB : GPU Direct RDMA (DMABUF) enabled for HCA 9 'mlx5_11
dgx052:187:403 [3] NCCL INFO GPU Direct RDMA Enabled for GPU 61000 / HCA 4 (distance 4 <= 4), read 0
dgx052:191:405 [7] NCCL INFO Channel 01/0 : 15[7] -> 7[7] [receive] via NET/IBext_v8/9/GDRDMA
dgx052:185:401 [1] NCCL INFO Channel 00/0 : 9[1] -> 1[1] [receive] via NET/IBext_v8/2/GDRDMA
dgx052:191:405 [7] NCCL INFO GPU Direct RDMA Enabled for GPU df000 / HCA 9 (distance 4 <= 4), read 0
dgx052:184:404 [0] NCCL INFO Channel 00/0 : 8[0] -> 0[0] [receive] via NET/IBext_v8/0/GDRDMA
dgx052:188:391 [4] NCCL INFO NET/IB : GPU Direct RDMA (DMABUF) enabled for HCA 5 'mlx5_6
dgx052:185:401 [1] NCCL INFO GPU Direct RDMA Enabled for GPU 43000 / HCA 2 (distance 4 <= 4), read 0
dgx052:184:404 [0] NCCL INFO GPU Direct RDMA Enabled for GPU 1b000 / HCA 0 (distance 4 <= 4), read 0
dgx052:190:399 [6] NCCL INFO NET/IB : GPU Direct RDMA (DMABUF) enabled for HCA 8 'mlx5_10
dgx052:186:408 [2] NCCL INFO Channel 00/0 : 10[2] -> 2[2] [receive] via NET/IBext_v8/3/GDRDMA
dgx052:186:408 [2] NCCL INFO GPU Direct RDMA Enabled for GPU 52000 / HCA 3 (distance 4 <= 4), read 0
dgx052:188:407 [4] NCCL INFO Channel 01/0 : 12[4] -> 4[4] [receive] via NET/IBext_v8/5/GDRDMA
dgx052:188:407 [4] NCCL INFO GPU Direct RDMA Enabled for GPU 9d000 / HCA 5 (distance 4 <= 4), read 0
dgx052:187:387 [3] NCCL INFO New proxy recv connection 1 from local rank 3, transport 2
dgx052:191:385 [7] NCCL INFO New proxy recv connection 2 from local rank 7, transport 2
dgx052:190:402 [6] NCCL INFO Channel 01/0 : 14[6] -> 6[6] [receive] via NET/IBext_v8/8/GDRDMA
dgx052:190:402 [6] NCCL INFO GPU Direct RDMA Enabled for GPU d1000 / HCA 8 (distance 4 <= 4), read 0
dgx052:185:389 [1] NCCL INFO New proxy recv connection 1 from local rank 1, transport 2
dgx052:191:405 [7] NCCL INFO Connected to proxy localRank 7 -> connection 0x7faa18005030
dgx052:188:391 [4] NCCL INFO New proxy recv connection 2 from local rank 4, transport 2
dgx052:187:403 [3] NCCL INFO Connected to proxy localRank 3 -> connection 0x7fedb4004fb8
dgx052:188:407 [4] NCCL INFO Connected to proxy localRank 4 -> connection 0x7f92ac005030
dgx052:185:401 [1] NCCL INFO Connected to proxy localRank 1 -> connection 0x7f018c004fb8
dgx052:190:399 [6] NCCL INFO New proxy recv connection 2 from local rank 6, transport 2
dgx052:190:402 [6] NCCL INFO Connected to proxy localRank 6 -> connection 0x7f7e30005030
dgx052:191:385 [7] NCCL INFO NET/IB : GPU Direct RDMA (DMABUF) enabled for HCA 9 'mlx5_11
dgx052:191:405 [7] NCCL INFO Channel 02/0 : 15[7] -> 7[7] [receive] via NET/IBext_v8/9/GDRDMA
dgx052:188:391 [4] NCCL INFO NET/IB : GPU Direct RDMA (DMABUF) enabled for HCA 5 'mlx5_6
dgx052:191:405 [7] NCCL INFO GPU Direct RDMA Enabled for GPU df000 / HCA 9 (distance 4 <= 4), read 0
dgx052:190:399 [6] NCCL INFO NET/IB : GPU Direct RDMA (DMABUF) enabled for HCA 8 'mlx5_10
dgx052:188:407 [4] NCCL INFO Channel 02/0 : 12[4] -> 4[4] [receive] via NET/IBext_v8/5/GDRDMA
dgx052:188:407 [4] NCCL INFO GPU Direct RDMA Enabled for GPU 9d000 / HCA 5 (distance 4 <= 4), read 0
dgx052:186:397 [2] NCCL INFO New proxy recv connection 1 from local rank 2, transport 2
dgx052:191:385 [7] NCCL INFO New proxy recv connection 3 from local rank 7, transport 2
dgx052:190:402 [6] NCCL INFO Channel 02/0 : 14[6] -> 6[6] [receive] via NET/IBext_v8/8/GDRDMA
dgx052:191:405 [7] NCCL INFO Connected to proxy localRank 7 -> connection 0x7faa180050a8
dgx052:190:402 [6] NCCL INFO GPU Direct RDMA Enabled for GPU d1000 / HCA 8 (distance 4 <= 4), read 0
dgx052:188:391 [4] NCCL INFO New proxy recv connection 3 from local rank 4, transport 2
dgx052:184:393 [0] NCCL INFO New proxy recv connection 1 from local rank 0, transport 2
dgx052:186:408 [2] NCCL INFO Connected to proxy localRank 2 -> connection 0x7f058c004fb8
dgx052:188:407 [4] NCCL INFO Connected to proxy localRank 4 -> connection 0x7f92ac0050a8
dgx052:190:399 [6] NCCL INFO New proxy recv connection 3 from local rank 6, transport 2
dgx052:184:404 [0] NCCL INFO Connected to proxy localRank 0 -> connection 0x7faf80004fb8
dgx052:191:385 [7] NCCL INFO NET/IB : GPU Direct RDMA (DMABUF) enabled for HCA 9 'mlx5_11
dgx052:187:387 [3] NCCL INFO NET/IB : GPU Direct RDMA (DMABUF) enabled for HCA 4 'mlx5_5
dgx052:190:402 [6] NCCL INFO Connected to proxy localRank 6 -> connection 0x7f7e300050a8
dgx052:188:391 [4] NCCL INFO NET/IB : GPU Direct RDMA (DMABUF) enabled for HCA 5 'mlx5_6
dgx052:191:405 [7] NCCL INFO Channel 03/0 : 15[7] -> 7[7] [receive] via NET/IBext_v8/9/GDRDMA
dgx052:191:405 [7] NCCL INFO GPU Direct RDMA Enabled for GPU df000 / HCA 9 (distance 4 <= 4), read 0
dgx052:185:389 [1] NCCL INFO NET/IB : GPU Direct RDMA (DMABUF) enabled for HCA 2 'mlx5_3
dgx052:188:407 [4] NCCL INFO Channel 03/0 : 12[4] -> 4[4] [receive] via NET/IBext_v8/5/GDRDMA
dgx052:188:407 [4] NCCL INFO GPU Direct RDMA Enabled for GPU 9d000 / HCA 5 (distance 4 <= 4), read 0
dgx052:190:399 [6] NCCL INFO NET/IB : GPU Direct RDMA (DMABUF) enabled for HCA 8 'mlx5_10
dgx052:187:403 [3] NCCL INFO Channel 01/0 : 11[3] -> 3[3] [receive] via NET/IBext_v8/4/GDRDMA
dgx052:187:403 [3] NCCL INFO GPU Direct RDMA Enabled for GPU 61000 / HCA 4 (distance 4 <= 4), read 0
dgx052:191:385 [7] NCCL INFO New proxy recv connection 4 from local rank 7, transport 2
dgx052:188:391 [4] NCCL INFO New proxy recv connection 4 from local rank 4, transport 2
dgx052:191:405 [7] NCCL INFO Connected to proxy localRank 7 -> connection 0x7faa18005120
dgx052:190:402 [6] NCCL INFO Channel 03/0 : 14[6] -> 6[6] [receive] via NET/IBext_v8/8/GDRDMA
dgx052:190:402 [6] NCCL INFO GPU Direct RDMA Enabled for GPU d1000 / HCA 8 (distance 4 <= 4), read 0
dgx052:185:401 [1] NCCL INFO Channel 01/0 : 9[1] -> 1[1] [receive] via NET/IBext_v8/2/GDRDMA
dgx052:185:401 [1] NCCL INFO GPU Direct RDMA Enabled for GPU 43000 / HCA 2 (distance 4 <= 4), read 0
dgx052:188:407 [4] NCCL INFO Connected to proxy localRank 4 -> connection 0x7f92ac005120
dgx052:187:387 [3] NCCL INFO New proxy recv connection 2 from local rank 3, transport 2
dgx052:190:399 [6] NCCL INFO New proxy recv connection 4 from local rank 6, transport 2
dgx052:186:397 [2] NCCL INFO NET/IB : GPU Direct RDMA (DMABUF) enabled for HCA 3 'mlx5_4
dgx052:191:385 [7] NCCL INFO NET/IB : GPU Direct RDMA (DMABUF) enabled for HCA 9 'mlx5_11
dgx052:190:402 [6] NCCL INFO Connected to proxy localRank 6 -> connection 0x7f7e30005120
dgx052:188:391 [4] NCCL INFO NET/IB : GPU Direct RDMA (DMABUF) enabled for HCA 5 'mlx5_6
dgx052:187:403 [3] NCCL INFO Connected to proxy localRank 3 -> connection 0x7fedb4005030
dgx052:191:405 [7] NCCL INFO Channel 04/0 : 15[7] -> 7[7] [receive] via NET/IBext_v8/9/GDRDMA
dgx052:185:389 [1] NCCL INFO New proxy recv connection 2 from local rank 1, transport 2
dgx052:191:405 [7] NCCL INFO GPU Direct RDMA Enabled for GPU df000 / HCA 9 (distance 4 <= 4), read 0
dgx052:188:407 [4] NCCL INFO Channel 04/0 : 12[4] -> 4[4] [receive] via NET/IBext_v8/5/GDRDMA
dgx052:185:401 [1] NCCL INFO Connected to proxy localRank 1 -> connection 0x7f018c005030
dgx052:188:407 [4] NCCL INFO GPU Direct RDMA Enabled for GPU 9d000 / HCA 5 (distance 4 <= 4), read 0
dgx052:190:399 [6] NCCL INFO NET/IB : GPU Direct RDMA (DMABUF) enabled for HCA 8 'mlx5_10
dgx052:186:408 [2] NCCL INFO Channel 01/0 : 10[2] -> 2[2] [receive] via NET/IBext_v8/3/GDRDMA
dgx052:186:408 [2] NCCL INFO GPU Direct RDMA Enabled for GPU 52000 / HCA 3 (distance 4 <= 4), read 0
dgx052:191:385 [7] NCCL INFO New proxy recv connection 5 from local rank 7, transport 2
dgx052:188:391 [4] NCCL INFO New proxy recv connection 5 from local rank 4, transport 2
dgx052:184:393 [0] NCCL INFO NET/IB : GPU Direct RDMA (DMABUF) enabled for HCA 0 'mlx5_0
dgx052:188:407 [4] NCCL INFO Connected to proxy localRank 4 -> connection 0x7f92ac005198
dgx052:190:402 [6] NCCL INFO Channel 04/0 : 14[6] -> 6[6] [receive] via NET/IBext_v8/8/GDRDMA
dgx052:191:405 [7] NCCL INFO Connected to proxy localRank 7 -> connection 0x7faa18005198
dgx052:190:402 [6] NCCL INFO GPU Direct RDMA Enabled for GPU d1000 / HCA 8 (distance 4 <= 4), read 0
dgx052:188:391 [4] NCCL INFO NET/IB : GPU Direct RDMA (DMABUF) enabled for HCA 5 'mlx5_6
dgx052:190:399 [6] NCCL INFO New proxy recv connection 5 from local rank 6, transport 2
dgx052:188:407 [4] NCCL INFO Channel 05/0 : 12[4] -> 4[4] [receive] via NET/IBext_v8/5/GDRDMA
dgx052:188:407 [4] NCCL INFO GPU Direct RDMA Enabled for GPU 9d000 / HCA 5 (distance 4 <= 4), read 0
dgx052:190:402 [6] NCCL INFO Connected to proxy localRank 6 -> connection 0x7f7e30005198
dgx052:191:385 [7] NCCL INFO NET/IB : GPU Direct RDMA (DMABUF) enabled for HCA 9 'mlx5_11
dgx052:184:404 [0] NCCL INFO Channel 01/0 : 8[0] -> 0[0] [receive] via NET/IBext_v8/0/GDRDMA
dgx052:184:404 [0] NCCL INFO GPU Direct RDMA Enabled for GPU 1b000 / HCA 0 (distance 4 <= 4), read 0
dgx052:188:391 [4] NCCL INFO New proxy recv connection 6 from local rank 4, transport 2
dgx052:191:405 [7] NCCL INFO Channel 05/0 : 15[7] -> 7[7] [receive] via NET/IBext_v8/9/GDRDMA
dgx052:191:405 [7] NCCL INFO GPU Direct RDMA Enabled for GPU df000 / HCA 9 (distance 4 <= 4), read 0
dgx052:188:407 [4] NCCL INFO Connected to proxy localRank 4 -> connection 0x7f92ac005210
dgx052:190:399 [6] NCCL INFO NET/IB : GPU Direct RDMA (DMABUF) enabled for HCA 8 'mlx5_10
dgx052:187:387 [3] NCCL INFO NET/IB : GPU Direct RDMA (DMABUF) enabled for HCA 4 'mlx5_5
dgx052:188:391 [4] NCCL INFO NET/IB : GPU Direct RDMA (DMABUF) enabled for HCA 5 'mlx5_6
dgx052:190:402 [6] NCCL INFO Channel 05/0 : 14[6] -> 6[6] [receive] via NET/IBext_v8/8/GDRDMA
dgx052:190:402 [6] NCCL INFO GPU Direct RDMA Enabled for GPU d1000 / HCA 8 (distance 4 <= 4), read 0
dgx052:191:385 [7] NCCL INFO New proxy recv connection 6 from local rank 7, transport 2
dgx052:188:407 [4] NCCL INFO Channel 06/0 : 12[4] -> 4[4] [receive] via NET/IBext_v8/5/GDRDMA
dgx052:188:407 [4] NCCL INFO GPU Direct RDMA Enabled for GPU 9d000 / HCA 5 (distance 4 <= 4), read 0
dgx052:191:405 [7] NCCL INFO Connected to proxy localRank 7 -> connection 0x7faa18005210
dgx052:186:397 [2] NCCL INFO New proxy recv connection 2 from local rank 2, transport 2
dgx052:190:399 [6] NCCL INFO New proxy recv connection 6 from local rank 6, transport 2
dgx052:188:391 [4] NCCL INFO New proxy recv connection 7 from local rank 4, transport 2
dgx052:185:389 [1] NCCL INFO NET/IB : GPU Direct RDMA (DMABUF) enabled for HCA 2 'mlx5_3
dgx052:188:407 [4] NCCL INFO Connected to proxy localRank 4 -> connection 0x7f92ac005288
dgx052:190:402 [6] NCCL INFO Connected to proxy localRank 6 -> connection 0x7f7e30005210
dgx052:187:403 [3] NCCL INFO Channel 02/0 : 11[3] -> 3[3] [receive] via NET/IBext_v8/4/GDRDMA
dgx052:187:403 [3] NCCL INFO GPU Direct RDMA Enabled for GPU 61000 / HCA 4 (distance 4 <= 4), read 0
dgx052:186:408 [2] NCCL INFO Connected to proxy localRank 2 -> connection 0x7f058c005030
dgx052:191:385 [7] NCCL INFO NET/IB : GPU Direct RDMA (DMABUF) enabled for HCA 9 'mlx5_11
dgx052:188:391 [4] NCCL INFO NET/IB : GPU Direct RDMA (DMABUF) enabled for HCA 5 'mlx5_6
dgx052:190:399 [6] NCCL INFO NET/IB : GPU Direct RDMA (DMABUF) enabled for HCA 8 'mlx5_10
dgx052:184:393 [0] NCCL INFO New proxy recv connection 2 from local rank 0, transport 2
dgx052:188:407 [4] NCCL INFO Channel 07/0 : 12[4] -> 4[4] [receive] via NET/IBext_v8/5/GDRDMA
dgx052:191:405 [7] NCCL INFO Channel 06/0 : 15[7] -> 7[7] [receive] via NET/IBext_v8/9/GDRDMA
dgx052:188:407 [4] NCCL INFO GPU Direct RDMA Enabled for GPU 9d000 / HCA 5 (distance 4 <= 4), read 0
dgx052:191:405 [7] NCCL INFO GPU Direct RDMA Enabled for GPU df000 / HCA 9 (distance 4 <= 4), read 0
dgx052:185:401 [1] NCCL INFO Channel 02/0 : 9[1] -> 1[1] [receive] via NET/IBext_v8/2/GDRDMA
dgx052:187:387 [3] NCCL INFO New proxy recv connection 3 from local rank 3, transport 2
dgx052:188:391 [4] NCCL INFO New proxy recv connection 8 from local rank 4, transport 2
dgx052:185:401 [1] NCCL INFO GPU Direct RDMA Enabled for GPU 43000 / HCA 2 (distance 4 <= 4), read 0
dgx052:190:402 [6] NCCL INFO Channel 06/0 : 14[6] -> 6[6] [receive] via NET/IBext_v8/8/GDRDMA
dgx052:190:402 [6] NCCL INFO GPU Direct RDMA Enabled for GPU d1000 / HCA 8 (distance 4 <= 4), read 0
dgx052:188:407 [4] NCCL INFO Connected to proxy localRank 4 -> connection 0x7f92ac005300
dgx052:184:404 [0] NCCL INFO Connected to proxy localRank 0 -> connection 0x7faf80005030
dgx052:187:403 [3] NCCL INFO Connected to proxy localRank 3 -> connection 0x7fedb40050a8
dgx052:191:385 [7] NCCL INFO New proxy recv connection 7 from local rank 7, transport 2
dgx052:190:399 [6] NCCL INFO New proxy recv connection 7 from local rank 6, transport 2
dgx052:188:391 [4] NCCL INFO NET/IB : GPU Direct RDMA (DMABUF) enabled for HCA 5 'mlx5_6
dgx052:186:397 [2] NCCL INFO NET/IB : GPU Direct RDMA (DMABUF) enabled for HCA 3 'mlx5_4
dgx052:191:405 [7] NCCL INFO Connected to proxy localRank 7 -> connection 0x7faa18005288
dgx052:190:402 [6] NCCL INFO Connected to proxy localRank 6 -> connection 0x7f7e30005288
dgx052:185:389 [1] NCCL INFO New proxy recv connection 3 from local rank 1, transport 2
dgx052:188:407 [4] NCCL INFO Channel 08/0 : 12[4] -> 4[4] [receive] via NET/IBext_v8/5/GDRDMA
dgx052:188:407 [4] NCCL INFO GPU Direct RDMA Enabled for GPU 9d000 / HCA 5 (distance 4 <= 4), read 0
dgx052:188:391 [4] NCCL INFO New proxy recv connection 9 from local rank 4, transport 2
dgx052:185:401 [1] NCCL INFO Connected to proxy localRank 1 -> connection 0x7f018c0050a8
dgx052:191:385 [7] NCCL INFO NET/IB : GPU Direct RDMA (DMABUF) enabled for HCA 9 'mlx5_11
dgx052:188:407 [4] NCCL INFO Connected to proxy localRank 4 -> connection 0x7f92ac005378
dgx052:190:399 [6] NCCL INFO NET/IB : GPU Direct RDMA (DMABUF) enabled for HCA 8 'mlx5_10
dgx052:186:408 [2] NCCL INFO Channel 02/0 : 10[2] -> 2[2] [receive] via NET/IBext_v8/3/GDRDMA
dgx052:186:408 [2] NCCL INFO GPU Direct RDMA Enabled for GPU 52000 / HCA 3 (distance 4 <= 4), read 0
dgx052:191:405 [7] NCCL INFO Channel 07/0 : 15[7] -> 7[7] [receive] via NET/IBext_v8/9/GDRDMA
dgx052:191:405 [7] NCCL INFO GPU Direct RDMA Enabled for GPU df000 / HCA 9 (distance 4 <= 4), read 0
dgx052:184:393 [0] NCCL INFO NET/IB : GPU Direct RDMA (DMABUF) enabled for HCA 0 'mlx5_0
dgx052:188:391 [4] NCCL INFO NET/IB : GPU Direct RDMA (DMABUF) enabled for HCA 5 'mlx5_6
dgx052:190:402 [6] NCCL INFO Channel 07/0 : 14[6] -> 6[6] [receive] via NET/IBext_v8/8/GDRDMA
dgx052:190:402 [6] NCCL INFO GPU Direct RDMA Enabled for GPU d1000 / HCA 8 (distance 4 <= 4), read 0
dgx052:188:407 [4] NCCL INFO Channel 09/0 : 12[4] -> 4[4] [receive] via NET/IBext_v8/5/GDRDMA
dgx052:188:407 [4] NCCL INFO GPU Direct RDMA Enabled for GPU 9d000 / HCA 5 (distance 4 <= 4), read 0
dgx052:190:399 [6] NCCL INFO New proxy recv connection 8 from local rank 6, transport 2
dgx052:185:389 [1] NCCL INFO NET/IB : GPU Direct RDMA (DMABUF) enabled for HCA 2 'mlx5_3
dgx052:188:391 [4] NCCL INFO New proxy recv connection 10 from local rank 4, transport 2
dgx052:191:385 [7] NCCL INFO New proxy recv connection 8 from local rank 7, transport 2
dgx052:184:404 [0] NCCL INFO Channel 02/0 : 8[0] -> 0[0] [receive] via NET/IBext_v8/0/GDRDMA
dgx052:190:402 [6] NCCL INFO Connected to proxy localRank 6 -> connection 0x7f7e30005300
dgx052:188:407 [4] NCCL INFO Connected to proxy localRank 4 -> connection 0x7f92ac0053f0
dgx052:184:404 [0] NCCL INFO GPU Direct RDMA Enabled for GPU 1b000 / HCA 0 (distance 4 <= 4), read 0
dgx052:191:405 [7] NCCL INFO Connected to proxy localRank 7 -> connection 0x7faa18005300
dgx052:185:401 [1] NCCL INFO Channel 03/0 : 9[1] -> 1[1] [receive] via NET/IBext_v8/2/GDRDMA
dgx052:185:401 [1] NCCL INFO GPU Direct RDMA Enabled for GPU 43000 / HCA 2 (distance 4 <= 4), read 0
dgx052:188:391 [4] NCCL INFO NET/IB : GPU Direct RDMA (DMABUF) enabled for HCA 5 'mlx5_6
dgx052:190:399 [6] NCCL INFO NET/IB : GPU Direct RDMA (DMABUF) enabled for HCA 8 'mlx5_10
dgx052:188:407 [4] NCCL INFO Channel 10/0 : 12[4] -> 4[4] [receive] via NET/IBext_v8/5/GDRDMA
dgx052:188:407 [4] NCCL INFO GPU Direct RDMA Enabled for GPU 9d000 / HCA 5 (distance 4 <= 4), read 0
dgx052:191:385 [7] NCCL INFO NET/IB : GPU Direct RDMA (DMABUF) enabled for HCA 9 'mlx5_11
dgx052:187:387 [3] NCCL INFO NET/IB : GPU Direct RDMA (DMABUF) enabled for HCA 4 'mlx5_5
dgx052:190:402 [6] NCCL INFO Channel 08/0 : 14[6] -> 6[6] [receive] via NET/IBext_v8/8/GDRDMA
dgx052:190:402 [6] NCCL INFO GPU Direct RDMA Enabled for GPU d1000 / HCA 8 (distance 4 <= 4), read 0
dgx052:188:391 [4] NCCL INFO New proxy recv connection 11 from local rank 4, transport 2
dgx052:191:405 [7] NCCL INFO Channel 08/0 : 15[7] -> 7[7] [receive] via NET/IBext_v8/9/GDRDMA
dgx052:191:405 [7] NCCL INFO GPU Direct RDMA Enabled for GPU df000 / HCA 9 (distance 4 <= 4), read 0
dgx052:188:407 [4] NCCL INFO Connected to proxy localRank 4 -> connection 0x7f92ac005468
dgx052:190:399 [6] NCCL INFO New proxy recv connection 9 from local rank 6, transport 2
dgx052:186:397 [2] NCCL INFO New proxy recv connection 3 from local rank 2, transport 2
dgx052:188:391 [4] NCCL INFO NET/IB : GPU Direct RDMA (DMABUF) enabled for HCA 5 'mlx5_6
dgx052:190:402 [6] NCCL INFO Connected to proxy localRank 6 -> connection 0x7f7e30005378
dgx052:187:403 [3] NCCL INFO Channel 03/0 : 11[3] -> 3[3] [receive] via NET/IBext_v8/4/GDRDMA
dgx052:191:385 [7] NCCL INFO New proxy recv connection 9 from local rank 7, transport 2
dgx052:187:403 [3] NCCL INFO GPU Direct RDMA Enabled for GPU 61000 / HCA 4 (distance 4 <= 4), read 0
dgx052:188:407 [4] NCCL INFO Channel 11/0 : 12[4] -> 4[4] [receive] via NET/IBext_v8/5/GDRDMA
dgx052:188:407 [4] NCCL INFO GPU Direct RDMA Enabled for GPU 9d000 / HCA 5 (distance 4 <= 4), read 0
dgx052:186:408 [2] NCCL INFO Connected to proxy localRank 2 -> connection 0x7f058c0050a8
dgx052:191:405 [7] NCCL INFO Connected to proxy localRank 7 -> connection 0x7faa18005378
dgx052:188:391 [4] NCCL INFO New proxy recv connection 12 from local rank 4, transport 2
dgx052:190:399 [6] NCCL INFO NET/IB : GPU Direct RDMA (DMABUF) enabled for HCA 8 'mlx5_10
dgx052:188:407 [4] NCCL INFO Connected to proxy localRank 4 -> connection 0x7f92ac0054e0
dgx052:190:402 [6] NCCL INFO Channel 09/0 : 14[6] -> 6[6] [receive] via NET/IBext_v8/8/GDRDMA
dgx052:184:393 [0] NCCL INFO New proxy recv connection 3 from local rank 0, transport 2
dgx052:190:402 [6] NCCL INFO GPU Direct RDMA Enabled for GPU d1000 / HCA 8 (distance 4 <= 4), read 0
dgx052:187:387 [3] NCCL INFO New proxy recv connection 4 from local rank 3, transport 2
dgx052:188:391 [4] NCCL INFO NET/IB : GPU Direct RDMA (DMABUF) enabled for HCA 5 'mlx5_6
dgx052:191:385 [7] NCCL INFO NET/IB : GPU Direct RDMA (DMABUF) enabled for HCA 9 'mlx5_11
dgx052:187:403 [3] NCCL INFO Connected to proxy localRank 3 -> connection 0x7fedb4005120
dgx052:188:407 [4] NCCL INFO Channel 12/0 : 12[4] -> 4[4] [receive] via NET/IBext_v8/5/GDRDMA
dgx052:188:407 [4] NCCL INFO GPU Direct RDMA Enabled for GPU 9d000 / HCA 5 (distance 4 <= 4), read 0
dgx052:191:405 [7] NCCL INFO Channel 09/0 : 15[7] -> 7[7] [receive] via NET/IBext_v8/9/GDRDMA
dgx052:185:389 [1] NCCL INFO New proxy recv connection 4 from local rank 1, transport 2
dgx052:191:405 [7] NCCL INFO GPU Direct RDMA Enabled for GPU df000 / HCA 9 (distance 4 <= 4), read 0
dgx052:190:399 [6] NCCL INFO New proxy recv connection 10 from local rank 6, transport 2
dgx052:184:404 [0] NCCL INFO Connected to proxy localRank 0 -> connection 0x7faf800050a8
dgx052:188:391 [4] NCCL INFO New proxy recv connection 13 from local rank 4, transport 2
dgx052:190:402 [6] NCCL INFO Connected to proxy localRank 6 -> connection 0x7f7e300053f0
dgx052:186:397 [2] NCCL INFO NET/IB : GPU Direct RDMA (DMABUF) enabled for HCA 3 'mlx5_4
dgx052:188:407 [4] NCCL INFO Connected to proxy localRank 4 -> connection 0x7f92ac005558
dgx052:185:401 [1] NCCL INFO Connected to proxy localRank 1 -> connection 0x7f018c005120
dgx052:191:385 [7] NCCL INFO New proxy recv connection 10 from local rank 7, transport 2
dgx052:188:391 [4] NCCL INFO NET/IB : GPU Direct RDMA (DMABUF) enabled for HCA 5 'mlx5_6
dgx052:190:399 [6] NCCL INFO NET/IB : GPU Direct RDMA (DMABUF) enabled for HCA 8 'mlx5_10
dgx052:191:405 [7] NCCL INFO Connected to proxy localRank 7 -> connection 0x7faa180053f0
dgx052:188:407 [4] NCCL INFO Channel 13/0 : 12[4] -> 4[4] [receive] via NET/IBext_v8/5/GDRDMA
dgx052:188:407 [4] NCCL INFO GPU Direct RDMA Enabled for GPU 9d000 / HCA 5 (distance 4 <= 4), read 0
dgx052:186:408 [2] NCCL INFO Channel 03/0 : 10[2] -> 2[2] [receive] via NET/IBext_v8/3/GDRDMA
dgx052:186:408 [2] NCCL INFO GPU Direct RDMA Enabled for GPU 52000 / HCA 3 (distance 4 <= 4), read 0
dgx052:190:402 [6] NCCL INFO Channel 10/0 : 14[6] -> 6[6] [receive] via NET/IBext_v8/8/GDRDMA
dgx052:190:402 [6] NCCL INFO GPU Direct RDMA Enabled for GPU d1000 / HCA 8 (distance 4 <= 4), read 0
dgx052:188:391 [4] NCCL INFO New proxy recv connection 14 from local rank 4, transport 2
dgx052:184:393 [0] NCCL INFO NET/IB : GPU Direct RDMA (DMABUF) enabled for HCA 0 'mlx5_0
dgx052:185:389 [1] NCCL INFO NET/IB : GPU Direct RDMA (DMABUF) enabled for HCA 2 'mlx5_3
dgx052:188:407 [4] NCCL INFO Connected to proxy localRank 4 -> connection 0x7f92ac0055d0
dgx052:191:385 [7] NCCL INFO NET/IB : GPU Direct RDMA (DMABUF) enabled for HCA 9 'mlx5_11
dgx052:190:399 [6] NCCL INFO New proxy recv connection 11 from local rank 6, transport 2
dgx052:191:405 [7] NCCL INFO Channel 10/0 : 15[7] -> 7[7] [receive] via NET/IBext_v8/9/GDRDMA
dgx052:191:405 [7] NCCL INFO GPU Direct RDMA Enabled for GPU df000 / HCA 9 (distance 4 <= 4), read 0
dgx052:190:402 [6] NCCL INFO Connected to proxy localRank 6 -> connection 0x7f7e30005468
dgx052:188:391 [4] NCCL INFO NET/IB : GPU Direct RDMA (DMABUF) enabled for HCA 5 'mlx5_6
dgx052:184:404 [0] NCCL INFO Channel 03/0 : 8[0] -> 0[0] [receive] via NET/IBext_v8/0/GDRDMA
dgx052:188:407 [4] NCCL INFO Channel 14/0 : 12[4] -> 4[4] [receive] via NET/IBext_v8/5/GDRDMA
dgx052:188:407 [4] NCCL INFO GPU Direct RDMA Enabled for GPU 9d000 / HCA 5 (distance 4 <= 4), read 0
dgx052:184:404 [0] NCCL INFO GPU Direct RDMA Enabled for GPU 1b000 / HCA 0 (distance 4 <= 4), read 0
dgx052:185:401 [1] NCCL INFO Channel 04/0 : 9[1] -> 1[1] [receive] via NET/IBext_v8/2/GDRDMA
dgx052:185:401 [1] NCCL INFO GPU Direct RDMA Enabled for GPU 43000 / HCA 2 (distance 4 <= 4), read 0
dgx052:190:399 [6] NCCL INFO NET/IB : GPU Direct RDMA (DMABUF) enabled for HCA 8 'mlx5_10
dgx052:187:387 [3] NCCL INFO NET/IB : GPU Direct RDMA (DMABUF) enabled for HCA 4 'mlx5_5
dgx052:188:391 [4] NCCL INFO New proxy recv connection 15 from local rank 4, transport 2
dgx052:191:385 [7] NCCL INFO New proxy recv connection 11 from local rank 7, transport 2
dgx052:188:407 [4] NCCL INFO Connected to proxy localRank 4 -> connection 0x7f92ac005648
dgx052:191:405 [7] NCCL INFO Connected to proxy localRank 7 -> connection 0x7faa18005468
dgx052:190:402 [6] NCCL INFO Channel 11/0 : 14[6] -> 6[6] [receive] via NET/IBext_v8/8/GDRDMA
dgx052:190:402 [6] NCCL INFO GPU Direct RDMA Enabled for GPU d1000 / HCA 8 (distance 4 <= 4), read 0
dgx052:188:391 [4] NCCL INFO NET/IB : GPU Direct RDMA (DMABUF) enabled for HCA 5 'mlx5_6
dgx052:185:389 [1] NCCL INFO New proxy recv connection 5 from local rank 1, transport 2
dgx052:190:399 [6] NCCL INFO New proxy recv connection 12 from local rank 6, transport 2
dgx052:188:407 [4] NCCL INFO Channel 15/0 : 12[4] -> 4[4] [receive] via NET/IBext_v8/5/GDRDMA
dgx052:187:403 [3] NCCL INFO Channel 04/0 : 11[3] -> 3[3] [receive] via NET/IBext_v8/4/GDRDMA
dgx052:188:407 [4] NCCL INFO GPU Direct RDMA Enabled for GPU 9d000 / HCA 5 (distance 4 <= 4), read 0
dgx052:187:403 [3] NCCL INFO GPU Direct RDMA Enabled for GPU 61000 / HCA 4 (distance 4 <= 4), read 0
dgx052:185:401 [1] NCCL INFO Connected to proxy localRank 1 -> connection 0x7f018c005198
dgx052:191:385 [7] NCCL INFO NET/IB : GPU Direct RDMA (DMABUF) enabled for HCA 9 'mlx5_11
dgx052:190:402 [6] NCCL INFO Connected to proxy localRank 6 -> connection 0x7f7e300054e0
dgx052:186:397 [2] NCCL INFO New proxy recv connection 4 from local rank 2, transport 2
dgx052:191:405 [7] NCCL INFO Channel 11/0 : 15[7] -> 7[7] [receive] via NET/IBext_v8/9/GDRDMA
dgx052:188:391 [4] NCCL INFO New proxy recv connection 16 from local rank 4, transport 2
dgx052:191:405 [7] NCCL INFO GPU Direct RDMA Enabled for GPU df000 / HCA 9 (distance 4 <= 4), read 0
dgx052:188:407 [4] NCCL INFO Connected to proxy localRank 4 -> connection 0x7f92ac0056c0
dgx052:190:399 [6] NCCL INFO NET/IB : GPU Direct RDMA (DMABUF) enabled for HCA 8 'mlx5_10
dgx052:191:385 [7] NCCL INFO New proxy recv connection 12 from local rank 7, transport 2
dgx052:187:387 [3] NCCL INFO New proxy recv connection 5 from local rank 3, transport 2
dgx052:186:408 [2] NCCL INFO Connected to proxy localRank 2 -> connection 0x7f058c005120
dgx052:191:405 [7] NCCL INFO Connected to proxy localRank 7 -> connection 0x7faa180054e0
dgx052:188:391 [4] NCCL INFO NET/IB : GPU Direct RDMA (DMABUF) enabled for HCA 5 'mlx5_6
dgx052:190:402 [6] NCCL INFO Channel 12/0 : 14[6] -> 6[6] [receive] via NET/IBext_v8/8/GDRDMA
dgx052:190:402 [6] NCCL INFO GPU Direct RDMA Enabled for GPU d1000 / HCA 8 (distance 4 <= 4), read 0
dgx052:187:403 [3] NCCL INFO Connected to proxy localRank 3 -> connection 0x7fedb4005198
dgx052:184:393 [0] NCCL INFO New proxy recv connection 4 from local rank 0, transport 2
dgx052:188:407 [4] NCCL INFO Channel 16/0 : 12[4] -> 4[4] [receive] via NET/IBext_v8/5/GDRDMA
dgx052:188:407 [4] NCCL INFO GPU Direct RDMA Enabled for GPU 9d000 / HCA 5 (distance 4 <= 4), read 0
dgx052:191:385 [7] NCCL INFO NET/IB : GPU Direct RDMA (DMABUF) enabled for HCA 9 'mlx5_11
dgx052:190:399 [6] NCCL INFO New proxy recv connection 13 from local rank 6, transport 2
dgx052:191:405 [7] NCCL INFO Channel 12/0 : 15[7] -> 7[7] [receive] via NET/IBext_v8/9/GDRDMA
dgx052:188:391 [4] NCCL INFO New proxy recv connection 17 from local rank 4, transport 2
dgx052:191:405 [7] NCCL INFO GPU Direct RDMA Enabled for GPU df000 / HCA 9 (distance 4 <= 4), read 0
dgx052:184:404 [0] NCCL INFO Connected to proxy localRank 0 -> connection 0x7faf80005120
dgx052:188:407 [4] NCCL INFO Connected to proxy localRank 4 -> connection 0x7f92ac005738
dgx052:190:402 [6] NCCL INFO Connected to proxy localRank 6 -> connection 0x7f7e30005558
dgx052:191:385 [7] NCCL INFO New proxy recv connection 13 from local rank 7, transport 2
dgx052:191:405 [7] NCCL INFO Connected to proxy localRank 7 -> connection 0x7faa18005558
dgx052:187:387 [3] NCCL INFO NET/IB : GPU Direct RDMA (DMABUF) enabled for HCA 4 'mlx5_5
dgx052:188:391 [4] NCCL INFO NET/IB : GPU Direct RDMA (DMABUF) enabled for HCA 5 'mlx5_6
dgx052:190:399 [6] NCCL INFO NET/IB : GPU Direct RDMA (DMABUF) enabled for HCA 8 'mlx5_10
dgx052:186:397 [2] NCCL INFO NET/IB : GPU Direct RDMA (DMABUF) enabled for HCA 3 'mlx5_4
dgx052:188:407 [4] NCCL INFO Channel 17/0 : 12[4] -> 4[4] [receive] via NET/IBext_v8/5/GDRDMA
dgx052:191:385 [7] NCCL INFO NET/IB : GPU Direct RDMA (DMABUF) enabled for HCA 9 'mlx5_11
dgx052:188:407 [4] NCCL INFO GPU Direct RDMA Enabled for GPU 9d000 / HCA 5 (distance 4 <= 4), read 0
dgx052:191:405 [7] NCCL INFO Channel 13/0 : 15[7] -> 7[7] [receive] via NET/IBext_v8/9/GDRDMA
dgx052:191:405 [7] NCCL INFO GPU Direct RDMA Enabled for GPU df000 / HCA 9 (distance 4 <= 4), read 0
dgx052:187:403 [3] NCCL INFO Channel 05/0 : 11[3] -> 3[3] [receive] via NET/IBext_v8/4/GDRDMA
dgx052:188:391 [4] NCCL INFO New proxy recv connection 18 from local rank 4, transport 2
dgx052:190:402 [6] NCCL INFO Channel 13/0 : 14[6] -> 6[6] [receive] via NET/IBext_v8/8/GDRDMA
dgx052:187:403 [3] NCCL INFO GPU Direct RDMA Enabled for GPU 61000 / HCA 4 (distance 4 <= 4), read 0
dgx052:190:402 [6] NCCL INFO GPU Direct RDMA Enabled for GPU d1000 / HCA 8 (distance 4 <= 4), read 0
dgx052:185:389 [1] NCCL INFO NET/IB : GPU Direct RDMA (DMABUF) enabled for HCA 2 'mlx5_3
dgx052:188:407 [4] NCCL INFO Connected to proxy localRank 4 -> connection 0x7f92ac0057b0
dgx052:191:385 [7] NCCL INFO New proxy recv connection 14 from local rank 7, transport 2
dgx052:191:405 [7] NCCL INFO Connected to proxy localRank 7 -> connection 0x7faa180055d0
dgx052:186:408 [2] NCCL INFO Channel 04/0 : 10[2] -> 2[2] [receive] via NET/IBext_v8/3/GDRDMA
dgx052:190:399 [6] NCCL INFO New proxy recv connection 14 from local rank 6, transport 2
dgx052:186:408 [2] NCCL INFO GPU Direct RDMA Enabled for GPU 52000 / HCA 3 (distance 4 <= 4), read 0
dgx052:188:391 [4] NCCL INFO NET/IB : GPU Direct RDMA (DMABUF) enabled for HCA 5 'mlx5_6
dgx052:190:402 [6] NCCL INFO Connected to proxy localRank 6 -> connection 0x7f7e300055d0
dgx052:191:385 [7] NCCL INFO NET/IB : GPU Direct RDMA (DMABUF) enabled for HCA 9 'mlx5_11
dgx052:188:407 [4] NCCL INFO Channel 18/0 : 12[4] -> 4[4] [receive] via NET/IBext_v8/5/GDRDMA
dgx052:188:407 [4] NCCL INFO GPU Direct RDMA Enabled for GPU 9d000 / HCA 5 (distance 4 <= 4), read 0
dgx052:187:387 [3] NCCL INFO New proxy recv connection 6 from local rank 3, transport 2
dgx052:191:405 [7] NCCL INFO Channel 14/0 : 15[7] -> 7[7] [receive] via NET/IBext_v8/9/GDRDMA
dgx052:191:405 [7] NCCL INFO GPU Direct RDMA Enabled for GPU df000 / HCA 9 (distance 4 <= 4), read 0
dgx052:185:401 [1] NCCL INFO Channel 05/0 : 9[1] -> 1[1] [receive] via NET/IBext_v8/2/GDRDMA
dgx052:188:391 [4] NCCL INFO New proxy recv connection 19 from local rank 4, transport 2
dgx052:190:399 [6] NCCL INFO NET/IB : GPU Direct RDMA (DMABUF) enabled for HCA 8 'mlx5_10
dgx052:185:401 [1] NCCL INFO GPU Direct RDMA Enabled for GPU 43000 / HCA 2 (distance 4 <= 4), read 0
dgx052:187:403 [3] NCCL INFO Connected to proxy localRank 3 -> connection 0x7fedb4005210
dgx052:191:385 [7] NCCL INFO New proxy recv connection 15 from local rank 7, transport 2
dgx052:188:407 [4] NCCL INFO Connected to proxy localRank 4 -> connection 0x7f92ac005828
dgx052:191:405 [7] NCCL INFO Connected to proxy localRank 7 -> connection 0x7faa18005648
dgx052:190:402 [6] NCCL INFO Channel 14/0 : 14[6] -> 6[6] [receive] via NET/IBext_v8/8/GDRDMA
dgx052:190:402 [6] NCCL INFO GPU Direct RDMA Enabled for GPU d1000 / HCA 8 (distance 4 <= 4), read 0
dgx052:188:391 [4] NCCL INFO NET/IB : GPU Direct RDMA (DMABUF) enabled for HCA 5 'mlx5_6
dgx052:184:393 [0] NCCL INFO NET/IB : GPU Direct RDMA (DMABUF) enabled for HCA 0 'mlx5_0
dgx052:191:385 [7] NCCL INFO NET/IB : GPU Direct RDMA (DMABUF) enabled for HCA 9 'mlx5_11
dgx052:190:399 [6] NCCL INFO New proxy recv connection 15 from local rank 6, transport 2
dgx052:191:405 [7] NCCL INFO Channel 15/0 : 15[7] -> 7[7] [receive] via NET/IBext_v8/9/GDRDMA
dgx052:191:405 [7] NCCL INFO GPU Direct RDMA Enabled for GPU df000 / HCA 9 (distance 4 <= 4), read 0
dgx052:188:407 [4] NCCL INFO Channel 19/0 : 12[4] -> 4[4] [receive] via NET/IBext_v8/5/GDRDMA
dgx052:188:407 [4] NCCL INFO GPU Direct RDMA Enabled for GPU 9d000 / HCA 5 (distance 4 <= 4), read 0
dgx052:185:389 [1] NCCL INFO New proxy recv connection 6 from local rank 1, transport 2
dgx052:190:402 [6] NCCL INFO Connected to proxy localRank 6 -> connection 0x7f7e30005648
dgx052:188:391 [4] NCCL INFO New proxy recv connection 20 from local rank 4, transport 2
dgx052:191:385 [7] NCCL INFO New proxy recv connection 16 from local rank 7, transport 2
dgx052:191:405 [7] NCCL INFO Connected to proxy localRank 7 -> connection 0x7faa180056c0
dgx052:188:407 [4] NCCL INFO Connected to proxy localRank 4 -> connection 0x7f92ac0058a0
dgx052:185:401 [1] NCCL INFO Connected to proxy localRank 1 -> connection 0x7f018c005210
dgx052:190:399 [6] NCCL INFO NET/IB : GPU Direct RDMA (DMABUF) enabled for HCA 8 'mlx5_10
dgx052:184:404 [0] NCCL INFO Channel 04/0 : 8[0] -> 0[0] [receive] via NET/IBext_v8/0/GDRDMA
dgx052:184:404 [0] NCCL INFO GPU Direct RDMA Enabled for GPU 1b000 / HCA 0 (distance 4 <= 4), read 0
dgx052:191:385 [7] NCCL INFO NET/IB : GPU Direct RDMA (DMABUF) enabled for HCA 9 'mlx5_11
dgx052:188:391 [4] NCCL INFO NET/IB : GPU Direct RDMA (DMABUF) enabled for HCA 5 'mlx5_6
dgx052:191:405 [7] NCCL INFO Channel 16/0 : 15[7] -> 7[7] [receive] via NET/IBext_v8/9/GDRDMA
dgx052:190:402 [6] NCCL INFO Channel 15/0 : 14[6] -> 6[6] [receive] via NET/IBext_v8/8/GDRDMA
dgx052:190:402 [6] NCCL INFO GPU Direct RDMA Enabled for GPU d1000 / HCA 8 (distance 4 <= 4), read 0
dgx052:191:405 [7] NCCL INFO GPU Direct RDMA Enabled for GPU df000 / HCA 9 (distance 4 <= 4), read 0
dgx052:188:407 [4] NCCL INFO Channel 20/0 : 12[4] -> 4[4] [receive] via NET/IBext_v8/5/GDRDMA
dgx052:188:407 [4] NCCL INFO GPU Direct RDMA Enabled for GPU 9d000 / HCA 5 (distance 4 <= 4), read 0
dgx052:191:385 [7] NCCL INFO New proxy recv connection 17 from local rank 7, transport 2
dgx052:190:399 [6] NCCL INFO New proxy recv connection 16 from local rank 6, transport 2
dgx052:188:391 [4] NCCL INFO New proxy recv connection 21 from local rank 4, transport 2
dgx052:185:389 [1] NCCL INFO NET/IB : GPU Direct RDMA (DMABUF) enabled for HCA 2 'mlx5_3
dgx052:191:405 [7] NCCL INFO Connected to proxy localRank 7 -> connection 0x7faa18005738
dgx052:188:407 [4] NCCL INFO Connected to proxy localRank 4 -> connection 0x7f92ac005918
dgx052:186:397 [2] NCCL INFO New proxy recv connection 5 from local rank 2, transport 2
dgx052:190:402 [6] NCCL INFO Connected to proxy localRank 6 -> connection 0x7f7e300056c0
dgx052:187:387 [3] NCCL INFO NET/IB : GPU Direct RDMA (DMABUF) enabled for HCA 4 'mlx5_5
dgx052:191:385 [7] NCCL INFO NET/IB : GPU Direct RDMA (DMABUF) enabled for HCA 9 'mlx5_11
dgx052:184:393 [0] NCCL INFO New proxy recv connection 5 from local rank 0, transport 2
dgx052:188:391 [4] NCCL INFO NET/IB : GPU Direct RDMA (DMABUF) enabled for HCA 5 'mlx5_6
dgx052:191:405 [7] NCCL INFO Channel 17/0 : 15[7] -> 7[7] [receive] via NET/IBext_v8/9/GDRDMA
dgx052:191:405 [7] NCCL INFO GPU Direct RDMA Enabled for GPU df000 / HCA 9 (distance 4 <= 4), read 0
dgx052:185:401 [1] NCCL INFO Channel 06/0 : 9[1] -> 1[1] [receive] via NET/IBext_v8/2/GDRDMA
dgx052:190:399 [6] NCCL INFO NET/IB : GPU Direct RDMA (DMABUF) enabled for HCA 8 'mlx5_10
dgx052:185:401 [1] NCCL INFO GPU Direct RDMA Enabled for GPU 43000 / HCA 2 (distance 4 <= 4), read 0
dgx052:186:408 [2] NCCL INFO Connected to proxy localRank 2 -> connection 0x7f058c005198
dgx052:188:407 [4] NCCL INFO Channel 21/0 : 12[4] -> 4[4] [receive] via NET/IBext_v8/5/GDRDMA
dgx052:188:407 [4] NCCL INFO GPU Direct RDMA Enabled for GPU 9d000 / HCA 5 (distance 4 <= 4), read 0
dgx052:184:404 [0] NCCL INFO Connected to proxy localRank 0 -> connection 0x7faf80005198
dgx052:191:385 [7] NCCL INFO New proxy recv connection 18 from local rank 7, transport 2
dgx052:190:402 [6] NCCL INFO Channel 16/0 : 14[6] -> 6[6] [receive] via NET/IBext_v8/8/GDRDMA
dgx052:190:402 [6] NCCL INFO GPU Direct RDMA Enabled for GPU d1000 / HCA 8 (distance 4 <= 4), read 0
dgx052:191:405 [7] NCCL INFO Connected to proxy localRank 7 -> connection 0x7faa180057b0
dgx052:188:391 [4] NCCL INFO New proxy recv connection 22 from local rank 4, transport 2
dgx052:188:407 [4] NCCL INFO Connected to proxy localRank 4 -> connection 0x7f92ac005990
dgx052:187:403 [3] NCCL INFO Channel 06/0 : 11[3] -> 3[3] [receive] via NET/IBext_v8/4/GDRDMA
dgx052:187:403 [3] NCCL INFO GPU Direct RDMA Enabled for GPU 61000 / HCA 4 (distance 4 <= 4), read 0
dgx052:190:399 [6] NCCL INFO New proxy recv connection 17 from local rank 6, transport 2
dgx052:191:385 [7] NCCL INFO NET/IB : GPU Direct RDMA (DMABUF) enabled for HCA 9 'mlx5_11
dgx052:185:389 [1] NCCL INFO New proxy recv connection 7 from local rank 1, transport 2
dgx052:191:405 [7] NCCL INFO Channel 18/0 : 15[7] -> 7[7] [receive] via NET/IBext_v8/9/GDRDMA
dgx052:188:391 [4] NCCL INFO NET/IB : GPU Direct RDMA (DMABUF) enabled for HCA 5 'mlx5_6
dgx052:191:405 [7] NCCL INFO GPU Direct RDMA Enabled for GPU df000 / HCA 9 (distance 4 <= 4), read 0
dgx052:190:402 [6] NCCL INFO Connected to proxy localRank 6 -> connection 0x7f7e30005738
dgx052:185:401 [1] NCCL INFO Connected to proxy localRank 1 -> connection 0x7f018c005288
dgx052:188:407 [4] NCCL INFO Channel 22/0 : 12[4] -> 4[4] [receive] via NET/IBext_v8/5/GDRDMA
dgx052:188:407 [4] NCCL INFO GPU Direct RDMA Enabled for GPU 9d000 / HCA 5 (distance 4 <= 4), read 0
dgx052:191:385 [7] NCCL INFO New proxy recv connection 19 from local rank 7, transport 2
dgx052:186:397 [2] NCCL INFO NET/IB : GPU Direct RDMA (DMABUF) enabled for HCA 3 'mlx5_4
dgx052:191:405 [7] NCCL INFO Connected to proxy localRank 7 -> connection 0x7faa18005828
dgx052:190:399 [6] NCCL INFO NET/IB : GPU Direct RDMA (DMABUF) enabled for HCA 8 'mlx5_10
dgx052:187:387 [3] NCCL INFO New proxy recv connection 7 from local rank 3, transport 2
dgx052:188:391 [4] NCCL INFO New proxy recv connection 23 from local rank 4, transport 2
dgx052:188:407 [4] NCCL INFO Connected to proxy localRank 4 -> connection 0x7f92ac005a08
dgx052:191:385 [7] NCCL INFO NET/IB : GPU Direct RDMA (DMABUF) enabled for HCA 9 'mlx5_11
dgx052:190:402 [6] NCCL INFO Channel 17/0 : 14[6] -> 6[6] [receive] via NET/IBext_v8/8/GDRDMA
dgx052:190:402 [6] NCCL INFO GPU Direct RDMA Enabled for GPU d1000 / HCA 8 (distance 4 <= 4), read 0
dgx052:187:403 [3] NCCL INFO Connected to proxy localRank 3 -> connection 0x7fedb4005288
dgx052:191:405 [7] NCCL INFO Channel 19/0 : 15[7] -> 7[7] [receive] via NET/IBext_v8/9/GDRDMA
dgx052:191:405 [7] NCCL INFO GPU Direct RDMA Enabled for GPU df000 / HCA 9 (distance 4 <= 4), read 0
dgx052:185:389 [1] NCCL INFO NET/IB : GPU Direct RDMA (DMABUF) enabled for HCA 2 'mlx5_3
dgx052:188:391 [4] NCCL INFO NET/IB : GPU Direct RDMA (DMABUF) enabled for HCA 5 'mlx5_6
dgx052:190:399 [6] NCCL INFO New proxy recv connection 18 from local rank 6, transport 2
dgx052:186:408 [2] NCCL INFO Channel 05/0 : 10[2] -> 2[2] [receive] via NET/IBext_v8/3/GDRDMA
dgx052:186:408 [2] NCCL INFO GPU Direct RDMA Enabled for GPU 52000 / HCA 3 (distance 4 <= 4), read 0
dgx052:191:385 [7] NCCL INFO New proxy recv connection 20 from local rank 7, transport 2
