dgx052:184:391 [2] NCCL INFO New proxy send connection 46 from local rank 2, transport 2
dgx052:188:399 [6] NCCL INFO Channel 05/0 : 6[6] -> 14[6] [send] via NET/IBext_v8/8/GDRDMA
dgx052:188:399 [6] NCCL INFO GPU Direct RDMA Enabled for GPU d1000 / HCA 8 (distance 4 <= 4), read 1
dgx052:184:406 [2] NCCL INFO Connected to proxy localRank 2 -> connection 0x7f2f740064d0
dgx052:189:389 [7] NCCL INFO NET/IB : GPU Direct RDMA (DMABUF) enabled for HCA 9 'mlx5_11
dgx052:188:397 [6] NCCL INFO New proxy send connection 34 from local rank 6, transport 2
dgx052:189:405 [7] NCCL INFO Channel 22/0 : 7[7] -> 15[7] [send] via NET/IBext_v8/9/GDRDMA
dgx052:189:405 [7] NCCL INFO GPU Direct RDMA Enabled for GPU df000 / HCA 9 (distance 4 <= 4), read 1
dgx052:188:399 [6] NCCL INFO Connected to proxy localRank 6 -> connection 0x7f5060005f30
dgx052:184:391 [2] NCCL INFO NET/IB : GPU Direct RDMA (DMABUF) enabled for HCA 3 'mlx5_4
dgx052:189:389 [7] NCCL INFO New proxy send connection 51 from local rank 7, transport 2
dgx052:184:406 [2] NCCL INFO Channel 18/0 : 2[2] -> 10[2] [send] via NET/IBext_v8/3/GDRDMA
dgx052:184:406 [2] NCCL INFO GPU Direct RDMA Enabled for GPU 52000 / HCA 3 (distance 4 <= 4), read 1
dgx052:188:397 [6] NCCL INFO NET/IB : GPU Direct RDMA (DMABUF) enabled for HCA 8 'mlx5_10
dgx052:189:405 [7] NCCL INFO Connected to proxy localRank 7 -> connection 0x7f7a10006728
dgx052:188:399 [6] NCCL INFO Channel 06/0 : 6[6] -> 14[6] [send] via NET/IBext_v8/8/GDRDMA
dgx052:188:399 [6] NCCL INFO GPU Direct RDMA Enabled for GPU d1000 / HCA 8 (distance 4 <= 4), read 1
dgx052:189:389 [7] NCCL INFO NET/IB : GPU Direct RDMA (DMABUF) enabled for HCA 9 'mlx5_11
dgx052:188:397 [6] NCCL INFO New proxy send connection 35 from local rank 6, transport 2
dgx052:189:405 [7] NCCL INFO Channel 23/0 : 7[7] -> 15[7] [send] via NET/IBext_v8/9/GDRDMA
dgx052:189:405 [7] NCCL INFO GPU Direct RDMA Enabled for GPU df000 / HCA 9 (distance 4 <= 4), read 1
dgx052:184:391 [2] NCCL INFO New proxy send connection 47 from local rank 2, transport 2
dgx052:188:399 [6] NCCL INFO Connected to proxy localRank 6 -> connection 0x7f5060005fa8
dgx052:184:406 [2] NCCL INFO Connected to proxy localRank 2 -> connection 0x7f2f74006548
dgx052:189:389 [7] NCCL INFO New proxy send connection 52 from local rank 7, transport 2
dgx052:185:387 [3] NCCL INFO NET/IB : GPU Direct RDMA (DMABUF) enabled for HCA 4 'mlx5_5
dgx052:189:405 [7] NCCL INFO Connected to proxy localRank 7 -> connection 0x7f7a100067a0
dgx052:188:397 [6] NCCL INFO NET/IB : GPU Direct RDMA (DMABUF) enabled for HCA 8 'mlx5_10
dgx052:188:399 [6] NCCL INFO Channel 07/0 : 6[6] -> 14[6] [send] via NET/IBext_v8/8/GDRDMA
dgx052:188:399 [6] NCCL INFO GPU Direct RDMA Enabled for GPU d1000 / HCA 8 (distance 4 <= 4), read 1
dgx052:184:391 [2] NCCL INFO NET/IB : GPU Direct RDMA (DMABUF) enabled for HCA 3 'mlx5_4
dgx052:189:389 [7] NCCL INFO NET/IB : GPU Direct RDMA (DMABUF) enabled for HCA 9 'mlx5_11
dgx052:184:406 [2] NCCL INFO Channel 19/0 : 2[2] -> 10[2] [send] via NET/IBext_v8/3/GDRDMA
dgx052:188:397 [6] NCCL INFO New proxy send connection 36 from local rank 6, transport 2
dgx052:184:406 [2] NCCL INFO GPU Direct RDMA Enabled for GPU 52000 / HCA 3 (distance 4 <= 4), read 1
dgx052:189:405 [7] NCCL INFO Channel 24/0 : 7[7] -> 15[7] [send] via NET/IBext_v8/9/GDRDMA
dgx052:189:405 [7] NCCL INFO GPU Direct RDMA Enabled for GPU df000 / HCA 9 (distance 4 <= 4), read 1
dgx052:188:399 [6] NCCL INFO Connected to proxy localRank 6 -> connection 0x7f5060006020
dgx052:185:401 [3] NCCL INFO Channel 08/0 : 11[3] -> 3[3] [receive] via NET/IBext_v8/4/GDRDMA
dgx052:185:401 [3] NCCL INFO GPU Direct RDMA Enabled for GPU 61000 / HCA 4 (distance 4 <= 4), read 0
dgx052:189:389 [7] NCCL INFO New proxy send connection 53 from local rank 7, transport 2
dgx052:184:391 [2] NCCL INFO New proxy send connection 48 from local rank 2, transport 2
dgx052:188:397 [6] NCCL INFO NET/IB : GPU Direct RDMA (DMABUF) enabled for HCA 8 'mlx5_10
dgx052:189:405 [7] NCCL INFO Connected to proxy localRank 7 -> connection 0x7f7a10006818
dgx052:188:399 [6] NCCL INFO Channel 08/0 : 6[6] -> 14[6] [send] via NET/IBext_v8/8/GDRDMA
dgx052:188:399 [6] NCCL INFO GPU Direct RDMA Enabled for GPU d1000 / HCA 8 (distance 4 <= 4), read 1
dgx052:184:406 [2] NCCL INFO Connected to proxy localRank 2 -> connection 0x7f2f740065c0
dgx052:189:389 [7] NCCL INFO NET/IB : GPU Direct RDMA (DMABUF) enabled for HCA 9 'mlx5_11
dgx052:188:397 [6] NCCL INFO New proxy send connection 37 from local rank 6, transport 2
dgx052:189:405 [7] NCCL INFO Channel 25/0 : 7[7] -> 15[7] [send] via NET/IBext_v8/9/GDRDMA
dgx052:189:405 [7] NCCL INFO GPU Direct RDMA Enabled for GPU df000 / HCA 9 (distance 4 <= 4), read 1
dgx052:188:399 [6] NCCL INFO Connected to proxy localRank 6 -> connection 0x7f5060006098
dgx052:184:391 [2] NCCL INFO NET/IB : GPU Direct RDMA (DMABUF) enabled for HCA 3 'mlx5_4
dgx052:189:389 [7] NCCL INFO New proxy send connection 54 from local rank 7, transport 2
dgx052:184:406 [2] NCCL INFO Channel 20/0 : 2[2] -> 10[2] [send] via NET/IBext_v8/3/GDRDMA
dgx052:184:406 [2] NCCL INFO GPU Direct RDMA Enabled for GPU 52000 / HCA 3 (distance 4 <= 4), read 1
dgx052:188:397 [6] NCCL INFO NET/IB : GPU Direct RDMA (DMABUF) enabled for HCA 8 'mlx5_10
dgx052:189:405 [7] NCCL INFO Connected to proxy localRank 7 -> connection 0x7f7a10006890
dgx052:188:399 [6] NCCL INFO Channel 09/0 : 6[6] -> 14[6] [send] via NET/IBext_v8/8/GDRDMA
dgx052:188:399 [6] NCCL INFO GPU Direct RDMA Enabled for GPU d1000 / HCA 8 (distance 4 <= 4), read 1
dgx052:188:397 [6] NCCL INFO New proxy send connection 38 from local rank 6, transport 2
dgx052:189:389 [7] NCCL INFO NET/IB : GPU Direct RDMA (DMABUF) enabled for HCA 9 'mlx5_11
dgx052:184:391 [2] NCCL INFO New proxy send connection 49 from local rank 2, transport 2
dgx052:189:405 [7] NCCL INFO Channel 26/0 : 7[7] -> 15[7] [send] via NET/IBext_v8/9/GDRDMA
dgx052:189:405 [7] NCCL INFO GPU Direct RDMA Enabled for GPU df000 / HCA 9 (distance 4 <= 4), read 1
dgx052:188:399 [6] NCCL INFO Connected to proxy localRank 6 -> connection 0x7f5060006110
dgx052:184:406 [2] NCCL INFO Connected to proxy localRank 2 -> connection 0x7f2f74006638
dgx052:189:389 [7] NCCL INFO New proxy send connection 55 from local rank 7, transport 2
dgx052:188:397 [6] NCCL INFO NET/IB : GPU Direct RDMA (DMABUF) enabled for HCA 8 'mlx5_10
dgx052:189:405 [7] NCCL INFO Connected to proxy localRank 7 -> connection 0x7f7a10006908
dgx052:188:399 [6] NCCL INFO Channel 10/0 : 6[6] -> 14[6] [send] via NET/IBext_v8/8/GDRDMA
dgx052:188:399 [6] NCCL INFO GPU Direct RDMA Enabled for GPU d1000 / HCA 8 (distance 4 <= 4), read 1
dgx052:184:391 [2] NCCL INFO NET/IB : GPU Direct RDMA (DMABUF) enabled for HCA 3 'mlx5_4
dgx052:184:406 [2] NCCL INFO Channel 21/0 : 2[2] -> 10[2] [send] via NET/IBext_v8/3/GDRDMA
dgx052:184:406 [2] NCCL INFO GPU Direct RDMA Enabled for GPU 52000 / HCA 3 (distance 4 <= 4), read 1
dgx052:189:389 [7] NCCL INFO NET/IB : GPU Direct RDMA (DMABUF) enabled for HCA 9 'mlx5_11
dgx052:188:397 [6] NCCL INFO New proxy send connection 39 from local rank 6, transport 2
dgx052:189:405 [7] NCCL INFO Channel 27/0 : 7[7] -> 15[7] [send] via NET/IBext_v8/9/GDRDMA
dgx052:185:387 [3] NCCL INFO New proxy recv connection 9 from local rank 3, transport 2
dgx052:188:399 [6] NCCL INFO Connected to proxy localRank 6 -> connection 0x7f5060006188
dgx052:184:391 [2] NCCL INFO New proxy send connection 50 from local rank 2, transport 2
dgx052:185:401 [3] NCCL INFO Connected to proxy localRank 3 -> connection 0x7f223c005378
dgx052:188:397 [6] NCCL INFO NET/IB : GPU Direct RDMA (DMABUF) enabled for HCA 8 'mlx5_10
dgx052:188:399 [6] NCCL INFO Channel 11/0 : 6[6] -> 14[6] [send] via NET/IBext_v8/8/GDRDMA
dgx052:188:399 [6] NCCL INFO GPU Direct RDMA Enabled for GPU d1000 / HCA 8 (distance 4 <= 4), read 1
dgx052:184:406 [2] NCCL INFO Connected to proxy localRank 2 -> connection 0x7f2f740066b0
dgx052:188:397 [6] NCCL INFO New proxy send connection 40 from local rank 6, transport 2
dgx052:188:399 [6] NCCL INFO Connected to proxy localRank 6 -> connection 0x7f5060006200
dgx052:184:391 [2] NCCL INFO NET/IB : GPU Direct RDMA (DMABUF) enabled for HCA 3 'mlx5_4
dgx052:184:406 [2] NCCL INFO Channel 22/0 : 2[2] -> 10[2] [send] via NET/IBext_v8/3/GDRDMA
dgx052:184:406 [2] NCCL INFO GPU Direct RDMA Enabled for GPU 52000 / HCA 3 (distance 4 <= 4), read 1
dgx052:188:397 [6] NCCL INFO NET/IB : GPU Direct RDMA (DMABUF) enabled for HCA 8 'mlx5_10
dgx052:188:399 [6] NCCL INFO Channel 12/0 : 6[6] -> 14[6] [send] via NET/IBext_v8/8/GDRDMA
dgx052:188:399 [6] NCCL INFO GPU Direct RDMA Enabled for GPU d1000 / HCA 8 (distance 4 <= 4), read 1
dgx052:184:391 [2] NCCL INFO New proxy send connection 51 from local rank 2, transport 2
dgx052:188:397 [6] NCCL INFO New proxy send connection 41 from local rank 6, transport 2
dgx052:184:406 [2] NCCL INFO Connected to proxy localRank 2 -> connection 0x7f2f74006728
dgx052:188:399 [6] NCCL INFO Connected to proxy localRank 6 -> connection 0x7f5060006278
dgx052:188:397 [6] NCCL INFO NET/IB : GPU Direct RDMA (DMABUF) enabled for HCA 8 'mlx5_10
dgx052:188:399 [6] NCCL INFO Channel 13/0 : 6[6] -> 14[6] [send] via NET/IBext_v8/8/GDRDMA
dgx052:188:399 [6] NCCL INFO GPU Direct RDMA Enabled for GPU d1000 / HCA 8 (distance 4 <= 4), read 1
dgx052:184:391 [2] NCCL INFO NET/IB : GPU Direct RDMA (DMABUF) enabled for HCA 3 'mlx5_4
dgx052:184:406 [2] NCCL INFO Channel 23/0 : 2[2] -> 10[2] [send] via NET/IBext_v8/3/GDRDMA
dgx052:184:406 [2] NCCL INFO GPU Direct RDMA Enabled for GPU 52000 / HCA 3 (distance 4 <= 4), read 1
dgx052:188:397 [6] NCCL INFO New proxy send connection 42 from local rank 6, transport 2
dgx052:188:399 [6] NCCL INFO Connected to proxy localRank 6 -> connection 0x7f50600062f0
dgx052:185:387 [3] NCCL INFO NET/IB : GPU Direct RDMA (DMABUF) enabled for HCA 4 'mlx5_5
dgx052:184:391 [2] NCCL INFO New proxy send connection 52 from local rank 2, transport 2
dgx052:188:397 [6] NCCL INFO NET/IB : GPU Direct RDMA (DMABUF) enabled for HCA 8 'mlx5_10
dgx052:184:406 [2] NCCL INFO Connected to proxy localRank 2 -> connection 0x7f2f740067a0
dgx052:188:399 [6] NCCL INFO Channel 14/0 : 6[6] -> 14[6] [send] via NET/IBext_v8/8/GDRDMA
dgx052:188:399 [6] NCCL INFO GPU Direct RDMA Enabled for GPU d1000 / HCA 8 (distance 4 <= 4), read 1
dgx052:188:397 [6] NCCL INFO New proxy send connection 43 from local rank 6, transport 2
dgx052:185:401 [3] NCCL INFO Channel 09/0 : 11[3] -> 3[3] [receive] via NET/IBext_v8/4/GDRDMA
dgx052:188:399 [6] NCCL INFO Connected to proxy localRank 6 -> connection 0x7f5060006368
dgx052:185:401 [3] NCCL INFO GPU Direct RDMA Enabled for GPU 61000 / HCA 4 (distance 4 <= 4), read 0
dgx052:184:391 [2] NCCL INFO NET/IB : GPU Direct RDMA (DMABUF) enabled for HCA 3 'mlx5_4
dgx052:184:406 [2] NCCL INFO Channel 24/0 : 2[2] -> 10[2] [send] via NET/IBext_v8/3/GDRDMA
dgx052:184:406 [2] NCCL INFO GPU Direct RDMA Enabled for GPU 52000 / HCA 3 (distance 4 <= 4), read 1
dgx052:188:397 [6] NCCL INFO NET/IB : GPU Direct RDMA (DMABUF) enabled for HCA 8 'mlx5_10
dgx052:188:399 [6] NCCL INFO Channel 15/0 : 6[6] -> 14[6] [send] via NET/IBext_v8/8/GDRDMA
dgx052:188:399 [6] NCCL INFO GPU Direct RDMA Enabled for GPU d1000 / HCA 8 (distance 4 <= 4), read 1
dgx052:184:391 [2] NCCL INFO New proxy send connection 53 from local rank 2, transport 2
dgx052:188:397 [6] NCCL INFO New proxy send connection 44 from local rank 6, transport 2
dgx052:184:406 [2] NCCL INFO Connected to proxy localRank 2 -> connection 0x7f2f74006818
dgx052:188:399 [6] NCCL INFO Connected to proxy localRank 6 -> connection 0x7f50600063e0
dgx052:188:397 [6] NCCL INFO NET/IB : GPU Direct RDMA (DMABUF) enabled for HCA 8 'mlx5_10
dgx052:184:391 [2] NCCL INFO NET/IB : GPU Direct RDMA (DMABUF) enabled for HCA 3 'mlx5_4
dgx052:188:399 [6] NCCL INFO Channel 16/0 : 6[6] -> 14[6] [send] via NET/IBext_v8/8/GDRDMA
dgx052:188:399 [6] NCCL INFO GPU Direct RDMA Enabled for GPU d1000 / HCA 8 (distance 4 <= 4), read 1
dgx052:184:406 [2] NCCL INFO Channel 25/0 : 2[2] -> 10[2] [send] via NET/IBext_v8/3/GDRDMA
dgx052:184:406 [2] NCCL INFO GPU Direct RDMA Enabled for GPU 52000 / HCA 3 (distance 4 <= 4), read 1
dgx052:188:397 [6] NCCL INFO New proxy send connection 45 from local rank 6, transport 2
dgx052:188:399 [6] NCCL INFO Connected to proxy localRank 6 -> connection 0x7f5060006458
dgx052:184:391 [2] NCCL INFO New proxy send connection 54 from local rank 2, transport 2
dgx052:184:406 [2] NCCL INFO Connected to proxy localRank 2 -> connection 0x7f2f74006890
dgx052:188:397 [6] NCCL INFO NET/IB : GPU Direct RDMA (DMABUF) enabled for HCA 8 'mlx5_10
dgx052:188:399 [6] NCCL INFO Channel 17/0 : 6[6] -> 14[6] [send] via NET/IBext_v8/8/GDRDMA
dgx052:188:399 [6] NCCL INFO GPU Direct RDMA Enabled for GPU d1000 / HCA 8 (distance 4 <= 4), read 1
dgx052:188:397 [6] NCCL INFO New proxy send connection 46 from local rank 6, transport 2
dgx052:184:391 [2] NCCL INFO NET/IB : GPU Direct RDMA (DMABUF) enabled for HCA 3 'mlx5_4
dgx052:188:399 [6] NCCL INFO Connected to proxy localRank 6 -> connection 0x7f50600064d0
dgx052:184:406 [2] NCCL INFO Channel 26/0 : 2[2] -> 10[2] [send] via NET/IBext_v8/3/GDRDMA
dgx052:184:406 [2] NCCL INFO GPU Direct RDMA Enabled for GPU 52000 / HCA 3 (distance 4 <= 4), read 1
dgx052:188:397 [6] NCCL INFO NET/IB : GPU Direct RDMA (DMABUF) enabled for HCA 8 'mlx5_10
dgx052:185:387 [3] NCCL INFO New proxy recv connection 10 from local rank 3, transport 2
dgx052:188:399 [6] NCCL INFO Channel 18/0 : 6[6] -> 14[6] [send] via NET/IBext_v8/8/GDRDMA
dgx052:188:399 [6] NCCL INFO GPU Direct RDMA Enabled for GPU d1000 / HCA 8 (distance 4 <= 4), read 1
dgx052:184:391 [2] NCCL INFO New proxy send connection 55 from local rank 2, transport 2
dgx052:184:406 [2] NCCL INFO Connected to proxy localRank 2 -> connection 0x7f2f74006908
dgx052:188:397 [6] NCCL INFO New proxy send connection 47 from local rank 6, transport 2
dgx052:185:401 [3] NCCL INFO Connected to proxy localRank 3 -> connection 0x7f223c0053f0
dgx052:188:399 [6] NCCL INFO Connected to proxy localRank 6 -> connection 0x7f5060006548
dgx052:184:391 [2] NCCL INFO NET/IB : GPU Direct RDMA (DMABUF) enabled for HCA 3 'mlx5_4
dgx052:188:397 [6] NCCL INFO NET/IB : GPU Direct RDMA (DMABUF) enabled for HCA 8 'mlx5_10
dgx052:184:406 [2] NCCL INFO Channel 27/0 : 2[2] -> 10[2] [send] via NET/IBext_v8/3/GDRDMA
dgx052:188:399 [6] NCCL INFO Channel 19/0 : 6[6] -> 14[6] [send] via NET/IBext_v8/8/GDRDMA
dgx052:188:399 [6] NCCL INFO GPU Direct RDMA Enabled for GPU d1000 / HCA 8 (distance 4 <= 4), read 1
dgx052:188:397 [6] NCCL INFO New proxy send connection 48 from local rank 6, transport 2
dgx052:188:399 [6] NCCL INFO Connected to proxy localRank 6 -> connection 0x7f50600065c0
dgx052:188:397 [6] NCCL INFO NET/IB : GPU Direct RDMA (DMABUF) enabled for HCA 8 'mlx5_10
dgx052:188:399 [6] NCCL INFO Channel 20/0 : 6[6] -> 14[6] [send] via NET/IBext_v8/8/GDRDMA
dgx052:188:399 [6] NCCL INFO GPU Direct RDMA Enabled for GPU d1000 / HCA 8 (distance 4 <= 4), read 1
dgx052:188:397 [6] NCCL INFO New proxy send connection 49 from local rank 6, transport 2
dgx052:188:399 [6] NCCL INFO Connected to proxy localRank 6 -> connection 0x7f5060006638
dgx052:188:397 [6] NCCL INFO NET/IB : GPU Direct RDMA (DMABUF) enabled for HCA 8 'mlx5_10
dgx052:188:399 [6] NCCL INFO Channel 21/0 : 6[6] -> 14[6] [send] via NET/IBext_v8/8/GDRDMA
dgx052:188:399 [6] NCCL INFO GPU Direct RDMA Enabled for GPU d1000 / HCA 8 (distance 4 <= 4), read 1
dgx052:188:397 [6] NCCL INFO New proxy send connection 50 from local rank 6, transport 2
dgx052:188:399 [6] NCCL INFO Connected to proxy localRank 6 -> connection 0x7f50600066b0
dgx052:188:397 [6] NCCL INFO NET/IB : GPU Direct RDMA (DMABUF) enabled for HCA 8 'mlx5_10
dgx052:188:399 [6] NCCL INFO Channel 22/0 : 6[6] -> 14[6] [send] via NET/IBext_v8/8/GDRDMA
dgx052:188:399 [6] NCCL INFO GPU Direct RDMA Enabled for GPU d1000 / HCA 8 (distance 4 <= 4), read 1
dgx052:185:387 [3] NCCL INFO NET/IB : GPU Direct RDMA (DMABUF) enabled for HCA 4 'mlx5_5
dgx052:188:397 [6] NCCL INFO New proxy send connection 51 from local rank 6, transport 2
dgx052:188:399 [6] NCCL INFO Connected to proxy localRank 6 -> connection 0x7f5060006728
dgx052:185:401 [3] NCCL INFO Channel 10/0 : 11[3] -> 3[3] [receive] via NET/IBext_v8/4/GDRDMA
dgx052:185:401 [3] NCCL INFO GPU Direct RDMA Enabled for GPU 61000 / HCA 4 (distance 4 <= 4), read 0
dgx052:188:397 [6] NCCL INFO NET/IB : GPU Direct RDMA (DMABUF) enabled for HCA 8 'mlx5_10
dgx052:188:399 [6] NCCL INFO Channel 23/0 : 6[6] -> 14[6] [send] via NET/IBext_v8/8/GDRDMA
dgx052:188:399 [6] NCCL INFO GPU Direct RDMA Enabled for GPU d1000 / HCA 8 (distance 4 <= 4), read 1
dgx052:188:397 [6] NCCL INFO New proxy send connection 52 from local rank 6, transport 2
dgx052:188:399 [6] NCCL INFO Connected to proxy localRank 6 -> connection 0x7f50600067a0
dgx052:185:387 [3] NCCL INFO New proxy recv connection 11 from local rank 3, transport 2
dgx052:188:397 [6] NCCL INFO NET/IB : GPU Direct RDMA (DMABUF) enabled for HCA 8 'mlx5_10
dgx052:188:399 [6] NCCL INFO Channel 24/0 : 6[6] -> 14[6] [send] via NET/IBext_v8/8/GDRDMA
dgx052:188:399 [6] NCCL INFO GPU Direct RDMA Enabled for GPU d1000 / HCA 8 (distance 4 <= 4), read 1
dgx052:185:401 [3] NCCL INFO Connected to proxy localRank 3 -> connection 0x7f223c005468
dgx052:188:397 [6] NCCL INFO New proxy send connection 53 from local rank 6, transport 2
dgx052:188:399 [6] NCCL INFO Connected to proxy localRank 6 -> connection 0x7f5060006818
dgx052:188:397 [6] NCCL INFO NET/IB : GPU Direct RDMA (DMABUF) enabled for HCA 8 'mlx5_10
dgx052:188:399 [6] NCCL INFO Channel 25/0 : 6[6] -> 14[6] [send] via NET/IBext_v8/8/GDRDMA
dgx052:188:399 [6] NCCL INFO GPU Direct RDMA Enabled for GPU d1000 / HCA 8 (distance 4 <= 4), read 1
dgx052:185:387 [3] NCCL INFO NET/IB : GPU Direct RDMA (DMABUF) enabled for HCA 4 'mlx5_5
dgx052:188:397 [6] NCCL INFO New proxy send connection 54 from local rank 6, transport 2
dgx052:185:401 [3] NCCL INFO Channel 11/0 : 11[3] -> 3[3] [receive] via NET/IBext_v8/4/GDRDMA
dgx052:188:399 [6] NCCL INFO Connected to proxy localRank 6 -> connection 0x7f5060006890
dgx052:185:401 [3] NCCL INFO GPU Direct RDMA Enabled for GPU 61000 / HCA 4 (distance 4 <= 4), read 0
dgx052:188:397 [6] NCCL INFO NET/IB : GPU Direct RDMA (DMABUF) enabled for HCA 8 'mlx5_10
dgx052:188:399 [6] NCCL INFO Channel 26/0 : 6[6] -> 14[6] [send] via NET/IBext_v8/8/GDRDMA
dgx052:188:399 [6] NCCL INFO GPU Direct RDMA Enabled for GPU d1000 / HCA 8 (distance 4 <= 4), read 1
dgx052:188:397 [6] NCCL INFO New proxy send connection 55 from local rank 6, transport 2
dgx052:188:399 [6] NCCL INFO Connected to proxy localRank 6 -> connection 0x7f5060006908
dgx052:188:397 [6] NCCL INFO NET/IB : GPU Direct RDMA (DMABUF) enabled for HCA 8 'mlx5_10
dgx052:188:399 [6] NCCL INFO Channel 27/0 : 6[6] -> 14[6] [send] via NET/IBext_v8/8/GDRDMA
dgx052:185:387 [3] NCCL INFO New proxy recv connection 12 from local rank 3, transport 2
dgx052:185:401 [3] NCCL INFO Connected to proxy localRank 3 -> connection 0x7f223c0054e0
dgx052:185:387 [3] NCCL INFO NET/IB : GPU Direct RDMA (DMABUF) enabled for HCA 4 'mlx5_5
dgx052:185:401 [3] NCCL INFO Channel 12/0 : 11[3] -> 3[3] [receive] via NET/IBext_v8/4/GDRDMA
dgx052:185:401 [3] NCCL INFO GPU Direct RDMA Enabled for GPU 61000 / HCA 4 (distance 4 <= 4), read 0
dgx052:185:387 [3] NCCL INFO New proxy recv connection 13 from local rank 3, transport 2
dgx052:185:401 [3] NCCL INFO Connected to proxy localRank 3 -> connection 0x7f223c005558
dgx052:185:387 [3] NCCL INFO NET/IB : GPU Direct RDMA (DMABUF) enabled for HCA 4 'mlx5_5
dgx052:185:401 [3] NCCL INFO Channel 13/0 : 11[3] -> 3[3] [receive] via NET/IBext_v8/4/GDRDMA
dgx052:185:401 [3] NCCL INFO GPU Direct RDMA Enabled for GPU 61000 / HCA 4 (distance 4 <= 4), read 0
dgx052:185:387 [3] NCCL INFO New proxy recv connection 14 from local rank 3, transport 2
dgx052:185:401 [3] NCCL INFO Connected to proxy localRank 3 -> connection 0x7f223c0055d0
dgx052:185:387 [3] NCCL INFO NET/IB : GPU Direct RDMA (DMABUF) enabled for HCA 4 'mlx5_5
dgx052:185:401 [3] NCCL INFO Channel 14/0 : 11[3] -> 3[3] [receive] via NET/IBext_v8/4/GDRDMA
dgx052:185:401 [3] NCCL INFO GPU Direct RDMA Enabled for GPU 61000 / HCA 4 (distance 4 <= 4), read 0
dgx052:185:387 [3] NCCL INFO New proxy recv connection 15 from local rank 3, transport 2
dgx052:185:401 [3] NCCL INFO Connected to proxy localRank 3 -> connection 0x7f223c005648
dgx052:185:387 [3] NCCL INFO NET/IB : GPU Direct RDMA (DMABUF) enabled for HCA 4 'mlx5_5
dgx052:185:401 [3] NCCL INFO Channel 15/0 : 11[3] -> 3[3] [receive] via NET/IBext_v8/4/GDRDMA
dgx052:185:401 [3] NCCL INFO GPU Direct RDMA Enabled for GPU 61000 / HCA 4 (distance 4 <= 4), read 0
dgx052:185:387 [3] NCCL INFO New proxy recv connection 16 from local rank 3, transport 2
dgx052:185:401 [3] NCCL INFO Connected to proxy localRank 3 -> connection 0x7f223c0056c0
dgx052:185:387 [3] NCCL INFO NET/IB : GPU Direct RDMA (DMABUF) enabled for HCA 4 'mlx5_5
dgx052:185:401 [3] NCCL INFO Channel 16/0 : 11[3] -> 3[3] [receive] via NET/IBext_v8/4/GDRDMA
dgx052:185:401 [3] NCCL INFO GPU Direct RDMA Enabled for GPU 61000 / HCA 4 (distance 4 <= 4), read 0
dgx052:185:387 [3] NCCL INFO New proxy recv connection 17 from local rank 3, transport 2
dgx052:185:401 [3] NCCL INFO Connected to proxy localRank 3 -> connection 0x7f223c005738
dgx052:185:387 [3] NCCL INFO NET/IB : GPU Direct RDMA (DMABUF) enabled for HCA 4 'mlx5_5
dgx052:185:401 [3] NCCL INFO Channel 17/0 : 11[3] -> 3[3] [receive] via NET/IBext_v8/4/GDRDMA
dgx052:185:401 [3] NCCL INFO GPU Direct RDMA Enabled for GPU 61000 / HCA 4 (distance 4 <= 4), read 0
dgx052:185:387 [3] NCCL INFO New proxy recv connection 18 from local rank 3, transport 2
dgx052:185:401 [3] NCCL INFO Connected to proxy localRank 3 -> connection 0x7f223c0057b0
dgx052:185:387 [3] NCCL INFO NET/IB : GPU Direct RDMA (DMABUF) enabled for HCA 4 'mlx5_5
dgx052:185:401 [3] NCCL INFO Channel 18/0 : 11[3] -> 3[3] [receive] via NET/IBext_v8/4/GDRDMA
dgx052:185:401 [3] NCCL INFO GPU Direct RDMA Enabled for GPU 61000 / HCA 4 (distance 4 <= 4), read 0
dgx052:185:387 [3] NCCL INFO New proxy recv connection 19 from local rank 3, transport 2
dgx052:185:401 [3] NCCL INFO Connected to proxy localRank 3 -> connection 0x7f223c005828
dgx052:185:387 [3] NCCL INFO NET/IB : GPU Direct RDMA (DMABUF) enabled for HCA 4 'mlx5_5
dgx052:185:401 [3] NCCL INFO Channel 19/0 : 11[3] -> 3[3] [receive] via NET/IBext_v8/4/GDRDMA
dgx052:185:401 [3] NCCL INFO GPU Direct RDMA Enabled for GPU 61000 / HCA 4 (distance 4 <= 4), read 0
dgx052:185:387 [3] NCCL INFO New proxy recv connection 20 from local rank 3, transport 2
dgx052:185:401 [3] NCCL INFO Connected to proxy localRank 3 -> connection 0x7f223c0058a0
dgx052:185:387 [3] NCCL INFO NET/IB : GPU Direct RDMA (DMABUF) enabled for HCA 4 'mlx5_5
dgx052:185:401 [3] NCCL INFO Channel 20/0 : 11[3] -> 3[3] [receive] via NET/IBext_v8/4/GDRDMA
dgx052:185:401 [3] NCCL INFO GPU Direct RDMA Enabled for GPU 61000 / HCA 4 (distance 4 <= 4), read 0
dgx052:185:387 [3] NCCL INFO New proxy recv connection 21 from local rank 3, transport 2
dgx052:185:401 [3] NCCL INFO Connected to proxy localRank 3 -> connection 0x7f223c005918
dgx052:185:387 [3] NCCL INFO NET/IB : GPU Direct RDMA (DMABUF) enabled for HCA 4 'mlx5_5
dgx052:185:401 [3] NCCL INFO Channel 21/0 : 11[3] -> 3[3] [receive] via NET/IBext_v8/4/GDRDMA
dgx052:185:401 [3] NCCL INFO GPU Direct RDMA Enabled for GPU 61000 / HCA 4 (distance 4 <= 4), read 0
dgx052:185:387 [3] NCCL INFO New proxy recv connection 22 from local rank 3, transport 2
dgx052:185:401 [3] NCCL INFO Connected to proxy localRank 3 -> connection 0x7f223c005990
dgx052:185:387 [3] NCCL INFO NET/IB : GPU Direct RDMA (DMABUF) enabled for HCA 4 'mlx5_5
dgx052:185:401 [3] NCCL INFO Channel 22/0 : 11[3] -> 3[3] [receive] via NET/IBext_v8/4/GDRDMA
dgx052:185:401 [3] NCCL INFO GPU Direct RDMA Enabled for GPU 61000 / HCA 4 (distance 4 <= 4), read 0
dgx052:185:387 [3] NCCL INFO New proxy recv connection 23 from local rank 3, transport 2
dgx052:185:401 [3] NCCL INFO Connected to proxy localRank 3 -> connection 0x7f223c005a08
dgx052:185:387 [3] NCCL INFO NET/IB : GPU Direct RDMA (DMABUF) enabled for HCA 4 'mlx5_5
dgx052:185:401 [3] NCCL INFO Channel 23/0 : 11[3] -> 3[3] [receive] via NET/IBext_v8/4/GDRDMA
dgx052:185:401 [3] NCCL INFO GPU Direct RDMA Enabled for GPU 61000 / HCA 4 (distance 4 <= 4), read 0
dgx052:185:387 [3] NCCL INFO New proxy recv connection 24 from local rank 3, transport 2
dgx052:185:401 [3] NCCL INFO Connected to proxy localRank 3 -> connection 0x7f223c005a80
dgx052:185:387 [3] NCCL INFO NET/IB : GPU Direct RDMA (DMABUF) enabled for HCA 4 'mlx5_5
dgx052:185:401 [3] NCCL INFO Channel 24/0 : 11[3] -> 3[3] [receive] via NET/IBext_v8/4/GDRDMA
dgx052:185:401 [3] NCCL INFO GPU Direct RDMA Enabled for GPU 61000 / HCA 4 (distance 4 <= 4), read 0
dgx052:185:387 [3] NCCL INFO New proxy recv connection 25 from local rank 3, transport 2
dgx052:185:401 [3] NCCL INFO Connected to proxy localRank 3 -> connection 0x7f223c005af8
dgx052:185:387 [3] NCCL INFO NET/IB : GPU Direct RDMA (DMABUF) enabled for HCA 4 'mlx5_5
dgx052:185:401 [3] NCCL INFO Channel 25/0 : 11[3] -> 3[3] [receive] via NET/IBext_v8/4/GDRDMA
dgx052:185:401 [3] NCCL INFO GPU Direct RDMA Enabled for GPU 61000 / HCA 4 (distance 4 <= 4), read 0
dgx052:185:387 [3] NCCL INFO New proxy recv connection 26 from local rank 3, transport 2
dgx052:185:401 [3] NCCL INFO Connected to proxy localRank 3 -> connection 0x7f223c005b70
dgx052:185:387 [3] NCCL INFO NET/IB : GPU Direct RDMA (DMABUF) enabled for HCA 4 'mlx5_5
dgx052:185:401 [3] NCCL INFO Channel 26/0 : 11[3] -> 3[3] [receive] via NET/IBext_v8/4/GDRDMA
dgx052:185:401 [3] NCCL INFO GPU Direct RDMA Enabled for GPU 61000 / HCA 4 (distance 4 <= 4), read 0
dgx052:185:387 [3] NCCL INFO New proxy recv connection 27 from local rank 3, transport 2
dgx052:185:401 [3] NCCL INFO Connected to proxy localRank 3 -> connection 0x7f223c005be8
dgx052:185:387 [3] NCCL INFO NET/IB : GPU Direct RDMA (DMABUF) enabled for HCA 4 'mlx5_5
dgx052:185:401 [3] NCCL INFO Channel 27/0 : 11[3] -> 3[3] [receive] via NET/IBext_v8/4/GDRDMA
dgx052:185:401 [3] NCCL INFO GPU Direct RDMA Enabled for GPU 61000 / HCA 4 (distance 4 <= 4), read 1
dgx052:185:387 [3] NCCL INFO New proxy send connection 28 from local rank 3, transport 2
dgx052:185:401 [3] NCCL INFO Connected to proxy localRank 3 -> connection 0x7f223c005c60
dgx052:185:387 [3] NCCL INFO NET/IB : GPU Direct RDMA (DMABUF) enabled for HCA 4 'mlx5_5
dgx052:185:401 [3] NCCL INFO Channel 00/0 : 3[3] -> 11[3] [send] via NET/IBext_v8/4/GDRDMA
dgx052:185:401 [3] NCCL INFO GPU Direct RDMA Enabled for GPU 61000 / HCA 4 (distance 4 <= 4), read 1
dgx052:185:387 [3] NCCL INFO New proxy send connection 29 from local rank 3, transport 2
dgx052:185:401 [3] NCCL INFO Connected to proxy localRank 3 -> connection 0x7f223c005cd8
dgx052:185:387 [3] NCCL INFO NET/IB : GPU Direct RDMA (DMABUF) enabled for HCA 4 'mlx5_5
dgx052:185:401 [3] NCCL INFO Channel 01/0 : 3[3] -> 11[3] [send] via NET/IBext_v8/4/GDRDMA
dgx052:185:401 [3] NCCL INFO GPU Direct RDMA Enabled for GPU 61000 / HCA 4 (distance 4 <= 4), read 1
dgx052:185:387 [3] NCCL INFO New proxy send connection 30 from local rank 3, transport 2
dgx052:185:401 [3] NCCL INFO Connected to proxy localRank 3 -> connection 0x7f223c005d50
dgx052:185:387 [3] NCCL INFO NET/IB : GPU Direct RDMA (DMABUF) enabled for HCA 4 'mlx5_5
dgx052:185:401 [3] NCCL INFO Channel 02/0 : 3[3] -> 11[3] [send] via NET/IBext_v8/4/GDRDMA
dgx052:185:401 [3] NCCL INFO GPU Direct RDMA Enabled for GPU 61000 / HCA 4 (distance 4 <= 4), read 1
dgx052:185:387 [3] NCCL INFO New proxy send connection 31 from local rank 3, transport 2
dgx052:185:401 [3] NCCL INFO Connected to proxy localRank 3 -> connection 0x7f223c005dc8
dgx052:185:387 [3] NCCL INFO NET/IB : GPU Direct RDMA (DMABUF) enabled for HCA 4 'mlx5_5
dgx052:185:401 [3] NCCL INFO Channel 03/0 : 3[3] -> 11[3] [send] via NET/IBext_v8/4/GDRDMA
dgx052:185:401 [3] NCCL INFO GPU Direct RDMA Enabled for GPU 61000 / HCA 4 (distance 4 <= 4), read 1
dgx052:185:387 [3] NCCL INFO New proxy send connection 32 from local rank 3, transport 2
dgx052:185:401 [3] NCCL INFO Connected to proxy localRank 3 -> connection 0x7f223c005e40
dgx052:185:387 [3] NCCL INFO NET/IB : GPU Direct RDMA (DMABUF) enabled for HCA 4 'mlx5_5
dgx052:185:401 [3] NCCL INFO Channel 04/0 : 3[3] -> 11[3] [send] via NET/IBext_v8/4/GDRDMA
dgx052:185:401 [3] NCCL INFO GPU Direct RDMA Enabled for GPU 61000 / HCA 4 (distance 4 <= 4), read 1
dgx052:185:387 [3] NCCL INFO New proxy send connection 33 from local rank 3, transport 2
dgx052:185:401 [3] NCCL INFO Connected to proxy localRank 3 -> connection 0x7f223c005eb8
dgx052:185:387 [3] NCCL INFO NET/IB : GPU Direct RDMA (DMABUF) enabled for HCA 4 'mlx5_5
dgx052:185:401 [3] NCCL INFO Channel 05/0 : 3[3] -> 11[3] [send] via NET/IBext_v8/4/GDRDMA
dgx052:185:401 [3] NCCL INFO GPU Direct RDMA Enabled for GPU 61000 / HCA 4 (distance 4 <= 4), read 1
dgx052:185:387 [3] NCCL INFO New proxy send connection 34 from local rank 3, transport 2
dgx052:185:401 [3] NCCL INFO Connected to proxy localRank 3 -> connection 0x7f223c005f30
dgx052:185:387 [3] NCCL INFO NET/IB : GPU Direct RDMA (DMABUF) enabled for HCA 4 'mlx5_5
dgx052:185:401 [3] NCCL INFO Channel 06/0 : 3[3] -> 11[3] [send] via NET/IBext_v8/4/GDRDMA
dgx052:185:401 [3] NCCL INFO GPU Direct RDMA Enabled for GPU 61000 / HCA 4 (distance 4 <= 4), read 1
dgx052:185:387 [3] NCCL INFO New proxy send connection 35 from local rank 3, transport 2
dgx052:185:401 [3] NCCL INFO Connected to proxy localRank 3 -> connection 0x7f223c005fa8
dgx052:185:387 [3] NCCL INFO NET/IB : GPU Direct RDMA (DMABUF) enabled for HCA 4 'mlx5_5
dgx052:185:401 [3] NCCL INFO Channel 07/0 : 3[3] -> 11[3] [send] via NET/IBext_v8/4/GDRDMA
dgx052:185:401 [3] NCCL INFO GPU Direct RDMA Enabled for GPU 61000 / HCA 4 (distance 4 <= 4), read 1
dgx052:185:387 [3] NCCL INFO New proxy send connection 36 from local rank 3, transport 2
dgx052:185:401 [3] NCCL INFO Connected to proxy localRank 3 -> connection 0x7f223c006020
dgx052:185:387 [3] NCCL INFO NET/IB : GPU Direct RDMA (DMABUF) enabled for HCA 4 'mlx5_5
dgx052:185:401 [3] NCCL INFO Channel 08/0 : 3[3] -> 11[3] [send] via NET/IBext_v8/4/GDRDMA
dgx052:185:401 [3] NCCL INFO GPU Direct RDMA Enabled for GPU 61000 / HCA 4 (distance 4 <= 4), read 1
dgx052:185:387 [3] NCCL INFO New proxy send connection 37 from local rank 3, transport 2
dgx052:185:401 [3] NCCL INFO Connected to proxy localRank 3 -> connection 0x7f223c006098
dgx052:185:387 [3] NCCL INFO NET/IB : GPU Direct RDMA (DMABUF) enabled for HCA 4 'mlx5_5
dgx052:185:401 [3] NCCL INFO Channel 09/0 : 3[3] -> 11[3] [send] via NET/IBext_v8/4/GDRDMA
dgx052:185:401 [3] NCCL INFO GPU Direct RDMA Enabled for GPU 61000 / HCA 4 (distance 4 <= 4), read 1
dgx052:185:387 [3] NCCL INFO New proxy send connection 38 from local rank 3, transport 2
dgx052:185:401 [3] NCCL INFO Connected to proxy localRank 3 -> connection 0x7f223c006110
dgx052:185:387 [3] NCCL INFO NET/IB : GPU Direct RDMA (DMABUF) enabled for HCA 4 'mlx5_5
dgx052:185:401 [3] NCCL INFO Channel 10/0 : 3[3] -> 11[3] [send] via NET/IBext_v8/4/GDRDMA
dgx052:185:401 [3] NCCL INFO GPU Direct RDMA Enabled for GPU 61000 / HCA 4 (distance 4 <= 4), read 1
dgx052:185:387 [3] NCCL INFO New proxy send connection 39 from local rank 3, transport 2
dgx052:185:401 [3] NCCL INFO Connected to proxy localRank 3 -> connection 0x7f223c006188
dgx052:185:387 [3] NCCL INFO NET/IB : GPU Direct RDMA (DMABUF) enabled for HCA 4 'mlx5_5
dgx052:185:401 [3] NCCL INFO Channel 11/0 : 3[3] -> 11[3] [send] via NET/IBext_v8/4/GDRDMA
dgx052:185:401 [3] NCCL INFO GPU Direct RDMA Enabled for GPU 61000 / HCA 4 (distance 4 <= 4), read 1
dgx052:185:387 [3] NCCL INFO New proxy send connection 40 from local rank 3, transport 2
dgx052:185:401 [3] NCCL INFO Connected to proxy localRank 3 -> connection 0x7f223c006200
dgx052:185:387 [3] NCCL INFO NET/IB : GPU Direct RDMA (DMABUF) enabled for HCA 4 'mlx5_5
dgx052:185:401 [3] NCCL INFO Channel 12/0 : 3[3] -> 11[3] [send] via NET/IBext_v8/4/GDRDMA
dgx052:185:401 [3] NCCL INFO GPU Direct RDMA Enabled for GPU 61000 / HCA 4 (distance 4 <= 4), read 1
dgx052:185:387 [3] NCCL INFO New proxy send connection 41 from local rank 3, transport 2
dgx052:185:401 [3] NCCL INFO Connected to proxy localRank 3 -> connection 0x7f223c006278
dgx052:185:387 [3] NCCL INFO NET/IB : GPU Direct RDMA (DMABUF) enabled for HCA 4 'mlx5_5
dgx052:185:401 [3] NCCL INFO Channel 13/0 : 3[3] -> 11[3] [send] via NET/IBext_v8/4/GDRDMA
dgx052:185:401 [3] NCCL INFO GPU Direct RDMA Enabled for GPU 61000 / HCA 4 (distance 4 <= 4), read 1
dgx052:185:387 [3] NCCL INFO New proxy send connection 42 from local rank 3, transport 2
dgx052:185:401 [3] NCCL INFO Connected to proxy localRank 3 -> connection 0x7f223c0062f0
dgx052:185:387 [3] NCCL INFO NET/IB : GPU Direct RDMA (DMABUF) enabled for HCA 4 'mlx5_5
dgx052:185:401 [3] NCCL INFO Channel 14/0 : 3[3] -> 11[3] [send] via NET/IBext_v8/4/GDRDMA
dgx052:185:401 [3] NCCL INFO GPU Direct RDMA Enabled for GPU 61000 / HCA 4 (distance 4 <= 4), read 1
dgx052:185:387 [3] NCCL INFO New proxy send connection 43 from local rank 3, transport 2
dgx052:185:401 [3] NCCL INFO Connected to proxy localRank 3 -> connection 0x7f223c006368
dgx052:185:387 [3] NCCL INFO NET/IB : GPU Direct RDMA (DMABUF) enabled for HCA 4 'mlx5_5
dgx052:185:401 [3] NCCL INFO Channel 15/0 : 3[3] -> 11[3] [send] via NET/IBext_v8/4/GDRDMA
dgx052:185:401 [3] NCCL INFO GPU Direct RDMA Enabled for GPU 61000 / HCA 4 (distance 4 <= 4), read 1
dgx052:185:387 [3] NCCL INFO New proxy send connection 44 from local rank 3, transport 2
dgx052:185:401 [3] NCCL INFO Connected to proxy localRank 3 -> connection 0x7f223c0063e0
dgx052:185:387 [3] NCCL INFO NET/IB : GPU Direct RDMA (DMABUF) enabled for HCA 4 'mlx5_5
dgx052:185:401 [3] NCCL INFO Channel 16/0 : 3[3] -> 11[3] [send] via NET/IBext_v8/4/GDRDMA
dgx052:185:401 [3] NCCL INFO GPU Direct RDMA Enabled for GPU 61000 / HCA 4 (distance 4 <= 4), read 1
dgx052:185:387 [3] NCCL INFO New proxy send connection 45 from local rank 3, transport 2
dgx052:185:401 [3] NCCL INFO Connected to proxy localRank 3 -> connection 0x7f223c006458
dgx052:185:387 [3] NCCL INFO NET/IB : GPU Direct RDMA (DMABUF) enabled for HCA 4 'mlx5_5
dgx052:185:401 [3] NCCL INFO Channel 17/0 : 3[3] -> 11[3] [send] via NET/IBext_v8/4/GDRDMA
dgx052:185:401 [3] NCCL INFO GPU Direct RDMA Enabled for GPU 61000 / HCA 4 (distance 4 <= 4), read 1
dgx052:185:387 [3] NCCL INFO New proxy send connection 46 from local rank 3, transport 2
dgx052:185:401 [3] NCCL INFO Connected to proxy localRank 3 -> connection 0x7f223c0064d0
dgx052:185:387 [3] NCCL INFO NET/IB : GPU Direct RDMA (DMABUF) enabled for HCA 4 'mlx5_5
dgx052:185:401 [3] NCCL INFO Channel 18/0 : 3[3] -> 11[3] [send] via NET/IBext_v8/4/GDRDMA
dgx052:185:401 [3] NCCL INFO GPU Direct RDMA Enabled for GPU 61000 / HCA 4 (distance 4 <= 4), read 1
dgx052:185:387 [3] NCCL INFO New proxy send connection 47 from local rank 3, transport 2
dgx052:185:401 [3] NCCL INFO Connected to proxy localRank 3 -> connection 0x7f223c006548
dgx052:185:387 [3] NCCL INFO NET/IB : GPU Direct RDMA (DMABUF) enabled for HCA 4 'mlx5_5
dgx052:185:401 [3] NCCL INFO Channel 19/0 : 3[3] -> 11[3] [send] via NET/IBext_v8/4/GDRDMA
dgx052:185:401 [3] NCCL INFO GPU Direct RDMA Enabled for GPU 61000 / HCA 4 (distance 4 <= 4), read 1
dgx052:185:387 [3] NCCL INFO New proxy send connection 48 from local rank 3, transport 2
dgx052:185:401 [3] NCCL INFO Connected to proxy localRank 3 -> connection 0x7f223c0065c0
dgx052:185:387 [3] NCCL INFO NET/IB : GPU Direct RDMA (DMABUF) enabled for HCA 4 'mlx5_5
dgx052:185:401 [3] NCCL INFO Channel 20/0 : 3[3] -> 11[3] [send] via NET/IBext_v8/4/GDRDMA
dgx052:185:401 [3] NCCL INFO GPU Direct RDMA Enabled for GPU 61000 / HCA 4 (distance 4 <= 4), read 1
dgx052:185:387 [3] NCCL INFO New proxy send connection 49 from local rank 3, transport 2
dgx052:185:401 [3] NCCL INFO Connected to proxy localRank 3 -> connection 0x7f223c006638
dgx052:185:387 [3] NCCL INFO NET/IB : GPU Direct RDMA (DMABUF) enabled for HCA 4 'mlx5_5
dgx052:185:401 [3] NCCL INFO Channel 21/0 : 3[3] -> 11[3] [send] via NET/IBext_v8/4/GDRDMA
dgx052:185:401 [3] NCCL INFO GPU Direct RDMA Enabled for GPU 61000 / HCA 4 (distance 4 <= 4), read 1
dgx052:185:387 [3] NCCL INFO New proxy send connection 50 from local rank 3, transport 2
dgx052:185:401 [3] NCCL INFO Connected to proxy localRank 3 -> connection 0x7f223c0066b0
dgx052:185:387 [3] NCCL INFO NET/IB : GPU Direct RDMA (DMABUF) enabled for HCA 4 'mlx5_5
dgx052:185:401 [3] NCCL INFO Channel 22/0 : 3[3] -> 11[3] [send] via NET/IBext_v8/4/GDRDMA
dgx052:185:401 [3] NCCL INFO GPU Direct RDMA Enabled for GPU 61000 / HCA 4 (distance 4 <= 4), read 1
dgx052:185:387 [3] NCCL INFO New proxy send connection 51 from local rank 3, transport 2
dgx052:185:401 [3] NCCL INFO Connected to proxy localRank 3 -> connection 0x7f223c006728
dgx052:185:387 [3] NCCL INFO NET/IB : GPU Direct RDMA (DMABUF) enabled for HCA 4 'mlx5_5
dgx052:185:401 [3] NCCL INFO Channel 23/0 : 3[3] -> 11[3] [send] via NET/IBext_v8/4/GDRDMA
dgx052:185:401 [3] NCCL INFO GPU Direct RDMA Enabled for GPU 61000 / HCA 4 (distance 4 <= 4), read 1
dgx052:185:387 [3] NCCL INFO New proxy send connection 52 from local rank 3, transport 2
dgx052:185:401 [3] NCCL INFO Connected to proxy localRank 3 -> connection 0x7f223c0067a0
dgx052:185:387 [3] NCCL INFO NET/IB : GPU Direct RDMA (DMABUF) enabled for HCA 4 'mlx5_5
dgx052:185:401 [3] NCCL INFO Channel 24/0 : 3[3] -> 11[3] [send] via NET/IBext_v8/4/GDRDMA
dgx052:185:401 [3] NCCL INFO GPU Direct RDMA Enabled for GPU 61000 / HCA 4 (distance 4 <= 4), read 1
dgx052:185:387 [3] NCCL INFO New proxy send connection 53 from local rank 3, transport 2
dgx052:185:401 [3] NCCL INFO Connected to proxy localRank 3 -> connection 0x7f223c006818
dgx052:185:387 [3] NCCL INFO NET/IB : GPU Direct RDMA (DMABUF) enabled for HCA 4 'mlx5_5
dgx052:185:401 [3] NCCL INFO Channel 25/0 : 3[3] -> 11[3] [send] via NET/IBext_v8/4/GDRDMA
dgx052:185:401 [3] NCCL INFO GPU Direct RDMA Enabled for GPU 61000 / HCA 4 (distance 4 <= 4), read 1
dgx052:185:387 [3] NCCL INFO New proxy send connection 54 from local rank 3, transport 2
dgx052:185:401 [3] NCCL INFO Connected to proxy localRank 3 -> connection 0x7f223c006890
dgx052:185:387 [3] NCCL INFO NET/IB : GPU Direct RDMA (DMABUF) enabled for HCA 4 'mlx5_5
dgx052:185:401 [3] NCCL INFO Channel 26/0 : 3[3] -> 11[3] [send] via NET/IBext_v8/4/GDRDMA
dgx052:185:401 [3] NCCL INFO GPU Direct RDMA Enabled for GPU 61000 / HCA 4 (distance 4 <= 4), read 1
dgx052:185:387 [3] NCCL INFO New proxy send connection 55 from local rank 3, transport 2
dgx052:185:401 [3] NCCL INFO Connected to proxy localRank 3 -> connection 0x7f223c006908
dgx052:185:387 [3] NCCL INFO NET/IB : GPU Direct RDMA (DMABUF) enabled for HCA 4 'mlx5_5
dgx052:185:401 [3] NCCL INFO Channel 27/0 : 3[3] -> 11[3] [send] via NET/IBext_v8/4/GDRDMA
dgx052:185:387 [3] NCCL INFO NCCL_IB_QPS_PER_CONNECTION set by environment to 8.
dgx052:188:397 [6] NCCL INFO NCCL_IB_QPS_PER_CONNECTION set by environment to 8.
dgx052:186:383 [4] NCCL INFO NCCL_IB_QPS_PER_CONNECTION set by environment to 8.
dgx052:185:387 [3] NCCL INFO NET/IB: NCCL Dev 4 IbDev 4 Port 1 qpn 4690 mtu 5 LID 417 subnet-prefix 33022  FLID 0 fifoRkey=0x180fcd fifoLkey=0x180fcd
dgx052:185:387 [3] NCCL INFO NET/IB: NCCL Dev 4 IbDev 4 Port 1 qpn 4691 mtu 5 LID 417 subnet-prefix 33022  FLID 0 fifoRkey=0x180fcd fifoLkey=0x180fcd
dgx052:185:387 [3] NCCL INFO NET/IB: NCCL Dev 4 IbDev 4 Port 1 qpn 4692 mtu 5 LID 417 subnet-prefix 33022  FLID 0 fifoRkey=0x180fcd fifoLkey=0x180fcd
dgx052:185:387 [3] NCCL INFO NET/IB: NCCL Dev 4 IbDev 4 Port 1 qpn 4693 mtu 5 LID 417 subnet-prefix 33022  FLID 0 fifoRkey=0x180fcd fifoLkey=0x180fcd
dgx052:185:387 [3] NCCL INFO NET/IB: NCCL Dev 4 IbDev 4 Port 1 qpn 4694 mtu 5 LID 417 subnet-prefix 33022  FLID 0 fifoRkey=0x180fcd fifoLkey=0x180fcd
dgx052:185:387 [3] NCCL INFO NET/IB: NCCL Dev 4 IbDev 4 Port 1 qpn 4695 mtu 5 LID 417 subnet-prefix 33022  FLID 0 fifoRkey=0x180fcd fifoLkey=0x180fcd
dgx052:185:387 [3] NCCL INFO NET/IB: NCCL Dev 4 IbDev 4 Port 1 qpn 4696 mtu 5 LID 417 subnet-prefix 33022  FLID 0 fifoRkey=0x180fcd fifoLkey=0x180fcd
dgx052:185:387 [3] NCCL INFO NET/IB: NCCL Dev 4 IbDev 4 Port 1 qpn 4697 mtu 5 LID 417 subnet-prefix 33022  FLID 0 fifoRkey=0x180fcd fifoLkey=0x180fcd
dgx052:188:397 [6] NCCL INFO NET/IB: NCCL Dev 8 IbDev 8 Port 1 qpn 4690 mtu 5 LID 416 subnet-prefix 33022  FLID 0 fifoRkey=0x1711cf fifoLkey=0x1711cf
dgx052:188:397 [6] NCCL INFO NET/IB: NCCL Dev 8 IbDev 8 Port 1 qpn 4691 mtu 5 LID 416 subnet-prefix 33022  FLID 0 fifoRkey=0x1711cf fifoLkey=0x1711cf
dgx052:188:397 [6] NCCL INFO NET/IB: NCCL Dev 8 IbDev 8 Port 1 qpn 4692 mtu 5 LID 416 subnet-prefix 33022  FLID 0 fifoRkey=0x1711cf fifoLkey=0x1711cf
dgx052:188:397 [6] NCCL INFO NET/IB: NCCL Dev 8 IbDev 8 Port 1 qpn 4693 mtu 5 LID 416 subnet-prefix 33022  FLID 0 fifoRkey=0x1711cf fifoLkey=0x1711cf
dgx052:188:397 [6] NCCL INFO NET/IB: NCCL Dev 8 IbDev 8 Port 1 qpn 4694 mtu 5 LID 416 subnet-prefix 33022  FLID 0 fifoRkey=0x1711cf fifoLkey=0x1711cf
dgx052:188:397 [6] NCCL INFO NET/IB: NCCL Dev 8 IbDev 8 Port 1 qpn 4695 mtu 5 LID 416 subnet-prefix 33022  FLID 0 fifoRkey=0x1711cf fifoLkey=0x1711cf
dgx052:188:397 [6] NCCL INFO NET/IB: NCCL Dev 8 IbDev 8 Port 1 qpn 4696 mtu 5 LID 416 subnet-prefix 33022  FLID 0 fifoRkey=0x1711cf fifoLkey=0x1711cf
dgx052:188:397 [6] NCCL INFO NET/IB: NCCL Dev 8 IbDev 8 Port 1 qpn 4697 mtu 5 LID 416 subnet-prefix 33022  FLID 0 fifoRkey=0x1711cf fifoLkey=0x1711cf
dgx052:188:397 [6] NCCL INFO NCCL_IB_TIMEOUT set by environment to 22.
dgx052:186:383 [4] NCCL INFO NET/IB: NCCL Dev 5 IbDev 5 Port 1 qpn 4690 mtu 5 LID 415 subnet-prefix 33022  FLID 0 fifoRkey=0x1812d0 fifoLkey=0x1812d0
dgx052:186:383 [4] NCCL INFO NET/IB: NCCL Dev 5 IbDev 5 Port 1 qpn 4691 mtu 5 LID 415 subnet-prefix 33022  FLID 0 fifoRkey=0x1812d0 fifoLkey=0x1812d0
dgx052:186:383 [4] NCCL INFO NET/IB: NCCL Dev 5 IbDev 5 Port 1 qpn 4692 mtu 5 LID 415 subnet-prefix 33022  FLID 0 fifoRkey=0x1812d0 fifoLkey=0x1812d0
dgx052:186:383 [4] NCCL INFO NET/IB: NCCL Dev 5 IbDev 5 Port 1 qpn 4693 mtu 5 LID 415 subnet-prefix 33022  FLID 0 fifoRkey=0x1812d0 fifoLkey=0x1812d0
dgx052:186:383 [4] NCCL INFO NET/IB: NCCL Dev 5 IbDev 5 Port 1 qpn 4694 mtu 5 LID 415 subnet-prefix 33022  FLID 0 fifoRkey=0x1812d0 fifoLkey=0x1812d0
dgx052:186:383 [4] NCCL INFO NET/IB: NCCL Dev 5 IbDev 5 Port 1 qpn 4695 mtu 5 LID 415 subnet-prefix 33022  FLID 0 fifoRkey=0x1812d0 fifoLkey=0x1812d0
dgx052:186:383 [4] NCCL INFO NET/IB: NCCL Dev 5 IbDev 5 Port 1 qpn 4696 mtu 5 LID 415 subnet-prefix 33022  FLID 0 fifoRkey=0x1812d0 fifoLkey=0x1812d0
dgx052:186:383 [4] NCCL INFO NET/IB: NCCL Dev 5 IbDev 5 Port 1 qpn 4697 mtu 5 LID 415 subnet-prefix 33022  FLID 0 fifoRkey=0x1812d0 fifoLkey=0x1812d0
dgx052:185:387 [3] NCCL INFO NET/IB: NCCL Dev 4 IbDev 4 Port 1 qpn 4698 mtu 5 LID 417 subnet-prefix 33022  FLID 0 fifoRkey=0x16ffbd fifoLkey=0x16ffbd
dgx052:185:387 [3] NCCL INFO NET/IB: NCCL Dev 4 IbDev 4 Port 1 qpn 4699 mtu 5 LID 417 subnet-prefix 33022  FLID 0 fifoRkey=0x16ffbd fifoLkey=0x16ffbd
dgx052:185:387 [3] NCCL INFO NET/IB: NCCL Dev 4 IbDev 4 Port 1 qpn 4700 mtu 5 LID 417 subnet-prefix 33022  FLID 0 fifoRkey=0x16ffbd fifoLkey=0x16ffbd
dgx052:185:387 [3] NCCL INFO NET/IB: NCCL Dev 4 IbDev 4 Port 1 qpn 4701 mtu 5 LID 417 subnet-prefix 33022  FLID 0 fifoRkey=0x16ffbd fifoLkey=0x16ffbd
dgx052:185:387 [3] NCCL INFO NET/IB: NCCL Dev 4 IbDev 4 Port 1 qpn 4702 mtu 5 LID 417 subnet-prefix 33022  FLID 0 fifoRkey=0x16ffbd fifoLkey=0x16ffbd
dgx052:185:387 [3] NCCL INFO NET/IB: NCCL Dev 4 IbDev 4 Port 1 qpn 4703 mtu 5 LID 417 subnet-prefix 33022  FLID 0 fifoRkey=0x16ffbd fifoLkey=0x16ffbd
dgx052:185:387 [3] NCCL INFO NET/IB: NCCL Dev 4 IbDev 4 Port 1 qpn 4704 mtu 5 LID 417 subnet-prefix 33022  FLID 0 fifoRkey=0x16ffbd fifoLkey=0x16ffbd
dgx052:185:387 [3] NCCL INFO NET/IB: NCCL Dev 4 IbDev 4 Port 1 qpn 4705 mtu 5 LID 417 subnet-prefix 33022  FLID 0 fifoRkey=0x16ffbd fifoLkey=0x16ffbd
dgx052:185:387 [3] NCCL INFO NCCL_IB_TIMEOUT set by environment to 22.
dgx052:186:383 [4] NCCL INFO NET/IB: NCCL Dev 5 IbDev 5 Port 1 qpn 4698 mtu 5 LID 415 subnet-prefix 33022  FLID 0 fifoRkey=0x159f5d fifoLkey=0x159f5d
dgx052:186:383 [4] NCCL INFO NET/IB: NCCL Dev 5 IbDev 5 Port 1 qpn 4699 mtu 5 LID 415 subnet-prefix 33022  FLID 0 fifoRkey=0x159f5d fifoLkey=0x159f5d
dgx052:186:383 [4] NCCL INFO NET/IB: NCCL Dev 5 IbDev 5 Port 1 qpn 4700 mtu 5 LID 415 subnet-prefix 33022  FLID 0 fifoRkey=0x159f5d fifoLkey=0x159f5d
dgx052:186:383 [4] NCCL INFO NET/IB: NCCL Dev 5 IbDev 5 Port 1 qpn 4701 mtu 5 LID 415 subnet-prefix 33022  FLID 0 fifoRkey=0x159f5d fifoLkey=0x159f5d
dgx052:186:383 [4] NCCL INFO NET/IB: NCCL Dev 5 IbDev 5 Port 1 qpn 4702 mtu 5 LID 415 subnet-prefix 33022  FLID 0 fifoRkey=0x159f5d fifoLkey=0x159f5d
dgx052:186:383 [4] NCCL INFO NET/IB: NCCL Dev 5 IbDev 5 Port 1 qpn 4703 mtu 5 LID 415 subnet-prefix 33022  FLID 0 fifoRkey=0x159f5d fifoLkey=0x159f5d
dgx052:186:383 [4] NCCL INFO NET/IB: NCCL Dev 5 IbDev 5 Port 1 qpn 4704 mtu 5 LID 415 subnet-prefix 33022  FLID 0 fifoRkey=0x159f5d fifoLkey=0x159f5d
dgx052:186:383 [4] NCCL INFO NET/IB: NCCL Dev 5 IbDev 5 Port 1 qpn 4705 mtu 5 LID 415 subnet-prefix 33022  FLID 0 fifoRkey=0x159f5d fifoLkey=0x159f5d
dgx052:186:383 [4] NCCL INFO NCCL_IB_TIMEOUT set by environment to 22.
dgx052:182:393 [0] NCCL INFO NCCL_IB_QPS_PER_CONNECTION set by environment to 8.
dgx052:184:391 [2] NCCL INFO NCCL_IB_QPS_PER_CONNECTION set by environment to 8.
dgx052:189:389 [7] NCCL INFO NCCL_IB_QPS_PER_CONNECTION set by environment to 8.
dgx052:188:397 [6] NCCL INFO NET/IB: NCCL Dev 8 IbDev 8 Port 1 qpn 4707 mtu 5 LID 416 subnet-prefix 33022  FLID 0 fifoRkey=0x165a18 fifoLkey=0x165a18
dgx052:188:397 [6] NCCL INFO NET/IB: NCCL Dev 8 IbDev 8 Port 1 qpn 4708 mtu 5 LID 416 subnet-prefix 33022  FLID 0 fifoRkey=0x165a18 fifoLkey=0x165a18
dgx052:188:397 [6] NCCL INFO NET/IB: NCCL Dev 8 IbDev 8 Port 1 qpn 4709 mtu 5 LID 416 subnet-prefix 33022  FLID 0 fifoRkey=0x165a18 fifoLkey=0x165a18
dgx052:188:397 [6] NCCL INFO NET/IB: NCCL Dev 8 IbDev 8 Port 1 qpn 4710 mtu 5 LID 416 subnet-prefix 33022  FLID 0 fifoRkey=0x165a18 fifoLkey=0x165a18
dgx052:188:397 [6] NCCL INFO NET/IB: NCCL Dev 8 IbDev 8 Port 1 qpn 4711 mtu 5 LID 416 subnet-prefix 33022  FLID 0 fifoRkey=0x165a18 fifoLkey=0x165a18
dgx052:188:397 [6] NCCL INFO NET/IB: NCCL Dev 8 IbDev 8 Port 1 qpn 4712 mtu 5 LID 416 subnet-prefix 33022  FLID 0 fifoRkey=0x165a18 fifoLkey=0x165a18
dgx052:188:397 [6] NCCL INFO NET/IB: NCCL Dev 8 IbDev 8 Port 1 qpn 4713 mtu 5 LID 416 subnet-prefix 33022  FLID 0 fifoRkey=0x165a18 fifoLkey=0x165a18
dgx052:188:397 [6] NCCL INFO NET/IB: NCCL Dev 8 IbDev 8 Port 1 qpn 4714 mtu 5 LID 416 subnet-prefix 33022  FLID 0 fifoRkey=0x165a18 fifoLkey=0x165a18
dgx052:183:395 [1] NCCL INFO NCCL_IB_QPS_PER_CONNECTION set by environment to 8.
dgx052:184:391 [2] NCCL INFO NET/IB: NCCL Dev 3 IbDev 3 Port 1 qpn 4690 mtu 5 LID 413 subnet-prefix 33022  FLID 0 fifoRkey=0x175b19 fifoLkey=0x175b19
dgx052:184:391 [2] NCCL INFO NET/IB: NCCL Dev 3 IbDev 3 Port 1 qpn 4691 mtu 5 LID 413 subnet-prefix 33022  FLID 0 fifoRkey=0x175b19 fifoLkey=0x175b19
dgx052:184:391 [2] NCCL INFO NET/IB: NCCL Dev 3 IbDev 3 Port 1 qpn 4692 mtu 5 LID 413 subnet-prefix 33022  FLID 0 fifoRkey=0x175b19 fifoLkey=0x175b19
dgx052:184:391 [2] NCCL INFO NET/IB: NCCL Dev 3 IbDev 3 Port 1 qpn 4693 mtu 5 LID 413 subnet-prefix 33022  FLID 0 fifoRkey=0x175b19 fifoLkey=0x175b19
dgx052:184:391 [2] NCCL INFO NET/IB: NCCL Dev 3 IbDev 3 Port 1 qpn 4694 mtu 5 LID 413 subnet-prefix 33022  FLID 0 fifoRkey=0x175b19 fifoLkey=0x175b19
dgx052:184:391 [2] NCCL INFO NET/IB: NCCL Dev 3 IbDev 3 Port 1 qpn 4695 mtu 5 LID 413 subnet-prefix 33022  FLID 0 fifoRkey=0x175b19 fifoLkey=0x175b19
dgx052:184:391 [2] NCCL INFO NET/IB: NCCL Dev 3 IbDev 3 Port 1 qpn 4696 mtu 5 LID 413 subnet-prefix 33022  FLID 0 fifoRkey=0x175b19 fifoLkey=0x175b19
dgx052:184:391 [2] NCCL INFO NET/IB: NCCL Dev 3 IbDev 3 Port 1 qpn 4697 mtu 5 LID 413 subnet-prefix 33022  FLID 0 fifoRkey=0x175b19 fifoLkey=0x175b19
dgx052:182:393 [0] NCCL INFO NET/IB: NCCL Dev 0 IbDev 0 Port 1 qpn 4690 mtu 5 LID 412 subnet-prefix 33022  FLID 0 fifoRkey=0x167432 fifoLkey=0x167432
dgx052:182:393 [0] NCCL INFO NET/IB: NCCL Dev 0 IbDev 0 Port 1 qpn 4691 mtu 5 LID 412 subnet-prefix 33022  FLID 0 fifoRkey=0x167432 fifoLkey=0x167432
dgx052:182:393 [0] NCCL INFO NET/IB: NCCL Dev 0 IbDev 0 Port 1 qpn 4692 mtu 5 LID 412 subnet-prefix 33022  FLID 0 fifoRkey=0x167432 fifoLkey=0x167432
dgx052:182:393 [0] NCCL INFO NET/IB: NCCL Dev 0 IbDev 0 Port 1 qpn 4693 mtu 5 LID 412 subnet-prefix 33022  FLID 0 fifoRkey=0x167432 fifoLkey=0x167432
dgx052:182:393 [0] NCCL INFO NET/IB: NCCL Dev 0 IbDev 0 Port 1 qpn 4694 mtu 5 LID 412 subnet-prefix 33022  FLID 0 fifoRkey=0x167432 fifoLkey=0x167432
dgx052:182:393 [0] NCCL INFO NET/IB: NCCL Dev 0 IbDev 0 Port 1 qpn 4695 mtu 5 LID 412 subnet-prefix 33022  FLID 0 fifoRkey=0x167432 fifoLkey=0x167432
dgx052:182:393 [0] NCCL INFO NET/IB: NCCL Dev 0 IbDev 0 Port 1 qpn 4696 mtu 5 LID 412 subnet-prefix 33022  FLID 0 fifoRkey=0x167432 fifoLkey=0x167432
dgx052:182:393 [0] NCCL INFO NET/IB: NCCL Dev 0 IbDev 0 Port 1 qpn 4697 mtu 5 LID 412 subnet-prefix 33022  FLID 0 fifoRkey=0x167432 fifoLkey=0x167432
dgx052:189:389 [7] NCCL INFO NET/IB: NCCL Dev 9 IbDev 9 Port 1 qpn 4149 mtu 5 LID 419 subnet-prefix 33022  FLID 0 fifoRkey=0x1806c4 fifoLkey=0x1806c4
dgx052:189:389 [7] NCCL INFO NET/IB: NCCL Dev 9 IbDev 9 Port 1 qpn 4150 mtu 5 LID 419 subnet-prefix 33022  FLID 0 fifoRkey=0x1806c4 fifoLkey=0x1806c4
dgx052:189:389 [7] NCCL INFO NET/IB: NCCL Dev 9 IbDev 9 Port 1 qpn 4151 mtu 5 LID 419 subnet-prefix 33022  FLID 0 fifoRkey=0x1806c4 fifoLkey=0x1806c4
dgx052:189:389 [7] NCCL INFO NET/IB: NCCL Dev 9 IbDev 9 Port 1 qpn 4152 mtu 5 LID 419 subnet-prefix 33022  FLID 0 fifoRkey=0x1806c4 fifoLkey=0x1806c4
