dgx052:182:286 [0] NCCL INFO Trees [0] 1/8/-1->0->-1 [1] -1/-1/-1->0->7 [2] 1/-1/-1->0->7 [3] 1/-1/-1->0->7 [4] 1/-1/-1->0->7 [5] 1/-1/-1->0->7 [6] 1/-1/-1->0->7 [7] 1/-1/-1->0->8 [8] -1/-1/-1->0->7 [9] 1/-1/-1->0->7 [10] 1/-1/-1->0->7 [11] 1/-1/-1->0->7 [12] 1/-1/-1->0->7 [13] 1/-1/-1->0->7 [14] 1/8/-1->0->-1 [15] -1/-1/-1->0->7 [16] 1/-1/-1->0->7 [17] 1/-1/-1->0->7 [18] 1/-1/-1->0->7 [19] 1/-1/-1->0->7 [20] 1/-1/-1->0->7 [21] 1/-1/-1->0->8 [22] -1/-1/-1->0->7 [23] 1/-1/-1->0->7 [24] 1/-1/-1->0->7 [25] 1/-1/-1->0->7 [26] 1/-1/-1->0->7 [27] 1/-1/-1->0->7
dgx052:182:286 [0] NCCL INFO NCCL_BUFFSIZE set by environment to 16777216.
dgx052:182:286 [0] NCCL INFO NCCL_P2P_NET_CHUNKSIZE set by environment to 524288.
dgx052:182:286 [0] NCCL INFO P2P Chunksize set to 524288
dgx052:184:292 [2] NCCL INFO NCCL_NTHREADS set by environment to 512.
dgx052:184:292 [2] NCCL INFO threadThresholds 8/8/64 | 128/8/64 | 512 | 512
dgx052:184:292 [2] NCCL INFO 28 coll channels, 28 collnet channels, 16 nvls channels, 32 p2p channels, 2 p2p channels per peer
dgx052:185:288 [3] NCCL INFO NCCL_NTHREADS set by environment to 512.
dgx052:185:288 [3] NCCL INFO threadThresholds 8/8/64 | 128/8/64 | 512 | 512
dgx052:185:288 [3] NCCL INFO 28 coll channels, 28 collnet channels, 16 nvls channels, 32 p2p channels, 2 p2p channels per peer
dgx052:186:289 [4] NCCL INFO NCCL_NTHREADS set by environment to 512.
dgx052:186:289 [4] NCCL INFO threadThresholds 8/8/64 | 128/8/64 | 512 | 512
dgx052:186:289 [4] NCCL INFO 28 coll channels, 28 collnet channels, 16 nvls channels, 32 p2p channels, 2 p2p channels per peer
dgx052:187:291 [5] NCCL INFO NCCL_NTHREADS set by environment to 512.
dgx052:187:291 [5] NCCL INFO threadThresholds 8/8/64 | 128/8/64 | 512 | 512
dgx052:187:291 [5] NCCL INFO 28 coll channels, 28 collnet channels, 16 nvls channels, 32 p2p channels, 2 p2p channels per peer
dgx052:188:290 [6] NCCL INFO NCCL_NTHREADS set by environment to 512.
dgx052:188:290 [6] NCCL INFO threadThresholds 8/8/64 | 128/8/64 | 512 | 512
dgx052:188:290 [6] NCCL INFO 28 coll channels, 28 collnet channels, 16 nvls channels, 32 p2p channels, 2 p2p channels per peer
dgx052:182:286 [0] NCCL INFO NCCL_NTHREADS set by environment to 512.
dgx052:182:286 [0] NCCL INFO threadThresholds 8/8/64 | 128/8/64 | 512 | 512
dgx052:182:286 [0] NCCL INFO 28 coll channels, 28 collnet channels, 16 nvls channels, 32 p2p channels, 2 p2p channels per peer
dgx052:182:286 [0] NCCL INFO CC Off, Multi-GPU CC Off, workFifoBytes 1048576
dgx052:183:293 [1] NCCL INFO NCCL_NTHREADS set by environment to 512.
dgx052:183:293 [1] NCCL INFO threadThresholds 8/8/64 | 128/8/64 | 512 | 512
dgx052:183:293 [1] NCCL INFO 28 coll channels, 28 collnet channels, 16 nvls channels, 32 p2p channels, 2 p2p channels per peer
dgx052:189:294 [7] NCCL INFO NCCL_NTHREADS set by environment to 512.
dgx052:189:294 [7] NCCL INFO threadThresholds 8/8/64 | 128/8/64 | 512 | 512
dgx052:189:294 [7] NCCL INFO 28 coll channels, 28 collnet channels, 16 nvls channels, 32 p2p channels, 2 p2p channels per peer
dgx052:187:291 [5] NCCL INFO TUNER/Plugin: Failed to find ncclTunerPlugin_v3 symbol.
dgx052:189:294 [7] NCCL INFO TUNER/Plugin: Failed to find ncclTunerPlugin_v3 symbol.
dgx052:187:291 [5] NCCL INFO TUNER/Plugin: Failed to find ncclTunerPlugin_v2 symbol, using internal tuner instead.
dgx052:189:294 [7] NCCL INFO TUNER/Plugin: Failed to find ncclTunerPlugin_v2 symbol, using internal tuner instead.
dgx052:189:294 [7] NCCL INFO ncclCommInitRank comm 0x5653ccf9a6e0 rank 7 nranks 16 cudaDev 7 nvmlDev 7 busId df000 commId 0x4385159697f00df3 - Init COMPLETE
dgx052:187:291 [5] NCCL INFO ncclCommInitRank comm 0x5654b7451320 rank 5 nranks 16 cudaDev 5 nvmlDev 5 busId c3000 commId 0x4385159697f00df3 - Init COMPLETE
dgx052:189:294 [7] NCCL INFO Init timings: rank 7 nranks 16 total 2.08 (kernels 0.20, bootstrap 1.12, allgathers 0.23, topo 0.07, graphs 0.12, connections 0.35, rest 0.01)
dgx052:187:291 [5] NCCL INFO Init timings: rank 5 nranks 16 total 2.13 (kernels 0.51, bootstrap 0.84, allgathers 0.22, topo 0.07, graphs 0.11, connections 0.35, rest 0.01)
dgx052:185:288 [3] NCCL INFO TUNER/Plugin: Failed to find ncclTunerPlugin_v3 symbol.
dgx052:185:288 [3] NCCL INFO TUNER/Plugin: Failed to find ncclTunerPlugin_v2 symbol, using internal tuner instead.
dgx052:185:288 [3] NCCL INFO ncclCommInitRank comm 0x55bc4bfffdc0 rank 3 nranks 16 cudaDev 3 nvmlDev 3 busId 61000 commId 0x4385159697f00df3 - Init COMPLETE
dgx052:185:288 [3] NCCL INFO Init timings: rank 3 nranks 16 total 2.17 (kernels 0.32, bootstrap 1.08, allgathers 0.23, topo 0.07, graphs 0.11, connections 0.35, rest 0.02)
dgx052:186:289 [4] NCCL INFO TUNER/Plugin: Failed to find ncclTunerPlugin_v3 symbol.
dgx052:186:289 [4] NCCL INFO TUNER/Plugin: Failed to find ncclTunerPlugin_v2 symbol, using internal tuner instead.
dgx052:186:289 [4] NCCL INFO ncclCommInitRank comm 0x55747a180a10 rank 4 nranks 16 cudaDev 4 nvmlDev 4 busId 9d000 commId 0x4385159697f00df3 - Init COMPLETE
dgx052:188:290 [6] NCCL INFO TUNER/Plugin: Failed to find ncclTunerPlugin_v3 symbol.
dgx052:186:289 [4] NCCL INFO Init timings: rank 4 nranks 16 total 2.17 (kernels 0.20, bootstrap 1.20, allgathers 0.22, topo 0.07, graphs 0.12, connections 0.35, rest 0.01)
dgx052:188:290 [6] NCCL INFO TUNER/Plugin: Failed to find ncclTunerPlugin_v2 symbol, using internal tuner instead.
dgx052:188:290 [6] NCCL INFO ncclCommInitRank comm 0x560bc9afebd0 rank 6 nranks 16 cudaDev 6 nvmlDev 6 busId d1000 commId 0x4385159697f00df3 - Init COMPLETE
dgx052:188:290 [6] NCCL INFO Init timings: rank 6 nranks 16 total 2.16 (kernels 0.35, bootstrap 1.04, allgathers 0.12, topo 0.07, graphs 0.21, connections 0.33, rest 0.03)
dgx052:184:292 [2] NCCL INFO TUNER/Plugin: Failed to find ncclTunerPlugin_v3 symbol.
dgx052:184:292 [2] NCCL INFO TUNER/Plugin: Failed to find ncclTunerPlugin_v2 symbol, using internal tuner instead.
dgx052:184:292 [2] NCCL INFO ncclCommInitRank comm 0x559bb94b0ec0 rank 2 nranks 16 cudaDev 2 nvmlDev 2 busId 52000 commId 0x4385159697f00df3 - Init COMPLETE
dgx052:184:292 [2] NCCL INFO Init timings: rank 2 nranks 16 total 2.12 (kernels 0.59, bootstrap 0.76, allgathers 0.12, topo 0.07, graphs 0.21, connections 0.34, rest 0.02)
dgx052:183:293 [1] NCCL INFO TUNER/Plugin: Failed to find ncclTunerPlugin_v3 symbol.
dgx052:183:293 [1] NCCL INFO TUNER/Plugin: Failed to find ncclTunerPlugin_v2 symbol, using internal tuner instead.
dgx052:183:293 [1] NCCL INFO ncclCommInitRank comm 0x55e6d4586a50 rank 1 nranks 16 cudaDev 1 nvmlDev 1 busId 43000 commId 0x4385159697f00df3 - Init COMPLETE
dgx052:183:293 [1] NCCL INFO Init timings: rank 1 nranks 16 total 2.10 (kernels 0.60, bootstrap 0.74, allgathers 0.01, topo 0.07, graphs 0.33, connections 0.34, rest 0.03)
dgx052:182:286 [0] NCCL INFO TUNER/Plugin: Failed to find ncclTunerPlugin_v3 symbol.
dgx052:182:286 [0] NCCL INFO TUNER/Plugin: Failed to find ncclTunerPlugin_v2 symbol, using internal tuner instead.
dgx052:182:286 [0] NCCL INFO ncclCommInitRank comm 0x5559fb23f820 rank 0 nranks 16 cudaDev 0 nvmlDev 0 busId 1b000 commId 0x4385159697f00df3 - Init COMPLETE
dgx052:182:286 [0] NCCL INFO Init timings: rank 0 nranks 16 total 2.25 (kernels 0.31, bootstrap 1.17, allgathers 0.01, topo 0.07, graphs 0.33, connections 0.34, rest 0.03)
dgx052:184:406 [2] NCCL INFO NVLS comm 0x559bb94b0ec0 headRank 2 nHeads 7 buffSize 1048576 nvlsPerRankSize 33554432 nvlsTotalSize 234881024
dgx052:186:400 [4] NCCL INFO NVLS comm 0x55747a180a10 headRank 4 nHeads 7 buffSize 1048576 nvlsPerRankSize 33554432 nvlsTotalSize 234881024
dgx052:182:402 [0] NCCL INFO NVLS comm 0x5559fb23f820 headRank 0 nHeads 7 buffSize 1048576 nvlsPerRankSize 33554432 nvlsTotalSize 234881024
dgx052:188:399 [6] NCCL INFO NVLS comm 0x560bc9afebd0 headRank 5 nHeads 7 buffSize 1048576 nvlsPerRankSize 33554432 nvlsTotalSize 234881024
dgx052:187:403 [5] NCCL INFO NVLS comm 0x5654b7451320 headRank -1 nHeads 7 buffSize 1048576 nvlsPerRankSize 33554432 nvlsTotalSize 234881024
dgx052:185:401 [3] NCCL INFO NVLS comm 0x55bc4bfffdc0 headRank 3 nHeads 7 buffSize 1048576 nvlsPerRankSize 33554432 nvlsTotalSize 234881024
dgx052:183:404 [1] NCCL INFO NVLS comm 0x55e6d4586a50 headRank 1 nHeads 7 buffSize 1048576 nvlsPerRankSize 33554432 nvlsTotalSize 234881024
dgx052:189:405 [7] NCCL INFO NVLS comm 0x5653ccf9a6e0 headRank 6 nHeads 7 buffSize 1048576 nvlsPerRankSize 33554432 nvlsTotalSize 234881024
dgx052:182:402 [0] NCCL INFO GPU Direct RDMA Enabled for GPU 1b000 / HCA 0 (distance 4 <= 4), read 0
dgx052:186:400 [4] NCCL INFO GPU Direct RDMA Enabled for GPU 9d000 / HCA 5 (distance 4 <= 4), read 0
dgx052:183:404 [1] NCCL INFO GPU Direct RDMA Enabled for GPU 43000 / HCA 2 (distance 4 <= 4), read 0
dgx052:189:405 [7] NCCL INFO GPU Direct RDMA Enabled for GPU df000 / HCA 9 (distance 4 <= 4), read 0
dgx052:185:401 [3] NCCL INFO GPU Direct RDMA Enabled for GPU 61000 / HCA 4 (distance 4 <= 4), read 0
dgx052:187:403 [5] NCCL INFO Connected NVLS tree
dgx052:184:406 [2] NCCL INFO GPU Direct RDMA Enabled for GPU 52000 / HCA 3 (distance 4 <= 4), read 0
dgx052:188:399 [6] NCCL INFO GPU Direct RDMA Enabled for GPU d1000 / HCA 8 (distance 4 <= 4), read 0
dgx052:184:391 [2] NCCL INFO New proxy recv connection 0 from local rank 2, transport 2
dgx052:186:383 [4] NCCL INFO New proxy recv connection 0 from local rank 4, transport 2
dgx052:189:389 [7] NCCL INFO New proxy recv connection 0 from local rank 7, transport 2
dgx052:188:397 [6] NCCL INFO New proxy recv connection 0 from local rank 6, transport 2
dgx052:182:393 [0] NCCL INFO New proxy recv connection 0 from local rank 0, transport 2
dgx052:185:387 [3] NCCL INFO New proxy recv connection 0 from local rank 3, transport 2
dgx052:183:395 [1] NCCL INFO New proxy recv connection 0 from local rank 1, transport 2
dgx052:186:400 [4] NCCL INFO Connected to proxy localRank 4 -> connection 0x7f97f0004f40
dgx052:189:405 [7] NCCL INFO Connected to proxy localRank 7 -> connection 0x7f7a10004f40
dgx052:188:399 [6] NCCL INFO Connected to proxy localRank 6 -> connection 0x7f5060004f40
dgx052:184:406 [2] NCCL INFO Connected to proxy localRank 2 -> connection 0x7f2f74004f40
dgx052:183:404 [1] NCCL INFO Connected to proxy localRank 1 -> connection 0x7f7678004f40
dgx052:182:402 [0] NCCL INFO Connected to proxy localRank 0 -> connection 0x7fab8c004f40
dgx052:186:383 [4] NCCL INFO NET/IB : GPU Direct RDMA (DMABUF) enabled for HCA 5 'mlx5_6
dgx052:186:400 [4] NCCL INFO Channel 00/0 : 12[4] -> 4[4] [receive] via NET/IBext_v8/5/GDRDMA
dgx052:186:400 [4] NCCL INFO GPU Direct RDMA Enabled for GPU 9d000 / HCA 5 (distance 4 <= 4), read 0
dgx052:184:391 [2] NCCL INFO NET/IB : GPU Direct RDMA (DMABUF) enabled for HCA 3 'mlx5_4
dgx052:189:389 [7] NCCL INFO NET/IB : GPU Direct RDMA (DMABUF) enabled for HCA 9 'mlx5_11
dgx052:188:397 [6] NCCL INFO NET/IB : GPU Direct RDMA (DMABUF) enabled for HCA 8 'mlx5_10
dgx052:182:393 [0] NCCL INFO NET/IB : GPU Direct RDMA (DMABUF) enabled for HCA 0 'mlx5_0
dgx052:186:383 [4] NCCL INFO New proxy recv connection 1 from local rank 4, transport 2
dgx052:183:395 [1] NCCL INFO NET/IB : GPU Direct RDMA (DMABUF) enabled for HCA 2 'mlx5_3
dgx052:186:400 [4] NCCL INFO Connected to proxy localRank 4 -> connection 0x7f97f0004fb8
dgx052:184:406 [2] NCCL INFO Channel 00/0 : 10[2] -> 2[2] [receive] via NET/IBext_v8/3/GDRDMA
dgx052:189:405 [7] NCCL INFO Channel 00/0 : 15[7] -> 7[7] [receive] via NET/IBext_v8/9/GDRDMA
dgx052:184:406 [2] NCCL INFO GPU Direct RDMA Enabled for GPU 52000 / HCA 3 (distance 4 <= 4), read 0
dgx052:188:399 [6] NCCL INFO Channel 00/0 : 14[6] -> 6[6] [receive] via NET/IBext_v8/8/GDRDMA
dgx052:189:405 [7] NCCL INFO GPU Direct RDMA Enabled for GPU df000 / HCA 9 (distance 4 <= 4), read 0
dgx052:188:399 [6] NCCL INFO GPU Direct RDMA Enabled for GPU d1000 / HCA 8 (distance 4 <= 4), read 0
dgx052:182:402 [0] NCCL INFO Channel 00/0 : 8[0] -> 0[0] [receive] via NET/IBext_v8/0/GDRDMA
dgx052:183:404 [1] NCCL INFO Channel 00/0 : 9[1] -> 1[1] [receive] via NET/IBext_v8/2/GDRDMA
dgx052:182:402 [0] NCCL INFO GPU Direct RDMA Enabled for GPU 1b000 / HCA 0 (distance 4 <= 4), read 0
dgx052:183:404 [1] NCCL INFO GPU Direct RDMA Enabled for GPU 43000 / HCA 2 (distance 4 <= 4), read 0
dgx052:186:383 [4] NCCL INFO NET/IB : GPU Direct RDMA (DMABUF) enabled for HCA 5 'mlx5_6
dgx052:186:400 [4] NCCL INFO Channel 01/0 : 12[4] -> 4[4] [receive] via NET/IBext_v8/5/GDRDMA
dgx052:186:400 [4] NCCL INFO GPU Direct RDMA Enabled for GPU 9d000 / HCA 5 (distance 4 <= 4), read 0
dgx052:186:383 [4] NCCL INFO New proxy recv connection 2 from local rank 4, transport 2
dgx052:186:400 [4] NCCL INFO Connected to proxy localRank 4 -> connection 0x7f97f0005030
dgx052:186:383 [4] NCCL INFO NET/IB : GPU Direct RDMA (DMABUF) enabled for HCA 5 'mlx5_6
dgx052:184:391 [2] NCCL INFO New proxy recv connection 1 from local rank 2, transport 2
dgx052:189:389 [7] NCCL INFO New proxy recv connection 1 from local rank 7, transport 2
dgx052:188:397 [6] NCCL INFO New proxy recv connection 1 from local rank 6, transport 2
dgx052:182:393 [0] NCCL INFO New proxy recv connection 1 from local rank 0, transport 2
dgx052:186:400 [4] NCCL INFO Channel 02/0 : 12[4] -> 4[4] [receive] via NET/IBext_v8/5/GDRDMA
dgx052:183:395 [1] NCCL INFO New proxy recv connection 1 from local rank 1, transport 2
dgx052:184:406 [2] NCCL INFO Connected to proxy localRank 2 -> connection 0x7f2f74004fb8
dgx052:186:400 [4] NCCL INFO GPU Direct RDMA Enabled for GPU 9d000 / HCA 5 (distance 4 <= 4), read 0
dgx052:189:405 [7] NCCL INFO Connected to proxy localRank 7 -> connection 0x7f7a10004fb8
dgx052:188:399 [6] NCCL INFO Connected to proxy localRank 6 -> connection 0x7f5060004fb8
dgx052:182:402 [0] NCCL INFO Connected to proxy localRank 0 -> connection 0x7fab8c004fb8
dgx052:183:404 [1] NCCL INFO Connected to proxy localRank 1 -> connection 0x7f7678004fb8
dgx052:186:383 [4] NCCL INFO New proxy recv connection 3 from local rank 4, transport 2
dgx052:186:400 [4] NCCL INFO Connected to proxy localRank 4 -> connection 0x7f97f00050a8
dgx052:189:389 [7] NCCL INFO NET/IB : GPU Direct RDMA (DMABUF) enabled for HCA 9 'mlx5_11
dgx052:188:397 [6] NCCL INFO NET/IB : GPU Direct RDMA (DMABUF) enabled for HCA 8 'mlx5_10
dgx052:182:393 [0] NCCL INFO NET/IB : GPU Direct RDMA (DMABUF) enabled for HCA 0 'mlx5_0
dgx052:183:395 [1] NCCL INFO NET/IB : GPU Direct RDMA (DMABUF) enabled for HCA 2 'mlx5_3
dgx052:186:383 [4] NCCL INFO NET/IB : GPU Direct RDMA (DMABUF) enabled for HCA 5 'mlx5_6
dgx052:189:405 [7] NCCL INFO Channel 01/0 : 15[7] -> 7[7] [receive] via NET/IBext_v8/9/GDRDMA
dgx052:188:399 [6] NCCL INFO Channel 01/0 : 14[6] -> 6[6] [receive] via NET/IBext_v8/8/GDRDMA
dgx052:189:405 [7] NCCL INFO GPU Direct RDMA Enabled for GPU df000 / HCA 9 (distance 4 <= 4), read 0
dgx052:188:399 [6] NCCL INFO GPU Direct RDMA Enabled for GPU d1000 / HCA 8 (distance 4 <= 4), read 0
dgx052:186:400 [4] NCCL INFO Channel 03/0 : 12[4] -> 4[4] [receive] via NET/IBext_v8/5/GDRDMA
dgx052:186:400 [4] NCCL INFO GPU Direct RDMA Enabled for GPU 9d000 / HCA 5 (distance 4 <= 4), read 0
dgx052:182:402 [0] NCCL INFO Channel 01/0 : 8[0] -> 0[0] [receive] via NET/IBext_v8/0/GDRDMA
dgx052:183:404 [1] NCCL INFO Channel 01/0 : 9[1] -> 1[1] [receive] via NET/IBext_v8/2/GDRDMA
dgx052:182:402 [0] NCCL INFO GPU Direct RDMA Enabled for GPU 1b000 / HCA 0 (distance 4 <= 4), read 0
dgx052:183:404 [1] NCCL INFO GPU Direct RDMA Enabled for GPU 43000 / HCA 2 (distance 4 <= 4), read 0
dgx052:186:383 [4] NCCL INFO New proxy recv connection 4 from local rank 4, transport 2
dgx052:184:391 [2] NCCL INFO NET/IB : GPU Direct RDMA (DMABUF) enabled for HCA 3 'mlx5_4
dgx052:186:400 [4] NCCL INFO Connected to proxy localRank 4 -> connection 0x7f97f0005120
dgx052:184:406 [2] NCCL INFO Channel 01/0 : 10[2] -> 2[2] [receive] via NET/IBext_v8/3/GDRDMA
dgx052:184:406 [2] NCCL INFO GPU Direct RDMA Enabled for GPU 52000 / HCA 3 (distance 4 <= 4), read 0
dgx052:186:383 [4] NCCL INFO NET/IB : GPU Direct RDMA (DMABUF) enabled for HCA 5 'mlx5_6
dgx052:189:389 [7] NCCL INFO New proxy recv connection 2 from local rank 7, transport 2
dgx052:186:400 [4] NCCL INFO Channel 04/0 : 12[4] -> 4[4] [receive] via NET/IBext_v8/5/GDRDMA
dgx052:186:400 [4] NCCL INFO GPU Direct RDMA Enabled for GPU 9d000 / HCA 5 (distance 4 <= 4), read 0
dgx052:182:393 [0] NCCL INFO New proxy recv connection 2 from local rank 0, transport 2
dgx052:183:395 [1] NCCL INFO New proxy recv connection 2 from local rank 1, transport 2
dgx052:188:397 [6] NCCL INFO New proxy recv connection 2 from local rank 6, transport 2
dgx052:189:405 [7] NCCL INFO Connected to proxy localRank 7 -> connection 0x7f7a10005030
dgx052:186:383 [4] NCCL INFO New proxy recv connection 5 from local rank 4, transport 2
dgx052:186:400 [4] NCCL INFO Connected to proxy localRank 4 -> connection 0x7f97f0005198
dgx052:182:402 [0] NCCL INFO Connected to proxy localRank 0 -> connection 0x7fab8c005030
dgx052:183:404 [1] NCCL INFO Connected to proxy localRank 1 -> connection 0x7f7678005030
dgx052:188:399 [6] NCCL INFO Connected to proxy localRank 6 -> connection 0x7f5060005030
dgx052:186:383 [4] NCCL INFO NET/IB : GPU Direct RDMA (DMABUF) enabled for HCA 5 'mlx5_6
dgx052:189:389 [7] NCCL INFO NET/IB : GPU Direct RDMA (DMABUF) enabled for HCA 9 'mlx5_11
dgx052:186:400 [4] NCCL INFO Channel 05/0 : 12[4] -> 4[4] [receive] via NET/IBext_v8/5/GDRDMA
dgx052:186:400 [4] NCCL INFO GPU Direct RDMA Enabled for GPU 9d000 / HCA 5 (distance 4 <= 4), read 0
dgx052:188:397 [6] NCCL INFO NET/IB : GPU Direct RDMA (DMABUF) enabled for HCA 8 'mlx5_10
dgx052:183:395 [1] NCCL INFO NET/IB : GPU Direct RDMA (DMABUF) enabled for HCA 2 'mlx5_3
dgx052:182:393 [0] NCCL INFO NET/IB : GPU Direct RDMA (DMABUF) enabled for HCA 0 'mlx5_0
dgx052:186:383 [4] NCCL INFO New proxy recv connection 6 from local rank 4, transport 2
dgx052:189:405 [7] NCCL INFO Channel 02/0 : 15[7] -> 7[7] [receive] via NET/IBext_v8/9/GDRDMA
dgx052:189:405 [7] NCCL INFO GPU Direct RDMA Enabled for GPU df000 / HCA 9 (distance 4 <= 4), read 0
dgx052:184:391 [2] NCCL INFO New proxy recv connection 2 from local rank 2, transport 2
dgx052:186:400 [4] NCCL INFO Connected to proxy localRank 4 -> connection 0x7f97f0005210
dgx052:188:399 [6] NCCL INFO Channel 02/0 : 14[6] -> 6[6] [receive] via NET/IBext_v8/8/GDRDMA
dgx052:188:399 [6] NCCL INFO GPU Direct RDMA Enabled for GPU d1000 / HCA 8 (distance 4 <= 4), read 0
dgx052:183:404 [1] NCCL INFO Channel 02/0 : 9[1] -> 1[1] [receive] via NET/IBext_v8/2/GDRDMA
dgx052:182:402 [0] NCCL INFO Channel 02/0 : 8[0] -> 0[0] [receive] via NET/IBext_v8/0/GDRDMA
dgx052:183:404 [1] NCCL INFO GPU Direct RDMA Enabled for GPU 43000 / HCA 2 (distance 4 <= 4), read 0
dgx052:182:402 [0] NCCL INFO GPU Direct RDMA Enabled for GPU 1b000 / HCA 0 (distance 4 <= 4), read 0
dgx052:184:406 [2] NCCL INFO Connected to proxy localRank 2 -> connection 0x7f2f74005030
dgx052:186:383 [4] NCCL INFO NET/IB : GPU Direct RDMA (DMABUF) enabled for HCA 5 'mlx5_6
dgx052:186:400 [4] NCCL INFO Channel 06/0 : 12[4] -> 4[4] [receive] via NET/IBext_v8/5/GDRDMA
dgx052:186:400 [4] NCCL INFO GPU Direct RDMA Enabled for GPU 9d000 / HCA 5 (distance 4 <= 4), read 0
dgx052:186:383 [4] NCCL INFO New proxy recv connection 7 from local rank 4, transport 2
dgx052:184:391 [2] NCCL INFO NET/IB : GPU Direct RDMA (DMABUF) enabled for HCA 3 'mlx5_4
dgx052:186:400 [4] NCCL INFO Connected to proxy localRank 4 -> connection 0x7f97f0005288
dgx052:186:383 [4] NCCL INFO NET/IB : GPU Direct RDMA (DMABUF) enabled for HCA 5 'mlx5_6
dgx052:184:406 [2] NCCL INFO Channel 02/0 : 10[2] -> 2[2] [receive] via NET/IBext_v8/3/GDRDMA
dgx052:184:406 [2] NCCL INFO GPU Direct RDMA Enabled for GPU 52000 / HCA 3 (distance 4 <= 4), read 0
dgx052:189:389 [7] NCCL INFO New proxy recv connection 3 from local rank 7, transport 2
dgx052:186:400 [4] NCCL INFO Channel 07/0 : 12[4] -> 4[4] [receive] via NET/IBext_v8/5/GDRDMA
dgx052:186:400 [4] NCCL INFO GPU Direct RDMA Enabled for GPU 9d000 / HCA 5 (distance 4 <= 4), read 0
dgx052:183:395 [1] NCCL INFO New proxy recv connection 3 from local rank 1, transport 2
dgx052:189:405 [7] NCCL INFO Connected to proxy localRank 7 -> connection 0x7f7a100050a8
dgx052:188:397 [6] NCCL INFO New proxy recv connection 3 from local rank 6, transport 2
dgx052:186:383 [4] NCCL INFO New proxy recv connection 8 from local rank 4, transport 2
dgx052:184:391 [2] NCCL INFO New proxy recv connection 3 from local rank 2, transport 2
dgx052:183:404 [1] NCCL INFO Connected to proxy localRank 1 -> connection 0x7f76780050a8
dgx052:182:393 [0] NCCL INFO New proxy recv connection 3 from local rank 0, transport 2
dgx052:188:399 [6] NCCL INFO Connected to proxy localRank 6 -> connection 0x7f50600050a8
dgx052:186:400 [4] NCCL INFO Connected to proxy localRank 4 -> connection 0x7f97f0005300
dgx052:184:406 [2] NCCL INFO Connected to proxy localRank 2 -> connection 0x7f2f740050a8
dgx052:182:402 [0] NCCL INFO Connected to proxy localRank 0 -> connection 0x7fab8c0050a8
dgx052:186:383 [4] NCCL INFO NET/IB : GPU Direct RDMA (DMABUF) enabled for HCA 5 'mlx5_6
dgx052:189:389 [7] NCCL INFO NET/IB : GPU Direct RDMA (DMABUF) enabled for HCA 9 'mlx5_11
dgx052:186:400 [4] NCCL INFO Channel 08/0 : 12[4] -> 4[4] [receive] via NET/IBext_v8/5/GDRDMA
dgx052:186:400 [4] NCCL INFO GPU Direct RDMA Enabled for GPU 9d000 / HCA 5 (distance 4 <= 4), read 0
dgx052:188:397 [6] NCCL INFO NET/IB : GPU Direct RDMA (DMABUF) enabled for HCA 8 'mlx5_10
dgx052:183:395 [1] NCCL INFO NET/IB : GPU Direct RDMA (DMABUF) enabled for HCA 2 'mlx5_3
dgx052:184:391 [2] NCCL INFO NET/IB : GPU Direct RDMA (DMABUF) enabled for HCA 3 'mlx5_4
dgx052:189:405 [7] NCCL INFO Channel 03/0 : 15[7] -> 7[7] [receive] via NET/IBext_v8/9/GDRDMA
dgx052:189:405 [7] NCCL INFO GPU Direct RDMA Enabled for GPU df000 / HCA 9 (distance 4 <= 4), read 0
dgx052:186:383 [4] NCCL INFO New proxy recv connection 9 from local rank 4, transport 2
dgx052:182:393 [0] NCCL INFO NET/IB : GPU Direct RDMA (DMABUF) enabled for HCA 0 'mlx5_0
dgx052:184:406 [2] NCCL INFO Channel 03/0 : 10[2] -> 2[2] [receive] via NET/IBext_v8/3/GDRDMA
dgx052:186:400 [4] NCCL INFO Connected to proxy localRank 4 -> connection 0x7f97f0005378
dgx052:184:406 [2] NCCL INFO GPU Direct RDMA Enabled for GPU 52000 / HCA 3 (distance 4 <= 4), read 0
dgx052:183:404 [1] NCCL INFO Channel 03/0 : 9[1] -> 1[1] [receive] via NET/IBext_v8/2/GDRDMA
dgx052:188:399 [6] NCCL INFO Channel 03/0 : 14[6] -> 6[6] [receive] via NET/IBext_v8/8/GDRDMA
dgx052:183:404 [1] NCCL INFO GPU Direct RDMA Enabled for GPU 43000 / HCA 2 (distance 4 <= 4), read 0
dgx052:188:399 [6] NCCL INFO GPU Direct RDMA Enabled for GPU d1000 / HCA 8 (distance 4 <= 4), read 0
dgx052:189:389 [7] NCCL INFO New proxy recv connection 4 from local rank 7, transport 2
dgx052:186:383 [4] NCCL INFO NET/IB : GPU Direct RDMA (DMABUF) enabled for HCA 5 'mlx5_6
dgx052:182:402 [0] NCCL INFO Channel 03/0 : 8[0] -> 0[0] [receive] via NET/IBext_v8/0/GDRDMA
dgx052:182:402 [0] NCCL INFO GPU Direct RDMA Enabled for GPU 1b000 / HCA 0 (distance 4 <= 4), read 0
dgx052:184:391 [2] NCCL INFO New proxy recv connection 4 from local rank 2, transport 2
dgx052:189:405 [7] NCCL INFO Connected to proxy localRank 7 -> connection 0x7f7a10005120
dgx052:183:395 [1] NCCL INFO New proxy recv connection 4 from local rank 1, transport 2
dgx052:186:400 [4] NCCL INFO Channel 09/0 : 12[4] -> 4[4] [receive] via NET/IBext_v8/5/GDRDMA
dgx052:186:400 [4] NCCL INFO GPU Direct RDMA Enabled for GPU 9d000 / HCA 5 (distance 4 <= 4), read 0
dgx052:184:406 [2] NCCL INFO Connected to proxy localRank 2 -> connection 0x7f2f74005120
dgx052:183:404 [1] NCCL INFO Connected to proxy localRank 1 -> connection 0x7f7678005120
dgx052:186:383 [4] NCCL INFO New proxy recv connection 10 from local rank 4, transport 2
dgx052:186:400 [4] NCCL INFO Connected to proxy localRank 4 -> connection 0x7f97f00053f0
dgx052:189:389 [7] NCCL INFO NET/IB : GPU Direct RDMA (DMABUF) enabled for HCA 9 'mlx5_11
dgx052:186:383 [4] NCCL INFO NET/IB : GPU Direct RDMA (DMABUF) enabled for HCA 5 'mlx5_6
dgx052:184:391 [2] NCCL INFO NET/IB : GPU Direct RDMA (DMABUF) enabled for HCA 3 'mlx5_4
dgx052:183:395 [1] NCCL INFO NET/IB : GPU Direct RDMA (DMABUF) enabled for HCA 2 'mlx5_3
dgx052:189:405 [7] NCCL INFO Channel 04/0 : 15[7] -> 7[7] [receive] via NET/IBext_v8/9/GDRDMA
dgx052:189:405 [7] NCCL INFO GPU Direct RDMA Enabled for GPU df000 / HCA 9 (distance 4 <= 4), read 0
dgx052:186:400 [4] NCCL INFO Channel 10/0 : 12[4] -> 4[4] [receive] via NET/IBext_v8/5/GDRDMA
dgx052:186:400 [4] NCCL INFO GPU Direct RDMA Enabled for GPU 9d000 / HCA 5 (distance 4 <= 4), read 0
dgx052:184:406 [2] NCCL INFO Channel 04/0 : 10[2] -> 2[2] [receive] via NET/IBext_v8/3/GDRDMA
dgx052:188:397 [6] NCCL INFO New proxy recv connection 4 from local rank 6, transport 2
dgx052:184:406 [2] NCCL INFO GPU Direct RDMA Enabled for GPU 52000 / HCA 3 (distance 4 <= 4), read 0
dgx052:183:404 [1] NCCL INFO Channel 04/0 : 9[1] -> 1[1] [receive] via NET/IBext_v8/2/GDRDMA
dgx052:183:404 [1] NCCL INFO GPU Direct RDMA Enabled for GPU 43000 / HCA 2 (distance 4 <= 4), read 0
dgx052:186:383 [4] NCCL INFO New proxy recv connection 11 from local rank 4, transport 2
dgx052:189:389 [7] NCCL INFO New proxy recv connection 5 from local rank 7, transport 2
dgx052:188:399 [6] NCCL INFO Connected to proxy localRank 6 -> connection 0x7f5060005120
dgx052:182:393 [0] NCCL INFO New proxy recv connection 4 from local rank 0, transport 2
dgx052:186:400 [4] NCCL INFO Connected to proxy localRank 4 -> connection 0x7f97f0005468
dgx052:189:405 [7] NCCL INFO Connected to proxy localRank 7 -> connection 0x7f7a10005198
dgx052:182:402 [0] NCCL INFO Connected to proxy localRank 0 -> connection 0x7fab8c005120
dgx052:184:391 [2] NCCL INFO New proxy recv connection 5 from local rank 2, transport 2
dgx052:183:395 [1] NCCL INFO New proxy recv connection 5 from local rank 1, transport 2
dgx052:184:406 [2] NCCL INFO Connected to proxy localRank 2 -> connection 0x7f2f74005198
dgx052:186:383 [4] NCCL INFO NET/IB : GPU Direct RDMA (DMABUF) enabled for HCA 5 'mlx5_6
dgx052:183:404 [1] NCCL INFO Connected to proxy localRank 1 -> connection 0x7f7678005198
dgx052:186:400 [4] NCCL INFO Channel 11/0 : 12[4] -> 4[4] [receive] via NET/IBext_v8/5/GDRDMA
dgx052:188:397 [6] NCCL INFO NET/IB : GPU Direct RDMA (DMABUF) enabled for HCA 8 'mlx5_10
dgx052:186:400 [4] NCCL INFO GPU Direct RDMA Enabled for GPU 9d000 / HCA 5 (distance 4 <= 4), read 0
dgx052:189:389 [7] NCCL INFO NET/IB : GPU Direct RDMA (DMABUF) enabled for HCA 9 'mlx5_11
dgx052:184:391 [2] NCCL INFO NET/IB : GPU Direct RDMA (DMABUF) enabled for HCA 3 'mlx5_4
dgx052:186:383 [4] NCCL INFO New proxy recv connection 12 from local rank 4, transport 2
dgx052:183:395 [1] NCCL INFO NET/IB : GPU Direct RDMA (DMABUF) enabled for HCA 2 'mlx5_3
dgx052:189:405 [7] NCCL INFO Channel 05/0 : 15[7] -> 7[7] [receive] via NET/IBext_v8/9/GDRDMA
dgx052:189:405 [7] NCCL INFO GPU Direct RDMA Enabled for GPU df000 / HCA 9 (distance 4 <= 4), read 0
dgx052:186:400 [4] NCCL INFO Connected to proxy localRank 4 -> connection 0x7f97f00054e0
dgx052:188:399 [6] NCCL INFO Channel 04/0 : 14[6] -> 6[6] [receive] via NET/IBext_v8/8/GDRDMA
dgx052:188:399 [6] NCCL INFO GPU Direct RDMA Enabled for GPU d1000 / HCA 8 (distance 4 <= 4), read 0
dgx052:184:406 [2] NCCL INFO Channel 05/0 : 10[2] -> 2[2] [receive] via NET/IBext_v8/3/GDRDMA
dgx052:183:404 [1] NCCL INFO Channel 05/0 : 9[1] -> 1[1] [receive] via NET/IBext_v8/2/GDRDMA
dgx052:184:406 [2] NCCL INFO GPU Direct RDMA Enabled for GPU 52000 / HCA 3 (distance 4 <= 4), read 0
dgx052:183:404 [1] NCCL INFO GPU Direct RDMA Enabled for GPU 43000 / HCA 2 (distance 4 <= 4), read 0
dgx052:182:393 [0] NCCL INFO NET/IB : GPU Direct RDMA (DMABUF) enabled for HCA 0 'mlx5_0
dgx052:186:383 [4] NCCL INFO NET/IB : GPU Direct RDMA (DMABUF) enabled for HCA 5 'mlx5_6
dgx052:189:389 [7] NCCL INFO New proxy recv connection 6 from local rank 7, transport 2
dgx052:183:395 [1] NCCL INFO New proxy recv connection 6 from local rank 1, transport 2
dgx052:184:391 [2] NCCL INFO New proxy recv connection 6 from local rank 2, transport 2
dgx052:188:397 [6] NCCL INFO New proxy recv connection 5 from local rank 6, transport 2
dgx052:186:400 [4] NCCL INFO Channel 12/0 : 12[4] -> 4[4] [receive] via NET/IBext_v8/5/GDRDMA
dgx052:186:400 [4] NCCL INFO GPU Direct RDMA Enabled for GPU 9d000 / HCA 5 (distance 4 <= 4), read 0
dgx052:189:405 [7] NCCL INFO Connected to proxy localRank 7 -> connection 0x7f7a10005210
dgx052:182:402 [0] NCCL INFO Channel 04/0 : 8[0] -> 0[0] [receive] via NET/IBext_v8/0/GDRDMA
dgx052:183:404 [1] NCCL INFO Connected to proxy localRank 1 -> connection 0x7f7678005210
dgx052:184:406 [2] NCCL INFO Connected to proxy localRank 2 -> connection 0x7f2f74005210
dgx052:182:402 [0] NCCL INFO GPU Direct RDMA Enabled for GPU 1b000 / HCA 0 (distance 4 <= 4), read 0
dgx052:188:399 [6] NCCL INFO Connected to proxy localRank 6 -> connection 0x7f5060005198
dgx052:186:383 [4] NCCL INFO New proxy recv connection 13 from local rank 4, transport 2
dgx052:183:395 [1] NCCL INFO NET/IB : GPU Direct RDMA (DMABUF) enabled for HCA 2 'mlx5_3
dgx052:182:393 [0] NCCL INFO New proxy recv connection 5 from local rank 0, transport 2
dgx052:184:391 [2] NCCL INFO NET/IB : GPU Direct RDMA (DMABUF) enabled for HCA 3 'mlx5_4
dgx052:182:402 [0] NCCL INFO Connected to proxy localRank 0 -> connection 0x7fab8c005198
dgx052:183:404 [1] NCCL INFO Channel 06/0 : 9[1] -> 1[1] [receive] via NET/IBext_v8/2/GDRDMA
dgx052:183:404 [1] NCCL INFO GPU Direct RDMA Enabled for GPU 43000 / HCA 2 (distance 4 <= 4), read 0
dgx052:186:400 [4] NCCL INFO Connected to proxy localRank 4 -> connection 0x7f97f0005558
dgx052:184:406 [2] NCCL INFO Channel 06/0 : 10[2] -> 2[2] [receive] via NET/IBext_v8/3/GDRDMA
dgx052:184:406 [2] NCCL INFO GPU Direct RDMA Enabled for GPU 52000 / HCA 3 (distance 4 <= 4), read 0
dgx052:189:389 [7] NCCL INFO NET/IB : GPU Direct RDMA (DMABUF) enabled for HCA 9 'mlx5_11
dgx052:183:395 [1] NCCL INFO New proxy recv connection 7 from local rank 1, transport 2
dgx052:184:391 [2] NCCL INFO New proxy recv connection 7 from local rank 2, transport 2
dgx052:183:404 [1] NCCL INFO Connected to proxy localRank 1 -> connection 0x7f7678005288
dgx052:184:406 [2] NCCL INFO Connected to proxy localRank 2 -> connection 0x7f2f74005288
dgx052:186:383 [4] NCCL INFO NET/IB : GPU Direct RDMA (DMABUF) enabled for HCA 5 'mlx5_6
dgx052:189:405 [7] NCCL INFO Channel 06/0 : 15[7] -> 7[7] [receive] via NET/IBext_v8/9/GDRDMA
dgx052:189:405 [7] NCCL INFO GPU Direct RDMA Enabled for GPU df000 / HCA 9 (distance 4 <= 4), read 0
dgx052:183:395 [1] NCCL INFO NET/IB : GPU Direct RDMA (DMABUF) enabled for HCA 2 'mlx5_3
dgx052:184:391 [2] NCCL INFO NET/IB : GPU Direct RDMA (DMABUF) enabled for HCA 3 'mlx5_4
dgx052:186:400 [4] NCCL INFO Channel 13/0 : 12[4] -> 4[4] [receive] via NET/IBext_v8/5/GDRDMA
dgx052:186:400 [4] NCCL INFO GPU Direct RDMA Enabled for GPU 9d000 / HCA 5 (distance 4 <= 4), read 0
dgx052:183:404 [1] NCCL INFO Channel 07/0 : 9[1] -> 1[1] [receive] via NET/IBext_v8/2/GDRDMA
dgx052:183:404 [1] NCCL INFO GPU Direct RDMA Enabled for GPU 43000 / HCA 2 (distance 4 <= 4), read 0
dgx052:184:406 [2] NCCL INFO Channel 07/0 : 10[2] -> 2[2] [receive] via NET/IBext_v8/3/GDRDMA
dgx052:184:406 [2] NCCL INFO GPU Direct RDMA Enabled for GPU 52000 / HCA 3 (distance 4 <= 4), read 0
dgx052:183:395 [1] NCCL INFO New proxy recv connection 8 from local rank 1, transport 2
dgx052:184:391 [2] NCCL INFO New proxy recv connection 8 from local rank 2, transport 2
dgx052:189:389 [7] NCCL INFO New proxy recv connection 7 from local rank 7, transport 2
dgx052:183:404 [1] NCCL INFO Connected to proxy localRank 1 -> connection 0x7f7678005300
dgx052:184:406 [2] NCCL INFO Connected to proxy localRank 2 -> connection 0x7f2f74005300
dgx052:182:393 [0] NCCL INFO NET/IB : GPU Direct RDMA (DMABUF) enabled for HCA 0 'mlx5_0
dgx052:189:405 [7] NCCL INFO Connected to proxy localRank 7 -> connection 0x7f7a10005288
dgx052:183:395 [1] NCCL INFO NET/IB : GPU Direct RDMA (DMABUF) enabled for HCA 2 'mlx5_3
dgx052:184:391 [2] NCCL INFO NET/IB : GPU Direct RDMA (DMABUF) enabled for HCA 3 'mlx5_4
dgx052:183:404 [1] NCCL INFO Channel 08/0 : 9[1] -> 1[1] [receive] via NET/IBext_v8/2/GDRDMA
dgx052:186:383 [4] NCCL INFO New proxy recv connection 14 from local rank 4, transport 2
dgx052:183:404 [1] NCCL INFO GPU Direct RDMA Enabled for GPU 43000 / HCA 2 (distance 4 <= 4), read 0
dgx052:185:401 [3] NCCL INFO Connected to proxy localRank 3 -> connection 0x7f223c004f40
dgx052:182:402 [0] NCCL INFO Channel 05/0 : 8[0] -> 0[0] [receive] via NET/IBext_v8/0/GDRDMA
dgx052:182:402 [0] NCCL INFO GPU Direct RDMA Enabled for GPU 1b000 / HCA 0 (distance 4 <= 4), read 0
dgx052:184:406 [2] NCCL INFO Channel 08/0 : 10[2] -> 2[2] [receive] via NET/IBext_v8/3/GDRDMA
dgx052:184:406 [2] NCCL INFO GPU Direct RDMA Enabled for GPU 52000 / HCA 3 (distance 4 <= 4), read 0
dgx052:183:395 [1] NCCL INFO New proxy recv connection 9 from local rank 1, transport 2
dgx052:182:393 [0] NCCL INFO New proxy recv connection 6 from local rank 0, transport 2
dgx052:183:404 [1] NCCL INFO Connected to proxy localRank 1 -> connection 0x7f7678005378
dgx052:182:402 [0] NCCL INFO Connected to proxy localRank 0 -> connection 0x7fab8c005210
dgx052:186:400 [4] NCCL INFO Connected to proxy localRank 4 -> connection 0x7f97f00055d0
dgx052:184:391 [2] NCCL INFO New proxy recv connection 9 from local rank 2, transport 2
dgx052:188:397 [6] NCCL INFO NET/IB : GPU Direct RDMA (DMABUF) enabled for HCA 8 'mlx5_10
dgx052:189:389 [7] NCCL INFO NET/IB : GPU Direct RDMA (DMABUF) enabled for HCA 9 'mlx5_11
dgx052:183:395 [1] NCCL INFO NET/IB : GPU Direct RDMA (DMABUF) enabled for HCA 2 'mlx5_3
dgx052:184:406 [2] NCCL INFO Connected to proxy localRank 2 -> connection 0x7f2f74005378
dgx052:182:393 [0] NCCL INFO NET/IB : GPU Direct RDMA (DMABUF) enabled for HCA 0 'mlx5_0
dgx052:183:404 [1] NCCL INFO Channel 09/0 : 9[1] -> 1[1] [receive] via NET/IBext_v8/2/GDRDMA
dgx052:183:404 [1] NCCL INFO GPU Direct RDMA Enabled for GPU 43000 / HCA 2 (distance 4 <= 4), read 0
dgx052:182:402 [0] NCCL INFO Channel 06/0 : 8[0] -> 0[0] [receive] via NET/IBext_v8/0/GDRDMA
dgx052:182:402 [0] NCCL INFO GPU Direct RDMA Enabled for GPU 1b000 / HCA 0 (distance 4 <= 4), read 0
dgx052:183:395 [1] NCCL INFO New proxy recv connection 10 from local rank 1, transport 2
dgx052:184:391 [2] NCCL INFO NET/IB : GPU Direct RDMA (DMABUF) enabled for HCA 3 'mlx5_4
dgx052:189:405 [7] NCCL INFO Channel 07/0 : 15[7] -> 7[7] [receive] via NET/IBext_v8/9/GDRDMA
dgx052:189:405 [7] NCCL INFO GPU Direct RDMA Enabled for GPU df000 / HCA 9 (distance 4 <= 4), read 0
dgx052:183:404 [1] NCCL INFO Connected to proxy localRank 1 -> connection 0x7f76780053f0
dgx052:184:406 [2] NCCL INFO Channel 09/0 : 10[2] -> 2[2] [receive] via NET/IBext_v8/3/GDRDMA
dgx052:184:406 [2] NCCL INFO GPU Direct RDMA Enabled for GPU 52000 / HCA 3 (distance 4 <= 4), read 0
dgx052:182:393 [0] NCCL INFO New proxy recv connection 7 from local rank 0, transport 2
dgx052:186:383 [4] NCCL INFO NET/IB : GPU Direct RDMA (DMABUF) enabled for HCA 5 'mlx5_6
dgx052:183:395 [1] NCCL INFO NET/IB : GPU Direct RDMA (DMABUF) enabled for HCA 2 'mlx5_3
dgx052:182:402 [0] NCCL INFO Connected to proxy localRank 0 -> connection 0x7fab8c005288
dgx052:188:399 [6] NCCL INFO Channel 05/0 : 14[6] -> 6[6] [receive] via NET/IBext_v8/8/GDRDMA
dgx052:188:399 [6] NCCL INFO GPU Direct RDMA Enabled for GPU d1000 / HCA 8 (distance 4 <= 4), read 0
dgx052:183:404 [1] NCCL INFO Channel 10/0 : 9[1] -> 1[1] [receive] via NET/IBext_v8/2/GDRDMA
dgx052:184:391 [2] NCCL INFO New proxy recv connection 10 from local rank 2, transport 2
dgx052:183:404 [1] NCCL INFO GPU Direct RDMA Enabled for GPU 43000 / HCA 2 (distance 4 <= 4), read 0
dgx052:182:393 [0] NCCL INFO NET/IB : GPU Direct RDMA (DMABUF) enabled for HCA 0 'mlx5_0
dgx052:184:406 [2] NCCL INFO Connected to proxy localRank 2 -> connection 0x7f2f740053f0
dgx052:189:389 [7] NCCL INFO New proxy recv connection 8 from local rank 7, transport 2
dgx052:183:395 [1] NCCL INFO New proxy recv connection 11 from local rank 1, transport 2
dgx052:183:404 [1] NCCL INFO Connected to proxy localRank 1 -> connection 0x7f7678005468
dgx052:182:402 [0] NCCL INFO Channel 07/0 : 8[0] -> 0[0] [receive] via NET/IBext_v8/0/GDRDMA
dgx052:182:402 [0] NCCL INFO GPU Direct RDMA Enabled for GPU 1b000 / HCA 0 (distance 4 <= 4), read 0
dgx052:189:405 [7] NCCL INFO Connected to proxy localRank 7 -> connection 0x7f7a10005300
dgx052:184:391 [2] NCCL INFO NET/IB : GPU Direct RDMA (DMABUF) enabled for HCA 3 'mlx5_4
dgx052:186:400 [4] NCCL INFO Channel 14/0 : 12[4] -> 4[4] [receive] via NET/IBext_v8/5/GDRDMA
dgx052:186:400 [4] NCCL INFO GPU Direct RDMA Enabled for GPU 9d000 / HCA 5 (distance 4 <= 4), read 0
dgx052:183:395 [1] NCCL INFO NET/IB : GPU Direct RDMA (DMABUF) enabled for HCA 2 'mlx5_3
dgx052:182:393 [0] NCCL INFO New proxy recv connection 8 from local rank 0, transport 2
dgx052:184:406 [2] NCCL INFO Channel 10/0 : 10[2] -> 2[2] [receive] via NET/IBext_v8/3/GDRDMA
dgx052:184:406 [2] NCCL INFO GPU Direct RDMA Enabled for GPU 52000 / HCA 3 (distance 4 <= 4), read 0
dgx052:183:404 [1] NCCL INFO Channel 11/0 : 9[1] -> 1[1] [receive] via NET/IBext_v8/2/GDRDMA
dgx052:183:404 [1] NCCL INFO GPU Direct RDMA Enabled for GPU 43000 / HCA 2 (distance 4 <= 4), read 0
dgx052:182:402 [0] NCCL INFO Connected to proxy localRank 0 -> connection 0x7fab8c005300
dgx052:183:395 [1] NCCL INFO New proxy recv connection 12 from local rank 1, transport 2
dgx052:184:391 [2] NCCL INFO New proxy recv connection 11 from local rank 2, transport 2
dgx052:185:387 [3] NCCL INFO NET/IB : GPU Direct RDMA (DMABUF) enabled for HCA 4 'mlx5_5
dgx052:183:404 [1] NCCL INFO Connected to proxy localRank 1 -> connection 0x7f76780054e0
dgx052:186:383 [4] NCCL INFO New proxy recv connection 15 from local rank 4, transport 2
dgx052:184:406 [2] NCCL INFO Connected to proxy localRank 2 -> connection 0x7f2f74005468
dgx052:182:393 [0] NCCL INFO NET/IB : GPU Direct RDMA (DMABUF) enabled for HCA 0 'mlx5_0
dgx052:189:389 [7] NCCL INFO NET/IB : GPU Direct RDMA (DMABUF) enabled for HCA 9 'mlx5_11
dgx052:183:395 [1] NCCL INFO NET/IB : GPU Direct RDMA (DMABUF) enabled for HCA 2 'mlx5_3
dgx052:182:402 [0] NCCL INFO Channel 08/0 : 8[0] -> 0[0] [receive] via NET/IBext_v8/0/GDRDMA
dgx052:182:402 [0] NCCL INFO GPU Direct RDMA Enabled for GPU 1b000 / HCA 0 (distance 4 <= 4), read 0
dgx052:186:400 [4] NCCL INFO Connected to proxy localRank 4 -> connection 0x7f97f0005648
dgx052:184:391 [2] NCCL INFO NET/IB : GPU Direct RDMA (DMABUF) enabled for HCA 3 'mlx5_4
dgx052:183:404 [1] NCCL INFO Channel 12/0 : 9[1] -> 1[1] [receive] via NET/IBext_v8/2/GDRDMA
dgx052:183:404 [1] NCCL INFO GPU Direct RDMA Enabled for GPU 43000 / HCA 2 (distance 4 <= 4), read 0
dgx052:182:393 [0] NCCL INFO New proxy recv connection 9 from local rank 0, transport 2
dgx052:189:405 [7] NCCL INFO Channel 08/0 : 15[7] -> 7[7] [receive] via NET/IBext_v8/9/GDRDMA
dgx052:184:406 [2] NCCL INFO Channel 11/0 : 10[2] -> 2[2] [receive] via NET/IBext_v8/3/GDRDMA
dgx052:184:406 [2] NCCL INFO GPU Direct RDMA Enabled for GPU 52000 / HCA 3 (distance 4 <= 4), read 0
dgx052:189:405 [7] NCCL INFO GPU Direct RDMA Enabled for GPU df000 / HCA 9 (distance 4 <= 4), read 0
dgx052:183:395 [1] NCCL INFO New proxy recv connection 13 from local rank 1, transport 2
dgx052:182:402 [0] NCCL INFO Connected to proxy localRank 0 -> connection 0x7fab8c005378
dgx052:183:404 [1] NCCL INFO Connected to proxy localRank 1 -> connection 0x7f7678005558
dgx052:185:401 [3] NCCL INFO Channel 00/0 : 11[3] -> 3[3] [receive] via NET/IBext_v8/4/GDRDMA
dgx052:184:391 [2] NCCL INFO New proxy recv connection 12 from local rank 2, transport 2
dgx052:182:393 [0] NCCL INFO NET/IB : GPU Direct RDMA (DMABUF) enabled for HCA 0 'mlx5_0
dgx052:188:397 [6] NCCL INFO New proxy recv connection 6 from local rank 6, transport 2
dgx052:185:401 [3] NCCL INFO GPU Direct RDMA Enabled for GPU 61000 / HCA 4 (distance 4 <= 4), read 0
dgx052:186:383 [4] NCCL INFO NET/IB : GPU Direct RDMA (DMABUF) enabled for HCA 5 'mlx5_6
dgx052:183:395 [1] NCCL INFO NET/IB : GPU Direct RDMA (DMABUF) enabled for HCA 2 'mlx5_3
dgx052:184:406 [2] NCCL INFO Connected to proxy localRank 2 -> connection 0x7f2f740054e0
dgx052:182:402 [0] NCCL INFO Channel 09/0 : 8[0] -> 0[0] [receive] via NET/IBext_v8/0/GDRDMA
dgx052:182:402 [0] NCCL INFO GPU Direct RDMA Enabled for GPU 1b000 / HCA 0 (distance 4 <= 4), read 0
dgx052:183:404 [1] NCCL INFO Channel 13/0 : 9[1] -> 1[1] [receive] via NET/IBext_v8/2/GDRDMA
dgx052:183:404 [1] NCCL INFO GPU Direct RDMA Enabled for GPU 43000 / HCA 2 (distance 4 <= 4), read 0
dgx052:189:389 [7] NCCL INFO New proxy recv connection 9 from local rank 7, transport 2
dgx052:182:393 [0] NCCL INFO New proxy recv connection 10 from local rank 0, transport 2
dgx052:184:391 [2] NCCL INFO NET/IB : GPU Direct RDMA (DMABUF) enabled for HCA 3 'mlx5_4
dgx052:183:395 [1] NCCL INFO New proxy recv connection 14 from local rank 1, transport 2
dgx052:182:402 [0] NCCL INFO Connected to proxy localRank 0 -> connection 0x7fab8c0053f0
dgx052:188:399 [6] NCCL INFO Connected to proxy localRank 6 -> connection 0x7f5060005210
dgx052:186:400 [4] NCCL INFO Channel 15/0 : 12[4] -> 4[4] [receive] via NET/IBext_v8/5/GDRDMA
dgx052:186:400 [4] NCCL INFO GPU Direct RDMA Enabled for GPU 9d000 / HCA 5 (distance 4 <= 4), read 0
dgx052:183:404 [1] NCCL INFO Connected to proxy localRank 1 -> connection 0x7f76780055d0
dgx052:189:405 [7] NCCL INFO Connected to proxy localRank 7 -> connection 0x7f7a10005378
dgx052:184:406 [2] NCCL INFO Channel 12/0 : 10[2] -> 2[2] [receive] via NET/IBext_v8/3/GDRDMA
dgx052:184:406 [2] NCCL INFO GPU Direct RDMA Enabled for GPU 52000 / HCA 3 (distance 4 <= 4), read 0
dgx052:182:393 [0] NCCL INFO NET/IB : GPU Direct RDMA (DMABUF) enabled for HCA 0 'mlx5_0
dgx052:183:395 [1] NCCL INFO NET/IB : GPU Direct RDMA (DMABUF) enabled for HCA 2 'mlx5_3
dgx052:182:402 [0] NCCL INFO Channel 10/0 : 8[0] -> 0[0] [receive] via NET/IBext_v8/0/GDRDMA
dgx052:182:402 [0] NCCL INFO GPU Direct RDMA Enabled for GPU 1b000 / HCA 0 (distance 4 <= 4), read 0
dgx052:184:391 [2] NCCL INFO New proxy recv connection 13 from local rank 2, transport 2
dgx052:183:404 [1] NCCL INFO Channel 14/0 : 9[1] -> 1[1] [receive] via NET/IBext_v8/2/GDRDMA
dgx052:183:404 [1] NCCL INFO GPU Direct RDMA Enabled for GPU 43000 / HCA 2 (distance 4 <= 4), read 0
dgx052:186:383 [4] NCCL INFO New proxy recv connection 16 from local rank 4, transport 2
dgx052:184:406 [2] NCCL INFO Connected to proxy localRank 2 -> connection 0x7f2f74005558
dgx052:182:393 [0] NCCL INFO New proxy recv connection 11 from local rank 0, transport 2
dgx052:183:395 [1] NCCL INFO New proxy recv connection 15 from local rank 1, transport 2
dgx052:182:402 [0] NCCL INFO Connected to proxy localRank 0 -> connection 0x7fab8c005468
dgx052:183:404 [1] NCCL INFO Connected to proxy localRank 1 -> connection 0x7f7678005648
dgx052:186:400 [4] NCCL INFO Connected to proxy localRank 4 -> connection 0x7f97f00056c0
dgx052:189:389 [7] NCCL INFO NET/IB : GPU Direct RDMA (DMABUF) enabled for HCA 9 'mlx5_11
dgx052:184:391 [2] NCCL INFO NET/IB : GPU Direct RDMA (DMABUF) enabled for HCA 3 'mlx5_4
dgx052:182:393 [0] NCCL INFO NET/IB : GPU Direct RDMA (DMABUF) enabled for HCA 0 'mlx5_0
dgx052:183:395 [1] NCCL INFO NET/IB : GPU Direct RDMA (DMABUF) enabled for HCA 2 'mlx5_3
dgx052:182:402 [0] NCCL INFO Channel 11/0 : 8[0] -> 0[0] [receive] via NET/IBext_v8/0/GDRDMA
dgx052:182:402 [0] NCCL INFO GPU Direct RDMA Enabled for GPU 1b000 / HCA 0 (distance 4 <= 4), read 0
dgx052:184:406 [2] NCCL INFO Channel 13/0 : 10[2] -> 2[2] [receive] via NET/IBext_v8/3/GDRDMA
dgx052:184:406 [2] NCCL INFO GPU Direct RDMA Enabled for GPU 52000 / HCA 3 (distance 4 <= 4), read 0
dgx052:183:404 [1] NCCL INFO Channel 15/0 : 9[1] -> 1[1] [receive] via NET/IBext_v8/2/GDRDMA
dgx052:183:404 [1] NCCL INFO GPU Direct RDMA Enabled for GPU 43000 / HCA 2 (distance 4 <= 4), read 0
dgx052:189:405 [7] NCCL INFO Channel 09/0 : 15[7] -> 7[7] [receive] via NET/IBext_v8/9/GDRDMA
dgx052:189:405 [7] NCCL INFO GPU Direct RDMA Enabled for GPU df000 / HCA 9 (distance 4 <= 4), read 0
dgx052:182:393 [0] NCCL INFO New proxy recv connection 12 from local rank 0, transport 2
dgx052:183:395 [1] NCCL INFO New proxy recv connection 16 from local rank 1, transport 2
dgx052:184:391 [2] NCCL INFO New proxy recv connection 14 from local rank 2, transport 2
dgx052:182:402 [0] NCCL INFO Connected to proxy localRank 0 -> connection 0x7fab8c0054e0
dgx052:186:383 [4] NCCL INFO NET/IB : GPU Direct RDMA (DMABUF) enabled for HCA 5 'mlx5_6
dgx052:183:404 [1] NCCL INFO Connected to proxy localRank 1 -> connection 0x7f76780056c0
dgx052:184:406 [2] NCCL INFO Connected to proxy localRank 2 -> connection 0x7f2f740055d0
dgx052:182:393 [0] NCCL INFO NET/IB : GPU Direct RDMA (DMABUF) enabled for HCA 0 'mlx5_0
dgx052:183:395 [1] NCCL INFO NET/IB : GPU Direct RDMA (DMABUF) enabled for HCA 2 'mlx5_3
dgx052:186:400 [4] NCCL INFO Channel 16/0 : 12[4] -> 4[4] [receive] via NET/IBext_v8/5/GDRDMA
dgx052:186:400 [4] NCCL INFO GPU Direct RDMA Enabled for GPU 9d000 / HCA 5 (distance 4 <= 4), read 0
dgx052:182:402 [0] NCCL INFO Channel 12/0 : 8[0] -> 0[0] [receive] via NET/IBext_v8/0/GDRDMA
dgx052:182:402 [0] NCCL INFO GPU Direct RDMA Enabled for GPU 1b000 / HCA 0 (distance 4 <= 4), read 0
dgx052:185:387 [3] NCCL INFO New proxy recv connection 1 from local rank 3, transport 2
dgx052:184:391 [2] NCCL INFO NET/IB : GPU Direct RDMA (DMABUF) enabled for HCA 3 'mlx5_4
dgx052:183:404 [1] NCCL INFO Channel 16/0 : 9[1] -> 1[1] [receive] via NET/IBext_v8/2/GDRDMA
dgx052:183:404 [1] NCCL INFO GPU Direct RDMA Enabled for GPU 43000 / HCA 2 (distance 4 <= 4), read 0
dgx052:189:389 [7] NCCL INFO New proxy recv connection 10 from local rank 7, transport 2
dgx052:182:393 [0] NCCL INFO New proxy recv connection 13 from local rank 0, transport 2
dgx052:188:397 [6] NCCL INFO NET/IB : GPU Direct RDMA (DMABUF) enabled for HCA 8 'mlx5_10
dgx052:184:406 [2] NCCL INFO Channel 14/0 : 10[2] -> 2[2] [receive] via NET/IBext_v8/3/GDRDMA
dgx052:184:406 [2] NCCL INFO GPU Direct RDMA Enabled for GPU 52000 / HCA 3 (distance 4 <= 4), read 0
dgx052:183:395 [1] NCCL INFO New proxy recv connection 17 from local rank 1, transport 2
dgx052:186:383 [4] NCCL INFO New proxy recv connection 17 from local rank 4, transport 2
dgx052:182:402 [0] NCCL INFO Connected to proxy localRank 0 -> connection 0x7fab8c005558
dgx052:183:404 [1] NCCL INFO Connected to proxy localRank 1 -> connection 0x7f7678005738
dgx052:189:405 [7] NCCL INFO Connected to proxy localRank 7 -> connection 0x7f7a100053f0
dgx052:185:401 [3] NCCL INFO Connected to proxy localRank 3 -> connection 0x7f223c004fb8
dgx052:186:400 [4] NCCL INFO Connected to proxy localRank 4 -> connection 0x7f97f0005738
dgx052:182:393 [0] NCCL INFO NET/IB : GPU Direct RDMA (DMABUF) enabled for HCA 0 'mlx5_0
dgx052:184:391 [2] NCCL INFO New proxy recv connection 15 from local rank 2, transport 2
dgx052:183:395 [1] NCCL INFO NET/IB : GPU Direct RDMA (DMABUF) enabled for HCA 2 'mlx5_3
dgx052:188:399 [6] NCCL INFO Channel 06/0 : 14[6] -> 6[6] [receive] via NET/IBext_v8/8/GDRDMA
dgx052:184:406 [2] NCCL INFO Connected to proxy localRank 2 -> connection 0x7f2f74005648
dgx052:188:399 [6] NCCL INFO GPU Direct RDMA Enabled for GPU d1000 / HCA 8 (distance 4 <= 4), read 0
dgx052:182:402 [0] NCCL INFO Channel 13/0 : 8[0] -> 0[0] [receive] via NET/IBext_v8/0/GDRDMA
dgx052:183:404 [1] NCCL INFO Channel 17/0 : 9[1] -> 1[1] [receive] via NET/IBext_v8/2/GDRDMA
dgx052:182:402 [0] NCCL INFO GPU Direct RDMA Enabled for GPU 1b000 / HCA 0 (distance 4 <= 4), read 0
dgx052:183:404 [1] NCCL INFO GPU Direct RDMA Enabled for GPU 43000 / HCA 2 (distance 4 <= 4), read 0
dgx052:186:383 [4] NCCL INFO NET/IB : GPU Direct RDMA (DMABUF) enabled for HCA 5 'mlx5_6
dgx052:183:395 [1] NCCL INFO New proxy recv connection 18 from local rank 1, transport 2
dgx052:182:393 [0] NCCL INFO New proxy recv connection 14 from local rank 0, transport 2
dgx052:184:391 [2] NCCL INFO NET/IB : GPU Direct RDMA (DMABUF) enabled for HCA 3 'mlx5_4
dgx052:183:404 [1] NCCL INFO Connected to proxy localRank 1 -> connection 0x7f76780057b0
dgx052:182:402 [0] NCCL INFO Connected to proxy localRank 0 -> connection 0x7fab8c0055d0
dgx052:186:400 [4] NCCL INFO Channel 17/0 : 12[4] -> 4[4] [receive] via NET/IBext_v8/5/GDRDMA
dgx052:186:400 [4] NCCL INFO GPU Direct RDMA Enabled for GPU 9d000 / HCA 5 (distance 4 <= 4), read 0
dgx052:189:389 [7] NCCL INFO NET/IB : GPU Direct RDMA (DMABUF) enabled for HCA 9 'mlx5_11
dgx052:184:406 [2] NCCL INFO Channel 15/0 : 10[2] -> 2[2] [receive] via NET/IBext_v8/3/GDRDMA
dgx052:184:406 [2] NCCL INFO GPU Direct RDMA Enabled for GPU 52000 / HCA 3 (distance 4 <= 4), read 0
dgx052:183:395 [1] NCCL INFO NET/IB : GPU Direct RDMA (DMABUF) enabled for HCA 2 'mlx5_3
dgx052:182:393 [0] NCCL INFO NET/IB : GPU Direct RDMA (DMABUF) enabled for HCA 0 'mlx5_0
dgx052:185:387 [3] NCCL INFO NET/IB : GPU Direct RDMA (DMABUF) enabled for HCA 4 'mlx5_5
dgx052:186:383 [4] NCCL INFO New proxy recv connection 18 from local rank 4, transport 2
dgx052:183:404 [1] NCCL INFO Channel 18/0 : 9[1] -> 1[1] [receive] via NET/IBext_v8/2/GDRDMA
dgx052:182:402 [0] NCCL INFO Channel 14/0 : 8[0] -> 0[0] [receive] via NET/IBext_v8/0/GDRDMA
dgx052:183:404 [1] NCCL INFO GPU Direct RDMA Enabled for GPU 43000 / HCA 2 (distance 4 <= 4), read 0
dgx052:182:402 [0] NCCL INFO GPU Direct RDMA Enabled for GPU 1b000 / HCA 0 (distance 4 <= 4), read 0
dgx052:186:400 [4] NCCL INFO Connected to proxy localRank 4 -> connection 0x7f97f00057b0
dgx052:184:391 [2] NCCL INFO New proxy recv connection 16 from local rank 2, transport 2
dgx052:189:405 [7] NCCL INFO Channel 10/0 : 15[7] -> 7[7] [receive] via NET/IBext_v8/9/GDRDMA
dgx052:189:405 [7] NCCL INFO GPU Direct RDMA Enabled for GPU df000 / HCA 9 (distance 4 <= 4), read 0
dgx052:184:406 [2] NCCL INFO Connected to proxy localRank 2 -> connection 0x7f2f740056c0
dgx052:183:395 [1] NCCL INFO New proxy recv connection 19 from local rank 1, transport 2
