dgx052:187:408 [2] NCCL INFO Connected to proxy localRank 2 -> connection 0x7fa8c4006908
dgx052:185:388 [0] NCCL INFO New proxy send connection 54 from local rank 0, transport 2
dgx052:186:406 [1] NCCL INFO Connected to proxy localRank 1 -> connection 0x7f1900006368
dgx052:185:402 [0] NCCL INFO Connected to proxy localRank 0 -> connection 0x7fccd0006890
dgx052:188:392 [3] NCCL INFO New proxy send connection 41 from local rank 3, transport 2
dgx052:188:409 [3] NCCL INFO Connected to proxy localRank 3 -> connection 0x7f9708006278
dgx052:187:386 [2] NCCL INFO NET/IB : GPU Direct RDMA (DMABUF) enabled for HCA 3 'mlx5_4
dgx052:187:408 [2] NCCL INFO Channel 27/0 : 2[2] -> 10[2] [send] via NET/IBext_v8/3/GDRDMA
dgx052:185:388 [0] NCCL INFO NET/IB : GPU Direct RDMA (DMABUF) enabled for HCA 0 'mlx5_0
dgx052:185:402 [0] NCCL INFO Channel 26/0 : 0[0] -> 8[0] [send] via NET/IBext_v8/0/GDRDMA
dgx052:185:402 [0] NCCL INFO GPU Direct RDMA Enabled for GPU 1b000 / HCA 0 (distance 4 <= 4), read 1
dgx052:186:400 [1] NCCL INFO NET/IB : GPU Direct RDMA (DMABUF) enabled for HCA 2 'mlx5_3
dgx052:186:406 [1] NCCL INFO Channel 15/0 : 1[1] -> 9[1] [send] via NET/IBext_v8/2/GDRDMA
dgx052:188:392 [3] NCCL INFO NET/IB : GPU Direct RDMA (DMABUF) enabled for HCA 4 'mlx5_5
dgx052:186:406 [1] NCCL INFO GPU Direct RDMA Enabled for GPU 43000 / HCA 2 (distance 4 <= 4), read 1
dgx052:188:409 [3] NCCL INFO Channel 13/0 : 3[3] -> 11[3] [send] via NET/IBext_v8/4/GDRDMA
dgx052:188:409 [3] NCCL INFO GPU Direct RDMA Enabled for GPU 61000 / HCA 4 (distance 4 <= 4), read 1
dgx052:185:388 [0] NCCL INFO New proxy send connection 55 from local rank 0, transport 2
dgx052:185:402 [0] NCCL INFO Connected to proxy localRank 0 -> connection 0x7fccd0006908
dgx052:188:392 [3] NCCL INFO New proxy send connection 42 from local rank 3, transport 2
dgx052:186:400 [1] NCCL INFO New proxy send connection 44 from local rank 1, transport 2
dgx052:191:398 [6] NCCL INFO NET/IB : GPU Direct RDMA (DMABUF) enabled for HCA 8 'mlx5_10
dgx052:188:409 [3] NCCL INFO Connected to proxy localRank 3 -> connection 0x7f97080062f0
dgx052:185:388 [0] NCCL INFO NET/IB : GPU Direct RDMA (DMABUF) enabled for HCA 0 'mlx5_0
dgx052:186:406 [1] NCCL INFO Connected to proxy localRank 1 -> connection 0x7f19000063e0
dgx052:185:402 [0] NCCL INFO Channel 27/0 : 0[0] -> 8[0] [send] via NET/IBext_v8/0/GDRDMA
dgx052:188:392 [3] NCCL INFO NET/IB : GPU Direct RDMA (DMABUF) enabled for HCA 4 'mlx5_5
dgx052:188:409 [3] NCCL INFO Channel 14/0 : 3[3] -> 11[3] [send] via NET/IBext_v8/4/GDRDMA
dgx052:188:409 [3] NCCL INFO GPU Direct RDMA Enabled for GPU 61000 / HCA 4 (distance 4 <= 4), read 1
dgx052:188:392 [3] NCCL INFO New proxy send connection 43 from local rank 3, transport 2
dgx052:191:405 [6] NCCL INFO Channel 00/0 : 14[6] -> 6[6] [receive] via NET/IBext_v8/8/GDRDMA
dgx052:186:400 [1] NCCL INFO NET/IB : GPU Direct RDMA (DMABUF) enabled for HCA 2 'mlx5_3
dgx052:191:405 [6] NCCL INFO GPU Direct RDMA Enabled for GPU d1000 / HCA 8 (distance 4 <= 4), read 0
dgx052:188:409 [3] NCCL INFO Connected to proxy localRank 3 -> connection 0x7f9708006368
dgx052:186:406 [1] NCCL INFO Channel 16/0 : 1[1] -> 9[1] [send] via NET/IBext_v8/2/GDRDMA
dgx052:186:406 [1] NCCL INFO GPU Direct RDMA Enabled for GPU 43000 / HCA 2 (distance 4 <= 4), read 1
dgx052:188:392 [3] NCCL INFO NET/IB : GPU Direct RDMA (DMABUF) enabled for HCA 4 'mlx5_5
dgx052:188:409 [3] NCCL INFO Channel 15/0 : 3[3] -> 11[3] [send] via NET/IBext_v8/4/GDRDMA
dgx052:188:409 [3] NCCL INFO GPU Direct RDMA Enabled for GPU 61000 / HCA 4 (distance 4 <= 4), read 1
dgx052:186:400 [1] NCCL INFO New proxy send connection 45 from local rank 1, transport 2
dgx052:191:398 [6] NCCL INFO New proxy recv connection 1 from local rank 6, transport 2
dgx052:186:406 [1] NCCL INFO Connected to proxy localRank 1 -> connection 0x7f1900006458
dgx052:188:392 [3] NCCL INFO New proxy send connection 44 from local rank 3, transport 2
dgx052:191:405 [6] NCCL INFO Connected to proxy localRank 6 -> connection 0x7f91a4004fb8
dgx052:188:409 [3] NCCL INFO Connected to proxy localRank 3 -> connection 0x7f97080063e0
dgx052:188:392 [3] NCCL INFO NET/IB : GPU Direct RDMA (DMABUF) enabled for HCA 4 'mlx5_5
dgx052:188:409 [3] NCCL INFO Channel 16/0 : 3[3] -> 11[3] [send] via NET/IBext_v8/4/GDRDMA
dgx052:188:409 [3] NCCL INFO GPU Direct RDMA Enabled for GPU 61000 / HCA 4 (distance 4 <= 4), read 1
dgx052:186:400 [1] NCCL INFO NET/IB : GPU Direct RDMA (DMABUF) enabled for HCA 2 'mlx5_3
dgx052:191:398 [6] NCCL INFO NET/IB : GPU Direct RDMA (DMABUF) enabled for HCA 8 'mlx5_10
dgx052:186:406 [1] NCCL INFO Channel 17/0 : 1[1] -> 9[1] [send] via NET/IBext_v8/2/GDRDMA
dgx052:186:406 [1] NCCL INFO GPU Direct RDMA Enabled for GPU 43000 / HCA 2 (distance 4 <= 4), read 1
dgx052:188:392 [3] NCCL INFO New proxy send connection 45 from local rank 3, transport 2
dgx052:188:409 [3] NCCL INFO Connected to proxy localRank 3 -> connection 0x7f9708006458
dgx052:191:405 [6] NCCL INFO Channel 01/0 : 14[6] -> 6[6] [receive] via NET/IBext_v8/8/GDRDMA
dgx052:191:405 [6] NCCL INFO GPU Direct RDMA Enabled for GPU d1000 / HCA 8 (distance 4 <= 4), read 0
dgx052:186:400 [1] NCCL INFO New proxy send connection 46 from local rank 1, transport 2
dgx052:188:392 [3] NCCL INFO NET/IB : GPU Direct RDMA (DMABUF) enabled for HCA 4 'mlx5_5
dgx052:188:409 [3] NCCL INFO Channel 17/0 : 3[3] -> 11[3] [send] via NET/IBext_v8/4/GDRDMA
dgx052:188:409 [3] NCCL INFO GPU Direct RDMA Enabled for GPU 61000 / HCA 4 (distance 4 <= 4), read 1
dgx052:186:406 [1] NCCL INFO Connected to proxy localRank 1 -> connection 0x7f19000064d0
dgx052:191:398 [6] NCCL INFO New proxy recv connection 2 from local rank 6, transport 2
dgx052:188:392 [3] NCCL INFO New proxy send connection 46 from local rank 3, transport 2
dgx052:188:409 [3] NCCL INFO Connected to proxy localRank 3 -> connection 0x7f97080064d0
dgx052:191:405 [6] NCCL INFO Connected to proxy localRank 6 -> connection 0x7f91a4005030
dgx052:186:400 [1] NCCL INFO NET/IB : GPU Direct RDMA (DMABUF) enabled for HCA 2 'mlx5_3
dgx052:186:406 [1] NCCL INFO Channel 18/0 : 1[1] -> 9[1] [send] via NET/IBext_v8/2/GDRDMA
dgx052:186:406 [1] NCCL INFO GPU Direct RDMA Enabled for GPU 43000 / HCA 2 (distance 4 <= 4), read 1
dgx052:188:392 [3] NCCL INFO NET/IB : GPU Direct RDMA (DMABUF) enabled for HCA 4 'mlx5_5
dgx052:188:409 [3] NCCL INFO Channel 18/0 : 3[3] -> 11[3] [send] via NET/IBext_v8/4/GDRDMA
dgx052:188:409 [3] NCCL INFO GPU Direct RDMA Enabled for GPU 61000 / HCA 4 (distance 4 <= 4), read 1
dgx052:186:400 [1] NCCL INFO New proxy send connection 47 from local rank 1, transport 2
dgx052:191:398 [6] NCCL INFO NET/IB : GPU Direct RDMA (DMABUF) enabled for HCA 8 'mlx5_10
dgx052:188:392 [3] NCCL INFO New proxy send connection 47 from local rank 3, transport 2
dgx052:186:406 [1] NCCL INFO Connected to proxy localRank 1 -> connection 0x7f1900006548
dgx052:188:409 [3] NCCL INFO Connected to proxy localRank 3 -> connection 0x7f9708006548
dgx052:191:405 [6] NCCL INFO Channel 02/0 : 14[6] -> 6[6] [receive] via NET/IBext_v8/8/GDRDMA
dgx052:191:405 [6] NCCL INFO GPU Direct RDMA Enabled for GPU d1000 / HCA 8 (distance 4 <= 4), read 0
dgx052:186:400 [1] NCCL INFO NET/IB : GPU Direct RDMA (DMABUF) enabled for HCA 2 'mlx5_3
dgx052:188:392 [3] NCCL INFO NET/IB : GPU Direct RDMA (DMABUF) enabled for HCA 4 'mlx5_5
dgx052:186:406 [1] NCCL INFO Channel 19/0 : 1[1] -> 9[1] [send] via NET/IBext_v8/2/GDRDMA
dgx052:188:409 [3] NCCL INFO Channel 19/0 : 3[3] -> 11[3] [send] via NET/IBext_v8/4/GDRDMA
dgx052:186:406 [1] NCCL INFO GPU Direct RDMA Enabled for GPU 43000 / HCA 2 (distance 4 <= 4), read 1
dgx052:188:409 [3] NCCL INFO GPU Direct RDMA Enabled for GPU 61000 / HCA 4 (distance 4 <= 4), read 1
dgx052:187:386 [2] NCCL INFO NCCL_IB_QPS_PER_CONNECTION set by environment to 8.
dgx052:186:400 [1] NCCL INFO New proxy send connection 48 from local rank 1, transport 2
dgx052:188:392 [3] NCCL INFO New proxy send connection 48 from local rank 3, transport 2
dgx052:188:409 [3] NCCL INFO Connected to proxy localRank 3 -> connection 0x7f97080065c0
dgx052:186:406 [1] NCCL INFO Connected to proxy localRank 1 -> connection 0x7f19000065c0
dgx052:191:398 [6] NCCL INFO New proxy recv connection 3 from local rank 6, transport 2
dgx052:191:405 [6] NCCL INFO Connected to proxy localRank 6 -> connection 0x7f91a40050a8
dgx052:188:392 [3] NCCL INFO NET/IB : GPU Direct RDMA (DMABUF) enabled for HCA 4 'mlx5_5
dgx052:186:400 [1] NCCL INFO NET/IB : GPU Direct RDMA (DMABUF) enabled for HCA 2 'mlx5_3
dgx052:188:409 [3] NCCL INFO Channel 20/0 : 3[3] -> 11[3] [send] via NET/IBext_v8/4/GDRDMA
dgx052:188:409 [3] NCCL INFO GPU Direct RDMA Enabled for GPU 61000 / HCA 4 (distance 4 <= 4), read 1
dgx052:186:406 [1] NCCL INFO Channel 20/0 : 1[1] -> 9[1] [send] via NET/IBext_v8/2/GDRDMA
dgx052:186:406 [1] NCCL INFO GPU Direct RDMA Enabled for GPU 43000 / HCA 2 (distance 4 <= 4), read 1
dgx052:188:392 [3] NCCL INFO New proxy send connection 49 from local rank 3, transport 2
dgx052:186:400 [1] NCCL INFO New proxy send connection 49 from local rank 1, transport 2
dgx052:188:409 [3] NCCL INFO Connected to proxy localRank 3 -> connection 0x7f9708006638
dgx052:191:398 [6] NCCL INFO NET/IB : GPU Direct RDMA (DMABUF) enabled for HCA 8 'mlx5_10
dgx052:186:406 [1] NCCL INFO Connected to proxy localRank 1 -> connection 0x7f1900006638
dgx052:188:392 [3] NCCL INFO NET/IB : GPU Direct RDMA (DMABUF) enabled for HCA 4 'mlx5_5
dgx052:191:405 [6] NCCL INFO Channel 03/0 : 14[6] -> 6[6] [receive] via NET/IBext_v8/8/GDRDMA
dgx052:191:405 [6] NCCL INFO GPU Direct RDMA Enabled for GPU d1000 / HCA 8 (distance 4 <= 4), read 0
dgx052:188:409 [3] NCCL INFO Channel 21/0 : 3[3] -> 11[3] [send] via NET/IBext_v8/4/GDRDMA
dgx052:188:409 [3] NCCL INFO GPU Direct RDMA Enabled for GPU 61000 / HCA 4 (distance 4 <= 4), read 1
dgx052:186:400 [1] NCCL INFO NET/IB : GPU Direct RDMA (DMABUF) enabled for HCA 2 'mlx5_3
dgx052:186:406 [1] NCCL INFO Channel 21/0 : 1[1] -> 9[1] [send] via NET/IBext_v8/2/GDRDMA
dgx052:186:406 [1] NCCL INFO GPU Direct RDMA Enabled for GPU 43000 / HCA 2 (distance 4 <= 4), read 1
dgx052:188:392 [3] NCCL INFO New proxy send connection 50 from local rank 3, transport 2
dgx052:191:398 [6] NCCL INFO New proxy recv connection 4 from local rank 6, transport 2
dgx052:188:409 [3] NCCL INFO Connected to proxy localRank 3 -> connection 0x7f97080066b0
dgx052:186:400 [1] NCCL INFO New proxy send connection 50 from local rank 1, transport 2
dgx052:191:405 [6] NCCL INFO Connected to proxy localRank 6 -> connection 0x7f91a4005120
dgx052:186:406 [1] NCCL INFO Connected to proxy localRank 1 -> connection 0x7f19000066b0
dgx052:188:392 [3] NCCL INFO NET/IB : GPU Direct RDMA (DMABUF) enabled for HCA 4 'mlx5_5
dgx052:188:409 [3] NCCL INFO Channel 22/0 : 3[3] -> 11[3] [send] via NET/IBext_v8/4/GDRDMA
dgx052:188:409 [3] NCCL INFO GPU Direct RDMA Enabled for GPU 61000 / HCA 4 (distance 4 <= 4), read 1
dgx052:186:400 [1] NCCL INFO NET/IB : GPU Direct RDMA (DMABUF) enabled for HCA 2 'mlx5_3
dgx052:191:398 [6] NCCL INFO NET/IB : GPU Direct RDMA (DMABUF) enabled for HCA 8 'mlx5_10
dgx052:186:406 [1] NCCL INFO Channel 22/0 : 1[1] -> 9[1] [send] via NET/IBext_v8/2/GDRDMA
dgx052:186:406 [1] NCCL INFO GPU Direct RDMA Enabled for GPU 43000 / HCA 2 (distance 4 <= 4), read 1
dgx052:188:392 [3] NCCL INFO New proxy send connection 51 from local rank 3, transport 2
dgx052:188:409 [3] NCCL INFO Connected to proxy localRank 3 -> connection 0x7f9708006728
dgx052:191:405 [6] NCCL INFO Channel 04/0 : 14[6] -> 6[6] [receive] via NET/IBext_v8/8/GDRDMA
dgx052:191:405 [6] NCCL INFO GPU Direct RDMA Enabled for GPU d1000 / HCA 8 (distance 4 <= 4), read 0
dgx052:186:400 [1] NCCL INFO New proxy send connection 51 from local rank 1, transport 2
dgx052:186:406 [1] NCCL INFO Connected to proxy localRank 1 -> connection 0x7f1900006728
dgx052:188:392 [3] NCCL INFO NET/IB : GPU Direct RDMA (DMABUF) enabled for HCA 4 'mlx5_5
dgx052:188:409 [3] NCCL INFO Channel 23/0 : 3[3] -> 11[3] [send] via NET/IBext_v8/4/GDRDMA
dgx052:188:409 [3] NCCL INFO GPU Direct RDMA Enabled for GPU 61000 / HCA 4 (distance 4 <= 4), read 1
dgx052:191:398 [6] NCCL INFO New proxy recv connection 5 from local rank 6, transport 2
dgx052:191:405 [6] NCCL INFO Connected to proxy localRank 6 -> connection 0x7f91a4005198
dgx052:186:400 [1] NCCL INFO NET/IB : GPU Direct RDMA (DMABUF) enabled for HCA 2 'mlx5_3
dgx052:188:392 [3] NCCL INFO New proxy send connection 52 from local rank 3, transport 2
dgx052:186:406 [1] NCCL INFO Channel 23/0 : 1[1] -> 9[1] [send] via NET/IBext_v8/2/GDRDMA
dgx052:186:406 [1] NCCL INFO GPU Direct RDMA Enabled for GPU 43000 / HCA 2 (distance 4 <= 4), read 1
dgx052:188:409 [3] NCCL INFO Connected to proxy localRank 3 -> connection 0x7f97080067a0
dgx052:191:398 [6] NCCL INFO NET/IB : GPU Direct RDMA (DMABUF) enabled for HCA 8 'mlx5_10
dgx052:186:400 [1] NCCL INFO New proxy send connection 52 from local rank 1, transport 2
dgx052:188:392 [3] NCCL INFO NET/IB : GPU Direct RDMA (DMABUF) enabled for HCA 4 'mlx5_5
dgx052:186:406 [1] NCCL INFO Connected to proxy localRank 1 -> connection 0x7f19000067a0
dgx052:188:409 [3] NCCL INFO Channel 24/0 : 3[3] -> 11[3] [send] via NET/IBext_v8/4/GDRDMA
dgx052:188:409 [3] NCCL INFO GPU Direct RDMA Enabled for GPU 61000 / HCA 4 (distance 4 <= 4), read 1
dgx052:191:405 [6] NCCL INFO Channel 05/0 : 14[6] -> 6[6] [receive] via NET/IBext_v8/8/GDRDMA
dgx052:191:405 [6] NCCL INFO GPU Direct RDMA Enabled for GPU d1000 / HCA 8 (distance 4 <= 4), read 0
dgx052:188:392 [3] NCCL INFO New proxy send connection 53 from local rank 3, transport 2
dgx052:186:400 [1] NCCL INFO NET/IB : GPU Direct RDMA (DMABUF) enabled for HCA 2 'mlx5_3
dgx052:186:406 [1] NCCL INFO Channel 24/0 : 1[1] -> 9[1] [send] via NET/IBext_v8/2/GDRDMA
dgx052:191:398 [6] NCCL INFO New proxy recv connection 6 from local rank 6, transport 2
dgx052:186:406 [1] NCCL INFO GPU Direct RDMA Enabled for GPU 43000 / HCA 2 (distance 4 <= 4), read 1
dgx052:188:409 [3] NCCL INFO Connected to proxy localRank 3 -> connection 0x7f9708006818
dgx052:191:405 [6] NCCL INFO Connected to proxy localRank 6 -> connection 0x7f91a4005210
dgx052:185:388 [0] NCCL INFO NCCL_IB_QPS_PER_CONNECTION set by environment to 8.
dgx052:186:400 [1] NCCL INFO New proxy send connection 53 from local rank 1, transport 2
dgx052:188:392 [3] NCCL INFO NET/IB : GPU Direct RDMA (DMABUF) enabled for HCA 4 'mlx5_5
dgx052:188:409 [3] NCCL INFO Channel 25/0 : 3[3] -> 11[3] [send] via NET/IBext_v8/4/GDRDMA
dgx052:188:409 [3] NCCL INFO GPU Direct RDMA Enabled for GPU 61000 / HCA 4 (distance 4 <= 4), read 1
dgx052:186:406 [1] NCCL INFO Connected to proxy localRank 1 -> connection 0x7f1900006818
dgx052:191:398 [6] NCCL INFO NET/IB : GPU Direct RDMA (DMABUF) enabled for HCA 8 'mlx5_10
dgx052:188:392 [3] NCCL INFO New proxy send connection 54 from local rank 3, transport 2
dgx052:186:400 [1] NCCL INFO NET/IB : GPU Direct RDMA (DMABUF) enabled for HCA 2 'mlx5_3
dgx052:188:409 [3] NCCL INFO Connected to proxy localRank 3 -> connection 0x7f9708006890
dgx052:191:405 [6] NCCL INFO Channel 06/0 : 14[6] -> 6[6] [receive] via NET/IBext_v8/8/GDRDMA
dgx052:186:406 [1] NCCL INFO Channel 25/0 : 1[1] -> 9[1] [send] via NET/IBext_v8/2/GDRDMA
dgx052:191:405 [6] NCCL INFO GPU Direct RDMA Enabled for GPU d1000 / HCA 8 (distance 4 <= 4), read 0
dgx052:186:406 [1] NCCL INFO GPU Direct RDMA Enabled for GPU 43000 / HCA 2 (distance 4 <= 4), read 1
dgx052:188:392 [3] NCCL INFO NET/IB : GPU Direct RDMA (DMABUF) enabled for HCA 4 'mlx5_5
dgx052:186:400 [1] NCCL INFO New proxy send connection 54 from local rank 1, transport 2
dgx052:188:409 [3] NCCL INFO Channel 26/0 : 3[3] -> 11[3] [send] via NET/IBext_v8/4/GDRDMA
dgx052:188:409 [3] NCCL INFO GPU Direct RDMA Enabled for GPU 61000 / HCA 4 (distance 4 <= 4), read 1
dgx052:191:398 [6] NCCL INFO New proxy recv connection 7 from local rank 6, transport 2
dgx052:186:406 [1] NCCL INFO Connected to proxy localRank 1 -> connection 0x7f1900006890
dgx052:191:405 [6] NCCL INFO Connected to proxy localRank 6 -> connection 0x7f91a4005288
dgx052:188:392 [3] NCCL INFO New proxy send connection 55 from local rank 3, transport 2
dgx052:188:409 [3] NCCL INFO Connected to proxy localRank 3 -> connection 0x7f9708006908
dgx052:186:400 [1] NCCL INFO NET/IB : GPU Direct RDMA (DMABUF) enabled for HCA 2 'mlx5_3
dgx052:186:406 [1] NCCL INFO Channel 26/0 : 1[1] -> 9[1] [send] via NET/IBext_v8/2/GDRDMA
dgx052:186:406 [1] NCCL INFO GPU Direct RDMA Enabled for GPU 43000 / HCA 2 (distance 4 <= 4), read 1
dgx052:191:398 [6] NCCL INFO NET/IB : GPU Direct RDMA (DMABUF) enabled for HCA 8 'mlx5_10
dgx052:188:392 [3] NCCL INFO NET/IB : GPU Direct RDMA (DMABUF) enabled for HCA 4 'mlx5_5
dgx052:188:409 [3] NCCL INFO Channel 27/0 : 3[3] -> 11[3] [send] via NET/IBext_v8/4/GDRDMA
dgx052:186:400 [1] NCCL INFO New proxy send connection 55 from local rank 1, transport 2
dgx052:191:405 [6] NCCL INFO Channel 07/0 : 14[6] -> 6[6] [receive] via NET/IBext_v8/8/GDRDMA
dgx052:191:405 [6] NCCL INFO GPU Direct RDMA Enabled for GPU d1000 / HCA 8 (distance 4 <= 4), read 0
dgx052:186:406 [1] NCCL INFO Connected to proxy localRank 1 -> connection 0x7f1900006908
dgx052:191:398 [6] NCCL INFO New proxy recv connection 8 from local rank 6, transport 2
dgx052:186:400 [1] NCCL INFO NET/IB : GPU Direct RDMA (DMABUF) enabled for HCA 2 'mlx5_3
dgx052:191:405 [6] NCCL INFO Connected to proxy localRank 6 -> connection 0x7f91a4005300
dgx052:186:406 [1] NCCL INFO Channel 27/0 : 1[1] -> 9[1] [send] via NET/IBext_v8/2/GDRDMA
dgx052:191:398 [6] NCCL INFO NET/IB : GPU Direct RDMA (DMABUF) enabled for HCA 8 'mlx5_10
dgx052:191:405 [6] NCCL INFO Channel 08/0 : 14[6] -> 6[6] [receive] via NET/IBext_v8/8/GDRDMA
dgx052:191:405 [6] NCCL INFO GPU Direct RDMA Enabled for GPU d1000 / HCA 8 (distance 4 <= 4), read 0
dgx052:191:398 [6] NCCL INFO New proxy recv connection 9 from local rank 6, transport 2
dgx052:191:405 [6] NCCL INFO Connected to proxy localRank 6 -> connection 0x7f91a4005378
dgx052:191:398 [6] NCCL INFO NET/IB : GPU Direct RDMA (DMABUF) enabled for HCA 8 'mlx5_10
dgx052:191:405 [6] NCCL INFO Channel 09/0 : 14[6] -> 6[6] [receive] via NET/IBext_v8/8/GDRDMA
dgx052:191:405 [6] NCCL INFO GPU Direct RDMA Enabled for GPU d1000 / HCA 8 (distance 4 <= 4), read 0
dgx052:191:398 [6] NCCL INFO New proxy recv connection 10 from local rank 6, transport 2
dgx052:191:405 [6] NCCL INFO Connected to proxy localRank 6 -> connection 0x7f91a40053f0
dgx052:191:398 [6] NCCL INFO NET/IB : GPU Direct RDMA (DMABUF) enabled for HCA 8 'mlx5_10
dgx052:191:405 [6] NCCL INFO Channel 10/0 : 14[6] -> 6[6] [receive] via NET/IBext_v8/8/GDRDMA
dgx052:191:405 [6] NCCL INFO GPU Direct RDMA Enabled for GPU d1000 / HCA 8 (distance 4 <= 4), read 0
dgx052:191:398 [6] NCCL INFO New proxy recv connection 11 from local rank 6, transport 2
dgx052:191:405 [6] NCCL INFO Connected to proxy localRank 6 -> connection 0x7f91a4005468
dgx052:191:398 [6] NCCL INFO NET/IB : GPU Direct RDMA (DMABUF) enabled for HCA 8 'mlx5_10
dgx052:191:405 [6] NCCL INFO Channel 11/0 : 14[6] -> 6[6] [receive] via NET/IBext_v8/8/GDRDMA
dgx052:191:405 [6] NCCL INFO GPU Direct RDMA Enabled for GPU d1000 / HCA 8 (distance 4 <= 4), read 0
dgx052:191:398 [6] NCCL INFO New proxy recv connection 12 from local rank 6, transport 2
dgx052:191:405 [6] NCCL INFO Connected to proxy localRank 6 -> connection 0x7f91a40054e0
dgx052:191:398 [6] NCCL INFO NET/IB : GPU Direct RDMA (DMABUF) enabled for HCA 8 'mlx5_10
dgx052:191:405 [6] NCCL INFO Channel 12/0 : 14[6] -> 6[6] [receive] via NET/IBext_v8/8/GDRDMA
dgx052:191:405 [6] NCCL INFO GPU Direct RDMA Enabled for GPU d1000 / HCA 8 (distance 4 <= 4), read 0
dgx052:191:398 [6] NCCL INFO New proxy recv connection 13 from local rank 6, transport 2
dgx052:191:405 [6] NCCL INFO Connected to proxy localRank 6 -> connection 0x7f91a4005558
dgx052:186:400 [1] NCCL INFO NCCL_IB_QPS_PER_CONNECTION set by environment to 8.
dgx052:191:398 [6] NCCL INFO NET/IB : GPU Direct RDMA (DMABUF) enabled for HCA 8 'mlx5_10
dgx052:191:405 [6] NCCL INFO Channel 13/0 : 14[6] -> 6[6] [receive] via NET/IBext_v8/8/GDRDMA
dgx052:191:405 [6] NCCL INFO GPU Direct RDMA Enabled for GPU d1000 / HCA 8 (distance 4 <= 4), read 0
dgx052:191:398 [6] NCCL INFO New proxy recv connection 14 from local rank 6, transport 2
dgx052:191:405 [6] NCCL INFO Connected to proxy localRank 6 -> connection 0x7f91a40055d0
dgx052:191:398 [6] NCCL INFO NET/IB : GPU Direct RDMA (DMABUF) enabled for HCA 8 'mlx5_10
dgx052:191:405 [6] NCCL INFO Channel 14/0 : 14[6] -> 6[6] [receive] via NET/IBext_v8/8/GDRDMA
dgx052:191:405 [6] NCCL INFO GPU Direct RDMA Enabled for GPU d1000 / HCA 8 (distance 4 <= 4), read 0
dgx052:191:398 [6] NCCL INFO New proxy recv connection 15 from local rank 6, transport 2
dgx052:191:405 [6] NCCL INFO Connected to proxy localRank 6 -> connection 0x7f91a4005648
dgx052:191:398 [6] NCCL INFO NET/IB : GPU Direct RDMA (DMABUF) enabled for HCA 8 'mlx5_10
dgx052:191:405 [6] NCCL INFO Channel 15/0 : 14[6] -> 6[6] [receive] via NET/IBext_v8/8/GDRDMA
dgx052:191:405 [6] NCCL INFO GPU Direct RDMA Enabled for GPU d1000 / HCA 8 (distance 4 <= 4), read 0
dgx052:191:398 [6] NCCL INFO New proxy recv connection 16 from local rank 6, transport 2
dgx052:191:405 [6] NCCL INFO Connected to proxy localRank 6 -> connection 0x7f91a40056c0
dgx052:191:398 [6] NCCL INFO NET/IB : GPU Direct RDMA (DMABUF) enabled for HCA 8 'mlx5_10
dgx052:191:405 [6] NCCL INFO Channel 16/0 : 14[6] -> 6[6] [receive] via NET/IBext_v8/8/GDRDMA
dgx052:191:405 [6] NCCL INFO GPU Direct RDMA Enabled for GPU d1000 / HCA 8 (distance 4 <= 4), read 0
dgx052:191:398 [6] NCCL INFO New proxy recv connection 17 from local rank 6, transport 2
dgx052:191:405 [6] NCCL INFO Connected to proxy localRank 6 -> connection 0x7f91a4005738
dgx052:191:398 [6] NCCL INFO NET/IB : GPU Direct RDMA (DMABUF) enabled for HCA 8 'mlx5_10
dgx052:191:405 [6] NCCL INFO Channel 17/0 : 14[6] -> 6[6] [receive] via NET/IBext_v8/8/GDRDMA
dgx052:191:405 [6] NCCL INFO GPU Direct RDMA Enabled for GPU d1000 / HCA 8 (distance 4 <= 4), read 0
dgx052:191:398 [6] NCCL INFO New proxy recv connection 18 from local rank 6, transport 2
dgx052:191:405 [6] NCCL INFO Connected to proxy localRank 6 -> connection 0x7f91a40057b0
dgx052:191:398 [6] NCCL INFO NET/IB : GPU Direct RDMA (DMABUF) enabled for HCA 8 'mlx5_10
dgx052:191:405 [6] NCCL INFO Channel 18/0 : 14[6] -> 6[6] [receive] via NET/IBext_v8/8/GDRDMA
dgx052:191:405 [6] NCCL INFO GPU Direct RDMA Enabled for GPU d1000 / HCA 8 (distance 4 <= 4), read 0
dgx052:191:398 [6] NCCL INFO New proxy recv connection 19 from local rank 6, transport 2
dgx052:191:405 [6] NCCL INFO Connected to proxy localRank 6 -> connection 0x7f91a4005828
dgx052:191:398 [6] NCCL INFO NET/IB : GPU Direct RDMA (DMABUF) enabled for HCA 8 'mlx5_10
dgx052:191:405 [6] NCCL INFO Channel 19/0 : 14[6] -> 6[6] [receive] via NET/IBext_v8/8/GDRDMA
dgx052:191:405 [6] NCCL INFO GPU Direct RDMA Enabled for GPU d1000 / HCA 8 (distance 4 <= 4), read 0
dgx052:191:398 [6] NCCL INFO New proxy recv connection 20 from local rank 6, transport 2
dgx052:191:405 [6] NCCL INFO Connected to proxy localRank 6 -> connection 0x7f91a40058a0
dgx052:191:398 [6] NCCL INFO NET/IB : GPU Direct RDMA (DMABUF) enabled for HCA 8 'mlx5_10
dgx052:191:405 [6] NCCL INFO Channel 20/0 : 14[6] -> 6[6] [receive] via NET/IBext_v8/8/GDRDMA
dgx052:191:405 [6] NCCL INFO GPU Direct RDMA Enabled for GPU d1000 / HCA 8 (distance 4 <= 4), read 0
dgx052:191:398 [6] NCCL INFO New proxy recv connection 21 from local rank 6, transport 2
dgx052:191:405 [6] NCCL INFO Connected to proxy localRank 6 -> connection 0x7f91a4005918
dgx052:191:398 [6] NCCL INFO NET/IB : GPU Direct RDMA (DMABUF) enabled for HCA 8 'mlx5_10
dgx052:191:405 [6] NCCL INFO Channel 21/0 : 14[6] -> 6[6] [receive] via NET/IBext_v8/8/GDRDMA
dgx052:191:405 [6] NCCL INFO GPU Direct RDMA Enabled for GPU d1000 / HCA 8 (distance 4 <= 4), read 0
dgx052:189:390 [4] NCCL INFO NET/IB: NCCL Dev 5 IbDev 5 Port 1 qpn 5166 mtu 5 LID 415 subnet-prefix 33022  FLID 0 fifoRkey=0x16febc fifoLkey=0x16febc
dgx052:189:390 [4] NCCL INFO NET/IB: NCCL Dev 5 IbDev 5 Port 1 qpn 5167 mtu 5 LID 415 subnet-prefix 33022  FLID 0 fifoRkey=0x16febc fifoLkey=0x16febc
dgx052:189:390 [4] NCCL INFO NET/IB: NCCL Dev 5 IbDev 5 Port 1 qpn 5168 mtu 5 LID 415 subnet-prefix 33022  FLID 0 fifoRkey=0x16febc fifoLkey=0x16febc
dgx052:189:390 [4] NCCL INFO NET/IB: NCCL Dev 5 IbDev 5 Port 1 qpn 5169 mtu 5 LID 415 subnet-prefix 33022  FLID 0 fifoRkey=0x16febc fifoLkey=0x16febc
dgx052:189:390 [4] NCCL INFO NET/IB: NCCL Dev 5 IbDev 5 Port 1 qpn 5170 mtu 5 LID 415 subnet-prefix 33022  FLID 0 fifoRkey=0x16febc fifoLkey=0x16febc
dgx052:189:390 [4] NCCL INFO NET/IB: NCCL Dev 5 IbDev 5 Port 1 qpn 5171 mtu 5 LID 415 subnet-prefix 33022  FLID 0 fifoRkey=0x16febc fifoLkey=0x16febc
dgx052:189:390 [4] NCCL INFO NET/IB: NCCL Dev 5 IbDev 5 Port 1 qpn 5172 mtu 5 LID 415 subnet-prefix 33022  FLID 0 fifoRkey=0x16febc fifoLkey=0x16febc
dgx052:189:390 [4] NCCL INFO NET/IB: NCCL Dev 5 IbDev 5 Port 1 qpn 5173 mtu 5 LID 415 subnet-prefix 33022  FLID 0 fifoRkey=0x16febc fifoLkey=0x16febc
dgx052:191:398 [6] NCCL INFO New proxy recv connection 22 from local rank 6, transport 2
dgx052:191:405 [6] NCCL INFO Connected to proxy localRank 6 -> connection 0x7f91a4005990
dgx052:191:398 [6] NCCL INFO NET/IB : GPU Direct RDMA (DMABUF) enabled for HCA 8 'mlx5_10
dgx052:191:405 [6] NCCL INFO Channel 22/0 : 14[6] -> 6[6] [receive] via NET/IBext_v8/8/GDRDMA
dgx052:191:405 [6] NCCL INFO GPU Direct RDMA Enabled for GPU d1000 / HCA 8 (distance 4 <= 4), read 0
dgx052:188:392 [3] NCCL INFO NCCL_IB_QPS_PER_CONNECTION set by environment to 8.
dgx052:191:398 [6] NCCL INFO New proxy recv connection 23 from local rank 6, transport 2
dgx052:191:405 [6] NCCL INFO Connected to proxy localRank 6 -> connection 0x7f91a4005a08
dgx052:191:398 [6] NCCL INFO NET/IB : GPU Direct RDMA (DMABUF) enabled for HCA 8 'mlx5_10
dgx052:191:405 [6] NCCL INFO Channel 23/0 : 14[6] -> 6[6] [receive] via NET/IBext_v8/8/GDRDMA
dgx052:191:405 [6] NCCL INFO GPU Direct RDMA Enabled for GPU d1000 / HCA 8 (distance 4 <= 4), read 0
dgx052:191:398 [6] NCCL INFO New proxy recv connection 24 from local rank 6, transport 2
dgx052:191:405 [6] NCCL INFO Connected to proxy localRank 6 -> connection 0x7f91a4005a80
dgx052:191:398 [6] NCCL INFO NET/IB : GPU Direct RDMA (DMABUF) enabled for HCA 8 'mlx5_10
dgx052:191:405 [6] NCCL INFO Channel 24/0 : 14[6] -> 6[6] [receive] via NET/IBext_v8/8/GDRDMA
dgx052:191:405 [6] NCCL INFO GPU Direct RDMA Enabled for GPU d1000 / HCA 8 (distance 4 <= 4), read 0
dgx052:191:398 [6] NCCL INFO New proxy recv connection 25 from local rank 6, transport 2
dgx052:191:405 [6] NCCL INFO Connected to proxy localRank 6 -> connection 0x7f91a4005af8
dgx052:191:398 [6] NCCL INFO NET/IB : GPU Direct RDMA (DMABUF) enabled for HCA 8 'mlx5_10
dgx052:191:405 [6] NCCL INFO Channel 25/0 : 14[6] -> 6[6] [receive] via NET/IBext_v8/8/GDRDMA
dgx052:191:405 [6] NCCL INFO GPU Direct RDMA Enabled for GPU d1000 / HCA 8 (distance 4 <= 4), read 0
dgx052:191:398 [6] NCCL INFO New proxy recv connection 26 from local rank 6, transport 2
dgx052:191:405 [6] NCCL INFO Connected to proxy localRank 6 -> connection 0x7f91a4005b70
dgx052:191:398 [6] NCCL INFO NET/IB : GPU Direct RDMA (DMABUF) enabled for HCA 8 'mlx5_10
dgx052:191:405 [6] NCCL INFO Channel 26/0 : 14[6] -> 6[6] [receive] via NET/IBext_v8/8/GDRDMA
dgx052:191:405 [6] NCCL INFO GPU Direct RDMA Enabled for GPU d1000 / HCA 8 (distance 4 <= 4), read 0
dgx052:191:398 [6] NCCL INFO New proxy recv connection 27 from local rank 6, transport 2
dgx052:191:405 [6] NCCL INFO Connected to proxy localRank 6 -> connection 0x7f91a4005be8
dgx052:191:398 [6] NCCL INFO NET/IB : GPU Direct RDMA (DMABUF) enabled for HCA 8 'mlx5_10
dgx052:191:405 [6] NCCL INFO Channel 27/0 : 14[6] -> 6[6] [receive] via NET/IBext_v8/8/GDRDMA
dgx052:191:405 [6] NCCL INFO GPU Direct RDMA Enabled for GPU d1000 / HCA 8 (distance 4 <= 4), read 1
dgx052:191:398 [6] NCCL INFO New proxy send connection 28 from local rank 6, transport 2
dgx052:191:405 [6] NCCL INFO Connected to proxy localRank 6 -> connection 0x7f91a4005c60
dgx052:191:398 [6] NCCL INFO NET/IB : GPU Direct RDMA (DMABUF) enabled for HCA 8 'mlx5_10
dgx052:191:405 [6] NCCL INFO Channel 00/0 : 6[6] -> 14[6] [send] via NET/IBext_v8/8/GDRDMA
dgx052:191:405 [6] NCCL INFO GPU Direct RDMA Enabled for GPU d1000 / HCA 8 (distance 4 <= 4), read 1
dgx052:191:398 [6] NCCL INFO New proxy send connection 29 from local rank 6, transport 2
dgx052:191:405 [6] NCCL INFO Connected to proxy localRank 6 -> connection 0x7f91a4005cd8
dgx052:191:398 [6] NCCL INFO NET/IB : GPU Direct RDMA (DMABUF) enabled for HCA 8 'mlx5_10
dgx052:191:405 [6] NCCL INFO Channel 01/0 : 6[6] -> 14[6] [send] via NET/IBext_v8/8/GDRDMA
dgx052:191:405 [6] NCCL INFO GPU Direct RDMA Enabled for GPU d1000 / HCA 8 (distance 4 <= 4), read 1
dgx052:191:398 [6] NCCL INFO New proxy send connection 30 from local rank 6, transport 2
dgx052:191:405 [6] NCCL INFO Connected to proxy localRank 6 -> connection 0x7f91a4005d50
dgx052:191:398 [6] NCCL INFO NET/IB : GPU Direct RDMA (DMABUF) enabled for HCA 8 'mlx5_10
dgx052:191:405 [6] NCCL INFO Channel 02/0 : 6[6] -> 14[6] [send] via NET/IBext_v8/8/GDRDMA
dgx052:191:405 [6] NCCL INFO GPU Direct RDMA Enabled for GPU d1000 / HCA 8 (distance 4 <= 4), read 1
dgx052:191:398 [6] NCCL INFO New proxy send connection 31 from local rank 6, transport 2
dgx052:191:405 [6] NCCL INFO Connected to proxy localRank 6 -> connection 0x7f91a4005dc8
dgx052:192:396 [7] NCCL INFO NET/IB: NCCL Dev 9 IbDev 9 Port 1 qpn 5132 mtu 5 LID 419 subnet-prefix 33022  FLID 0 fifoRkey=0x175210 fifoLkey=0x175210
dgx052:192:396 [7] NCCL INFO NET/IB: NCCL Dev 9 IbDev 9 Port 1 qpn 5133 mtu 5 LID 419 subnet-prefix 33022  FLID 0 fifoRkey=0x175210 fifoLkey=0x175210
dgx052:192:396 [7] NCCL INFO NET/IB: NCCL Dev 9 IbDev 9 Port 1 qpn 5134 mtu 5 LID 419 subnet-prefix 33022  FLID 0 fifoRkey=0x175210 fifoLkey=0x175210
dgx052:192:396 [7] NCCL INFO NET/IB: NCCL Dev 9 IbDev 9 Port 1 qpn 5135 mtu 5 LID 419 subnet-prefix 33022  FLID 0 fifoRkey=0x175210 fifoLkey=0x175210
dgx052:192:396 [7] NCCL INFO NET/IB: NCCL Dev 9 IbDev 9 Port 1 qpn 5136 mtu 5 LID 419 subnet-prefix 33022  FLID 0 fifoRkey=0x175210 fifoLkey=0x175210
dgx052:192:396 [7] NCCL INFO NET/IB: NCCL Dev 9 IbDev 9 Port 1 qpn 5137 mtu 5 LID 419 subnet-prefix 33022  FLID 0 fifoRkey=0x175210 fifoLkey=0x175210
dgx052:192:396 [7] NCCL INFO NET/IB: NCCL Dev 9 IbDev 9 Port 1 qpn 5138 mtu 5 LID 419 subnet-prefix 33022  FLID 0 fifoRkey=0x175210 fifoLkey=0x175210
dgx052:192:396 [7] NCCL INFO NET/IB: NCCL Dev 9 IbDev 9 Port 1 qpn 5139 mtu 5 LID 419 subnet-prefix 33022  FLID 0 fifoRkey=0x175210 fifoLkey=0x175210
dgx052:191:398 [6] NCCL INFO NET/IB : GPU Direct RDMA (DMABUF) enabled for HCA 8 'mlx5_10
dgx052:191:405 [6] NCCL INFO Channel 03/0 : 6[6] -> 14[6] [send] via NET/IBext_v8/8/GDRDMA
dgx052:191:405 [6] NCCL INFO GPU Direct RDMA Enabled for GPU d1000 / HCA 8 (distance 4 <= 4), read 1
dgx052:191:398 [6] NCCL INFO New proxy send connection 32 from local rank 6, transport 2
dgx052:191:405 [6] NCCL INFO Connected to proxy localRank 6 -> connection 0x7f91a4005e40
dgx052:191:398 [6] NCCL INFO NET/IB : GPU Direct RDMA (DMABUF) enabled for HCA 8 'mlx5_10
dgx052:191:405 [6] NCCL INFO Channel 04/0 : 6[6] -> 14[6] [send] via NET/IBext_v8/8/GDRDMA
dgx052:191:405 [6] NCCL INFO GPU Direct RDMA Enabled for GPU d1000 / HCA 8 (distance 4 <= 4), read 1
dgx052:191:398 [6] NCCL INFO New proxy send connection 33 from local rank 6, transport 2
dgx052:191:405 [6] NCCL INFO Connected to proxy localRank 6 -> connection 0x7f91a4005eb8
dgx052:191:398 [6] NCCL INFO NET/IB : GPU Direct RDMA (DMABUF) enabled for HCA 8 'mlx5_10
dgx052:191:405 [6] NCCL INFO Channel 05/0 : 6[6] -> 14[6] [send] via NET/IBext_v8/8/GDRDMA
dgx052:191:405 [6] NCCL INFO GPU Direct RDMA Enabled for GPU d1000 / HCA 8 (distance 4 <= 4), read 1
dgx052:191:398 [6] NCCL INFO New proxy send connection 34 from local rank 6, transport 2
dgx052:191:405 [6] NCCL INFO Connected to proxy localRank 6 -> connection 0x7f91a4005f30
dgx052:191:398 [6] NCCL INFO NET/IB : GPU Direct RDMA (DMABUF) enabled for HCA 8 'mlx5_10
dgx052:191:405 [6] NCCL INFO Channel 06/0 : 6[6] -> 14[6] [send] via NET/IBext_v8/8/GDRDMA
dgx052:191:405 [6] NCCL INFO GPU Direct RDMA Enabled for GPU d1000 / HCA 8 (distance 4 <= 4), read 1
dgx052:191:398 [6] NCCL INFO New proxy send connection 35 from local rank 6, transport 2
dgx052:191:405 [6] NCCL INFO Connected to proxy localRank 6 -> connection 0x7f91a4005fa8
dgx052:191:398 [6] NCCL INFO NET/IB : GPU Direct RDMA (DMABUF) enabled for HCA 8 'mlx5_10
dgx052:191:405 [6] NCCL INFO Channel 07/0 : 6[6] -> 14[6] [send] via NET/IBext_v8/8/GDRDMA
dgx052:191:405 [6] NCCL INFO GPU Direct RDMA Enabled for GPU d1000 / HCA 8 (distance 4 <= 4), read 1
dgx052:191:398 [6] NCCL INFO New proxy send connection 36 from local rank 6, transport 2
dgx052:191:405 [6] NCCL INFO Connected to proxy localRank 6 -> connection 0x7f91a4006020
dgx052:191:398 [6] NCCL INFO NET/IB : GPU Direct RDMA (DMABUF) enabled for HCA 8 'mlx5_10
dgx052:191:405 [6] NCCL INFO Channel 08/0 : 6[6] -> 14[6] [send] via NET/IBext_v8/8/GDRDMA
dgx052:191:405 [6] NCCL INFO GPU Direct RDMA Enabled for GPU d1000 / HCA 8 (distance 4 <= 4), read 1
dgx052:191:398 [6] NCCL INFO New proxy send connection 37 from local rank 6, transport 2
dgx052:191:405 [6] NCCL INFO Connected to proxy localRank 6 -> connection 0x7f91a4006098
dgx052:191:398 [6] NCCL INFO NET/IB : GPU Direct RDMA (DMABUF) enabled for HCA 8 'mlx5_10
dgx052:191:405 [6] NCCL INFO Channel 09/0 : 6[6] -> 14[6] [send] via NET/IBext_v8/8/GDRDMA
dgx052:191:405 [6] NCCL INFO GPU Direct RDMA Enabled for GPU d1000 / HCA 8 (distance 4 <= 4), read 1
dgx052:191:398 [6] NCCL INFO New proxy send connection 38 from local rank 6, transport 2
dgx052:191:405 [6] NCCL INFO Connected to proxy localRank 6 -> connection 0x7f91a4006110
dgx052:191:398 [6] NCCL INFO NET/IB : GPU Direct RDMA (DMABUF) enabled for HCA 8 'mlx5_10
dgx052:191:405 [6] NCCL INFO Channel 10/0 : 6[6] -> 14[6] [send] via NET/IBext_v8/8/GDRDMA
dgx052:191:405 [6] NCCL INFO GPU Direct RDMA Enabled for GPU d1000 / HCA 8 (distance 4 <= 4), read 1
dgx052:191:398 [6] NCCL INFO New proxy send connection 39 from local rank 6, transport 2
dgx052:191:405 [6] NCCL INFO Connected to proxy localRank 6 -> connection 0x7f91a4006188
dgx052:191:398 [6] NCCL INFO NET/IB : GPU Direct RDMA (DMABUF) enabled for HCA 8 'mlx5_10
dgx052:191:405 [6] NCCL INFO Channel 11/0 : 6[6] -> 14[6] [send] via NET/IBext_v8/8/GDRDMA
dgx052:191:405 [6] NCCL INFO GPU Direct RDMA Enabled for GPU d1000 / HCA 8 (distance 4 <= 4), read 1
dgx052:191:398 [6] NCCL INFO New proxy send connection 40 from local rank 6, transport 2
dgx052:191:405 [6] NCCL INFO Connected to proxy localRank 6 -> connection 0x7f91a4006200
dgx052:191:398 [6] NCCL INFO NET/IB : GPU Direct RDMA (DMABUF) enabled for HCA 8 'mlx5_10
dgx052:191:405 [6] NCCL INFO Channel 12/0 : 6[6] -> 14[6] [send] via NET/IBext_v8/8/GDRDMA
dgx052:191:405 [6] NCCL INFO GPU Direct RDMA Enabled for GPU d1000 / HCA 8 (distance 4 <= 4), read 1
dgx052:191:398 [6] NCCL INFO New proxy send connection 41 from local rank 6, transport 2
dgx052:191:405 [6] NCCL INFO Connected to proxy localRank 6 -> connection 0x7f91a4006278
dgx052:191:398 [6] NCCL INFO NET/IB : GPU Direct RDMA (DMABUF) enabled for HCA 8 'mlx5_10
dgx052:191:405 [6] NCCL INFO Channel 13/0 : 6[6] -> 14[6] [send] via NET/IBext_v8/8/GDRDMA
dgx052:191:405 [6] NCCL INFO GPU Direct RDMA Enabled for GPU d1000 / HCA 8 (distance 4 <= 4), read 1
dgx052:191:398 [6] NCCL INFO New proxy send connection 42 from local rank 6, transport 2
dgx052:191:405 [6] NCCL INFO Connected to proxy localRank 6 -> connection 0x7f91a40062f0
dgx052:191:398 [6] NCCL INFO NET/IB : GPU Direct RDMA (DMABUF) enabled for HCA 8 'mlx5_10
dgx052:191:405 [6] NCCL INFO Channel 14/0 : 6[6] -> 14[6] [send] via NET/IBext_v8/8/GDRDMA
dgx052:191:405 [6] NCCL INFO GPU Direct RDMA Enabled for GPU d1000 / HCA 8 (distance 4 <= 4), read 1
dgx052:191:398 [6] NCCL INFO New proxy send connection 43 from local rank 6, transport 2
dgx052:191:405 [6] NCCL INFO Connected to proxy localRank 6 -> connection 0x7f91a4006368
dgx052:191:398 [6] NCCL INFO NET/IB : GPU Direct RDMA (DMABUF) enabled for HCA 8 'mlx5_10
dgx052:191:405 [6] NCCL INFO Channel 15/0 : 6[6] -> 14[6] [send] via NET/IBext_v8/8/GDRDMA
dgx052:191:405 [6] NCCL INFO GPU Direct RDMA Enabled for GPU d1000 / HCA 8 (distance 4 <= 4), read 1
dgx052:191:398 [6] NCCL INFO New proxy send connection 44 from local rank 6, transport 2
dgx052:191:405 [6] NCCL INFO Connected to proxy localRank 6 -> connection 0x7f91a40063e0
dgx052:187:386 [2] NCCL INFO NET/IB: NCCL Dev 3 IbDev 3 Port 1 qpn 5166 mtu 5 LID 413 subnet-prefix 33022  FLID 0 fifoRkey=0x17f7b5 fifoLkey=0x17f7b5
dgx052:187:386 [2] NCCL INFO NET/IB: NCCL Dev 3 IbDev 3 Port 1 qpn 5167 mtu 5 LID 413 subnet-prefix 33022  FLID 0 fifoRkey=0x17f7b5 fifoLkey=0x17f7b5
dgx052:187:386 [2] NCCL INFO NET/IB: NCCL Dev 3 IbDev 3 Port 1 qpn 5168 mtu 5 LID 413 subnet-prefix 33022  FLID 0 fifoRkey=0x17f7b5 fifoLkey=0x17f7b5
dgx052:187:386 [2] NCCL INFO NET/IB: NCCL Dev 3 IbDev 3 Port 1 qpn 5169 mtu 5 LID 413 subnet-prefix 33022  FLID 0 fifoRkey=0x17f7b5 fifoLkey=0x17f7b5
dgx052:187:386 [2] NCCL INFO NET/IB: NCCL Dev 3 IbDev 3 Port 1 qpn 5170 mtu 5 LID 413 subnet-prefix 33022  FLID 0 fifoRkey=0x17f7b5 fifoLkey=0x17f7b5
dgx052:187:386 [2] NCCL INFO NET/IB: NCCL Dev 3 IbDev 3 Port 1 qpn 5171 mtu 5 LID 413 subnet-prefix 33022  FLID 0 fifoRkey=0x17f7b5 fifoLkey=0x17f7b5
dgx052:187:386 [2] NCCL INFO NET/IB: NCCL Dev 3 IbDev 3 Port 1 qpn 5172 mtu 5 LID 413 subnet-prefix 33022  FLID 0 fifoRkey=0x17f7b5 fifoLkey=0x17f7b5
dgx052:187:386 [2] NCCL INFO NET/IB: NCCL Dev 3 IbDev 3 Port 1 qpn 5173 mtu 5 LID 413 subnet-prefix 33022  FLID 0 fifoRkey=0x17f7b5 fifoLkey=0x17f7b5
dgx052:191:398 [6] NCCL INFO NET/IB : GPU Direct RDMA (DMABUF) enabled for HCA 8 'mlx5_10
dgx052:191:405 [6] NCCL INFO Channel 16/0 : 6[6] -> 14[6] [send] via NET/IBext_v8/8/GDRDMA
dgx052:191:405 [6] NCCL INFO GPU Direct RDMA Enabled for GPU d1000 / HCA 8 (distance 4 <= 4), read 1
dgx052:191:398 [6] NCCL INFO New proxy send connection 45 from local rank 6, transport 2
dgx052:191:405 [6] NCCL INFO Connected to proxy localRank 6 -> connection 0x7f91a4006458
dgx052:191:398 [6] NCCL INFO NET/IB : GPU Direct RDMA (DMABUF) enabled for HCA 8 'mlx5_10
dgx052:191:405 [6] NCCL INFO Channel 17/0 : 6[6] -> 14[6] [send] via NET/IBext_v8/8/GDRDMA
dgx052:191:405 [6] NCCL INFO GPU Direct RDMA Enabled for GPU d1000 / HCA 8 (distance 4 <= 4), read 1
dgx052:191:398 [6] NCCL INFO New proxy send connection 46 from local rank 6, transport 2
dgx052:191:405 [6] NCCL INFO Connected to proxy localRank 6 -> connection 0x7f91a40064d0
dgx052:191:398 [6] NCCL INFO NET/IB : GPU Direct RDMA (DMABUF) enabled for HCA 8 'mlx5_10
dgx052:191:405 [6] NCCL INFO Channel 18/0 : 6[6] -> 14[6] [send] via NET/IBext_v8/8/GDRDMA
dgx052:191:405 [6] NCCL INFO GPU Direct RDMA Enabled for GPU d1000 / HCA 8 (distance 4 <= 4), read 1
dgx052:191:398 [6] NCCL INFO New proxy send connection 47 from local rank 6, transport 2
dgx052:191:405 [6] NCCL INFO Connected to proxy localRank 6 -> connection 0x7f91a4006548
dgx052:191:398 [6] NCCL INFO NET/IB : GPU Direct RDMA (DMABUF) enabled for HCA 8 'mlx5_10
dgx052:191:405 [6] NCCL INFO Channel 19/0 : 6[6] -> 14[6] [send] via NET/IBext_v8/8/GDRDMA
dgx052:191:405 [6] NCCL INFO GPU Direct RDMA Enabled for GPU d1000 / HCA 8 (distance 4 <= 4), read 1
dgx052:191:398 [6] NCCL INFO New proxy send connection 48 from local rank 6, transport 2
dgx052:191:405 [6] NCCL INFO Connected to proxy localRank 6 -> connection 0x7f91a40065c0
dgx052:191:398 [6] NCCL INFO NET/IB : GPU Direct RDMA (DMABUF) enabled for HCA 8 'mlx5_10
dgx052:191:405 [6] NCCL INFO Channel 20/0 : 6[6] -> 14[6] [send] via NET/IBext_v8/8/GDRDMA
dgx052:191:405 [6] NCCL INFO GPU Direct RDMA Enabled for GPU d1000 / HCA 8 (distance 4 <= 4), read 1
dgx052:191:398 [6] NCCL INFO New proxy send connection 49 from local rank 6, transport 2
dgx052:191:405 [6] NCCL INFO Connected to proxy localRank 6 -> connection 0x7f91a4006638
dgx052:191:398 [6] NCCL INFO NET/IB : GPU Direct RDMA (DMABUF) enabled for HCA 8 'mlx5_10
dgx052:191:405 [6] NCCL INFO Channel 21/0 : 6[6] -> 14[6] [send] via NET/IBext_v8/8/GDRDMA
dgx052:191:405 [6] NCCL INFO GPU Direct RDMA Enabled for GPU d1000 / HCA 8 (distance 4 <= 4), read 1
dgx052:191:398 [6] NCCL INFO New proxy send connection 50 from local rank 6, transport 2
dgx052:191:405 [6] NCCL INFO Connected to proxy localRank 6 -> connection 0x7f91a40066b0
dgx052:191:398 [6] NCCL INFO NET/IB : GPU Direct RDMA (DMABUF) enabled for HCA 8 'mlx5_10
dgx052:191:405 [6] NCCL INFO Channel 22/0 : 6[6] -> 14[6] [send] via NET/IBext_v8/8/GDRDMA
dgx052:191:405 [6] NCCL INFO GPU Direct RDMA Enabled for GPU d1000 / HCA 8 (distance 4 <= 4), read 1
dgx052:191:398 [6] NCCL INFO New proxy send connection 51 from local rank 6, transport 2
dgx052:191:405 [6] NCCL INFO Connected to proxy localRank 6 -> connection 0x7f91a4006728
dgx052:191:398 [6] NCCL INFO NET/IB : GPU Direct RDMA (DMABUF) enabled for HCA 8 'mlx5_10
dgx052:191:405 [6] NCCL INFO Channel 23/0 : 6[6] -> 14[6] [send] via NET/IBext_v8/8/GDRDMA
dgx052:191:405 [6] NCCL INFO GPU Direct RDMA Enabled for GPU d1000 / HCA 8 (distance 4 <= 4), read 1
dgx052:191:398 [6] NCCL INFO New proxy send connection 52 from local rank 6, transport 2
dgx052:191:405 [6] NCCL INFO Connected to proxy localRank 6 -> connection 0x7f91a40067a0
dgx052:189:390 [4] NCCL INFO NET/IB: NCCL Dev 5 IbDev 5 Port 1 qpn 5174 mtu 5 LID 415 subnet-prefix 33022  FLID 0 fifoRkey=0x166a27 fifoLkey=0x166a27
dgx052:189:390 [4] NCCL INFO NET/IB: NCCL Dev 5 IbDev 5 Port 1 qpn 5175 mtu 5 LID 415 subnet-prefix 33022  FLID 0 fifoRkey=0x166a27 fifoLkey=0x166a27
dgx052:189:390 [4] NCCL INFO NET/IB: NCCL Dev 5 IbDev 5 Port 1 qpn 5176 mtu 5 LID 415 subnet-prefix 33022  FLID 0 fifoRkey=0x166a27 fifoLkey=0x166a27
dgx052:189:390 [4] NCCL INFO NET/IB: NCCL Dev 5 IbDev 5 Port 1 qpn 5177 mtu 5 LID 415 subnet-prefix 33022  FLID 0 fifoRkey=0x166a27 fifoLkey=0x166a27
dgx052:189:390 [4] NCCL INFO NET/IB: NCCL Dev 5 IbDev 5 Port 1 qpn 5178 mtu 5 LID 415 subnet-prefix 33022  FLID 0 fifoRkey=0x166a27 fifoLkey=0x166a27
dgx052:189:390 [4] NCCL INFO NET/IB: NCCL Dev 5 IbDev 5 Port 1 qpn 5179 mtu 5 LID 415 subnet-prefix 33022  FLID 0 fifoRkey=0x166a27 fifoLkey=0x166a27
dgx052:189:390 [4] NCCL INFO NET/IB: NCCL Dev 5 IbDev 5 Port 1 qpn 5180 mtu 5 LID 415 subnet-prefix 33022  FLID 0 fifoRkey=0x166a27 fifoLkey=0x166a27
dgx052:189:390 [4] NCCL INFO NET/IB: NCCL Dev 5 IbDev 5 Port 1 qpn 5181 mtu 5 LID 415 subnet-prefix 33022  FLID 0 fifoRkey=0x166a27 fifoLkey=0x166a27
dgx052:191:398 [6] NCCL INFO NET/IB : GPU Direct RDMA (DMABUF) enabled for HCA 8 'mlx5_10
dgx052:191:405 [6] NCCL INFO Channel 24/0 : 6[6] -> 14[6] [send] via NET/IBext_v8/8/GDRDMA
dgx052:191:405 [6] NCCL INFO GPU Direct RDMA Enabled for GPU d1000 / HCA 8 (distance 4 <= 4), read 1
dgx052:191:398 [6] NCCL INFO New proxy send connection 53 from local rank 6, transport 2
dgx052:191:405 [6] NCCL INFO Connected to proxy localRank 6 -> connection 0x7f91a4006818
dgx052:191:398 [6] NCCL INFO NET/IB : GPU Direct RDMA (DMABUF) enabled for HCA 8 'mlx5_10
dgx052:191:405 [6] NCCL INFO Channel 25/0 : 6[6] -> 14[6] [send] via NET/IBext_v8/8/GDRDMA
dgx052:191:405 [6] NCCL INFO GPU Direct RDMA Enabled for GPU d1000 / HCA 8 (distance 4 <= 4), read 1
dgx052:192:396 [7] NCCL INFO NET/IB: NCCL Dev 9 IbDev 9 Port 1 qpn 5140 mtu 5 LID 419 subnet-prefix 33022  FLID 0 fifoRkey=0x1804c2 fifoLkey=0x1804c2
dgx052:192:396 [7] NCCL INFO NET/IB: NCCL Dev 9 IbDev 9 Port 1 qpn 5141 mtu 5 LID 419 subnet-prefix 33022  FLID 0 fifoRkey=0x1804c2 fifoLkey=0x1804c2
dgx052:192:396 [7] NCCL INFO NET/IB: NCCL Dev 9 IbDev 9 Port 1 qpn 5142 mtu 5 LID 419 subnet-prefix 33022  FLID 0 fifoRkey=0x1804c2 fifoLkey=0x1804c2
dgx052:192:396 [7] NCCL INFO NET/IB: NCCL Dev 9 IbDev 9 Port 1 qpn 5143 mtu 5 LID 419 subnet-prefix 33022  FLID 0 fifoRkey=0x1804c2 fifoLkey=0x1804c2
dgx052:192:396 [7] NCCL INFO NET/IB: NCCL Dev 9 IbDev 9 Port 1 qpn 5144 mtu 5 LID 419 subnet-prefix 33022  FLID 0 fifoRkey=0x1804c2 fifoLkey=0x1804c2
dgx052:192:396 [7] NCCL INFO NET/IB: NCCL Dev 9 IbDev 9 Port 1 qpn 5145 mtu 5 LID 419 subnet-prefix 33022  FLID 0 fifoRkey=0x1804c2 fifoLkey=0x1804c2
dgx052:192:396 [7] NCCL INFO NET/IB: NCCL Dev 9 IbDev 9 Port 1 qpn 5146 mtu 5 LID 419 subnet-prefix 33022  FLID 0 fifoRkey=0x1804c2 fifoLkey=0x1804c2
dgx052:192:396 [7] NCCL INFO NET/IB: NCCL Dev 9 IbDev 9 Port 1 qpn 5147 mtu 5 LID 419 subnet-prefix 33022  FLID 0 fifoRkey=0x1804c2 fifoLkey=0x1804c2
dgx052:191:398 [6] NCCL INFO New proxy send connection 54 from local rank 6, transport 2
dgx052:191:405 [6] NCCL INFO Connected to proxy localRank 6 -> connection 0x7f91a4006890
dgx052:191:398 [6] NCCL INFO NET/IB : GPU Direct RDMA (DMABUF) enabled for HCA 8 'mlx5_10
dgx052:191:405 [6] NCCL INFO Channel 26/0 : 6[6] -> 14[6] [send] via NET/IBext_v8/8/GDRDMA
dgx052:191:405 [6] NCCL INFO GPU Direct RDMA Enabled for GPU d1000 / HCA 8 (distance 4 <= 4), read 1
dgx052:191:398 [6] NCCL INFO New proxy send connection 55 from local rank 6, transport 2
dgx052:185:388 [0] NCCL INFO NET/IB: NCCL Dev 0 IbDev 0 Port 1 qpn 5166 mtu 5 LID 412 subnet-prefix 33022  FLID 0 fifoRkey=0x17c381 fifoLkey=0x17c381
dgx052:191:405 [6] NCCL INFO Connected to proxy localRank 6 -> connection 0x7f91a4006908
dgx052:185:388 [0] NCCL INFO NET/IB: NCCL Dev 0 IbDev 0 Port 1 qpn 5167 mtu 5 LID 412 subnet-prefix 33022  FLID 0 fifoRkey=0x17c381 fifoLkey=0x17c381
dgx052:185:388 [0] NCCL INFO NET/IB: NCCL Dev 0 IbDev 0 Port 1 qpn 5168 mtu 5 LID 412 subnet-prefix 33022  FLID 0 fifoRkey=0x17c381 fifoLkey=0x17c381
dgx052:185:388 [0] NCCL INFO NET/IB: NCCL Dev 0 IbDev 0 Port 1 qpn 5169 mtu 5 LID 412 subnet-prefix 33022  FLID 0 fifoRkey=0x17c381 fifoLkey=0x17c381
dgx052:185:388 [0] NCCL INFO NET/IB: NCCL Dev 0 IbDev 0 Port 1 qpn 5170 mtu 5 LID 412 subnet-prefix 33022  FLID 0 fifoRkey=0x17c381 fifoLkey=0x17c381
dgx052:185:388 [0] NCCL INFO NET/IB: NCCL Dev 0 IbDev 0 Port 1 qpn 5171 mtu 5 LID 412 subnet-prefix 33022  FLID 0 fifoRkey=0x17c381 fifoLkey=0x17c381
dgx052:185:388 [0] NCCL INFO NET/IB: NCCL Dev 0 IbDev 0 Port 1 qpn 5172 mtu 5 LID 412 subnet-prefix 33022  FLID 0 fifoRkey=0x17c381 fifoLkey=0x17c381
dgx052:185:388 [0] NCCL INFO NET/IB: NCCL Dev 0 IbDev 0 Port 1 qpn 5173 mtu 5 LID 412 subnet-prefix 33022  FLID 0 fifoRkey=0x17c381 fifoLkey=0x17c381
dgx052:191:398 [6] NCCL INFO NET/IB : GPU Direct RDMA (DMABUF) enabled for HCA 8 'mlx5_10
dgx052:191:405 [6] NCCL INFO Channel 27/0 : 6[6] -> 14[6] [send] via NET/IBext_v8/8/GDRDMA
dgx052:188:392 [3] NCCL INFO NET/IB: NCCL Dev 4 IbDev 4 Port 1 qpn 5166 mtu 5 LID 417 subnet-prefix 33022  FLID 0 fifoRkey=0x169d5b fifoLkey=0x169d5b
dgx052:188:392 [3] NCCL INFO NET/IB: NCCL Dev 4 IbDev 4 Port 1 qpn 5167 mtu 5 LID 417 subnet-prefix 33022  FLID 0 fifoRkey=0x169d5b fifoLkey=0x169d5b
dgx052:188:392 [3] NCCL INFO NET/IB: NCCL Dev 4 IbDev 4 Port 1 qpn 5168 mtu 5 LID 417 subnet-prefix 33022  FLID 0 fifoRkey=0x169d5b fifoLkey=0x169d5b
dgx052:188:392 [3] NCCL INFO NET/IB: NCCL Dev 4 IbDev 4 Port 1 qpn 5169 mtu 5 LID 417 subnet-prefix 33022  FLID 0 fifoRkey=0x169d5b fifoLkey=0x169d5b
dgx052:188:392 [3] NCCL INFO NET/IB: NCCL Dev 4 IbDev 4 Port 1 qpn 5170 mtu 5 LID 417 subnet-prefix 33022  FLID 0 fifoRkey=0x169d5b fifoLkey=0x169d5b
dgx052:188:392 [3] NCCL INFO NET/IB: NCCL Dev 4 IbDev 4 Port 1 qpn 5171 mtu 5 LID 417 subnet-prefix 33022  FLID 0 fifoRkey=0x169d5b fifoLkey=0x169d5b
dgx052:188:392 [3] NCCL INFO NET/IB: NCCL Dev 4 IbDev 4 Port 1 qpn 5172 mtu 5 LID 417 subnet-prefix 33022  FLID 0 fifoRkey=0x169d5b fifoLkey=0x169d5b
dgx052:188:392 [3] NCCL INFO NET/IB: NCCL Dev 4 IbDev 4 Port 1 qpn 5173 mtu 5 LID 417 subnet-prefix 33022  FLID 0 fifoRkey=0x169d5b fifoLkey=0x169d5b
dgx052:192:396 [7] NCCL INFO NCCL_IB_TIMEOUT set by environment to 22.
dgx052:191:398 [6] NCCL INFO NCCL_IB_QPS_PER_CONNECTION set by environment to 8.
dgx052:189:390 [4] NCCL INFO NCCL_IB_TIMEOUT set by environment to 22.
dgx052:185:388 [0] NCCL INFO NCCL_IB_TIMEOUT set by environment to 22.
dgx052:186:400 [1] NCCL INFO NET/IB: NCCL Dev 2 IbDev 2 Port 1 qpn 5166 mtu 5 LID 414 subnet-prefix 33022  FLID 0 fifoRkey=0x15f8b7 fifoLkey=0x15f8b7
dgx052:186:400 [1] NCCL INFO NET/IB: NCCL Dev 2 IbDev 2 Port 1 qpn 5167 mtu 5 LID 414 subnet-prefix 33022  FLID 0 fifoRkey=0x15f8b7 fifoLkey=0x15f8b7
dgx052:186:400 [1] NCCL INFO NET/IB: NCCL Dev 2 IbDev 2 Port 1 qpn 5168 mtu 5 LID 414 subnet-prefix 33022  FLID 0 fifoRkey=0x15f8b7 fifoLkey=0x15f8b7
dgx052:186:400 [1] NCCL INFO NET/IB: NCCL Dev 2 IbDev 2 Port 1 qpn 5169 mtu 5 LID 414 subnet-prefix 33022  FLID 0 fifoRkey=0x15f8b7 fifoLkey=0x15f8b7
dgx052:186:400 [1] NCCL INFO NET/IB: NCCL Dev 2 IbDev 2 Port 1 qpn 5170 mtu 5 LID 414 subnet-prefix 33022  FLID 0 fifoRkey=0x15f8b7 fifoLkey=0x15f8b7
dgx052:186:400 [1] NCCL INFO NET/IB: NCCL Dev 2 IbDev 2 Port 1 qpn 5171 mtu 5 LID 414 subnet-prefix 33022  FLID 0 fifoRkey=0x15f8b7 fifoLkey=0x15f8b7
dgx052:186:400 [1] NCCL INFO NET/IB: NCCL Dev 2 IbDev 2 Port 1 qpn 5172 mtu 5 LID 414 subnet-prefix 33022  FLID 0 fifoRkey=0x15f8b7 fifoLkey=0x15f8b7
dgx052:186:400 [1] NCCL INFO NET/IB: NCCL Dev 2 IbDev 2 Port 1 qpn 5173 mtu 5 LID 414 subnet-prefix 33022  FLID 0 fifoRkey=0x15f8b7 fifoLkey=0x15f8b7
dgx052:186:400 [1] NCCL INFO NCCL_IB_TIMEOUT set by environment to 22.
dgx052:188:392 [3] NCCL INFO NET/IB: NCCL Dev 4 IbDev 4 Port 1 qpn 5174 mtu 5 LID 417 subnet-prefix 33022  FLID 0 fifoRkey=0x167836 fifoLkey=0x167836
dgx052:187:386 [2] NCCL INFO NET/IB: NCCL Dev 3 IbDev 3 Port 1 qpn 5174 mtu 5 LID 413 subnet-prefix 33022  FLID 0 fifoRkey=0x175513 fifoLkey=0x175513
dgx052:188:392 [3] NCCL INFO NET/IB: NCCL Dev 4 IbDev 4 Port 1 qpn 5175 mtu 5 LID 417 subnet-prefix 33022  FLID 0 fifoRkey=0x167836 fifoLkey=0x167836
