nccl-intranode-dgx052-skbwq:187:402 [6] NCCL INFO Channel 23/0 : 6[6] -> 7[7] via P2P/CUMEM
nccl-intranode-dgx052-skbwq:187:394 [6] NCCL INFO New proxy send connection 47 from local rank 6, transport 0
nccl-intranode-dgx052-skbwq:187:402 [6] NCCL INFO Connected to proxy localRank 6 -> connection 0x7fe92c006548
nccl-intranode-dgx052-skbwq:183:399 [2] NCCL INFO Channel 22/0 : 2[2] -> 3[3] via P2P/CUMEM
nccl-intranode-dgx052-skbwq:181:401 [0] NCCL INFO Channel 17/0 : 0[0] -> 1[1] via P2P/CUMEM
nccl-intranode-dgx052-skbwq:183:382 [2] NCCL INFO New proxy send connection 46 from local rank 2, transport 0
nccl-intranode-dgx052-skbwq:181:386 [0] NCCL INFO New proxy send connection 41 from local rank 0, transport 0
nccl-intranode-dgx052-skbwq:181:401 [0] NCCL INFO Connected to proxy localRank 0 -> connection 0x7f0c98006278
nccl-intranode-dgx052-skbwq:183:399 [2] NCCL INFO Connected to proxy localRank 2 -> connection 0x7f1bb80064d0
nccl-intranode-dgx052-skbwq:185:384 [4] NCCL INFO New proxy send connection 36 from local rank 4, transport 0
nccl-intranode-dgx052-skbwq:185:398 [4] NCCL INFO Connected to proxy localRank 4 -> connection 0x7f6430006020
nccl-intranode-dgx052-skbwq:182:404 [1] NCCL INFO Channel 02/0 : 1[1] -> 2[2] via P2P/CUMEM
nccl-intranode-dgx052-skbwq:182:392 [1] NCCL INFO New proxy send connection 26 from local rank 1, transport 0
nccl-intranode-dgx052-skbwq:182:404 [1] NCCL INFO Connected to proxy localRank 1 -> connection 0x7f99c4005b70
nccl-intranode-dgx052-skbwq:182:404 [1] NCCL INFO Channel 03/0 : 1[1] -> 2[2] via P2P/CUMEM
nccl-intranode-dgx052-skbwq:182:392 [1] NCCL INFO New proxy send connection 27 from local rank 1, transport 0
nccl-intranode-dgx052-skbwq:182:404 [1] NCCL INFO Connected to proxy localRank 1 -> connection 0x7f99c4005be8
nccl-intranode-dgx052-skbwq:182:404 [1] NCCL INFO Channel 04/0 : 1[1] -> 2[2] via P2P/CUMEM
nccl-intranode-dgx052-skbwq:182:392 [1] NCCL INFO New proxy send connection 28 from local rank 1, transport 0
nccl-intranode-dgx052-skbwq:182:404 [1] NCCL INFO Connected to proxy localRank 1 -> connection 0x7f99c4005c60
nccl-intranode-dgx052-skbwq:182:404 [1] NCCL INFO Channel 05/0 : 1[1] -> 2[2] via P2P/CUMEM
nccl-intranode-dgx052-skbwq:182:392 [1] NCCL INFO New proxy send connection 29 from local rank 1, transport 0
nccl-intranode-dgx052-skbwq:182:404 [1] NCCL INFO Connected to proxy localRank 1 -> connection 0x7f99c4005cd8
nccl-intranode-dgx052-skbwq:181:401 [0] NCCL INFO Channel 18/0 : 0[0] -> 1[1] via P2P/CUMEM
nccl-intranode-dgx052-skbwq:181:386 [0] NCCL INFO New proxy send connection 42 from local rank 0, transport 0
nccl-intranode-dgx052-skbwq:181:401 [0] NCCL INFO Connected to proxy localRank 0 -> connection 0x7f0c980062f0
nccl-intranode-dgx052-skbwq:183:399 [2] NCCL INFO Channel 23/0 : 2[2] -> 3[3] via P2P/CUMEM
nccl-intranode-dgx052-skbwq:183:382 [2] NCCL INFO New proxy send connection 47 from local rank 2, transport 0
nccl-intranode-dgx052-skbwq:183:399 [2] NCCL INFO Connected to proxy localRank 2 -> connection 0x7f1bb8006548
nccl-intranode-dgx052-skbwq:184:405 [3] NCCL INFO Channel 04/0 : 3[3] -> 4[4] via P2P/CUMEM
nccl-intranode-dgx052-skbwq:185:398 [4] NCCL INFO Channel 13/0 : 4[4] -> 5[5] via P2P/CUMEM
nccl-intranode-dgx052-skbwq:184:396 [3] NCCL INFO New proxy send connection 28 from local rank 3, transport 0
nccl-intranode-dgx052-skbwq:184:405 [3] NCCL INFO Connected to proxy localRank 3 -> connection 0x7ff680005c60
nccl-intranode-dgx052-skbwq:185:384 [4] NCCL INFO New proxy send connection 37 from local rank 4, transport 0
nccl-intranode-dgx052-skbwq:185:398 [4] NCCL INFO Connected to proxy localRank 4 -> connection 0x7f6430006098
nccl-intranode-dgx052-skbwq:185:398 [4] NCCL INFO Channel 14/0 : 4[4] -> 5[5] via P2P/CUMEM
nccl-intranode-dgx052-skbwq:182:404 [1] NCCL INFO Channel 06/0 : 1[1] -> 2[2] via P2P/CUMEM
nccl-intranode-dgx052-skbwq:182:392 [1] NCCL INFO New proxy send connection 30 from local rank 1, transport 0
nccl-intranode-dgx052-skbwq:182:404 [1] NCCL INFO Connected to proxy localRank 1 -> connection 0x7f99c4005d50
nccl-intranode-dgx052-skbwq:186:403 [5] NCCL INFO Channel 03/0 : 5[5] -> 6[6] via P2P/CUMEM
nccl-intranode-dgx052-skbwq:186:388 [5] NCCL INFO New proxy send connection 27 from local rank 5, transport 0
nccl-intranode-dgx052-skbwq:186:403 [5] NCCL INFO Connected to proxy localRank 5 -> connection 0x7f89e4005be8
nccl-intranode-dgx052-skbwq:184:405 [3] NCCL INFO Channel 05/0 : 3[3] -> 4[4] via P2P/CUMEM
nccl-intranode-dgx052-skbwq:184:396 [3] NCCL INFO New proxy send connection 29 from local rank 3, transport 0
nccl-intranode-dgx052-skbwq:181:401 [0] NCCL INFO Channel 19/0 : 0[0] -> 1[1] via P2P/CUMEM
nccl-intranode-dgx052-skbwq:184:405 [3] NCCL INFO Connected to proxy localRank 3 -> connection 0x7ff680005cd8
nccl-intranode-dgx052-skbwq:181:386 [0] NCCL INFO New proxy send connection 43 from local rank 0, transport 0
nccl-intranode-dgx052-skbwq:181:401 [0] NCCL INFO Connected to proxy localRank 0 -> connection 0x7f0c98006368
nccl-intranode-dgx052-skbwq:185:384 [4] NCCL INFO New proxy send connection 38 from local rank 4, transport 0
nccl-intranode-dgx052-skbwq:185:398 [4] NCCL INFO Connected to proxy localRank 4 -> connection 0x7f6430006110
nccl-intranode-dgx052-skbwq:182:404 [1] NCCL INFO Channel 07/0 : 1[1] -> 2[2] via P2P/CUMEM
nccl-intranode-dgx052-skbwq:182:392 [1] NCCL INFO New proxy send connection 31 from local rank 1, transport 0
nccl-intranode-dgx052-skbwq:182:404 [1] NCCL INFO Connected to proxy localRank 1 -> connection 0x7f99c4005dc8
nccl-intranode-dgx052-skbwq:182:404 [1] NCCL INFO Channel 08/0 : 1[1] -> 2[2] via P2P/CUMEM
nccl-intranode-dgx052-skbwq:182:392 [1] NCCL INFO New proxy send connection 32 from local rank 1, transport 0
nccl-intranode-dgx052-skbwq:182:404 [1] NCCL INFO Connected to proxy localRank 1 -> connection 0x7f99c4005e40
nccl-intranode-dgx052-skbwq:181:401 [0] NCCL INFO Channel 20/0 : 0[0] -> 1[1] via P2P/CUMEM
nccl-intranode-dgx052-skbwq:186:403 [5] NCCL INFO Channel 04/0 : 5[5] -> 6[6] via P2P/CUMEM
nccl-intranode-dgx052-skbwq:181:386 [0] NCCL INFO New proxy send connection 44 from local rank 0, transport 0
nccl-intranode-dgx052-skbwq:181:401 [0] NCCL INFO Connected to proxy localRank 0 -> connection 0x7f0c980063e0
nccl-intranode-dgx052-skbwq:186:388 [5] NCCL INFO New proxy send connection 28 from local rank 5, transport 0
nccl-intranode-dgx052-skbwq:186:403 [5] NCCL INFO Connected to proxy localRank 5 -> connection 0x7f89e4005c60
nccl-intranode-dgx052-skbwq:184:405 [3] NCCL INFO Channel 06/0 : 3[3] -> 4[4] via P2P/CUMEM
nccl-intranode-dgx052-skbwq:185:398 [4] NCCL INFO Channel 15/0 : 4[4] -> 5[5] via P2P/CUMEM
nccl-intranode-dgx052-skbwq:184:396 [3] NCCL INFO New proxy send connection 30 from local rank 3, transport 0
nccl-intranode-dgx052-skbwq:185:384 [4] NCCL INFO New proxy send connection 39 from local rank 4, transport 0
nccl-intranode-dgx052-skbwq:184:405 [3] NCCL INFO Connected to proxy localRank 3 -> connection 0x7ff680005d50
nccl-intranode-dgx052-skbwq:185:398 [4] NCCL INFO Connected to proxy localRank 4 -> connection 0x7f6430006188
nccl-intranode-dgx052-skbwq:182:404 [1] NCCL INFO Channel 09/0 : 1[1] -> 2[2] via P2P/CUMEM
nccl-intranode-dgx052-skbwq:182:392 [1] NCCL INFO New proxy send connection 33 from local rank 1, transport 0
nccl-intranode-dgx052-skbwq:182:404 [1] NCCL INFO Connected to proxy localRank 1 -> connection 0x7f99c4005eb8
nccl-intranode-dgx052-skbwq:186:403 [5] NCCL INFO Channel 05/0 : 5[5] -> 6[6] via P2P/CUMEM
nccl-intranode-dgx052-skbwq:186:388 [5] NCCL INFO New proxy send connection 29 from local rank 5, transport 0
nccl-intranode-dgx052-skbwq:186:403 [5] NCCL INFO Connected to proxy localRank 5 -> connection 0x7f89e4005cd8
nccl-intranode-dgx052-skbwq:186:403 [5] NCCL INFO Channel 06/0 : 5[5] -> 6[6] via P2P/CUMEM
nccl-intranode-dgx052-skbwq:186:388 [5] NCCL INFO New proxy send connection 30 from local rank 5, transport 0
nccl-intranode-dgx052-skbwq:186:403 [5] NCCL INFO Connected to proxy localRank 5 -> connection 0x7f89e4005d50
nccl-intranode-dgx052-skbwq:181:401 [0] NCCL INFO Channel 21/0 : 0[0] -> 1[1] via P2P/CUMEM
nccl-intranode-dgx052-skbwq:181:386 [0] NCCL INFO New proxy send connection 45 from local rank 0, transport 0
nccl-intranode-dgx052-skbwq:181:401 [0] NCCL INFO Connected to proxy localRank 0 -> connection 0x7f0c98006458
nccl-intranode-dgx052-skbwq:182:404 [1] NCCL INFO Channel 10/0 : 1[1] -> 2[2] via P2P/CUMEM
nccl-intranode-dgx052-skbwq:182:392 [1] NCCL INFO New proxy send connection 34 from local rank 1, transport 0
nccl-intranode-dgx052-skbwq:182:404 [1] NCCL INFO Connected to proxy localRank 1 -> connection 0x7f99c4005f30
nccl-intranode-dgx052-skbwq:184:405 [3] NCCL INFO Channel 07/0 : 3[3] -> 4[4] via P2P/CUMEM
nccl-intranode-dgx052-skbwq:181:401 [0] NCCL INFO Channel 22/0 : 0[0] -> 1[1] via P2P/CUMEM
nccl-intranode-dgx052-skbwq:185:398 [4] NCCL INFO Channel 16/0 : 4[4] -> 5[5] via P2P/CUMEM
nccl-intranode-dgx052-skbwq:181:386 [0] NCCL INFO New proxy send connection 46 from local rank 0, transport 0
nccl-intranode-dgx052-skbwq:184:396 [3] NCCL INFO New proxy send connection 31 from local rank 3, transport 0
nccl-intranode-dgx052-skbwq:181:401 [0] NCCL INFO Connected to proxy localRank 0 -> connection 0x7f0c980064d0
nccl-intranode-dgx052-skbwq:185:384 [4] NCCL INFO New proxy send connection 40 from local rank 4, transport 0
nccl-intranode-dgx052-skbwq:184:405 [3] NCCL INFO Connected to proxy localRank 3 -> connection 0x7ff680005dc8
nccl-intranode-dgx052-skbwq:185:398 [4] NCCL INFO Connected to proxy localRank 4 -> connection 0x7f6430006200
nccl-intranode-dgx052-skbwq:186:403 [5] NCCL INFO Channel 07/0 : 5[5] -> 6[6] via P2P/CUMEM
nccl-intranode-dgx052-skbwq:186:388 [5] NCCL INFO New proxy send connection 31 from local rank 5, transport 0
nccl-intranode-dgx052-skbwq:186:403 [5] NCCL INFO Connected to proxy localRank 5 -> connection 0x7f89e4005dc8
nccl-intranode-dgx052-skbwq:181:401 [0] NCCL INFO Channel 23/0 : 0[0] -> 1[1] via P2P/CUMEM
nccl-intranode-dgx052-skbwq:181:386 [0] NCCL INFO New proxy send connection 47 from local rank 0, transport 0
nccl-intranode-dgx052-skbwq:181:401 [0] NCCL INFO Connected to proxy localRank 0 -> connection 0x7f0c98006548
nccl-intranode-dgx052-skbwq:182:404 [1] NCCL INFO Channel 11/0 : 1[1] -> 2[2] via P2P/CUMEM
nccl-intranode-dgx052-skbwq:184:405 [3] NCCL INFO Channel 08/0 : 3[3] -> 4[4] via P2P/CUMEM
nccl-intranode-dgx052-skbwq:182:392 [1] NCCL INFO New proxy send connection 35 from local rank 1, transport 0
nccl-intranode-dgx052-skbwq:182:404 [1] NCCL INFO Connected to proxy localRank 1 -> connection 0x7f99c4005fa8
nccl-intranode-dgx052-skbwq:184:396 [3] NCCL INFO New proxy send connection 32 from local rank 3, transport 0
nccl-intranode-dgx052-skbwq:186:403 [5] NCCL INFO Channel 08/0 : 5[5] -> 6[6] via P2P/CUMEM
nccl-intranode-dgx052-skbwq:184:405 [3] NCCL INFO Connected to proxy localRank 3 -> connection 0x7ff680005e40
nccl-intranode-dgx052-skbwq:186:388 [5] NCCL INFO New proxy send connection 32 from local rank 5, transport 0
nccl-intranode-dgx052-skbwq:186:403 [5] NCCL INFO Connected to proxy localRank 5 -> connection 0x7f89e4005e40
nccl-intranode-dgx052-skbwq:185:398 [4] NCCL INFO Channel 17/0 : 4[4] -> 5[5] via P2P/CUMEM
nccl-intranode-dgx052-skbwq:182:404 [1] NCCL INFO Channel 12/0 : 1[1] -> 2[2] via P2P/CUMEM
nccl-intranode-dgx052-skbwq:185:384 [4] NCCL INFO New proxy send connection 41 from local rank 4, transport 0
nccl-intranode-dgx052-skbwq:185:398 [4] NCCL INFO Connected to proxy localRank 4 -> connection 0x7f6430006278
nccl-intranode-dgx052-skbwq:182:392 [1] NCCL INFO New proxy send connection 36 from local rank 1, transport 0
nccl-intranode-dgx052-skbwq:182:404 [1] NCCL INFO Connected to proxy localRank 1 -> connection 0x7f99c4006020
nccl-intranode-dgx052-skbwq:184:405 [3] NCCL INFO Channel 09/0 : 3[3] -> 4[4] via P2P/CUMEM
nccl-intranode-dgx052-skbwq:184:396 [3] NCCL INFO New proxy send connection 33 from local rank 3, transport 0
nccl-intranode-dgx052-skbwq:184:405 [3] NCCL INFO Connected to proxy localRank 3 -> connection 0x7ff680005eb8
nccl-intranode-dgx052-skbwq:186:403 [5] NCCL INFO Channel 09/0 : 5[5] -> 6[6] via P2P/CUMEM
nccl-intranode-dgx052-skbwq:186:388 [5] NCCL INFO New proxy send connection 33 from local rank 5, transport 0
nccl-intranode-dgx052-skbwq:186:403 [5] NCCL INFO Connected to proxy localRank 5 -> connection 0x7f89e4005eb8
nccl-intranode-dgx052-skbwq:185:398 [4] NCCL INFO Channel 18/0 : 4[4] -> 5[5] via P2P/CUMEM
nccl-intranode-dgx052-skbwq:182:404 [1] NCCL INFO Channel 13/0 : 1[1] -> 2[2] via P2P/CUMEM
nccl-intranode-dgx052-skbwq:184:405 [3] NCCL INFO Channel 10/0 : 3[3] -> 4[4] via P2P/CUMEM
nccl-intranode-dgx052-skbwq:182:392 [1] NCCL INFO New proxy send connection 37 from local rank 1, transport 0
nccl-intranode-dgx052-skbwq:182:404 [1] NCCL INFO Connected to proxy localRank 1 -> connection 0x7f99c4006098
nccl-intranode-dgx052-skbwq:184:396 [3] NCCL INFO New proxy send connection 34 from local rank 3, transport 0
nccl-intranode-dgx052-skbwq:184:405 [3] NCCL INFO Connected to proxy localRank 3 -> connection 0x7ff680005f30
nccl-intranode-dgx052-skbwq:186:403 [5] NCCL INFO Channel 10/0 : 5[5] -> 6[6] via P2P/CUMEM
nccl-intranode-dgx052-skbwq:186:388 [5] NCCL INFO New proxy send connection 34 from local rank 5, transport 0
nccl-intranode-dgx052-skbwq:186:403 [5] NCCL INFO Connected to proxy localRank 5 -> connection 0x7f89e4005f30
nccl-intranode-dgx052-skbwq:185:384 [4] NCCL INFO New proxy send connection 42 from local rank 4, transport 0
nccl-intranode-dgx052-skbwq:185:398 [4] NCCL INFO Connected to proxy localRank 4 -> connection 0x7f64300062f0
nccl-intranode-dgx052-skbwq:184:405 [3] NCCL INFO Channel 11/0 : 3[3] -> 4[4] via P2P/CUMEM
nccl-intranode-dgx052-skbwq:182:404 [1] NCCL INFO Channel 14/0 : 1[1] -> 2[2] via P2P/CUMEM
nccl-intranode-dgx052-skbwq:184:396 [3] NCCL INFO New proxy send connection 35 from local rank 3, transport 0
nccl-intranode-dgx052-skbwq:184:405 [3] NCCL INFO Connected to proxy localRank 3 -> connection 0x7ff680005fa8
nccl-intranode-dgx052-skbwq:182:392 [1] NCCL INFO New proxy send connection 38 from local rank 1, transport 0
nccl-intranode-dgx052-skbwq:182:404 [1] NCCL INFO Connected to proxy localRank 1 -> connection 0x7f99c4006110
nccl-intranode-dgx052-skbwq:186:403 [5] NCCL INFO Channel 11/0 : 5[5] -> 6[6] via P2P/CUMEM
nccl-intranode-dgx052-skbwq:186:388 [5] NCCL INFO New proxy send connection 35 from local rank 5, transport 0
nccl-intranode-dgx052-skbwq:186:403 [5] NCCL INFO Connected to proxy localRank 5 -> connection 0x7f89e4005fa8
nccl-intranode-dgx052-skbwq:184:405 [3] NCCL INFO Channel 12/0 : 3[3] -> 4[4] via P2P/CUMEM
nccl-intranode-dgx052-skbwq:182:404 [1] NCCL INFO Channel 15/0 : 1[1] -> 2[2] via P2P/CUMEM
nccl-intranode-dgx052-skbwq:184:396 [3] NCCL INFO New proxy send connection 36 from local rank 3, transport 0
nccl-intranode-dgx052-skbwq:184:405 [3] NCCL INFO Connected to proxy localRank 3 -> connection 0x7ff680006020
nccl-intranode-dgx052-skbwq:182:392 [1] NCCL INFO New proxy send connection 39 from local rank 1, transport 0
nccl-intranode-dgx052-skbwq:182:404 [1] NCCL INFO Connected to proxy localRank 1 -> connection 0x7f99c4006188
nccl-intranode-dgx052-skbwq:185:398 [4] NCCL INFO Channel 19/0 : 4[4] -> 5[5] via P2P/CUMEM
nccl-intranode-dgx052-skbwq:186:403 [5] NCCL INFO Channel 12/0 : 5[5] -> 6[6] via P2P/CUMEM
nccl-intranode-dgx052-skbwq:186:388 [5] NCCL INFO New proxy send connection 36 from local rank 5, transport 0
nccl-intranode-dgx052-skbwq:186:403 [5] NCCL INFO Connected to proxy localRank 5 -> connection 0x7f89e4006020
nccl-intranode-dgx052-skbwq:184:405 [3] NCCL INFO Channel 13/0 : 3[3] -> 4[4] via P2P/CUMEM
nccl-intranode-dgx052-skbwq:182:404 [1] NCCL INFO Channel 16/0 : 1[1] -> 2[2] via P2P/CUMEM
nccl-intranode-dgx052-skbwq:184:396 [3] NCCL INFO New proxy send connection 37 from local rank 3, transport 0
nccl-intranode-dgx052-skbwq:185:384 [4] NCCL INFO New proxy send connection 43 from local rank 4, transport 0
nccl-intranode-dgx052-skbwq:184:405 [3] NCCL INFO Connected to proxy localRank 3 -> connection 0x7ff680006098
nccl-intranode-dgx052-skbwq:185:398 [4] NCCL INFO Connected to proxy localRank 4 -> connection 0x7f6430006368
nccl-intranode-dgx052-skbwq:182:392 [1] NCCL INFO New proxy send connection 40 from local rank 1, transport 0
nccl-intranode-dgx052-skbwq:182:404 [1] NCCL INFO Connected to proxy localRank 1 -> connection 0x7f99c4006200
nccl-intranode-dgx052-skbwq:186:403 [5] NCCL INFO Channel 13/0 : 5[5] -> 6[6] via P2P/CUMEM
nccl-intranode-dgx052-skbwq:186:388 [5] NCCL INFO New proxy send connection 37 from local rank 5, transport 0
nccl-intranode-dgx052-skbwq:186:403 [5] NCCL INFO Connected to proxy localRank 5 -> connection 0x7f89e4006098
nccl-intranode-dgx052-skbwq:186:403 [5] NCCL INFO Channel 14/0 : 5[5] -> 6[6] via P2P/CUMEM
nccl-intranode-dgx052-skbwq:186:388 [5] NCCL INFO New proxy send connection 38 from local rank 5, transport 0
nccl-intranode-dgx052-skbwq:185:398 [4] NCCL INFO Channel 20/0 : 4[4] -> 5[5] via P2P/CUMEM
nccl-intranode-dgx052-skbwq:186:403 [5] NCCL INFO Connected to proxy localRank 5 -> connection 0x7f89e4006110
nccl-intranode-dgx052-skbwq:185:384 [4] NCCL INFO New proxy send connection 44 from local rank 4, transport 0
nccl-intranode-dgx052-skbwq:182:404 [1] NCCL INFO Channel 17/0 : 1[1] -> 2[2] via P2P/CUMEM
nccl-intranode-dgx052-skbwq:185:398 [4] NCCL INFO Connected to proxy localRank 4 -> connection 0x7f64300063e0
nccl-intranode-dgx052-skbwq:184:405 [3] NCCL INFO Channel 14/0 : 3[3] -> 4[4] via P2P/CUMEM
nccl-intranode-dgx052-skbwq:182:392 [1] NCCL INFO New proxy send connection 41 from local rank 1, transport 0
nccl-intranode-dgx052-skbwq:182:404 [1] NCCL INFO Connected to proxy localRank 1 -> connection 0x7f99c4006278
nccl-intranode-dgx052-skbwq:184:396 [3] NCCL INFO New proxy send connection 38 from local rank 3, transport 0
nccl-intranode-dgx052-skbwq:184:405 [3] NCCL INFO Connected to proxy localRank 3 -> connection 0x7ff680006110
nccl-intranode-dgx052-skbwq:186:403 [5] NCCL INFO Channel 15/0 : 5[5] -> 6[6] via P2P/CUMEM
nccl-intranode-dgx052-skbwq:185:398 [4] NCCL INFO Channel 21/0 : 4[4] -> 5[5] via P2P/CUMEM
nccl-intranode-dgx052-skbwq:186:388 [5] NCCL INFO New proxy send connection 39 from local rank 5, transport 0
nccl-intranode-dgx052-skbwq:186:403 [5] NCCL INFO Connected to proxy localRank 5 -> connection 0x7f89e4006188
nccl-intranode-dgx052-skbwq:185:384 [4] NCCL INFO New proxy send connection 45 from local rank 4, transport 0
nccl-intranode-dgx052-skbwq:185:398 [4] NCCL INFO Connected to proxy localRank 4 -> connection 0x7f6430006458
nccl-intranode-dgx052-skbwq:182:404 [1] NCCL INFO Channel 18/0 : 1[1] -> 2[2] via P2P/CUMEM
nccl-intranode-dgx052-skbwq:182:392 [1] NCCL INFO New proxy send connection 42 from local rank 1, transport 0
nccl-intranode-dgx052-skbwq:182:404 [1] NCCL INFO Connected to proxy localRank 1 -> connection 0x7f99c40062f0
nccl-intranode-dgx052-skbwq:184:405 [3] NCCL INFO Channel 15/0 : 3[3] -> 4[4] via P2P/CUMEM
nccl-intranode-dgx052-skbwq:184:396 [3] NCCL INFO New proxy send connection 39 from local rank 3, transport 0
nccl-intranode-dgx052-skbwq:184:405 [3] NCCL INFO Connected to proxy localRank 3 -> connection 0x7ff680006188
nccl-intranode-dgx052-skbwq:186:403 [5] NCCL INFO Channel 16/0 : 5[5] -> 6[6] via P2P/CUMEM
nccl-intranode-dgx052-skbwq:186:388 [5] NCCL INFO New proxy send connection 40 from local rank 5, transport 0
nccl-intranode-dgx052-skbwq:186:403 [5] NCCL INFO Connected to proxy localRank 5 -> connection 0x7f89e4006200
nccl-intranode-dgx052-skbwq:184:405 [3] NCCL INFO Channel 16/0 : 3[3] -> 4[4] via P2P/CUMEM
nccl-intranode-dgx052-skbwq:185:398 [4] NCCL INFO Channel 22/0 : 4[4] -> 5[5] via P2P/CUMEM
nccl-intranode-dgx052-skbwq:184:396 [3] NCCL INFO New proxy send connection 40 from local rank 3, transport 0
nccl-intranode-dgx052-skbwq:184:405 [3] NCCL INFO Connected to proxy localRank 3 -> connection 0x7ff680006200
nccl-intranode-dgx052-skbwq:185:384 [4] NCCL INFO New proxy send connection 46 from local rank 4, transport 0
nccl-intranode-dgx052-skbwq:182:404 [1] NCCL INFO Channel 19/0 : 1[1] -> 2[2] via P2P/CUMEM
nccl-intranode-dgx052-skbwq:185:398 [4] NCCL INFO Connected to proxy localRank 4 -> connection 0x7f64300064d0
nccl-intranode-dgx052-skbwq:182:392 [1] NCCL INFO New proxy send connection 43 from local rank 1, transport 0
nccl-intranode-dgx052-skbwq:182:404 [1] NCCL INFO Connected to proxy localRank 1 -> connection 0x7f99c4006368
nccl-intranode-dgx052-skbwq:186:403 [5] NCCL INFO Channel 17/0 : 5[5] -> 6[6] via P2P/CUMEM
nccl-intranode-dgx052-skbwq:186:388 [5] NCCL INFO New proxy send connection 41 from local rank 5, transport 0
nccl-intranode-dgx052-skbwq:186:403 [5] NCCL INFO Connected to proxy localRank 5 -> connection 0x7f89e4006278
nccl-intranode-dgx052-skbwq:185:398 [4] NCCL INFO Channel 23/0 : 4[4] -> 5[5] via P2P/CUMEM
nccl-intranode-dgx052-skbwq:185:384 [4] NCCL INFO New proxy send connection 47 from local rank 4, transport 0
nccl-intranode-dgx052-skbwq:184:405 [3] NCCL INFO Channel 17/0 : 3[3] -> 4[4] via P2P/CUMEM
nccl-intranode-dgx052-skbwq:185:398 [4] NCCL INFO Connected to proxy localRank 4 -> connection 0x7f6430006548
nccl-intranode-dgx052-skbwq:184:396 [3] NCCL INFO New proxy send connection 41 from local rank 3, transport 0
nccl-intranode-dgx052-skbwq:184:405 [3] NCCL INFO Connected to proxy localRank 3 -> connection 0x7ff680006278
nccl-intranode-dgx052-skbwq:182:404 [1] NCCL INFO Channel 20/0 : 1[1] -> 2[2] via P2P/CUMEM
nccl-intranode-dgx052-skbwq:182:392 [1] NCCL INFO New proxy send connection 44 from local rank 1, transport 0
nccl-intranode-dgx052-skbwq:182:404 [1] NCCL INFO Connected to proxy localRank 1 -> connection 0x7f99c40063e0
nccl-intranode-dgx052-skbwq:186:403 [5] NCCL INFO Channel 18/0 : 5[5] -> 6[6] via P2P/CUMEM
nccl-intranode-dgx052-skbwq:186:388 [5] NCCL INFO New proxy send connection 42 from local rank 5, transport 0
nccl-intranode-dgx052-skbwq:186:403 [5] NCCL INFO Connected to proxy localRank 5 -> connection 0x7f89e40062f0
nccl-intranode-dgx052-skbwq:186:403 [5] NCCL INFO Channel 19/0 : 5[5] -> 6[6] via P2P/CUMEM
nccl-intranode-dgx052-skbwq:186:388 [5] NCCL INFO New proxy send connection 43 from local rank 5, transport 0
nccl-intranode-dgx052-skbwq:186:403 [5] NCCL INFO Connected to proxy localRank 5 -> connection 0x7f89e4006368
nccl-intranode-dgx052-skbwq:184:405 [3] NCCL INFO Channel 18/0 : 3[3] -> 4[4] via P2P/CUMEM
nccl-intranode-dgx052-skbwq:182:404 [1] NCCL INFO Channel 21/0 : 1[1] -> 2[2] via P2P/CUMEM
nccl-intranode-dgx052-skbwq:184:396 [3] NCCL INFO New proxy send connection 42 from local rank 3, transport 0
nccl-intranode-dgx052-skbwq:184:405 [3] NCCL INFO Connected to proxy localRank 3 -> connection 0x7ff6800062f0
nccl-intranode-dgx052-skbwq:182:392 [1] NCCL INFO New proxy send connection 45 from local rank 1, transport 0
nccl-intranode-dgx052-skbwq:182:404 [1] NCCL INFO Connected to proxy localRank 1 -> connection 0x7f99c4006458
nccl-intranode-dgx052-skbwq:186:403 [5] NCCL INFO Channel 20/0 : 5[5] -> 6[6] via P2P/CUMEM
nccl-intranode-dgx052-skbwq:186:388 [5] NCCL INFO New proxy send connection 44 from local rank 5, transport 0
nccl-intranode-dgx052-skbwq:186:403 [5] NCCL INFO Connected to proxy localRank 5 -> connection 0x7f89e40063e0
nccl-intranode-dgx052-skbwq:184:405 [3] NCCL INFO Channel 19/0 : 3[3] -> 4[4] via P2P/CUMEM
nccl-intranode-dgx052-skbwq:182:404 [1] NCCL INFO Channel 22/0 : 1[1] -> 2[2] via P2P/CUMEM
nccl-intranode-dgx052-skbwq:184:396 [3] NCCL INFO New proxy send connection 43 from local rank 3, transport 0
nccl-intranode-dgx052-skbwq:184:405 [3] NCCL INFO Connected to proxy localRank 3 -> connection 0x7ff680006368
nccl-intranode-dgx052-skbwq:182:392 [1] NCCL INFO New proxy send connection 46 from local rank 1, transport 0
nccl-intranode-dgx052-skbwq:182:404 [1] NCCL INFO Connected to proxy localRank 1 -> connection 0x7f99c40064d0
nccl-intranode-dgx052-skbwq:186:403 [5] NCCL INFO Channel 21/0 : 5[5] -> 6[6] via P2P/CUMEM
nccl-intranode-dgx052-skbwq:186:388 [5] NCCL INFO New proxy send connection 45 from local rank 5, transport 0
nccl-intranode-dgx052-skbwq:186:403 [5] NCCL INFO Connected to proxy localRank 5 -> connection 0x7f89e4006458
nccl-intranode-dgx052-skbwq:184:405 [3] NCCL INFO Channel 20/0 : 3[3] -> 4[4] via P2P/CUMEM
nccl-intranode-dgx052-skbwq:184:396 [3] NCCL INFO New proxy send connection 44 from local rank 3, transport 0
nccl-intranode-dgx052-skbwq:184:405 [3] NCCL INFO Connected to proxy localRank 3 -> connection 0x7ff6800063e0
nccl-intranode-dgx052-skbwq:182:404 [1] NCCL INFO Channel 23/0 : 1[1] -> 2[2] via P2P/CUMEM
nccl-intranode-dgx052-skbwq:182:392 [1] NCCL INFO New proxy send connection 47 from local rank 1, transport 0
nccl-intranode-dgx052-skbwq:182:404 [1] NCCL INFO Connected to proxy localRank 1 -> connection 0x7f99c4006548
nccl-intranode-dgx052-skbwq:186:403 [5] NCCL INFO Channel 22/0 : 5[5] -> 6[6] via P2P/CUMEM
nccl-intranode-dgx052-skbwq:186:388 [5] NCCL INFO New proxy send connection 46 from local rank 5, transport 0
nccl-intranode-dgx052-skbwq:186:403 [5] NCCL INFO Connected to proxy localRank 5 -> connection 0x7f89e40064d0
nccl-intranode-dgx052-skbwq:184:405 [3] NCCL INFO Channel 21/0 : 3[3] -> 4[4] via P2P/CUMEM
nccl-intranode-dgx052-skbwq:184:396 [3] NCCL INFO New proxy send connection 45 from local rank 3, transport 0
nccl-intranode-dgx052-skbwq:184:405 [3] NCCL INFO Connected to proxy localRank 3 -> connection 0x7ff680006458
nccl-intranode-dgx052-skbwq:186:403 [5] NCCL INFO Channel 23/0 : 5[5] -> 6[6] via P2P/CUMEM
nccl-intranode-dgx052-skbwq:186:388 [5] NCCL INFO New proxy send connection 47 from local rank 5, transport 0
nccl-intranode-dgx052-skbwq:186:403 [5] NCCL INFO Connected to proxy localRank 5 -> connection 0x7f89e4006548
nccl-intranode-dgx052-skbwq:184:405 [3] NCCL INFO Channel 22/0 : 3[3] -> 4[4] via P2P/CUMEM
nccl-intranode-dgx052-skbwq:184:396 [3] NCCL INFO New proxy send connection 46 from local rank 3, transport 0
nccl-intranode-dgx052-skbwq:184:405 [3] NCCL INFO Connected to proxy localRank 3 -> connection 0x7ff6800064d0
nccl-intranode-dgx052-skbwq:184:405 [3] NCCL INFO Channel 23/0 : 3[3] -> 4[4] via P2P/CUMEM
nccl-intranode-dgx052-skbwq:184:396 [3] NCCL INFO New proxy send connection 47 from local rank 3, transport 0
nccl-intranode-dgx052-skbwq:184:405 [3] NCCL INFO Connected to proxy localRank 3 -> connection 0x7ff680006548
nccl-intranode-dgx052-skbwq:187:402 [6] NCCL INFO Connected all rings
nccl-intranode-dgx052-skbwq:188:400 [7] NCCL INFO Connected all rings
nccl-intranode-dgx052-skbwq:181:401 [0] NCCL INFO Connected all rings
nccl-intranode-dgx052-skbwq:186:403 [5] NCCL INFO Connected all rings
nccl-intranode-dgx052-skbwq:185:398 [4] NCCL INFO Connected all rings
nccl-intranode-dgx052-skbwq:184:405 [3] NCCL INFO Connected all rings
nccl-intranode-dgx052-skbwq:182:404 [1] NCCL INFO Connected all rings
nccl-intranode-dgx052-skbwq:183:399 [2] NCCL INFO Connected all rings
      1.00 MiB        0.07         15.61         27.32
nccl-intranode-dgx052-skbwq:183:408 [2] NCCL INFO NVLS comm 0x560301257f70 headRank 2 nHeads 8 buffSize 1048576 nvlsPerRankSize 33554432 nvlsTotalSize 268435456
nccl-intranode-dgx052-skbwq:187:409 [6] NCCL INFO NVLS comm 0x557dcdfdf360 headRank 6 nHeads 8 buffSize 1048576 nvlsPerRankSize 33554432 nvlsTotalSize 268435456
nccl-intranode-dgx052-skbwq:188:412 [7] NCCL INFO NVLS comm 0x56009947cc10 headRank 7 nHeads 8 buffSize 1048576 nvlsPerRankSize 33554432 nvlsTotalSize 268435456
nccl-intranode-dgx052-skbwq:186:411 [5] NCCL INFO NVLS comm 0x5573242d4e30 headRank 5 nHeads 8 buffSize 1048576 nvlsPerRankSize 33554432 nvlsTotalSize 268435456
nccl-intranode-dgx052-skbwq:185:413 [4] NCCL INFO NVLS comm 0x557dd14edbe0 headRank 4 nHeads 8 buffSize 1048576 nvlsPerRankSize 33554432 nvlsTotalSize 268435456
nccl-intranode-dgx052-skbwq:184:406 [3] NCCL INFO NVLS comm 0x5596fbdab5d0 headRank 3 nHeads 8 buffSize 1048576 nvlsPerRankSize 33554432 nvlsTotalSize 268435456
nccl-intranode-dgx052-skbwq:182:407 [1] NCCL INFO NVLS comm 0x556b95a531c0 headRank 1 nHeads 8 buffSize 1048576 nvlsPerRankSize 33554432 nvlsTotalSize 268435456
nccl-intranode-dgx052-skbwq:181:410 [0] NCCL INFO NVLS comm 0x5627f416ef20 headRank 0 nHeads 8 buffSize 1048576 nvlsPerRankSize 33554432 nvlsTotalSize 268435456
      2.00 MiB        0.07         30.90         54.07
      4.00 MiB        0.07         61.08        106.90
      8.00 MiB        0.08        105.99        185.48
     16.00 MiB        0.12        137.47        240.57
     32.00 MiB        0.20        166.04        290.57
     64.00 MiB        0.33        204.35        357.62
    128.00 MiB        0.59        225.90        395.32
    256.00 MiB        1.12        239.31        418.80
    512.00 MiB        2.16        248.39        434.68
      1.00 GiB        4.07        263.94        461.90
      2.00 GiB        8.02        267.81        468.66
      4.00 GiB       15.86        270.77        473.85
      8.00 GiB       31.52        272.49        476.85
nccl-intranode-dgx052-skbwq:185:414 [4] NCCL INFO socketProgressOpt: abort called
nccl-intranode-dgx052-skbwq:185:414 [4] NCCL INFO misc/socket.cc:47 -> 3
nccl-intranode-dgx052-skbwq:185:414 [4] NCCL INFO misc/socket.cc:550 -> 3
nccl-intranode-dgx052-skbwq:185:414 [4] NCCL INFO misc/socket.cc:573 -> 3
nccl-intranode-dgx052-skbwq:185:414 [4] NCCL INFO misc/socket.cc:621 -> 3
nccl-intranode-dgx052-skbwq:185:414 [4] NCCL INFO socketProgressOpt: abort called
nccl-intranode-dgx052-skbwq:185:414 [4] NCCL INFO misc/socket.cc:47 -> 3
nccl-intranode-dgx052-skbwq:185:414 [4] NCCL INFO misc/socket.cc:58 -> 3
nccl-intranode-dgx052-skbwq:185:414 [4] NCCL INFO misc/socket.cc:775 -> 3
nccl-intranode-dgx052-skbwq:185:384 [4] NCCL INFO socketProgressOpt: abort called
nccl-intranode-dgx052-skbwq:185:384 [4] NCCL INFO misc/socket.cc:47 -> 3
nccl-intranode-dgx052-skbwq:185:384 [4] NCCL INFO misc/socket.cc:752 -> 3
nccl-intranode-dgx052-skbwq:185:384 [4] NCCL INFO misc/socket.cc:428 -> 3
nccl-intranode-dgx052-skbwq:185:384 [4] NCCL INFO misc/socket.cc:564 -> 3
nccl-intranode-dgx052-skbwq:185:384 [4] NCCL INFO misc/socket.cc:668 -> 3

nccl-intranode-dgx052-skbwq:185:384 [4] proxy.cc:1458 NCCL WARN [Service thread] Accept failed Resource temporarily unavailable
nccl-intranode-dgx052-skbwq:185:384 [4] NCCL INFO socketProgressOpt: abort called
nccl-intranode-dgx052-skbwq:185:384 [4] NCCL INFO misc/socket.cc:826 -> 3

nccl-intranode-dgx052-skbwq:185:384 [4] proxy.cc:1497 NCCL WARN [Service thread] Could not receive type from localRank 4, res=3, closed=0

nccl-intranode-dgx052-skbwq:185:384 [4] proxy.cc:1521 NCCL WARN [Proxy Service 4] Failed to execute operation Close from rank 4, retcode 3
nccl-intranode-dgx052-skbwq:181:415 [0] NCCL INFO socketProgressOpt: abort called
nccl-intranode-dgx052-skbwq:181:415 [0] NCCL INFO misc/socket.cc:47 -> 3
nccl-intranode-dgx052-skbwq:181:415 [0] NCCL INFO misc/socket.cc:550 -> 3
nccl-intranode-dgx052-skbwq:181:415 [0] NCCL INFO misc/socket.cc:573 -> 3
nccl-intranode-dgx052-skbwq:181:415 [0] NCCL INFO misc/socket.cc:621 -> 3
nccl-intranode-dgx052-skbwq:181:415 [0] NCCL INFO socketProgressOpt: abort called
nccl-intranode-dgx052-skbwq:181:415 [0] NCCL INFO misc/socket.cc:47 -> 3
nccl-intranode-dgx052-skbwq:181:415 [0] NCCL INFO misc/socket.cc:58 -> 3
nccl-intranode-dgx052-skbwq:181:415 [0] NCCL INFO misc/socket.cc:775 -> 3
nccl-intranode-dgx052-skbwq:181:386 [0] NCCL INFO socketProgressOpt: abort called
nccl-intranode-dgx052-skbwq:181:386 [0] NCCL INFO misc/socket.cc:47 -> 3
nccl-intranode-dgx052-skbwq:181:386 [0] NCCL INFO misc/socket.cc:752 -> 3
nccl-intranode-dgx052-skbwq:181:386 [0] NCCL INFO misc/socket.cc:428 -> 3
nccl-intranode-dgx052-skbwq:181:386 [0] NCCL INFO misc/socket.cc:564 -> 3
nccl-intranode-dgx052-skbwq:181:386 [0] NCCL INFO misc/socket.cc:668 -> 3

nccl-intranode-dgx052-skbwq:181:386 [0] proxy.cc:1458 NCCL WARN [Service thread] Accept failed Resource temporarily unavailable
nccl-intranode-dgx052-skbwq:181:386 [0] NCCL INFO socketProgressOpt: abort called
nccl-intranode-dgx052-skbwq:181:386 [0] NCCL INFO misc/socket.cc:826 -> 3

nccl-intranode-dgx052-skbwq:181:386 [0] proxy.cc:1497 NCCL WARN [Service thread] Could not receive type from localRank 0, res=3, closed=0

nccl-intranode-dgx052-skbwq:181:386 [0] proxy.cc:1521 NCCL WARN [Proxy Service 0] Failed to execute operation Close from rank 0, retcode 3
nccl-intranode-dgx052-skbwq:184:416 [3] NCCL INFO socketProgressOpt: abort called
nccl-intranode-dgx052-skbwq:184:416 [3] NCCL INFO misc/socket.cc:47 -> 3
nccl-intranode-dgx052-skbwq:184:416 [3] NCCL INFO misc/socket.cc:550 -> 3
nccl-intranode-dgx052-skbwq:184:416 [3] NCCL INFO misc/socket.cc:573 -> 3
nccl-intranode-dgx052-skbwq:184:416 [3] NCCL INFO misc/socket.cc:621 -> 3
nccl-intranode-dgx052-skbwq:184:416 [3] NCCL INFO socketProgressOpt: abort called
nccl-intranode-dgx052-skbwq:184:416 [3] NCCL INFO misc/socket.cc:47 -> 3
nccl-intranode-dgx052-skbwq:184:416 [3] NCCL INFO misc/socket.cc:58 -> 3
nccl-intranode-dgx052-skbwq:184:416 [3] NCCL INFO misc/socket.cc:775 -> 3
nccl-intranode-dgx052-skbwq:184:396 [3] NCCL INFO socketProgressOpt: abort called
nccl-intranode-dgx052-skbwq:184:396 [3] NCCL INFO misc/socket.cc:47 -> 3
nccl-intranode-dgx052-skbwq:184:396 [3] NCCL INFO misc/socket.cc:752 -> 3
nccl-intranode-dgx052-skbwq:184:396 [3] NCCL INFO misc/socket.cc:428 -> 3
nccl-intranode-dgx052-skbwq:184:396 [3] NCCL INFO misc/socket.cc:564 -> 3
nccl-intranode-dgx052-skbwq:184:396 [3] NCCL INFO misc/socket.cc:668 -> 3

nccl-intranode-dgx052-skbwq:184:396 [3] proxy.cc:1458 NCCL WARN [Service thread] Accept failed Resource temporarily unavailable
nccl-intranode-dgx052-skbwq:184:396 [3] NCCL INFO socketProgressOpt: abort called
nccl-intranode-dgx052-skbwq:184:396 [3] NCCL INFO misc/socket.cc:826 -> 3

nccl-intranode-dgx052-skbwq:184:396 [3] proxy.cc:1497 NCCL WARN [Service thread] Could not receive type from localRank 3, res=3, closed=0

nccl-intranode-dgx052-skbwq:184:396 [3] proxy.cc:1521 NCCL WARN [Proxy Service 3] Failed to execute operation Close from rank 3, retcode 3
nccl-intranode-dgx052-skbwq:188:417 [7] NCCL INFO socketProgressOpt: abort called
nccl-intranode-dgx052-skbwq:188:417 [7] NCCL INFO misc/socket.cc:47 -> 3
nccl-intranode-dgx052-skbwq:188:417 [7] NCCL INFO misc/socket.cc:550 -> 3
nccl-intranode-dgx052-skbwq:188:417 [7] NCCL INFO misc/socket.cc:573 -> 3
nccl-intranode-dgx052-skbwq:188:417 [7] NCCL INFO misc/socket.cc:621 -> 3
nccl-intranode-dgx052-skbwq:188:417 [7] NCCL INFO socketProgressOpt: abort called
nccl-intranode-dgx052-skbwq:188:417 [7] NCCL INFO misc/socket.cc:47 -> 3
nccl-intranode-dgx052-skbwq:188:417 [7] NCCL INFO misc/socket.cc:58 -> 3
nccl-intranode-dgx052-skbwq:188:417 [7] NCCL INFO misc/socket.cc:775 -> 3
nccl-intranode-dgx052-skbwq:188:390 [7] NCCL INFO socketProgressOpt: abort called
nccl-intranode-dgx052-skbwq:188:390 [7] NCCL INFO misc/socket.cc:47 -> 3
nccl-intranode-dgx052-skbwq:188:390 [7] NCCL INFO misc/socket.cc:752 -> 3
nccl-intranode-dgx052-skbwq:188:390 [7] NCCL INFO misc/socket.cc:428 -> 3
nccl-intranode-dgx052-skbwq:188:390 [7] NCCL INFO misc/socket.cc:564 -> 3
nccl-intranode-dgx052-skbwq:188:390 [7] NCCL INFO misc/socket.cc:668 -> 3

nccl-intranode-dgx052-skbwq:188:390 [7] proxy.cc:1458 NCCL WARN [Service thread] Accept failed Resource temporarily unavailable
nccl-intranode-dgx052-skbwq:188:390 [7] NCCL INFO socketProgressOpt: abort called
nccl-intranode-dgx052-skbwq:188:390 [7] NCCL INFO misc/socket.cc:826 -> 3

nccl-intranode-dgx052-skbwq:188:390 [7] proxy.cc:1497 NCCL WARN [Service thread] Could not receive type from localRank 7, res=3, closed=0

nccl-intranode-dgx052-skbwq:188:390 [7] proxy.cc:1521 NCCL WARN [Proxy Service 7] Failed to execute operation Close from rank 7, retcode 3
nccl-intranode-dgx052-skbwq:183:418 [2] NCCL INFO socketProgressOpt: abort called
nccl-intranode-dgx052-skbwq:183:418 [2] NCCL INFO misc/socket.cc:47 -> 3
nccl-intranode-dgx052-skbwq:183:418 [2] NCCL INFO misc/socket.cc:550 -> 3
nccl-intranode-dgx052-skbwq:183:418 [2] NCCL INFO misc/socket.cc:573 -> 3
nccl-intranode-dgx052-skbwq:183:418 [2] NCCL INFO misc/socket.cc:621 -> 3
nccl-intranode-dgx052-skbwq:183:418 [2] NCCL INFO socketProgressOpt: abort called
nccl-intranode-dgx052-skbwq:183:418 [2] NCCL INFO misc/socket.cc:47 -> 3
nccl-intranode-dgx052-skbwq:183:418 [2] NCCL INFO misc/socket.cc:58 -> 3
nccl-intranode-dgx052-skbwq:183:418 [2] NCCL INFO misc/socket.cc:775 -> 3
nccl-intranode-dgx052-skbwq:183:382 [2] NCCL INFO socketProgressOpt: abort called
nccl-intranode-dgx052-skbwq:183:382 [2] NCCL INFO misc/socket.cc:47 -> 3
nccl-intranode-dgx052-skbwq:183:382 [2] NCCL INFO misc/socket.cc:752 -> 3
nccl-intranode-dgx052-skbwq:183:382 [2] NCCL INFO misc/socket.cc:428 -> 3
nccl-intranode-dgx052-skbwq:183:382 [2] NCCL INFO misc/socket.cc:564 -> 3
nccl-intranode-dgx052-skbwq:183:382 [2] NCCL INFO misc/socket.cc:668 -> 3

nccl-intranode-dgx052-skbwq:183:382 [2] proxy.cc:1458 NCCL WARN [Service thread] Accept failed Resource temporarily unavailable
nccl-intranode-dgx052-skbwq:183:382 [2] NCCL INFO socketProgressOpt: abort called
nccl-intranode-dgx052-skbwq:183:382 [2] NCCL INFO misc/socket.cc:826 -> 3

nccl-intranode-dgx052-skbwq:183:382 [2] proxy.cc:1497 NCCL WARN [Service thread] Could not receive type from localRank 2, res=3, closed=0

nccl-intranode-dgx052-skbwq:183:382 [2] proxy.cc:1521 NCCL WARN [Proxy Service 2] Failed to execute operation Close from rank 2, retcode 3
nccl-intranode-dgx052-skbwq:182:419 [1] NCCL INFO socketProgressOpt: abort called
nccl-intranode-dgx052-skbwq:182:419 [1] NCCL INFO misc/socket.cc:47 -> 3
nccl-intranode-dgx052-skbwq:182:419 [1] NCCL INFO misc/socket.cc:550 -> 3
nccl-intranode-dgx052-skbwq:182:419 [1] NCCL INFO misc/socket.cc:573 -> 3
nccl-intranode-dgx052-skbwq:182:419 [1] NCCL INFO misc/socket.cc:621 -> 3
nccl-intranode-dgx052-skbwq:182:419 [1] NCCL INFO socketProgressOpt: abort called
nccl-intranode-dgx052-skbwq:182:419 [1] NCCL INFO misc/socket.cc:47 -> 3
nccl-intranode-dgx052-skbwq:182:419 [1] NCCL INFO misc/socket.cc:58 -> 3
nccl-intranode-dgx052-skbwq:182:419 [1] NCCL INFO misc/socket.cc:775 -> 3
nccl-intranode-dgx052-skbwq:182:392 [1] NCCL INFO socketProgressOpt: abort called
nccl-intranode-dgx052-skbwq:182:392 [1] NCCL INFO misc/socket.cc:47 -> 3
nccl-intranode-dgx052-skbwq:182:392 [1] NCCL INFO misc/socket.cc:752 -> 3
nccl-intranode-dgx052-skbwq:182:392 [1] NCCL INFO misc/socket.cc:428 -> 3
nccl-intranode-dgx052-skbwq:182:392 [1] NCCL INFO misc/socket.cc:564 -> 3
nccl-intranode-dgx052-skbwq:182:392 [1] NCCL INFO misc/socket.cc:668 -> 3

nccl-intranode-dgx052-skbwq:182:392 [1] proxy.cc:1458 NCCL WARN [Service thread] Accept failed Resource temporarily unavailable
nccl-intranode-dgx052-skbwq:182:392 [1] NCCL INFO socketProgressOpt: abort called
nccl-intranode-dgx052-skbwq:182:392 [1] NCCL INFO misc/socket.cc:826 -> 3

nccl-intranode-dgx052-skbwq:182:392 [1] proxy.cc:1497 NCCL WARN [Service thread] Could not receive type from localRank 1, res=3, closed=0

nccl-intranode-dgx052-skbwq:182:392 [1] proxy.cc:1521 NCCL WARN [Proxy Service 1] Failed to execute operation Close from rank 1, retcode 3
nccl-intranode-dgx052-skbwq:187:420 [6] NCCL INFO socketProgressOpt: abort called
nccl-intranode-dgx052-skbwq:187:420 [6] NCCL INFO misc/socket.cc:47 -> 3
nccl-intranode-dgx052-skbwq:187:420 [6] NCCL INFO misc/socket.cc:550 -> 3
nccl-intranode-dgx052-skbwq:187:420 [6] NCCL INFO misc/socket.cc:573 -> 3
nccl-intranode-dgx052-skbwq:187:420 [6] NCCL INFO misc/socket.cc:621 -> 3
nccl-intranode-dgx052-skbwq:187:420 [6] NCCL INFO socketProgressOpt: abort called
nccl-intranode-dgx052-skbwq:187:420 [6] NCCL INFO misc/socket.cc:47 -> 3
nccl-intranode-dgx052-skbwq:187:420 [6] NCCL INFO misc/socket.cc:58 -> 3
nccl-intranode-dgx052-skbwq:187:420 [6] NCCL INFO misc/socket.cc:775 -> 3
nccl-intranode-dgx052-skbwq:187:394 [6] NCCL INFO socketProgressOpt: abort called
nccl-intranode-dgx052-skbwq:187:394 [6] NCCL INFO misc/socket.cc:47 -> 3
nccl-intranode-dgx052-skbwq:187:394 [6] NCCL INFO misc/socket.cc:752 -> 3
nccl-intranode-dgx052-skbwq:187:394 [6] NCCL INFO misc/socket.cc:428 -> 3
nccl-intranode-dgx052-skbwq:187:394 [6] NCCL INFO misc/socket.cc:564 -> 3
nccl-intranode-dgx052-skbwq:187:394 [6] NCCL INFO misc/socket.cc:668 -> 3

nccl-intranode-dgx052-skbwq:187:394 [6] proxy.cc:1458 NCCL WARN [Service thread] Accept failed Resource temporarily unavailable
nccl-intranode-dgx052-skbwq:187:394 [6] NCCL INFO socketProgressOpt: abort called
nccl-intranode-dgx052-skbwq:187:394 [6] NCCL INFO misc/socket.cc:826 -> 3

nccl-intranode-dgx052-skbwq:187:394 [6] proxy.cc:1497 NCCL WARN [Service thread] Could not receive type from localRank 6, res=3, closed=0

nccl-intranode-dgx052-skbwq:187:394 [6] proxy.cc:1521 NCCL WARN [Proxy Service 6] Failed to execute operation Close from rank 6, retcode 3
nccl-intranode-dgx052-skbwq:186:421 [5] NCCL INFO socketProgressOpt: abort called
nccl-intranode-dgx052-skbwq:186:421 [5] NCCL INFO misc/socket.cc:47 -> 3
nccl-intranode-dgx052-skbwq:186:421 [5] NCCL INFO misc/socket.cc:550 -> 3
nccl-intranode-dgx052-skbwq:186:421 [5] NCCL INFO misc/socket.cc:573 -> 3
nccl-intranode-dgx052-skbwq:186:421 [5] NCCL INFO misc/socket.cc:621 -> 3
nccl-intranode-dgx052-skbwq:186:421 [5] NCCL INFO socketProgressOpt: abort called
nccl-intranode-dgx052-skbwq:186:421 [5] NCCL INFO misc/socket.cc:47 -> 3
nccl-intranode-dgx052-skbwq:186:421 [5] NCCL INFO misc/socket.cc:58 -> 3
nccl-intranode-dgx052-skbwq:186:421 [5] NCCL INFO misc/socket.cc:775 -> 3
nccl-intranode-dgx052-skbwq:186:388 [5] NCCL INFO socketProgressOpt: abort called
nccl-intranode-dgx052-skbwq:186:388 [5] NCCL INFO misc/socket.cc:47 -> 3
nccl-intranode-dgx052-skbwq:186:388 [5] NCCL INFO misc/socket.cc:752 -> 3
nccl-intranode-dgx052-skbwq:186:388 [5] NCCL INFO misc/socket.cc:428 -> 3
nccl-intranode-dgx052-skbwq:186:388 [5] NCCL INFO misc/socket.cc:564 -> 3
nccl-intranode-dgx052-skbwq:186:388 [5] NCCL INFO misc/socket.cc:668 -> 3

nccl-intranode-dgx052-skbwq:186:388 [5] proxy.cc:1458 NCCL WARN [Service thread] Accept failed Resource temporarily unavailable
nccl-intranode-dgx052-skbwq:186:388 [5] NCCL INFO socketProgressOpt: abort called
nccl-intranode-dgx052-skbwq:186:388 [5] NCCL INFO misc/socket.cc:826 -> 3

nccl-intranode-dgx052-skbwq:186:388 [5] proxy.cc:1497 NCCL WARN [Service thread] Could not receive type from localRank 5, res=3, closed=0

nccl-intranode-dgx052-skbwq:186:388 [5] proxy.cc:1521 NCCL WARN [Proxy Service 5] Failed to execute operation Close from rank 5, retcode 3
nccl-intranode-dgx052-skbwq:183:418 [2] NCCL INFO comm 0x560301257f70 rank 2 nranks 8 cudaDev 2 busId 52000 - Abort COMPLETE
nccl-intranode-dgx052-skbwq:183:418 [2] NCCL INFO NET/Plugin: Closing net plugin 'IBext_v8'
nccl-intranode-dgx052-skbwq:183:418 [2] NCCL INFO NET/Plugin: Closing collnet plugin 'SHARP'
nccl-intranode-dgx052-skbwq:181:415 [0] NCCL INFO comm 0x5627f416ef20 rank 0 nranks 8 cudaDev 0 busId 1b000 - Abort COMPLETE
nccl-intranode-dgx052-skbwq:181:415 [0] NCCL INFO NET/Plugin: Closing net plugin 'IBext_v8'
nccl-intranode-dgx052-skbwq:181:415 [0] NCCL INFO NET/Plugin: Closing collnet plugin 'SHARP'

  done.
nccl-intranode-dgx052-skbwq:182:419 [1] NCCL INFO comm 0x556b95a531c0 rank 1 nranks 8 cudaDev 1 busId 43000 - Abort COMPLETE
nccl-intranode-dgx052-skbwq:182:419 [1] NCCL INFO NET/Plugin: Closing net plugin 'IBext_v8'
nccl-intranode-dgx052-skbwq:182:419 [1] NCCL INFO NET/Plugin: Closing collnet plugin 'SHARP'
nccl-intranode-dgx052-skbwq:188:417 [7] NCCL INFO comm 0x56009947cc10 rank 7 nranks 8 cudaDev 7 busId df000 - Abort COMPLETE
nccl-intranode-dgx052-skbwq:188:417 [7] NCCL INFO NET/Plugin: Closing net plugin 'IBext_v8'
nccl-intranode-dgx052-skbwq:188:417 [7] NCCL INFO NET/Plugin: Closing collnet plugin 'SHARP'
nccl-intranode-dgx052-skbwq:187:420 [6] NCCL INFO comm 0x557dcdfdf360 rank 6 nranks 8 cudaDev 6 busId d1000 - Abort COMPLETE
nccl-intranode-dgx052-skbwq:187:420 [6] NCCL INFO NET/Plugin: Closing net plugin 'IBext_v8'
nccl-intranode-dgx052-skbwq:187:420 [6] NCCL INFO NET/Plugin: Closing collnet plugin 'SHARP'
nccl-intranode-dgx052-skbwq:186:421 [5] NCCL INFO comm 0x5573242d4e30 rank 5 nranks 8 cudaDev 5 busId c3000 - Abort COMPLETE
nccl-intranode-dgx052-skbwq:186:421 [5] NCCL INFO NET/Plugin: Closing net plugin 'IBext_v8'
nccl-intranode-dgx052-skbwq:186:421 [5] NCCL INFO NET/Plugin: Closing collnet plugin 'SHARP'
nccl-intranode-dgx052-skbwq:184:416 [3] NCCL INFO comm 0x5596fbdab5d0 rank 3 nranks 8 cudaDev 3 busId 61000 - Abort COMPLETE
nccl-intranode-dgx052-skbwq:184:416 [3] NCCL INFO NET/Plugin: Closing net plugin 'IBext_v8'
nccl-intranode-dgx052-skbwq:184:416 [3] NCCL INFO NET/Plugin: Closing collnet plugin 'SHARP'
nccl-intranode-dgx052-skbwq:185:414 [4] NCCL INFO comm 0x557dd14edbe0 rank 4 nranks 8 cudaDev 4 busId 9d000 - Abort COMPLETE
nccl-intranode-dgx052-skbwq:185:414 [4] NCCL INFO NET/Plugin: Closing net plugin 'IBext_v8'
nccl-intranode-dgx052-skbwq:185:414 [4] NCCL INFO NET/Plugin: Closing collnet plugin 'SHARP'
ERROR: init 250 result=11