dgx052:178:395 [1] NCCL INFO Connected to proxy localRank 1 -> connection 0x7f01e8006110
dgx052:177:401 [0] NCCL INFO Connected to proxy localRank 0 -> connection 0x7f9f1c006188
dgx052:180:392 [3] NCCL INFO New proxy send connection 30 from local rank 3, transport 2
dgx052:178:380 [1] NCCL INFO NET/IB : GPU Direct RDMA (DMABUF) enabled for HCA 2 'mlx5_3
dgx052:179:388 [2] NCCL INFO NET/IB : GPU Direct RDMA (DMABUF) enabled for HCA 3 'mlx5_4
dgx052:178:395 [1] NCCL INFO Channel 10/0 : 1[1] -> 9[1] [send] via NET/IBext_v8/2/GDRDMA
dgx052:178:395 [1] NCCL INFO GPU Direct RDMA Enabled for GPU 43000 / HCA 2 (distance 4 <= 4), read 1
dgx052:180:397 [3] NCCL INFO Connected to proxy localRank 3 -> connection 0x7fa5c4005d50
dgx052:179:398 [2] NCCL INFO Channel 02/0 : 2[2] -> 10[2] [send] via NET/IBext_v8/3/GDRDMA
dgx052:179:398 [2] NCCL INFO GPU Direct RDMA Enabled for GPU 52000 / HCA 3 (distance 4 <= 4), read 1
dgx052:177:386 [0] NCCL INFO NET/IB : GPU Direct RDMA (DMABUF) enabled for HCA 0 'mlx5_0
dgx052:177:401 [0] NCCL INFO Channel 11/0 : 0[0] -> 8[0] [send] via NET/IBext_v8/0/GDRDMA
dgx052:177:401 [0] NCCL INFO GPU Direct RDMA Enabled for GPU 1b000 / HCA 0 (distance 4 <= 4), read 1
dgx052:178:380 [1] NCCL INFO New proxy send connection 39 from local rank 1, transport 2
dgx052:180:392 [3] NCCL INFO NET/IB : GPU Direct RDMA (DMABUF) enabled for HCA 4 'mlx5_5
dgx052:178:395 [1] NCCL INFO Connected to proxy localRank 1 -> connection 0x7f01e8006188
dgx052:179:388 [2] NCCL INFO New proxy send connection 31 from local rank 2, transport 2
dgx052:177:386 [0] NCCL INFO New proxy send connection 40 from local rank 0, transport 2
dgx052:180:397 [3] NCCL INFO Channel 02/0 : 3[3] -> 11[3] [send] via NET/IBext_v8/4/GDRDMA
dgx052:180:397 [3] NCCL INFO GPU Direct RDMA Enabled for GPU 61000 / HCA 4 (distance 4 <= 4), read 1
dgx052:179:398 [2] NCCL INFO Connected to proxy localRank 2 -> connection 0x7fae98005dc8
dgx052:177:401 [0] NCCL INFO Connected to proxy localRank 0 -> connection 0x7f9f1c006200
dgx052:178:380 [1] NCCL INFO NET/IB : GPU Direct RDMA (DMABUF) enabled for HCA 2 'mlx5_3
dgx052:178:395 [1] NCCL INFO Channel 11/0 : 1[1] -> 9[1] [send] via NET/IBext_v8/2/GDRDMA
dgx052:178:395 [1] NCCL INFO GPU Direct RDMA Enabled for GPU 43000 / HCA 2 (distance 4 <= 4), read 1
dgx052:180:392 [3] NCCL INFO New proxy send connection 31 from local rank 3, transport 2
dgx052:177:386 [0] NCCL INFO NET/IB : GPU Direct RDMA (DMABUF) enabled for HCA 0 'mlx5_0
dgx052:177:401 [0] NCCL INFO Channel 12/0 : 0[0] -> 8[0] [send] via NET/IBext_v8/0/GDRDMA
dgx052:177:401 [0] NCCL INFO GPU Direct RDMA Enabled for GPU 1b000 / HCA 0 (distance 4 <= 4), read 1
dgx052:179:388 [2] NCCL INFO NET/IB : GPU Direct RDMA (DMABUF) enabled for HCA 3 'mlx5_4
dgx052:180:397 [3] NCCL INFO Connected to proxy localRank 3 -> connection 0x7fa5c4005dc8
dgx052:179:398 [2] NCCL INFO Channel 03/0 : 2[2] -> 10[2] [send] via NET/IBext_v8/3/GDRDMA
dgx052:178:380 [1] NCCL INFO New proxy send connection 40 from local rank 1, transport 2
dgx052:179:398 [2] NCCL INFO GPU Direct RDMA Enabled for GPU 52000 / HCA 3 (distance 4 <= 4), read 1
dgx052:178:395 [1] NCCL INFO Connected to proxy localRank 1 -> connection 0x7f01e8006200
dgx052:177:386 [0] NCCL INFO New proxy send connection 41 from local rank 0, transport 2
dgx052:177:401 [0] NCCL INFO Connected to proxy localRank 0 -> connection 0x7f9f1c006278
dgx052:180:392 [3] NCCL INFO NET/IB : GPU Direct RDMA (DMABUF) enabled for HCA 4 'mlx5_5
dgx052:180:397 [3] NCCL INFO Channel 03/0 : 3[3] -> 11[3] [send] via NET/IBext_v8/4/GDRDMA
dgx052:179:388 [2] NCCL INFO New proxy send connection 32 from local rank 2, transport 2
dgx052:180:397 [3] NCCL INFO GPU Direct RDMA Enabled for GPU 61000 / HCA 4 (distance 4 <= 4), read 1
dgx052:183:384 [6] NCCL INFO NCCL_IB_QPS_PER_CONNECTION set by environment to 8.
dgx052:179:398 [2] NCCL INFO Connected to proxy localRank 2 -> connection 0x7fae98005e40
dgx052:177:386 [0] NCCL INFO NET/IB : GPU Direct RDMA (DMABUF) enabled for HCA 0 'mlx5_0
dgx052:178:380 [1] NCCL INFO NET/IB : GPU Direct RDMA (DMABUF) enabled for HCA 2 'mlx5_3
dgx052:177:401 [0] NCCL INFO Channel 13/0 : 0[0] -> 8[0] [send] via NET/IBext_v8/0/GDRDMA
dgx052:177:401 [0] NCCL INFO GPU Direct RDMA Enabled for GPU 1b000 / HCA 0 (distance 4 <= 4), read 1
dgx052:178:395 [1] NCCL INFO Channel 12/0 : 1[1] -> 9[1] [send] via NET/IBext_v8/2/GDRDMA
dgx052:178:395 [1] NCCL INFO GPU Direct RDMA Enabled for GPU 43000 / HCA 2 (distance 4 <= 4), read 1
dgx052:180:392 [3] NCCL INFO New proxy send connection 32 from local rank 3, transport 2
dgx052:180:397 [3] NCCL INFO Connected to proxy localRank 3 -> connection 0x7fa5c4005e40
dgx052:179:388 [2] NCCL INFO NET/IB : GPU Direct RDMA (DMABUF) enabled for HCA 3 'mlx5_4
dgx052:177:386 [0] NCCL INFO New proxy send connection 42 from local rank 0, transport 2
dgx052:178:380 [1] NCCL INFO New proxy send connection 41 from local rank 1, transport 2
dgx052:179:398 [2] NCCL INFO Channel 04/0 : 2[2] -> 10[2] [send] via NET/IBext_v8/3/GDRDMA
dgx052:179:398 [2] NCCL INFO GPU Direct RDMA Enabled for GPU 52000 / HCA 3 (distance 4 <= 4), read 1
dgx052:177:401 [0] NCCL INFO Connected to proxy localRank 0 -> connection 0x7f9f1c0062f0
dgx052:178:395 [1] NCCL INFO Connected to proxy localRank 1 -> connection 0x7f01e8006278
dgx052:180:392 [3] NCCL INFO NET/IB : GPU Direct RDMA (DMABUF) enabled for HCA 4 'mlx5_5
dgx052:180:397 [3] NCCL INFO Channel 04/0 : 3[3] -> 11[3] [send] via NET/IBext_v8/4/GDRDMA
dgx052:180:397 [3] NCCL INFO GPU Direct RDMA Enabled for GPU 61000 / HCA 4 (distance 4 <= 4), read 1
dgx052:177:386 [0] NCCL INFO NET/IB : GPU Direct RDMA (DMABUF) enabled for HCA 0 'mlx5_0
dgx052:179:388 [2] NCCL INFO New proxy send connection 33 from local rank 2, transport 2
dgx052:178:380 [1] NCCL INFO NET/IB : GPU Direct RDMA (DMABUF) enabled for HCA 2 'mlx5_3
dgx052:177:401 [0] NCCL INFO Channel 14/0 : 0[0] -> 8[0] [send] via NET/IBext_v8/0/GDRDMA
dgx052:177:401 [0] NCCL INFO GPU Direct RDMA Enabled for GPU 1b000 / HCA 0 (distance 4 <= 4), read 1
dgx052:178:395 [1] NCCL INFO Channel 13/0 : 1[1] -> 9[1] [send] via NET/IBext_v8/2/GDRDMA
dgx052:178:395 [1] NCCL INFO GPU Direct RDMA Enabled for GPU 43000 / HCA 2 (distance 4 <= 4), read 1
dgx052:179:398 [2] NCCL INFO Connected to proxy localRank 2 -> connection 0x7fae98005eb8
dgx052:177:386 [0] NCCL INFO New proxy send connection 43 from local rank 0, transport 2
dgx052:178:380 [1] NCCL INFO New proxy send connection 42 from local rank 1, transport 2
dgx052:180:392 [3] NCCL INFO New proxy send connection 33 from local rank 3, transport 2
dgx052:177:401 [0] NCCL INFO Connected to proxy localRank 0 -> connection 0x7f9f1c006368
dgx052:178:395 [1] NCCL INFO Connected to proxy localRank 1 -> connection 0x7f01e80062f0
dgx052:180:397 [3] NCCL INFO Connected to proxy localRank 3 -> connection 0x7fa5c4005eb8
dgx052:179:388 [2] NCCL INFO NET/IB : GPU Direct RDMA (DMABUF) enabled for HCA 3 'mlx5_4
dgx052:179:398 [2] NCCL INFO Channel 05/0 : 2[2] -> 10[2] [send] via NET/IBext_v8/3/GDRDMA
dgx052:179:398 [2] NCCL INFO GPU Direct RDMA Enabled for GPU 52000 / HCA 3 (distance 4 <= 4), read 1
dgx052:177:386 [0] NCCL INFO NET/IB : GPU Direct RDMA (DMABUF) enabled for HCA 0 'mlx5_0
dgx052:178:380 [1] NCCL INFO NET/IB : GPU Direct RDMA (DMABUF) enabled for HCA 2 'mlx5_3
dgx052:177:401 [0] NCCL INFO Channel 15/0 : 0[0] -> 8[0] [send] via NET/IBext_v8/0/GDRDMA
dgx052:178:395 [1] NCCL INFO Channel 14/0 : 1[1] -> 9[1] [send] via NET/IBext_v8/2/GDRDMA
dgx052:177:401 [0] NCCL INFO GPU Direct RDMA Enabled for GPU 1b000 / HCA 0 (distance 4 <= 4), read 1
dgx052:178:395 [1] NCCL INFO GPU Direct RDMA Enabled for GPU 43000 / HCA 2 (distance 4 <= 4), read 1
dgx052:180:392 [3] NCCL INFO NET/IB : GPU Direct RDMA (DMABUF) enabled for HCA 4 'mlx5_5
dgx052:180:397 [3] NCCL INFO Channel 05/0 : 3[3] -> 11[3] [send] via NET/IBext_v8/4/GDRDMA
dgx052:180:397 [3] NCCL INFO GPU Direct RDMA Enabled for GPU 61000 / HCA 4 (distance 4 <= 4), read 1
dgx052:179:388 [2] NCCL INFO New proxy send connection 34 from local rank 2, transport 2
dgx052:179:398 [2] NCCL INFO Connected to proxy localRank 2 -> connection 0x7fae98005f30
dgx052:178:380 [1] NCCL INFO New proxy send connection 43 from local rank 1, transport 2
dgx052:177:386 [0] NCCL INFO New proxy send connection 44 from local rank 0, transport 2
dgx052:177:401 [0] NCCL INFO Connected to proxy localRank 0 -> connection 0x7f9f1c0063e0
dgx052:178:395 [1] NCCL INFO Connected to proxy localRank 1 -> connection 0x7f01e8006368
dgx052:180:392 [3] NCCL INFO New proxy send connection 34 from local rank 3, transport 2
dgx052:180:397 [3] NCCL INFO Connected to proxy localRank 3 -> connection 0x7fa5c4005f30
dgx052:179:388 [2] NCCL INFO NET/IB : GPU Direct RDMA (DMABUF) enabled for HCA 3 'mlx5_4
dgx052:177:386 [0] NCCL INFO NET/IB : GPU Direct RDMA (DMABUF) enabled for HCA 0 'mlx5_0
dgx052:178:380 [1] NCCL INFO NET/IB : GPU Direct RDMA (DMABUF) enabled for HCA 2 'mlx5_3
dgx052:179:398 [2] NCCL INFO Channel 06/0 : 2[2] -> 10[2] [send] via NET/IBext_v8/3/GDRDMA
dgx052:179:398 [2] NCCL INFO GPU Direct RDMA Enabled for GPU 52000 / HCA 3 (distance 4 <= 4), read 1
dgx052:177:401 [0] NCCL INFO Channel 16/0 : 0[0] -> 8[0] [send] via NET/IBext_v8/0/GDRDMA
dgx052:178:395 [1] NCCL INFO Channel 15/0 : 1[1] -> 9[1] [send] via NET/IBext_v8/2/GDRDMA
dgx052:177:401 [0] NCCL INFO GPU Direct RDMA Enabled for GPU 1b000 / HCA 0 (distance 4 <= 4), read 1
dgx052:178:395 [1] NCCL INFO GPU Direct RDMA Enabled for GPU 43000 / HCA 2 (distance 4 <= 4), read 1
dgx052:180:392 [3] NCCL INFO NET/IB : GPU Direct RDMA (DMABUF) enabled for HCA 4 'mlx5_5
dgx052:180:397 [3] NCCL INFO Channel 06/0 : 3[3] -> 11[3] [send] via NET/IBext_v8/4/GDRDMA
dgx052:180:397 [3] NCCL INFO GPU Direct RDMA Enabled for GPU 61000 / HCA 4 (distance 4 <= 4), read 1
dgx052:177:386 [0] NCCL INFO New proxy send connection 45 from local rank 0, transport 2
dgx052:178:380 [1] NCCL INFO New proxy send connection 44 from local rank 1, transport 2
dgx052:179:388 [2] NCCL INFO New proxy send connection 35 from local rank 2, transport 2
dgx052:178:395 [1] NCCL INFO Connected to proxy localRank 1 -> connection 0x7f01e80063e0
dgx052:177:401 [0] NCCL INFO Connected to proxy localRank 0 -> connection 0x7f9f1c006458
dgx052:179:398 [2] NCCL INFO Connected to proxy localRank 2 -> connection 0x7fae98005fa8
dgx052:180:392 [3] NCCL INFO New proxy send connection 35 from local rank 3, transport 2
dgx052:178:380 [1] NCCL INFO NET/IB : GPU Direct RDMA (DMABUF) enabled for HCA 2 'mlx5_3
dgx052:177:386 [0] NCCL INFO NET/IB : GPU Direct RDMA (DMABUF) enabled for HCA 0 'mlx5_0
dgx052:178:395 [1] NCCL INFO Channel 16/0 : 1[1] -> 9[1] [send] via NET/IBext_v8/2/GDRDMA
dgx052:177:401 [0] NCCL INFO Channel 17/0 : 0[0] -> 8[0] [send] via NET/IBext_v8/0/GDRDMA
dgx052:178:395 [1] NCCL INFO GPU Direct RDMA Enabled for GPU 43000 / HCA 2 (distance 4 <= 4), read 1
dgx052:177:401 [0] NCCL INFO GPU Direct RDMA Enabled for GPU 1b000 / HCA 0 (distance 4 <= 4), read 1
dgx052:180:397 [3] NCCL INFO Connected to proxy localRank 3 -> connection 0x7fa5c4005fa8
dgx052:179:388 [2] NCCL INFO NET/IB : GPU Direct RDMA (DMABUF) enabled for HCA 3 'mlx5_4
dgx052:179:398 [2] NCCL INFO Channel 07/0 : 2[2] -> 10[2] [send] via NET/IBext_v8/3/GDRDMA
dgx052:179:398 [2] NCCL INFO GPU Direct RDMA Enabled for GPU 52000 / HCA 3 (distance 4 <= 4), read 1
dgx052:178:380 [1] NCCL INFO New proxy send connection 45 from local rank 1, transport 2
dgx052:177:386 [0] NCCL INFO New proxy send connection 46 from local rank 0, transport 2
dgx052:177:401 [0] NCCL INFO Connected to proxy localRank 0 -> connection 0x7f9f1c0064d0
dgx052:178:395 [1] NCCL INFO Connected to proxy localRank 1 -> connection 0x7f01e8006458
dgx052:180:392 [3] NCCL INFO NET/IB : GPU Direct RDMA (DMABUF) enabled for HCA 4 'mlx5_5
dgx052:180:397 [3] NCCL INFO Channel 07/0 : 3[3] -> 11[3] [send] via NET/IBext_v8/4/GDRDMA
dgx052:180:397 [3] NCCL INFO GPU Direct RDMA Enabled for GPU 61000 / HCA 4 (distance 4 <= 4), read 1
dgx052:179:388 [2] NCCL INFO New proxy send connection 36 from local rank 2, transport 2
dgx052:177:386 [0] NCCL INFO NET/IB : GPU Direct RDMA (DMABUF) enabled for HCA 0 'mlx5_0
dgx052:178:380 [1] NCCL INFO NET/IB : GPU Direct RDMA (DMABUF) enabled for HCA 2 'mlx5_3
dgx052:179:398 [2] NCCL INFO Connected to proxy localRank 2 -> connection 0x7fae98006020
dgx052:177:401 [0] NCCL INFO Channel 18/0 : 0[0] -> 8[0] [send] via NET/IBext_v8/0/GDRDMA
dgx052:178:395 [1] NCCL INFO Channel 17/0 : 1[1] -> 9[1] [send] via NET/IBext_v8/2/GDRDMA
dgx052:177:401 [0] NCCL INFO GPU Direct RDMA Enabled for GPU 1b000 / HCA 0 (distance 4 <= 4), read 1
dgx052:178:395 [1] NCCL INFO GPU Direct RDMA Enabled for GPU 43000 / HCA 2 (distance 4 <= 4), read 1
dgx052:180:392 [3] NCCL INFO New proxy send connection 36 from local rank 3, transport 2
dgx052:180:397 [3] NCCL INFO Connected to proxy localRank 3 -> connection 0x7fa5c4006020
dgx052:178:380 [1] NCCL INFO New proxy send connection 46 from local rank 1, transport 2
dgx052:177:386 [0] NCCL INFO New proxy send connection 47 from local rank 0, transport 2
dgx052:179:388 [2] NCCL INFO NET/IB : GPU Direct RDMA (DMABUF) enabled for HCA 3 'mlx5_4
dgx052:178:395 [1] NCCL INFO Connected to proxy localRank 1 -> connection 0x7f01e80064d0
dgx052:177:401 [0] NCCL INFO Connected to proxy localRank 0 -> connection 0x7f9f1c006548
dgx052:179:398 [2] NCCL INFO Channel 08/0 : 2[2] -> 10[2] [send] via NET/IBext_v8/3/GDRDMA
dgx052:179:398 [2] NCCL INFO GPU Direct RDMA Enabled for GPU 52000 / HCA 3 (distance 4 <= 4), read 1
dgx052:180:392 [3] NCCL INFO NET/IB : GPU Direct RDMA (DMABUF) enabled for HCA 4 'mlx5_5
dgx052:180:397 [3] NCCL INFO Channel 08/0 : 3[3] -> 11[3] [send] via NET/IBext_v8/4/GDRDMA
dgx052:180:397 [3] NCCL INFO GPU Direct RDMA Enabled for GPU 61000 / HCA 4 (distance 4 <= 4), read 1
dgx052:178:380 [1] NCCL INFO NET/IB : GPU Direct RDMA (DMABUF) enabled for HCA 2 'mlx5_3
dgx052:177:386 [0] NCCL INFO NET/IB : GPU Direct RDMA (DMABUF) enabled for HCA 0 'mlx5_0
dgx052:178:395 [1] NCCL INFO Channel 18/0 : 1[1] -> 9[1] [send] via NET/IBext_v8/2/GDRDMA
dgx052:177:401 [0] NCCL INFO Channel 19/0 : 0[0] -> 8[0] [send] via NET/IBext_v8/0/GDRDMA
dgx052:178:395 [1] NCCL INFO GPU Direct RDMA Enabled for GPU 43000 / HCA 2 (distance 4 <= 4), read 1
dgx052:177:401 [0] NCCL INFO GPU Direct RDMA Enabled for GPU 1b000 / HCA 0 (distance 4 <= 4), read 1
dgx052:179:388 [2] NCCL INFO New proxy send connection 37 from local rank 2, transport 2
dgx052:179:398 [2] NCCL INFO Connected to proxy localRank 2 -> connection 0x7fae98006098
dgx052:180:392 [3] NCCL INFO New proxy send connection 37 from local rank 3, transport 2
dgx052:178:380 [1] NCCL INFO New proxy send connection 47 from local rank 1, transport 2
dgx052:177:386 [0] NCCL INFO New proxy send connection 48 from local rank 0, transport 2
dgx052:180:397 [3] NCCL INFO Connected to proxy localRank 3 -> connection 0x7fa5c4006098
dgx052:178:395 [1] NCCL INFO Connected to proxy localRank 1 -> connection 0x7f01e8006548
dgx052:177:401 [0] NCCL INFO Connected to proxy localRank 0 -> connection 0x7f9f1c0065c0
dgx052:179:388 [2] NCCL INFO NET/IB : GPU Direct RDMA (DMABUF) enabled for HCA 3 'mlx5_4
dgx052:179:398 [2] NCCL INFO Channel 09/0 : 2[2] -> 10[2] [send] via NET/IBext_v8/3/GDRDMA
dgx052:179:398 [2] NCCL INFO GPU Direct RDMA Enabled for GPU 52000 / HCA 3 (distance 4 <= 4), read 1
dgx052:178:380 [1] NCCL INFO NET/IB : GPU Direct RDMA (DMABUF) enabled for HCA 2 'mlx5_3
dgx052:177:386 [0] NCCL INFO NET/IB : GPU Direct RDMA (DMABUF) enabled for HCA 0 'mlx5_0
dgx052:180:392 [3] NCCL INFO NET/IB : GPU Direct RDMA (DMABUF) enabled for HCA 4 'mlx5_5
dgx052:178:395 [1] NCCL INFO Channel 19/0 : 1[1] -> 9[1] [send] via NET/IBext_v8/2/GDRDMA
dgx052:178:395 [1] NCCL INFO GPU Direct RDMA Enabled for GPU 43000 / HCA 2 (distance 4 <= 4), read 1
dgx052:177:401 [0] NCCL INFO Channel 20/0 : 0[0] -> 8[0] [send] via NET/IBext_v8/0/GDRDMA
dgx052:180:397 [3] NCCL INFO Channel 09/0 : 3[3] -> 11[3] [send] via NET/IBext_v8/4/GDRDMA
dgx052:177:401 [0] NCCL INFO GPU Direct RDMA Enabled for GPU 1b000 / HCA 0 (distance 4 <= 4), read 1
dgx052:180:397 [3] NCCL INFO GPU Direct RDMA Enabled for GPU 61000 / HCA 4 (distance 4 <= 4), read 1
dgx052:179:388 [2] NCCL INFO New proxy send connection 38 from local rank 2, transport 2
dgx052:178:380 [1] NCCL INFO New proxy send connection 48 from local rank 1, transport 2
dgx052:177:386 [0] NCCL INFO New proxy send connection 49 from local rank 0, transport 2
dgx052:179:398 [2] NCCL INFO Connected to proxy localRank 2 -> connection 0x7fae98006110
dgx052:178:395 [1] NCCL INFO Connected to proxy localRank 1 -> connection 0x7f01e80065c0
dgx052:180:392 [3] NCCL INFO New proxy send connection 38 from local rank 3, transport 2
dgx052:177:401 [0] NCCL INFO Connected to proxy localRank 0 -> connection 0x7f9f1c006638
dgx052:180:397 [3] NCCL INFO Connected to proxy localRank 3 -> connection 0x7fa5c4006110
dgx052:178:380 [1] NCCL INFO NET/IB : GPU Direct RDMA (DMABUF) enabled for HCA 2 'mlx5_3
dgx052:177:386 [0] NCCL INFO NET/IB : GPU Direct RDMA (DMABUF) enabled for HCA 0 'mlx5_0
dgx052:178:395 [1] NCCL INFO Channel 20/0 : 1[1] -> 9[1] [send] via NET/IBext_v8/2/GDRDMA
dgx052:178:395 [1] NCCL INFO GPU Direct RDMA Enabled for GPU 43000 / HCA 2 (distance 4 <= 4), read 1
dgx052:177:401 [0] NCCL INFO Channel 21/0 : 0[0] -> 8[0] [send] via NET/IBext_v8/0/GDRDMA
dgx052:179:388 [2] NCCL INFO NET/IB : GPU Direct RDMA (DMABUF) enabled for HCA 3 'mlx5_4
dgx052:177:401 [0] NCCL INFO GPU Direct RDMA Enabled for GPU 1b000 / HCA 0 (distance 4 <= 4), read 1
dgx052:179:398 [2] NCCL INFO Channel 10/0 : 2[2] -> 10[2] [send] via NET/IBext_v8/3/GDRDMA
dgx052:179:398 [2] NCCL INFO GPU Direct RDMA Enabled for GPU 52000 / HCA 3 (distance 4 <= 4), read 1
dgx052:180:392 [3] NCCL INFO NET/IB : GPU Direct RDMA (DMABUF) enabled for HCA 4 'mlx5_5
dgx052:180:397 [3] NCCL INFO Channel 10/0 : 3[3] -> 11[3] [send] via NET/IBext_v8/4/GDRDMA
dgx052:180:397 [3] NCCL INFO GPU Direct RDMA Enabled for GPU 61000 / HCA 4 (distance 4 <= 4), read 1
dgx052:178:380 [1] NCCL INFO New proxy send connection 49 from local rank 1, transport 2
dgx052:177:386 [0] NCCL INFO New proxy send connection 50 from local rank 0, transport 2
dgx052:178:395 [1] NCCL INFO Connected to proxy localRank 1 -> connection 0x7f01e8006638
dgx052:177:401 [0] NCCL INFO Connected to proxy localRank 0 -> connection 0x7f9f1c0066b0
dgx052:179:388 [2] NCCL INFO New proxy send connection 39 from local rank 2, transport 2
dgx052:180:392 [3] NCCL INFO New proxy send connection 39 from local rank 3, transport 2
dgx052:179:398 [2] NCCL INFO Connected to proxy localRank 2 -> connection 0x7fae98006188
dgx052:178:380 [1] NCCL INFO NET/IB : GPU Direct RDMA (DMABUF) enabled for HCA 2 'mlx5_3
dgx052:180:397 [3] NCCL INFO Connected to proxy localRank 3 -> connection 0x7fa5c4006188
dgx052:177:386 [0] NCCL INFO NET/IB : GPU Direct RDMA (DMABUF) enabled for HCA 0 'mlx5_0
dgx052:178:395 [1] NCCL INFO Channel 21/0 : 1[1] -> 9[1] [send] via NET/IBext_v8/2/GDRDMA
dgx052:178:395 [1] NCCL INFO GPU Direct RDMA Enabled for GPU 43000 / HCA 2 (distance 4 <= 4), read 1
dgx052:177:401 [0] NCCL INFO Channel 22/0 : 0[0] -> 8[0] [send] via NET/IBext_v8/0/GDRDMA
dgx052:177:401 [0] NCCL INFO GPU Direct RDMA Enabled for GPU 1b000 / HCA 0 (distance 4 <= 4), read 1
dgx052:179:388 [2] NCCL INFO NET/IB : GPU Direct RDMA (DMABUF) enabled for HCA 3 'mlx5_4
dgx052:178:380 [1] NCCL INFO New proxy send connection 50 from local rank 1, transport 2
dgx052:179:398 [2] NCCL INFO Channel 11/0 : 2[2] -> 10[2] [send] via NET/IBext_v8/3/GDRDMA
dgx052:177:386 [0] NCCL INFO New proxy send connection 51 from local rank 0, transport 2
dgx052:180:392 [3] NCCL INFO NET/IB : GPU Direct RDMA (DMABUF) enabled for HCA 4 'mlx5_5
dgx052:179:398 [2] NCCL INFO GPU Direct RDMA Enabled for GPU 52000 / HCA 3 (distance 4 <= 4), read 1
dgx052:178:395 [1] NCCL INFO Connected to proxy localRank 1 -> connection 0x7f01e80066b0
dgx052:180:397 [3] NCCL INFO Channel 11/0 : 3[3] -> 11[3] [send] via NET/IBext_v8/4/GDRDMA
dgx052:180:397 [3] NCCL INFO GPU Direct RDMA Enabled for GPU 61000 / HCA 4 (distance 4 <= 4), read 1
dgx052:177:401 [0] NCCL INFO Connected to proxy localRank 0 -> connection 0x7f9f1c006728
dgx052:178:380 [1] NCCL INFO NET/IB : GPU Direct RDMA (DMABUF) enabled for HCA 2 'mlx5_3
dgx052:179:388 [2] NCCL INFO New proxy send connection 40 from local rank 2, transport 2
dgx052:177:386 [0] NCCL INFO NET/IB : GPU Direct RDMA (DMABUF) enabled for HCA 0 'mlx5_0
dgx052:178:395 [1] NCCL INFO Channel 22/0 : 1[1] -> 9[1] [send] via NET/IBext_v8/2/GDRDMA
dgx052:178:395 [1] NCCL INFO GPU Direct RDMA Enabled for GPU 43000 / HCA 2 (distance 4 <= 4), read 1
dgx052:180:392 [3] NCCL INFO New proxy send connection 40 from local rank 3, transport 2
dgx052:177:401 [0] NCCL INFO Channel 23/0 : 0[0] -> 8[0] [send] via NET/IBext_v8/0/GDRDMA
dgx052:177:401 [0] NCCL INFO GPU Direct RDMA Enabled for GPU 1b000 / HCA 0 (distance 4 <= 4), read 1
dgx052:179:398 [2] NCCL INFO Connected to proxy localRank 2 -> connection 0x7fae98006200
dgx052:180:397 [3] NCCL INFO Connected to proxy localRank 3 -> connection 0x7fa5c4006200
dgx052:178:380 [1] NCCL INFO New proxy send connection 51 from local rank 1, transport 2
dgx052:177:386 [0] NCCL INFO New proxy send connection 52 from local rank 0, transport 2
dgx052:178:395 [1] NCCL INFO Connected to proxy localRank 1 -> connection 0x7f01e8006728
dgx052:177:401 [0] NCCL INFO Connected to proxy localRank 0 -> connection 0x7f9f1c0067a0
dgx052:179:388 [2] NCCL INFO NET/IB : GPU Direct RDMA (DMABUF) enabled for HCA 3 'mlx5_4
dgx052:179:398 [2] NCCL INFO Channel 12/0 : 2[2] -> 10[2] [send] via NET/IBext_v8/3/GDRDMA
dgx052:180:392 [3] NCCL INFO NET/IB : GPU Direct RDMA (DMABUF) enabled for HCA 4 'mlx5_5
dgx052:179:398 [2] NCCL INFO GPU Direct RDMA Enabled for GPU 52000 / HCA 3 (distance 4 <= 4), read 1
dgx052:180:397 [3] NCCL INFO Channel 12/0 : 3[3] -> 11[3] [send] via NET/IBext_v8/4/GDRDMA
dgx052:180:397 [3] NCCL INFO GPU Direct RDMA Enabled for GPU 61000 / HCA 4 (distance 4 <= 4), read 1
dgx052:178:380 [1] NCCL INFO NET/IB : GPU Direct RDMA (DMABUF) enabled for HCA 2 'mlx5_3
dgx052:177:386 [0] NCCL INFO NET/IB : GPU Direct RDMA (DMABUF) enabled for HCA 0 'mlx5_0
dgx052:178:395 [1] NCCL INFO Channel 23/0 : 1[1] -> 9[1] [send] via NET/IBext_v8/2/GDRDMA
dgx052:178:395 [1] NCCL INFO GPU Direct RDMA Enabled for GPU 43000 / HCA 2 (distance 4 <= 4), read 1
dgx052:177:401 [0] NCCL INFO Channel 24/0 : 0[0] -> 8[0] [send] via NET/IBext_v8/0/GDRDMA
dgx052:177:401 [0] NCCL INFO GPU Direct RDMA Enabled for GPU 1b000 / HCA 0 (distance 4 <= 4), read 1
dgx052:179:388 [2] NCCL INFO New proxy send connection 41 from local rank 2, transport 2
dgx052:180:392 [3] NCCL INFO New proxy send connection 41 from local rank 3, transport 2
dgx052:178:380 [1] NCCL INFO New proxy send connection 52 from local rank 1, transport 2
dgx052:179:398 [2] NCCL INFO Connected to proxy localRank 2 -> connection 0x7fae98006278
dgx052:177:386 [0] NCCL INFO New proxy send connection 53 from local rank 0, transport 2
dgx052:180:397 [3] NCCL INFO Connected to proxy localRank 3 -> connection 0x7fa5c4006278
dgx052:178:395 [1] NCCL INFO Connected to proxy localRank 1 -> connection 0x7f01e80067a0
dgx052:177:401 [0] NCCL INFO Connected to proxy localRank 0 -> connection 0x7f9f1c006818
dgx052:178:380 [1] NCCL INFO NET/IB : GPU Direct RDMA (DMABUF) enabled for HCA 2 'mlx5_3
dgx052:179:388 [2] NCCL INFO NET/IB : GPU Direct RDMA (DMABUF) enabled for HCA 3 'mlx5_4
dgx052:180:392 [3] NCCL INFO NET/IB : GPU Direct RDMA (DMABUF) enabled for HCA 4 'mlx5_5
dgx052:177:386 [0] NCCL INFO NET/IB : GPU Direct RDMA (DMABUF) enabled for HCA 0 'mlx5_0
dgx052:178:395 [1] NCCL INFO Channel 24/0 : 1[1] -> 9[1] [send] via NET/IBext_v8/2/GDRDMA
dgx052:179:398 [2] NCCL INFO Channel 13/0 : 2[2] -> 10[2] [send] via NET/IBext_v8/3/GDRDMA
dgx052:180:397 [3] NCCL INFO Channel 13/0 : 3[3] -> 11[3] [send] via NET/IBext_v8/4/GDRDMA
dgx052:178:395 [1] NCCL INFO GPU Direct RDMA Enabled for GPU 43000 / HCA 2 (distance 4 <= 4), read 1
dgx052:180:397 [3] NCCL INFO GPU Direct RDMA Enabled for GPU 61000 / HCA 4 (distance 4 <= 4), read 1
dgx052:179:398 [2] NCCL INFO GPU Direct RDMA Enabled for GPU 52000 / HCA 3 (distance 4 <= 4), read 1
dgx052:177:401 [0] NCCL INFO Channel 25/0 : 0[0] -> 8[0] [send] via NET/IBext_v8/0/GDRDMA
dgx052:177:401 [0] NCCL INFO GPU Direct RDMA Enabled for GPU 1b000 / HCA 0 (distance 4 <= 4), read 1
dgx052:178:380 [1] NCCL INFO New proxy send connection 53 from local rank 1, transport 2
dgx052:177:386 [0] NCCL INFO New proxy send connection 54 from local rank 0, transport 2
dgx052:180:392 [3] NCCL INFO New proxy send connection 42 from local rank 3, transport 2
dgx052:178:395 [1] NCCL INFO Connected to proxy localRank 1 -> connection 0x7f01e8006818
dgx052:179:388 [2] NCCL INFO New proxy send connection 42 from local rank 2, transport 2
dgx052:177:401 [0] NCCL INFO Connected to proxy localRank 0 -> connection 0x7f9f1c006890
dgx052:180:397 [3] NCCL INFO Connected to proxy localRank 3 -> connection 0x7fa5c40062f0
dgx052:179:398 [2] NCCL INFO Connected to proxy localRank 2 -> connection 0x7fae980062f0
dgx052:178:380 [1] NCCL INFO NET/IB : GPU Direct RDMA (DMABUF) enabled for HCA 2 'mlx5_3
dgx052:177:386 [0] NCCL INFO NET/IB : GPU Direct RDMA (DMABUF) enabled for HCA 0 'mlx5_0
dgx052:178:395 [1] NCCL INFO Channel 25/0 : 1[1] -> 9[1] [send] via NET/IBext_v8/2/GDRDMA
dgx052:178:395 [1] NCCL INFO GPU Direct RDMA Enabled for GPU 43000 / HCA 2 (distance 4 <= 4), read 1
dgx052:177:401 [0] NCCL INFO Channel 26/0 : 0[0] -> 8[0] [send] via NET/IBext_v8/0/GDRDMA
dgx052:177:401 [0] NCCL INFO GPU Direct RDMA Enabled for GPU 1b000 / HCA 0 (distance 4 <= 4), read 1
dgx052:180:392 [3] NCCL INFO NET/IB : GPU Direct RDMA (DMABUF) enabled for HCA 4 'mlx5_5
dgx052:179:388 [2] NCCL INFO NET/IB : GPU Direct RDMA (DMABUF) enabled for HCA 3 'mlx5_4
dgx052:180:397 [3] NCCL INFO Channel 14/0 : 3[3] -> 11[3] [send] via NET/IBext_v8/4/GDRDMA
dgx052:180:397 [3] NCCL INFO GPU Direct RDMA Enabled for GPU 61000 / HCA 4 (distance 4 <= 4), read 1
dgx052:179:398 [2] NCCL INFO Channel 14/0 : 2[2] -> 10[2] [send] via NET/IBext_v8/3/GDRDMA
dgx052:179:398 [2] NCCL INFO GPU Direct RDMA Enabled for GPU 52000 / HCA 3 (distance 4 <= 4), read 1
dgx052:178:380 [1] NCCL INFO New proxy send connection 54 from local rank 1, transport 2
dgx052:177:386 [0] NCCL INFO New proxy send connection 55 from local rank 0, transport 2
dgx052:178:395 [1] NCCL INFO Connected to proxy localRank 1 -> connection 0x7f01e8006890
dgx052:177:401 [0] NCCL INFO Connected to proxy localRank 0 -> connection 0x7f9f1c006908
dgx052:180:392 [3] NCCL INFO New proxy send connection 43 from local rank 3, transport 2
dgx052:179:388 [2] NCCL INFO New proxy send connection 43 from local rank 2, transport 2
dgx052:178:380 [1] NCCL INFO NET/IB : GPU Direct RDMA (DMABUF) enabled for HCA 2 'mlx5_3
dgx052:180:397 [3] NCCL INFO Connected to proxy localRank 3 -> connection 0x7fa5c4006368
dgx052:178:395 [1] NCCL INFO Channel 26/0 : 1[1] -> 9[1] [send] via NET/IBext_v8/2/GDRDMA
dgx052:179:398 [2] NCCL INFO Connected to proxy localRank 2 -> connection 0x7fae98006368
dgx052:177:386 [0] NCCL INFO NET/IB : GPU Direct RDMA (DMABUF) enabled for HCA 0 'mlx5_0
dgx052:178:395 [1] NCCL INFO GPU Direct RDMA Enabled for GPU 43000 / HCA 2 (distance 4 <= 4), read 1
dgx052:177:401 [0] NCCL INFO Channel 27/0 : 0[0] -> 8[0] [send] via NET/IBext_v8/0/GDRDMA
dgx052:178:380 [1] NCCL INFO New proxy send connection 55 from local rank 1, transport 2
dgx052:180:392 [3] NCCL INFO NET/IB : GPU Direct RDMA (DMABUF) enabled for HCA 4 'mlx5_5
dgx052:180:397 [3] NCCL INFO Channel 15/0 : 3[3] -> 11[3] [send] via NET/IBext_v8/4/GDRDMA
dgx052:179:388 [2] NCCL INFO NET/IB : GPU Direct RDMA (DMABUF) enabled for HCA 3 'mlx5_4
dgx052:180:397 [3] NCCL INFO GPU Direct RDMA Enabled for GPU 61000 / HCA 4 (distance 4 <= 4), read 1
dgx052:178:395 [1] NCCL INFO Connected to proxy localRank 1 -> connection 0x7f01e8006908
dgx052:179:398 [2] NCCL INFO Channel 15/0 : 2[2] -> 10[2] [send] via NET/IBext_v8/3/GDRDMA
dgx052:179:398 [2] NCCL INFO GPU Direct RDMA Enabled for GPU 52000 / HCA 3 (distance 4 <= 4), read 1
dgx052:178:380 [1] NCCL INFO NET/IB : GPU Direct RDMA (DMABUF) enabled for HCA 2 'mlx5_3
dgx052:180:392 [3] NCCL INFO New proxy send connection 44 from local rank 3, transport 2
dgx052:178:395 [1] NCCL INFO Channel 27/0 : 1[1] -> 9[1] [send] via NET/IBext_v8/2/GDRDMA
dgx052:179:388 [2] NCCL INFO New proxy send connection 44 from local rank 2, transport 2
dgx052:180:397 [3] NCCL INFO Connected to proxy localRank 3 -> connection 0x7fa5c40063e0
dgx052:179:398 [2] NCCL INFO Connected to proxy localRank 2 -> connection 0x7fae980063e0
dgx052:180:392 [3] NCCL INFO NET/IB : GPU Direct RDMA (DMABUF) enabled for HCA 4 'mlx5_5
dgx052:180:397 [3] NCCL INFO Channel 16/0 : 3[3] -> 11[3] [send] via NET/IBext_v8/4/GDRDMA
dgx052:180:397 [3] NCCL INFO GPU Direct RDMA Enabled for GPU 61000 / HCA 4 (distance 4 <= 4), read 1
dgx052:179:388 [2] NCCL INFO NET/IB : GPU Direct RDMA (DMABUF) enabled for HCA 3 'mlx5_4
dgx052:179:398 [2] NCCL INFO Channel 16/0 : 2[2] -> 10[2] [send] via NET/IBext_v8/3/GDRDMA
dgx052:179:398 [2] NCCL INFO GPU Direct RDMA Enabled for GPU 52000 / HCA 3 (distance 4 <= 4), read 1
dgx052:180:392 [3] NCCL INFO New proxy send connection 45 from local rank 3, transport 2
dgx052:180:397 [3] NCCL INFO Connected to proxy localRank 3 -> connection 0x7fa5c4006458
dgx052:179:388 [2] NCCL INFO New proxy send connection 45 from local rank 2, transport 2
dgx052:179:398 [2] NCCL INFO Connected to proxy localRank 2 -> connection 0x7fae98006458
dgx052:180:392 [3] NCCL INFO NET/IB : GPU Direct RDMA (DMABUF) enabled for HCA 4 'mlx5_5
dgx052:180:397 [3] NCCL INFO Channel 17/0 : 3[3] -> 11[3] [send] via NET/IBext_v8/4/GDRDMA
dgx052:180:397 [3] NCCL INFO GPU Direct RDMA Enabled for GPU 61000 / HCA 4 (distance 4 <= 4), read 1
dgx052:179:388 [2] NCCL INFO NET/IB : GPU Direct RDMA (DMABUF) enabled for HCA 3 'mlx5_4
dgx052:179:398 [2] NCCL INFO Channel 17/0 : 2[2] -> 10[2] [send] via NET/IBext_v8/3/GDRDMA
dgx052:179:398 [2] NCCL INFO GPU Direct RDMA Enabled for GPU 52000 / HCA 3 (distance 4 <= 4), read 1
dgx052:180:392 [3] NCCL INFO New proxy send connection 46 from local rank 3, transport 2
dgx052:180:397 [3] NCCL INFO Connected to proxy localRank 3 -> connection 0x7fa5c40064d0
dgx052:179:388 [2] NCCL INFO New proxy send connection 46 from local rank 2, transport 2
dgx052:179:398 [2] NCCL INFO Connected to proxy localRank 2 -> connection 0x7fae980064d0
dgx052:180:392 [3] NCCL INFO NET/IB : GPU Direct RDMA (DMABUF) enabled for HCA 4 'mlx5_5
dgx052:180:397 [3] NCCL INFO Channel 18/0 : 3[3] -> 11[3] [send] via NET/IBext_v8/4/GDRDMA
dgx052:180:397 [3] NCCL INFO GPU Direct RDMA Enabled for GPU 61000 / HCA 4 (distance 4 <= 4), read 1
dgx052:179:388 [2] NCCL INFO NET/IB : GPU Direct RDMA (DMABUF) enabled for HCA 3 'mlx5_4
dgx052:179:398 [2] NCCL INFO Channel 18/0 : 2[2] -> 10[2] [send] via NET/IBext_v8/3/GDRDMA
dgx052:179:398 [2] NCCL INFO GPU Direct RDMA Enabled for GPU 52000 / HCA 3 (distance 4 <= 4), read 1
dgx052:180:392 [3] NCCL INFO New proxy send connection 47 from local rank 3, transport 2
dgx052:180:397 [3] NCCL INFO Connected to proxy localRank 3 -> connection 0x7fa5c4006548
dgx052:179:388 [2] NCCL INFO New proxy send connection 47 from local rank 2, transport 2
dgx052:179:398 [2] NCCL INFO Connected to proxy localRank 2 -> connection 0x7fae98006548
dgx052:180:392 [3] NCCL INFO NET/IB : GPU Direct RDMA (DMABUF) enabled for HCA 4 'mlx5_5
dgx052:180:397 [3] NCCL INFO Channel 19/0 : 3[3] -> 11[3] [send] via NET/IBext_v8/4/GDRDMA
dgx052:180:397 [3] NCCL INFO GPU Direct RDMA Enabled for GPU 61000 / HCA 4 (distance 4 <= 4), read 1
dgx052:179:388 [2] NCCL INFO NET/IB : GPU Direct RDMA (DMABUF) enabled for HCA 3 'mlx5_4
dgx052:179:398 [2] NCCL INFO Channel 19/0 : 2[2] -> 10[2] [send] via NET/IBext_v8/3/GDRDMA
dgx052:179:398 [2] NCCL INFO GPU Direct RDMA Enabled for GPU 52000 / HCA 3 (distance 4 <= 4), read 1
dgx052:180:392 [3] NCCL INFO New proxy send connection 48 from local rank 3, transport 2
dgx052:180:397 [3] NCCL INFO Connected to proxy localRank 3 -> connection 0x7fa5c40065c0
dgx052:179:388 [2] NCCL INFO New proxy send connection 48 from local rank 2, transport 2
dgx052:179:398 [2] NCCL INFO Connected to proxy localRank 2 -> connection 0x7fae980065c0
dgx052:180:392 [3] NCCL INFO NET/IB : GPU Direct RDMA (DMABUF) enabled for HCA 4 'mlx5_5
dgx052:180:397 [3] NCCL INFO Channel 20/0 : 3[3] -> 11[3] [send] via NET/IBext_v8/4/GDRDMA
dgx052:180:397 [3] NCCL INFO GPU Direct RDMA Enabled for GPU 61000 / HCA 4 (distance 4 <= 4), read 1
dgx052:179:388 [2] NCCL INFO NET/IB : GPU Direct RDMA (DMABUF) enabled for HCA 3 'mlx5_4
dgx052:179:398 [2] NCCL INFO Channel 20/0 : 2[2] -> 10[2] [send] via NET/IBext_v8/3/GDRDMA
dgx052:179:398 [2] NCCL INFO GPU Direct RDMA Enabled for GPU 52000 / HCA 3 (distance 4 <= 4), read 1
dgx052:180:392 [3] NCCL INFO New proxy send connection 49 from local rank 3, transport 2
dgx052:180:397 [3] NCCL INFO Connected to proxy localRank 3 -> connection 0x7fa5c4006638
dgx052:179:388 [2] NCCL INFO New proxy send connection 49 from local rank 2, transport 2
dgx052:180:392 [3] NCCL INFO NET/IB : GPU Direct RDMA (DMABUF) enabled for HCA 4 'mlx5_5
dgx052:179:398 [2] NCCL INFO Connected to proxy localRank 2 -> connection 0x7fae98006638
dgx052:180:397 [3] NCCL INFO Channel 21/0 : 3[3] -> 11[3] [send] via NET/IBext_v8/4/GDRDMA
dgx052:180:397 [3] NCCL INFO GPU Direct RDMA Enabled for GPU 61000 / HCA 4 (distance 4 <= 4), read 1
dgx052:179:388 [2] NCCL INFO NET/IB : GPU Direct RDMA (DMABUF) enabled for HCA 3 'mlx5_4
dgx052:180:392 [3] NCCL INFO New proxy send connection 50 from local rank 3, transport 2
dgx052:179:398 [2] NCCL INFO Channel 21/0 : 2[2] -> 10[2] [send] via NET/IBext_v8/3/GDRDMA
dgx052:179:398 [2] NCCL INFO GPU Direct RDMA Enabled for GPU 52000 / HCA 3 (distance 4 <= 4), read 1
dgx052:180:397 [3] NCCL INFO Connected to proxy localRank 3 -> connection 0x7fa5c40066b0
dgx052:179:388 [2] NCCL INFO New proxy send connection 50 from local rank 2, transport 2
dgx052:179:398 [2] NCCL INFO Connected to proxy localRank 2 -> connection 0x7fae980066b0
dgx052:180:392 [3] NCCL INFO NET/IB : GPU Direct RDMA (DMABUF) enabled for HCA 4 'mlx5_5
dgx052:180:397 [3] NCCL INFO Channel 22/0 : 3[3] -> 11[3] [send] via NET/IBext_v8/4/GDRDMA
dgx052:180:397 [3] NCCL INFO GPU Direct RDMA Enabled for GPU 61000 / HCA 4 (distance 4 <= 4), read 1
dgx052:179:388 [2] NCCL INFO NET/IB : GPU Direct RDMA (DMABUF) enabled for HCA 3 'mlx5_4
dgx052:180:392 [3] NCCL INFO New proxy send connection 51 from local rank 3, transport 2
dgx052:179:398 [2] NCCL INFO Channel 22/0 : 2[2] -> 10[2] [send] via NET/IBext_v8/3/GDRDMA
dgx052:179:398 [2] NCCL INFO GPU Direct RDMA Enabled for GPU 52000 / HCA 3 (distance 4 <= 4), read 1
dgx052:178:380 [1] NCCL INFO NCCL_IB_QPS_PER_CONNECTION set by environment to 8.
dgx052:180:397 [3] NCCL INFO Connected to proxy localRank 3 -> connection 0x7fa5c4006728
dgx052:179:388 [2] NCCL INFO New proxy send connection 51 from local rank 2, transport 2
dgx052:180:392 [3] NCCL INFO NET/IB : GPU Direct RDMA (DMABUF) enabled for HCA 4 'mlx5_5
dgx052:177:386 [0] NCCL INFO NCCL_IB_QPS_PER_CONNECTION set by environment to 8.
dgx052:179:398 [2] NCCL INFO Connected to proxy localRank 2 -> connection 0x7fae98006728
dgx052:180:397 [3] NCCL INFO Channel 23/0 : 3[3] -> 11[3] [send] via NET/IBext_v8/4/GDRDMA
dgx052:180:397 [3] NCCL INFO GPU Direct RDMA Enabled for GPU 61000 / HCA 4 (distance 4 <= 4), read 1
dgx052:179:388 [2] NCCL INFO NET/IB : GPU Direct RDMA (DMABUF) enabled for HCA 3 'mlx5_4
dgx052:180:392 [3] NCCL INFO New proxy send connection 52 from local rank 3, transport 2
dgx052:179:398 [2] NCCL INFO Channel 23/0 : 2[2] -> 10[2] [send] via NET/IBext_v8/3/GDRDMA
dgx052:179:398 [2] NCCL INFO GPU Direct RDMA Enabled for GPU 52000 / HCA 3 (distance 4 <= 4), read 1
dgx052:180:397 [3] NCCL INFO Connected to proxy localRank 3 -> connection 0x7fa5c40067a0
dgx052:179:388 [2] NCCL INFO New proxy send connection 52 from local rank 2, transport 2
dgx052:180:392 [3] NCCL INFO NET/IB : GPU Direct RDMA (DMABUF) enabled for HCA 4 'mlx5_5
dgx052:180:397 [3] NCCL INFO Channel 24/0 : 3[3] -> 11[3] [send] via NET/IBext_v8/4/GDRDMA
dgx052:179:398 [2] NCCL INFO Connected to proxy localRank 2 -> connection 0x7fae980067a0
dgx052:180:397 [3] NCCL INFO GPU Direct RDMA Enabled for GPU 61000 / HCA 4 (distance 4 <= 4), read 1
dgx052:180:392 [3] NCCL INFO New proxy send connection 53 from local rank 3, transport 2
dgx052:179:388 [2] NCCL INFO NET/IB : GPU Direct RDMA (DMABUF) enabled for HCA 3 'mlx5_4
dgx052:179:398 [2] NCCL INFO Channel 24/0 : 2[2] -> 10[2] [send] via NET/IBext_v8/3/GDRDMA
dgx052:179:398 [2] NCCL INFO GPU Direct RDMA Enabled for GPU 52000 / HCA 3 (distance 4 <= 4), read 1
dgx052:180:397 [3] NCCL INFO Connected to proxy localRank 3 -> connection 0x7fa5c4006818
dgx052:179:388 [2] NCCL INFO New proxy send connection 53 from local rank 2, transport 2
dgx052:180:392 [3] NCCL INFO NET/IB : GPU Direct RDMA (DMABUF) enabled for HCA 4 'mlx5_5
dgx052:180:397 [3] NCCL INFO Channel 25/0 : 3[3] -> 11[3] [send] via NET/IBext_v8/4/GDRDMA
dgx052:179:398 [2] NCCL INFO Connected to proxy localRank 2 -> connection 0x7fae98006818
dgx052:180:397 [3] NCCL INFO GPU Direct RDMA Enabled for GPU 61000 / HCA 4 (distance 4 <= 4), read 1
dgx052:180:392 [3] NCCL INFO New proxy send connection 54 from local rank 3, transport 2
dgx052:179:388 [2] NCCL INFO NET/IB : GPU Direct RDMA (DMABUF) enabled for HCA 3 'mlx5_4
dgx052:179:398 [2] NCCL INFO Channel 25/0 : 2[2] -> 10[2] [send] via NET/IBext_v8/3/GDRDMA
dgx052:179:398 [2] NCCL INFO GPU Direct RDMA Enabled for GPU 52000 / HCA 3 (distance 4 <= 4), read 1
dgx052:180:397 [3] NCCL INFO Connected to proxy localRank 3 -> connection 0x7fa5c4006890
dgx052:179:388 [2] NCCL INFO New proxy send connection 54 from local rank 2, transport 2
dgx052:180:392 [3] NCCL INFO NET/IB : GPU Direct RDMA (DMABUF) enabled for HCA 4 'mlx5_5
dgx052:180:397 [3] NCCL INFO Channel 26/0 : 3[3] -> 11[3] [send] via NET/IBext_v8/4/GDRDMA
dgx052:180:397 [3] NCCL INFO GPU Direct RDMA Enabled for GPU 61000 / HCA 4 (distance 4 <= 4), read 1
dgx052:179:398 [2] NCCL INFO Connected to proxy localRank 2 -> connection 0x7fae98006890
dgx052:180:392 [3] NCCL INFO New proxy send connection 55 from local rank 3, transport 2
dgx052:179:388 [2] NCCL INFO NET/IB : GPU Direct RDMA (DMABUF) enabled for HCA 3 'mlx5_4
dgx052:179:398 [2] NCCL INFO Channel 26/0 : 2[2] -> 10[2] [send] via NET/IBext_v8/3/GDRDMA
dgx052:180:397 [3] NCCL INFO Connected to proxy localRank 3 -> connection 0x7fa5c4006908
dgx052:179:398 [2] NCCL INFO GPU Direct RDMA Enabled for GPU 52000 / HCA 3 (distance 4 <= 4), read 1
dgx052:180:392 [3] NCCL INFO NET/IB : GPU Direct RDMA (DMABUF) enabled for HCA 4 'mlx5_5
dgx052:179:388 [2] NCCL INFO New proxy send connection 55 from local rank 2, transport 2
dgx052:180:397 [3] NCCL INFO Channel 27/0 : 3[3] -> 11[3] [send] via NET/IBext_v8/4/GDRDMA
dgx052:179:398 [2] NCCL INFO Connected to proxy localRank 2 -> connection 0x7fae98006908
dgx052:179:388 [2] NCCL INFO NET/IB : GPU Direct RDMA (DMABUF) enabled for HCA 3 'mlx5_4
dgx052:179:398 [2] NCCL INFO Channel 27/0 : 2[2] -> 10[2] [send] via NET/IBext_v8/3/GDRDMA
dgx052:179:388 [2] NCCL INFO NCCL_IB_QPS_PER_CONNECTION set by environment to 8.
dgx052:180:392 [3] NCCL INFO NCCL_IB_QPS_PER_CONNECTION set by environment to 8.
dgx052:184:390 [7] NCCL INFO NET/IB: NCCL Dev 9 IbDev 9 Port 1 qpn 7036 mtu 5 LID 419 subnet-prefix 33022  FLID 0 fifoRkey=0x1718d6 fifoLkey=0x1718d6
dgx052:184:390 [7] NCCL INFO NET/IB: NCCL Dev 9 IbDev 9 Port 1 qpn 7037 mtu 5 LID 419 subnet-prefix 33022  FLID 0 fifoRkey=0x1718d6 fifoLkey=0x1718d6
dgx052:184:390 [7] NCCL INFO NET/IB: NCCL Dev 9 IbDev 9 Port 1 qpn 7038 mtu 5 LID 419 subnet-prefix 33022  FLID 0 fifoRkey=0x1718d6 fifoLkey=0x1718d6
dgx052:184:390 [7] NCCL INFO NET/IB: NCCL Dev 9 IbDev 9 Port 1 qpn 7039 mtu 5 LID 419 subnet-prefix 33022  FLID 0 fifoRkey=0x1718d6 fifoLkey=0x1718d6
dgx052:184:390 [7] NCCL INFO NET/IB: NCCL Dev 9 IbDev 9 Port 1 qpn 7040 mtu 5 LID 419 subnet-prefix 33022  FLID 0 fifoRkey=0x1718d6 fifoLkey=0x1718d6
dgx052:184:390 [7] NCCL INFO NET/IB: NCCL Dev 9 IbDev 9 Port 1 qpn 7041 mtu 5 LID 419 subnet-prefix 33022  FLID 0 fifoRkey=0x1718d6 fifoLkey=0x1718d6
dgx052:184:390 [7] NCCL INFO NET/IB: NCCL Dev 9 IbDev 9 Port 1 qpn 7042 mtu 5 LID 419 subnet-prefix 33022  FLID 0 fifoRkey=0x1718d6 fifoLkey=0x1718d6
dgx052:184:390 [7] NCCL INFO NET/IB: NCCL Dev 9 IbDev 9 Port 1 qpn 7043 mtu 5 LID 419 subnet-prefix 33022  FLID 0 fifoRkey=0x1718d6 fifoLkey=0x1718d6
dgx052:181:378 [4] NCCL INFO NET/IB: NCCL Dev 5 IbDev 5 Port 1 qpn 7076 mtu 5 LID 415 subnet-prefix 33022  FLID 0 fifoRkey=0x169a58 fifoLkey=0x169a58
dgx052:181:378 [4] NCCL INFO NET/IB: NCCL Dev 5 IbDev 5 Port 1 qpn 7077 mtu 5 LID 415 subnet-prefix 33022  FLID 0 fifoRkey=0x169a58 fifoLkey=0x169a58
dgx052:181:378 [4] NCCL INFO NET/IB: NCCL Dev 5 IbDev 5 Port 1 qpn 7078 mtu 5 LID 415 subnet-prefix 33022  FLID 0 fifoRkey=0x169a58 fifoLkey=0x169a58
dgx052:181:378 [4] NCCL INFO NET/IB: NCCL Dev 5 IbDev 5 Port 1 qpn 7079 mtu 5 LID 415 subnet-prefix 33022  FLID 0 fifoRkey=0x169a58 fifoLkey=0x169a58
dgx052:181:378 [4] NCCL INFO NET/IB: NCCL Dev 5 IbDev 5 Port 1 qpn 7080 mtu 5 LID 415 subnet-prefix 33022  FLID 0 fifoRkey=0x169a58 fifoLkey=0x169a58
dgx052:181:378 [4] NCCL INFO NET/IB: NCCL Dev 5 IbDev 5 Port 1 qpn 7081 mtu 5 LID 415 subnet-prefix 33022  FLID 0 fifoRkey=0x169a58 fifoLkey=0x169a58
dgx052:181:378 [4] NCCL INFO NET/IB: NCCL Dev 5 IbDev 5 Port 1 qpn 7082 mtu 5 LID 415 subnet-prefix 33022  FLID 0 fifoRkey=0x169a58 fifoLkey=0x169a58
dgx052:181:378 [4] NCCL INFO NET/IB: NCCL Dev 5 IbDev 5 Port 1 qpn 7083 mtu 5 LID 415 subnet-prefix 33022  FLID 0 fifoRkey=0x169a58 fifoLkey=0x169a58
dgx052:183:384 [6] NCCL INFO NET/IB: NCCL Dev 8 IbDev 8 Port 1 qpn 7076 mtu 5 LID 416 subnet-prefix 33022  FLID 0 fifoRkey=0x169553 fifoLkey=0x169553
dgx052:183:384 [6] NCCL INFO NET/IB: NCCL Dev 8 IbDev 8 Port 1 qpn 7077 mtu 5 LID 416 subnet-prefix 33022  FLID 0 fifoRkey=0x169553 fifoLkey=0x169553
dgx052:183:384 [6] NCCL INFO NET/IB: NCCL Dev 8 IbDev 8 Port 1 qpn 7078 mtu 5 LID 416 subnet-prefix 33022  FLID 0 fifoRkey=0x169553 fifoLkey=0x169553
dgx052:183:384 [6] NCCL INFO NET/IB: NCCL Dev 8 IbDev 8 Port 1 qpn 7079 mtu 5 LID 416 subnet-prefix 33022  FLID 0 fifoRkey=0x169553 fifoLkey=0x169553
dgx052:183:384 [6] NCCL INFO NET/IB: NCCL Dev 8 IbDev 8 Port 1 qpn 7080 mtu 5 LID 416 subnet-prefix 33022  FLID 0 fifoRkey=0x169553 fifoLkey=0x169553
dgx052:183:384 [6] NCCL INFO NET/IB: NCCL Dev 8 IbDev 8 Port 1 qpn 7081 mtu 5 LID 416 subnet-prefix 33022  FLID 0 fifoRkey=0x169553 fifoLkey=0x169553
dgx052:183:384 [6] NCCL INFO NET/IB: NCCL Dev 8 IbDev 8 Port 1 qpn 7082 mtu 5 LID 416 subnet-prefix 33022  FLID 0 fifoRkey=0x169553 fifoLkey=0x169553
dgx052:183:384 [6] NCCL INFO NET/IB: NCCL Dev 8 IbDev 8 Port 1 qpn 7083 mtu 5 LID 416 subnet-prefix 33022  FLID 0 fifoRkey=0x169553 fifoLkey=0x169553
dgx052:178:380 [1] NCCL INFO NET/IB: NCCL Dev 2 IbDev 2 Port 1 qpn 7076 mtu 5 LID 414 subnet-prefix 33022  FLID 0 fifoRkey=0x181bd9 fifoLkey=0x181bd9
dgx052:178:380 [1] NCCL INFO NET/IB: NCCL Dev 2 IbDev 2 Port 1 qpn 7077 mtu 5 LID 414 subnet-prefix 33022  FLID 0 fifoRkey=0x181bd9 fifoLkey=0x181bd9
dgx052:178:380 [1] NCCL INFO NET/IB: NCCL Dev 2 IbDev 2 Port 1 qpn 7078 mtu 5 LID 414 subnet-prefix 33022  FLID 0 fifoRkey=0x181bd9 fifoLkey=0x181bd9
dgx052:178:380 [1] NCCL INFO NET/IB: NCCL Dev 2 IbDev 2 Port 1 qpn 7079 mtu 5 LID 414 subnet-prefix 33022  FLID 0 fifoRkey=0x181bd9 fifoLkey=0x181bd9
dgx052:178:380 [1] NCCL INFO NET/IB: NCCL Dev 2 IbDev 2 Port 1 qpn 7080 mtu 5 LID 414 subnet-prefix 33022  FLID 0 fifoRkey=0x181bd9 fifoLkey=0x181bd9
dgx052:178:380 [1] NCCL INFO NET/IB: NCCL Dev 2 IbDev 2 Port 1 qpn 7081 mtu 5 LID 414 subnet-prefix 33022  FLID 0 fifoRkey=0x181bd9 fifoLkey=0x181bd9
dgx052:178:380 [1] NCCL INFO NET/IB: NCCL Dev 2 IbDev 2 Port 1 qpn 7082 mtu 5 LID 414 subnet-prefix 33022  FLID 0 fifoRkey=0x181bd9 fifoLkey=0x181bd9
dgx052:178:380 [1] NCCL INFO NET/IB: NCCL Dev 2 IbDev 2 Port 1 qpn 7083 mtu 5 LID 414 subnet-prefix 33022  FLID 0 fifoRkey=0x181bd9 fifoLkey=0x181bd9
dgx052:180:392 [3] NCCL INFO NET/IB: NCCL Dev 4 IbDev 4 Port 1 qpn 7076 mtu 5 LID 417 subnet-prefix 33022  FLID 0 fifoRkey=0x1813d1 fifoLkey=0x1813d1
dgx052:180:392 [3] NCCL INFO NET/IB: NCCL Dev 4 IbDev 4 Port 1 qpn 7077 mtu 5 LID 417 subnet-prefix 33022  FLID 0 fifoRkey=0x1813d1 fifoLkey=0x1813d1
dgx052:180:392 [3] NCCL INFO NET/IB: NCCL Dev 4 IbDev 4 Port 1 qpn 7078 mtu 5 LID 417 subnet-prefix 33022  FLID 0 fifoRkey=0x1813d1 fifoLkey=0x1813d1
dgx052:180:392 [3] NCCL INFO NET/IB: NCCL Dev 4 IbDev 4 Port 1 qpn 7079 mtu 5 LID 417 subnet-prefix 33022  FLID 0 fifoRkey=0x1813d1 fifoLkey=0x1813d1
dgx052:180:392 [3] NCCL INFO NET/IB: NCCL Dev 4 IbDev 4 Port 1 qpn 7080 mtu 5 LID 417 subnet-prefix 33022  FLID 0 fifoRkey=0x1813d1 fifoLkey=0x1813d1
dgx052:180:392 [3] NCCL INFO NET/IB: NCCL Dev 4 IbDev 4 Port 1 qpn 7081 mtu 5 LID 417 subnet-prefix 33022  FLID 0 fifoRkey=0x1813d1 fifoLkey=0x1813d1
dgx052:180:392 [3] NCCL INFO NET/IB: NCCL Dev 4 IbDev 4 Port 1 qpn 7082 mtu 5 LID 417 subnet-prefix 33022  FLID 0 fifoRkey=0x1813d1 fifoLkey=0x1813d1
dgx052:180:392 [3] NCCL INFO NET/IB: NCCL Dev 4 IbDev 4 Port 1 qpn 7083 mtu 5 LID 417 subnet-prefix 33022  FLID 0 fifoRkey=0x1813d1 fifoLkey=0x1813d1
dgx052:179:388 [2] NCCL INFO NET/IB: NCCL Dev 3 IbDev 3 Port 1 qpn 7076 mtu 5 LID 413 subnet-prefix 33022  FLID 0 fifoRkey=0x17eeac fifoLkey=0x17eeac
dgx052:179:388 [2] NCCL INFO NET/IB: NCCL Dev 3 IbDev 3 Port 1 qpn 7077 mtu 5 LID 413 subnet-prefix 33022  FLID 0 fifoRkey=0x17eeac fifoLkey=0x17eeac
dgx052:179:388 [2] NCCL INFO NET/IB: NCCL Dev 3 IbDev 3 Port 1 qpn 7078 mtu 5 LID 413 subnet-prefix 33022  FLID 0 fifoRkey=0x17eeac fifoLkey=0x17eeac
dgx052:179:388 [2] NCCL INFO NET/IB: NCCL Dev 3 IbDev 3 Port 1 qpn 7079 mtu 5 LID 413 subnet-prefix 33022  FLID 0 fifoRkey=0x17eeac fifoLkey=0x17eeac
dgx052:179:388 [2] NCCL INFO NET/IB: NCCL Dev 3 IbDev 3 Port 1 qpn 7080 mtu 5 LID 413 subnet-prefix 33022  FLID 0 fifoRkey=0x17eeac fifoLkey=0x17eeac
dgx052:179:388 [2] NCCL INFO NET/IB: NCCL Dev 3 IbDev 3 Port 1 qpn 7081 mtu 5 LID 413 subnet-prefix 33022  FLID 0 fifoRkey=0x17eeac fifoLkey=0x17eeac
dgx052:179:388 [2] NCCL INFO NET/IB: NCCL Dev 3 IbDev 3 Port 1 qpn 7082 mtu 5 LID 413 subnet-prefix 33022  FLID 0 fifoRkey=0x17eeac fifoLkey=0x17eeac
dgx052:179:388 [2] NCCL INFO NET/IB: NCCL Dev 3 IbDev 3 Port 1 qpn 7083 mtu 5 LID 413 subnet-prefix 33022  FLID 0 fifoRkey=0x17eeac fifoLkey=0x17eeac
dgx052:184:390 [7] NCCL INFO NET/IB: NCCL Dev 9 IbDev 9 Port 1 qpn 7044 mtu 5 LID 419 subnet-prefix 33022  FLID 0 fifoRkey=0x176927 fifoLkey=0x176927
dgx052:184:390 [7] NCCL INFO NET/IB: NCCL Dev 9 IbDev 9 Port 1 qpn 7045 mtu 5 LID 419 subnet-prefix 33022  FLID 0 fifoRkey=0x176927 fifoLkey=0x176927
dgx052:184:390 [7] NCCL INFO NET/IB: NCCL Dev 9 IbDev 9 Port 1 qpn 7046 mtu 5 LID 419 subnet-prefix 33022  FLID 0 fifoRkey=0x176927 fifoLkey=0x176927
dgx052:184:390 [7] NCCL INFO NET/IB: NCCL Dev 9 IbDev 9 Port 1 qpn 7047 mtu 5 LID 419 subnet-prefix 33022  FLID 0 fifoRkey=0x176927 fifoLkey=0x176927
dgx052:184:390 [7] NCCL INFO NET/IB: NCCL Dev 9 IbDev 9 Port 1 qpn 7048 mtu 5 LID 419 subnet-prefix 33022  FLID 0 fifoRkey=0x176927 fifoLkey=0x176927
dgx052:184:390 [7] NCCL INFO NET/IB: NCCL Dev 9 IbDev 9 Port 1 qpn 7049 mtu 5 LID 419 subnet-prefix 33022  FLID 0 fifoRkey=0x176927 fifoLkey=0x176927
dgx052:184:390 [7] NCCL INFO NET/IB: NCCL Dev 9 IbDev 9 Port 1 qpn 7050 mtu 5 LID 419 subnet-prefix 33022  FLID 0 fifoRkey=0x176927 fifoLkey=0x176927
dgx052:184:390 [7] NCCL INFO NET/IB: NCCL Dev 9 IbDev 9 Port 1 qpn 7051 mtu 5 LID 419 subnet-prefix 33022  FLID 0 fifoRkey=0x176927 fifoLkey=0x176927
dgx052:177:386 [0] NCCL INFO NET/IB: NCCL Dev 0 IbDev 0 Port 1 qpn 7076 mtu 5 LID 412 subnet-prefix 33022  FLID 0 fifoRkey=0x16f6b4 fifoLkey=0x16f6b4
dgx052:177:386 [0] NCCL INFO NET/IB: NCCL Dev 0 IbDev 0 Port 1 qpn 7077 mtu 5 LID 412 subnet-prefix 33022  FLID 0 fifoRkey=0x16f6b4 fifoLkey=0x16f6b4
dgx052:177:386 [0] NCCL INFO NET/IB: NCCL Dev 0 IbDev 0 Port 1 qpn 7078 mtu 5 LID 412 subnet-prefix 33022  FLID 0 fifoRkey=0x16f6b4 fifoLkey=0x16f6b4
dgx052:177:386 [0] NCCL INFO NET/IB: NCCL Dev 0 IbDev 0 Port 1 qpn 7079 mtu 5 LID 412 subnet-prefix 33022  FLID 0 fifoRkey=0x16f6b4 fifoLkey=0x16f6b4
dgx052:177:386 [0] NCCL INFO NET/IB: NCCL Dev 0 IbDev 0 Port 1 qpn 7080 mtu 5 LID 412 subnet-prefix 33022  FLID 0 fifoRkey=0x16f6b4 fifoLkey=0x16f6b4
dgx052:177:386 [0] NCCL INFO NET/IB: NCCL Dev 0 IbDev 0 Port 1 qpn 7081 mtu 5 LID 412 subnet-prefix 33022  FLID 0 fifoRkey=0x16f6b4 fifoLkey=0x16f6b4
dgx052:177:386 [0] NCCL INFO NET/IB: NCCL Dev 0 IbDev 0 Port 1 qpn 7082 mtu 5 LID 412 subnet-prefix 33022  FLID 0 fifoRkey=0x16f6b4 fifoLkey=0x16f6b4
dgx052:177:386 [0] NCCL INFO NET/IB: NCCL Dev 0 IbDev 0 Port 1 qpn 7083 mtu 5 LID 412 subnet-prefix 33022  FLID 0 fifoRkey=0x16f6b4 fifoLkey=0x16f6b4
dgx052:184:390 [7] NCCL INFO NCCL_IB_SL set by environment to 0.
dgx052:184:390 [7] NCCL INFO NCCL_IB_TIMEOUT set by environment to 22.
dgx052:184:390 [7] NCCL INFO NCCL_IB_RETRY_CNT set by environment to 7.
dgx052:177:386 [0] NCCL INFO NCCL_IB_SL set by environment to 0.
dgx052:183:384 [6] NCCL INFO NET/IB: NCCL Dev 8 IbDev 8 Port 1 qpn 7084 mtu 5 LID 416 subnet-prefix 33022  FLID 0 fifoRkey=0x16d18f fifoLkey=0x16d18f
dgx052:183:384 [6] NCCL INFO NET/IB: NCCL Dev 8 IbDev 8 Port 1 qpn 7085 mtu 5 LID 416 subnet-prefix 33022  FLID 0 fifoRkey=0x16d18f fifoLkey=0x16d18f
dgx052:183:384 [6] NCCL INFO NET/IB: NCCL Dev 8 IbDev 8 Port 1 qpn 7086 mtu 5 LID 416 subnet-prefix 33022  FLID 0 fifoRkey=0x16d18f fifoLkey=0x16d18f
