dgx052:177:282 [0] NCCL INFO Trees [0] 1/8/-1->0->-1 [1] -1/-1/-1->0->7 [2] 1/-1/-1->0->7 [3] 1/-1/-1->0->7 [4] 1/-1/-1->0->7 [5] 1/-1/-1->0->7 [6] 1/-1/-1->0->7 [7] 1/-1/-1->0->8 [8] -1/-1/-1->0->7 [9] 1/-1/-1->0->7 [10] 1/-1/-1->0->7 [11] 1/-1/-1->0->7 [12] 1/-1/-1->0->7 [13] 1/-1/-1->0->7 [14] 1/8/-1->0->-1 [15] -1/-1/-1->0->7 [16] 1/-1/-1->0->7 [17] 1/-1/-1->0->7 [18] 1/-1/-1->0->7 [19] 1/-1/-1->0->7 [20] 1/-1/-1->0->7 [21] 1/-1/-1->0->8 [22] -1/-1/-1->0->7 [23] 1/-1/-1->0->7 [24] 1/-1/-1->0->7 [25] 1/-1/-1->0->7 [26] 1/-1/-1->0->7 [27] 1/-1/-1->0->7
dgx052:177:282 [0] NCCL INFO NCCL_BUFFSIZE set by environment to 16777216.
dgx052:177:282 [0] NCCL INFO NCCL_P2P_NET_CHUNKSIZE set by environment to 524288.
dgx052:177:282 [0] NCCL INFO P2P Chunksize set to 524288
dgx052:178:289 [1] NCCL INFO NCCL_NTHREADS set by environment to 512.
dgx052:178:289 [1] NCCL INFO threadThresholds 8/8/64 | 128/8/64 | 512 | 512
dgx052:178:289 [1] NCCL INFO 28 coll channels, 28 collnet channels, 16 nvls channels, 32 p2p channels, 2 p2p channels per peer
dgx052:179:283 [2] NCCL INFO NCCL_NTHREADS set by environment to 512.
dgx052:179:283 [2] NCCL INFO threadThresholds 8/8/64 | 128/8/64 | 512 | 512
dgx052:179:283 [2] NCCL INFO 28 coll channels, 28 collnet channels, 16 nvls channels, 32 p2p channels, 2 p2p channels per peer
dgx052:182:284 [5] NCCL INFO NCCL_NTHREADS set by environment to 512.
dgx052:182:284 [5] NCCL INFO threadThresholds 8/8/64 | 128/8/64 | 512 | 512
dgx052:182:284 [5] NCCL INFO 28 coll channels, 28 collnet channels, 16 nvls channels, 32 p2p channels, 2 p2p channels per peer
dgx052:183:288 [6] NCCL INFO NCCL_NTHREADS set by environment to 512.
dgx052:183:288 [6] NCCL INFO threadThresholds 8/8/64 | 128/8/64 | 512 | 512
dgx052:183:288 [6] NCCL INFO 28 coll channels, 28 collnet channels, 16 nvls channels, 32 p2p channels, 2 p2p channels per peer
dgx052:177:282 [0] NCCL INFO NCCL_NTHREADS set by environment to 512.
dgx052:177:282 [0] NCCL INFO threadThresholds 8/8/64 | 128/8/64 | 512 | 512
dgx052:177:282 [0] NCCL INFO 28 coll channels, 28 collnet channels, 16 nvls channels, 32 p2p channels, 2 p2p channels per peer
dgx052:181:287 [4] NCCL INFO NCCL_NTHREADS set by environment to 512.
dgx052:181:287 [4] NCCL INFO threadThresholds 8/8/64 | 128/8/64 | 512 | 512
dgx052:181:287 [4] NCCL INFO 28 coll channels, 28 collnet channels, 16 nvls channels, 32 p2p channels, 2 p2p channels per peer
dgx052:180:286 [3] NCCL INFO NCCL_NTHREADS set by environment to 512.
dgx052:180:286 [3] NCCL INFO threadThresholds 8/8/64 | 128/8/64 | 512 | 512
dgx052:180:286 [3] NCCL INFO 28 coll channels, 28 collnet channels, 16 nvls channels, 32 p2p channels, 2 p2p channels per peer
dgx052:177:282 [0] NCCL INFO CC Off, Multi-GPU CC Off, workFifoBytes 1048576
dgx052:184:285 [7] NCCL INFO NCCL_NTHREADS set by environment to 512.
dgx052:184:285 [7] NCCL INFO threadThresholds 8/8/64 | 128/8/64 | 512 | 512
dgx052:184:285 [7] NCCL INFO 28 coll channels, 28 collnet channels, 16 nvls channels, 32 p2p channels, 2 p2p channels per peer
dgx052:180:286 [3] NCCL INFO TUNER/Plugin: Failed to find ncclTunerPlugin_v3 symbol.
dgx052:180:286 [3] NCCL INFO TUNER/Plugin: Failed to find ncclTunerPlugin_v2 symbol, using internal tuner instead.
dgx052:180:286 [3] NCCL INFO ncclCommInitRank comm 0x556f9eee0bf0 rank 3 nranks 16 cudaDev 3 nvmlDev 3 busId 61000 commId 0xa6e61900accec82e - Init COMPLETE
dgx052:180:286 [3] NCCL INFO Init timings: rank 3 nranks 16 total 2.12 (kernels 0.36, bootstrap 0.98, allgathers 0.15, topo 0.07, graphs 0.20, connections 0.31, rest 0.03)
dgx052:184:285 [7] NCCL INFO TUNER/Plugin: Failed to find ncclTunerPlugin_v3 symbol.
dgx052:184:285 [7] NCCL INFO TUNER/Plugin: Failed to find ncclTunerPlugin_v2 symbol, using internal tuner instead.
dgx052:184:285 [7] NCCL INFO ncclCommInitRank comm 0x5636b0ad7390 rank 7 nranks 16 cudaDev 7 nvmlDev 7 busId df000 commId 0xa6e61900accec82e - Init COMPLETE
dgx052:184:285 [7] NCCL INFO Init timings: rank 7 nranks 16 total 2.12 (kernels 0.20, bootstrap 1.15, allgathers 0.24, topo 0.07, graphs 0.11, connections 0.31, rest 0.03)
dgx052:181:287 [4] NCCL INFO TUNER/Plugin: Failed to find ncclTunerPlugin_v3 symbol.
dgx052:181:287 [4] NCCL INFO TUNER/Plugin: Failed to find ncclTunerPlugin_v2 symbol, using internal tuner instead.
dgx052:181:287 [4] NCCL INFO ncclCommInitRank comm 0x55cdc9edf5a0 rank 4 nranks 16 cudaDev 4 nvmlDev 4 busId 9d000 commId 0xa6e61900accec82e - Init COMPLETE
dgx052:181:287 [4] NCCL INFO Init timings: rank 4 nranks 16 total 2.12 (kernels 0.38, bootstrap 0.97, allgathers 0.24, topo 0.07, graphs 0.11, connections 0.34, rest 0.01)
dgx052:182:284 [5] NCCL INFO TUNER/Plugin: Failed to find ncclTunerPlugin_v3 symbol.
dgx052:182:284 [5] NCCL INFO TUNER/Plugin: Failed to find ncclTunerPlugin_v2 symbol, using internal tuner instead.
dgx052:183:288 [6] NCCL INFO TUNER/Plugin: Failed to find ncclTunerPlugin_v3 symbol.
dgx052:182:284 [5] NCCL INFO ncclCommInitRank comm 0x55cf274de8c0 rank 5 nranks 16 cudaDev 5 nvmlDev 5 busId c3000 commId 0xa6e61900accec82e - Init COMPLETE
dgx052:183:288 [6] NCCL INFO TUNER/Plugin: Failed to find ncclTunerPlugin_v2 symbol, using internal tuner instead.
dgx052:183:288 [6] NCCL INFO ncclCommInitRank comm 0x560a943c4150 rank 6 nranks 16 cudaDev 6 nvmlDev 6 busId d1000 commId 0xa6e61900accec82e - Init COMPLETE
dgx052:182:284 [5] NCCL INFO Init timings: rank 5 nranks 16 total 2.13 (kernels 0.34, bootstrap 1.01, allgathers 0.24, topo 0.07, graphs 0.11, connections 0.33, rest 0.02)
dgx052:183:288 [6] NCCL INFO Init timings: rank 6 nranks 16 total 2.11 (kernels 0.40, bootstrap 0.95, allgathers 0.24, topo 0.07, graphs 0.12, connections 0.32, rest 0.02)
dgx052:179:283 [2] NCCL INFO TUNER/Plugin: Failed to find ncclTunerPlugin_v3 symbol.
dgx052:179:283 [2] NCCL INFO TUNER/Plugin: Failed to find ncclTunerPlugin_v2 symbol, using internal tuner instead.
dgx052:179:283 [2] NCCL INFO ncclCommInitRank comm 0x564f0a3743e0 rank 2 nranks 16 cudaDev 2 nvmlDev 2 busId 52000 commId 0xa6e61900accec82e - Init COMPLETE
dgx052:179:283 [2] NCCL INFO Init timings: rank 2 nranks 16 total 2.13 (kernels 0.20, bootstrap 1.16, allgathers 0.08, topo 0.07, graphs 0.27, connections 0.31, rest 0.03)
dgx052:177:282 [0] NCCL INFO TUNER/Plugin: Failed to find ncclTunerPlugin_v3 symbol.
dgx052:177:282 [0] NCCL INFO TUNER/Plugin: Failed to find ncclTunerPlugin_v2 symbol, using internal tuner instead.
dgx052:177:282 [0] NCCL INFO ncclCommInitRank comm 0x556ad9ddcab0 rank 0 nranks 16 cudaDev 0 nvmlDev 0 busId 1b000 commId 0xa6e61900accec82e - Init COMPLETE
dgx052:177:282 [0] NCCL INFO Init timings: rank 0 nranks 16 total 2.16 (kernels 0.32, bootstrap 1.07, allgathers 0.14, topo 0.08, graphs 0.21, connections 0.32, rest 0.03)
dgx052:178:289 [1] NCCL INFO TUNER/Plugin: Failed to find ncclTunerPlugin_v3 symbol.
dgx052:178:289 [1] NCCL INFO TUNER/Plugin: Failed to find ncclTunerPlugin_v2 symbol, using internal tuner instead.
dgx052:178:289 [1] NCCL INFO ncclCommInitRank comm 0x5564a6707c50 rank 1 nranks 16 cudaDev 1 nvmlDev 1 busId 43000 commId 0xa6e61900accec82e - Init COMPLETE
dgx052:178:289 [1] NCCL INFO Init timings: rank 1 nranks 16 total 2.11 (kernels 0.20, bootstrap 1.14, allgathers 0.08, topo 0.07, graphs 0.27, connections 0.33, rest 0.01)
dgx052:177:401 [0] NCCL INFO NVLS comm 0x556ad9ddcab0 headRank 0 nHeads 7 buffSize 1048576 nvlsPerRankSize 33554432 nvlsTotalSize 234881024
dgx052:178:395 [1] NCCL INFO NVLS comm 0x5564a6707c50 headRank 1 nHeads 7 buffSize 1048576 nvlsPerRankSize 33554432 nvlsTotalSize 234881024
dgx052:181:394 [4] NCCL INFO NVLS comm 0x55cdc9edf5a0 headRank 4 nHeads 7 buffSize 1048576 nvlsPerRankSize 33554432 nvlsTotalSize 234881024
dgx052:184:396 [7] NCCL INFO NVLS comm 0x5636b0ad7390 headRank 6 nHeads 7 buffSize 1048576 nvlsPerRankSize 33554432 nvlsTotalSize 234881024
dgx052:179:398 [2] NCCL INFO NVLS comm 0x564f0a3743e0 headRank 2 nHeads 7 buffSize 1048576 nvlsPerRankSize 33554432 nvlsTotalSize 234881024
dgx052:183:399 [6] NCCL INFO NVLS comm 0x560a943c4150 headRank 5 nHeads 7 buffSize 1048576 nvlsPerRankSize 33554432 nvlsTotalSize 234881024
dgx052:180:397 [3] NCCL INFO NVLS comm 0x556f9eee0bf0 headRank 3 nHeads 7 buffSize 1048576 nvlsPerRankSize 33554432 nvlsTotalSize 234881024
dgx052:182:400 [5] NCCL INFO NVLS comm 0x55cf274de8c0 headRank -1 nHeads 7 buffSize 1048576 nvlsPerRankSize 33554432 nvlsTotalSize 234881024
dgx052:177:401 [0] NCCL INFO GPU Direct RDMA Enabled for GPU 1b000 / HCA 0 (distance 4 <= 4), read 0
dgx052:181:394 [4] NCCL INFO GPU Direct RDMA Enabled for GPU 9d000 / HCA 5 (distance 4 <= 4), read 0
dgx052:183:399 [6] NCCL INFO GPU Direct RDMA Enabled for GPU d1000 / HCA 8 (distance 4 <= 4), read 0
dgx052:179:398 [2] NCCL INFO GPU Direct RDMA Enabled for GPU 52000 / HCA 3 (distance 4 <= 4), read 0
dgx052:178:395 [1] NCCL INFO GPU Direct RDMA Enabled for GPU 43000 / HCA 2 (distance 4 <= 4), read 0
dgx052:184:396 [7] NCCL INFO GPU Direct RDMA Enabled for GPU df000 / HCA 9 (distance 4 <= 4), read 0
dgx052:182:400 [5] NCCL INFO Connected NVLS tree
dgx052:180:397 [3] NCCL INFO GPU Direct RDMA Enabled for GPU 61000 / HCA 4 (distance 4 <= 4), read 0
dgx052:184:390 [7] NCCL INFO New proxy recv connection 0 from local rank 7, transport 2
dgx052:180:392 [3] NCCL INFO New proxy recv connection 0 from local rank 3, transport 2
dgx052:178:380 [1] NCCL INFO New proxy recv connection 0 from local rank 1, transport 2
dgx052:177:386 [0] NCCL INFO New proxy recv connection 0 from local rank 0, transport 2
dgx052:179:388 [2] NCCL INFO New proxy recv connection 0 from local rank 2, transport 2
dgx052:181:378 [4] NCCL INFO New proxy recv connection 0 from local rank 4, transport 2
dgx052:183:384 [6] NCCL INFO New proxy recv connection 0 from local rank 6, transport 2
dgx052:181:394 [4] NCCL INFO Connected to proxy localRank 4 -> connection 0x7f6c1c004f40
dgx052:178:395 [1] NCCL INFO Connected to proxy localRank 1 -> connection 0x7f01e8004f40
dgx052:177:401 [0] NCCL INFO Connected to proxy localRank 0 -> connection 0x7f9f1c004f40
dgx052:183:399 [6] NCCL INFO Connected to proxy localRank 6 -> connection 0x7fb768004f40
dgx052:184:396 [7] NCCL INFO Connected to proxy localRank 7 -> connection 0x7fa890004f40
dgx052:180:397 [3] NCCL INFO Connected to proxy localRank 3 -> connection 0x7fa5c4004f40
dgx052:179:398 [2] NCCL INFO Connected to proxy localRank 2 -> connection 0x7fae98004f40
dgx052:184:390 [7] NCCL INFO NET/IB : GPU Direct RDMA (DMABUF) enabled for HCA 9 'mlx5_11
dgx052:184:396 [7] NCCL INFO Channel 00/0 : 15[7] -> 7[7] [receive] via NET/IBext_v8/9/GDRDMA
dgx052:184:396 [7] NCCL INFO GPU Direct RDMA Enabled for GPU df000 / HCA 9 (distance 4 <= 4), read 0
dgx052:181:378 [4] NCCL INFO NET/IB : GPU Direct RDMA (DMABUF) enabled for HCA 5 'mlx5_6
dgx052:178:380 [1] NCCL INFO NET/IB : GPU Direct RDMA (DMABUF) enabled for HCA 2 'mlx5_3
dgx052:183:384 [6] NCCL INFO NET/IB : GPU Direct RDMA (DMABUF) enabled for HCA 8 'mlx5_10
dgx052:184:390 [7] NCCL INFO New proxy recv connection 1 from local rank 7, transport 2
dgx052:179:388 [2] NCCL INFO NET/IB : GPU Direct RDMA (DMABUF) enabled for HCA 3 'mlx5_4
dgx052:177:386 [0] NCCL INFO NET/IB : GPU Direct RDMA (DMABUF) enabled for HCA 0 'mlx5_0
dgx052:180:392 [3] NCCL INFO NET/IB : GPU Direct RDMA (DMABUF) enabled for HCA 4 'mlx5_5
dgx052:184:396 [7] NCCL INFO Connected to proxy localRank 7 -> connection 0x7fa890004fb8
dgx052:181:394 [4] NCCL INFO Channel 00/0 : 12[4] -> 4[4] [receive] via NET/IBext_v8/5/GDRDMA
dgx052:181:394 [4] NCCL INFO GPU Direct RDMA Enabled for GPU 9d000 / HCA 5 (distance 4 <= 4), read 0
dgx052:178:395 [1] NCCL INFO Channel 00/0 : 9[1] -> 1[1] [receive] via NET/IBext_v8/2/GDRDMA
dgx052:183:399 [6] NCCL INFO Channel 00/0 : 14[6] -> 6[6] [receive] via NET/IBext_v8/8/GDRDMA
dgx052:178:395 [1] NCCL INFO GPU Direct RDMA Enabled for GPU 43000 / HCA 2 (distance 4 <= 4), read 0
dgx052:183:399 [6] NCCL INFO GPU Direct RDMA Enabled for GPU d1000 / HCA 8 (distance 4 <= 4), read 0
dgx052:181:378 [4] NCCL INFO New proxy recv connection 1 from local rank 4, transport 2
dgx052:177:401 [0] NCCL INFO Channel 00/0 : 8[0] -> 0[0] [receive] via NET/IBext_v8/0/GDRDMA
dgx052:184:390 [7] NCCL INFO NET/IB : GPU Direct RDMA (DMABUF) enabled for HCA 9 'mlx5_11
dgx052:177:401 [0] NCCL INFO GPU Direct RDMA Enabled for GPU 1b000 / HCA 0 (distance 4 <= 4), read 0
dgx052:179:398 [2] NCCL INFO Channel 00/0 : 10[2] -> 2[2] [receive] via NET/IBext_v8/3/GDRDMA
dgx052:180:397 [3] NCCL INFO Channel 00/0 : 11[3] -> 3[3] [receive] via NET/IBext_v8/4/GDRDMA
dgx052:181:394 [4] NCCL INFO Connected to proxy localRank 4 -> connection 0x7f6c1c004fb8
dgx052:180:397 [3] NCCL INFO GPU Direct RDMA Enabled for GPU 61000 / HCA 4 (distance 4 <= 4), read 0
dgx052:179:398 [2] NCCL INFO GPU Direct RDMA Enabled for GPU 52000 / HCA 3 (distance 4 <= 4), read 0
dgx052:184:396 [7] NCCL INFO Channel 01/0 : 15[7] -> 7[7] [receive] via NET/IBext_v8/9/GDRDMA
dgx052:184:396 [7] NCCL INFO GPU Direct RDMA Enabled for GPU df000 / HCA 9 (distance 4 <= 4), read 0
dgx052:183:384 [6] NCCL INFO New proxy recv connection 1 from local rank 6, transport 2
dgx052:181:378 [4] NCCL INFO NET/IB : GPU Direct RDMA (DMABUF) enabled for HCA 5 'mlx5_6
dgx052:178:380 [1] NCCL INFO New proxy recv connection 1 from local rank 1, transport 2
dgx052:177:386 [0] NCCL INFO New proxy recv connection 1 from local rank 0, transport 2
dgx052:183:399 [6] NCCL INFO Connected to proxy localRank 6 -> connection 0x7fb768004fb8
dgx052:181:394 [4] NCCL INFO Channel 01/0 : 12[4] -> 4[4] [receive] via NET/IBext_v8/5/GDRDMA
dgx052:184:390 [7] NCCL INFO New proxy recv connection 2 from local rank 7, transport 2
dgx052:181:394 [4] NCCL INFO GPU Direct RDMA Enabled for GPU 9d000 / HCA 5 (distance 4 <= 4), read 0
dgx052:178:395 [1] NCCL INFO Connected to proxy localRank 1 -> connection 0x7f01e8004fb8
dgx052:179:388 [2] NCCL INFO New proxy recv connection 1 from local rank 2, transport 2
dgx052:180:392 [3] NCCL INFO New proxy recv connection 1 from local rank 3, transport 2
dgx052:177:401 [0] NCCL INFO Connected to proxy localRank 0 -> connection 0x7f9f1c004fb8
dgx052:184:396 [7] NCCL INFO Connected to proxy localRank 7 -> connection 0x7fa890005030
dgx052:181:378 [4] NCCL INFO New proxy recv connection 2 from local rank 4, transport 2
dgx052:179:398 [2] NCCL INFO Connected to proxy localRank 2 -> connection 0x7fae98004fb8
dgx052:180:397 [3] NCCL INFO Connected to proxy localRank 3 -> connection 0x7fa5c4004fb8
dgx052:181:394 [4] NCCL INFO Connected to proxy localRank 4 -> connection 0x7f6c1c005030
dgx052:183:384 [6] NCCL INFO NET/IB : GPU Direct RDMA (DMABUF) enabled for HCA 8 'mlx5_10
dgx052:184:390 [7] NCCL INFO NET/IB : GPU Direct RDMA (DMABUF) enabled for HCA 9 'mlx5_11
dgx052:184:396 [7] NCCL INFO Channel 02/0 : 15[7] -> 7[7] [receive] via NET/IBext_v8/9/GDRDMA
dgx052:184:396 [7] NCCL INFO GPU Direct RDMA Enabled for GPU df000 / HCA 9 (distance 4 <= 4), read 0
dgx052:181:378 [4] NCCL INFO NET/IB : GPU Direct RDMA (DMABUF) enabled for HCA 5 'mlx5_6
dgx052:183:399 [6] NCCL INFO Channel 01/0 : 14[6] -> 6[6] [receive] via NET/IBext_v8/8/GDRDMA
dgx052:183:399 [6] NCCL INFO GPU Direct RDMA Enabled for GPU d1000 / HCA 8 (distance 4 <= 4), read 0
dgx052:181:394 [4] NCCL INFO Channel 02/0 : 12[4] -> 4[4] [receive] via NET/IBext_v8/5/GDRDMA
dgx052:181:394 [4] NCCL INFO GPU Direct RDMA Enabled for GPU 9d000 / HCA 5 (distance 4 <= 4), read 0
dgx052:184:390 [7] NCCL INFO New proxy recv connection 3 from local rank 7, transport 2
dgx052:184:396 [7] NCCL INFO Connected to proxy localRank 7 -> connection 0x7fa8900050a8
dgx052:183:384 [6] NCCL INFO New proxy recv connection 2 from local rank 6, transport 2
dgx052:181:378 [4] NCCL INFO New proxy recv connection 3 from local rank 4, transport 2
dgx052:183:399 [6] NCCL INFO Connected to proxy localRank 6 -> connection 0x7fb768005030
dgx052:181:394 [4] NCCL INFO Connected to proxy localRank 4 -> connection 0x7f6c1c0050a8
dgx052:178:380 [1] NCCL INFO NET/IB : GPU Direct RDMA (DMABUF) enabled for HCA 2 'mlx5_3
dgx052:184:390 [7] NCCL INFO NET/IB : GPU Direct RDMA (DMABUF) enabled for HCA 9 'mlx5_11
dgx052:177:386 [0] NCCL INFO NET/IB : GPU Direct RDMA (DMABUF) enabled for HCA 0 'mlx5_0
dgx052:184:396 [7] NCCL INFO Channel 03/0 : 15[7] -> 7[7] [receive] via NET/IBext_v8/9/GDRDMA
dgx052:184:396 [7] NCCL INFO GPU Direct RDMA Enabled for GPU df000 / HCA 9 (distance 4 <= 4), read 0
dgx052:181:378 [4] NCCL INFO NET/IB : GPU Direct RDMA (DMABUF) enabled for HCA 5 'mlx5_6
dgx052:180:392 [3] NCCL INFO NET/IB : GPU Direct RDMA (DMABUF) enabled for HCA 4 'mlx5_5
dgx052:179:388 [2] NCCL INFO NET/IB : GPU Direct RDMA (DMABUF) enabled for HCA 3 'mlx5_4
dgx052:178:395 [1] NCCL INFO Channel 01/0 : 9[1] -> 1[1] [receive] via NET/IBext_v8/2/GDRDMA
dgx052:183:384 [6] NCCL INFO NET/IB : GPU Direct RDMA (DMABUF) enabled for HCA 8 'mlx5_10
dgx052:178:395 [1] NCCL INFO GPU Direct RDMA Enabled for GPU 43000 / HCA 2 (distance 4 <= 4), read 0
dgx052:181:394 [4] NCCL INFO Channel 03/0 : 12[4] -> 4[4] [receive] via NET/IBext_v8/5/GDRDMA
dgx052:184:390 [7] NCCL INFO New proxy recv connection 4 from local rank 7, transport 2
dgx052:181:394 [4] NCCL INFO GPU Direct RDMA Enabled for GPU 9d000 / HCA 5 (distance 4 <= 4), read 0
dgx052:177:401 [0] NCCL INFO Channel 01/0 : 8[0] -> 0[0] [receive] via NET/IBext_v8/0/GDRDMA
dgx052:177:401 [0] NCCL INFO GPU Direct RDMA Enabled for GPU 1b000 / HCA 0 (distance 4 <= 4), read 0
dgx052:184:396 [7] NCCL INFO Connected to proxy localRank 7 -> connection 0x7fa890005120
dgx052:183:399 [6] NCCL INFO Channel 02/0 : 14[6] -> 6[6] [receive] via NET/IBext_v8/8/GDRDMA
dgx052:183:399 [6] NCCL INFO GPU Direct RDMA Enabled for GPU d1000 / HCA 8 (distance 4 <= 4), read 0
dgx052:181:378 [4] NCCL INFO New proxy recv connection 4 from local rank 4, transport 2
dgx052:180:397 [3] NCCL INFO Channel 01/0 : 11[3] -> 3[3] [receive] via NET/IBext_v8/4/GDRDMA
dgx052:179:398 [2] NCCL INFO Channel 01/0 : 10[2] -> 2[2] [receive] via NET/IBext_v8/3/GDRDMA
dgx052:178:380 [1] NCCL INFO New proxy recv connection 2 from local rank 1, transport 2
dgx052:180:397 [3] NCCL INFO GPU Direct RDMA Enabled for GPU 61000 / HCA 4 (distance 4 <= 4), read 0
dgx052:179:398 [2] NCCL INFO GPU Direct RDMA Enabled for GPU 52000 / HCA 3 (distance 4 <= 4), read 0
dgx052:181:394 [4] NCCL INFO Connected to proxy localRank 4 -> connection 0x7f6c1c005120
dgx052:177:386 [0] NCCL INFO New proxy recv connection 2 from local rank 0, transport 2
dgx052:178:395 [1] NCCL INFO Connected to proxy localRank 1 -> connection 0x7f01e8005030
dgx052:184:390 [7] NCCL INFO NET/IB : GPU Direct RDMA (DMABUF) enabled for HCA 9 'mlx5_11
dgx052:183:384 [6] NCCL INFO New proxy recv connection 3 from local rank 6, transport 2
dgx052:184:396 [7] NCCL INFO Channel 04/0 : 15[7] -> 7[7] [receive] via NET/IBext_v8/9/GDRDMA
dgx052:184:396 [7] NCCL INFO GPU Direct RDMA Enabled for GPU df000 / HCA 9 (distance 4 <= 4), read 0
dgx052:177:401 [0] NCCL INFO Connected to proxy localRank 0 -> connection 0x7f9f1c005030
dgx052:181:378 [4] NCCL INFO NET/IB : GPU Direct RDMA (DMABUF) enabled for HCA 5 'mlx5_6
dgx052:183:399 [6] NCCL INFO Connected to proxy localRank 6 -> connection 0x7fb7680050a8
dgx052:181:394 [4] NCCL INFO Channel 04/0 : 12[4] -> 4[4] [receive] via NET/IBext_v8/5/GDRDMA
dgx052:181:394 [4] NCCL INFO GPU Direct RDMA Enabled for GPU 9d000 / HCA 5 (distance 4 <= 4), read 0
dgx052:184:390 [7] NCCL INFO New proxy recv connection 5 from local rank 7, transport 2
dgx052:184:396 [7] NCCL INFO Connected to proxy localRank 7 -> connection 0x7fa890005198
dgx052:181:378 [4] NCCL INFO New proxy recv connection 5 from local rank 4, transport 2
dgx052:177:386 [0] NCCL INFO NET/IB : GPU Direct RDMA (DMABUF) enabled for HCA 0 'mlx5_0
dgx052:183:384 [6] NCCL INFO NET/IB : GPU Direct RDMA (DMABUF) enabled for HCA 8 'mlx5_10
dgx052:181:394 [4] NCCL INFO Connected to proxy localRank 4 -> connection 0x7f6c1c005198
dgx052:184:390 [7] NCCL INFO NET/IB : GPU Direct RDMA (DMABUF) enabled for HCA 9 'mlx5_11
dgx052:177:401 [0] NCCL INFO Channel 02/0 : 8[0] -> 0[0] [receive] via NET/IBext_v8/0/GDRDMA
dgx052:183:399 [6] NCCL INFO Channel 03/0 : 14[6] -> 6[6] [receive] via NET/IBext_v8/8/GDRDMA
dgx052:177:401 [0] NCCL INFO GPU Direct RDMA Enabled for GPU 1b000 / HCA 0 (distance 4 <= 4), read 0
dgx052:183:399 [6] NCCL INFO GPU Direct RDMA Enabled for GPU d1000 / HCA 8 (distance 4 <= 4), read 0
dgx052:181:378 [4] NCCL INFO NET/IB : GPU Direct RDMA (DMABUF) enabled for HCA 5 'mlx5_6
dgx052:184:396 [7] NCCL INFO Channel 05/0 : 15[7] -> 7[7] [receive] via NET/IBext_v8/9/GDRDMA
dgx052:184:396 [7] NCCL INFO GPU Direct RDMA Enabled for GPU df000 / HCA 9 (distance 4 <= 4), read 0
dgx052:180:392 [3] NCCL INFO New proxy recv connection 2 from local rank 3, transport 2
dgx052:181:394 [4] NCCL INFO Channel 05/0 : 12[4] -> 4[4] [receive] via NET/IBext_v8/5/GDRDMA
dgx052:181:394 [4] NCCL INFO GPU Direct RDMA Enabled for GPU 9d000 / HCA 5 (distance 4 <= 4), read 0
dgx052:179:388 [2] NCCL INFO New proxy recv connection 2 from local rank 2, transport 2
dgx052:180:397 [3] NCCL INFO Connected to proxy localRank 3 -> connection 0x7fa5c4005030
dgx052:183:384 [6] NCCL INFO New proxy recv connection 4 from local rank 6, transport 2
dgx052:181:378 [4] NCCL INFO New proxy recv connection 6 from local rank 4, transport 2
dgx052:178:380 [1] NCCL INFO NET/IB : GPU Direct RDMA (DMABUF) enabled for HCA 2 'mlx5_3
dgx052:184:390 [7] NCCL INFO New proxy recv connection 6 from local rank 7, transport 2
dgx052:181:394 [4] NCCL INFO Connected to proxy localRank 4 -> connection 0x7f6c1c005210
dgx052:183:399 [6] NCCL INFO Connected to proxy localRank 6 -> connection 0x7fb768005120
dgx052:184:396 [7] NCCL INFO Connected to proxy localRank 7 -> connection 0x7fa890005210
dgx052:179:398 [2] NCCL INFO Connected to proxy localRank 2 -> connection 0x7fae98005030
dgx052:181:378 [4] NCCL INFO NET/IB : GPU Direct RDMA (DMABUF) enabled for HCA 5 'mlx5_6
dgx052:178:395 [1] NCCL INFO Channel 02/0 : 9[1] -> 1[1] [receive] via NET/IBext_v8/2/GDRDMA
dgx052:178:395 [1] NCCL INFO GPU Direct RDMA Enabled for GPU 43000 / HCA 2 (distance 4 <= 4), read 0
dgx052:184:390 [7] NCCL INFO NET/IB : GPU Direct RDMA (DMABUF) enabled for HCA 9 'mlx5_11
dgx052:181:394 [4] NCCL INFO Channel 06/0 : 12[4] -> 4[4] [receive] via NET/IBext_v8/5/GDRDMA
dgx052:180:392 [3] NCCL INFO NET/IB : GPU Direct RDMA (DMABUF) enabled for HCA 4 'mlx5_5
dgx052:181:394 [4] NCCL INFO GPU Direct RDMA Enabled for GPU 9d000 / HCA 5 (distance 4 <= 4), read 0
dgx052:183:384 [6] NCCL INFO NET/IB : GPU Direct RDMA (DMABUF) enabled for HCA 8 'mlx5_10
dgx052:184:396 [7] NCCL INFO Channel 06/0 : 15[7] -> 7[7] [receive] via NET/IBext_v8/9/GDRDMA
dgx052:184:396 [7] NCCL INFO GPU Direct RDMA Enabled for GPU df000 / HCA 9 (distance 4 <= 4), read 0
dgx052:181:378 [4] NCCL INFO New proxy recv connection 7 from local rank 4, transport 2
dgx052:179:388 [2] NCCL INFO NET/IB : GPU Direct RDMA (DMABUF) enabled for HCA 3 'mlx5_4
dgx052:178:380 [1] NCCL INFO New proxy recv connection 3 from local rank 1, transport 2
dgx052:183:399 [6] NCCL INFO Channel 04/0 : 14[6] -> 6[6] [receive] via NET/IBext_v8/8/GDRDMA
dgx052:183:399 [6] NCCL INFO GPU Direct RDMA Enabled for GPU d1000 / HCA 8 (distance 4 <= 4), read 0
dgx052:177:386 [0] NCCL INFO New proxy recv connection 3 from local rank 0, transport 2
dgx052:181:394 [4] NCCL INFO Connected to proxy localRank 4 -> connection 0x7f6c1c005288
dgx052:184:390 [7] NCCL INFO New proxy recv connection 7 from local rank 7, transport 2
dgx052:180:397 [3] NCCL INFO Channel 02/0 : 11[3] -> 3[3] [receive] via NET/IBext_v8/4/GDRDMA
dgx052:178:395 [1] NCCL INFO Connected to proxy localRank 1 -> connection 0x7f01e80050a8
dgx052:180:397 [3] NCCL INFO GPU Direct RDMA Enabled for GPU 61000 / HCA 4 (distance 4 <= 4), read 0
dgx052:184:396 [7] NCCL INFO Connected to proxy localRank 7 -> connection 0x7fa890005288
dgx052:177:401 [0] NCCL INFO Connected to proxy localRank 0 -> connection 0x7f9f1c0050a8
dgx052:181:378 [4] NCCL INFO NET/IB : GPU Direct RDMA (DMABUF) enabled for HCA 5 'mlx5_6
dgx052:179:398 [2] NCCL INFO Channel 02/0 : 10[2] -> 2[2] [receive] via NET/IBext_v8/3/GDRDMA
dgx052:183:384 [6] NCCL INFO New proxy recv connection 5 from local rank 6, transport 2
dgx052:179:398 [2] NCCL INFO GPU Direct RDMA Enabled for GPU 52000 / HCA 3 (distance 4 <= 4), read 0
dgx052:183:399 [6] NCCL INFO Connected to proxy localRank 6 -> connection 0x7fb768005198
dgx052:181:394 [4] NCCL INFO Channel 07/0 : 12[4] -> 4[4] [receive] via NET/IBext_v8/5/GDRDMA
dgx052:181:394 [4] NCCL INFO GPU Direct RDMA Enabled for GPU 9d000 / HCA 5 (distance 4 <= 4), read 0
dgx052:184:390 [7] NCCL INFO NET/IB : GPU Direct RDMA (DMABUF) enabled for HCA 9 'mlx5_11
dgx052:184:396 [7] NCCL INFO Channel 07/0 : 15[7] -> 7[7] [receive] via NET/IBext_v8/9/GDRDMA
dgx052:184:396 [7] NCCL INFO GPU Direct RDMA Enabled for GPU df000 / HCA 9 (distance 4 <= 4), read 0
dgx052:181:378 [4] NCCL INFO New proxy recv connection 8 from local rank 4, transport 2
dgx052:181:394 [4] NCCL INFO Connected to proxy localRank 4 -> connection 0x7f6c1c005300
dgx052:177:386 [0] NCCL INFO NET/IB : GPU Direct RDMA (DMABUF) enabled for HCA 0 'mlx5_0
dgx052:183:384 [6] NCCL INFO NET/IB : GPU Direct RDMA (DMABUF) enabled for HCA 8 'mlx5_10
dgx052:184:390 [7] NCCL INFO New proxy recv connection 8 from local rank 7, transport 2
dgx052:181:378 [4] NCCL INFO NET/IB : GPU Direct RDMA (DMABUF) enabled for HCA 5 'mlx5_6
dgx052:184:396 [7] NCCL INFO Connected to proxy localRank 7 -> connection 0x7fa890005300
dgx052:183:399 [6] NCCL INFO Channel 05/0 : 14[6] -> 6[6] [receive] via NET/IBext_v8/8/GDRDMA
dgx052:183:399 [6] NCCL INFO GPU Direct RDMA Enabled for GPU d1000 / HCA 8 (distance 4 <= 4), read 0
dgx052:177:401 [0] NCCL INFO Channel 03/0 : 8[0] -> 0[0] [receive] via NET/IBext_v8/0/GDRDMA
dgx052:177:401 [0] NCCL INFO GPU Direct RDMA Enabled for GPU 1b000 / HCA 0 (distance 4 <= 4), read 0
dgx052:181:394 [4] NCCL INFO Channel 08/0 : 12[4] -> 4[4] [receive] via NET/IBext_v8/5/GDRDMA
dgx052:181:394 [4] NCCL INFO GPU Direct RDMA Enabled for GPU 9d000 / HCA 5 (distance 4 <= 4), read 0
dgx052:184:390 [7] NCCL INFO NET/IB : GPU Direct RDMA (DMABUF) enabled for HCA 9 'mlx5_11
dgx052:181:378 [4] NCCL INFO New proxy recv connection 9 from local rank 4, transport 2
dgx052:183:384 [6] NCCL INFO New proxy recv connection 6 from local rank 6, transport 2
dgx052:180:392 [3] NCCL INFO New proxy recv connection 3 from local rank 3, transport 2
dgx052:179:388 [2] NCCL INFO New proxy recv connection 3 from local rank 2, transport 2
dgx052:184:396 [7] NCCL INFO Channel 08/0 : 15[7] -> 7[7] [receive] via NET/IBext_v8/9/GDRDMA
dgx052:181:394 [4] NCCL INFO Connected to proxy localRank 4 -> connection 0x7f6c1c005378
dgx052:184:396 [7] NCCL INFO GPU Direct RDMA Enabled for GPU df000 / HCA 9 (distance 4 <= 4), read 0
dgx052:183:399 [6] NCCL INFO Connected to proxy localRank 6 -> connection 0x7fb768005210
dgx052:178:380 [1] NCCL INFO NET/IB : GPU Direct RDMA (DMABUF) enabled for HCA 2 'mlx5_3
dgx052:180:397 [3] NCCL INFO Connected to proxy localRank 3 -> connection 0x7fa5c40050a8
dgx052:179:398 [2] NCCL INFO Connected to proxy localRank 2 -> connection 0x7fae980050a8
dgx052:181:378 [4] NCCL INFO NET/IB : GPU Direct RDMA (DMABUF) enabled for HCA 5 'mlx5_6
dgx052:184:390 [7] NCCL INFO New proxy recv connection 9 from local rank 7, transport 2
dgx052:181:394 [4] NCCL INFO Channel 09/0 : 12[4] -> 4[4] [receive] via NET/IBext_v8/5/GDRDMA
dgx052:181:394 [4] NCCL INFO GPU Direct RDMA Enabled for GPU 9d000 / HCA 5 (distance 4 <= 4), read 0
dgx052:183:384 [6] NCCL INFO NET/IB : GPU Direct RDMA (DMABUF) enabled for HCA 8 'mlx5_10
dgx052:184:396 [7] NCCL INFO Connected to proxy localRank 7 -> connection 0x7fa890005378
dgx052:178:395 [1] NCCL INFO Channel 03/0 : 9[1] -> 1[1] [receive] via NET/IBext_v8/2/GDRDMA
dgx052:178:395 [1] NCCL INFO GPU Direct RDMA Enabled for GPU 43000 / HCA 2 (distance 4 <= 4), read 0
dgx052:181:378 [4] NCCL INFO New proxy recv connection 10 from local rank 4, transport 2
dgx052:183:399 [6] NCCL INFO Channel 06/0 : 14[6] -> 6[6] [receive] via NET/IBext_v8/8/GDRDMA
dgx052:183:399 [6] NCCL INFO GPU Direct RDMA Enabled for GPU d1000 / HCA 8 (distance 4 <= 4), read 0
dgx052:181:394 [4] NCCL INFO Connected to proxy localRank 4 -> connection 0x7f6c1c0053f0
dgx052:179:388 [2] NCCL INFO NET/IB : GPU Direct RDMA (DMABUF) enabled for HCA 3 'mlx5_4
dgx052:184:390 [7] NCCL INFO NET/IB : GPU Direct RDMA (DMABUF) enabled for HCA 9 'mlx5_11
dgx052:180:392 [3] NCCL INFO NET/IB : GPU Direct RDMA (DMABUF) enabled for HCA 4 'mlx5_5
dgx052:178:380 [1] NCCL INFO New proxy recv connection 4 from local rank 1, transport 2
dgx052:184:396 [7] NCCL INFO Channel 09/0 : 15[7] -> 7[7] [receive] via NET/IBext_v8/9/GDRDMA
dgx052:184:396 [7] NCCL INFO GPU Direct RDMA Enabled for GPU df000 / HCA 9 (distance 4 <= 4), read 0
dgx052:181:378 [4] NCCL INFO NET/IB : GPU Direct RDMA (DMABUF) enabled for HCA 5 'mlx5_6
dgx052:177:386 [0] NCCL INFO New proxy recv connection 4 from local rank 0, transport 2
dgx052:183:384 [6] NCCL INFO New proxy recv connection 7 from local rank 6, transport 2
dgx052:178:395 [1] NCCL INFO Connected to proxy localRank 1 -> connection 0x7f01e8005120
dgx052:181:394 [4] NCCL INFO Channel 10/0 : 12[4] -> 4[4] [receive] via NET/IBext_v8/5/GDRDMA
dgx052:181:394 [4] NCCL INFO GPU Direct RDMA Enabled for GPU 9d000 / HCA 5 (distance 4 <= 4), read 0
dgx052:179:398 [2] NCCL INFO Channel 03/0 : 10[2] -> 2[2] [receive] via NET/IBext_v8/3/GDRDMA
dgx052:183:399 [6] NCCL INFO Connected to proxy localRank 6 -> connection 0x7fb768005288
dgx052:179:398 [2] NCCL INFO GPU Direct RDMA Enabled for GPU 52000 / HCA 3 (distance 4 <= 4), read 0
dgx052:180:397 [3] NCCL INFO Channel 03/0 : 11[3] -> 3[3] [receive] via NET/IBext_v8/4/GDRDMA
dgx052:177:401 [0] NCCL INFO Connected to proxy localRank 0 -> connection 0x7f9f1c005120
dgx052:180:397 [3] NCCL INFO GPU Direct RDMA Enabled for GPU 61000 / HCA 4 (distance 4 <= 4), read 0
dgx052:184:390 [7] NCCL INFO New proxy recv connection 10 from local rank 7, transport 2
dgx052:184:396 [7] NCCL INFO Connected to proxy localRank 7 -> connection 0x7fa8900053f0
dgx052:181:378 [4] NCCL INFO New proxy recv connection 11 from local rank 4, transport 2
dgx052:181:394 [4] NCCL INFO Connected to proxy localRank 4 -> connection 0x7f6c1c005468
dgx052:183:384 [6] NCCL INFO NET/IB : GPU Direct RDMA (DMABUF) enabled for HCA 8 'mlx5_10
dgx052:184:390 [7] NCCL INFO NET/IB : GPU Direct RDMA (DMABUF) enabled for HCA 9 'mlx5_11
dgx052:181:378 [4] NCCL INFO NET/IB : GPU Direct RDMA (DMABUF) enabled for HCA 5 'mlx5_6
dgx052:177:386 [0] NCCL INFO NET/IB : GPU Direct RDMA (DMABUF) enabled for HCA 0 'mlx5_0
dgx052:183:399 [6] NCCL INFO Channel 07/0 : 14[6] -> 6[6] [receive] via NET/IBext_v8/8/GDRDMA
dgx052:183:399 [6] NCCL INFO GPU Direct RDMA Enabled for GPU d1000 / HCA 8 (distance 4 <= 4), read 0
dgx052:184:396 [7] NCCL INFO Channel 10/0 : 15[7] -> 7[7] [receive] via NET/IBext_v8/9/GDRDMA
dgx052:184:396 [7] NCCL INFO GPU Direct RDMA Enabled for GPU df000 / HCA 9 (distance 4 <= 4), read 0
dgx052:181:394 [4] NCCL INFO Channel 11/0 : 12[4] -> 4[4] [receive] via NET/IBext_v8/5/GDRDMA
dgx052:181:394 [4] NCCL INFO GPU Direct RDMA Enabled for GPU 9d000 / HCA 5 (distance 4 <= 4), read 0
dgx052:181:378 [4] NCCL INFO New proxy recv connection 12 from local rank 4, transport 2
dgx052:177:401 [0] NCCL INFO Channel 04/0 : 8[0] -> 0[0] [receive] via NET/IBext_v8/0/GDRDMA
dgx052:177:401 [0] NCCL INFO GPU Direct RDMA Enabled for GPU 1b000 / HCA 0 (distance 4 <= 4), read 0
dgx052:184:390 [7] NCCL INFO New proxy recv connection 11 from local rank 7, transport 2
dgx052:183:384 [6] NCCL INFO New proxy recv connection 8 from local rank 6, transport 2
dgx052:181:394 [4] NCCL INFO Connected to proxy localRank 4 -> connection 0x7f6c1c0054e0
dgx052:184:396 [7] NCCL INFO Connected to proxy localRank 7 -> connection 0x7fa890005468
dgx052:183:399 [6] NCCL INFO Connected to proxy localRank 6 -> connection 0x7fb768005300
dgx052:179:388 [2] NCCL INFO New proxy recv connection 4 from local rank 2, transport 2
dgx052:181:378 [4] NCCL INFO NET/IB : GPU Direct RDMA (DMABUF) enabled for HCA 5 'mlx5_6
dgx052:177:386 [0] NCCL INFO New proxy recv connection 5 from local rank 0, transport 2
dgx052:178:380 [1] NCCL INFO NET/IB : GPU Direct RDMA (DMABUF) enabled for HCA 2 'mlx5_3
dgx052:180:392 [3] NCCL INFO New proxy recv connection 4 from local rank 3, transport 2
dgx052:184:390 [7] NCCL INFO NET/IB : GPU Direct RDMA (DMABUF) enabled for HCA 9 'mlx5_11
dgx052:181:394 [4] NCCL INFO Channel 12/0 : 12[4] -> 4[4] [receive] via NET/IBext_v8/5/GDRDMA
dgx052:181:394 [4] NCCL INFO GPU Direct RDMA Enabled for GPU 9d000 / HCA 5 (distance 4 <= 4), read 0
dgx052:179:398 [2] NCCL INFO Connected to proxy localRank 2 -> connection 0x7fae98005120
dgx052:177:401 [0] NCCL INFO Connected to proxy localRank 0 -> connection 0x7f9f1c005198
dgx052:183:384 [6] NCCL INFO NET/IB : GPU Direct RDMA (DMABUF) enabled for HCA 8 'mlx5_10
dgx052:184:396 [7] NCCL INFO Channel 11/0 : 15[7] -> 7[7] [receive] via NET/IBext_v8/9/GDRDMA
dgx052:184:396 [7] NCCL INFO GPU Direct RDMA Enabled for GPU df000 / HCA 9 (distance 4 <= 4), read 0
dgx052:181:378 [4] NCCL INFO New proxy recv connection 13 from local rank 4, transport 2
dgx052:180:397 [3] NCCL INFO Connected to proxy localRank 3 -> connection 0x7fa5c4005120
dgx052:183:399 [6] NCCL INFO Channel 08/0 : 14[6] -> 6[6] [receive] via NET/IBext_v8/8/GDRDMA
dgx052:181:394 [4] NCCL INFO Connected to proxy localRank 4 -> connection 0x7f6c1c005558
dgx052:183:399 [6] NCCL INFO GPU Direct RDMA Enabled for GPU d1000 / HCA 8 (distance 4 <= 4), read 0
dgx052:178:395 [1] NCCL INFO Channel 04/0 : 9[1] -> 1[1] [receive] via NET/IBext_v8/2/GDRDMA
dgx052:178:395 [1] NCCL INFO GPU Direct RDMA Enabled for GPU 43000 / HCA 2 (distance 4 <= 4), read 0
dgx052:184:390 [7] NCCL INFO New proxy recv connection 12 from local rank 7, transport 2
dgx052:177:386 [0] NCCL INFO NET/IB : GPU Direct RDMA (DMABUF) enabled for HCA 0 'mlx5_0
dgx052:181:378 [4] NCCL INFO NET/IB : GPU Direct RDMA (DMABUF) enabled for HCA 5 'mlx5_6
dgx052:184:396 [7] NCCL INFO Connected to proxy localRank 7 -> connection 0x7fa8900054e0
dgx052:183:384 [6] NCCL INFO New proxy recv connection 9 from local rank 6, transport 2
dgx052:179:388 [2] NCCL INFO NET/IB : GPU Direct RDMA (DMABUF) enabled for HCA 3 'mlx5_4
dgx052:178:380 [1] NCCL INFO New proxy recv connection 5 from local rank 1, transport 2
dgx052:181:394 [4] NCCL INFO Channel 13/0 : 12[4] -> 4[4] [receive] via NET/IBext_v8/5/GDRDMA
dgx052:181:394 [4] NCCL INFO GPU Direct RDMA Enabled for GPU 9d000 / HCA 5 (distance 4 <= 4), read 0
dgx052:177:401 [0] NCCL INFO Channel 05/0 : 8[0] -> 0[0] [receive] via NET/IBext_v8/0/GDRDMA
dgx052:177:401 [0] NCCL INFO GPU Direct RDMA Enabled for GPU 1b000 / HCA 0 (distance 4 <= 4), read 0
dgx052:183:399 [6] NCCL INFO Connected to proxy localRank 6 -> connection 0x7fb768005378
dgx052:178:395 [1] NCCL INFO Connected to proxy localRank 1 -> connection 0x7f01e8005198
dgx052:184:390 [7] NCCL INFO NET/IB : GPU Direct RDMA (DMABUF) enabled for HCA 9 'mlx5_11
dgx052:180:392 [3] NCCL INFO NET/IB : GPU Direct RDMA (DMABUF) enabled for HCA 4 'mlx5_5
dgx052:181:378 [4] NCCL INFO New proxy recv connection 14 from local rank 4, transport 2
dgx052:184:396 [7] NCCL INFO Channel 12/0 : 15[7] -> 7[7] [receive] via NET/IBext_v8/9/GDRDMA
dgx052:181:394 [4] NCCL INFO Connected to proxy localRank 4 -> connection 0x7f6c1c0055d0
dgx052:184:396 [7] NCCL INFO GPU Direct RDMA Enabled for GPU df000 / HCA 9 (distance 4 <= 4), read 0
dgx052:179:398 [2] NCCL INFO Channel 04/0 : 10[2] -> 2[2] [receive] via NET/IBext_v8/3/GDRDMA
dgx052:179:398 [2] NCCL INFO GPU Direct RDMA Enabled for GPU 52000 / HCA 3 (distance 4 <= 4), read 0
dgx052:183:384 [6] NCCL INFO NET/IB : GPU Direct RDMA (DMABUF) enabled for HCA 8 'mlx5_10
dgx052:181:378 [4] NCCL INFO NET/IB : GPU Direct RDMA (DMABUF) enabled for HCA 5 'mlx5_6
dgx052:180:397 [3] NCCL INFO Channel 04/0 : 11[3] -> 3[3] [receive] via NET/IBext_v8/4/GDRDMA
dgx052:178:380 [1] NCCL INFO NET/IB : GPU Direct RDMA (DMABUF) enabled for HCA 2 'mlx5_3
dgx052:180:397 [3] NCCL INFO GPU Direct RDMA Enabled for GPU 61000 / HCA 4 (distance 4 <= 4), read 0
dgx052:184:390 [7] NCCL INFO New proxy recv connection 13 from local rank 7, transport 2
dgx052:181:394 [4] NCCL INFO Channel 14/0 : 12[4] -> 4[4] [receive] via NET/IBext_v8/5/GDRDMA
dgx052:184:396 [7] NCCL INFO Connected to proxy localRank 7 -> connection 0x7fa890005558
dgx052:183:399 [6] NCCL INFO Channel 09/0 : 14[6] -> 6[6] [receive] via NET/IBext_v8/8/GDRDMA
dgx052:181:394 [4] NCCL INFO GPU Direct RDMA Enabled for GPU 9d000 / HCA 5 (distance 4 <= 4), read 0
dgx052:183:399 [6] NCCL INFO GPU Direct RDMA Enabled for GPU d1000 / HCA 8 (distance 4 <= 4), read 0
dgx052:178:395 [1] NCCL INFO Channel 05/0 : 9[1] -> 1[1] [receive] via NET/IBext_v8/2/GDRDMA
dgx052:178:395 [1] NCCL INFO GPU Direct RDMA Enabled for GPU 43000 / HCA 2 (distance 4 <= 4), read 0
dgx052:181:378 [4] NCCL INFO New proxy recv connection 15 from local rank 4, transport 2
dgx052:181:394 [4] NCCL INFO Connected to proxy localRank 4 -> connection 0x7f6c1c005648
dgx052:184:390 [7] NCCL INFO NET/IB : GPU Direct RDMA (DMABUF) enabled for HCA 9 'mlx5_11
dgx052:183:384 [6] NCCL INFO New proxy recv connection 10 from local rank 6, transport 2
dgx052:184:396 [7] NCCL INFO Channel 13/0 : 15[7] -> 7[7] [receive] via NET/IBext_v8/9/GDRDMA
dgx052:184:396 [7] NCCL INFO GPU Direct RDMA Enabled for GPU df000 / HCA 9 (distance 4 <= 4), read 0
dgx052:177:386 [0] NCCL INFO New proxy recv connection 6 from local rank 0, transport 2
dgx052:183:399 [6] NCCL INFO Connected to proxy localRank 6 -> connection 0x7fb7680053f0
dgx052:181:378 [4] NCCL INFO NET/IB : GPU Direct RDMA (DMABUF) enabled for HCA 5 'mlx5_6
dgx052:177:401 [0] NCCL INFO Connected to proxy localRank 0 -> connection 0x7f9f1c005210
dgx052:181:394 [4] NCCL INFO Channel 15/0 : 12[4] -> 4[4] [receive] via NET/IBext_v8/5/GDRDMA
dgx052:181:394 [4] NCCL INFO GPU Direct RDMA Enabled for GPU 9d000 / HCA 5 (distance 4 <= 4), read 0
dgx052:180:392 [3] NCCL INFO New proxy recv connection 5 from local rank 3, transport 2
dgx052:179:388 [2] NCCL INFO New proxy recv connection 5 from local rank 2, transport 2
dgx052:184:390 [7] NCCL INFO New proxy recv connection 14 from local rank 7, transport 2
dgx052:183:384 [6] NCCL INFO NET/IB : GPU Direct RDMA (DMABUF) enabled for HCA 8 'mlx5_10
dgx052:184:396 [7] NCCL INFO Connected to proxy localRank 7 -> connection 0x7fa8900055d0
dgx052:181:378 [4] NCCL INFO New proxy recv connection 16 from local rank 4, transport 2
dgx052:179:398 [2] NCCL INFO Connected to proxy localRank 2 -> connection 0x7fae98005198
dgx052:180:397 [3] NCCL INFO Connected to proxy localRank 3 -> connection 0x7fa5c4005198
dgx052:181:394 [4] NCCL INFO Connected to proxy localRank 4 -> connection 0x7f6c1c0056c0
dgx052:183:399 [6] NCCL INFO Channel 10/0 : 14[6] -> 6[6] [receive] via NET/IBext_v8/8/GDRDMA
dgx052:177:386 [0] NCCL INFO NET/IB : GPU Direct RDMA (DMABUF) enabled for HCA 0 'mlx5_0
dgx052:183:399 [6] NCCL INFO GPU Direct RDMA Enabled for GPU d1000 / HCA 8 (distance 4 <= 4), read 0
dgx052:178:380 [1] NCCL INFO New proxy recv connection 6 from local rank 1, transport 2
dgx052:184:390 [7] NCCL INFO NET/IB : GPU Direct RDMA (DMABUF) enabled for HCA 9 'mlx5_11
dgx052:181:378 [4] NCCL INFO NET/IB : GPU Direct RDMA (DMABUF) enabled for HCA 5 'mlx5_6
dgx052:177:401 [0] NCCL INFO Channel 06/0 : 8[0] -> 0[0] [receive] via NET/IBext_v8/0/GDRDMA
dgx052:177:401 [0] NCCL INFO GPU Direct RDMA Enabled for GPU 1b000 / HCA 0 (distance 4 <= 4), read 0
dgx052:184:396 [7] NCCL INFO Channel 14/0 : 15[7] -> 7[7] [receive] via NET/IBext_v8/9/GDRDMA
dgx052:178:395 [1] NCCL INFO Connected to proxy localRank 1 -> connection 0x7f01e8005210
dgx052:184:396 [7] NCCL INFO GPU Direct RDMA Enabled for GPU df000 / HCA 9 (distance 4 <= 4), read 0
dgx052:181:394 [4] NCCL INFO Channel 16/0 : 12[4] -> 4[4] [receive] via NET/IBext_v8/5/GDRDMA
dgx052:183:384 [6] NCCL INFO New proxy recv connection 11 from local rank 6, transport 2
dgx052:181:394 [4] NCCL INFO GPU Direct RDMA Enabled for GPU 9d000 / HCA 5 (distance 4 <= 4), read 0
dgx052:183:399 [6] NCCL INFO Connected to proxy localRank 6 -> connection 0x7fb768005468
dgx052:181:378 [4] NCCL INFO New proxy recv connection 17 from local rank 4, transport 2
dgx052:184:390 [7] NCCL INFO New proxy recv connection 15 from local rank 7, transport 2
dgx052:181:394 [4] NCCL INFO Connected to proxy localRank 4 -> connection 0x7f6c1c005738
dgx052:184:396 [7] NCCL INFO Connected to proxy localRank 7 -> connection 0x7fa890005648
dgx052:183:384 [6] NCCL INFO NET/IB : GPU Direct RDMA (DMABUF) enabled for HCA 8 'mlx5_10
dgx052:180:392 [3] NCCL INFO NET/IB : GPU Direct RDMA (DMABUF) enabled for HCA 4 'mlx5_5
dgx052:181:378 [4] NCCL INFO NET/IB : GPU Direct RDMA (DMABUF) enabled for HCA 5 'mlx5_6
dgx052:179:388 [2] NCCL INFO NET/IB : GPU Direct RDMA (DMABUF) enabled for HCA 3 'mlx5_4
dgx052:184:390 [7] NCCL INFO NET/IB : GPU Direct RDMA (DMABUF) enabled for HCA 9 'mlx5_11
dgx052:183:399 [6] NCCL INFO Channel 11/0 : 14[6] -> 6[6] [receive] via NET/IBext_v8/8/GDRDMA
dgx052:181:394 [4] NCCL INFO Channel 17/0 : 12[4] -> 4[4] [receive] via NET/IBext_v8/5/GDRDMA
dgx052:180:397 [3] NCCL INFO Channel 05/0 : 11[3] -> 3[3] [receive] via NET/IBext_v8/4/GDRDMA
dgx052:181:394 [4] NCCL INFO GPU Direct RDMA Enabled for GPU 9d000 / HCA 5 (distance 4 <= 4), read 0
dgx052:183:399 [6] NCCL INFO GPU Direct RDMA Enabled for GPU d1000 / HCA 8 (distance 4 <= 4), read 0
dgx052:184:396 [7] NCCL INFO Channel 15/0 : 15[7] -> 7[7] [receive] via NET/IBext_v8/9/GDRDMA
dgx052:180:397 [3] NCCL INFO GPU Direct RDMA Enabled for GPU 61000 / HCA 4 (distance 4 <= 4), read 0
dgx052:184:396 [7] NCCL INFO GPU Direct RDMA Enabled for GPU df000 / HCA 9 (distance 4 <= 4), read 0
dgx052:179:398 [2] NCCL INFO Channel 05/0 : 10[2] -> 2[2] [receive] via NET/IBext_v8/3/GDRDMA
dgx052:179:398 [2] NCCL INFO GPU Direct RDMA Enabled for GPU 52000 / HCA 3 (distance 4 <= 4), read 0
dgx052:177:386 [0] NCCL INFO New proxy recv connection 7 from local rank 0, transport 2
dgx052:181:378 [4] NCCL INFO New proxy recv connection 18 from local rank 4, transport 2
dgx052:178:380 [1] NCCL INFO NET/IB : GPU Direct RDMA (DMABUF) enabled for HCA 2 'mlx5_3
dgx052:177:401 [0] NCCL INFO Connected to proxy localRank 0 -> connection 0x7f9f1c005288
dgx052:181:394 [4] NCCL INFO Connected to proxy localRank 4 -> connection 0x7f6c1c0057b0
dgx052:184:390 [7] NCCL INFO New proxy recv connection 16 from local rank 7, transport 2
dgx052:183:384 [6] NCCL INFO New proxy recv connection 12 from local rank 6, transport 2
dgx052:184:396 [7] NCCL INFO Connected to proxy localRank 7 -> connection 0x7fa8900056c0
dgx052:178:395 [1] NCCL INFO Channel 06/0 : 9[1] -> 1[1] [receive] via NET/IBext_v8/2/GDRDMA
dgx052:178:395 [1] NCCL INFO GPU Direct RDMA Enabled for GPU 43000 / HCA 2 (distance 4 <= 4), read 0
dgx052:183:399 [6] NCCL INFO Connected to proxy localRank 6 -> connection 0x7fb7680054e0
dgx052:181:378 [4] NCCL INFO NET/IB : GPU Direct RDMA (DMABUF) enabled for HCA 5 'mlx5_6
dgx052:181:394 [4] NCCL INFO Channel 18/0 : 12[4] -> 4[4] [receive] via NET/IBext_v8/5/GDRDMA
dgx052:181:394 [4] NCCL INFO GPU Direct RDMA Enabled for GPU 9d000 / HCA 5 (distance 4 <= 4), read 0
dgx052:184:390 [7] NCCL INFO NET/IB : GPU Direct RDMA (DMABUF) enabled for HCA 9 'mlx5_11
dgx052:183:384 [6] NCCL INFO NET/IB : GPU Direct RDMA (DMABUF) enabled for HCA 8 'mlx5_10
dgx052:184:396 [7] NCCL INFO Channel 16/0 : 15[7] -> 7[7] [receive] via NET/IBext_v8/9/GDRDMA
dgx052:184:396 [7] NCCL INFO GPU Direct RDMA Enabled for GPU df000 / HCA 9 (distance 4 <= 4), read 0
dgx052:181:378 [4] NCCL INFO New proxy recv connection 19 from local rank 4, transport 2
dgx052:180:392 [3] NCCL INFO New proxy recv connection 6 from local rank 3, transport 2
dgx052:181:394 [4] NCCL INFO Connected to proxy localRank 4 -> connection 0x7f6c1c005828
dgx052:179:388 [2] NCCL INFO New proxy recv connection 6 from local rank 2, transport 2
dgx052:183:399 [6] NCCL INFO Channel 12/0 : 14[6] -> 6[6] [receive] via NET/IBext_v8/8/GDRDMA
dgx052:183:399 [6] NCCL INFO GPU Direct RDMA Enabled for GPU d1000 / HCA 8 (distance 4 <= 4), read 0
dgx052:180:397 [3] NCCL INFO Connected to proxy localRank 3 -> connection 0x7fa5c4005210
dgx052:184:390 [7] NCCL INFO New proxy recv connection 17 from local rank 7, transport 2
dgx052:179:398 [2] NCCL INFO Connected to proxy localRank 2 -> connection 0x7fae98005210
dgx052:177:386 [0] NCCL INFO NET/IB : GPU Direct RDMA (DMABUF) enabled for HCA 0 'mlx5_0
dgx052:181:378 [4] NCCL INFO NET/IB : GPU Direct RDMA (DMABUF) enabled for HCA 5 'mlx5_6
dgx052:184:396 [7] NCCL INFO Connected to proxy localRank 7 -> connection 0x7fa890005738
dgx052:178:380 [1] NCCL INFO New proxy recv connection 7 from local rank 1, transport 2
dgx052:183:384 [6] NCCL INFO New proxy recv connection 13 from local rank 6, transport 2
dgx052:181:394 [4] NCCL INFO Channel 19/0 : 12[4] -> 4[4] [receive] via NET/IBext_v8/5/GDRDMA
dgx052:181:394 [4] NCCL INFO GPU Direct RDMA Enabled for GPU 9d000 / HCA 5 (distance 4 <= 4), read 0
dgx052:177:401 [0] NCCL INFO Channel 07/0 : 8[0] -> 0[0] [receive] via NET/IBext_v8/0/GDRDMA
dgx052:177:401 [0] NCCL INFO GPU Direct RDMA Enabled for GPU 1b000 / HCA 0 (distance 4 <= 4), read 0
dgx052:178:395 [1] NCCL INFO Connected to proxy localRank 1 -> connection 0x7f01e8005288
dgx052:183:399 [6] NCCL INFO Connected to proxy localRank 6 -> connection 0x7fb768005558
dgx052:184:390 [7] NCCL INFO NET/IB : GPU Direct RDMA (DMABUF) enabled for HCA 9 'mlx5_11
dgx052:181:378 [4] NCCL INFO New proxy recv connection 20 from local rank 4, transport 2
dgx052:181:394 [4] NCCL INFO Connected to proxy localRank 4 -> connection 0x7f6c1c0058a0
dgx052:184:396 [7] NCCL INFO Channel 17/0 : 15[7] -> 7[7] [receive] via NET/IBext_v8/9/GDRDMA
dgx052:184:396 [7] NCCL INFO GPU Direct RDMA Enabled for GPU df000 / HCA 9 (distance 4 <= 4), read 0
dgx052:183:384 [6] NCCL INFO NET/IB : GPU Direct RDMA (DMABUF) enabled for HCA 8 'mlx5_10
dgx052:181:378 [4] NCCL INFO NET/IB : GPU Direct RDMA (DMABUF) enabled for HCA 5 'mlx5_6
dgx052:180:392 [3] NCCL INFO NET/IB : GPU Direct RDMA (DMABUF) enabled for HCA 4 'mlx5_5
dgx052:184:390 [7] NCCL INFO New proxy recv connection 18 from local rank 7, transport 2
dgx052:181:394 [4] NCCL INFO Channel 20/0 : 12[4] -> 4[4] [receive] via NET/IBext_v8/5/GDRDMA
dgx052:181:394 [4] NCCL INFO GPU Direct RDMA Enabled for GPU 9d000 / HCA 5 (distance 4 <= 4), read 0
dgx052:184:396 [7] NCCL INFO Connected to proxy localRank 7 -> connection 0x7fa8900057b0
dgx052:183:399 [6] NCCL INFO Channel 13/0 : 14[6] -> 6[6] [receive] via NET/IBext_v8/8/GDRDMA
dgx052:183:399 [6] NCCL INFO GPU Direct RDMA Enabled for GPU d1000 / HCA 8 (distance 4 <= 4), read 0
dgx052:180:397 [3] NCCL INFO Channel 06/0 : 11[3] -> 3[3] [receive] via NET/IBext_v8/4/GDRDMA
dgx052:180:397 [3] NCCL INFO GPU Direct RDMA Enabled for GPU 61000 / HCA 4 (distance 4 <= 4), read 0
dgx052:179:388 [2] NCCL INFO NET/IB : GPU Direct RDMA (DMABUF) enabled for HCA 3 'mlx5_4
dgx052:181:378 [4] NCCL INFO New proxy recv connection 21 from local rank 4, transport 2
dgx052:181:394 [4] NCCL INFO Connected to proxy localRank 4 -> connection 0x7f6c1c005918
dgx052:184:390 [7] NCCL INFO NET/IB : GPU Direct RDMA (DMABUF) enabled for HCA 9 'mlx5_11
dgx052:183:384 [6] NCCL INFO New proxy recv connection 14 from local rank 6, transport 2
dgx052:179:398 [2] NCCL INFO Channel 06/0 : 10[2] -> 2[2] [receive] via NET/IBext_v8/3/GDRDMA
dgx052:179:398 [2] NCCL INFO GPU Direct RDMA Enabled for GPU 52000 / HCA 3 (distance 4 <= 4), read 0
dgx052:177:386 [0] NCCL INFO New proxy recv connection 8 from local rank 0, transport 2
dgx052:184:396 [7] NCCL INFO Channel 18/0 : 15[7] -> 7[7] [receive] via NET/IBext_v8/9/GDRDMA
dgx052:178:380 [1] NCCL INFO NET/IB : GPU Direct RDMA (DMABUF) enabled for HCA 2 'mlx5_3
dgx052:184:396 [7] NCCL INFO GPU Direct RDMA Enabled for GPU df000 / HCA 9 (distance 4 <= 4), read 0
dgx052:183:399 [6] NCCL INFO Connected to proxy localRank 6 -> connection 0x7fb7680055d0
dgx052:181:378 [4] NCCL INFO NET/IB : GPU Direct RDMA (DMABUF) enabled for HCA 5 'mlx5_6
dgx052:177:401 [0] NCCL INFO Connected to proxy localRank 0 -> connection 0x7f9f1c005300
dgx052:178:395 [1] NCCL INFO Channel 07/0 : 9[1] -> 1[1] [receive] via NET/IBext_v8/2/GDRDMA
dgx052:181:394 [4] NCCL INFO Channel 21/0 : 12[4] -> 4[4] [receive] via NET/IBext_v8/5/GDRDMA
dgx052:178:395 [1] NCCL INFO GPU Direct RDMA Enabled for GPU 43000 / HCA 2 (distance 4 <= 4), read 0
dgx052:181:394 [4] NCCL INFO GPU Direct RDMA Enabled for GPU 9d000 / HCA 5 (distance 4 <= 4), read 0
dgx052:180:392 [3] NCCL INFO New proxy recv connection 7 from local rank 3, transport 2
dgx052:184:390 [7] NCCL INFO New proxy recv connection 19 from local rank 7, transport 2
dgx052:179:388 [2] NCCL INFO New proxy recv connection 7 from local rank 2, transport 2
dgx052:184:396 [7] NCCL INFO Connected to proxy localRank 7 -> connection 0x7fa890005828
dgx052:180:397 [3] NCCL INFO Connected to proxy localRank 3 -> connection 0x7fa5c4005288
dgx052:181:378 [4] NCCL INFO New proxy recv connection 22 from local rank 4, transport 2
dgx052:183:384 [6] NCCL INFO NET/IB : GPU Direct RDMA (DMABUF) enabled for HCA 8 'mlx5_10
dgx052:179:398 [2] NCCL INFO Connected to proxy localRank 2 -> connection 0x7fae98005288
dgx052:181:394 [4] NCCL INFO Connected to proxy localRank 4 -> connection 0x7f6c1c005990
dgx052:183:399 [6] NCCL INFO Channel 14/0 : 14[6] -> 6[6] [receive] via NET/IBext_v8/8/GDRDMA
dgx052:183:399 [6] NCCL INFO GPU Direct RDMA Enabled for GPU d1000 / HCA 8 (distance 4 <= 4), read 0
dgx052:184:390 [7] NCCL INFO NET/IB : GPU Direct RDMA (DMABUF) enabled for HCA 9 'mlx5_11
dgx052:181:378 [4] NCCL INFO NET/IB : GPU Direct RDMA (DMABUF) enabled for HCA 5 'mlx5_6
dgx052:184:396 [7] NCCL INFO Channel 19/0 : 15[7] -> 7[7] [receive] via NET/IBext_v8/9/GDRDMA
